[2026-07-14T06:01:14.095+0000] {taskinstance.py:1956} INFO - Dependencies all met for dep_context=non-requeueable deps ti=<TaskInstance: ecommerce_batch_pipeline.spark_enrich_seller_metrics scheduled__2026-07-13T06:00:00+00:00 [queued]>
[2026-07-14T06:01:14.101+0000] {taskinstance.py:1956} INFO - Dependencies all met for dep_context=requeueable deps ti=<TaskInstance: ecommerce_batch_pipeline.spark_enrich_seller_metrics scheduled__2026-07-13T06:00:00+00:00 [queued]>
[2026-07-14T06:01:14.101+0000] {taskinstance.py:2170} INFO - Starting attempt 1 of 2
[2026-07-14T06:01:14.109+0000] {taskinstance.py:2191} INFO - Executing <Task(BashOperator): spark_enrich_seller_metrics> on 2026-07-13 06:00:00+00:00
[2026-07-14T06:01:14.113+0000] {standard_task_runner.py:60} INFO - Started process 3330 to run task
[2026-07-14T06:01:14.116+0000] {standard_task_runner.py:87} INFO - Running: ['***', 'tasks', 'run', 'ecommerce_batch_pipeline', 'spark_enrich_seller_metrics', 'scheduled__2026-07-13T06:00:00+00:00', '--job-id', '105', '--raw', '--subdir', 'DAGS_FOLDER/ecommerce_batch_dag.py', '--cfg-path', '/tmp/tmpk7j0y4hs']
[2026-07-14T06:01:14.118+0000] {standard_task_runner.py:88} INFO - Job 105: Subtask spark_enrich_seller_metrics
[2026-07-14T06:01:14.153+0000] {task_command.py:423} INFO - Running <TaskInstance: ecommerce_batch_pipeline.spark_enrich_seller_metrics scheduled__2026-07-13T06:00:00+00:00 [running]> on host 438c62ed51de
[2026-07-14T06:01:14.199+0000] {taskinstance.py:2480} INFO - Exporting env vars: AIRFLOW_CTX_DAG_OWNER='de-team' AIRFLOW_CTX_DAG_ID='ecommerce_batch_pipeline' AIRFLOW_CTX_TASK_ID='spark_enrich_seller_metrics' AIRFLOW_CTX_EXECUTION_DATE='2026-07-13T06:00:00+00:00' AIRFLOW_CTX_TRY_NUMBER='1' AIRFLOW_CTX_DAG_RUN_ID='scheduled__2026-07-13T06:00:00+00:00'
[2026-07-14T06:01:14.201+0000] {subprocess.py:63} INFO - Tmp dir root location: /tmp
[2026-07-14T06:01:14.201+0000] {subprocess.py:75} INFO - Running command: ['/usr/bin/bash', '-c', 'python /opt/***/spark/jobs/enrich_seller_metrics.py']
[2026-07-14T06:01:14.210+0000] {subprocess.py:86} INFO - Output:
[2026-07-14T06:01:15.405+0000] {subprocess.py:93} INFO - Setting default log level to "WARN".
[2026-07-14T06:01:15.406+0000] {subprocess.py:93} INFO - To adjust logging level use sc.setLogLevel(newLevel). For SparkR, use setLogLevel(newLevel).
[2026-07-14T06:01:15.532+0000] {subprocess.py:93} INFO - 26/07/14 06:01:15 WARN NativeCodeLoader: Unable to load native-hadoop library for your platform... using builtin-java classes where applicable
[2026-07-14T06:01:22.988+0000] {subprocess.py:93} INFO - ✅ enrich_seller_metrics done — 3084 rows
[2026-07-14T06:01:23.455+0000] {subprocess.py:97} INFO - Command exited with return code 0
[2026-07-14T06:01:23.477+0000] {taskinstance.py:1138} INFO - Marking task as SUCCESS. dag_id=ecommerce_batch_pipeline, task_id=spark_enrich_seller_metrics, execution_date=20260713T060000, start_date=20260714T060114, end_date=20260714T060123
[2026-07-14T06:01:23.521+0000] {local_task_job_runner.py:234} INFO - Task exited with return code 0
[2026-07-14T06:01:23.544+0000] {taskinstance.py:3280} INFO - 1 downstream tasks scheduled from follow-on schedule check
