[2026-07-16T05:23:07.644+0000] {taskinstance.py:1956} INFO - Dependencies all met for dep_context=non-requeueable deps ti=<TaskInstance: ecommerce_batch_pipeline.spark_clean_customers scheduled__2026-07-14T06:00:00+00:00 [queued]>
[2026-07-16T05:23:07.658+0000] {taskinstance.py:1956} INFO - Dependencies all met for dep_context=requeueable deps ti=<TaskInstance: ecommerce_batch_pipeline.spark_clean_customers scheduled__2026-07-14T06:00:00+00:00 [queued]>
[2026-07-16T05:23:07.659+0000] {taskinstance.py:2170} INFO - Starting attempt 1 of 2
[2026-07-16T05:23:07.676+0000] {taskinstance.py:2191} INFO - Executing <Task(BashOperator): spark_clean_customers> on 2026-07-14 06:00:00+00:00
[2026-07-16T05:23:07.683+0000] {standard_task_runner.py:60} INFO - Started process 1377 to run task
[2026-07-16T05:23:07.687+0000] {standard_task_runner.py:87} INFO - Running: ['***', 'tasks', 'run', 'ecommerce_batch_pipeline', 'spark_clean_customers', 'scheduled__2026-07-14T06:00:00+00:00', '--job-id', '119', '--raw', '--subdir', 'DAGS_FOLDER/ecommerce_batch_dag.py', '--cfg-path', '/tmp/tmpix905a64']
[2026-07-16T05:23:07.691+0000] {standard_task_runner.py:88} INFO - Job 119: Subtask spark_clean_customers
[2026-07-16T05:23:07.763+0000] {task_command.py:423} INFO - Running <TaskInstance: ecommerce_batch_pipeline.spark_clean_customers scheduled__2026-07-14T06:00:00+00:00 [running]> on host 8cb5b5f8bf8d
[2026-07-16T05:23:07.936+0000] {taskinstance.py:2480} INFO - Exporting env vars: AIRFLOW_CTX_DAG_OWNER='de-team' AIRFLOW_CTX_DAG_ID='ecommerce_batch_pipeline' AIRFLOW_CTX_TASK_ID='spark_clean_customers' AIRFLOW_CTX_EXECUTION_DATE='2026-07-14T06:00:00+00:00' AIRFLOW_CTX_TRY_NUMBER='1' AIRFLOW_CTX_DAG_RUN_ID='scheduled__2026-07-14T06:00:00+00:00'
[2026-07-16T05:23:07.941+0000] {subprocess.py:63} INFO - Tmp dir root location: /tmp
[2026-07-16T05:23:07.944+0000] {subprocess.py:75} INFO - Running command: ['/usr/bin/bash', '-c', 'python /opt/***/spark/jobs/clean_customers.py']
[2026-07-16T05:23:07.974+0000] {subprocess.py:86} INFO - Output:
[2026-07-16T05:23:10.674+0000] {subprocess.py:93} INFO - Setting default log level to "WARN".
[2026-07-16T05:23:10.675+0000] {subprocess.py:93} INFO - To adjust logging level use sc.setLogLevel(newLevel). For SparkR, use setLogLevel(newLevel).
[2026-07-16T05:23:10.949+0000] {subprocess.py:93} INFO - 26/07/16 05:23:10 WARN NativeCodeLoader: Unable to load native-hadoop library for your platform... using builtin-java classes where applicable
[2026-07-16T05:23:12.534+0000] {subprocess.py:93} INFO - 26/07/16 05:23:12 WARN Utils: Service 'SparkUI' could not bind on port 4040. Attempting port 4041.
[2026-07-16T05:23:26.547+0000] {subprocess.py:93} INFO - [Stage 1:===================>                                       (1 + 2) / 3]                                                                                [Stage 2:>                                                          (0 + 3) / 3][Stage 2:===================>                                       (1 + 2) / 3][Stage 4:>                                                          (0 + 8) / 8]                                                                                ✅ clean_customers done — 99441 rows
[2026-07-16T05:23:27.036+0000] {subprocess.py:97} INFO - Command exited with return code 0
[2026-07-16T05:23:27.072+0000] {taskinstance.py:1138} INFO - Marking task as SUCCESS. dag_id=ecommerce_batch_pipeline, task_id=spark_clean_customers, execution_date=20260714T060000, start_date=20260716T052307, end_date=20260716T052327
[2026-07-16T05:23:27.135+0000] {local_task_job_runner.py:234} INFO - Task exited with return code 0
[2026-07-16T05:23:27.175+0000] {taskinstance.py:3280} INFO - 0 downstream tasks scheduled from follow-on schedule check
