[2026-07-13T10:16:30.392+0000] {taskinstance.py:1956} INFO - Dependencies all met for dep_context=non-requeueable deps ti=<TaskInstance: ecommerce_batch_pipeline.spark_clean_customers scheduled__2026-07-12T06:00:00+00:00 [queued]>
[2026-07-13T10:16:30.410+0000] {taskinstance.py:1956} INFO - Dependencies all met for dep_context=requeueable deps ti=<TaskInstance: ecommerce_batch_pipeline.spark_clean_customers scheduled__2026-07-12T06:00:00+00:00 [queued]>
[2026-07-13T10:16:30.411+0000] {taskinstance.py:2170} INFO - Starting attempt 2 of 2
[2026-07-13T10:16:30.445+0000] {taskinstance.py:2191} INFO - Executing <Task(BashOperator): spark_clean_customers> on 2026-07-12 06:00:00+00:00
[2026-07-13T10:16:30.465+0000] {standard_task_runner.py:60} INFO - Started process 114 to run task
[2026-07-13T10:16:30.483+0000] {standard_task_runner.py:87} INFO - Running: ['***', 'tasks', 'run', 'ecommerce_batch_pipeline', 'spark_clean_customers', 'scheduled__2026-07-12T06:00:00+00:00', '--job-id', '114', '--raw', '--subdir', 'DAGS_FOLDER/ecommerce_batch_dag.py', '--cfg-path', '/tmp/tmpd35ba1p0']
[2026-07-13T10:16:30.491+0000] {standard_task_runner.py:88} INFO - Job 114: Subtask spark_clean_customers
[2026-07-13T10:16:30.675+0000] {task_command.py:423} INFO - Running <TaskInstance: ecommerce_batch_pipeline.spark_clean_customers scheduled__2026-07-12T06:00:00+00:00 [running]> on host 3b28fe8418c7
[2026-07-13T10:16:30.888+0000] {taskinstance.py:2480} INFO - Exporting env vars: AIRFLOW_CTX_DAG_OWNER='de-team' AIRFLOW_CTX_DAG_ID='ecommerce_batch_pipeline' AIRFLOW_CTX_TASK_ID='spark_clean_customers' AIRFLOW_CTX_EXECUTION_DATE='2026-07-12T06:00:00+00:00' AIRFLOW_CTX_TRY_NUMBER='2' AIRFLOW_CTX_DAG_RUN_ID='scheduled__2026-07-12T06:00:00+00:00'
[2026-07-13T10:16:30.894+0000] {subprocess.py:63} INFO - Tmp dir root location: /tmp
[2026-07-13T10:16:30.896+0000] {subprocess.py:75} INFO - Running command: ['/usr/bin/bash', '-c', 'python /opt/***/spark/jobs/clean_customers.py']
[2026-07-13T10:16:30.928+0000] {subprocess.py:86} INFO - Output:
[2026-07-13T10:16:46.021+0000] {job.py:213} ERROR - Job heartbeat got an exception
Traceback (most recent call last):
  File "/home/airflow/.local/lib/python3.8/site-packages/sqlalchemy/engine/base.py", line 3371, in _wrap_pool_connect
    return fn()
  File "/home/airflow/.local/lib/python3.8/site-packages/sqlalchemy/pool/base.py", line 327, in connect
    return _ConnectionFairy._checkout(self)
  File "/home/airflow/.local/lib/python3.8/site-packages/sqlalchemy/pool/base.py", line 894, in _checkout
    fairy = _ConnectionRecord.checkout(pool)
  File "/home/airflow/.local/lib/python3.8/site-packages/sqlalchemy/pool/base.py", line 493, in checkout
    rec = pool._do_get()
  File "/home/airflow/.local/lib/python3.8/site-packages/sqlalchemy/pool/impl.py", line 256, in _do_get
    return self._create_connection()
  File "/home/airflow/.local/lib/python3.8/site-packages/sqlalchemy/pool/base.py", line 273, in _create_connection
    return _ConnectionRecord(self)
  File "/home/airflow/.local/lib/python3.8/site-packages/sqlalchemy/pool/base.py", line 388, in __init__
    self.__connect()
  File "/home/airflow/.local/lib/python3.8/site-packages/sqlalchemy/pool/base.py", line 691, in __connect
    pool.logger.debug("Error on connect(): %s", e)
  File "/home/airflow/.local/lib/python3.8/site-packages/sqlalchemy/util/langhelpers.py", line 70, in __exit__
    compat.raise_(
  File "/home/airflow/.local/lib/python3.8/site-packages/sqlalchemy/util/compat.py", line 211, in raise_
    raise exception
  File "/home/airflow/.local/lib/python3.8/site-packages/sqlalchemy/pool/base.py", line 686, in __connect
    self.dbapi_connection = connection = pool._invoke_creator(self)
  File "/home/airflow/.local/lib/python3.8/site-packages/sqlalchemy/engine/create.py", line 574, in connect
    return dialect.connect(*cargs, **cparams)
  File "/home/airflow/.local/lib/python3.8/site-packages/sqlalchemy/engine/default.py", line 598, in connect
    return self.dbapi.connect(*cargs, **cparams)
  File "/home/airflow/.local/lib/python3.8/site-packages/psycopg2/__init__.py", line 122, in connect
    conn = _connect(dsn, connection_factory=connection_factory, **kwasync)
psycopg2.OperationalError: could not translate host name "postgres" to address: Temporary failure in name resolution


The above exception was the direct cause of the following exception:

Traceback (most recent call last):
  File "/home/airflow/.local/lib/python3.8/site-packages/airflow/jobs/job.py", line 187, in heartbeat
    self._merge_from(Job._fetch_from_db(self, session))
  File "/home/airflow/.local/lib/python3.8/site-packages/airflow/api_internal/internal_api_call.py", line 114, in wrapper
    return func(*args, **kwargs)
  File "/home/airflow/.local/lib/python3.8/site-packages/airflow/utils/session.py", line 76, in wrapper
    return func(*args, **kwargs)
  File "/home/airflow/.local/lib/python3.8/site-packages/airflow/jobs/job.py", line 308, in _fetch_from_db
    session.merge(job)
  File "/home/airflow/.local/lib/python3.8/site-packages/sqlalchemy/orm/session.py", line 3056, in merge
    return self._merge(
  File "/home/airflow/.local/lib/python3.8/site-packages/sqlalchemy/orm/session.py", line 3136, in _merge
    merged = self.get(
  File "/home/airflow/.local/lib/python3.8/site-packages/sqlalchemy/orm/session.py", line 2853, in get
    return self._get_impl(
  File "/home/airflow/.local/lib/python3.8/site-packages/sqlalchemy/orm/session.py", line 2975, in _get_impl
    return db_load_fn(
  File "/home/airflow/.local/lib/python3.8/site-packages/sqlalchemy/orm/loading.py", line 530, in load_on_pk_identity
    session.execute(
  File "/home/airflow/.local/lib/python3.8/site-packages/sqlalchemy/orm/session.py", line 1716, in execute
    conn = self._connection_for_bind(bind)
  File "/home/airflow/.local/lib/python3.8/site-packages/sqlalchemy/orm/session.py", line 1555, in _connection_for_bind
    return self._transaction._connection_for_bind(
  File "/home/airflow/.local/lib/python3.8/site-packages/sqlalchemy/orm/session.py", line 750, in _connection_for_bind
    conn = bind.connect()
  File "/home/airflow/.local/lib/python3.8/site-packages/sqlalchemy/future/engine.py", line 412, in connect
    return super(Engine, self).connect()
  File "/home/airflow/.local/lib/python3.8/site-packages/sqlalchemy/engine/base.py", line 3325, in connect
    return self._connection_cls(self, close_with_result=close_with_result)
  File "/home/airflow/.local/lib/python3.8/site-packages/sqlalchemy/engine/base.py", line 96, in __init__
    else engine.raw_connection()
  File "/home/airflow/.local/lib/python3.8/site-packages/sqlalchemy/engine/base.py", line 3404, in raw_connection
    return self._wrap_pool_connect(self.pool.connect, _connection)
  File "/home/airflow/.local/lib/python3.8/site-packages/sqlalchemy/engine/base.py", line 3374, in _wrap_pool_connect
    Connection._handle_dbapi_exception_noconnection(
  File "/home/airflow/.local/lib/python3.8/site-packages/sqlalchemy/engine/base.py", line 2208, in _handle_dbapi_exception_noconnection
    util.raise_(
  File "/home/airflow/.local/lib/python3.8/site-packages/sqlalchemy/util/compat.py", line 211, in raise_
    raise exception
  File "/home/airflow/.local/lib/python3.8/site-packages/sqlalchemy/engine/base.py", line 3371, in _wrap_pool_connect
    return fn()
  File "/home/airflow/.local/lib/python3.8/site-packages/sqlalchemy/pool/base.py", line 327, in connect
    return _ConnectionFairy._checkout(self)
  File "/home/airflow/.local/lib/python3.8/site-packages/sqlalchemy/pool/base.py", line 894, in _checkout
    fairy = _ConnectionRecord.checkout(pool)
  File "/home/airflow/.local/lib/python3.8/site-packages/sqlalchemy/pool/base.py", line 493, in checkout
    rec = pool._do_get()
  File "/home/airflow/.local/lib/python3.8/site-packages/sqlalchemy/pool/impl.py", line 256, in _do_get
    return self._create_connection()
  File "/home/airflow/.local/lib/python3.8/site-packages/sqlalchemy/pool/base.py", line 273, in _create_connection
    return _ConnectionRecord(self)
  File "/home/airflow/.local/lib/python3.8/site-packages/sqlalchemy/pool/base.py", line 388, in __init__
    self.__connect()
  File "/home/airflow/.local/lib/python3.8/site-packages/sqlalchemy/pool/base.py", line 691, in __connect
    pool.logger.debug("Error on connect(): %s", e)
  File "/home/airflow/.local/lib/python3.8/site-packages/sqlalchemy/util/langhelpers.py", line 70, in __exit__
    compat.raise_(
  File "/home/airflow/.local/lib/python3.8/site-packages/sqlalchemy/util/compat.py", line 211, in raise_
    raise exception
  File "/home/airflow/.local/lib/python3.8/site-packages/sqlalchemy/pool/base.py", line 686, in __connect
    self.dbapi_connection = connection = pool._invoke_creator(self)
  File "/home/airflow/.local/lib/python3.8/site-packages/sqlalchemy/engine/create.py", line 574, in connect
    return dialect.connect(*cargs, **cparams)
  File "/home/airflow/.local/lib/python3.8/site-packages/sqlalchemy/engine/default.py", line 598, in connect
    return self.dbapi.connect(*cargs, **cparams)
  File "/home/airflow/.local/lib/python3.8/site-packages/psycopg2/__init__.py", line 122, in connect
    conn = _connect(dsn, connection_factory=connection_factory, **kwasync)
sqlalchemy.exc.OperationalError: (psycopg2.OperationalError) could not translate host name "postgres" to address: Temporary failure in name resolution

(Background on this error at: https://sqlalche.me/e/14/e3q8)
[2026-07-13T10:19:39.416+0000] {job.py:221} ERROR - Job heartbeat failed with error. Scheduler is in unhealthy state
[2026-07-13T10:20:01.135+0000] {job.py:221} ERROR - Job heartbeat failed with error. Scheduler is in unhealthy state
[2026-07-13T10:25:00.818+0000] {job.py:221} ERROR - Job heartbeat failed with error. Scheduler is in unhealthy state
[2026-07-13T10:25:04.102+0000] {local_task_job_runner.py:211} ERROR - Heartbeat time limit exceeded!
[2026-07-13T10:25:04.114+0000] {process_utils.py:131} INFO - Sending 15 to group 114. PIDs of all processes in the group: [123, 277, 114]
[2026-07-13T10:25:04.115+0000] {process_utils.py:86} INFO - Sending the signal 15 to group 114
[2026-07-13T10:25:04.117+0000] {taskinstance.py:2450} ERROR - Received SIGTERM. Terminating subprocesses.
[2026-07-13T10:25:04.120+0000] {subprocess.py:104} INFO - Sending SIGTERM signal to process group
[2026-07-13T10:25:04.731+0000] {process_utils.py:79} INFO - Process psutil.Process(pid=277, status='terminated', started='10:16:31') (277) terminated with exit code None
[2026-07-13T10:25:06.095+0000] {taskinstance.py:2698} ERROR - Task failed with exception
Traceback (most recent call last):
  File "/home/airflow/.local/lib/python3.8/site-packages/airflow/models/taskinstance.py", line 433, in _execute_task
    result = execute_callable(context=context, **execute_callable_kwargs)
  File "/home/airflow/.local/lib/python3.8/site-packages/airflow/operators/bash.py", line 203, in execute
    result = self.subprocess_hook.run_command(
  File "/home/airflow/.local/lib/python3.8/site-packages/airflow/hooks/subprocess.py", line 91, in run_command
    for raw_line in iter(self.sub_process.stdout.readline, b""):
  File "/home/airflow/.local/lib/python3.8/site-packages/airflow/models/taskinstance.py", line 2452, in signal_handler
    raise AirflowException("Task received SIGTERM signal")
airflow.exceptions.AirflowException: Task received SIGTERM signal
[2026-07-13T10:25:06.105+0000] {taskinstance.py:1138} INFO - Marking task as FAILED. dag_id=ecommerce_batch_pipeline, task_id=spark_clean_customers, execution_date=20260712T060000, start_date=20260713T101630, end_date=20260713T102506
[2026-07-13T10:25:06.180+0000] {standard_task_runner.py:107} ERROR - Failed to execute job 114 for task spark_clean_customers (Task received SIGTERM signal; 114)
[2026-07-13T10:25:06.254+0000] {process_utils.py:79} INFO - Process psutil.Process(pid=114, status='terminated', exitcode=1, started='10:16:30') (114) terminated with exit code 1
[2026-07-13T10:25:06.256+0000] {process_utils.py:79} INFO - Process psutil.Process(pid=123, status='terminated', started='10:16:30') (123) terminated with exit code None
[2026-07-13T10:50:23.120+0000] {taskinstance.py:1956} INFO - Dependencies all met for dep_context=non-requeueable deps ti=<TaskInstance: ecommerce_batch_pipeline.spark_clean_customers scheduled__2026-07-12T06:00:00+00:00 [queued]>
[2026-07-13T10:50:23.131+0000] {taskinstance.py:1956} INFO - Dependencies all met for dep_context=requeueable deps ti=<TaskInstance: ecommerce_batch_pipeline.spark_clean_customers scheduled__2026-07-12T06:00:00+00:00 [queued]>
[2026-07-13T10:50:23.132+0000] {taskinstance.py:2170} INFO - Starting attempt 2 of 2
[2026-07-13T10:50:23.148+0000] {taskinstance.py:2191} INFO - Executing <Task(BashOperator): spark_clean_customers> on 2026-07-12 06:00:00+00:00
[2026-07-13T10:50:23.156+0000] {standard_task_runner.py:60} INFO - Started process 2657 to run task
[2026-07-13T10:50:23.160+0000] {standard_task_runner.py:87} INFO - Running: ['***', 'tasks', 'run', 'ecommerce_batch_pipeline', 'spark_clean_customers', 'scheduled__2026-07-12T06:00:00+00:00', '--job-id', '23', '--raw', '--subdir', 'DAGS_FOLDER/ecommerce_batch_dag.py', '--cfg-path', '/tmp/tmpxl2v0f4t']
[2026-07-13T10:50:23.163+0000] {standard_task_runner.py:88} INFO - Job 23: Subtask spark_clean_customers
[2026-07-13T10:50:23.241+0000] {task_command.py:423} INFO - Running <TaskInstance: ecommerce_batch_pipeline.spark_clean_customers scheduled__2026-07-12T06:00:00+00:00 [running]> on host 4860064ad401
[2026-07-13T10:50:23.394+0000] {taskinstance.py:2480} INFO - Exporting env vars: AIRFLOW_CTX_DAG_OWNER='de-team' AIRFLOW_CTX_DAG_ID='ecommerce_batch_pipeline' AIRFLOW_CTX_TASK_ID='spark_clean_customers' AIRFLOW_CTX_EXECUTION_DATE='2026-07-12T06:00:00+00:00' AIRFLOW_CTX_TRY_NUMBER='2' AIRFLOW_CTX_DAG_RUN_ID='scheduled__2026-07-12T06:00:00+00:00'
[2026-07-13T10:50:23.397+0000] {subprocess.py:63} INFO - Tmp dir root location: /tmp
[2026-07-13T10:50:23.400+0000] {subprocess.py:75} INFO - Running command: ['/usr/bin/bash', '-c', 'python /opt/***/spark/jobs/clean_customers.py']
[2026-07-13T10:50:23.434+0000] {subprocess.py:86} INFO - Output:
[2026-07-13T10:50:27.509+0000] {subprocess.py:93} INFO - Setting default log level to "WARN".
[2026-07-13T10:50:27.510+0000] {subprocess.py:93} INFO - To adjust logging level use sc.setLogLevel(newLevel). For SparkR, use setLogLevel(newLevel).
[2026-07-13T10:50:28.343+0000] {subprocess.py:93} INFO - 26/07/13 10:50:28 WARN NativeCodeLoader: Unable to load native-hadoop library for your platform... using builtin-java classes where applicable
[2026-07-13T10:50:30.307+0000] {subprocess.py:93} INFO - 26/07/13 10:50:30 WARN Utils: Service 'SparkUI' could not bind on port 4040. Attempting port 4041.
[2026-07-13T10:50:30.309+0000] {subprocess.py:93} INFO - 26/07/13 10:50:30 WARN Utils: Service 'SparkUI' could not bind on port 4041. Attempting port 4042.
[2026-07-13T10:50:30.310+0000] {subprocess.py:93} INFO - 26/07/13 10:50:30 WARN Utils: Service 'SparkUI' could not bind on port 4042. Attempting port 4043.
[2026-07-13T10:50:30.310+0000] {subprocess.py:93} INFO - 26/07/13 10:50:30 WARN Utils: Service 'SparkUI' could not bind on port 4043. Attempting port 4044.
[2026-07-13T10:50:30.311+0000] {subprocess.py:93} INFO - 26/07/13 10:50:30 WARN Utils: Service 'SparkUI' could not bind on port 4044. Attempting port 4045.
[2026-07-13T10:50:30.314+0000] {subprocess.py:93} INFO - 26/07/13 10:50:30 WARN Utils: Service 'SparkUI' could not bind on port 4045. Attempting port 4046.
[2026-07-13T10:50:34.728+0000] {subprocess.py:93} INFO - Traceback (most recent call last):
[2026-07-13T10:50:34.728+0000] {subprocess.py:93} INFO -   File "/opt/***/spark/jobs/clean_customers.py", line 11, in <module>
[2026-07-13T10:50:34.729+0000] {subprocess.py:93} INFO -     df = spark.read.csv(
[2026-07-13T10:50:34.729+0000] {subprocess.py:93} INFO -   File "/home/***/.local/lib/python3.8/site-packages/pyspark/sql/readwriter.py", line 740, in csv
[2026-07-13T10:50:34.729+0000] {subprocess.py:93} INFO -     return self._df(self._jreader.csv(self._spark._sc._jvm.PythonUtils.toSeq(path)))
[2026-07-13T10:50:34.729+0000] {subprocess.py:93} INFO -   File "/home/***/.local/lib/python3.8/site-packages/py4j/java_gateway.py", line 1362, in __call__
[2026-07-13T10:50:34.729+0000] {subprocess.py:93} INFO -     return_value = get_return_value(
[2026-07-13T10:50:34.729+0000] {subprocess.py:93} INFO -   File "/home/***/.local/lib/python3.8/site-packages/pyspark/errors/exceptions/captured.py", line 185, in deco
[2026-07-13T10:50:34.729+0000] {subprocess.py:93} INFO -     raise converted from None
[2026-07-13T10:50:34.730+0000] {subprocess.py:93} INFO - pyspark.errors.exceptions.captured.AnalysisException: [PATH_NOT_FOUND] Path does not exist: file:/tmp/***tmphkdfl7gv/data/raw/olist_customers_dataset.csv.
[2026-07-13T10:50:35.278+0000] {subprocess.py:97} INFO - Command exited with return code 1
[2026-07-13T10:50:35.293+0000] {taskinstance.py:2698} ERROR - Task failed with exception
Traceback (most recent call last):
  File "/home/airflow/.local/lib/python3.8/site-packages/airflow/models/taskinstance.py", line 433, in _execute_task
    result = execute_callable(context=context, **execute_callable_kwargs)
  File "/home/airflow/.local/lib/python3.8/site-packages/airflow/operators/bash.py", line 212, in execute
    raise AirflowException(
airflow.exceptions.AirflowException: Bash command failed. The command returned a non-zero exit code 1.
[2026-07-13T10:50:35.297+0000] {taskinstance.py:1138} INFO - Marking task as FAILED. dag_id=ecommerce_batch_pipeline, task_id=spark_clean_customers, execution_date=20260712T060000, start_date=20260713T105023, end_date=20260713T105035
[2026-07-13T10:50:35.313+0000] {standard_task_runner.py:107} ERROR - Failed to execute job 23 for task spark_clean_customers (Bash command failed. The command returned a non-zero exit code 1.; 2657)
[2026-07-13T10:50:35.333+0000] {local_task_job_runner.py:234} INFO - Task exited with return code 1
[2026-07-13T10:50:35.355+0000] {taskinstance.py:3280} INFO - 0 downstream tasks scheduled from follow-on schedule check
[2026-07-13T11:24:52.033+0000] {taskinstance.py:1956} INFO - Dependencies all met for dep_context=non-requeueable deps ti=<TaskInstance: ecommerce_batch_pipeline.spark_clean_customers scheduled__2026-07-12T06:00:00+00:00 [queued]>
[2026-07-13T11:24:52.041+0000] {taskinstance.py:1956} INFO - Dependencies all met for dep_context=requeueable deps ti=<TaskInstance: ecommerce_batch_pipeline.spark_clean_customers scheduled__2026-07-12T06:00:00+00:00 [queued]>
[2026-07-13T11:24:52.042+0000] {taskinstance.py:2170} INFO - Starting attempt 2 of 2
[2026-07-13T11:24:52.056+0000] {taskinstance.py:2191} INFO - Executing <Task(BashOperator): spark_clean_customers> on 2026-07-12 06:00:00+00:00
[2026-07-13T11:24:52.064+0000] {standard_task_runner.py:60} INFO - Started process 2856 to run task
[2026-07-13T11:24:52.068+0000] {standard_task_runner.py:87} INFO - Running: ['***', 'tasks', 'run', 'ecommerce_batch_pipeline', 'spark_clean_customers', 'scheduled__2026-07-12T06:00:00+00:00', '--job-id', '21', '--raw', '--subdir', 'DAGS_FOLDER/ecommerce_batch_dag.py', '--cfg-path', '/tmp/tmpmap6ecu7']
[2026-07-13T11:24:52.071+0000] {standard_task_runner.py:88} INFO - Job 21: Subtask spark_clean_customers
[2026-07-13T11:24:52.147+0000] {task_command.py:423} INFO - Running <TaskInstance: ecommerce_batch_pipeline.spark_clean_customers scheduled__2026-07-12T06:00:00+00:00 [running]> on host 06b563078c53
[2026-07-13T11:24:52.252+0000] {taskinstance.py:2480} INFO - Exporting env vars: AIRFLOW_CTX_DAG_OWNER='de-team' AIRFLOW_CTX_DAG_ID='ecommerce_batch_pipeline' AIRFLOW_CTX_TASK_ID='spark_clean_customers' AIRFLOW_CTX_EXECUTION_DATE='2026-07-12T06:00:00+00:00' AIRFLOW_CTX_TRY_NUMBER='2' AIRFLOW_CTX_DAG_RUN_ID='scheduled__2026-07-12T06:00:00+00:00'
[2026-07-13T11:24:52.254+0000] {subprocess.py:63} INFO - Tmp dir root location: /tmp
[2026-07-13T11:24:52.255+0000] {subprocess.py:75} INFO - Running command: ['/usr/bin/bash', '-c', 'python /opt/***/spark/jobs/clean_customers.py']
[2026-07-13T11:24:52.274+0000] {subprocess.py:86} INFO - Output:
[2026-07-13T11:24:56.855+0000] {subprocess.py:93} INFO - Setting default log level to "WARN".
[2026-07-13T11:24:56.856+0000] {subprocess.py:93} INFO - To adjust logging level use sc.setLogLevel(newLevel). For SparkR, use setLogLevel(newLevel).
[2026-07-13T11:24:57.293+0000] {subprocess.py:93} INFO - 26/07/13 11:24:57 WARN NativeCodeLoader: Unable to load native-hadoop library for your platform... using builtin-java classes where applicable
[2026-07-13T11:25:00.334+0000] {subprocess.py:93} INFO - 26/07/13 11:25:00 WARN Utils: Service 'SparkUI' could not bind on port 4040. Attempting port 4041.
[2026-07-13T11:25:00.335+0000] {subprocess.py:93} INFO - 26/07/13 11:25:00 WARN Utils: Service 'SparkUI' could not bind on port 4041. Attempting port 4042.
[2026-07-13T11:25:00.335+0000] {subprocess.py:93} INFO - 26/07/13 11:25:00 WARN Utils: Service 'SparkUI' could not bind on port 4042. Attempting port 4043.
[2026-07-13T11:25:00.340+0000] {subprocess.py:93} INFO - 26/07/13 11:25:00 WARN Utils: Service 'SparkUI' could not bind on port 4043. Attempting port 4044.
[2026-07-13T11:25:00.341+0000] {subprocess.py:93} INFO - 26/07/13 11:25:00 WARN Utils: Service 'SparkUI' could not bind on port 4044. Attempting port 4045.
[2026-07-13T11:25:05.865+0000] {subprocess.py:93} INFO - Traceback (most recent call last):
[2026-07-13T11:25:05.866+0000] {subprocess.py:93} INFO -   File "/opt/***/spark/jobs/clean_customers.py", line 11, in <module>
[2026-07-13T11:25:05.867+0000] {subprocess.py:93} INFO -     df = spark.read.csv(
[2026-07-13T11:25:05.867+0000] {subprocess.py:93} INFO -   File "/home/***/.local/lib/python3.8/site-packages/pyspark/sql/readwriter.py", line 740, in csv
[2026-07-13T11:25:05.867+0000] {subprocess.py:93} INFO -     return self._df(self._jreader.csv(self._spark._sc._jvm.PythonUtils.toSeq(path)))
[2026-07-13T11:25:05.867+0000] {subprocess.py:93} INFO -   File "/home/***/.local/lib/python3.8/site-packages/py4j/java_gateway.py", line 1362, in __call__
[2026-07-13T11:25:05.867+0000] {subprocess.py:93} INFO -     return_value = get_return_value(
[2026-07-13T11:25:05.868+0000] {subprocess.py:93} INFO -   File "/home/***/.local/lib/python3.8/site-packages/pyspark/errors/exceptions/captured.py", line 185, in deco
[2026-07-13T11:25:05.868+0000] {subprocess.py:93} INFO -     raise converted from None
[2026-07-13T11:25:05.868+0000] {subprocess.py:93} INFO - pyspark.errors.exceptions.captured.AnalysisException: [PATH_NOT_FOUND] Path does not exist: file:/tmp/***tmpwdzvo7xu/data/raw/olist_customers_dataset.csv.
[2026-07-13T11:25:06.596+0000] {subprocess.py:97} INFO - Command exited with return code 1
[2026-07-13T11:25:06.613+0000] {taskinstance.py:2698} ERROR - Task failed with exception
Traceback (most recent call last):
  File "/home/airflow/.local/lib/python3.8/site-packages/airflow/models/taskinstance.py", line 433, in _execute_task
    result = execute_callable(context=context, **execute_callable_kwargs)
  File "/home/airflow/.local/lib/python3.8/site-packages/airflow/operators/bash.py", line 212, in execute
    raise AirflowException(
airflow.exceptions.AirflowException: Bash command failed. The command returned a non-zero exit code 1.
[2026-07-13T11:25:06.622+0000] {taskinstance.py:1138} INFO - Marking task as FAILED. dag_id=ecommerce_batch_pipeline, task_id=spark_clean_customers, execution_date=20260712T060000, start_date=20260713T112452, end_date=20260713T112506
[2026-07-13T11:25:06.651+0000] {standard_task_runner.py:107} ERROR - Failed to execute job 21 for task spark_clean_customers (Bash command failed. The command returned a non-zero exit code 1.; 2856)
[2026-07-13T11:25:06.669+0000] {local_task_job_runner.py:234} INFO - Task exited with return code 1
[2026-07-13T11:25:06.695+0000] {taskinstance.py:3280} INFO - 0 downstream tasks scheduled from follow-on schedule check
