[2026-07-14T06:00:57.631+0000] {taskinstance.py:1956} INFO - Dependencies all met for dep_context=non-requeueable deps ti=<TaskInstance: ecommerce_batch_pipeline.spark_enrich_customer_metrics scheduled__2026-07-13T06:00:00+00:00 [queued]>
[2026-07-14T06:00:57.637+0000] {taskinstance.py:1956} INFO - Dependencies all met for dep_context=requeueable deps ti=<TaskInstance: ecommerce_batch_pipeline.spark_enrich_customer_metrics scheduled__2026-07-13T06:00:00+00:00 [queued]>
[2026-07-14T06:00:57.638+0000] {taskinstance.py:2170} INFO - Starting attempt 1 of 2
[2026-07-14T06:00:57.645+0000] {taskinstance.py:2191} INFO - Executing <Task(BashOperator): spark_enrich_customer_metrics> on 2026-07-13 06:00:00+00:00
[2026-07-14T06:00:57.650+0000] {standard_task_runner.py:60} INFO - Started process 2580 to run task
[2026-07-14T06:00:57.652+0000] {standard_task_runner.py:87} INFO - Running: ['***', 'tasks', 'run', 'ecommerce_batch_pipeline', 'spark_enrich_customer_metrics', 'scheduled__2026-07-13T06:00:00+00:00', '--job-id', '104', '--raw', '--subdir', 'DAGS_FOLDER/ecommerce_batch_dag.py', '--cfg-path', '/tmp/tmpf1wgq_se']
[2026-07-14T06:00:57.654+0000] {standard_task_runner.py:88} INFO - Job 104: Subtask spark_enrich_customer_metrics
[2026-07-14T06:00:57.688+0000] {task_command.py:423} INFO - Running <TaskInstance: ecommerce_batch_pipeline.spark_enrich_customer_metrics scheduled__2026-07-13T06:00:00+00:00 [running]> on host 438c62ed51de
[2026-07-14T06:00:57.735+0000] {taskinstance.py:2480} INFO - Exporting env vars: AIRFLOW_CTX_DAG_OWNER='de-team' AIRFLOW_CTX_DAG_ID='ecommerce_batch_pipeline' AIRFLOW_CTX_TASK_ID='spark_enrich_customer_metrics' AIRFLOW_CTX_EXECUTION_DATE='2026-07-13T06:00:00+00:00' AIRFLOW_CTX_TRY_NUMBER='1' AIRFLOW_CTX_DAG_RUN_ID='scheduled__2026-07-13T06:00:00+00:00'
[2026-07-14T06:00:57.737+0000] {subprocess.py:63} INFO - Tmp dir root location: /tmp
[2026-07-14T06:00:57.738+0000] {subprocess.py:75} INFO - Running command: ['/usr/bin/bash', '-c', 'python /opt/***/spark/jobs/enrich_customer_metrics.py']
[2026-07-14T06:00:57.746+0000] {subprocess.py:86} INFO - Output:
[2026-07-14T06:00:59.183+0000] {subprocess.py:93} INFO - Setting default log level to "WARN".
[2026-07-14T06:00:59.184+0000] {subprocess.py:93} INFO - To adjust logging level use sc.setLogLevel(newLevel). For SparkR, use setLogLevel(newLevel).
[2026-07-14T06:00:59.417+0000] {subprocess.py:93} INFO - 26/07/14 06:00:59 WARN NativeCodeLoader: Unable to load native-hadoop library for your platform... using builtin-java classes where applicable
[2026-07-14T06:01:00.089+0000] {subprocess.py:93} INFO - 26/07/14 06:01:00 WARN Utils: Service 'SparkUI' could not bind on port 4040. Attempting port 4041.
[2026-07-14T06:01:09.887+0000] {subprocess.py:93} INFO - [Stage 1:>                                                        (0 + 10) / 10][Stage 1:=================>                                        (3 + 7) / 10][Stage 3:>                                                          (0 + 5) / 5]                                                                                [Stage 4:=====>                                                    (1 + 9) / 10][Stage 4:==================================>                       (6 + 4) / 10]                                                                                ✅ enrich_customer_metrics done — 96478 rows
[2026-07-14T06:01:10.427+0000] {subprocess.py:97} INFO - Command exited with return code 0
[2026-07-14T06:01:10.478+0000] {taskinstance.py:1138} INFO - Marking task as SUCCESS. dag_id=ecommerce_batch_pipeline, task_id=spark_enrich_customer_metrics, execution_date=20260713T060000, start_date=20260714T060057, end_date=20260714T060110
[2026-07-14T06:01:10.527+0000] {local_task_job_runner.py:234} INFO - Task exited with return code 0
[2026-07-14T06:01:10.584+0000] {taskinstance.py:3280} INFO - 0 downstream tasks scheduled from follow-on schedule check
