[2026-07-16T05:24:27.263+0000] {taskinstance.py:1956} INFO - Dependencies all met for dep_context=non-requeueable deps ti=<TaskInstance: ecommerce_batch_pipeline.spark_enrich_seller_metrics scheduled__2026-07-14T06:00:00+00:00 [queued]>
[2026-07-16T05:24:27.275+0000] {taskinstance.py:1956} INFO - Dependencies all met for dep_context=requeueable deps ti=<TaskInstance: ecommerce_batch_pipeline.spark_enrich_seller_metrics scheduled__2026-07-14T06:00:00+00:00 [queued]>
[2026-07-16T05:24:27.275+0000] {taskinstance.py:2170} INFO - Starting attempt 1 of 2
[2026-07-16T05:24:27.290+0000] {taskinstance.py:2191} INFO - Executing <Task(BashOperator): spark_enrich_seller_metrics> on 2026-07-14 06:00:00+00:00
[2026-07-16T05:24:27.297+0000] {standard_task_runner.py:60} INFO - Started process 2978 to run task
[2026-07-16T05:24:27.302+0000] {standard_task_runner.py:87} INFO - Running: ['***', 'tasks', 'run', 'ecommerce_batch_pipeline', 'spark_enrich_seller_metrics', 'scheduled__2026-07-14T06:00:00+00:00', '--job-id', '123', '--raw', '--subdir', 'DAGS_FOLDER/ecommerce_batch_dag.py', '--cfg-path', '/tmp/tmpohugo2of']
[2026-07-16T05:24:27.306+0000] {standard_task_runner.py:88} INFO - Job 123: Subtask spark_enrich_seller_metrics
[2026-07-16T05:24:27.365+0000] {task_command.py:423} INFO - Running <TaskInstance: ecommerce_batch_pipeline.spark_enrich_seller_metrics scheduled__2026-07-14T06:00:00+00:00 [running]> on host 8cb5b5f8bf8d
[2026-07-16T05:24:27.459+0000] {taskinstance.py:2480} INFO - Exporting env vars: AIRFLOW_CTX_DAG_OWNER='de-team' AIRFLOW_CTX_DAG_ID='ecommerce_batch_pipeline' AIRFLOW_CTX_TASK_ID='spark_enrich_seller_metrics' AIRFLOW_CTX_EXECUTION_DATE='2026-07-14T06:00:00+00:00' AIRFLOW_CTX_TRY_NUMBER='1' AIRFLOW_CTX_DAG_RUN_ID='scheduled__2026-07-14T06:00:00+00:00'
[2026-07-16T05:24:27.462+0000] {subprocess.py:63} INFO - Tmp dir root location: /tmp
[2026-07-16T05:24:27.463+0000] {subprocess.py:75} INFO - Running command: ['/usr/bin/bash', '-c', 'python /opt/***/spark/jobs/enrich_seller_metrics.py']
[2026-07-16T05:24:27.477+0000] {subprocess.py:86} INFO - Output:
[2026-07-16T05:24:30.825+0000] {subprocess.py:93} INFO - Setting default log level to "WARN".
[2026-07-16T05:24:30.825+0000] {subprocess.py:93} INFO - To adjust logging level use sc.setLogLevel(newLevel). For SparkR, use setLogLevel(newLevel).
[2026-07-16T05:24:31.232+0000] {subprocess.py:93} INFO - 26/07/16 05:24:31 WARN NativeCodeLoader: Unable to load native-hadoop library for your platform... using builtin-java classes where applicable
[2026-07-16T05:24:48.758+0000] {subprocess.py:93} INFO - [Stage 0:>                                                          (0 + 1) / 1]                                                                                [Stage 2:>                                                        (0 + 12) / 12][Stage 2:====>                                                    (1 + 11) / 12]                                                                                [Stage 3:>                                                        (0 + 10) / 10][Stage 5:>                                                          (0 + 1) / 1]                                                                                [Stage 6:===========>                                              (2 + 8) / 10]                                                                                ✅ enrich_seller_metrics done — 3084 rows
[2026-07-16T05:24:49.328+0000] {subprocess.py:97} INFO - Command exited with return code 0
[2026-07-16T05:24:49.381+0000] {taskinstance.py:1138} INFO - Marking task as SUCCESS. dag_id=ecommerce_batch_pipeline, task_id=spark_enrich_seller_metrics, execution_date=20260714T060000, start_date=20260716T052427, end_date=20260716T052449
[2026-07-16T05:24:49.440+0000] {local_task_job_runner.py:234} INFO - Task exited with return code 0
[2026-07-16T05:24:49.483+0000] {taskinstance.py:3280} INFO - 1 downstream tasks scheduled from follow-on schedule check
