[2026-07-13T10:51:18.438+0000] {taskinstance.py:1956} INFO - Dependencies all met for dep_context=non-requeueable deps ti=<TaskInstance: ecommerce_batch_pipeline.spark_clean_orders manual__2026-07-13T10:45:56.274995+00:00 [queued]>
[2026-07-13T10:51:18.452+0000] {taskinstance.py:1956} INFO - Dependencies all met for dep_context=requeueable deps ti=<TaskInstance: ecommerce_batch_pipeline.spark_clean_orders manual__2026-07-13T10:45:56.274995+00:00 [queued]>
[2026-07-13T10:51:18.453+0000] {taskinstance.py:2170} INFO - Starting attempt 2 of 2
[2026-07-13T10:51:18.471+0000] {taskinstance.py:2191} INFO - Executing <Task(BashOperator): spark_clean_orders> on 2026-07-13 10:45:56.274995+00:00
[2026-07-13T10:51:18.478+0000] {standard_task_runner.py:60} INFO - Started process 3907 to run task
[2026-07-13T10:51:18.484+0000] {standard_task_runner.py:87} INFO - Running: ['***', 'tasks', 'run', 'ecommerce_batch_pipeline', 'spark_clean_orders', 'manual__2026-07-13T10:45:56.274995+00:00', '--job-id', '25', '--raw', '--subdir', 'DAGS_FOLDER/ecommerce_batch_dag.py', '--cfg-path', '/tmp/tmpfht5gs_g']
[2026-07-13T10:51:18.487+0000] {standard_task_runner.py:88} INFO - Job 25: Subtask spark_clean_orders
[2026-07-13T10:51:18.569+0000] {task_command.py:423} INFO - Running <TaskInstance: ecommerce_batch_pipeline.spark_clean_orders manual__2026-07-13T10:45:56.274995+00:00 [running]> on host 4860064ad401
[2026-07-13T10:51:18.690+0000] {taskinstance.py:2480} INFO - Exporting env vars: AIRFLOW_CTX_DAG_OWNER='de-team' AIRFLOW_CTX_DAG_ID='ecommerce_batch_pipeline' AIRFLOW_CTX_TASK_ID='spark_clean_orders' AIRFLOW_CTX_EXECUTION_DATE='2026-07-13T10:45:56.274995+00:00' AIRFLOW_CTX_TRY_NUMBER='2' AIRFLOW_CTX_DAG_RUN_ID='manual__2026-07-13T10:45:56.274995+00:00'
[2026-07-13T10:51:18.694+0000] {subprocess.py:63} INFO - Tmp dir root location: /tmp
[2026-07-13T10:51:18.696+0000] {subprocess.py:75} INFO - Running command: ['/usr/bin/bash', '-c', 'python /opt/***/spark/jobs/clean_orders.py']
[2026-07-13T10:51:18.713+0000] {subprocess.py:86} INFO - Output:
[2026-07-13T10:51:23.440+0000] {subprocess.py:93} INFO - Setting default log level to "WARN".
[2026-07-13T10:51:23.441+0000] {subprocess.py:93} INFO - To adjust logging level use sc.setLogLevel(newLevel). For SparkR, use setLogLevel(newLevel).
[2026-07-13T10:51:24.092+0000] {subprocess.py:93} INFO - 26/07/13 10:51:24 WARN NativeCodeLoader: Unable to load native-hadoop library for your platform... using builtin-java classes where applicable
[2026-07-13T10:51:27.142+0000] {subprocess.py:93} INFO - 26/07/13 10:51:27 WARN Utils: Service 'SparkUI' could not bind on port 4040. Attempting port 4041.
[2026-07-13T10:52:00.615+0000] {subprocess.py:93} INFO - Traceback (most recent call last):
[2026-07-13T10:52:00.635+0000] {subprocess.py:93} INFO -   File "/opt/***/spark/jobs/clean_orders.py", line 11, in <module>
[2026-07-13T10:52:00.637+0000] {subprocess.py:93} INFO -     df = spark.read.csv(
[2026-07-13T10:52:00.638+0000] {subprocess.py:93} INFO -   File "/home/***/.local/lib/python3.8/site-packages/pyspark/sql/readwriter.py", line 740, in csv
[2026-07-13T10:52:00.639+0000] {subprocess.py:93} INFO -     return self._df(self._jreader.csv(self._spark._sc._jvm.PythonUtils.toSeq(path)))
[2026-07-13T10:52:00.640+0000] {subprocess.py:93} INFO -   File "/home/***/.local/lib/python3.8/site-packages/py4j/java_gateway.py", line 1362, in __call__
[2026-07-13T10:52:00.650+0000] {subprocess.py:93} INFO -     return_value = get_return_value(
[2026-07-13T10:52:00.654+0000] {subprocess.py:93} INFO -   File "/home/***/.local/lib/python3.8/site-packages/pyspark/errors/exceptions/captured.py", line 185, in deco
[2026-07-13T10:52:00.663+0000] {subprocess.py:93} INFO -     raise converted from None
[2026-07-13T10:52:00.665+0000] {subprocess.py:93} INFO - pyspark.errors.exceptions.captured.AnalysisException: [PATH_NOT_FOUND] Path does not exist: file:/home/sangam/ecommerce-de-project/data/raw/olist_orders_dataset.csv.
[2026-07-13T10:52:04.940+0000] {subprocess.py:97} INFO - Command exited with return code 1
[2026-07-13T10:52:05.036+0000] {taskinstance.py:2698} ERROR - Task failed with exception
Traceback (most recent call last):
  File "/home/airflow/.local/lib/python3.8/site-packages/airflow/models/taskinstance.py", line 433, in _execute_task
    result = execute_callable(context=context, **execute_callable_kwargs)
  File "/home/airflow/.local/lib/python3.8/site-packages/airflow/operators/bash.py", line 212, in execute
    raise AirflowException(
airflow.exceptions.AirflowException: Bash command failed. The command returned a non-zero exit code 1.
[2026-07-13T10:52:05.061+0000] {taskinstance.py:1138} INFO - Marking task as FAILED. dag_id=ecommerce_batch_pipeline, task_id=spark_clean_orders, execution_date=20260713T104556, start_date=20260713T105118, end_date=20260713T105205
[2026-07-13T10:52:05.187+0000] {standard_task_runner.py:107} ERROR - Failed to execute job 25 for task spark_clean_orders (Bash command failed. The command returned a non-zero exit code 1.; 3907)
[2026-07-13T10:52:05.297+0000] {local_task_job_runner.py:234} INFO - Task exited with return code 1
[2026-07-13T10:52:05.576+0000] {taskinstance.py:3280} INFO - 0 downstream tasks scheduled from follow-on schedule check
