[2026-07-16T05:22:00.756+0000] {processor.py:161} INFO - Started process (PID=105) to work on /home/airflow/.local/lib/python3.8/site-packages/airflow/example_dags/example_time_delta_sensor_async.py
[2026-07-16T05:22:00.758+0000] {processor.py:830} INFO - Processing file /home/airflow/.local/lib/python3.8/site-packages/airflow/example_dags/example_time_delta_sensor_async.py for tasks to queue
[2026-07-16T05:22:00.760+0000] {logging_mixin.py:188} INFO - [2026-07-16T05:22:00.760+0000] {dagbag.py:538} INFO - Filling up the DagBag from /home/airflow/.local/lib/python3.8/site-packages/airflow/example_dags/example_time_delta_sensor_async.py
[2026-07-16T05:22:00.768+0000] {processor.py:840} INFO - DAG(s) 'example_time_delta_sensor_async' retrieved from /home/airflow/.local/lib/python3.8/site-packages/airflow/example_dags/example_time_delta_sensor_async.py
[2026-07-16T05:22:00.950+0000] {logging_mixin.py:188} INFO - [2026-07-16T05:22:00.950+0000] {dag.py:3036} INFO - Sync 1 DAGs
[2026-07-16T05:22:00.967+0000] {logging_mixin.py:188} INFO - [2026-07-16T05:22:00.966+0000] {dag.py:3823} INFO - Setting next_dagrun for example_time_delta_sensor_async to None, run_after=None
[2026-07-16T05:22:01.000+0000] {processor.py:183} INFO - Processing /home/airflow/.local/lib/python3.8/site-packages/airflow/example_dags/example_time_delta_sensor_async.py took 0.250 seconds
[2026-07-16T05:22:31.507+0000] {processor.py:161} INFO - Started process (PID=163) to work on /home/airflow/.local/lib/python3.8/site-packages/airflow/example_dags/example_time_delta_sensor_async.py
[2026-07-16T05:22:31.509+0000] {processor.py:830} INFO - Processing file /home/airflow/.local/lib/python3.8/site-packages/airflow/example_dags/example_time_delta_sensor_async.py for tasks to queue
[2026-07-16T05:22:31.511+0000] {logging_mixin.py:188} INFO - [2026-07-16T05:22:31.511+0000] {dagbag.py:538} INFO - Filling up the DagBag from /home/airflow/.local/lib/python3.8/site-packages/airflow/example_dags/example_time_delta_sensor_async.py
[2026-07-16T05:22:31.522+0000] {processor.py:840} INFO - DAG(s) 'example_time_delta_sensor_async' retrieved from /home/airflow/.local/lib/python3.8/site-packages/airflow/example_dags/example_time_delta_sensor_async.py
[2026-07-16T05:22:31.558+0000] {logging_mixin.py:188} INFO - [2026-07-16T05:22:31.558+0000] {dag.py:3036} INFO - Sync 1 DAGs
[2026-07-16T05:22:31.575+0000] {logging_mixin.py:188} INFO - [2026-07-16T05:22:31.575+0000] {dag.py:3823} INFO - Setting next_dagrun for example_time_delta_sensor_async to None, run_after=None
[2026-07-16T05:22:31.631+0000] {processor.py:183} INFO - Processing /home/airflow/.local/lib/python3.8/site-packages/airflow/example_dags/example_time_delta_sensor_async.py took 0.130 seconds
[2026-07-16T05:23:02.570+0000] {processor.py:161} INFO - Started process (PID=219) to work on /home/airflow/.local/lib/python3.8/site-packages/airflow/example_dags/example_time_delta_sensor_async.py
[2026-07-16T05:23:02.573+0000] {processor.py:830} INFO - Processing file /home/airflow/.local/lib/python3.8/site-packages/airflow/example_dags/example_time_delta_sensor_async.py for tasks to queue
[2026-07-16T05:23:02.590+0000] {logging_mixin.py:188} INFO - [2026-07-16T05:23:02.580+0000] {dagbag.py:538} INFO - Filling up the DagBag from /home/airflow/.local/lib/python3.8/site-packages/airflow/example_dags/example_time_delta_sensor_async.py
[2026-07-16T05:23:02.605+0000] {processor.py:840} INFO - DAG(s) 'example_time_delta_sensor_async' retrieved from /home/airflow/.local/lib/python3.8/site-packages/airflow/example_dags/example_time_delta_sensor_async.py
[2026-07-16T05:23:02.658+0000] {logging_mixin.py:188} INFO - [2026-07-16T05:23:02.658+0000] {dag.py:3036} INFO - Sync 1 DAGs
[2026-07-16T05:23:02.698+0000] {logging_mixin.py:188} INFO - [2026-07-16T05:23:02.697+0000] {dag.py:3823} INFO - Setting next_dagrun for example_time_delta_sensor_async to None, run_after=None
[2026-07-16T05:23:02.753+0000] {processor.py:183} INFO - Processing /home/airflow/.local/lib/python3.8/site-packages/airflow/example_dags/example_time_delta_sensor_async.py took 0.194 seconds
[2026-07-16T05:23:32.848+0000] {processor.py:161} INFO - Started process (PID=275) to work on /home/airflow/.local/lib/python3.8/site-packages/airflow/example_dags/example_time_delta_sensor_async.py
[2026-07-16T05:23:32.850+0000] {processor.py:830} INFO - Processing file /home/airflow/.local/lib/python3.8/site-packages/airflow/example_dags/example_time_delta_sensor_async.py for tasks to queue
[2026-07-16T05:23:32.852+0000] {logging_mixin.py:188} INFO - [2026-07-16T05:23:32.852+0000] {dagbag.py:538} INFO - Filling up the DagBag from /home/airflow/.local/lib/python3.8/site-packages/airflow/example_dags/example_time_delta_sensor_async.py
[2026-07-16T05:23:32.859+0000] {processor.py:840} INFO - DAG(s) 'example_time_delta_sensor_async' retrieved from /home/airflow/.local/lib/python3.8/site-packages/airflow/example_dags/example_time_delta_sensor_async.py
[2026-07-16T05:23:32.887+0000] {logging_mixin.py:188} INFO - [2026-07-16T05:23:32.887+0000] {dag.py:3036} INFO - Sync 1 DAGs
[2026-07-16T05:23:32.901+0000] {logging_mixin.py:188} INFO - [2026-07-16T05:23:32.901+0000] {dag.py:3823} INFO - Setting next_dagrun for example_time_delta_sensor_async to None, run_after=None
[2026-07-16T05:23:32.929+0000] {processor.py:183} INFO - Processing /home/airflow/.local/lib/python3.8/site-packages/airflow/example_dags/example_time_delta_sensor_async.py took 0.086 seconds
[2026-07-16T05:24:06.950+0000] {processor.py:161} INFO - Started process (PID=336) to work on /home/airflow/.local/lib/python3.8/site-packages/airflow/example_dags/example_time_delta_sensor_async.py
[2026-07-16T05:24:06.954+0000] {processor.py:830} INFO - Processing file /home/airflow/.local/lib/python3.8/site-packages/airflow/example_dags/example_time_delta_sensor_async.py for tasks to queue
[2026-07-16T05:24:06.961+0000] {logging_mixin.py:188} INFO - [2026-07-16T05:24:06.959+0000] {dagbag.py:538} INFO - Filling up the DagBag from /home/airflow/.local/lib/python3.8/site-packages/airflow/example_dags/example_time_delta_sensor_async.py
[2026-07-16T05:24:06.982+0000] {processor.py:840} INFO - DAG(s) 'example_time_delta_sensor_async' retrieved from /home/airflow/.local/lib/python3.8/site-packages/airflow/example_dags/example_time_delta_sensor_async.py
[2026-07-16T05:24:07.042+0000] {logging_mixin.py:188} INFO - [2026-07-16T05:24:07.041+0000] {dag.py:3036} INFO - Sync 1 DAGs
[2026-07-16T05:24:07.071+0000] {logging_mixin.py:188} INFO - [2026-07-16T05:24:07.070+0000] {dag.py:3823} INFO - Setting next_dagrun for example_time_delta_sensor_async to None, run_after=None
[2026-07-16T05:24:07.123+0000] {processor.py:183} INFO - Processing /home/airflow/.local/lib/python3.8/site-packages/airflow/example_dags/example_time_delta_sensor_async.py took 0.178 seconds
[2026-07-16T05:24:38.100+0000] {processor.py:161} INFO - Started process (PID=392) to work on /home/airflow/.local/lib/python3.8/site-packages/airflow/example_dags/example_time_delta_sensor_async.py
[2026-07-16T05:24:38.103+0000] {processor.py:830} INFO - Processing file /home/airflow/.local/lib/python3.8/site-packages/airflow/example_dags/example_time_delta_sensor_async.py for tasks to queue
[2026-07-16T05:24:38.106+0000] {logging_mixin.py:188} INFO - [2026-07-16T05:24:38.105+0000] {dagbag.py:538} INFO - Filling up the DagBag from /home/airflow/.local/lib/python3.8/site-packages/airflow/example_dags/example_time_delta_sensor_async.py
[2026-07-16T05:24:38.114+0000] {processor.py:840} INFO - DAG(s) 'example_time_delta_sensor_async' retrieved from /home/airflow/.local/lib/python3.8/site-packages/airflow/example_dags/example_time_delta_sensor_async.py
[2026-07-16T05:24:38.160+0000] {logging_mixin.py:188} INFO - [2026-07-16T05:24:38.159+0000] {dag.py:3036} INFO - Sync 1 DAGs
[2026-07-16T05:24:38.186+0000] {logging_mixin.py:188} INFO - [2026-07-16T05:24:38.185+0000] {dag.py:3823} INFO - Setting next_dagrun for example_time_delta_sensor_async to None, run_after=None
[2026-07-16T05:24:38.228+0000] {processor.py:183} INFO - Processing /home/airflow/.local/lib/python3.8/site-packages/airflow/example_dags/example_time_delta_sensor_async.py took 0.134 seconds
[2026-07-16T05:25:08.454+0000] {processor.py:161} INFO - Started process (PID=448) to work on /home/airflow/.local/lib/python3.8/site-packages/airflow/example_dags/example_time_delta_sensor_async.py
[2026-07-16T05:25:08.456+0000] {processor.py:830} INFO - Processing file /home/airflow/.local/lib/python3.8/site-packages/airflow/example_dags/example_time_delta_sensor_async.py for tasks to queue
[2026-07-16T05:25:08.458+0000] {logging_mixin.py:188} INFO - [2026-07-16T05:25:08.458+0000] {dagbag.py:538} INFO - Filling up the DagBag from /home/airflow/.local/lib/python3.8/site-packages/airflow/example_dags/example_time_delta_sensor_async.py
[2026-07-16T05:25:08.467+0000] {processor.py:840} INFO - DAG(s) 'example_time_delta_sensor_async' retrieved from /home/airflow/.local/lib/python3.8/site-packages/airflow/example_dags/example_time_delta_sensor_async.py
[2026-07-16T05:25:08.499+0000] {logging_mixin.py:188} INFO - [2026-07-16T05:25:08.499+0000] {dag.py:3036} INFO - Sync 1 DAGs
[2026-07-16T05:25:08.518+0000] {logging_mixin.py:188} INFO - [2026-07-16T05:25:08.518+0000] {dag.py:3823} INFO - Setting next_dagrun for example_time_delta_sensor_async to None, run_after=None
[2026-07-16T05:25:08.551+0000] {processor.py:183} INFO - Processing /home/airflow/.local/lib/python3.8/site-packages/airflow/example_dags/example_time_delta_sensor_async.py took 0.103 seconds
[2026-07-16T05:25:38.676+0000] {processor.py:161} INFO - Started process (PID=504) to work on /home/airflow/.local/lib/python3.8/site-packages/airflow/example_dags/example_time_delta_sensor_async.py
[2026-07-16T05:25:38.678+0000] {processor.py:830} INFO - Processing file /home/airflow/.local/lib/python3.8/site-packages/airflow/example_dags/example_time_delta_sensor_async.py for tasks to queue
[2026-07-16T05:25:38.681+0000] {logging_mixin.py:188} INFO - [2026-07-16T05:25:38.680+0000] {dagbag.py:538} INFO - Filling up the DagBag from /home/airflow/.local/lib/python3.8/site-packages/airflow/example_dags/example_time_delta_sensor_async.py
[2026-07-16T05:25:38.691+0000] {processor.py:840} INFO - DAG(s) 'example_time_delta_sensor_async' retrieved from /home/airflow/.local/lib/python3.8/site-packages/airflow/example_dags/example_time_delta_sensor_async.py
[2026-07-16T05:25:38.728+0000] {logging_mixin.py:188} INFO - [2026-07-16T05:25:38.728+0000] {dag.py:3036} INFO - Sync 1 DAGs
[2026-07-16T05:25:38.748+0000] {logging_mixin.py:188} INFO - [2026-07-16T05:25:38.748+0000] {dag.py:3823} INFO - Setting next_dagrun for example_time_delta_sensor_async to None, run_after=None
[2026-07-16T05:25:38.782+0000] {processor.py:183} INFO - Processing /home/airflow/.local/lib/python3.8/site-packages/airflow/example_dags/example_time_delta_sensor_async.py took 0.112 seconds
[2026-07-16T05:26:08.866+0000] {processor.py:161} INFO - Started process (PID=560) to work on /home/airflow/.local/lib/python3.8/site-packages/airflow/example_dags/example_time_delta_sensor_async.py
[2026-07-16T05:26:08.867+0000] {processor.py:830} INFO - Processing file /home/airflow/.local/lib/python3.8/site-packages/airflow/example_dags/example_time_delta_sensor_async.py for tasks to queue
[2026-07-16T05:26:08.870+0000] {logging_mixin.py:188} INFO - [2026-07-16T05:26:08.869+0000] {dagbag.py:538} INFO - Filling up the DagBag from /home/airflow/.local/lib/python3.8/site-packages/airflow/example_dags/example_time_delta_sensor_async.py
[2026-07-16T05:26:08.879+0000] {processor.py:840} INFO - DAG(s) 'example_time_delta_sensor_async' retrieved from /home/airflow/.local/lib/python3.8/site-packages/airflow/example_dags/example_time_delta_sensor_async.py
[2026-07-16T05:26:08.911+0000] {logging_mixin.py:188} INFO - [2026-07-16T05:26:08.911+0000] {dag.py:3036} INFO - Sync 1 DAGs
[2026-07-16T05:26:08.932+0000] {logging_mixin.py:188} INFO - [2026-07-16T05:26:08.932+0000] {dag.py:3823} INFO - Setting next_dagrun for example_time_delta_sensor_async to None, run_after=None
[2026-07-16T05:26:08.965+0000] {processor.py:183} INFO - Processing /home/airflow/.local/lib/python3.8/site-packages/airflow/example_dags/example_time_delta_sensor_async.py took 0.105 seconds
[2026-07-16T05:26:39.310+0000] {processor.py:161} INFO - Started process (PID=616) to work on /home/airflow/.local/lib/python3.8/site-packages/airflow/example_dags/example_time_delta_sensor_async.py
[2026-07-16T05:26:39.312+0000] {processor.py:830} INFO - Processing file /home/airflow/.local/lib/python3.8/site-packages/airflow/example_dags/example_time_delta_sensor_async.py for tasks to queue
[2026-07-16T05:26:39.315+0000] {logging_mixin.py:188} INFO - [2026-07-16T05:26:39.314+0000] {dagbag.py:538} INFO - Filling up the DagBag from /home/airflow/.local/lib/python3.8/site-packages/airflow/example_dags/example_time_delta_sensor_async.py
[2026-07-16T05:26:39.321+0000] {processor.py:840} INFO - DAG(s) 'example_time_delta_sensor_async' retrieved from /home/airflow/.local/lib/python3.8/site-packages/airflow/example_dags/example_time_delta_sensor_async.py
[2026-07-16T05:26:39.351+0000] {logging_mixin.py:188} INFO - [2026-07-16T05:26:39.351+0000] {dag.py:3036} INFO - Sync 1 DAGs
[2026-07-16T05:26:39.366+0000] {logging_mixin.py:188} INFO - [2026-07-16T05:26:39.366+0000] {dag.py:3823} INFO - Setting next_dagrun for example_time_delta_sensor_async to None, run_after=None
[2026-07-16T05:26:39.398+0000] {processor.py:183} INFO - Processing /home/airflow/.local/lib/python3.8/site-packages/airflow/example_dags/example_time_delta_sensor_async.py took 0.093 seconds
[2026-07-16T05:27:09.685+0000] {processor.py:161} INFO - Started process (PID=672) to work on /home/airflow/.local/lib/python3.8/site-packages/airflow/example_dags/example_time_delta_sensor_async.py
[2026-07-16T05:27:09.687+0000] {processor.py:830} INFO - Processing file /home/airflow/.local/lib/python3.8/site-packages/airflow/example_dags/example_time_delta_sensor_async.py for tasks to queue
[2026-07-16T05:27:09.690+0000] {logging_mixin.py:188} INFO - [2026-07-16T05:27:09.690+0000] {dagbag.py:538} INFO - Filling up the DagBag from /home/airflow/.local/lib/python3.8/site-packages/airflow/example_dags/example_time_delta_sensor_async.py
[2026-07-16T05:27:09.698+0000] {processor.py:840} INFO - DAG(s) 'example_time_delta_sensor_async' retrieved from /home/airflow/.local/lib/python3.8/site-packages/airflow/example_dags/example_time_delta_sensor_async.py
[2026-07-16T05:27:09.726+0000] {logging_mixin.py:188} INFO - [2026-07-16T05:27:09.726+0000] {dag.py:3036} INFO - Sync 1 DAGs
[2026-07-16T05:27:09.742+0000] {logging_mixin.py:188} INFO - [2026-07-16T05:27:09.742+0000] {dag.py:3823} INFO - Setting next_dagrun for example_time_delta_sensor_async to None, run_after=None
[2026-07-16T05:27:09.771+0000] {processor.py:183} INFO - Processing /home/airflow/.local/lib/python3.8/site-packages/airflow/example_dags/example_time_delta_sensor_async.py took 0.091 seconds
[2026-07-16T05:27:40.728+0000] {processor.py:161} INFO - Started process (PID=728) to work on /home/airflow/.local/lib/python3.8/site-packages/airflow/example_dags/example_time_delta_sensor_async.py
[2026-07-16T05:27:40.731+0000] {processor.py:830} INFO - Processing file /home/airflow/.local/lib/python3.8/site-packages/airflow/example_dags/example_time_delta_sensor_async.py for tasks to queue
[2026-07-16T05:27:40.735+0000] {logging_mixin.py:188} INFO - [2026-07-16T05:27:40.734+0000] {dagbag.py:538} INFO - Filling up the DagBag from /home/airflow/.local/lib/python3.8/site-packages/airflow/example_dags/example_time_delta_sensor_async.py
[2026-07-16T05:27:40.742+0000] {processor.py:840} INFO - DAG(s) 'example_time_delta_sensor_async' retrieved from /home/airflow/.local/lib/python3.8/site-packages/airflow/example_dags/example_time_delta_sensor_async.py
[2026-07-16T05:27:40.771+0000] {logging_mixin.py:188} INFO - [2026-07-16T05:27:40.770+0000] {dag.py:3036} INFO - Sync 1 DAGs
[2026-07-16T05:27:40.787+0000] {logging_mixin.py:188} INFO - [2026-07-16T05:27:40.786+0000] {dag.py:3823} INFO - Setting next_dagrun for example_time_delta_sensor_async to None, run_after=None
[2026-07-16T05:27:40.818+0000] {processor.py:183} INFO - Processing /home/airflow/.local/lib/python3.8/site-packages/airflow/example_dags/example_time_delta_sensor_async.py took 0.101 seconds
[2026-07-16T05:28:11.412+0000] {processor.py:161} INFO - Started process (PID=784) to work on /home/airflow/.local/lib/python3.8/site-packages/airflow/example_dags/example_time_delta_sensor_async.py
[2026-07-16T05:28:11.414+0000] {processor.py:830} INFO - Processing file /home/airflow/.local/lib/python3.8/site-packages/airflow/example_dags/example_time_delta_sensor_async.py for tasks to queue
[2026-07-16T05:28:11.418+0000] {logging_mixin.py:188} INFO - [2026-07-16T05:28:11.417+0000] {dagbag.py:538} INFO - Filling up the DagBag from /home/airflow/.local/lib/python3.8/site-packages/airflow/example_dags/example_time_delta_sensor_async.py
[2026-07-16T05:28:11.426+0000] {processor.py:840} INFO - DAG(s) 'example_time_delta_sensor_async' retrieved from /home/airflow/.local/lib/python3.8/site-packages/airflow/example_dags/example_time_delta_sensor_async.py
[2026-07-16T05:28:11.467+0000] {logging_mixin.py:188} INFO - [2026-07-16T05:28:11.467+0000] {dag.py:3036} INFO - Sync 1 DAGs
[2026-07-16T05:28:11.495+0000] {logging_mixin.py:188} INFO - [2026-07-16T05:28:11.494+0000] {dag.py:3823} INFO - Setting next_dagrun for example_time_delta_sensor_async to None, run_after=None
[2026-07-16T05:28:11.539+0000] {processor.py:183} INFO - Processing /home/airflow/.local/lib/python3.8/site-packages/airflow/example_dags/example_time_delta_sensor_async.py took 0.134 seconds
[2026-07-16T05:28:41.938+0000] {processor.py:161} INFO - Started process (PID=840) to work on /home/airflow/.local/lib/python3.8/site-packages/airflow/example_dags/example_time_delta_sensor_async.py
[2026-07-16T05:28:41.940+0000] {processor.py:830} INFO - Processing file /home/airflow/.local/lib/python3.8/site-packages/airflow/example_dags/example_time_delta_sensor_async.py for tasks to queue
[2026-07-16T05:28:41.942+0000] {logging_mixin.py:188} INFO - [2026-07-16T05:28:41.942+0000] {dagbag.py:538} INFO - Filling up the DagBag from /home/airflow/.local/lib/python3.8/site-packages/airflow/example_dags/example_time_delta_sensor_async.py
[2026-07-16T05:28:41.951+0000] {processor.py:840} INFO - DAG(s) 'example_time_delta_sensor_async' retrieved from /home/airflow/.local/lib/python3.8/site-packages/airflow/example_dags/example_time_delta_sensor_async.py
[2026-07-16T05:28:41.994+0000] {logging_mixin.py:188} INFO - [2026-07-16T05:28:41.994+0000] {dag.py:3036} INFO - Sync 1 DAGs
[2026-07-16T05:28:42.013+0000] {logging_mixin.py:188} INFO - [2026-07-16T05:28:42.013+0000] {dag.py:3823} INFO - Setting next_dagrun for example_time_delta_sensor_async to None, run_after=None
[2026-07-16T05:28:42.041+0000] {processor.py:183} INFO - Processing /home/airflow/.local/lib/python3.8/site-packages/airflow/example_dags/example_time_delta_sensor_async.py took 0.108 seconds
[2026-07-16T05:29:12.834+0000] {processor.py:161} INFO - Started process (PID=896) to work on /home/airflow/.local/lib/python3.8/site-packages/airflow/example_dags/example_time_delta_sensor_async.py
[2026-07-16T05:29:12.836+0000] {processor.py:830} INFO - Processing file /home/airflow/.local/lib/python3.8/site-packages/airflow/example_dags/example_time_delta_sensor_async.py for tasks to queue
[2026-07-16T05:29:12.849+0000] {logging_mixin.py:188} INFO - [2026-07-16T05:29:12.848+0000] {dagbag.py:538} INFO - Filling up the DagBag from /home/airflow/.local/lib/python3.8/site-packages/airflow/example_dags/example_time_delta_sensor_async.py
[2026-07-16T05:29:12.870+0000] {processor.py:840} INFO - DAG(s) 'example_time_delta_sensor_async' retrieved from /home/airflow/.local/lib/python3.8/site-packages/airflow/example_dags/example_time_delta_sensor_async.py
[2026-07-16T05:29:12.916+0000] {logging_mixin.py:188} INFO - [2026-07-16T05:29:12.916+0000] {dag.py:3036} INFO - Sync 1 DAGs
[2026-07-16T05:29:12.947+0000] {logging_mixin.py:188} INFO - [2026-07-16T05:29:12.946+0000] {dag.py:3823} INFO - Setting next_dagrun for example_time_delta_sensor_async to None, run_after=None
[2026-07-16T05:29:12.998+0000] {processor.py:183} INFO - Processing /home/airflow/.local/lib/python3.8/site-packages/airflow/example_dags/example_time_delta_sensor_async.py took 0.176 seconds
[2026-07-16T05:29:43.551+0000] {processor.py:161} INFO - Started process (PID=952) to work on /home/airflow/.local/lib/python3.8/site-packages/airflow/example_dags/example_time_delta_sensor_async.py
[2026-07-16T05:29:43.554+0000] {processor.py:830} INFO - Processing file /home/airflow/.local/lib/python3.8/site-packages/airflow/example_dags/example_time_delta_sensor_async.py for tasks to queue
[2026-07-16T05:29:43.561+0000] {logging_mixin.py:188} INFO - [2026-07-16T05:29:43.559+0000] {dagbag.py:538} INFO - Filling up the DagBag from /home/airflow/.local/lib/python3.8/site-packages/airflow/example_dags/example_time_delta_sensor_async.py
[2026-07-16T05:29:43.575+0000] {processor.py:840} INFO - DAG(s) 'example_time_delta_sensor_async' retrieved from /home/airflow/.local/lib/python3.8/site-packages/airflow/example_dags/example_time_delta_sensor_async.py
[2026-07-16T05:29:43.642+0000] {logging_mixin.py:188} INFO - [2026-07-16T05:29:43.641+0000] {dag.py:3036} INFO - Sync 1 DAGs
[2026-07-16T05:29:43.677+0000] {logging_mixin.py:188} INFO - [2026-07-16T05:29:43.676+0000] {dag.py:3823} INFO - Setting next_dagrun for example_time_delta_sensor_async to None, run_after=None
[2026-07-16T05:29:43.734+0000] {processor.py:183} INFO - Processing /home/airflow/.local/lib/python3.8/site-packages/airflow/example_dags/example_time_delta_sensor_async.py took 0.192 seconds
[2026-07-16T05:30:13.873+0000] {processor.py:161} INFO - Started process (PID=1008) to work on /home/airflow/.local/lib/python3.8/site-packages/airflow/example_dags/example_time_delta_sensor_async.py
[2026-07-16T05:30:13.875+0000] {processor.py:830} INFO - Processing file /home/airflow/.local/lib/python3.8/site-packages/airflow/example_dags/example_time_delta_sensor_async.py for tasks to queue
[2026-07-16T05:30:13.878+0000] {logging_mixin.py:188} INFO - [2026-07-16T05:30:13.877+0000] {dagbag.py:538} INFO - Filling up the DagBag from /home/airflow/.local/lib/python3.8/site-packages/airflow/example_dags/example_time_delta_sensor_async.py
[2026-07-16T05:30:13.884+0000] {processor.py:840} INFO - DAG(s) 'example_time_delta_sensor_async' retrieved from /home/airflow/.local/lib/python3.8/site-packages/airflow/example_dags/example_time_delta_sensor_async.py
[2026-07-16T05:30:13.911+0000] {logging_mixin.py:188} INFO - [2026-07-16T05:30:13.911+0000] {dag.py:3036} INFO - Sync 1 DAGs
[2026-07-16T05:30:13.926+0000] {logging_mixin.py:188} INFO - [2026-07-16T05:30:13.926+0000] {dag.py:3823} INFO - Setting next_dagrun for example_time_delta_sensor_async to None, run_after=None
[2026-07-16T05:30:13.952+0000] {processor.py:183} INFO - Processing /home/airflow/.local/lib/python3.8/site-packages/airflow/example_dags/example_time_delta_sensor_async.py took 0.085 seconds
[2026-07-16T05:30:44.610+0000] {processor.py:161} INFO - Started process (PID=1064) to work on /home/airflow/.local/lib/python3.8/site-packages/airflow/example_dags/example_time_delta_sensor_async.py
[2026-07-16T05:30:44.611+0000] {processor.py:830} INFO - Processing file /home/airflow/.local/lib/python3.8/site-packages/airflow/example_dags/example_time_delta_sensor_async.py for tasks to queue
[2026-07-16T05:30:44.614+0000] {logging_mixin.py:188} INFO - [2026-07-16T05:30:44.613+0000] {dagbag.py:538} INFO - Filling up the DagBag from /home/airflow/.local/lib/python3.8/site-packages/airflow/example_dags/example_time_delta_sensor_async.py
[2026-07-16T05:30:44.620+0000] {processor.py:840} INFO - DAG(s) 'example_time_delta_sensor_async' retrieved from /home/airflow/.local/lib/python3.8/site-packages/airflow/example_dags/example_time_delta_sensor_async.py
[2026-07-16T05:30:44.646+0000] {logging_mixin.py:188} INFO - [2026-07-16T05:30:44.645+0000] {dag.py:3036} INFO - Sync 1 DAGs
[2026-07-16T05:30:44.659+0000] {logging_mixin.py:188} INFO - [2026-07-16T05:30:44.659+0000] {dag.py:3823} INFO - Setting next_dagrun for example_time_delta_sensor_async to None, run_after=None
[2026-07-16T05:30:44.686+0000] {processor.py:183} INFO - Processing /home/airflow/.local/lib/python3.8/site-packages/airflow/example_dags/example_time_delta_sensor_async.py took 0.080 seconds
[2026-07-16T05:31:15.539+0000] {processor.py:161} INFO - Started process (PID=1120) to work on /home/airflow/.local/lib/python3.8/site-packages/airflow/example_dags/example_time_delta_sensor_async.py
[2026-07-16T05:31:15.542+0000] {processor.py:830} INFO - Processing file /home/airflow/.local/lib/python3.8/site-packages/airflow/example_dags/example_time_delta_sensor_async.py for tasks to queue
[2026-07-16T05:31:15.546+0000] {logging_mixin.py:188} INFO - [2026-07-16T05:31:15.545+0000] {dagbag.py:538} INFO - Filling up the DagBag from /home/airflow/.local/lib/python3.8/site-packages/airflow/example_dags/example_time_delta_sensor_async.py
[2026-07-16T05:31:15.555+0000] {processor.py:840} INFO - DAG(s) 'example_time_delta_sensor_async' retrieved from /home/airflow/.local/lib/python3.8/site-packages/airflow/example_dags/example_time_delta_sensor_async.py
[2026-07-16T05:31:15.593+0000] {logging_mixin.py:188} INFO - [2026-07-16T05:31:15.593+0000] {dag.py:3036} INFO - Sync 1 DAGs
[2026-07-16T05:31:15.610+0000] {logging_mixin.py:188} INFO - [2026-07-16T05:31:15.610+0000] {dag.py:3823} INFO - Setting next_dagrun for example_time_delta_sensor_async to None, run_after=None
[2026-07-16T05:31:15.649+0000] {processor.py:183} INFO - Processing /home/airflow/.local/lib/python3.8/site-packages/airflow/example_dags/example_time_delta_sensor_async.py took 0.120 seconds
[2026-07-16T05:31:46.752+0000] {processor.py:161} INFO - Started process (PID=1176) to work on /home/airflow/.local/lib/python3.8/site-packages/airflow/example_dags/example_time_delta_sensor_async.py
[2026-07-16T05:31:46.754+0000] {processor.py:830} INFO - Processing file /home/airflow/.local/lib/python3.8/site-packages/airflow/example_dags/example_time_delta_sensor_async.py for tasks to queue
[2026-07-16T05:31:46.757+0000] {logging_mixin.py:188} INFO - [2026-07-16T05:31:46.756+0000] {dagbag.py:538} INFO - Filling up the DagBag from /home/airflow/.local/lib/python3.8/site-packages/airflow/example_dags/example_time_delta_sensor_async.py
[2026-07-16T05:31:46.762+0000] {processor.py:840} INFO - DAG(s) 'example_time_delta_sensor_async' retrieved from /home/airflow/.local/lib/python3.8/site-packages/airflow/example_dags/example_time_delta_sensor_async.py
[2026-07-16T05:31:46.789+0000] {logging_mixin.py:188} INFO - [2026-07-16T05:31:46.789+0000] {dag.py:3036} INFO - Sync 1 DAGs
[2026-07-16T05:31:46.803+0000] {logging_mixin.py:188} INFO - [2026-07-16T05:31:46.803+0000] {dag.py:3823} INFO - Setting next_dagrun for example_time_delta_sensor_async to None, run_after=None
[2026-07-16T05:31:46.833+0000] {processor.py:183} INFO - Processing /home/airflow/.local/lib/python3.8/site-packages/airflow/example_dags/example_time_delta_sensor_async.py took 0.084 seconds
[2026-07-16T05:32:17.473+0000] {processor.py:161} INFO - Started process (PID=1232) to work on /home/airflow/.local/lib/python3.8/site-packages/airflow/example_dags/example_time_delta_sensor_async.py
[2026-07-16T05:32:17.477+0000] {processor.py:830} INFO - Processing file /home/airflow/.local/lib/python3.8/site-packages/airflow/example_dags/example_time_delta_sensor_async.py for tasks to queue
[2026-07-16T05:32:17.481+0000] {logging_mixin.py:188} INFO - [2026-07-16T05:32:17.480+0000] {dagbag.py:538} INFO - Filling up the DagBag from /home/airflow/.local/lib/python3.8/site-packages/airflow/example_dags/example_time_delta_sensor_async.py
[2026-07-16T05:32:17.493+0000] {processor.py:840} INFO - DAG(s) 'example_time_delta_sensor_async' retrieved from /home/airflow/.local/lib/python3.8/site-packages/airflow/example_dags/example_time_delta_sensor_async.py
[2026-07-16T05:32:17.540+0000] {logging_mixin.py:188} INFO - [2026-07-16T05:32:17.540+0000] {dag.py:3036} INFO - Sync 1 DAGs
[2026-07-16T05:32:17.553+0000] {logging_mixin.py:188} INFO - [2026-07-16T05:32:17.553+0000] {dag.py:3823} INFO - Setting next_dagrun for example_time_delta_sensor_async to None, run_after=None
[2026-07-16T05:32:17.585+0000] {processor.py:183} INFO - Processing /home/airflow/.local/lib/python3.8/site-packages/airflow/example_dags/example_time_delta_sensor_async.py took 0.120 seconds
[2026-07-16T05:32:47.736+0000] {processor.py:161} INFO - Started process (PID=1288) to work on /home/airflow/.local/lib/python3.8/site-packages/airflow/example_dags/example_time_delta_sensor_async.py
[2026-07-16T05:32:47.737+0000] {processor.py:830} INFO - Processing file /home/airflow/.local/lib/python3.8/site-packages/airflow/example_dags/example_time_delta_sensor_async.py for tasks to queue
[2026-07-16T05:32:47.738+0000] {logging_mixin.py:188} INFO - [2026-07-16T05:32:47.738+0000] {dagbag.py:538} INFO - Filling up the DagBag from /home/airflow/.local/lib/python3.8/site-packages/airflow/example_dags/example_time_delta_sensor_async.py
[2026-07-16T05:32:47.743+0000] {processor.py:840} INFO - DAG(s) 'example_time_delta_sensor_async' retrieved from /home/airflow/.local/lib/python3.8/site-packages/airflow/example_dags/example_time_delta_sensor_async.py
[2026-07-16T05:32:47.759+0000] {logging_mixin.py:188} INFO - [2026-07-16T05:32:47.759+0000] {dag.py:3036} INFO - Sync 1 DAGs
[2026-07-16T05:32:47.768+0000] {logging_mixin.py:188} INFO - [2026-07-16T05:32:47.768+0000] {dag.py:3823} INFO - Setting next_dagrun for example_time_delta_sensor_async to None, run_after=None
[2026-07-16T05:32:47.783+0000] {processor.py:183} INFO - Processing /home/airflow/.local/lib/python3.8/site-packages/airflow/example_dags/example_time_delta_sensor_async.py took 0.050 seconds
[2026-07-16T05:33:18.708+0000] {processor.py:161} INFO - Started process (PID=1344) to work on /home/airflow/.local/lib/python3.8/site-packages/airflow/example_dags/example_time_delta_sensor_async.py
[2026-07-16T05:33:18.709+0000] {processor.py:830} INFO - Processing file /home/airflow/.local/lib/python3.8/site-packages/airflow/example_dags/example_time_delta_sensor_async.py for tasks to queue
[2026-07-16T05:33:18.711+0000] {logging_mixin.py:188} INFO - [2026-07-16T05:33:18.711+0000] {dagbag.py:538} INFO - Filling up the DagBag from /home/airflow/.local/lib/python3.8/site-packages/airflow/example_dags/example_time_delta_sensor_async.py
[2026-07-16T05:33:18.717+0000] {processor.py:840} INFO - DAG(s) 'example_time_delta_sensor_async' retrieved from /home/airflow/.local/lib/python3.8/site-packages/airflow/example_dags/example_time_delta_sensor_async.py
[2026-07-16T05:33:18.747+0000] {logging_mixin.py:188} INFO - [2026-07-16T05:33:18.747+0000] {dag.py:3036} INFO - Sync 1 DAGs
[2026-07-16T05:33:18.771+0000] {logging_mixin.py:188} INFO - [2026-07-16T05:33:18.771+0000] {dag.py:3823} INFO - Setting next_dagrun for example_time_delta_sensor_async to None, run_after=None
[2026-07-16T05:33:18.809+0000] {processor.py:183} INFO - Processing /home/airflow/.local/lib/python3.8/site-packages/airflow/example_dags/example_time_delta_sensor_async.py took 0.105 seconds
[2026-07-16T05:33:49.022+0000] {processor.py:161} INFO - Started process (PID=1400) to work on /home/airflow/.local/lib/python3.8/site-packages/airflow/example_dags/example_time_delta_sensor_async.py
[2026-07-16T05:33:49.024+0000] {processor.py:830} INFO - Processing file /home/airflow/.local/lib/python3.8/site-packages/airflow/example_dags/example_time_delta_sensor_async.py for tasks to queue
[2026-07-16T05:33:49.025+0000] {logging_mixin.py:188} INFO - [2026-07-16T05:33:49.025+0000] {dagbag.py:538} INFO - Filling up the DagBag from /home/airflow/.local/lib/python3.8/site-packages/airflow/example_dags/example_time_delta_sensor_async.py
[2026-07-16T05:33:49.030+0000] {processor.py:840} INFO - DAG(s) 'example_time_delta_sensor_async' retrieved from /home/airflow/.local/lib/python3.8/site-packages/airflow/example_dags/example_time_delta_sensor_async.py
[2026-07-16T05:33:49.047+0000] {logging_mixin.py:188} INFO - [2026-07-16T05:33:49.047+0000] {dag.py:3036} INFO - Sync 1 DAGs
[2026-07-16T05:33:49.057+0000] {logging_mixin.py:188} INFO - [2026-07-16T05:33:49.057+0000] {dag.py:3823} INFO - Setting next_dagrun for example_time_delta_sensor_async to None, run_after=None
[2026-07-16T05:33:49.071+0000] {processor.py:183} INFO - Processing /home/airflow/.local/lib/python3.8/site-packages/airflow/example_dags/example_time_delta_sensor_async.py took 0.052 seconds
[2026-07-16T05:34:19.654+0000] {processor.py:161} INFO - Started process (PID=1456) to work on /home/airflow/.local/lib/python3.8/site-packages/airflow/example_dags/example_time_delta_sensor_async.py
[2026-07-16T05:34:19.657+0000] {processor.py:830} INFO - Processing file /home/airflow/.local/lib/python3.8/site-packages/airflow/example_dags/example_time_delta_sensor_async.py for tasks to queue
[2026-07-16T05:34:19.659+0000] {logging_mixin.py:188} INFO - [2026-07-16T05:34:19.659+0000] {dagbag.py:538} INFO - Filling up the DagBag from /home/airflow/.local/lib/python3.8/site-packages/airflow/example_dags/example_time_delta_sensor_async.py
[2026-07-16T05:34:19.666+0000] {processor.py:840} INFO - DAG(s) 'example_time_delta_sensor_async' retrieved from /home/airflow/.local/lib/python3.8/site-packages/airflow/example_dags/example_time_delta_sensor_async.py
[2026-07-16T05:34:19.699+0000] {logging_mixin.py:188} INFO - [2026-07-16T05:34:19.698+0000] {dag.py:3036} INFO - Sync 1 DAGs
[2026-07-16T05:34:19.717+0000] {logging_mixin.py:188} INFO - [2026-07-16T05:34:19.717+0000] {dag.py:3823} INFO - Setting next_dagrun for example_time_delta_sensor_async to None, run_after=None
[2026-07-16T05:34:19.751+0000] {processor.py:183} INFO - Processing /home/airflow/.local/lib/python3.8/site-packages/airflow/example_dags/example_time_delta_sensor_async.py took 0.101 seconds
[2026-07-16T05:34:49.977+0000] {processor.py:161} INFO - Started process (PID=1511) to work on /home/airflow/.local/lib/python3.8/site-packages/airflow/example_dags/example_time_delta_sensor_async.py
[2026-07-16T05:34:49.978+0000] {processor.py:830} INFO - Processing file /home/airflow/.local/lib/python3.8/site-packages/airflow/example_dags/example_time_delta_sensor_async.py for tasks to queue
[2026-07-16T05:34:49.980+0000] {logging_mixin.py:188} INFO - [2026-07-16T05:34:49.980+0000] {dagbag.py:538} INFO - Filling up the DagBag from /home/airflow/.local/lib/python3.8/site-packages/airflow/example_dags/example_time_delta_sensor_async.py
[2026-07-16T05:34:49.987+0000] {processor.py:840} INFO - DAG(s) 'example_time_delta_sensor_async' retrieved from /home/airflow/.local/lib/python3.8/site-packages/airflow/example_dags/example_time_delta_sensor_async.py
[2026-07-16T05:34:50.007+0000] {logging_mixin.py:188} INFO - [2026-07-16T05:34:50.006+0000] {dag.py:3036} INFO - Sync 1 DAGs
[2026-07-16T05:34:50.018+0000] {logging_mixin.py:188} INFO - [2026-07-16T05:34:50.017+0000] {dag.py:3823} INFO - Setting next_dagrun for example_time_delta_sensor_async to None, run_after=None
[2026-07-16T05:34:50.038+0000] {processor.py:183} INFO - Processing /home/airflow/.local/lib/python3.8/site-packages/airflow/example_dags/example_time_delta_sensor_async.py took 0.065 seconds
[2026-07-16T05:35:20.156+0000] {processor.py:161} INFO - Started process (PID=1567) to work on /home/airflow/.local/lib/python3.8/site-packages/airflow/example_dags/example_time_delta_sensor_async.py
[2026-07-16T05:35:20.157+0000] {processor.py:830} INFO - Processing file /home/airflow/.local/lib/python3.8/site-packages/airflow/example_dags/example_time_delta_sensor_async.py for tasks to queue
[2026-07-16T05:35:20.159+0000] {logging_mixin.py:188} INFO - [2026-07-16T05:35:20.159+0000] {dagbag.py:538} INFO - Filling up the DagBag from /home/airflow/.local/lib/python3.8/site-packages/airflow/example_dags/example_time_delta_sensor_async.py
[2026-07-16T05:35:20.163+0000] {processor.py:840} INFO - DAG(s) 'example_time_delta_sensor_async' retrieved from /home/airflow/.local/lib/python3.8/site-packages/airflow/example_dags/example_time_delta_sensor_async.py
[2026-07-16T05:35:20.179+0000] {logging_mixin.py:188} INFO - [2026-07-16T05:35:20.179+0000] {dag.py:3036} INFO - Sync 1 DAGs
[2026-07-16T05:35:20.188+0000] {logging_mixin.py:188} INFO - [2026-07-16T05:35:20.188+0000] {dag.py:3823} INFO - Setting next_dagrun for example_time_delta_sensor_async to None, run_after=None
[2026-07-16T05:35:20.202+0000] {processor.py:183} INFO - Processing /home/airflow/.local/lib/python3.8/site-packages/airflow/example_dags/example_time_delta_sensor_async.py took 0.049 seconds
[2026-07-16T05:35:51.066+0000] {processor.py:161} INFO - Started process (PID=1623) to work on /home/airflow/.local/lib/python3.8/site-packages/airflow/example_dags/example_time_delta_sensor_async.py
[2026-07-16T05:35:51.068+0000] {processor.py:830} INFO - Processing file /home/airflow/.local/lib/python3.8/site-packages/airflow/example_dags/example_time_delta_sensor_async.py for tasks to queue
[2026-07-16T05:35:51.069+0000] {logging_mixin.py:188} INFO - [2026-07-16T05:35:51.069+0000] {dagbag.py:538} INFO - Filling up the DagBag from /home/airflow/.local/lib/python3.8/site-packages/airflow/example_dags/example_time_delta_sensor_async.py
[2026-07-16T05:35:51.073+0000] {processor.py:840} INFO - DAG(s) 'example_time_delta_sensor_async' retrieved from /home/airflow/.local/lib/python3.8/site-packages/airflow/example_dags/example_time_delta_sensor_async.py
[2026-07-16T05:35:51.093+0000] {logging_mixin.py:188} INFO - [2026-07-16T05:35:51.092+0000] {dag.py:3036} INFO - Sync 1 DAGs
[2026-07-16T05:35:51.105+0000] {logging_mixin.py:188} INFO - [2026-07-16T05:35:51.105+0000] {dag.py:3823} INFO - Setting next_dagrun for example_time_delta_sensor_async to None, run_after=None
[2026-07-16T05:35:51.124+0000] {processor.py:183} INFO - Processing /home/airflow/.local/lib/python3.8/site-packages/airflow/example_dags/example_time_delta_sensor_async.py took 0.061 seconds
[2026-07-16T05:36:21.329+0000] {processor.py:161} INFO - Started process (PID=1680) to work on /home/airflow/.local/lib/python3.8/site-packages/airflow/example_dags/example_time_delta_sensor_async.py
[2026-07-16T05:36:21.331+0000] {processor.py:830} INFO - Processing file /home/airflow/.local/lib/python3.8/site-packages/airflow/example_dags/example_time_delta_sensor_async.py for tasks to queue
[2026-07-16T05:36:21.333+0000] {logging_mixin.py:188} INFO - [2026-07-16T05:36:21.332+0000] {dagbag.py:538} INFO - Filling up the DagBag from /home/airflow/.local/lib/python3.8/site-packages/airflow/example_dags/example_time_delta_sensor_async.py
[2026-07-16T05:36:21.338+0000] {processor.py:840} INFO - DAG(s) 'example_time_delta_sensor_async' retrieved from /home/airflow/.local/lib/python3.8/site-packages/airflow/example_dags/example_time_delta_sensor_async.py
[2026-07-16T05:36:21.361+0000] {logging_mixin.py:188} INFO - [2026-07-16T05:36:21.360+0000] {dag.py:3036} INFO - Sync 1 DAGs
[2026-07-16T05:36:21.374+0000] {logging_mixin.py:188} INFO - [2026-07-16T05:36:21.373+0000] {dag.py:3823} INFO - Setting next_dagrun for example_time_delta_sensor_async to None, run_after=None
[2026-07-16T05:36:21.394+0000] {processor.py:183} INFO - Processing /home/airflow/.local/lib/python3.8/site-packages/airflow/example_dags/example_time_delta_sensor_async.py took 0.069 seconds
[2026-07-16T05:36:51.702+0000] {processor.py:161} INFO - Started process (PID=1736) to work on /home/airflow/.local/lib/python3.8/site-packages/airflow/example_dags/example_time_delta_sensor_async.py
[2026-07-16T05:36:51.703+0000] {processor.py:830} INFO - Processing file /home/airflow/.local/lib/python3.8/site-packages/airflow/example_dags/example_time_delta_sensor_async.py for tasks to queue
[2026-07-16T05:36:51.705+0000] {logging_mixin.py:188} INFO - [2026-07-16T05:36:51.704+0000] {dagbag.py:538} INFO - Filling up the DagBag from /home/airflow/.local/lib/python3.8/site-packages/airflow/example_dags/example_time_delta_sensor_async.py
[2026-07-16T05:36:51.713+0000] {processor.py:840} INFO - DAG(s) 'example_time_delta_sensor_async' retrieved from /home/airflow/.local/lib/python3.8/site-packages/airflow/example_dags/example_time_delta_sensor_async.py
[2026-07-16T05:36:51.734+0000] {logging_mixin.py:188} INFO - [2026-07-16T05:36:51.734+0000] {dag.py:3036} INFO - Sync 1 DAGs
[2026-07-16T05:36:51.745+0000] {logging_mixin.py:188} INFO - [2026-07-16T05:36:51.744+0000] {dag.py:3823} INFO - Setting next_dagrun for example_time_delta_sensor_async to None, run_after=None
[2026-07-16T05:36:51.762+0000] {processor.py:183} INFO - Processing /home/airflow/.local/lib/python3.8/site-packages/airflow/example_dags/example_time_delta_sensor_async.py took 0.064 seconds
[2026-07-16T05:37:22.148+0000] {processor.py:161} INFO - Started process (PID=1792) to work on /home/airflow/.local/lib/python3.8/site-packages/airflow/example_dags/example_time_delta_sensor_async.py
[2026-07-16T05:37:22.150+0000] {processor.py:830} INFO - Processing file /home/airflow/.local/lib/python3.8/site-packages/airflow/example_dags/example_time_delta_sensor_async.py for tasks to queue
[2026-07-16T05:37:22.151+0000] {logging_mixin.py:188} INFO - [2026-07-16T05:37:22.151+0000] {dagbag.py:538} INFO - Filling up the DagBag from /home/airflow/.local/lib/python3.8/site-packages/airflow/example_dags/example_time_delta_sensor_async.py
[2026-07-16T05:37:22.156+0000] {processor.py:840} INFO - DAG(s) 'example_time_delta_sensor_async' retrieved from /home/airflow/.local/lib/python3.8/site-packages/airflow/example_dags/example_time_delta_sensor_async.py
[2026-07-16T05:37:22.174+0000] {logging_mixin.py:188} INFO - [2026-07-16T05:37:22.174+0000] {dag.py:3036} INFO - Sync 1 DAGs
[2026-07-16T05:37:22.184+0000] {logging_mixin.py:188} INFO - [2026-07-16T05:37:22.184+0000] {dag.py:3823} INFO - Setting next_dagrun for example_time_delta_sensor_async to None, run_after=None
[2026-07-16T05:37:22.202+0000] {processor.py:183} INFO - Processing /home/airflow/.local/lib/python3.8/site-packages/airflow/example_dags/example_time_delta_sensor_async.py took 0.057 seconds
[2026-07-16T05:37:52.457+0000] {processor.py:161} INFO - Started process (PID=1848) to work on /home/airflow/.local/lib/python3.8/site-packages/airflow/example_dags/example_time_delta_sensor_async.py
[2026-07-16T05:37:52.459+0000] {processor.py:830} INFO - Processing file /home/airflow/.local/lib/python3.8/site-packages/airflow/example_dags/example_time_delta_sensor_async.py for tasks to queue
[2026-07-16T05:37:52.461+0000] {logging_mixin.py:188} INFO - [2026-07-16T05:37:52.460+0000] {dagbag.py:538} INFO - Filling up the DagBag from /home/airflow/.local/lib/python3.8/site-packages/airflow/example_dags/example_time_delta_sensor_async.py
[2026-07-16T05:37:52.466+0000] {processor.py:840} INFO - DAG(s) 'example_time_delta_sensor_async' retrieved from /home/airflow/.local/lib/python3.8/site-packages/airflow/example_dags/example_time_delta_sensor_async.py
[2026-07-16T05:37:52.490+0000] {logging_mixin.py:188} INFO - [2026-07-16T05:37:52.490+0000] {dag.py:3036} INFO - Sync 1 DAGs
[2026-07-16T05:37:52.500+0000] {logging_mixin.py:188} INFO - [2026-07-16T05:37:52.500+0000] {dag.py:3823} INFO - Setting next_dagrun for example_time_delta_sensor_async to None, run_after=None
[2026-07-16T05:37:52.518+0000] {processor.py:183} INFO - Processing /home/airflow/.local/lib/python3.8/site-packages/airflow/example_dags/example_time_delta_sensor_async.py took 0.064 seconds
[2026-07-16T05:38:22.768+0000] {processor.py:161} INFO - Started process (PID=1898) to work on /home/airflow/.local/lib/python3.8/site-packages/airflow/example_dags/example_time_delta_sensor_async.py
[2026-07-16T05:38:22.769+0000] {processor.py:830} INFO - Processing file /home/airflow/.local/lib/python3.8/site-packages/airflow/example_dags/example_time_delta_sensor_async.py for tasks to queue
[2026-07-16T05:38:22.771+0000] {logging_mixin.py:188} INFO - [2026-07-16T05:38:22.771+0000] {dagbag.py:538} INFO - Filling up the DagBag from /home/airflow/.local/lib/python3.8/site-packages/airflow/example_dags/example_time_delta_sensor_async.py
[2026-07-16T05:38:22.776+0000] {processor.py:840} INFO - DAG(s) 'example_time_delta_sensor_async' retrieved from /home/airflow/.local/lib/python3.8/site-packages/airflow/example_dags/example_time_delta_sensor_async.py
[2026-07-16T05:38:22.798+0000] {logging_mixin.py:188} INFO - [2026-07-16T05:38:22.797+0000] {dag.py:3036} INFO - Sync 1 DAGs
[2026-07-16T05:38:22.809+0000] {logging_mixin.py:188} INFO - [2026-07-16T05:38:22.809+0000] {dag.py:3823} INFO - Setting next_dagrun for example_time_delta_sensor_async to None, run_after=None
[2026-07-16T05:38:22.827+0000] {processor.py:183} INFO - Processing /home/airflow/.local/lib/python3.8/site-packages/airflow/example_dags/example_time_delta_sensor_async.py took 0.063 seconds
[2026-07-16T05:38:53.075+0000] {processor.py:161} INFO - Started process (PID=1954) to work on /home/airflow/.local/lib/python3.8/site-packages/airflow/example_dags/example_time_delta_sensor_async.py
[2026-07-16T05:38:53.076+0000] {processor.py:830} INFO - Processing file /home/airflow/.local/lib/python3.8/site-packages/airflow/example_dags/example_time_delta_sensor_async.py for tasks to queue
[2026-07-16T05:38:53.079+0000] {logging_mixin.py:188} INFO - [2026-07-16T05:38:53.078+0000] {dagbag.py:538} INFO - Filling up the DagBag from /home/airflow/.local/lib/python3.8/site-packages/airflow/example_dags/example_time_delta_sensor_async.py
[2026-07-16T05:38:53.085+0000] {processor.py:840} INFO - DAG(s) 'example_time_delta_sensor_async' retrieved from /home/airflow/.local/lib/python3.8/site-packages/airflow/example_dags/example_time_delta_sensor_async.py
[2026-07-16T05:38:53.106+0000] {logging_mixin.py:188} INFO - [2026-07-16T05:38:53.105+0000] {dag.py:3036} INFO - Sync 1 DAGs
[2026-07-16T05:38:53.118+0000] {logging_mixin.py:188} INFO - [2026-07-16T05:38:53.117+0000] {dag.py:3823} INFO - Setting next_dagrun for example_time_delta_sensor_async to None, run_after=None
[2026-07-16T05:38:53.140+0000] {processor.py:183} INFO - Processing /home/airflow/.local/lib/python3.8/site-packages/airflow/example_dags/example_time_delta_sensor_async.py took 0.069 seconds
[2026-07-16T05:39:23.369+0000] {processor.py:161} INFO - Started process (PID=2010) to work on /home/airflow/.local/lib/python3.8/site-packages/airflow/example_dags/example_time_delta_sensor_async.py
[2026-07-16T05:39:23.370+0000] {processor.py:830} INFO - Processing file /home/airflow/.local/lib/python3.8/site-packages/airflow/example_dags/example_time_delta_sensor_async.py for tasks to queue
[2026-07-16T05:39:23.371+0000] {logging_mixin.py:188} INFO - [2026-07-16T05:39:23.371+0000] {dagbag.py:538} INFO - Filling up the DagBag from /home/airflow/.local/lib/python3.8/site-packages/airflow/example_dags/example_time_delta_sensor_async.py
[2026-07-16T05:39:23.376+0000] {processor.py:840} INFO - DAG(s) 'example_time_delta_sensor_async' retrieved from /home/airflow/.local/lib/python3.8/site-packages/airflow/example_dags/example_time_delta_sensor_async.py
[2026-07-16T05:39:23.397+0000] {logging_mixin.py:188} INFO - [2026-07-16T05:39:23.397+0000] {dag.py:3036} INFO - Sync 1 DAGs
[2026-07-16T05:39:23.408+0000] {logging_mixin.py:188} INFO - [2026-07-16T05:39:23.407+0000] {dag.py:3823} INFO - Setting next_dagrun for example_time_delta_sensor_async to None, run_after=None
[2026-07-16T05:39:23.428+0000] {processor.py:183} INFO - Processing /home/airflow/.local/lib/python3.8/site-packages/airflow/example_dags/example_time_delta_sensor_async.py took 0.063 seconds
[2026-07-16T05:39:53.576+0000] {processor.py:161} INFO - Started process (PID=2066) to work on /home/airflow/.local/lib/python3.8/site-packages/airflow/example_dags/example_time_delta_sensor_async.py
[2026-07-16T05:39:53.577+0000] {processor.py:830} INFO - Processing file /home/airflow/.local/lib/python3.8/site-packages/airflow/example_dags/example_time_delta_sensor_async.py for tasks to queue
[2026-07-16T05:39:53.578+0000] {logging_mixin.py:188} INFO - [2026-07-16T05:39:53.578+0000] {dagbag.py:538} INFO - Filling up the DagBag from /home/airflow/.local/lib/python3.8/site-packages/airflow/example_dags/example_time_delta_sensor_async.py
[2026-07-16T05:39:53.584+0000] {processor.py:840} INFO - DAG(s) 'example_time_delta_sensor_async' retrieved from /home/airflow/.local/lib/python3.8/site-packages/airflow/example_dags/example_time_delta_sensor_async.py
[2026-07-16T05:39:53.603+0000] {logging_mixin.py:188} INFO - [2026-07-16T05:39:53.603+0000] {dag.py:3036} INFO - Sync 1 DAGs
[2026-07-16T05:39:53.614+0000] {logging_mixin.py:188} INFO - [2026-07-16T05:39:53.613+0000] {dag.py:3823} INFO - Setting next_dagrun for example_time_delta_sensor_async to None, run_after=None
[2026-07-16T05:39:53.631+0000] {processor.py:183} INFO - Processing /home/airflow/.local/lib/python3.8/site-packages/airflow/example_dags/example_time_delta_sensor_async.py took 0.059 seconds
[2026-07-16T05:40:23.754+0000] {processor.py:161} INFO - Started process (PID=2122) to work on /home/airflow/.local/lib/python3.8/site-packages/airflow/example_dags/example_time_delta_sensor_async.py
[2026-07-16T05:40:23.756+0000] {processor.py:830} INFO - Processing file /home/airflow/.local/lib/python3.8/site-packages/airflow/example_dags/example_time_delta_sensor_async.py for tasks to queue
[2026-07-16T05:40:23.758+0000] {logging_mixin.py:188} INFO - [2026-07-16T05:40:23.758+0000] {dagbag.py:538} INFO - Filling up the DagBag from /home/airflow/.local/lib/python3.8/site-packages/airflow/example_dags/example_time_delta_sensor_async.py
[2026-07-16T05:40:23.762+0000] {processor.py:840} INFO - DAG(s) 'example_time_delta_sensor_async' retrieved from /home/airflow/.local/lib/python3.8/site-packages/airflow/example_dags/example_time_delta_sensor_async.py
[2026-07-16T05:40:23.782+0000] {logging_mixin.py:188} INFO - [2026-07-16T05:40:23.782+0000] {dag.py:3036} INFO - Sync 1 DAGs
[2026-07-16T05:40:23.794+0000] {logging_mixin.py:188} INFO - [2026-07-16T05:40:23.794+0000] {dag.py:3823} INFO - Setting next_dagrun for example_time_delta_sensor_async to None, run_after=None
[2026-07-16T05:40:23.813+0000] {processor.py:183} INFO - Processing /home/airflow/.local/lib/python3.8/site-packages/airflow/example_dags/example_time_delta_sensor_async.py took 0.061 seconds
[2026-07-16T05:40:54.067+0000] {processor.py:161} INFO - Started process (PID=2178) to work on /home/airflow/.local/lib/python3.8/site-packages/airflow/example_dags/example_time_delta_sensor_async.py
[2026-07-16T05:40:54.069+0000] {processor.py:830} INFO - Processing file /home/airflow/.local/lib/python3.8/site-packages/airflow/example_dags/example_time_delta_sensor_async.py for tasks to queue
[2026-07-16T05:40:54.071+0000] {logging_mixin.py:188} INFO - [2026-07-16T05:40:54.071+0000] {dagbag.py:538} INFO - Filling up the DagBag from /home/airflow/.local/lib/python3.8/site-packages/airflow/example_dags/example_time_delta_sensor_async.py
[2026-07-16T05:40:54.080+0000] {processor.py:840} INFO - DAG(s) 'example_time_delta_sensor_async' retrieved from /home/airflow/.local/lib/python3.8/site-packages/airflow/example_dags/example_time_delta_sensor_async.py
[2026-07-16T05:40:54.120+0000] {logging_mixin.py:188} INFO - [2026-07-16T05:40:54.118+0000] {dag.py:3036} INFO - Sync 1 DAGs
[2026-07-16T05:40:54.140+0000] {logging_mixin.py:188} INFO - [2026-07-16T05:40:54.140+0000] {dag.py:3823} INFO - Setting next_dagrun for example_time_delta_sensor_async to None, run_after=None
[2026-07-16T05:40:54.176+0000] {processor.py:183} INFO - Processing /home/airflow/.local/lib/python3.8/site-packages/airflow/example_dags/example_time_delta_sensor_async.py took 0.113 seconds
[2026-07-16T05:41:24.304+0000] {processor.py:161} INFO - Started process (PID=2234) to work on /home/airflow/.local/lib/python3.8/site-packages/airflow/example_dags/example_time_delta_sensor_async.py
[2026-07-16T05:41:24.305+0000] {processor.py:830} INFO - Processing file /home/airflow/.local/lib/python3.8/site-packages/airflow/example_dags/example_time_delta_sensor_async.py for tasks to queue
[2026-07-16T05:41:24.306+0000] {logging_mixin.py:188} INFO - [2026-07-16T05:41:24.306+0000] {dagbag.py:538} INFO - Filling up the DagBag from /home/airflow/.local/lib/python3.8/site-packages/airflow/example_dags/example_time_delta_sensor_async.py
[2026-07-16T05:41:24.311+0000] {processor.py:840} INFO - DAG(s) 'example_time_delta_sensor_async' retrieved from /home/airflow/.local/lib/python3.8/site-packages/airflow/example_dags/example_time_delta_sensor_async.py
[2026-07-16T05:41:24.327+0000] {logging_mixin.py:188} INFO - [2026-07-16T05:41:24.327+0000] {dag.py:3036} INFO - Sync 1 DAGs
[2026-07-16T05:41:24.337+0000] {logging_mixin.py:188} INFO - [2026-07-16T05:41:24.337+0000] {dag.py:3823} INFO - Setting next_dagrun for example_time_delta_sensor_async to None, run_after=None
[2026-07-16T05:41:24.352+0000] {processor.py:183} INFO - Processing /home/airflow/.local/lib/python3.8/site-packages/airflow/example_dags/example_time_delta_sensor_async.py took 0.051 seconds
[2026-07-16T05:41:55.153+0000] {processor.py:161} INFO - Started process (PID=2290) to work on /home/airflow/.local/lib/python3.8/site-packages/airflow/example_dags/example_time_delta_sensor_async.py
[2026-07-16T05:41:55.154+0000] {processor.py:830} INFO - Processing file /home/airflow/.local/lib/python3.8/site-packages/airflow/example_dags/example_time_delta_sensor_async.py for tasks to queue
[2026-07-16T05:41:55.156+0000] {logging_mixin.py:188} INFO - [2026-07-16T05:41:55.156+0000] {dagbag.py:538} INFO - Filling up the DagBag from /home/airflow/.local/lib/python3.8/site-packages/airflow/example_dags/example_time_delta_sensor_async.py
[2026-07-16T05:41:55.161+0000] {processor.py:840} INFO - DAG(s) 'example_time_delta_sensor_async' retrieved from /home/airflow/.local/lib/python3.8/site-packages/airflow/example_dags/example_time_delta_sensor_async.py
[2026-07-16T05:41:55.180+0000] {logging_mixin.py:188} INFO - [2026-07-16T05:41:55.180+0000] {dag.py:3036} INFO - Sync 1 DAGs
[2026-07-16T05:41:55.190+0000] {logging_mixin.py:188} INFO - [2026-07-16T05:41:55.190+0000] {dag.py:3823} INFO - Setting next_dagrun for example_time_delta_sensor_async to None, run_after=None
[2026-07-16T05:41:55.207+0000] {processor.py:183} INFO - Processing /home/airflow/.local/lib/python3.8/site-packages/airflow/example_dags/example_time_delta_sensor_async.py took 0.058 seconds
[2026-07-16T05:42:25.526+0000] {processor.py:161} INFO - Started process (PID=2346) to work on /home/airflow/.local/lib/python3.8/site-packages/airflow/example_dags/example_time_delta_sensor_async.py
[2026-07-16T05:42:25.527+0000] {processor.py:830} INFO - Processing file /home/airflow/.local/lib/python3.8/site-packages/airflow/example_dags/example_time_delta_sensor_async.py for tasks to queue
[2026-07-16T05:42:25.529+0000] {logging_mixin.py:188} INFO - [2026-07-16T05:42:25.528+0000] {dagbag.py:538} INFO - Filling up the DagBag from /home/airflow/.local/lib/python3.8/site-packages/airflow/example_dags/example_time_delta_sensor_async.py
[2026-07-16T05:42:25.533+0000] {processor.py:840} INFO - DAG(s) 'example_time_delta_sensor_async' retrieved from /home/airflow/.local/lib/python3.8/site-packages/airflow/example_dags/example_time_delta_sensor_async.py
[2026-07-16T05:42:25.551+0000] {logging_mixin.py:188} INFO - [2026-07-16T05:42:25.550+0000] {dag.py:3036} INFO - Sync 1 DAGs
[2026-07-16T05:42:25.559+0000] {logging_mixin.py:188} INFO - [2026-07-16T05:42:25.559+0000] {dag.py:3823} INFO - Setting next_dagrun for example_time_delta_sensor_async to None, run_after=None
[2026-07-16T05:42:25.574+0000] {processor.py:183} INFO - Processing /home/airflow/.local/lib/python3.8/site-packages/airflow/example_dags/example_time_delta_sensor_async.py took 0.051 seconds
[2026-07-16T05:42:55.686+0000] {processor.py:161} INFO - Started process (PID=2402) to work on /home/airflow/.local/lib/python3.8/site-packages/airflow/example_dags/example_time_delta_sensor_async.py
[2026-07-16T05:42:55.687+0000] {processor.py:830} INFO - Processing file /home/airflow/.local/lib/python3.8/site-packages/airflow/example_dags/example_time_delta_sensor_async.py for tasks to queue
[2026-07-16T05:42:55.689+0000] {logging_mixin.py:188} INFO - [2026-07-16T05:42:55.689+0000] {dagbag.py:538} INFO - Filling up the DagBag from /home/airflow/.local/lib/python3.8/site-packages/airflow/example_dags/example_time_delta_sensor_async.py
[2026-07-16T05:42:55.693+0000] {processor.py:840} INFO - DAG(s) 'example_time_delta_sensor_async' retrieved from /home/airflow/.local/lib/python3.8/site-packages/airflow/example_dags/example_time_delta_sensor_async.py
[2026-07-16T05:42:55.711+0000] {logging_mixin.py:188} INFO - [2026-07-16T05:42:55.710+0000] {dag.py:3036} INFO - Sync 1 DAGs
[2026-07-16T05:42:55.722+0000] {logging_mixin.py:188} INFO - [2026-07-16T05:42:55.722+0000] {dag.py:3823} INFO - Setting next_dagrun for example_time_delta_sensor_async to None, run_after=None
[2026-07-16T05:42:55.737+0000] {processor.py:183} INFO - Processing /home/airflow/.local/lib/python3.8/site-packages/airflow/example_dags/example_time_delta_sensor_async.py took 0.054 seconds
[2026-07-16T05:43:26.140+0000] {processor.py:161} INFO - Started process (PID=2458) to work on /home/airflow/.local/lib/python3.8/site-packages/airflow/example_dags/example_time_delta_sensor_async.py
[2026-07-16T05:43:26.141+0000] {processor.py:830} INFO - Processing file /home/airflow/.local/lib/python3.8/site-packages/airflow/example_dags/example_time_delta_sensor_async.py for tasks to queue
[2026-07-16T05:43:26.142+0000] {logging_mixin.py:188} INFO - [2026-07-16T05:43:26.142+0000] {dagbag.py:538} INFO - Filling up the DagBag from /home/airflow/.local/lib/python3.8/site-packages/airflow/example_dags/example_time_delta_sensor_async.py
[2026-07-16T05:43:26.146+0000] {processor.py:840} INFO - DAG(s) 'example_time_delta_sensor_async' retrieved from /home/airflow/.local/lib/python3.8/site-packages/airflow/example_dags/example_time_delta_sensor_async.py
[2026-07-16T05:43:26.166+0000] {logging_mixin.py:188} INFO - [2026-07-16T05:43:26.166+0000] {dag.py:3036} INFO - Sync 1 DAGs
[2026-07-16T05:43:26.176+0000] {logging_mixin.py:188} INFO - [2026-07-16T05:43:26.176+0000] {dag.py:3823} INFO - Setting next_dagrun for example_time_delta_sensor_async to None, run_after=None
[2026-07-16T05:43:26.197+0000] {processor.py:183} INFO - Processing /home/airflow/.local/lib/python3.8/site-packages/airflow/example_dags/example_time_delta_sensor_async.py took 0.060 seconds
[2026-07-16T05:43:56.593+0000] {processor.py:161} INFO - Started process (PID=2514) to work on /home/airflow/.local/lib/python3.8/site-packages/airflow/example_dags/example_time_delta_sensor_async.py
[2026-07-16T05:43:56.595+0000] {processor.py:830} INFO - Processing file /home/airflow/.local/lib/python3.8/site-packages/airflow/example_dags/example_time_delta_sensor_async.py for tasks to queue
[2026-07-16T05:43:56.597+0000] {logging_mixin.py:188} INFO - [2026-07-16T05:43:56.597+0000] {dagbag.py:538} INFO - Filling up the DagBag from /home/airflow/.local/lib/python3.8/site-packages/airflow/example_dags/example_time_delta_sensor_async.py
[2026-07-16T05:43:56.602+0000] {processor.py:840} INFO - DAG(s) 'example_time_delta_sensor_async' retrieved from /home/airflow/.local/lib/python3.8/site-packages/airflow/example_dags/example_time_delta_sensor_async.py
[2026-07-16T05:43:56.630+0000] {logging_mixin.py:188} INFO - [2026-07-16T05:43:56.629+0000] {dag.py:3036} INFO - Sync 1 DAGs
[2026-07-16T05:43:56.661+0000] {logging_mixin.py:188} INFO - [2026-07-16T05:43:56.661+0000] {dag.py:3823} INFO - Setting next_dagrun for example_time_delta_sensor_async to None, run_after=None
[2026-07-16T05:43:56.688+0000] {processor.py:183} INFO - Processing /home/airflow/.local/lib/python3.8/site-packages/airflow/example_dags/example_time_delta_sensor_async.py took 0.099 seconds
[2026-07-16T05:44:27.072+0000] {processor.py:161} INFO - Started process (PID=2570) to work on /home/airflow/.local/lib/python3.8/site-packages/airflow/example_dags/example_time_delta_sensor_async.py
[2026-07-16T05:44:27.073+0000] {processor.py:830} INFO - Processing file /home/airflow/.local/lib/python3.8/site-packages/airflow/example_dags/example_time_delta_sensor_async.py for tasks to queue
[2026-07-16T05:44:27.075+0000] {logging_mixin.py:188} INFO - [2026-07-16T05:44:27.074+0000] {dagbag.py:538} INFO - Filling up the DagBag from /home/airflow/.local/lib/python3.8/site-packages/airflow/example_dags/example_time_delta_sensor_async.py
[2026-07-16T05:44:27.079+0000] {processor.py:840} INFO - DAG(s) 'example_time_delta_sensor_async' retrieved from /home/airflow/.local/lib/python3.8/site-packages/airflow/example_dags/example_time_delta_sensor_async.py
[2026-07-16T05:44:27.100+0000] {logging_mixin.py:188} INFO - [2026-07-16T05:44:27.100+0000] {dag.py:3036} INFO - Sync 1 DAGs
[2026-07-16T05:44:27.111+0000] {logging_mixin.py:188} INFO - [2026-07-16T05:44:27.111+0000] {dag.py:3823} INFO - Setting next_dagrun for example_time_delta_sensor_async to None, run_after=None
[2026-07-16T05:44:27.130+0000] {processor.py:183} INFO - Processing /home/airflow/.local/lib/python3.8/site-packages/airflow/example_dags/example_time_delta_sensor_async.py took 0.062 seconds
[2026-07-16T05:44:57.373+0000] {processor.py:161} INFO - Started process (PID=2626) to work on /home/airflow/.local/lib/python3.8/site-packages/airflow/example_dags/example_time_delta_sensor_async.py
[2026-07-16T05:44:57.374+0000] {processor.py:830} INFO - Processing file /home/airflow/.local/lib/python3.8/site-packages/airflow/example_dags/example_time_delta_sensor_async.py for tasks to queue
[2026-07-16T05:44:57.376+0000] {logging_mixin.py:188} INFO - [2026-07-16T05:44:57.376+0000] {dagbag.py:538} INFO - Filling up the DagBag from /home/airflow/.local/lib/python3.8/site-packages/airflow/example_dags/example_time_delta_sensor_async.py
[2026-07-16T05:44:57.380+0000] {processor.py:840} INFO - DAG(s) 'example_time_delta_sensor_async' retrieved from /home/airflow/.local/lib/python3.8/site-packages/airflow/example_dags/example_time_delta_sensor_async.py
[2026-07-16T05:44:57.397+0000] {logging_mixin.py:188} INFO - [2026-07-16T05:44:57.397+0000] {dag.py:3036} INFO - Sync 1 DAGs
[2026-07-16T05:44:57.406+0000] {logging_mixin.py:188} INFO - [2026-07-16T05:44:57.406+0000] {dag.py:3823} INFO - Setting next_dagrun for example_time_delta_sensor_async to None, run_after=None
[2026-07-16T05:44:57.421+0000] {processor.py:183} INFO - Processing /home/airflow/.local/lib/python3.8/site-packages/airflow/example_dags/example_time_delta_sensor_async.py took 0.051 seconds
[2026-07-16T05:45:27.588+0000] {processor.py:161} INFO - Started process (PID=2682) to work on /home/airflow/.local/lib/python3.8/site-packages/airflow/example_dags/example_time_delta_sensor_async.py
[2026-07-16T05:45:27.588+0000] {processor.py:830} INFO - Processing file /home/airflow/.local/lib/python3.8/site-packages/airflow/example_dags/example_time_delta_sensor_async.py for tasks to queue
[2026-07-16T05:45:27.590+0000] {logging_mixin.py:188} INFO - [2026-07-16T05:45:27.589+0000] {dagbag.py:538} INFO - Filling up the DagBag from /home/airflow/.local/lib/python3.8/site-packages/airflow/example_dags/example_time_delta_sensor_async.py
[2026-07-16T05:45:27.593+0000] {processor.py:840} INFO - DAG(s) 'example_time_delta_sensor_async' retrieved from /home/airflow/.local/lib/python3.8/site-packages/airflow/example_dags/example_time_delta_sensor_async.py
[2026-07-16T05:45:27.610+0000] {logging_mixin.py:188} INFO - [2026-07-16T05:45:27.609+0000] {dag.py:3036} INFO - Sync 1 DAGs
[2026-07-16T05:45:27.618+0000] {logging_mixin.py:188} INFO - [2026-07-16T05:45:27.618+0000] {dag.py:3823} INFO - Setting next_dagrun for example_time_delta_sensor_async to None, run_after=None
[2026-07-16T05:45:27.632+0000] {processor.py:183} INFO - Processing /home/airflow/.local/lib/python3.8/site-packages/airflow/example_dags/example_time_delta_sensor_async.py took 0.047 seconds
[2026-07-16T05:45:58.254+0000] {processor.py:161} INFO - Started process (PID=2736) to work on /home/airflow/.local/lib/python3.8/site-packages/airflow/example_dags/example_time_delta_sensor_async.py
[2026-07-16T05:45:58.255+0000] {processor.py:830} INFO - Processing file /home/airflow/.local/lib/python3.8/site-packages/airflow/example_dags/example_time_delta_sensor_async.py for tasks to queue
[2026-07-16T05:45:58.257+0000] {logging_mixin.py:188} INFO - [2026-07-16T05:45:58.257+0000] {dagbag.py:538} INFO - Filling up the DagBag from /home/airflow/.local/lib/python3.8/site-packages/airflow/example_dags/example_time_delta_sensor_async.py
[2026-07-16T05:45:58.260+0000] {processor.py:840} INFO - DAG(s) 'example_time_delta_sensor_async' retrieved from /home/airflow/.local/lib/python3.8/site-packages/airflow/example_dags/example_time_delta_sensor_async.py
[2026-07-16T05:45:58.278+0000] {logging_mixin.py:188} INFO - [2026-07-16T05:45:58.278+0000] {dag.py:3036} INFO - Sync 1 DAGs
[2026-07-16T05:45:58.288+0000] {logging_mixin.py:188} INFO - [2026-07-16T05:45:58.288+0000] {dag.py:3823} INFO - Setting next_dagrun for example_time_delta_sensor_async to None, run_after=None
[2026-07-16T05:45:58.306+0000] {processor.py:183} INFO - Processing /home/airflow/.local/lib/python3.8/site-packages/airflow/example_dags/example_time_delta_sensor_async.py took 0.055 seconds
[2026-07-16T05:46:28.457+0000] {processor.py:161} INFO - Started process (PID=2792) to work on /home/airflow/.local/lib/python3.8/site-packages/airflow/example_dags/example_time_delta_sensor_async.py
[2026-07-16T05:46:28.458+0000] {processor.py:830} INFO - Processing file /home/airflow/.local/lib/python3.8/site-packages/airflow/example_dags/example_time_delta_sensor_async.py for tasks to queue
[2026-07-16T05:46:28.459+0000] {logging_mixin.py:188} INFO - [2026-07-16T05:46:28.459+0000] {dagbag.py:538} INFO - Filling up the DagBag from /home/airflow/.local/lib/python3.8/site-packages/airflow/example_dags/example_time_delta_sensor_async.py
[2026-07-16T05:46:28.464+0000] {processor.py:840} INFO - DAG(s) 'example_time_delta_sensor_async' retrieved from /home/airflow/.local/lib/python3.8/site-packages/airflow/example_dags/example_time_delta_sensor_async.py
[2026-07-16T05:46:28.483+0000] {logging_mixin.py:188} INFO - [2026-07-16T05:46:28.483+0000] {dag.py:3036} INFO - Sync 1 DAGs
[2026-07-16T05:46:28.492+0000] {logging_mixin.py:188} INFO - [2026-07-16T05:46:28.491+0000] {dag.py:3823} INFO - Setting next_dagrun for example_time_delta_sensor_async to None, run_after=None
[2026-07-16T05:46:28.507+0000] {processor.py:183} INFO - Processing /home/airflow/.local/lib/python3.8/site-packages/airflow/example_dags/example_time_delta_sensor_async.py took 0.054 seconds
[2026-07-16T05:46:59.130+0000] {processor.py:161} INFO - Started process (PID=2848) to work on /home/airflow/.local/lib/python3.8/site-packages/airflow/example_dags/example_time_delta_sensor_async.py
[2026-07-16T05:46:59.131+0000] {processor.py:830} INFO - Processing file /home/airflow/.local/lib/python3.8/site-packages/airflow/example_dags/example_time_delta_sensor_async.py for tasks to queue
[2026-07-16T05:46:59.133+0000] {logging_mixin.py:188} INFO - [2026-07-16T05:46:59.132+0000] {dagbag.py:538} INFO - Filling up the DagBag from /home/airflow/.local/lib/python3.8/site-packages/airflow/example_dags/example_time_delta_sensor_async.py
[2026-07-16T05:46:59.137+0000] {processor.py:840} INFO - DAG(s) 'example_time_delta_sensor_async' retrieved from /home/airflow/.local/lib/python3.8/site-packages/airflow/example_dags/example_time_delta_sensor_async.py
[2026-07-16T05:46:59.160+0000] {logging_mixin.py:188} INFO - [2026-07-16T05:46:59.160+0000] {dag.py:3036} INFO - Sync 1 DAGs
[2026-07-16T05:46:59.174+0000] {logging_mixin.py:188} INFO - [2026-07-16T05:46:59.173+0000] {dag.py:3823} INFO - Setting next_dagrun for example_time_delta_sensor_async to None, run_after=None
[2026-07-16T05:46:59.192+0000] {processor.py:183} INFO - Processing /home/airflow/.local/lib/python3.8/site-packages/airflow/example_dags/example_time_delta_sensor_async.py took 0.065 seconds
[2026-07-16T05:47:29.569+0000] {processor.py:161} INFO - Started process (PID=2904) to work on /home/airflow/.local/lib/python3.8/site-packages/airflow/example_dags/example_time_delta_sensor_async.py
[2026-07-16T05:47:29.570+0000] {processor.py:830} INFO - Processing file /home/airflow/.local/lib/python3.8/site-packages/airflow/example_dags/example_time_delta_sensor_async.py for tasks to queue
[2026-07-16T05:47:29.572+0000] {logging_mixin.py:188} INFO - [2026-07-16T05:47:29.571+0000] {dagbag.py:538} INFO - Filling up the DagBag from /home/airflow/.local/lib/python3.8/site-packages/airflow/example_dags/example_time_delta_sensor_async.py
[2026-07-16T05:47:29.575+0000] {processor.py:840} INFO - DAG(s) 'example_time_delta_sensor_async' retrieved from /home/airflow/.local/lib/python3.8/site-packages/airflow/example_dags/example_time_delta_sensor_async.py
[2026-07-16T05:47:29.592+0000] {logging_mixin.py:188} INFO - [2026-07-16T05:47:29.592+0000] {dag.py:3036} INFO - Sync 1 DAGs
[2026-07-16T05:47:29.600+0000] {logging_mixin.py:188} INFO - [2026-07-16T05:47:29.600+0000] {dag.py:3823} INFO - Setting next_dagrun for example_time_delta_sensor_async to None, run_after=None
[2026-07-16T05:47:29.615+0000] {processor.py:183} INFO - Processing /home/airflow/.local/lib/python3.8/site-packages/airflow/example_dags/example_time_delta_sensor_async.py took 0.049 seconds
[2026-07-16T05:47:59.885+0000] {processor.py:161} INFO - Started process (PID=2960) to work on /home/airflow/.local/lib/python3.8/site-packages/airflow/example_dags/example_time_delta_sensor_async.py
[2026-07-16T05:47:59.887+0000] {processor.py:830} INFO - Processing file /home/airflow/.local/lib/python3.8/site-packages/airflow/example_dags/example_time_delta_sensor_async.py for tasks to queue
[2026-07-16T05:47:59.889+0000] {logging_mixin.py:188} INFO - [2026-07-16T05:47:59.889+0000] {dagbag.py:538} INFO - Filling up the DagBag from /home/airflow/.local/lib/python3.8/site-packages/airflow/example_dags/example_time_delta_sensor_async.py
[2026-07-16T05:47:59.894+0000] {processor.py:840} INFO - DAG(s) 'example_time_delta_sensor_async' retrieved from /home/airflow/.local/lib/python3.8/site-packages/airflow/example_dags/example_time_delta_sensor_async.py
[2026-07-16T05:47:59.916+0000] {logging_mixin.py:188} INFO - [2026-07-16T05:47:59.916+0000] {dag.py:3036} INFO - Sync 1 DAGs
[2026-07-16T05:47:59.930+0000] {logging_mixin.py:188} INFO - [2026-07-16T05:47:59.930+0000] {dag.py:3823} INFO - Setting next_dagrun for example_time_delta_sensor_async to None, run_after=None
[2026-07-16T05:47:59.951+0000] {processor.py:183} INFO - Processing /home/airflow/.local/lib/python3.8/site-packages/airflow/example_dags/example_time_delta_sensor_async.py took 0.069 seconds
[2026-07-16T05:48:30.274+0000] {processor.py:161} INFO - Started process (PID=3016) to work on /home/airflow/.local/lib/python3.8/site-packages/airflow/example_dags/example_time_delta_sensor_async.py
[2026-07-16T05:48:30.276+0000] {processor.py:830} INFO - Processing file /home/airflow/.local/lib/python3.8/site-packages/airflow/example_dags/example_time_delta_sensor_async.py for tasks to queue
[2026-07-16T05:48:30.278+0000] {logging_mixin.py:188} INFO - [2026-07-16T05:48:30.278+0000] {dagbag.py:538} INFO - Filling up the DagBag from /home/airflow/.local/lib/python3.8/site-packages/airflow/example_dags/example_time_delta_sensor_async.py
[2026-07-16T05:48:30.283+0000] {processor.py:840} INFO - DAG(s) 'example_time_delta_sensor_async' retrieved from /home/airflow/.local/lib/python3.8/site-packages/airflow/example_dags/example_time_delta_sensor_async.py
[2026-07-16T05:48:30.306+0000] {logging_mixin.py:188} INFO - [2026-07-16T05:48:30.306+0000] {dag.py:3036} INFO - Sync 1 DAGs
[2026-07-16T05:48:30.322+0000] {logging_mixin.py:188} INFO - [2026-07-16T05:48:30.321+0000] {dag.py:3823} INFO - Setting next_dagrun for example_time_delta_sensor_async to None, run_after=None
[2026-07-16T05:48:30.343+0000] {processor.py:183} INFO - Processing /home/airflow/.local/lib/python3.8/site-packages/airflow/example_dags/example_time_delta_sensor_async.py took 0.073 seconds
