[2026-07-16T05:21:57.598+0000] {processor.py:161} INFO - Started process (PID=85) to work on /home/airflow/.local/lib/python3.8/site-packages/airflow/example_dags/example_branch_operator.py
[2026-07-16T05:21:57.599+0000] {processor.py:830} INFO - Processing file /home/airflow/.local/lib/python3.8/site-packages/airflow/example_dags/example_branch_operator.py for tasks to queue
[2026-07-16T05:21:57.602+0000] {logging_mixin.py:188} INFO - [2026-07-16T05:21:57.602+0000] {dagbag.py:538} INFO - Filling up the DagBag from /home/airflow/.local/lib/python3.8/site-packages/airflow/example_dags/example_branch_operator.py
[2026-07-16T05:21:57.645+0000] {processor.py:840} INFO - DAG(s) 'example_branch_operator' retrieved from /home/airflow/.local/lib/python3.8/site-packages/airflow/example_dags/example_branch_operator.py
[2026-07-16T05:21:57.852+0000] {logging_mixin.py:188} INFO - [2026-07-16T05:21:57.851+0000] {dag.py:3036} INFO - Sync 1 DAGs
[2026-07-16T05:21:57.884+0000] {logging_mixin.py:188} INFO - [2026-07-16T05:21:57.884+0000] {dag.py:3823} INFO - Setting next_dagrun for example_branch_operator to 2026-07-15 00:00:00+00:00, run_after=2026-07-16 00:00:00+00:00
[2026-07-16T05:21:57.918+0000] {processor.py:183} INFO - Processing /home/airflow/.local/lib/python3.8/site-packages/airflow/example_dags/example_branch_operator.py took 0.325 seconds
[2026-07-16T05:22:28.173+0000] {processor.py:161} INFO - Started process (PID=141) to work on /home/airflow/.local/lib/python3.8/site-packages/airflow/example_dags/example_branch_operator.py
[2026-07-16T05:22:28.177+0000] {processor.py:830} INFO - Processing file /home/airflow/.local/lib/python3.8/site-packages/airflow/example_dags/example_branch_operator.py for tasks to queue
[2026-07-16T05:22:28.185+0000] {logging_mixin.py:188} INFO - [2026-07-16T05:22:28.184+0000] {dagbag.py:538} INFO - Filling up the DagBag from /home/airflow/.local/lib/python3.8/site-packages/airflow/example_dags/example_branch_operator.py
[2026-07-16T05:22:28.231+0000] {processor.py:840} INFO - DAG(s) 'example_branch_operator' retrieved from /home/airflow/.local/lib/python3.8/site-packages/airflow/example_dags/example_branch_operator.py
[2026-07-16T05:22:28.346+0000] {logging_mixin.py:188} INFO - [2026-07-16T05:22:28.345+0000] {dag.py:3036} INFO - Sync 1 DAGs
[2026-07-16T05:22:28.447+0000] {logging_mixin.py:188} INFO - [2026-07-16T05:22:28.446+0000] {dag.py:3823} INFO - Setting next_dagrun for example_branch_operator to 2026-07-15 00:00:00+00:00, run_after=2026-07-16 00:00:00+00:00
[2026-07-16T05:22:28.500+0000] {processor.py:183} INFO - Processing /home/airflow/.local/lib/python3.8/site-packages/airflow/example_dags/example_branch_operator.py took 0.336 seconds
[2026-07-16T05:23:00.049+0000] {processor.py:161} INFO - Started process (PID=205) to work on /home/airflow/.local/lib/python3.8/site-packages/airflow/example_dags/example_branch_operator.py
[2026-07-16T05:23:00.052+0000] {processor.py:830} INFO - Processing file /home/airflow/.local/lib/python3.8/site-packages/airflow/example_dags/example_branch_operator.py for tasks to queue
[2026-07-16T05:23:00.057+0000] {logging_mixin.py:188} INFO - [2026-07-16T05:23:00.056+0000] {dagbag.py:538} INFO - Filling up the DagBag from /home/airflow/.local/lib/python3.8/site-packages/airflow/example_dags/example_branch_operator.py
[2026-07-16T05:23:00.115+0000] {processor.py:840} INFO - DAG(s) 'example_branch_operator' retrieved from /home/airflow/.local/lib/python3.8/site-packages/airflow/example_dags/example_branch_operator.py
[2026-07-16T05:23:00.266+0000] {logging_mixin.py:188} INFO - [2026-07-16T05:23:00.265+0000] {dag.py:3036} INFO - Sync 1 DAGs
[2026-07-16T05:23:00.365+0000] {logging_mixin.py:188} INFO - [2026-07-16T05:23:00.364+0000] {dag.py:3823} INFO - Setting next_dagrun for example_branch_operator to 2026-07-15 00:00:00+00:00, run_after=2026-07-16 00:00:00+00:00
[2026-07-16T05:23:00.434+0000] {processor.py:183} INFO - Processing /home/airflow/.local/lib/python3.8/site-packages/airflow/example_dags/example_branch_operator.py took 0.394 seconds
[2026-07-16T05:23:30.610+0000] {processor.py:161} INFO - Started process (PID=261) to work on /home/airflow/.local/lib/python3.8/site-packages/airflow/example_dags/example_branch_operator.py
[2026-07-16T05:23:30.612+0000] {processor.py:830} INFO - Processing file /home/airflow/.local/lib/python3.8/site-packages/airflow/example_dags/example_branch_operator.py for tasks to queue
[2026-07-16T05:23:30.615+0000] {logging_mixin.py:188} INFO - [2026-07-16T05:23:30.615+0000] {dagbag.py:538} INFO - Filling up the DagBag from /home/airflow/.local/lib/python3.8/site-packages/airflow/example_dags/example_branch_operator.py
[2026-07-16T05:23:30.649+0000] {processor.py:840} INFO - DAG(s) 'example_branch_operator' retrieved from /home/airflow/.local/lib/python3.8/site-packages/airflow/example_dags/example_branch_operator.py
[2026-07-16T05:23:30.688+0000] {logging_mixin.py:188} INFO - [2026-07-16T05:23:30.687+0000] {dag.py:3036} INFO - Sync 1 DAGs
[2026-07-16T05:23:30.717+0000] {logging_mixin.py:188} INFO - [2026-07-16T05:23:30.717+0000] {dag.py:3823} INFO - Setting next_dagrun for example_branch_operator to 2026-07-15 00:00:00+00:00, run_after=2026-07-16 00:00:00+00:00
[2026-07-16T05:23:30.743+0000] {processor.py:183} INFO - Processing /home/airflow/.local/lib/python3.8/site-packages/airflow/example_dags/example_branch_operator.py took 0.139 seconds
[2026-07-16T05:24:02.798+0000] {processor.py:161} INFO - Started process (PID=322) to work on /home/airflow/.local/lib/python3.8/site-packages/airflow/example_dags/example_branch_operator.py
[2026-07-16T05:24:02.805+0000] {processor.py:830} INFO - Processing file /home/airflow/.local/lib/python3.8/site-packages/airflow/example_dags/example_branch_operator.py for tasks to queue
[2026-07-16T05:24:02.815+0000] {logging_mixin.py:188} INFO - [2026-07-16T05:24:02.812+0000] {dagbag.py:538} INFO - Filling up the DagBag from /home/airflow/.local/lib/python3.8/site-packages/airflow/example_dags/example_branch_operator.py
[2026-07-16T05:24:02.926+0000] {processor.py:840} INFO - DAG(s) 'example_branch_operator' retrieved from /home/airflow/.local/lib/python3.8/site-packages/airflow/example_dags/example_branch_operator.py
[2026-07-16T05:24:03.121+0000] {logging_mixin.py:188} INFO - [2026-07-16T05:24:03.118+0000] {dag.py:3036} INFO - Sync 1 DAGs
[2026-07-16T05:24:03.270+0000] {logging_mixin.py:188} INFO - [2026-07-16T05:24:03.268+0000] {dag.py:3823} INFO - Setting next_dagrun for example_branch_operator to 2026-07-15 00:00:00+00:00, run_after=2026-07-16 00:00:00+00:00
[2026-07-16T05:24:03.363+0000] {processor.py:183} INFO - Processing /home/airflow/.local/lib/python3.8/site-packages/airflow/example_dags/example_branch_operator.py took 0.587 seconds
[2026-07-16T05:24:33.868+0000] {processor.py:161} INFO - Started process (PID=378) to work on /home/airflow/.local/lib/python3.8/site-packages/airflow/example_dags/example_branch_operator.py
[2026-07-16T05:24:33.873+0000] {processor.py:830} INFO - Processing file /home/airflow/.local/lib/python3.8/site-packages/airflow/example_dags/example_branch_operator.py for tasks to queue
[2026-07-16T05:24:33.878+0000] {logging_mixin.py:188} INFO - [2026-07-16T05:24:33.878+0000] {dagbag.py:538} INFO - Filling up the DagBag from /home/airflow/.local/lib/python3.8/site-packages/airflow/example_dags/example_branch_operator.py
[2026-07-16T05:24:33.904+0000] {processor.py:840} INFO - DAG(s) 'example_branch_operator' retrieved from /home/airflow/.local/lib/python3.8/site-packages/airflow/example_dags/example_branch_operator.py
[2026-07-16T05:24:33.965+0000] {logging_mixin.py:188} INFO - [2026-07-16T05:24:33.965+0000] {dag.py:3036} INFO - Sync 1 DAGs
[2026-07-16T05:24:34.003+0000] {logging_mixin.py:188} INFO - [2026-07-16T05:24:34.003+0000] {dag.py:3823} INFO - Setting next_dagrun for example_branch_operator to 2026-07-15 00:00:00+00:00, run_after=2026-07-16 00:00:00+00:00
[2026-07-16T05:24:34.040+0000] {processor.py:183} INFO - Processing /home/airflow/.local/lib/python3.8/site-packages/airflow/example_dags/example_branch_operator.py took 0.182 seconds
[2026-07-16T05:25:04.168+0000] {processor.py:161} INFO - Started process (PID=434) to work on /home/airflow/.local/lib/python3.8/site-packages/airflow/example_dags/example_branch_operator.py
[2026-07-16T05:25:04.172+0000] {processor.py:830} INFO - Processing file /home/airflow/.local/lib/python3.8/site-packages/airflow/example_dags/example_branch_operator.py for tasks to queue
[2026-07-16T05:25:04.175+0000] {logging_mixin.py:188} INFO - [2026-07-16T05:25:04.175+0000] {dagbag.py:538} INFO - Filling up the DagBag from /home/airflow/.local/lib/python3.8/site-packages/airflow/example_dags/example_branch_operator.py
[2026-07-16T05:25:04.202+0000] {processor.py:840} INFO - DAG(s) 'example_branch_operator' retrieved from /home/airflow/.local/lib/python3.8/site-packages/airflow/example_dags/example_branch_operator.py
[2026-07-16T05:25:04.239+0000] {logging_mixin.py:188} INFO - [2026-07-16T05:25:04.238+0000] {dag.py:3036} INFO - Sync 1 DAGs
[2026-07-16T05:25:04.265+0000] {logging_mixin.py:188} INFO - [2026-07-16T05:25:04.265+0000] {dag.py:3823} INFO - Setting next_dagrun for example_branch_operator to 2026-07-15 00:00:00+00:00, run_after=2026-07-16 00:00:00+00:00
[2026-07-16T05:25:04.292+0000] {processor.py:183} INFO - Processing /home/airflow/.local/lib/python3.8/site-packages/airflow/example_dags/example_branch_operator.py took 0.129 seconds
[2026-07-16T05:25:34.463+0000] {processor.py:161} INFO - Started process (PID=490) to work on /home/airflow/.local/lib/python3.8/site-packages/airflow/example_dags/example_branch_operator.py
[2026-07-16T05:25:34.467+0000] {processor.py:830} INFO - Processing file /home/airflow/.local/lib/python3.8/site-packages/airflow/example_dags/example_branch_operator.py for tasks to queue
[2026-07-16T05:25:34.470+0000] {logging_mixin.py:188} INFO - [2026-07-16T05:25:34.470+0000] {dagbag.py:538} INFO - Filling up the DagBag from /home/airflow/.local/lib/python3.8/site-packages/airflow/example_dags/example_branch_operator.py
[2026-07-16T05:25:34.494+0000] {processor.py:840} INFO - DAG(s) 'example_branch_operator' retrieved from /home/airflow/.local/lib/python3.8/site-packages/airflow/example_dags/example_branch_operator.py
[2026-07-16T05:25:34.550+0000] {logging_mixin.py:188} INFO - [2026-07-16T05:25:34.549+0000] {dag.py:3036} INFO - Sync 1 DAGs
[2026-07-16T05:25:34.582+0000] {logging_mixin.py:188} INFO - [2026-07-16T05:25:34.582+0000] {dag.py:3823} INFO - Setting next_dagrun for example_branch_operator to 2026-07-15 00:00:00+00:00, run_after=2026-07-16 00:00:00+00:00
[2026-07-16T05:25:34.612+0000] {processor.py:183} INFO - Processing /home/airflow/.local/lib/python3.8/site-packages/airflow/example_dags/example_branch_operator.py took 0.161 seconds
[2026-07-16T05:26:04.815+0000] {processor.py:161} INFO - Started process (PID=546) to work on /home/airflow/.local/lib/python3.8/site-packages/airflow/example_dags/example_branch_operator.py
[2026-07-16T05:26:04.820+0000] {processor.py:830} INFO - Processing file /home/airflow/.local/lib/python3.8/site-packages/airflow/example_dags/example_branch_operator.py for tasks to queue
[2026-07-16T05:26:04.823+0000] {logging_mixin.py:188} INFO - [2026-07-16T05:26:04.822+0000] {dagbag.py:538} INFO - Filling up the DagBag from /home/airflow/.local/lib/python3.8/site-packages/airflow/example_dags/example_branch_operator.py
[2026-07-16T05:26:04.853+0000] {processor.py:840} INFO - DAG(s) 'example_branch_operator' retrieved from /home/airflow/.local/lib/python3.8/site-packages/airflow/example_dags/example_branch_operator.py
[2026-07-16T05:26:04.902+0000] {logging_mixin.py:188} INFO - [2026-07-16T05:26:04.902+0000] {dag.py:3036} INFO - Sync 1 DAGs
[2026-07-16T05:26:04.927+0000] {logging_mixin.py:188} INFO - [2026-07-16T05:26:04.927+0000] {dag.py:3823} INFO - Setting next_dagrun for example_branch_operator to 2026-07-15 00:00:00+00:00, run_after=2026-07-16 00:00:00+00:00
[2026-07-16T05:26:04.951+0000] {processor.py:183} INFO - Processing /home/airflow/.local/lib/python3.8/site-packages/airflow/example_dags/example_branch_operator.py took 0.145 seconds
[2026-07-16T05:26:35.057+0000] {processor.py:161} INFO - Started process (PID=602) to work on /home/airflow/.local/lib/python3.8/site-packages/airflow/example_dags/example_branch_operator.py
[2026-07-16T05:26:35.060+0000] {processor.py:830} INFO - Processing file /home/airflow/.local/lib/python3.8/site-packages/airflow/example_dags/example_branch_operator.py for tasks to queue
[2026-07-16T05:26:35.063+0000] {logging_mixin.py:188} INFO - [2026-07-16T05:26:35.063+0000] {dagbag.py:538} INFO - Filling up the DagBag from /home/airflow/.local/lib/python3.8/site-packages/airflow/example_dags/example_branch_operator.py
[2026-07-16T05:26:35.093+0000] {processor.py:840} INFO - DAG(s) 'example_branch_operator' retrieved from /home/airflow/.local/lib/python3.8/site-packages/airflow/example_dags/example_branch_operator.py
[2026-07-16T05:26:35.138+0000] {logging_mixin.py:188} INFO - [2026-07-16T05:26:35.138+0000] {dag.py:3036} INFO - Sync 1 DAGs
[2026-07-16T05:26:35.168+0000] {logging_mixin.py:188} INFO - [2026-07-16T05:26:35.168+0000] {dag.py:3823} INFO - Setting next_dagrun for example_branch_operator to 2026-07-15 00:00:00+00:00, run_after=2026-07-16 00:00:00+00:00
[2026-07-16T05:26:35.198+0000] {processor.py:183} INFO - Processing /home/airflow/.local/lib/python3.8/site-packages/airflow/example_dags/example_branch_operator.py took 0.146 seconds
[2026-07-16T05:27:05.241+0000] {processor.py:161} INFO - Started process (PID=652) to work on /home/airflow/.local/lib/python3.8/site-packages/airflow/example_dags/example_branch_operator.py
[2026-07-16T05:27:05.246+0000] {processor.py:830} INFO - Processing file /home/airflow/.local/lib/python3.8/site-packages/airflow/example_dags/example_branch_operator.py for tasks to queue
[2026-07-16T05:27:05.251+0000] {logging_mixin.py:188} INFO - [2026-07-16T05:27:05.250+0000] {dagbag.py:538} INFO - Filling up the DagBag from /home/airflow/.local/lib/python3.8/site-packages/airflow/example_dags/example_branch_operator.py
[2026-07-16T05:27:05.281+0000] {processor.py:840} INFO - DAG(s) 'example_branch_operator' retrieved from /home/airflow/.local/lib/python3.8/site-packages/airflow/example_dags/example_branch_operator.py
[2026-07-16T05:27:05.328+0000] {logging_mixin.py:188} INFO - [2026-07-16T05:27:05.328+0000] {dag.py:3036} INFO - Sync 1 DAGs
[2026-07-16T05:27:05.370+0000] {logging_mixin.py:188} INFO - [2026-07-16T05:27:05.370+0000] {dag.py:3823} INFO - Setting next_dagrun for example_branch_operator to 2026-07-15 00:00:00+00:00, run_after=2026-07-16 00:00:00+00:00
[2026-07-16T05:27:05.395+0000] {processor.py:183} INFO - Processing /home/airflow/.local/lib/python3.8/site-packages/airflow/example_dags/example_branch_operator.py took 0.162 seconds
[2026-07-16T05:27:35.574+0000] {processor.py:161} INFO - Started process (PID=708) to work on /home/airflow/.local/lib/python3.8/site-packages/airflow/example_dags/example_branch_operator.py
[2026-07-16T05:27:35.576+0000] {processor.py:830} INFO - Processing file /home/airflow/.local/lib/python3.8/site-packages/airflow/example_dags/example_branch_operator.py for tasks to queue
[2026-07-16T05:27:35.578+0000] {logging_mixin.py:188} INFO - [2026-07-16T05:27:35.578+0000] {dagbag.py:538} INFO - Filling up the DagBag from /home/airflow/.local/lib/python3.8/site-packages/airflow/example_dags/example_branch_operator.py
[2026-07-16T05:27:35.600+0000] {processor.py:840} INFO - DAG(s) 'example_branch_operator' retrieved from /home/airflow/.local/lib/python3.8/site-packages/airflow/example_dags/example_branch_operator.py
[2026-07-16T05:27:35.637+0000] {logging_mixin.py:188} INFO - [2026-07-16T05:27:35.637+0000] {dag.py:3036} INFO - Sync 1 DAGs
[2026-07-16T05:27:35.663+0000] {logging_mixin.py:188} INFO - [2026-07-16T05:27:35.662+0000] {dag.py:3823} INFO - Setting next_dagrun for example_branch_operator to 2026-07-15 00:00:00+00:00, run_after=2026-07-16 00:00:00+00:00
[2026-07-16T05:27:35.690+0000] {processor.py:183} INFO - Processing /home/airflow/.local/lib/python3.8/site-packages/airflow/example_dags/example_branch_operator.py took 0.122 seconds
[2026-07-16T05:28:05.826+0000] {processor.py:161} INFO - Started process (PID=764) to work on /home/airflow/.local/lib/python3.8/site-packages/airflow/example_dags/example_branch_operator.py
[2026-07-16T05:28:05.828+0000] {processor.py:830} INFO - Processing file /home/airflow/.local/lib/python3.8/site-packages/airflow/example_dags/example_branch_operator.py for tasks to queue
[2026-07-16T05:28:05.831+0000] {logging_mixin.py:188} INFO - [2026-07-16T05:28:05.830+0000] {dagbag.py:538} INFO - Filling up the DagBag from /home/airflow/.local/lib/python3.8/site-packages/airflow/example_dags/example_branch_operator.py
[2026-07-16T05:28:05.856+0000] {processor.py:840} INFO - DAG(s) 'example_branch_operator' retrieved from /home/airflow/.local/lib/python3.8/site-packages/airflow/example_dags/example_branch_operator.py
[2026-07-16T05:28:05.895+0000] {logging_mixin.py:188} INFO - [2026-07-16T05:28:05.895+0000] {dag.py:3036} INFO - Sync 1 DAGs
[2026-07-16T05:28:05.928+0000] {logging_mixin.py:188} INFO - [2026-07-16T05:28:05.928+0000] {dag.py:3823} INFO - Setting next_dagrun for example_branch_operator to 2026-07-15 00:00:00+00:00, run_after=2026-07-16 00:00:00+00:00
[2026-07-16T05:28:05.964+0000] {processor.py:183} INFO - Processing /home/airflow/.local/lib/python3.8/site-packages/airflow/example_dags/example_branch_operator.py took 0.145 seconds
[2026-07-16T05:28:36.782+0000] {processor.py:161} INFO - Started process (PID=820) to work on /home/airflow/.local/lib/python3.8/site-packages/airflow/example_dags/example_branch_operator.py
[2026-07-16T05:28:36.789+0000] {processor.py:830} INFO - Processing file /home/airflow/.local/lib/python3.8/site-packages/airflow/example_dags/example_branch_operator.py for tasks to queue
[2026-07-16T05:28:36.799+0000] {logging_mixin.py:188} INFO - [2026-07-16T05:28:36.797+0000] {dagbag.py:538} INFO - Filling up the DagBag from /home/airflow/.local/lib/python3.8/site-packages/airflow/example_dags/example_branch_operator.py
[2026-07-16T05:28:36.866+0000] {processor.py:840} INFO - DAG(s) 'example_branch_operator' retrieved from /home/airflow/.local/lib/python3.8/site-packages/airflow/example_dags/example_branch_operator.py
[2026-07-16T05:28:36.938+0000] {logging_mixin.py:188} INFO - [2026-07-16T05:28:36.938+0000] {dag.py:3036} INFO - Sync 1 DAGs
[2026-07-16T05:28:37.017+0000] {logging_mixin.py:188} INFO - [2026-07-16T05:28:37.016+0000] {dag.py:3823} INFO - Setting next_dagrun for example_branch_operator to 2026-07-15 00:00:00+00:00, run_after=2026-07-16 00:00:00+00:00
[2026-07-16T05:28:37.075+0000] {processor.py:183} INFO - Processing /home/airflow/.local/lib/python3.8/site-packages/airflow/example_dags/example_branch_operator.py took 0.308 seconds
[2026-07-16T05:29:07.709+0000] {processor.py:161} INFO - Started process (PID=876) to work on /home/airflow/.local/lib/python3.8/site-packages/airflow/example_dags/example_branch_operator.py
[2026-07-16T05:29:07.726+0000] {processor.py:830} INFO - Processing file /home/airflow/.local/lib/python3.8/site-packages/airflow/example_dags/example_branch_operator.py for tasks to queue
[2026-07-16T05:29:07.730+0000] {logging_mixin.py:188} INFO - [2026-07-16T05:29:07.729+0000] {dagbag.py:538} INFO - Filling up the DagBag from /home/airflow/.local/lib/python3.8/site-packages/airflow/example_dags/example_branch_operator.py
[2026-07-16T05:29:07.760+0000] {processor.py:840} INFO - DAG(s) 'example_branch_operator' retrieved from /home/airflow/.local/lib/python3.8/site-packages/airflow/example_dags/example_branch_operator.py
[2026-07-16T05:29:07.804+0000] {logging_mixin.py:188} INFO - [2026-07-16T05:29:07.804+0000] {dag.py:3036} INFO - Sync 1 DAGs
[2026-07-16T05:29:07.836+0000] {logging_mixin.py:188} INFO - [2026-07-16T05:29:07.836+0000] {dag.py:3823} INFO - Setting next_dagrun for example_branch_operator to 2026-07-15 00:00:00+00:00, run_after=2026-07-16 00:00:00+00:00
[2026-07-16T05:29:07.876+0000] {processor.py:183} INFO - Processing /home/airflow/.local/lib/python3.8/site-packages/airflow/example_dags/example_branch_operator.py took 0.174 seconds
[2026-07-16T05:29:38.254+0000] {processor.py:161} INFO - Started process (PID=932) to work on /home/airflow/.local/lib/python3.8/site-packages/airflow/example_dags/example_branch_operator.py
[2026-07-16T05:29:38.255+0000] {processor.py:830} INFO - Processing file /home/airflow/.local/lib/python3.8/site-packages/airflow/example_dags/example_branch_operator.py for tasks to queue
[2026-07-16T05:29:38.260+0000] {logging_mixin.py:188} INFO - [2026-07-16T05:29:38.259+0000] {dagbag.py:538} INFO - Filling up the DagBag from /home/airflow/.local/lib/python3.8/site-packages/airflow/example_dags/example_branch_operator.py
[2026-07-16T05:29:38.300+0000] {processor.py:840} INFO - DAG(s) 'example_branch_operator' retrieved from /home/airflow/.local/lib/python3.8/site-packages/airflow/example_dags/example_branch_operator.py
[2026-07-16T05:29:38.384+0000] {logging_mixin.py:188} INFO - [2026-07-16T05:29:38.383+0000] {dag.py:3036} INFO - Sync 1 DAGs
[2026-07-16T05:29:38.448+0000] {logging_mixin.py:188} INFO - [2026-07-16T05:29:38.447+0000] {dag.py:3823} INFO - Setting next_dagrun for example_branch_operator to 2026-07-15 00:00:00+00:00, run_after=2026-07-16 00:00:00+00:00
[2026-07-16T05:29:38.499+0000] {processor.py:183} INFO - Processing /home/airflow/.local/lib/python3.8/site-packages/airflow/example_dags/example_branch_operator.py took 0.255 seconds
[2026-07-16T05:30:08.992+0000] {processor.py:161} INFO - Started process (PID=988) to work on /home/airflow/.local/lib/python3.8/site-packages/airflow/example_dags/example_branch_operator.py
[2026-07-16T05:30:08.994+0000] {processor.py:830} INFO - Processing file /home/airflow/.local/lib/python3.8/site-packages/airflow/example_dags/example_branch_operator.py for tasks to queue
[2026-07-16T05:30:08.998+0000] {logging_mixin.py:188} INFO - [2026-07-16T05:30:08.997+0000] {dagbag.py:538} INFO - Filling up the DagBag from /home/airflow/.local/lib/python3.8/site-packages/airflow/example_dags/example_branch_operator.py
[2026-07-16T05:30:09.029+0000] {processor.py:840} INFO - DAG(s) 'example_branch_operator' retrieved from /home/airflow/.local/lib/python3.8/site-packages/airflow/example_dags/example_branch_operator.py
[2026-07-16T05:30:09.091+0000] {logging_mixin.py:188} INFO - [2026-07-16T05:30:09.090+0000] {dag.py:3036} INFO - Sync 1 DAGs
[2026-07-16T05:30:09.131+0000] {logging_mixin.py:188} INFO - [2026-07-16T05:30:09.131+0000] {dag.py:3823} INFO - Setting next_dagrun for example_branch_operator to 2026-07-15 00:00:00+00:00, run_after=2026-07-16 00:00:00+00:00
[2026-07-16T05:30:09.170+0000] {processor.py:183} INFO - Processing /home/airflow/.local/lib/python3.8/site-packages/airflow/example_dags/example_branch_operator.py took 0.185 seconds
[2026-07-16T05:30:39.514+0000] {processor.py:161} INFO - Started process (PID=1044) to work on /home/airflow/.local/lib/python3.8/site-packages/airflow/example_dags/example_branch_operator.py
[2026-07-16T05:30:39.521+0000] {processor.py:830} INFO - Processing file /home/airflow/.local/lib/python3.8/site-packages/airflow/example_dags/example_branch_operator.py for tasks to queue
[2026-07-16T05:30:39.524+0000] {logging_mixin.py:188} INFO - [2026-07-16T05:30:39.523+0000] {dagbag.py:538} INFO - Filling up the DagBag from /home/airflow/.local/lib/python3.8/site-packages/airflow/example_dags/example_branch_operator.py
[2026-07-16T05:30:39.544+0000] {processor.py:840} INFO - DAG(s) 'example_branch_operator' retrieved from /home/airflow/.local/lib/python3.8/site-packages/airflow/example_dags/example_branch_operator.py
[2026-07-16T05:30:39.582+0000] {logging_mixin.py:188} INFO - [2026-07-16T05:30:39.582+0000] {dag.py:3036} INFO - Sync 1 DAGs
[2026-07-16T05:30:39.619+0000] {logging_mixin.py:188} INFO - [2026-07-16T05:30:39.619+0000] {dag.py:3823} INFO - Setting next_dagrun for example_branch_operator to 2026-07-15 00:00:00+00:00, run_after=2026-07-16 00:00:00+00:00
[2026-07-16T05:30:39.653+0000] {processor.py:183} INFO - Processing /home/airflow/.local/lib/python3.8/site-packages/airflow/example_dags/example_branch_operator.py took 0.145 seconds
[2026-07-16T05:31:10.399+0000] {processor.py:161} INFO - Started process (PID=1100) to work on /home/airflow/.local/lib/python3.8/site-packages/airflow/example_dags/example_branch_operator.py
[2026-07-16T05:31:10.404+0000] {processor.py:830} INFO - Processing file /home/airflow/.local/lib/python3.8/site-packages/airflow/example_dags/example_branch_operator.py for tasks to queue
[2026-07-16T05:31:10.408+0000] {logging_mixin.py:188} INFO - [2026-07-16T05:31:10.407+0000] {dagbag.py:538} INFO - Filling up the DagBag from /home/airflow/.local/lib/python3.8/site-packages/airflow/example_dags/example_branch_operator.py
[2026-07-16T05:31:10.436+0000] {processor.py:840} INFO - DAG(s) 'example_branch_operator' retrieved from /home/airflow/.local/lib/python3.8/site-packages/airflow/example_dags/example_branch_operator.py
[2026-07-16T05:31:10.478+0000] {logging_mixin.py:188} INFO - [2026-07-16T05:31:10.478+0000] {dag.py:3036} INFO - Sync 1 DAGs
[2026-07-16T05:31:10.516+0000] {logging_mixin.py:188} INFO - [2026-07-16T05:31:10.516+0000] {dag.py:3823} INFO - Setting next_dagrun for example_branch_operator to 2026-07-15 00:00:00+00:00, run_after=2026-07-16 00:00:00+00:00
[2026-07-16T05:31:10.546+0000] {processor.py:183} INFO - Processing /home/airflow/.local/lib/python3.8/site-packages/airflow/example_dags/example_branch_operator.py took 0.151 seconds
[2026-07-16T05:31:40.708+0000] {processor.py:161} INFO - Started process (PID=1156) to work on /home/airflow/.local/lib/python3.8/site-packages/airflow/example_dags/example_branch_operator.py
[2026-07-16T05:31:40.710+0000] {processor.py:830} INFO - Processing file /home/airflow/.local/lib/python3.8/site-packages/airflow/example_dags/example_branch_operator.py for tasks to queue
[2026-07-16T05:31:40.712+0000] {logging_mixin.py:188} INFO - [2026-07-16T05:31:40.712+0000] {dagbag.py:538} INFO - Filling up the DagBag from /home/airflow/.local/lib/python3.8/site-packages/airflow/example_dags/example_branch_operator.py
[2026-07-16T05:31:40.724+0000] {processor.py:840} INFO - DAG(s) 'example_branch_operator' retrieved from /home/airflow/.local/lib/python3.8/site-packages/airflow/example_dags/example_branch_operator.py
[2026-07-16T05:31:40.744+0000] {logging_mixin.py:188} INFO - [2026-07-16T05:31:40.744+0000] {dag.py:3036} INFO - Sync 1 DAGs
[2026-07-16T05:31:40.761+0000] {logging_mixin.py:188} INFO - [2026-07-16T05:31:40.761+0000] {dag.py:3823} INFO - Setting next_dagrun for example_branch_operator to 2026-07-15 00:00:00+00:00, run_after=2026-07-16 00:00:00+00:00
[2026-07-16T05:31:40.776+0000] {processor.py:183} INFO - Processing /home/airflow/.local/lib/python3.8/site-packages/airflow/example_dags/example_branch_operator.py took 0.077 seconds
[2026-07-16T05:32:11.313+0000] {processor.py:161} INFO - Started process (PID=1212) to work on /home/airflow/.local/lib/python3.8/site-packages/airflow/example_dags/example_branch_operator.py
[2026-07-16T05:32:11.316+0000] {processor.py:830} INFO - Processing file /home/airflow/.local/lib/python3.8/site-packages/airflow/example_dags/example_branch_operator.py for tasks to queue
[2026-07-16T05:32:11.319+0000] {logging_mixin.py:188} INFO - [2026-07-16T05:32:11.318+0000] {dagbag.py:538} INFO - Filling up the DagBag from /home/airflow/.local/lib/python3.8/site-packages/airflow/example_dags/example_branch_operator.py
[2026-07-16T05:32:11.350+0000] {processor.py:840} INFO - DAG(s) 'example_branch_operator' retrieved from /home/airflow/.local/lib/python3.8/site-packages/airflow/example_dags/example_branch_operator.py
[2026-07-16T05:32:11.388+0000] {logging_mixin.py:188} INFO - [2026-07-16T05:32:11.388+0000] {dag.py:3036} INFO - Sync 1 DAGs
[2026-07-16T05:32:11.411+0000] {logging_mixin.py:188} INFO - [2026-07-16T05:32:11.411+0000] {dag.py:3823} INFO - Setting next_dagrun for example_branch_operator to 2026-07-15 00:00:00+00:00, run_after=2026-07-16 00:00:00+00:00
[2026-07-16T05:32:11.430+0000] {processor.py:183} INFO - Processing /home/airflow/.local/lib/python3.8/site-packages/airflow/example_dags/example_branch_operator.py took 0.124 seconds
[2026-07-16T05:32:41.871+0000] {processor.py:161} INFO - Started process (PID=1268) to work on /home/airflow/.local/lib/python3.8/site-packages/airflow/example_dags/example_branch_operator.py
[2026-07-16T05:32:41.874+0000] {processor.py:830} INFO - Processing file /home/airflow/.local/lib/python3.8/site-packages/airflow/example_dags/example_branch_operator.py for tasks to queue
[2026-07-16T05:32:41.875+0000] {logging_mixin.py:188} INFO - [2026-07-16T05:32:41.875+0000] {dagbag.py:538} INFO - Filling up the DagBag from /home/airflow/.local/lib/python3.8/site-packages/airflow/example_dags/example_branch_operator.py
[2026-07-16T05:32:41.887+0000] {processor.py:840} INFO - DAG(s) 'example_branch_operator' retrieved from /home/airflow/.local/lib/python3.8/site-packages/airflow/example_dags/example_branch_operator.py
[2026-07-16T05:32:41.907+0000] {logging_mixin.py:188} INFO - [2026-07-16T05:32:41.907+0000] {dag.py:3036} INFO - Sync 1 DAGs
[2026-07-16T05:32:41.922+0000] {logging_mixin.py:188} INFO - [2026-07-16T05:32:41.922+0000] {dag.py:3823} INFO - Setting next_dagrun for example_branch_operator to 2026-07-15 00:00:00+00:00, run_after=2026-07-16 00:00:00+00:00
[2026-07-16T05:32:41.936+0000] {processor.py:183} INFO - Processing /home/airflow/.local/lib/python3.8/site-packages/airflow/example_dags/example_branch_operator.py took 0.067 seconds
[2026-07-16T05:33:12.797+0000] {processor.py:161} INFO - Started process (PID=1324) to work on /home/airflow/.local/lib/python3.8/site-packages/airflow/example_dags/example_branch_operator.py
[2026-07-16T05:33:12.799+0000] {processor.py:830} INFO - Processing file /home/airflow/.local/lib/python3.8/site-packages/airflow/example_dags/example_branch_operator.py for tasks to queue
[2026-07-16T05:33:12.803+0000] {logging_mixin.py:188} INFO - [2026-07-16T05:33:12.803+0000] {dagbag.py:538} INFO - Filling up the DagBag from /home/airflow/.local/lib/python3.8/site-packages/airflow/example_dags/example_branch_operator.py
[2026-07-16T05:33:12.829+0000] {processor.py:840} INFO - DAG(s) 'example_branch_operator' retrieved from /home/airflow/.local/lib/python3.8/site-packages/airflow/example_dags/example_branch_operator.py
[2026-07-16T05:33:12.876+0000] {logging_mixin.py:188} INFO - [2026-07-16T05:33:12.876+0000] {dag.py:3036} INFO - Sync 1 DAGs
[2026-07-16T05:33:12.914+0000] {logging_mixin.py:188} INFO - [2026-07-16T05:33:12.913+0000] {dag.py:3823} INFO - Setting next_dagrun for example_branch_operator to 2026-07-15 00:00:00+00:00, run_after=2026-07-16 00:00:00+00:00
[2026-07-16T05:33:12.953+0000] {processor.py:183} INFO - Processing /home/airflow/.local/lib/python3.8/site-packages/airflow/example_dags/example_branch_operator.py took 0.163 seconds
[2026-07-16T05:33:43.299+0000] {processor.py:161} INFO - Started process (PID=1380) to work on /home/airflow/.local/lib/python3.8/site-packages/airflow/example_dags/example_branch_operator.py
[2026-07-16T05:33:43.302+0000] {processor.py:830} INFO - Processing file /home/airflow/.local/lib/python3.8/site-packages/airflow/example_dags/example_branch_operator.py for tasks to queue
[2026-07-16T05:33:43.303+0000] {logging_mixin.py:188} INFO - [2026-07-16T05:33:43.303+0000] {dagbag.py:538} INFO - Filling up the DagBag from /home/airflow/.local/lib/python3.8/site-packages/airflow/example_dags/example_branch_operator.py
[2026-07-16T05:33:43.317+0000] {processor.py:840} INFO - DAG(s) 'example_branch_operator' retrieved from /home/airflow/.local/lib/python3.8/site-packages/airflow/example_dags/example_branch_operator.py
[2026-07-16T05:33:43.341+0000] {logging_mixin.py:188} INFO - [2026-07-16T05:33:43.340+0000] {dag.py:3036} INFO - Sync 1 DAGs
[2026-07-16T05:33:43.359+0000] {logging_mixin.py:188} INFO - [2026-07-16T05:33:43.358+0000] {dag.py:3823} INFO - Setting next_dagrun for example_branch_operator to 2026-07-15 00:00:00+00:00, run_after=2026-07-16 00:00:00+00:00
[2026-07-16T05:33:43.374+0000] {processor.py:183} INFO - Processing /home/airflow/.local/lib/python3.8/site-packages/airflow/example_dags/example_branch_operator.py took 0.080 seconds
[2026-07-16T05:34:13.823+0000] {processor.py:161} INFO - Started process (PID=1436) to work on /home/airflow/.local/lib/python3.8/site-packages/airflow/example_dags/example_branch_operator.py
[2026-07-16T05:34:13.826+0000] {processor.py:830} INFO - Processing file /home/airflow/.local/lib/python3.8/site-packages/airflow/example_dags/example_branch_operator.py for tasks to queue
[2026-07-16T05:34:13.828+0000] {logging_mixin.py:188} INFO - [2026-07-16T05:34:13.828+0000] {dagbag.py:538} INFO - Filling up the DagBag from /home/airflow/.local/lib/python3.8/site-packages/airflow/example_dags/example_branch_operator.py
[2026-07-16T05:34:13.848+0000] {processor.py:840} INFO - DAG(s) 'example_branch_operator' retrieved from /home/airflow/.local/lib/python3.8/site-packages/airflow/example_dags/example_branch_operator.py
[2026-07-16T05:34:13.882+0000] {logging_mixin.py:188} INFO - [2026-07-16T05:34:13.882+0000] {dag.py:3036} INFO - Sync 1 DAGs
[2026-07-16T05:34:13.908+0000] {logging_mixin.py:188} INFO - [2026-07-16T05:34:13.908+0000] {dag.py:3823} INFO - Setting next_dagrun for example_branch_operator to 2026-07-15 00:00:00+00:00, run_after=2026-07-16 00:00:00+00:00
[2026-07-16T05:34:13.938+0000] {processor.py:183} INFO - Processing /home/airflow/.local/lib/python3.8/site-packages/airflow/example_dags/example_branch_operator.py took 0.118 seconds
[2026-07-16T05:34:44.155+0000] {processor.py:161} INFO - Started process (PID=1492) to work on /home/airflow/.local/lib/python3.8/site-packages/airflow/example_dags/example_branch_operator.py
[2026-07-16T05:34:44.158+0000] {processor.py:830} INFO - Processing file /home/airflow/.local/lib/python3.8/site-packages/airflow/example_dags/example_branch_operator.py for tasks to queue
[2026-07-16T05:34:44.161+0000] {logging_mixin.py:188} INFO - [2026-07-16T05:34:44.161+0000] {dagbag.py:538} INFO - Filling up the DagBag from /home/airflow/.local/lib/python3.8/site-packages/airflow/example_dags/example_branch_operator.py
[2026-07-16T05:34:44.180+0000] {processor.py:840} INFO - DAG(s) 'example_branch_operator' retrieved from /home/airflow/.local/lib/python3.8/site-packages/airflow/example_dags/example_branch_operator.py
[2026-07-16T05:34:44.208+0000] {logging_mixin.py:188} INFO - [2026-07-16T05:34:44.208+0000] {dag.py:3036} INFO - Sync 1 DAGs
[2026-07-16T05:34:44.229+0000] {logging_mixin.py:188} INFO - [2026-07-16T05:34:44.229+0000] {dag.py:3823} INFO - Setting next_dagrun for example_branch_operator to 2026-07-15 00:00:00+00:00, run_after=2026-07-16 00:00:00+00:00
[2026-07-16T05:34:44.253+0000] {processor.py:183} INFO - Processing /home/airflow/.local/lib/python3.8/site-packages/airflow/example_dags/example_branch_operator.py took 0.105 seconds
[2026-07-16T05:35:14.609+0000] {processor.py:161} INFO - Started process (PID=1548) to work on /home/airflow/.local/lib/python3.8/site-packages/airflow/example_dags/example_branch_operator.py
[2026-07-16T05:35:14.612+0000] {processor.py:830} INFO - Processing file /home/airflow/.local/lib/python3.8/site-packages/airflow/example_dags/example_branch_operator.py for tasks to queue
[2026-07-16T05:35:14.614+0000] {logging_mixin.py:188} INFO - [2026-07-16T05:35:14.614+0000] {dagbag.py:538} INFO - Filling up the DagBag from /home/airflow/.local/lib/python3.8/site-packages/airflow/example_dags/example_branch_operator.py
[2026-07-16T05:35:14.633+0000] {processor.py:840} INFO - DAG(s) 'example_branch_operator' retrieved from /home/airflow/.local/lib/python3.8/site-packages/airflow/example_dags/example_branch_operator.py
[2026-07-16T05:35:14.665+0000] {logging_mixin.py:188} INFO - [2026-07-16T05:35:14.664+0000] {dag.py:3036} INFO - Sync 1 DAGs
[2026-07-16T05:35:14.689+0000] {logging_mixin.py:188} INFO - [2026-07-16T05:35:14.689+0000] {dag.py:3823} INFO - Setting next_dagrun for example_branch_operator to 2026-07-15 00:00:00+00:00, run_after=2026-07-16 00:00:00+00:00
[2026-07-16T05:35:14.707+0000] {processor.py:183} INFO - Processing /home/airflow/.local/lib/python3.8/site-packages/airflow/example_dags/example_branch_operator.py took 0.103 seconds
[2026-07-16T05:35:45.313+0000] {processor.py:161} INFO - Started process (PID=1604) to work on /home/airflow/.local/lib/python3.8/site-packages/airflow/example_dags/example_branch_operator.py
[2026-07-16T05:35:45.316+0000] {processor.py:830} INFO - Processing file /home/airflow/.local/lib/python3.8/site-packages/airflow/example_dags/example_branch_operator.py for tasks to queue
[2026-07-16T05:35:45.319+0000] {logging_mixin.py:188} INFO - [2026-07-16T05:35:45.318+0000] {dagbag.py:538} INFO - Filling up the DagBag from /home/airflow/.local/lib/python3.8/site-packages/airflow/example_dags/example_branch_operator.py
[2026-07-16T05:35:45.336+0000] {processor.py:840} INFO - DAG(s) 'example_branch_operator' retrieved from /home/airflow/.local/lib/python3.8/site-packages/airflow/example_dags/example_branch_operator.py
[2026-07-16T05:35:45.364+0000] {logging_mixin.py:188} INFO - [2026-07-16T05:35:45.364+0000] {dag.py:3036} INFO - Sync 1 DAGs
[2026-07-16T05:35:45.385+0000] {logging_mixin.py:188} INFO - [2026-07-16T05:35:45.385+0000] {dag.py:3823} INFO - Setting next_dagrun for example_branch_operator to 2026-07-15 00:00:00+00:00, run_after=2026-07-16 00:00:00+00:00
[2026-07-16T05:35:45.404+0000] {processor.py:183} INFO - Processing /home/airflow/.local/lib/python3.8/site-packages/airflow/example_dags/example_branch_operator.py took 0.095 seconds
[2026-07-16T05:36:15.583+0000] {processor.py:161} INFO - Started process (PID=1660) to work on /home/airflow/.local/lib/python3.8/site-packages/airflow/example_dags/example_branch_operator.py
[2026-07-16T05:36:15.587+0000] {processor.py:830} INFO - Processing file /home/airflow/.local/lib/python3.8/site-packages/airflow/example_dags/example_branch_operator.py for tasks to queue
[2026-07-16T05:36:15.591+0000] {logging_mixin.py:188} INFO - [2026-07-16T05:36:15.590+0000] {dagbag.py:538} INFO - Filling up the DagBag from /home/airflow/.local/lib/python3.8/site-packages/airflow/example_dags/example_branch_operator.py
[2026-07-16T05:36:15.608+0000] {processor.py:840} INFO - DAG(s) 'example_branch_operator' retrieved from /home/airflow/.local/lib/python3.8/site-packages/airflow/example_dags/example_branch_operator.py
[2026-07-16T05:36:15.637+0000] {logging_mixin.py:188} INFO - [2026-07-16T05:36:15.637+0000] {dag.py:3036} INFO - Sync 1 DAGs
[2026-07-16T05:36:15.662+0000] {logging_mixin.py:188} INFO - [2026-07-16T05:36:15.661+0000] {dag.py:3823} INFO - Setting next_dagrun for example_branch_operator to 2026-07-15 00:00:00+00:00, run_after=2026-07-16 00:00:00+00:00
[2026-07-16T05:36:15.685+0000] {processor.py:183} INFO - Processing /home/airflow/.local/lib/python3.8/site-packages/airflow/example_dags/example_branch_operator.py took 0.106 seconds
[2026-07-16T05:36:45.996+0000] {processor.py:161} INFO - Started process (PID=1717) to work on /home/airflow/.local/lib/python3.8/site-packages/airflow/example_dags/example_branch_operator.py
[2026-07-16T05:36:45.999+0000] {processor.py:830} INFO - Processing file /home/airflow/.local/lib/python3.8/site-packages/airflow/example_dags/example_branch_operator.py for tasks to queue
[2026-07-16T05:36:46.000+0000] {logging_mixin.py:188} INFO - [2026-07-16T05:36:46.000+0000] {dagbag.py:538} INFO - Filling up the DagBag from /home/airflow/.local/lib/python3.8/site-packages/airflow/example_dags/example_branch_operator.py
[2026-07-16T05:36:46.013+0000] {processor.py:840} INFO - DAG(s) 'example_branch_operator' retrieved from /home/airflow/.local/lib/python3.8/site-packages/airflow/example_dags/example_branch_operator.py
[2026-07-16T05:36:46.035+0000] {logging_mixin.py:188} INFO - [2026-07-16T05:36:46.035+0000] {dag.py:3036} INFO - Sync 1 DAGs
[2026-07-16T05:36:46.053+0000] {logging_mixin.py:188} INFO - [2026-07-16T05:36:46.052+0000] {dag.py:3823} INFO - Setting next_dagrun for example_branch_operator to 2026-07-15 00:00:00+00:00, run_after=2026-07-16 00:00:00+00:00
[2026-07-16T05:36:46.069+0000] {processor.py:183} INFO - Processing /home/airflow/.local/lib/python3.8/site-packages/airflow/example_dags/example_branch_operator.py took 0.078 seconds
[2026-07-16T05:37:16.360+0000] {processor.py:161} INFO - Started process (PID=1773) to work on /home/airflow/.local/lib/python3.8/site-packages/airflow/example_dags/example_branch_operator.py
[2026-07-16T05:37:16.362+0000] {processor.py:830} INFO - Processing file /home/airflow/.local/lib/python3.8/site-packages/airflow/example_dags/example_branch_operator.py for tasks to queue
[2026-07-16T05:37:16.365+0000] {logging_mixin.py:188} INFO - [2026-07-16T05:37:16.365+0000] {dagbag.py:538} INFO - Filling up the DagBag from /home/airflow/.local/lib/python3.8/site-packages/airflow/example_dags/example_branch_operator.py
[2026-07-16T05:37:16.394+0000] {processor.py:840} INFO - DAG(s) 'example_branch_operator' retrieved from /home/airflow/.local/lib/python3.8/site-packages/airflow/example_dags/example_branch_operator.py
[2026-07-16T05:37:16.434+0000] {logging_mixin.py:188} INFO - [2026-07-16T05:37:16.434+0000] {dag.py:3036} INFO - Sync 1 DAGs
[2026-07-16T05:37:16.467+0000] {logging_mixin.py:188} INFO - [2026-07-16T05:37:16.466+0000] {dag.py:3823} INFO - Setting next_dagrun for example_branch_operator to 2026-07-15 00:00:00+00:00, run_after=2026-07-16 00:00:00+00:00
[2026-07-16T05:37:16.494+0000] {processor.py:183} INFO - Processing /home/airflow/.local/lib/python3.8/site-packages/airflow/example_dags/example_branch_operator.py took 0.137 seconds
[2026-07-16T05:37:46.761+0000] {processor.py:161} INFO - Started process (PID=1829) to work on /home/airflow/.local/lib/python3.8/site-packages/airflow/example_dags/example_branch_operator.py
[2026-07-16T05:37:46.765+0000] {processor.py:830} INFO - Processing file /home/airflow/.local/lib/python3.8/site-packages/airflow/example_dags/example_branch_operator.py for tasks to queue
[2026-07-16T05:37:46.767+0000] {logging_mixin.py:188} INFO - [2026-07-16T05:37:46.767+0000] {dagbag.py:538} INFO - Filling up the DagBag from /home/airflow/.local/lib/python3.8/site-packages/airflow/example_dags/example_branch_operator.py
[2026-07-16T05:37:46.791+0000] {processor.py:840} INFO - DAG(s) 'example_branch_operator' retrieved from /home/airflow/.local/lib/python3.8/site-packages/airflow/example_dags/example_branch_operator.py
[2026-07-16T05:37:46.821+0000] {logging_mixin.py:188} INFO - [2026-07-16T05:37:46.821+0000] {dag.py:3036} INFO - Sync 1 DAGs
[2026-07-16T05:37:46.848+0000] {logging_mixin.py:188} INFO - [2026-07-16T05:37:46.847+0000] {dag.py:3823} INFO - Setting next_dagrun for example_branch_operator to 2026-07-15 00:00:00+00:00, run_after=2026-07-16 00:00:00+00:00
[2026-07-16T05:37:46.873+0000] {processor.py:183} INFO - Processing /home/airflow/.local/lib/python3.8/site-packages/airflow/example_dags/example_branch_operator.py took 0.117 seconds
[2026-07-16T05:38:17.076+0000] {processor.py:161} INFO - Started process (PID=1885) to work on /home/airflow/.local/lib/python3.8/site-packages/airflow/example_dags/example_branch_operator.py
[2026-07-16T05:38:17.080+0000] {processor.py:830} INFO - Processing file /home/airflow/.local/lib/python3.8/site-packages/airflow/example_dags/example_branch_operator.py for tasks to queue
[2026-07-16T05:38:17.081+0000] {logging_mixin.py:188} INFO - [2026-07-16T05:38:17.081+0000] {dagbag.py:538} INFO - Filling up the DagBag from /home/airflow/.local/lib/python3.8/site-packages/airflow/example_dags/example_branch_operator.py
[2026-07-16T05:38:17.095+0000] {processor.py:840} INFO - DAG(s) 'example_branch_operator' retrieved from /home/airflow/.local/lib/python3.8/site-packages/airflow/example_dags/example_branch_operator.py
[2026-07-16T05:38:17.118+0000] {logging_mixin.py:188} INFO - [2026-07-16T05:38:17.118+0000] {dag.py:3036} INFO - Sync 1 DAGs
[2026-07-16T05:38:17.138+0000] {logging_mixin.py:188} INFO - [2026-07-16T05:38:17.137+0000] {dag.py:3823} INFO - Setting next_dagrun for example_branch_operator to 2026-07-15 00:00:00+00:00, run_after=2026-07-16 00:00:00+00:00
[2026-07-16T05:38:17.156+0000] {processor.py:183} INFO - Processing /home/airflow/.local/lib/python3.8/site-packages/airflow/example_dags/example_branch_operator.py took 0.083 seconds
[2026-07-16T05:38:47.296+0000] {processor.py:161} INFO - Started process (PID=1941) to work on /home/airflow/.local/lib/python3.8/site-packages/airflow/example_dags/example_branch_operator.py
[2026-07-16T05:38:47.299+0000] {processor.py:830} INFO - Processing file /home/airflow/.local/lib/python3.8/site-packages/airflow/example_dags/example_branch_operator.py for tasks to queue
[2026-07-16T05:38:47.301+0000] {logging_mixin.py:188} INFO - [2026-07-16T05:38:47.301+0000] {dagbag.py:538} INFO - Filling up the DagBag from /home/airflow/.local/lib/python3.8/site-packages/airflow/example_dags/example_branch_operator.py
[2026-07-16T05:38:47.321+0000] {processor.py:840} INFO - DAG(s) 'example_branch_operator' retrieved from /home/airflow/.local/lib/python3.8/site-packages/airflow/example_dags/example_branch_operator.py
[2026-07-16T05:38:47.351+0000] {logging_mixin.py:188} INFO - [2026-07-16T05:38:47.350+0000] {dag.py:3036} INFO - Sync 1 DAGs
[2026-07-16T05:38:47.372+0000] {logging_mixin.py:188} INFO - [2026-07-16T05:38:47.371+0000] {dag.py:3823} INFO - Setting next_dagrun for example_branch_operator to 2026-07-15 00:00:00+00:00, run_after=2026-07-16 00:00:00+00:00
[2026-07-16T05:38:47.400+0000] {processor.py:183} INFO - Processing /home/airflow/.local/lib/python3.8/site-packages/airflow/example_dags/example_branch_operator.py took 0.111 seconds
[2026-07-16T05:39:17.569+0000] {processor.py:161} INFO - Started process (PID=1995) to work on /home/airflow/.local/lib/python3.8/site-packages/airflow/example_dags/example_branch_operator.py
[2026-07-16T05:39:17.572+0000] {processor.py:830} INFO - Processing file /home/airflow/.local/lib/python3.8/site-packages/airflow/example_dags/example_branch_operator.py for tasks to queue
[2026-07-16T05:39:17.576+0000] {logging_mixin.py:188} INFO - [2026-07-16T05:39:17.575+0000] {dagbag.py:538} INFO - Filling up the DagBag from /home/airflow/.local/lib/python3.8/site-packages/airflow/example_dags/example_branch_operator.py
[2026-07-16T05:39:17.592+0000] {processor.py:840} INFO - DAG(s) 'example_branch_operator' retrieved from /home/airflow/.local/lib/python3.8/site-packages/airflow/example_dags/example_branch_operator.py
[2026-07-16T05:39:17.618+0000] {logging_mixin.py:188} INFO - [2026-07-16T05:39:17.618+0000] {dag.py:3036} INFO - Sync 1 DAGs
[2026-07-16T05:39:17.637+0000] {logging_mixin.py:188} INFO - [2026-07-16T05:39:17.637+0000] {dag.py:3823} INFO - Setting next_dagrun for example_branch_operator to 2026-07-15 00:00:00+00:00, run_after=2026-07-16 00:00:00+00:00
[2026-07-16T05:39:17.657+0000] {processor.py:183} INFO - Processing /home/airflow/.local/lib/python3.8/site-packages/airflow/example_dags/example_branch_operator.py took 0.092 seconds
[2026-07-16T05:39:47.799+0000] {processor.py:161} INFO - Started process (PID=2051) to work on /home/airflow/.local/lib/python3.8/site-packages/airflow/example_dags/example_branch_operator.py
[2026-07-16T05:39:47.802+0000] {processor.py:830} INFO - Processing file /home/airflow/.local/lib/python3.8/site-packages/airflow/example_dags/example_branch_operator.py for tasks to queue
[2026-07-16T05:39:47.805+0000] {logging_mixin.py:188} INFO - [2026-07-16T05:39:47.804+0000] {dagbag.py:538} INFO - Filling up the DagBag from /home/airflow/.local/lib/python3.8/site-packages/airflow/example_dags/example_branch_operator.py
[2026-07-16T05:39:47.823+0000] {processor.py:840} INFO - DAG(s) 'example_branch_operator' retrieved from /home/airflow/.local/lib/python3.8/site-packages/airflow/example_dags/example_branch_operator.py
[2026-07-16T05:39:47.853+0000] {logging_mixin.py:188} INFO - [2026-07-16T05:39:47.853+0000] {dag.py:3036} INFO - Sync 1 DAGs
[2026-07-16T05:39:47.877+0000] {logging_mixin.py:188} INFO - [2026-07-16T05:39:47.876+0000] {dag.py:3823} INFO - Setting next_dagrun for example_branch_operator to 2026-07-15 00:00:00+00:00, run_after=2026-07-16 00:00:00+00:00
[2026-07-16T05:39:47.903+0000] {processor.py:183} INFO - Processing /home/airflow/.local/lib/python3.8/site-packages/airflow/example_dags/example_branch_operator.py took 0.108 seconds
[2026-07-16T05:40:18.013+0000] {processor.py:161} INFO - Started process (PID=2107) to work on /home/airflow/.local/lib/python3.8/site-packages/airflow/example_dags/example_branch_operator.py
[2026-07-16T05:40:18.016+0000] {processor.py:830} INFO - Processing file /home/airflow/.local/lib/python3.8/site-packages/airflow/example_dags/example_branch_operator.py for tasks to queue
[2026-07-16T05:40:18.018+0000] {logging_mixin.py:188} INFO - [2026-07-16T05:40:18.018+0000] {dagbag.py:538} INFO - Filling up the DagBag from /home/airflow/.local/lib/python3.8/site-packages/airflow/example_dags/example_branch_operator.py
[2026-07-16T05:40:18.033+0000] {processor.py:840} INFO - DAG(s) 'example_branch_operator' retrieved from /home/airflow/.local/lib/python3.8/site-packages/airflow/example_dags/example_branch_operator.py
[2026-07-16T05:40:18.057+0000] {logging_mixin.py:188} INFO - [2026-07-16T05:40:18.057+0000] {dag.py:3036} INFO - Sync 1 DAGs
[2026-07-16T05:40:18.077+0000] {logging_mixin.py:188} INFO - [2026-07-16T05:40:18.076+0000] {dag.py:3823} INFO - Setting next_dagrun for example_branch_operator to 2026-07-15 00:00:00+00:00, run_after=2026-07-16 00:00:00+00:00
[2026-07-16T05:40:18.096+0000] {processor.py:183} INFO - Processing /home/airflow/.local/lib/python3.8/site-packages/airflow/example_dags/example_branch_operator.py took 0.086 seconds
[2026-07-16T05:40:48.420+0000] {processor.py:161} INFO - Started process (PID=2163) to work on /home/airflow/.local/lib/python3.8/site-packages/airflow/example_dags/example_branch_operator.py
[2026-07-16T05:40:48.424+0000] {processor.py:830} INFO - Processing file /home/airflow/.local/lib/python3.8/site-packages/airflow/example_dags/example_branch_operator.py for tasks to queue
[2026-07-16T05:40:48.428+0000] {logging_mixin.py:188} INFO - [2026-07-16T05:40:48.427+0000] {dagbag.py:538} INFO - Filling up the DagBag from /home/airflow/.local/lib/python3.8/site-packages/airflow/example_dags/example_branch_operator.py
[2026-07-16T05:40:48.448+0000] {processor.py:840} INFO - DAG(s) 'example_branch_operator' retrieved from /home/airflow/.local/lib/python3.8/site-packages/airflow/example_dags/example_branch_operator.py
[2026-07-16T05:40:48.485+0000] {logging_mixin.py:188} INFO - [2026-07-16T05:40:48.485+0000] {dag.py:3036} INFO - Sync 1 DAGs
[2026-07-16T05:40:48.521+0000] {logging_mixin.py:188} INFO - [2026-07-16T05:40:48.521+0000] {dag.py:3823} INFO - Setting next_dagrun for example_branch_operator to 2026-07-15 00:00:00+00:00, run_after=2026-07-16 00:00:00+00:00
[2026-07-16T05:40:48.556+0000] {processor.py:183} INFO - Processing /home/airflow/.local/lib/python3.8/site-packages/airflow/example_dags/example_branch_operator.py took 0.141 seconds
[2026-07-16T05:41:18.771+0000] {processor.py:161} INFO - Started process (PID=2219) to work on /home/airflow/.local/lib/python3.8/site-packages/airflow/example_dags/example_branch_operator.py
[2026-07-16T05:41:18.774+0000] {processor.py:830} INFO - Processing file /home/airflow/.local/lib/python3.8/site-packages/airflow/example_dags/example_branch_operator.py for tasks to queue
[2026-07-16T05:41:18.775+0000] {logging_mixin.py:188} INFO - [2026-07-16T05:41:18.775+0000] {dagbag.py:538} INFO - Filling up the DagBag from /home/airflow/.local/lib/python3.8/site-packages/airflow/example_dags/example_branch_operator.py
[2026-07-16T05:41:18.789+0000] {processor.py:840} INFO - DAG(s) 'example_branch_operator' retrieved from /home/airflow/.local/lib/python3.8/site-packages/airflow/example_dags/example_branch_operator.py
[2026-07-16T05:41:18.812+0000] {logging_mixin.py:188} INFO - [2026-07-16T05:41:18.812+0000] {dag.py:3036} INFO - Sync 1 DAGs
[2026-07-16T05:41:18.830+0000] {logging_mixin.py:188} INFO - [2026-07-16T05:41:18.830+0000] {dag.py:3823} INFO - Setting next_dagrun for example_branch_operator to 2026-07-15 00:00:00+00:00, run_after=2026-07-16 00:00:00+00:00
[2026-07-16T05:41:18.848+0000] {processor.py:183} INFO - Processing /home/airflow/.local/lib/python3.8/site-packages/airflow/example_dags/example_branch_operator.py took 0.080 seconds
[2026-07-16T05:41:49.597+0000] {processor.py:161} INFO - Started process (PID=2275) to work on /home/airflow/.local/lib/python3.8/site-packages/airflow/example_dags/example_branch_operator.py
[2026-07-16T05:41:49.598+0000] {processor.py:830} INFO - Processing file /home/airflow/.local/lib/python3.8/site-packages/airflow/example_dags/example_branch_operator.py for tasks to queue
[2026-07-16T05:41:49.600+0000] {logging_mixin.py:188} INFO - [2026-07-16T05:41:49.599+0000] {dagbag.py:538} INFO - Filling up the DagBag from /home/airflow/.local/lib/python3.8/site-packages/airflow/example_dags/example_branch_operator.py
[2026-07-16T05:41:49.613+0000] {processor.py:840} INFO - DAG(s) 'example_branch_operator' retrieved from /home/airflow/.local/lib/python3.8/site-packages/airflow/example_dags/example_branch_operator.py
[2026-07-16T05:41:49.635+0000] {logging_mixin.py:188} INFO - [2026-07-16T05:41:49.635+0000] {dag.py:3036} INFO - Sync 1 DAGs
[2026-07-16T05:41:49.653+0000] {logging_mixin.py:188} INFO - [2026-07-16T05:41:49.653+0000] {dag.py:3823} INFO - Setting next_dagrun for example_branch_operator to 2026-07-15 00:00:00+00:00, run_after=2026-07-16 00:00:00+00:00
[2026-07-16T05:41:49.668+0000] {processor.py:183} INFO - Processing /home/airflow/.local/lib/python3.8/site-packages/airflow/example_dags/example_branch_operator.py took 0.074 seconds
[2026-07-16T05:42:19.715+0000] {processor.py:161} INFO - Started process (PID=2331) to work on /home/airflow/.local/lib/python3.8/site-packages/airflow/example_dags/example_branch_operator.py
[2026-07-16T05:42:19.716+0000] {processor.py:830} INFO - Processing file /home/airflow/.local/lib/python3.8/site-packages/airflow/example_dags/example_branch_operator.py for tasks to queue
[2026-07-16T05:42:19.718+0000] {logging_mixin.py:188} INFO - [2026-07-16T05:42:19.717+0000] {dagbag.py:538} INFO - Filling up the DagBag from /home/airflow/.local/lib/python3.8/site-packages/airflow/example_dags/example_branch_operator.py
[2026-07-16T05:42:19.734+0000] {processor.py:840} INFO - DAG(s) 'example_branch_operator' retrieved from /home/airflow/.local/lib/python3.8/site-packages/airflow/example_dags/example_branch_operator.py
[2026-07-16T05:42:19.756+0000] {logging_mixin.py:188} INFO - [2026-07-16T05:42:19.756+0000] {dag.py:3036} INFO - Sync 1 DAGs
[2026-07-16T05:42:19.774+0000] {logging_mixin.py:188} INFO - [2026-07-16T05:42:19.774+0000] {dag.py:3823} INFO - Setting next_dagrun for example_branch_operator to 2026-07-15 00:00:00+00:00, run_after=2026-07-16 00:00:00+00:00
[2026-07-16T05:42:19.792+0000] {processor.py:183} INFO - Processing /home/airflow/.local/lib/python3.8/site-packages/airflow/example_dags/example_branch_operator.py took 0.080 seconds
[2026-07-16T05:42:49.812+0000] {processor.py:161} INFO - Started process (PID=2387) to work on /home/airflow/.local/lib/python3.8/site-packages/airflow/example_dags/example_branch_operator.py
[2026-07-16T05:42:49.813+0000] {processor.py:830} INFO - Processing file /home/airflow/.local/lib/python3.8/site-packages/airflow/example_dags/example_branch_operator.py for tasks to queue
[2026-07-16T05:42:49.815+0000] {logging_mixin.py:188} INFO - [2026-07-16T05:42:49.815+0000] {dagbag.py:538} INFO - Filling up the DagBag from /home/airflow/.local/lib/python3.8/site-packages/airflow/example_dags/example_branch_operator.py
[2026-07-16T05:42:49.841+0000] {processor.py:840} INFO - DAG(s) 'example_branch_operator' retrieved from /home/airflow/.local/lib/python3.8/site-packages/airflow/example_dags/example_branch_operator.py
[2026-07-16T05:42:49.882+0000] {logging_mixin.py:188} INFO - [2026-07-16T05:42:49.881+0000] {dag.py:3036} INFO - Sync 1 DAGs
[2026-07-16T05:42:49.903+0000] {logging_mixin.py:188} INFO - [2026-07-16T05:42:49.903+0000] {dag.py:3823} INFO - Setting next_dagrun for example_branch_operator to 2026-07-15 00:00:00+00:00, run_after=2026-07-16 00:00:00+00:00
[2026-07-16T05:42:49.920+0000] {processor.py:183} INFO - Processing /home/airflow/.local/lib/python3.8/site-packages/airflow/example_dags/example_branch_operator.py took 0.110 seconds
[2026-07-16T05:43:20.423+0000] {processor.py:161} INFO - Started process (PID=2443) to work on /home/airflow/.local/lib/python3.8/site-packages/airflow/example_dags/example_branch_operator.py
[2026-07-16T05:43:20.425+0000] {processor.py:830} INFO - Processing file /home/airflow/.local/lib/python3.8/site-packages/airflow/example_dags/example_branch_operator.py for tasks to queue
[2026-07-16T05:43:20.429+0000] {logging_mixin.py:188} INFO - [2026-07-16T05:43:20.429+0000] {dagbag.py:538} INFO - Filling up the DagBag from /home/airflow/.local/lib/python3.8/site-packages/airflow/example_dags/example_branch_operator.py
[2026-07-16T05:43:20.459+0000] {processor.py:840} INFO - DAG(s) 'example_branch_operator' retrieved from /home/airflow/.local/lib/python3.8/site-packages/airflow/example_dags/example_branch_operator.py
[2026-07-16T05:43:20.501+0000] {logging_mixin.py:188} INFO - [2026-07-16T05:43:20.501+0000] {dag.py:3036} INFO - Sync 1 DAGs
[2026-07-16T05:43:20.532+0000] {logging_mixin.py:188} INFO - [2026-07-16T05:43:20.531+0000] {dag.py:3823} INFO - Setting next_dagrun for example_branch_operator to 2026-07-15 00:00:00+00:00, run_after=2026-07-16 00:00:00+00:00
[2026-07-16T05:43:20.571+0000] {processor.py:183} INFO - Processing /home/airflow/.local/lib/python3.8/site-packages/airflow/example_dags/example_branch_operator.py took 0.152 seconds
[2026-07-16T05:43:50.873+0000] {processor.py:161} INFO - Started process (PID=2499) to work on /home/airflow/.local/lib/python3.8/site-packages/airflow/example_dags/example_branch_operator.py
[2026-07-16T05:43:50.874+0000] {processor.py:830} INFO - Processing file /home/airflow/.local/lib/python3.8/site-packages/airflow/example_dags/example_branch_operator.py for tasks to queue
[2026-07-16T05:43:50.876+0000] {logging_mixin.py:188} INFO - [2026-07-16T05:43:50.876+0000] {dagbag.py:538} INFO - Filling up the DagBag from /home/airflow/.local/lib/python3.8/site-packages/airflow/example_dags/example_branch_operator.py
[2026-07-16T05:43:50.890+0000] {processor.py:840} INFO - DAG(s) 'example_branch_operator' retrieved from /home/airflow/.local/lib/python3.8/site-packages/airflow/example_dags/example_branch_operator.py
[2026-07-16T05:43:50.912+0000] {logging_mixin.py:188} INFO - [2026-07-16T05:43:50.912+0000] {dag.py:3036} INFO - Sync 1 DAGs
[2026-07-16T05:43:50.932+0000] {logging_mixin.py:188} INFO - [2026-07-16T05:43:50.931+0000] {dag.py:3823} INFO - Setting next_dagrun for example_branch_operator to 2026-07-15 00:00:00+00:00, run_after=2026-07-16 00:00:00+00:00
[2026-07-16T05:43:50.950+0000] {processor.py:183} INFO - Processing /home/airflow/.local/lib/python3.8/site-packages/airflow/example_dags/example_branch_operator.py took 0.080 seconds
[2026-07-16T05:44:21.360+0000] {processor.py:161} INFO - Started process (PID=2555) to work on /home/airflow/.local/lib/python3.8/site-packages/airflow/example_dags/example_branch_operator.py
[2026-07-16T05:44:21.361+0000] {processor.py:830} INFO - Processing file /home/airflow/.local/lib/python3.8/site-packages/airflow/example_dags/example_branch_operator.py for tasks to queue
[2026-07-16T05:44:21.363+0000] {logging_mixin.py:188} INFO - [2026-07-16T05:44:21.362+0000] {dagbag.py:538} INFO - Filling up the DagBag from /home/airflow/.local/lib/python3.8/site-packages/airflow/example_dags/example_branch_operator.py
[2026-07-16T05:44:21.380+0000] {processor.py:840} INFO - DAG(s) 'example_branch_operator' retrieved from /home/airflow/.local/lib/python3.8/site-packages/airflow/example_dags/example_branch_operator.py
[2026-07-16T05:44:21.404+0000] {logging_mixin.py:188} INFO - [2026-07-16T05:44:21.404+0000] {dag.py:3036} INFO - Sync 1 DAGs
[2026-07-16T05:44:21.431+0000] {logging_mixin.py:188} INFO - [2026-07-16T05:44:21.431+0000] {dag.py:3823} INFO - Setting next_dagrun for example_branch_operator to 2026-07-15 00:00:00+00:00, run_after=2026-07-16 00:00:00+00:00
[2026-07-16T05:44:21.450+0000] {processor.py:183} INFO - Processing /home/airflow/.local/lib/python3.8/site-packages/airflow/example_dags/example_branch_operator.py took 0.095 seconds
[2026-07-16T05:44:51.617+0000] {processor.py:161} INFO - Started process (PID=2611) to work on /home/airflow/.local/lib/python3.8/site-packages/airflow/example_dags/example_branch_operator.py
[2026-07-16T05:44:51.619+0000] {processor.py:830} INFO - Processing file /home/airflow/.local/lib/python3.8/site-packages/airflow/example_dags/example_branch_operator.py for tasks to queue
[2026-07-16T05:44:51.621+0000] {logging_mixin.py:188} INFO - [2026-07-16T05:44:51.621+0000] {dagbag.py:538} INFO - Filling up the DagBag from /home/airflow/.local/lib/python3.8/site-packages/airflow/example_dags/example_branch_operator.py
[2026-07-16T05:44:51.634+0000] {processor.py:840} INFO - DAG(s) 'example_branch_operator' retrieved from /home/airflow/.local/lib/python3.8/site-packages/airflow/example_dags/example_branch_operator.py
[2026-07-16T05:44:51.657+0000] {logging_mixin.py:188} INFO - [2026-07-16T05:44:51.657+0000] {dag.py:3036} INFO - Sync 1 DAGs
[2026-07-16T05:44:51.677+0000] {logging_mixin.py:188} INFO - [2026-07-16T05:44:51.677+0000] {dag.py:3823} INFO - Setting next_dagrun for example_branch_operator to 2026-07-15 00:00:00+00:00, run_after=2026-07-16 00:00:00+00:00
[2026-07-16T05:44:51.692+0000] {processor.py:183} INFO - Processing /home/airflow/.local/lib/python3.8/site-packages/airflow/example_dags/example_branch_operator.py took 0.078 seconds
[2026-07-16T05:45:21.782+0000] {processor.py:161} INFO - Started process (PID=2667) to work on /home/airflow/.local/lib/python3.8/site-packages/airflow/example_dags/example_branch_operator.py
[2026-07-16T05:45:21.782+0000] {processor.py:830} INFO - Processing file /home/airflow/.local/lib/python3.8/site-packages/airflow/example_dags/example_branch_operator.py for tasks to queue
[2026-07-16T05:45:21.784+0000] {logging_mixin.py:188} INFO - [2026-07-16T05:45:21.784+0000] {dagbag.py:538} INFO - Filling up the DagBag from /home/airflow/.local/lib/python3.8/site-packages/airflow/example_dags/example_branch_operator.py
[2026-07-16T05:45:21.796+0000] {processor.py:840} INFO - DAG(s) 'example_branch_operator' retrieved from /home/airflow/.local/lib/python3.8/site-packages/airflow/example_dags/example_branch_operator.py
[2026-07-16T05:45:21.814+0000] {logging_mixin.py:188} INFO - [2026-07-16T05:45:21.814+0000] {dag.py:3036} INFO - Sync 1 DAGs
[2026-07-16T05:45:21.829+0000] {logging_mixin.py:188} INFO - [2026-07-16T05:45:21.829+0000] {dag.py:3823} INFO - Setting next_dagrun for example_branch_operator to 2026-07-15 00:00:00+00:00, run_after=2026-07-16 00:00:00+00:00
[2026-07-16T05:45:21.841+0000] {processor.py:183} INFO - Processing /home/airflow/.local/lib/python3.8/site-packages/airflow/example_dags/example_branch_operator.py took 0.062 seconds
[2026-07-16T05:45:52.662+0000] {processor.py:161} INFO - Started process (PID=2723) to work on /home/airflow/.local/lib/python3.8/site-packages/airflow/example_dags/example_branch_operator.py
[2026-07-16T05:45:52.663+0000] {processor.py:830} INFO - Processing file /home/airflow/.local/lib/python3.8/site-packages/airflow/example_dags/example_branch_operator.py for tasks to queue
[2026-07-16T05:45:52.664+0000] {logging_mixin.py:188} INFO - [2026-07-16T05:45:52.664+0000] {dagbag.py:538} INFO - Filling up the DagBag from /home/airflow/.local/lib/python3.8/site-packages/airflow/example_dags/example_branch_operator.py
[2026-07-16T05:45:52.676+0000] {processor.py:840} INFO - DAG(s) 'example_branch_operator' retrieved from /home/airflow/.local/lib/python3.8/site-packages/airflow/example_dags/example_branch_operator.py
[2026-07-16T05:45:52.696+0000] {logging_mixin.py:188} INFO - [2026-07-16T05:45:52.696+0000] {dag.py:3036} INFO - Sync 1 DAGs
[2026-07-16T05:45:52.714+0000] {logging_mixin.py:188} INFO - [2026-07-16T05:45:52.714+0000] {dag.py:3823} INFO - Setting next_dagrun for example_branch_operator to 2026-07-15 00:00:00+00:00, run_after=2026-07-16 00:00:00+00:00
[2026-07-16T05:45:52.728+0000] {processor.py:183} INFO - Processing /home/airflow/.local/lib/python3.8/site-packages/airflow/example_dags/example_branch_operator.py took 0.069 seconds
[2026-07-16T05:46:23.640+0000] {processor.py:161} INFO - Started process (PID=2779) to work on /home/airflow/.local/lib/python3.8/site-packages/airflow/example_dags/example_branch_operator.py
[2026-07-16T05:46:23.641+0000] {processor.py:830} INFO - Processing file /home/airflow/.local/lib/python3.8/site-packages/airflow/example_dags/example_branch_operator.py for tasks to queue
[2026-07-16T05:46:23.643+0000] {logging_mixin.py:188} INFO - [2026-07-16T05:46:23.643+0000] {dagbag.py:538} INFO - Filling up the DagBag from /home/airflow/.local/lib/python3.8/site-packages/airflow/example_dags/example_branch_operator.py
[2026-07-16T05:46:23.656+0000] {processor.py:840} INFO - DAG(s) 'example_branch_operator' retrieved from /home/airflow/.local/lib/python3.8/site-packages/airflow/example_dags/example_branch_operator.py
[2026-07-16T05:46:23.676+0000] {logging_mixin.py:188} INFO - [2026-07-16T05:46:23.676+0000] {dag.py:3036} INFO - Sync 1 DAGs
[2026-07-16T05:46:23.841+0000] {logging_mixin.py:188} INFO - [2026-07-16T05:46:23.841+0000] {dag.py:3823} INFO - Setting next_dagrun for example_branch_operator to 2026-07-15 00:00:00+00:00, run_after=2026-07-16 00:00:00+00:00
[2026-07-16T05:46:23.868+0000] {processor.py:183} INFO - Processing /home/airflow/.local/lib/python3.8/site-packages/airflow/example_dags/example_branch_operator.py took 0.231 seconds
[2026-07-16T05:46:53.942+0000] {processor.py:161} INFO - Started process (PID=2835) to work on /home/airflow/.local/lib/python3.8/site-packages/airflow/example_dags/example_branch_operator.py
[2026-07-16T05:46:53.943+0000] {processor.py:830} INFO - Processing file /home/airflow/.local/lib/python3.8/site-packages/airflow/example_dags/example_branch_operator.py for tasks to queue
[2026-07-16T05:46:53.945+0000] {logging_mixin.py:188} INFO - [2026-07-16T05:46:53.944+0000] {dagbag.py:538} INFO - Filling up the DagBag from /home/airflow/.local/lib/python3.8/site-packages/airflow/example_dags/example_branch_operator.py
[2026-07-16T05:46:53.957+0000] {processor.py:840} INFO - DAG(s) 'example_branch_operator' retrieved from /home/airflow/.local/lib/python3.8/site-packages/airflow/example_dags/example_branch_operator.py
[2026-07-16T05:46:53.977+0000] {logging_mixin.py:188} INFO - [2026-07-16T05:46:53.977+0000] {dag.py:3036} INFO - Sync 1 DAGs
[2026-07-16T05:46:53.995+0000] {logging_mixin.py:188} INFO - [2026-07-16T05:46:53.995+0000] {dag.py:3823} INFO - Setting next_dagrun for example_branch_operator to 2026-07-15 00:00:00+00:00, run_after=2026-07-16 00:00:00+00:00
[2026-07-16T05:46:54.155+0000] {processor.py:183} INFO - Processing /home/airflow/.local/lib/python3.8/site-packages/airflow/example_dags/example_branch_operator.py took 0.215 seconds
[2026-07-16T05:47:24.709+0000] {processor.py:161} INFO - Started process (PID=2891) to work on /home/airflow/.local/lib/python3.8/site-packages/airflow/example_dags/example_branch_operator.py
[2026-07-16T05:47:24.710+0000] {processor.py:830} INFO - Processing file /home/airflow/.local/lib/python3.8/site-packages/airflow/example_dags/example_branch_operator.py for tasks to queue
[2026-07-16T05:47:24.712+0000] {logging_mixin.py:188} INFO - [2026-07-16T05:47:24.711+0000] {dagbag.py:538} INFO - Filling up the DagBag from /home/airflow/.local/lib/python3.8/site-packages/airflow/example_dags/example_branch_operator.py
[2026-07-16T05:47:24.725+0000] {processor.py:840} INFO - DAG(s) 'example_branch_operator' retrieved from /home/airflow/.local/lib/python3.8/site-packages/airflow/example_dags/example_branch_operator.py
[2026-07-16T05:47:24.746+0000] {logging_mixin.py:188} INFO - [2026-07-16T05:47:24.746+0000] {dag.py:3036} INFO - Sync 1 DAGs
[2026-07-16T05:47:24.761+0000] {logging_mixin.py:188} INFO - [2026-07-16T05:47:24.761+0000] {dag.py:3823} INFO - Setting next_dagrun for example_branch_operator to 2026-07-15 00:00:00+00:00, run_after=2026-07-16 00:00:00+00:00
[2026-07-16T05:47:24.777+0000] {processor.py:183} INFO - Processing /home/airflow/.local/lib/python3.8/site-packages/airflow/example_dags/example_branch_operator.py took 0.071 seconds
[2026-07-16T05:47:54.895+0000] {processor.py:161} INFO - Started process (PID=2947) to work on /home/airflow/.local/lib/python3.8/site-packages/airflow/example_dags/example_branch_operator.py
[2026-07-16T05:47:54.896+0000] {processor.py:830} INFO - Processing file /home/airflow/.local/lib/python3.8/site-packages/airflow/example_dags/example_branch_operator.py for tasks to queue
[2026-07-16T05:47:54.899+0000] {logging_mixin.py:188} INFO - [2026-07-16T05:47:54.899+0000] {dagbag.py:538} INFO - Filling up the DagBag from /home/airflow/.local/lib/python3.8/site-packages/airflow/example_dags/example_branch_operator.py
[2026-07-16T05:47:54.915+0000] {processor.py:840} INFO - DAG(s) 'example_branch_operator' retrieved from /home/airflow/.local/lib/python3.8/site-packages/airflow/example_dags/example_branch_operator.py
[2026-07-16T05:47:54.948+0000] {logging_mixin.py:188} INFO - [2026-07-16T05:47:54.948+0000] {dag.py:3036} INFO - Sync 1 DAGs
[2026-07-16T05:47:54.974+0000] {logging_mixin.py:188} INFO - [2026-07-16T05:47:54.974+0000] {dag.py:3823} INFO - Setting next_dagrun for example_branch_operator to 2026-07-15 00:00:00+00:00, run_after=2026-07-16 00:00:00+00:00
[2026-07-16T05:47:54.996+0000] {processor.py:183} INFO - Processing /home/airflow/.local/lib/python3.8/site-packages/airflow/example_dags/example_branch_operator.py took 0.104 seconds
[2026-07-16T05:48:25.537+0000] {processor.py:161} INFO - Started process (PID=3003) to work on /home/airflow/.local/lib/python3.8/site-packages/airflow/example_dags/example_branch_operator.py
[2026-07-16T05:48:25.538+0000] {processor.py:830} INFO - Processing file /home/airflow/.local/lib/python3.8/site-packages/airflow/example_dags/example_branch_operator.py for tasks to queue
[2026-07-16T05:48:25.541+0000] {logging_mixin.py:188} INFO - [2026-07-16T05:48:25.540+0000] {dagbag.py:538} INFO - Filling up the DagBag from /home/airflow/.local/lib/python3.8/site-packages/airflow/example_dags/example_branch_operator.py
[2026-07-16T05:48:25.560+0000] {processor.py:840} INFO - DAG(s) 'example_branch_operator' retrieved from /home/airflow/.local/lib/python3.8/site-packages/airflow/example_dags/example_branch_operator.py
[2026-07-16T05:48:25.585+0000] {logging_mixin.py:188} INFO - [2026-07-16T05:48:25.585+0000] {dag.py:3036} INFO - Sync 1 DAGs
[2026-07-16T05:48:25.607+0000] {logging_mixin.py:188} INFO - [2026-07-16T05:48:25.607+0000] {dag.py:3823} INFO - Setting next_dagrun for example_branch_operator to 2026-07-15 00:00:00+00:00, run_after=2026-07-16 00:00:00+00:00
[2026-07-16T05:48:25.625+0000] {processor.py:183} INFO - Processing /home/airflow/.local/lib/python3.8/site-packages/airflow/example_dags/example_branch_operator.py took 0.092 seconds
