[2026-07-16T05:21:59.434+0000] {processor.py:161} INFO - Started process (PID=99) to work on /home/airflow/.local/lib/python3.8/site-packages/airflow/example_dags/example_latest_only.py
[2026-07-16T05:21:59.436+0000] {processor.py:830} INFO - Processing file /home/airflow/.local/lib/python3.8/site-packages/airflow/example_dags/example_latest_only.py for tasks to queue
[2026-07-16T05:21:59.440+0000] {logging_mixin.py:188} INFO - [2026-07-16T05:21:59.439+0000] {dagbag.py:538} INFO - Filling up the DagBag from /home/airflow/.local/lib/python3.8/site-packages/airflow/example_dags/example_latest_only.py
[2026-07-16T05:21:59.454+0000] {processor.py:840} INFO - DAG(s) 'latest_only' retrieved from /home/airflow/.local/lib/python3.8/site-packages/airflow/example_dags/example_latest_only.py
[2026-07-16T05:21:59.738+0000] {logging_mixin.py:188} INFO - [2026-07-16T05:21:59.737+0000] {dag.py:3036} INFO - Sync 1 DAGs
[2026-07-16T05:21:59.788+0000] {logging_mixin.py:188} INFO - [2026-07-16T05:21:59.787+0000] {dag.py:3823} INFO - Setting next_dagrun for latest_only to 2026-07-16 00:00:00+00:00, run_after=2026-07-16 04:00:00+00:00
[2026-07-16T05:21:59.842+0000] {processor.py:183} INFO - Processing /home/airflow/.local/lib/python3.8/site-packages/airflow/example_dags/example_latest_only.py took 0.418 seconds
[2026-07-16T05:22:29.931+0000] {processor.py:161} INFO - Started process (PID=157) to work on /home/airflow/.local/lib/python3.8/site-packages/airflow/example_dags/example_latest_only.py
[2026-07-16T05:22:29.934+0000] {processor.py:830} INFO - Processing file /home/airflow/.local/lib/python3.8/site-packages/airflow/example_dags/example_latest_only.py for tasks to queue
[2026-07-16T05:22:29.938+0000] {logging_mixin.py:188} INFO - [2026-07-16T05:22:29.937+0000] {dagbag.py:538} INFO - Filling up the DagBag from /home/airflow/.local/lib/python3.8/site-packages/airflow/example_dags/example_latest_only.py
[2026-07-16T05:22:29.949+0000] {processor.py:840} INFO - DAG(s) 'latest_only' retrieved from /home/airflow/.local/lib/python3.8/site-packages/airflow/example_dags/example_latest_only.py
[2026-07-16T05:22:29.990+0000] {logging_mixin.py:188} INFO - [2026-07-16T05:22:29.989+0000] {dag.py:3036} INFO - Sync 1 DAGs
[2026-07-16T05:22:30.036+0000] {logging_mixin.py:188} INFO - [2026-07-16T05:22:30.036+0000] {dag.py:3823} INFO - Setting next_dagrun for latest_only to 2026-07-16 00:00:00+00:00, run_after=2026-07-16 04:00:00+00:00
[2026-07-16T05:22:30.076+0000] {processor.py:183} INFO - Processing /home/airflow/.local/lib/python3.8/site-packages/airflow/example_dags/example_latest_only.py took 0.153 seconds
[2026-07-16T05:23:01.713+0000] {processor.py:161} INFO - Started process (PID=213) to work on /home/airflow/.local/lib/python3.8/site-packages/airflow/example_dags/example_latest_only.py
[2026-07-16T05:23:01.720+0000] {processor.py:830} INFO - Processing file /home/airflow/.local/lib/python3.8/site-packages/airflow/example_dags/example_latest_only.py for tasks to queue
[2026-07-16T05:23:01.725+0000] {logging_mixin.py:188} INFO - [2026-07-16T05:23:01.724+0000] {dagbag.py:538} INFO - Filling up the DagBag from /home/airflow/.local/lib/python3.8/site-packages/airflow/example_dags/example_latest_only.py
[2026-07-16T05:23:01.739+0000] {processor.py:840} INFO - DAG(s) 'latest_only' retrieved from /home/airflow/.local/lib/python3.8/site-packages/airflow/example_dags/example_latest_only.py
[2026-07-16T05:23:01.794+0000] {logging_mixin.py:188} INFO - [2026-07-16T05:23:01.794+0000] {dag.py:3036} INFO - Sync 1 DAGs
[2026-07-16T05:23:01.862+0000] {logging_mixin.py:188} INFO - [2026-07-16T05:23:01.862+0000] {dag.py:3823} INFO - Setting next_dagrun for latest_only to 2026-07-16 00:00:00+00:00, run_after=2026-07-16 04:00:00+00:00
[2026-07-16T05:23:01.914+0000] {processor.py:183} INFO - Processing /home/airflow/.local/lib/python3.8/site-packages/airflow/example_dags/example_latest_only.py took 0.216 seconds
[2026-07-16T05:23:32.280+0000] {processor.py:161} INFO - Started process (PID=269) to work on /home/airflow/.local/lib/python3.8/site-packages/airflow/example_dags/example_latest_only.py
[2026-07-16T05:23:32.282+0000] {processor.py:830} INFO - Processing file /home/airflow/.local/lib/python3.8/site-packages/airflow/example_dags/example_latest_only.py for tasks to queue
[2026-07-16T05:23:32.284+0000] {logging_mixin.py:188} INFO - [2026-07-16T05:23:32.284+0000] {dagbag.py:538} INFO - Filling up the DagBag from /home/airflow/.local/lib/python3.8/site-packages/airflow/example_dags/example_latest_only.py
[2026-07-16T05:23:32.293+0000] {processor.py:840} INFO - DAG(s) 'latest_only' retrieved from /home/airflow/.local/lib/python3.8/site-packages/airflow/example_dags/example_latest_only.py
[2026-07-16T05:23:32.324+0000] {logging_mixin.py:188} INFO - [2026-07-16T05:23:32.324+0000] {dag.py:3036} INFO - Sync 1 DAGs
[2026-07-16T05:23:32.357+0000] {logging_mixin.py:188} INFO - [2026-07-16T05:23:32.357+0000] {dag.py:3823} INFO - Setting next_dagrun for latest_only to 2026-07-16 00:00:00+00:00, run_after=2026-07-16 04:00:00+00:00
[2026-07-16T05:23:32.386+0000] {processor.py:183} INFO - Processing /home/airflow/.local/lib/python3.8/site-packages/airflow/example_dags/example_latest_only.py took 0.110 seconds
[2026-07-16T05:24:05.893+0000] {processor.py:161} INFO - Started process (PID=330) to work on /home/airflow/.local/lib/python3.8/site-packages/airflow/example_dags/example_latest_only.py
[2026-07-16T05:24:05.902+0000] {processor.py:830} INFO - Processing file /home/airflow/.local/lib/python3.8/site-packages/airflow/example_dags/example_latest_only.py for tasks to queue
[2026-07-16T05:24:05.911+0000] {logging_mixin.py:188} INFO - [2026-07-16T05:24:05.909+0000] {dagbag.py:538} INFO - Filling up the DagBag from /home/airflow/.local/lib/python3.8/site-packages/airflow/example_dags/example_latest_only.py
[2026-07-16T05:24:05.941+0000] {processor.py:840} INFO - DAG(s) 'latest_only' retrieved from /home/airflow/.local/lib/python3.8/site-packages/airflow/example_dags/example_latest_only.py
[2026-07-16T05:24:06.065+0000] {logging_mixin.py:188} INFO - [2026-07-16T05:24:06.064+0000] {dag.py:3036} INFO - Sync 1 DAGs
[2026-07-16T05:24:06.187+0000] {logging_mixin.py:188} INFO - [2026-07-16T05:24:06.186+0000] {dag.py:3823} INFO - Setting next_dagrun for latest_only to 2026-07-16 00:00:00+00:00, run_after=2026-07-16 04:00:00+00:00
[2026-07-16T05:24:06.247+0000] {processor.py:183} INFO - Processing /home/airflow/.local/lib/python3.8/site-packages/airflow/example_dags/example_latest_only.py took 0.386 seconds
[2026-07-16T05:24:37.225+0000] {processor.py:161} INFO - Started process (PID=386) to work on /home/airflow/.local/lib/python3.8/site-packages/airflow/example_dags/example_latest_only.py
[2026-07-16T05:24:37.228+0000] {processor.py:830} INFO - Processing file /home/airflow/.local/lib/python3.8/site-packages/airflow/example_dags/example_latest_only.py for tasks to queue
[2026-07-16T05:24:37.233+0000] {logging_mixin.py:188} INFO - [2026-07-16T05:24:37.232+0000] {dagbag.py:538} INFO - Filling up the DagBag from /home/airflow/.local/lib/python3.8/site-packages/airflow/example_dags/example_latest_only.py
[2026-07-16T05:24:37.254+0000] {processor.py:840} INFO - DAG(s) 'latest_only' retrieved from /home/airflow/.local/lib/python3.8/site-packages/airflow/example_dags/example_latest_only.py
[2026-07-16T05:24:37.322+0000] {logging_mixin.py:188} INFO - [2026-07-16T05:24:37.322+0000] {dag.py:3036} INFO - Sync 1 DAGs
[2026-07-16T05:24:37.396+0000] {logging_mixin.py:188} INFO - [2026-07-16T05:24:37.394+0000] {dag.py:3823} INFO - Setting next_dagrun for latest_only to 2026-07-16 00:00:00+00:00, run_after=2026-07-16 04:00:00+00:00
[2026-07-16T05:24:37.465+0000] {processor.py:183} INFO - Processing /home/airflow/.local/lib/python3.8/site-packages/airflow/example_dags/example_latest_only.py took 0.248 seconds
[2026-07-16T05:25:07.879+0000] {processor.py:161} INFO - Started process (PID=442) to work on /home/airflow/.local/lib/python3.8/site-packages/airflow/example_dags/example_latest_only.py
[2026-07-16T05:25:07.882+0000] {processor.py:830} INFO - Processing file /home/airflow/.local/lib/python3.8/site-packages/airflow/example_dags/example_latest_only.py for tasks to queue
[2026-07-16T05:25:07.886+0000] {logging_mixin.py:188} INFO - [2026-07-16T05:25:07.885+0000] {dagbag.py:538} INFO - Filling up the DagBag from /home/airflow/.local/lib/python3.8/site-packages/airflow/example_dags/example_latest_only.py
[2026-07-16T05:25:07.893+0000] {processor.py:840} INFO - DAG(s) 'latest_only' retrieved from /home/airflow/.local/lib/python3.8/site-packages/airflow/example_dags/example_latest_only.py
[2026-07-16T05:25:07.926+0000] {logging_mixin.py:188} INFO - [2026-07-16T05:25:07.926+0000] {dag.py:3036} INFO - Sync 1 DAGs
[2026-07-16T05:25:07.963+0000] {logging_mixin.py:188} INFO - [2026-07-16T05:25:07.962+0000] {dag.py:3823} INFO - Setting next_dagrun for latest_only to 2026-07-16 00:00:00+00:00, run_after=2026-07-16 04:00:00+00:00
[2026-07-16T05:25:07.992+0000] {processor.py:183} INFO - Processing /home/airflow/.local/lib/python3.8/site-packages/airflow/example_dags/example_latest_only.py took 0.123 seconds
[2026-07-16T05:25:38.049+0000] {processor.py:161} INFO - Started process (PID=498) to work on /home/airflow/.local/lib/python3.8/site-packages/airflow/example_dags/example_latest_only.py
[2026-07-16T05:25:38.054+0000] {processor.py:830} INFO - Processing file /home/airflow/.local/lib/python3.8/site-packages/airflow/example_dags/example_latest_only.py for tasks to queue
[2026-07-16T05:25:38.058+0000] {logging_mixin.py:188} INFO - [2026-07-16T05:25:38.057+0000] {dagbag.py:538} INFO - Filling up the DagBag from /home/airflow/.local/lib/python3.8/site-packages/airflow/example_dags/example_latest_only.py
[2026-07-16T05:25:38.071+0000] {processor.py:840} INFO - DAG(s) 'latest_only' retrieved from /home/airflow/.local/lib/python3.8/site-packages/airflow/example_dags/example_latest_only.py
[2026-07-16T05:25:38.107+0000] {logging_mixin.py:188} INFO - [2026-07-16T05:25:38.107+0000] {dag.py:3036} INFO - Sync 1 DAGs
[2026-07-16T05:25:38.137+0000] {logging_mixin.py:188} INFO - [2026-07-16T05:25:38.137+0000] {dag.py:3823} INFO - Setting next_dagrun for latest_only to 2026-07-16 00:00:00+00:00, run_after=2026-07-16 04:00:00+00:00
[2026-07-16T05:25:38.165+0000] {processor.py:183} INFO - Processing /home/airflow/.local/lib/python3.8/site-packages/airflow/example_dags/example_latest_only.py took 0.125 seconds
[2026-07-16T05:26:08.223+0000] {processor.py:161} INFO - Started process (PID=554) to work on /home/airflow/.local/lib/python3.8/site-packages/airflow/example_dags/example_latest_only.py
[2026-07-16T05:26:08.225+0000] {processor.py:830} INFO - Processing file /home/airflow/.local/lib/python3.8/site-packages/airflow/example_dags/example_latest_only.py for tasks to queue
[2026-07-16T05:26:08.228+0000] {logging_mixin.py:188} INFO - [2026-07-16T05:26:08.228+0000] {dagbag.py:538} INFO - Filling up the DagBag from /home/airflow/.local/lib/python3.8/site-packages/airflow/example_dags/example_latest_only.py
[2026-07-16T05:26:08.236+0000] {processor.py:840} INFO - DAG(s) 'latest_only' retrieved from /home/airflow/.local/lib/python3.8/site-packages/airflow/example_dags/example_latest_only.py
[2026-07-16T05:26:08.271+0000] {logging_mixin.py:188} INFO - [2026-07-16T05:26:08.271+0000] {dag.py:3036} INFO - Sync 1 DAGs
[2026-07-16T05:26:08.302+0000] {logging_mixin.py:188} INFO - [2026-07-16T05:26:08.301+0000] {dag.py:3823} INFO - Setting next_dagrun for latest_only to 2026-07-16 00:00:00+00:00, run_after=2026-07-16 04:00:00+00:00
[2026-07-16T05:26:08.335+0000] {processor.py:183} INFO - Processing /home/airflow/.local/lib/python3.8/site-packages/airflow/example_dags/example_latest_only.py took 0.118 seconds
[2026-07-16T05:26:38.685+0000] {processor.py:161} INFO - Started process (PID=610) to work on /home/airflow/.local/lib/python3.8/site-packages/airflow/example_dags/example_latest_only.py
[2026-07-16T05:26:38.688+0000] {processor.py:830} INFO - Processing file /home/airflow/.local/lib/python3.8/site-packages/airflow/example_dags/example_latest_only.py for tasks to queue
[2026-07-16T05:26:38.691+0000] {logging_mixin.py:188} INFO - [2026-07-16T05:26:38.690+0000] {dagbag.py:538} INFO - Filling up the DagBag from /home/airflow/.local/lib/python3.8/site-packages/airflow/example_dags/example_latest_only.py
[2026-07-16T05:26:38.701+0000] {processor.py:840} INFO - DAG(s) 'latest_only' retrieved from /home/airflow/.local/lib/python3.8/site-packages/airflow/example_dags/example_latest_only.py
[2026-07-16T05:26:38.739+0000] {logging_mixin.py:188} INFO - [2026-07-16T05:26:38.739+0000] {dag.py:3036} INFO - Sync 1 DAGs
[2026-07-16T05:26:38.775+0000] {logging_mixin.py:188} INFO - [2026-07-16T05:26:38.774+0000] {dag.py:3823} INFO - Setting next_dagrun for latest_only to 2026-07-16 00:00:00+00:00, run_after=2026-07-16 04:00:00+00:00
[2026-07-16T05:26:38.807+0000] {processor.py:183} INFO - Processing /home/airflow/.local/lib/python3.8/site-packages/airflow/example_dags/example_latest_only.py took 0.129 seconds
[2026-07-16T05:27:08.982+0000] {processor.py:161} INFO - Started process (PID=665) to work on /home/airflow/.local/lib/python3.8/site-packages/airflow/example_dags/example_latest_only.py
[2026-07-16T05:27:08.986+0000] {processor.py:830} INFO - Processing file /home/airflow/.local/lib/python3.8/site-packages/airflow/example_dags/example_latest_only.py for tasks to queue
[2026-07-16T05:27:08.989+0000] {logging_mixin.py:188} INFO - [2026-07-16T05:27:08.988+0000] {dagbag.py:538} INFO - Filling up the DagBag from /home/airflow/.local/lib/python3.8/site-packages/airflow/example_dags/example_latest_only.py
[2026-07-16T05:27:08.996+0000] {processor.py:840} INFO - DAG(s) 'latest_only' retrieved from /home/airflow/.local/lib/python3.8/site-packages/airflow/example_dags/example_latest_only.py
[2026-07-16T05:27:09.025+0000] {logging_mixin.py:188} INFO - [2026-07-16T05:27:09.025+0000] {dag.py:3036} INFO - Sync 1 DAGs
[2026-07-16T05:27:09.056+0000] {logging_mixin.py:188} INFO - [2026-07-16T05:27:09.055+0000] {dag.py:3823} INFO - Setting next_dagrun for latest_only to 2026-07-16 00:00:00+00:00, run_after=2026-07-16 04:00:00+00:00
[2026-07-16T05:27:09.082+0000] {processor.py:183} INFO - Processing /home/airflow/.local/lib/python3.8/site-packages/airflow/example_dags/example_latest_only.py took 0.106 seconds
[2026-07-16T05:27:39.130+0000] {processor.py:161} INFO - Started process (PID=721) to work on /home/airflow/.local/lib/python3.8/site-packages/airflow/example_dags/example_latest_only.py
[2026-07-16T05:27:39.133+0000] {processor.py:830} INFO - Processing file /home/airflow/.local/lib/python3.8/site-packages/airflow/example_dags/example_latest_only.py for tasks to queue
[2026-07-16T05:27:39.136+0000] {logging_mixin.py:188} INFO - [2026-07-16T05:27:39.135+0000] {dagbag.py:538} INFO - Filling up the DagBag from /home/airflow/.local/lib/python3.8/site-packages/airflow/example_dags/example_latest_only.py
[2026-07-16T05:27:39.144+0000] {processor.py:840} INFO - DAG(s) 'latest_only' retrieved from /home/airflow/.local/lib/python3.8/site-packages/airflow/example_dags/example_latest_only.py
[2026-07-16T05:27:39.181+0000] {logging_mixin.py:188} INFO - [2026-07-16T05:27:39.180+0000] {dag.py:3036} INFO - Sync 1 DAGs
[2026-07-16T05:27:39.215+0000] {logging_mixin.py:188} INFO - [2026-07-16T05:27:39.215+0000] {dag.py:3823} INFO - Setting next_dagrun for latest_only to 2026-07-16 00:00:00+00:00, run_after=2026-07-16 04:00:00+00:00
[2026-07-16T05:27:39.246+0000] {processor.py:183} INFO - Processing /home/airflow/.local/lib/python3.8/site-packages/airflow/example_dags/example_latest_only.py took 0.122 seconds
[2026-07-16T05:28:09.328+0000] {processor.py:161} INFO - Started process (PID=777) to work on /home/airflow/.local/lib/python3.8/site-packages/airflow/example_dags/example_latest_only.py
[2026-07-16T05:28:09.331+0000] {processor.py:830} INFO - Processing file /home/airflow/.local/lib/python3.8/site-packages/airflow/example_dags/example_latest_only.py for tasks to queue
[2026-07-16T05:28:09.335+0000] {logging_mixin.py:188} INFO - [2026-07-16T05:28:09.334+0000] {dagbag.py:538} INFO - Filling up the DagBag from /home/airflow/.local/lib/python3.8/site-packages/airflow/example_dags/example_latest_only.py
[2026-07-16T05:28:09.344+0000] {processor.py:840} INFO - DAG(s) 'latest_only' retrieved from /home/airflow/.local/lib/python3.8/site-packages/airflow/example_dags/example_latest_only.py
[2026-07-16T05:28:09.400+0000] {logging_mixin.py:188} INFO - [2026-07-16T05:28:09.399+0000] {dag.py:3036} INFO - Sync 1 DAGs
[2026-07-16T05:28:09.435+0000] {logging_mixin.py:188} INFO - [2026-07-16T05:28:09.435+0000] {dag.py:3823} INFO - Setting next_dagrun for latest_only to 2026-07-16 00:00:00+00:00, run_after=2026-07-16 04:00:00+00:00
[2026-07-16T05:28:09.473+0000] {processor.py:183} INFO - Processing /home/airflow/.local/lib/python3.8/site-packages/airflow/example_dags/example_latest_only.py took 0.152 seconds
[2026-07-16T05:28:40.050+0000] {processor.py:161} INFO - Started process (PID=833) to work on /home/airflow/.local/lib/python3.8/site-packages/airflow/example_dags/example_latest_only.py
[2026-07-16T05:28:40.056+0000] {processor.py:830} INFO - Processing file /home/airflow/.local/lib/python3.8/site-packages/airflow/example_dags/example_latest_only.py for tasks to queue
[2026-07-16T05:28:40.061+0000] {logging_mixin.py:188} INFO - [2026-07-16T05:28:40.060+0000] {dagbag.py:538} INFO - Filling up the DagBag from /home/airflow/.local/lib/python3.8/site-packages/airflow/example_dags/example_latest_only.py
[2026-07-16T05:28:40.073+0000] {processor.py:840} INFO - DAG(s) 'latest_only' retrieved from /home/airflow/.local/lib/python3.8/site-packages/airflow/example_dags/example_latest_only.py
[2026-07-16T05:28:40.122+0000] {logging_mixin.py:188} INFO - [2026-07-16T05:28:40.121+0000] {dag.py:3036} INFO - Sync 1 DAGs
[2026-07-16T05:28:40.193+0000] {logging_mixin.py:188} INFO - [2026-07-16T05:28:40.191+0000] {dag.py:3823} INFO - Setting next_dagrun for latest_only to 2026-07-16 00:00:00+00:00, run_after=2026-07-16 04:00:00+00:00
[2026-07-16T05:28:40.283+0000] {processor.py:183} INFO - Processing /home/airflow/.local/lib/python3.8/site-packages/airflow/example_dags/example_latest_only.py took 0.256 seconds
[2026-07-16T05:29:10.451+0000] {processor.py:161} INFO - Started process (PID=889) to work on /home/airflow/.local/lib/python3.8/site-packages/airflow/example_dags/example_latest_only.py
[2026-07-16T05:29:10.458+0000] {processor.py:830} INFO - Processing file /home/airflow/.local/lib/python3.8/site-packages/airflow/example_dags/example_latest_only.py for tasks to queue
[2026-07-16T05:29:10.462+0000] {logging_mixin.py:188} INFO - [2026-07-16T05:29:10.461+0000] {dagbag.py:538} INFO - Filling up the DagBag from /home/airflow/.local/lib/python3.8/site-packages/airflow/example_dags/example_latest_only.py
[2026-07-16T05:29:10.476+0000] {processor.py:840} INFO - DAG(s) 'latest_only' retrieved from /home/airflow/.local/lib/python3.8/site-packages/airflow/example_dags/example_latest_only.py
[2026-07-16T05:29:10.515+0000] {logging_mixin.py:188} INFO - [2026-07-16T05:29:10.514+0000] {dag.py:3036} INFO - Sync 1 DAGs
[2026-07-16T05:29:10.553+0000] {logging_mixin.py:188} INFO - [2026-07-16T05:29:10.553+0000] {dag.py:3823} INFO - Setting next_dagrun for latest_only to 2026-07-16 00:00:00+00:00, run_after=2026-07-16 04:00:00+00:00
[2026-07-16T05:29:10.600+0000] {processor.py:183} INFO - Processing /home/airflow/.local/lib/python3.8/site-packages/airflow/example_dags/example_latest_only.py took 0.158 seconds
[2026-07-16T05:29:41.179+0000] {processor.py:161} INFO - Started process (PID=945) to work on /home/airflow/.local/lib/python3.8/site-packages/airflow/example_dags/example_latest_only.py
[2026-07-16T05:29:41.181+0000] {processor.py:830} INFO - Processing file /home/airflow/.local/lib/python3.8/site-packages/airflow/example_dags/example_latest_only.py for tasks to queue
[2026-07-16T05:29:41.187+0000] {logging_mixin.py:188} INFO - [2026-07-16T05:29:41.186+0000] {dagbag.py:538} INFO - Filling up the DagBag from /home/airflow/.local/lib/python3.8/site-packages/airflow/example_dags/example_latest_only.py
[2026-07-16T05:29:41.201+0000] {processor.py:840} INFO - DAG(s) 'latest_only' retrieved from /home/airflow/.local/lib/python3.8/site-packages/airflow/example_dags/example_latest_only.py
[2026-07-16T05:29:41.261+0000] {logging_mixin.py:188} INFO - [2026-07-16T05:29:41.260+0000] {dag.py:3036} INFO - Sync 1 DAGs
[2026-07-16T05:29:41.326+0000] {logging_mixin.py:188} INFO - [2026-07-16T05:29:41.326+0000] {dag.py:3823} INFO - Setting next_dagrun for latest_only to 2026-07-16 00:00:00+00:00, run_after=2026-07-16 04:00:00+00:00
[2026-07-16T05:29:41.385+0000] {processor.py:183} INFO - Processing /home/airflow/.local/lib/python3.8/site-packages/airflow/example_dags/example_latest_only.py took 0.215 seconds
[2026-07-16T05:30:11.994+0000] {processor.py:161} INFO - Started process (PID=1001) to work on /home/airflow/.local/lib/python3.8/site-packages/airflow/example_dags/example_latest_only.py
[2026-07-16T05:30:12.001+0000] {processor.py:830} INFO - Processing file /home/airflow/.local/lib/python3.8/site-packages/airflow/example_dags/example_latest_only.py for tasks to queue
[2026-07-16T05:30:12.006+0000] {logging_mixin.py:188} INFO - [2026-07-16T05:30:12.005+0000] {dagbag.py:538} INFO - Filling up the DagBag from /home/airflow/.local/lib/python3.8/site-packages/airflow/example_dags/example_latest_only.py
[2026-07-16T05:30:12.022+0000] {processor.py:840} INFO - DAG(s) 'latest_only' retrieved from /home/airflow/.local/lib/python3.8/site-packages/airflow/example_dags/example_latest_only.py
[2026-07-16T05:30:12.061+0000] {logging_mixin.py:188} INFO - [2026-07-16T05:30:12.061+0000] {dag.py:3036} INFO - Sync 1 DAGs
[2026-07-16T05:30:12.094+0000] {logging_mixin.py:188} INFO - [2026-07-16T05:30:12.093+0000] {dag.py:3823} INFO - Setting next_dagrun for latest_only to 2026-07-16 00:00:00+00:00, run_after=2026-07-16 04:00:00+00:00
[2026-07-16T05:30:12.137+0000] {processor.py:183} INFO - Processing /home/airflow/.local/lib/python3.8/site-packages/airflow/example_dags/example_latest_only.py took 0.151 seconds
[2026-07-16T05:30:43.035+0000] {processor.py:161} INFO - Started process (PID=1057) to work on /home/airflow/.local/lib/python3.8/site-packages/airflow/example_dags/example_latest_only.py
[2026-07-16T05:30:43.037+0000] {processor.py:830} INFO - Processing file /home/airflow/.local/lib/python3.8/site-packages/airflow/example_dags/example_latest_only.py for tasks to queue
[2026-07-16T05:30:43.040+0000] {logging_mixin.py:188} INFO - [2026-07-16T05:30:43.040+0000] {dagbag.py:538} INFO - Filling up the DagBag from /home/airflow/.local/lib/python3.8/site-packages/airflow/example_dags/example_latest_only.py
[2026-07-16T05:30:43.047+0000] {processor.py:840} INFO - DAG(s) 'latest_only' retrieved from /home/airflow/.local/lib/python3.8/site-packages/airflow/example_dags/example_latest_only.py
[2026-07-16T05:30:43.080+0000] {logging_mixin.py:188} INFO - [2026-07-16T05:30:43.080+0000] {dag.py:3036} INFO - Sync 1 DAGs
[2026-07-16T05:30:43.112+0000] {logging_mixin.py:188} INFO - [2026-07-16T05:30:43.111+0000] {dag.py:3823} INFO - Setting next_dagrun for latest_only to 2026-07-16 00:00:00+00:00, run_after=2026-07-16 04:00:00+00:00
[2026-07-16T05:30:43.138+0000] {processor.py:183} INFO - Processing /home/airflow/.local/lib/python3.8/site-packages/airflow/example_dags/example_latest_only.py took 0.111 seconds
[2026-07-16T05:31:13.912+0000] {processor.py:161} INFO - Started process (PID=1113) to work on /home/airflow/.local/lib/python3.8/site-packages/airflow/example_dags/example_latest_only.py
[2026-07-16T05:31:13.915+0000] {processor.py:830} INFO - Processing file /home/airflow/.local/lib/python3.8/site-packages/airflow/example_dags/example_latest_only.py for tasks to queue
[2026-07-16T05:31:13.919+0000] {logging_mixin.py:188} INFO - [2026-07-16T05:31:13.917+0000] {dagbag.py:538} INFO - Filling up the DagBag from /home/airflow/.local/lib/python3.8/site-packages/airflow/example_dags/example_latest_only.py
[2026-07-16T05:31:13.928+0000] {processor.py:840} INFO - DAG(s) 'latest_only' retrieved from /home/airflow/.local/lib/python3.8/site-packages/airflow/example_dags/example_latest_only.py
[2026-07-16T05:31:13.958+0000] {logging_mixin.py:188} INFO - [2026-07-16T05:31:13.958+0000] {dag.py:3036} INFO - Sync 1 DAGs
[2026-07-16T05:31:13.986+0000] {logging_mixin.py:188} INFO - [2026-07-16T05:31:13.986+0000] {dag.py:3823} INFO - Setting next_dagrun for latest_only to 2026-07-16 00:00:00+00:00, run_after=2026-07-16 04:00:00+00:00
[2026-07-16T05:31:14.011+0000] {processor.py:183} INFO - Processing /home/airflow/.local/lib/python3.8/site-packages/airflow/example_dags/example_latest_only.py took 0.105 seconds
[2026-07-16T05:31:44.061+0000] {processor.py:161} INFO - Started process (PID=1169) to work on /home/airflow/.local/lib/python3.8/site-packages/airflow/example_dags/example_latest_only.py
[2026-07-16T05:31:44.066+0000] {processor.py:830} INFO - Processing file /home/airflow/.local/lib/python3.8/site-packages/airflow/example_dags/example_latest_only.py for tasks to queue
[2026-07-16T05:31:44.070+0000] {logging_mixin.py:188} INFO - [2026-07-16T05:31:44.069+0000] {dagbag.py:538} INFO - Filling up the DagBag from /home/airflow/.local/lib/python3.8/site-packages/airflow/example_dags/example_latest_only.py
[2026-07-16T05:31:44.080+0000] {processor.py:840} INFO - DAG(s) 'latest_only' retrieved from /home/airflow/.local/lib/python3.8/site-packages/airflow/example_dags/example_latest_only.py
[2026-07-16T05:31:44.114+0000] {logging_mixin.py:188} INFO - [2026-07-16T05:31:44.114+0000] {dag.py:3036} INFO - Sync 1 DAGs
[2026-07-16T05:31:44.152+0000] {logging_mixin.py:188} INFO - [2026-07-16T05:31:44.151+0000] {dag.py:3823} INFO - Setting next_dagrun for latest_only to 2026-07-16 00:00:00+00:00, run_after=2026-07-16 04:00:00+00:00
[2026-07-16T05:31:44.188+0000] {processor.py:183} INFO - Processing /home/airflow/.local/lib/python3.8/site-packages/airflow/example_dags/example_latest_only.py took 0.139 seconds
[2026-07-16T05:32:14.761+0000] {processor.py:161} INFO - Started process (PID=1225) to work on /home/airflow/.local/lib/python3.8/site-packages/airflow/example_dags/example_latest_only.py
[2026-07-16T05:32:14.765+0000] {processor.py:830} INFO - Processing file /home/airflow/.local/lib/python3.8/site-packages/airflow/example_dags/example_latest_only.py for tasks to queue
[2026-07-16T05:32:14.771+0000] {logging_mixin.py:188} INFO - [2026-07-16T05:32:14.770+0000] {dagbag.py:538} INFO - Filling up the DagBag from /home/airflow/.local/lib/python3.8/site-packages/airflow/example_dags/example_latest_only.py
[2026-07-16T05:32:14.784+0000] {processor.py:840} INFO - DAG(s) 'latest_only' retrieved from /home/airflow/.local/lib/python3.8/site-packages/airflow/example_dags/example_latest_only.py
[2026-07-16T05:32:14.838+0000] {logging_mixin.py:188} INFO - [2026-07-16T05:32:14.838+0000] {dag.py:3036} INFO - Sync 1 DAGs
[2026-07-16T05:32:14.892+0000] {logging_mixin.py:188} INFO - [2026-07-16T05:32:14.891+0000] {dag.py:3823} INFO - Setting next_dagrun for latest_only to 2026-07-16 00:00:00+00:00, run_after=2026-07-16 04:00:00+00:00
[2026-07-16T05:32:14.931+0000] {processor.py:183} INFO - Processing /home/airflow/.local/lib/python3.8/site-packages/airflow/example_dags/example_latest_only.py took 0.176 seconds
[2026-07-16T05:32:45.154+0000] {processor.py:161} INFO - Started process (PID=1281) to work on /home/airflow/.local/lib/python3.8/site-packages/airflow/example_dags/example_latest_only.py
[2026-07-16T05:32:45.158+0000] {processor.py:830} INFO - Processing file /home/airflow/.local/lib/python3.8/site-packages/airflow/example_dags/example_latest_only.py for tasks to queue
[2026-07-16T05:32:45.160+0000] {logging_mixin.py:188} INFO - [2026-07-16T05:32:45.159+0000] {dagbag.py:538} INFO - Filling up the DagBag from /home/airflow/.local/lib/python3.8/site-packages/airflow/example_dags/example_latest_only.py
[2026-07-16T05:32:45.164+0000] {processor.py:840} INFO - DAG(s) 'latest_only' retrieved from /home/airflow/.local/lib/python3.8/site-packages/airflow/example_dags/example_latest_only.py
[2026-07-16T05:32:45.181+0000] {logging_mixin.py:188} INFO - [2026-07-16T05:32:45.181+0000] {dag.py:3036} INFO - Sync 1 DAGs
[2026-07-16T05:32:45.196+0000] {logging_mixin.py:188} INFO - [2026-07-16T05:32:45.196+0000] {dag.py:3823} INFO - Setting next_dagrun for latest_only to 2026-07-16 00:00:00+00:00, run_after=2026-07-16 04:00:00+00:00
[2026-07-16T05:32:45.211+0000] {processor.py:183} INFO - Processing /home/airflow/.local/lib/python3.8/site-packages/airflow/example_dags/example_latest_only.py took 0.060 seconds
[2026-07-16T05:33:15.282+0000] {processor.py:161} INFO - Started process (PID=1337) to work on /home/airflow/.local/lib/python3.8/site-packages/airflow/example_dags/example_latest_only.py
[2026-07-16T05:33:15.285+0000] {processor.py:830} INFO - Processing file /home/airflow/.local/lib/python3.8/site-packages/airflow/example_dags/example_latest_only.py for tasks to queue
[2026-07-16T05:33:15.289+0000] {logging_mixin.py:188} INFO - [2026-07-16T05:33:15.288+0000] {dagbag.py:538} INFO - Filling up the DagBag from /home/airflow/.local/lib/python3.8/site-packages/airflow/example_dags/example_latest_only.py
[2026-07-16T05:33:15.299+0000] {processor.py:840} INFO - DAG(s) 'latest_only' retrieved from /home/airflow/.local/lib/python3.8/site-packages/airflow/example_dags/example_latest_only.py
[2026-07-16T05:33:15.341+0000] {logging_mixin.py:188} INFO - [2026-07-16T05:33:15.341+0000] {dag.py:3036} INFO - Sync 1 DAGs
[2026-07-16T05:33:15.368+0000] {logging_mixin.py:188} INFO - [2026-07-16T05:33:15.367+0000] {dag.py:3823} INFO - Setting next_dagrun for latest_only to 2026-07-16 00:00:00+00:00, run_after=2026-07-16 04:00:00+00:00
[2026-07-16T05:33:15.396+0000] {processor.py:183} INFO - Processing /home/airflow/.local/lib/python3.8/site-packages/airflow/example_dags/example_latest_only.py took 0.120 seconds
[2026-07-16T05:33:45.628+0000] {processor.py:161} INFO - Started process (PID=1393) to work on /home/airflow/.local/lib/python3.8/site-packages/airflow/example_dags/example_latest_only.py
[2026-07-16T05:33:45.631+0000] {processor.py:830} INFO - Processing file /home/airflow/.local/lib/python3.8/site-packages/airflow/example_dags/example_latest_only.py for tasks to queue
[2026-07-16T05:33:45.633+0000] {logging_mixin.py:188} INFO - [2026-07-16T05:33:45.632+0000] {dagbag.py:538} INFO - Filling up the DagBag from /home/airflow/.local/lib/python3.8/site-packages/airflow/example_dags/example_latest_only.py
[2026-07-16T05:33:45.640+0000] {processor.py:840} INFO - DAG(s) 'latest_only' retrieved from /home/airflow/.local/lib/python3.8/site-packages/airflow/example_dags/example_latest_only.py
[2026-07-16T05:33:45.663+0000] {logging_mixin.py:188} INFO - [2026-07-16T05:33:45.663+0000] {dag.py:3036} INFO - Sync 1 DAGs
[2026-07-16T05:33:45.684+0000] {logging_mixin.py:188} INFO - [2026-07-16T05:33:45.683+0000] {dag.py:3823} INFO - Setting next_dagrun for latest_only to 2026-07-16 00:00:00+00:00, run_after=2026-07-16 04:00:00+00:00
[2026-07-16T05:33:45.701+0000] {processor.py:183} INFO - Processing /home/airflow/.local/lib/python3.8/site-packages/airflow/example_dags/example_latest_only.py took 0.076 seconds
[2026-07-16T05:34:16.260+0000] {processor.py:161} INFO - Started process (PID=1449) to work on /home/airflow/.local/lib/python3.8/site-packages/airflow/example_dags/example_latest_only.py
[2026-07-16T05:34:16.263+0000] {processor.py:830} INFO - Processing file /home/airflow/.local/lib/python3.8/site-packages/airflow/example_dags/example_latest_only.py for tasks to queue
[2026-07-16T05:34:16.267+0000] {logging_mixin.py:188} INFO - [2026-07-16T05:34:16.266+0000] {dagbag.py:538} INFO - Filling up the DagBag from /home/airflow/.local/lib/python3.8/site-packages/airflow/example_dags/example_latest_only.py
[2026-07-16T05:34:16.273+0000] {processor.py:840} INFO - DAG(s) 'latest_only' retrieved from /home/airflow/.local/lib/python3.8/site-packages/airflow/example_dags/example_latest_only.py
[2026-07-16T05:34:16.300+0000] {logging_mixin.py:188} INFO - [2026-07-16T05:34:16.300+0000] {dag.py:3036} INFO - Sync 1 DAGs
[2026-07-16T05:34:16.328+0000] {logging_mixin.py:188} INFO - [2026-07-16T05:34:16.327+0000] {dag.py:3823} INFO - Setting next_dagrun for latest_only to 2026-07-16 00:00:00+00:00, run_after=2026-07-16 04:00:00+00:00
[2026-07-16T05:34:16.351+0000] {processor.py:183} INFO - Processing /home/airflow/.local/lib/python3.8/site-packages/airflow/example_dags/example_latest_only.py took 0.096 seconds
[2026-07-16T05:34:46.617+0000] {processor.py:161} INFO - Started process (PID=1499) to work on /home/airflow/.local/lib/python3.8/site-packages/airflow/example_dags/example_latest_only.py
[2026-07-16T05:34:46.620+0000] {processor.py:830} INFO - Processing file /home/airflow/.local/lib/python3.8/site-packages/airflow/example_dags/example_latest_only.py for tasks to queue
[2026-07-16T05:34:46.623+0000] {logging_mixin.py:188} INFO - [2026-07-16T05:34:46.622+0000] {dagbag.py:538} INFO - Filling up the DagBag from /home/airflow/.local/lib/python3.8/site-packages/airflow/example_dags/example_latest_only.py
[2026-07-16T05:34:46.630+0000] {processor.py:840} INFO - DAG(s) 'latest_only' retrieved from /home/airflow/.local/lib/python3.8/site-packages/airflow/example_dags/example_latest_only.py
[2026-07-16T05:34:46.660+0000] {logging_mixin.py:188} INFO - [2026-07-16T05:34:46.659+0000] {dag.py:3036} INFO - Sync 1 DAGs
[2026-07-16T05:34:46.683+0000] {logging_mixin.py:188} INFO - [2026-07-16T05:34:46.683+0000] {dag.py:3823} INFO - Setting next_dagrun for latest_only to 2026-07-16 00:00:00+00:00, run_after=2026-07-16 04:00:00+00:00
[2026-07-16T05:34:46.706+0000] {processor.py:183} INFO - Processing /home/airflow/.local/lib/python3.8/site-packages/airflow/example_dags/example_latest_only.py took 0.095 seconds
[2026-07-16T05:35:16.890+0000] {processor.py:161} INFO - Started process (PID=1555) to work on /home/airflow/.local/lib/python3.8/site-packages/airflow/example_dags/example_latest_only.py
[2026-07-16T05:35:16.893+0000] {processor.py:830} INFO - Processing file /home/airflow/.local/lib/python3.8/site-packages/airflow/example_dags/example_latest_only.py for tasks to queue
[2026-07-16T05:35:16.895+0000] {logging_mixin.py:188} INFO - [2026-07-16T05:35:16.894+0000] {dagbag.py:538} INFO - Filling up the DagBag from /home/airflow/.local/lib/python3.8/site-packages/airflow/example_dags/example_latest_only.py
[2026-07-16T05:35:16.899+0000] {processor.py:840} INFO - DAG(s) 'latest_only' retrieved from /home/airflow/.local/lib/python3.8/site-packages/airflow/example_dags/example_latest_only.py
[2026-07-16T05:35:16.916+0000] {logging_mixin.py:188} INFO - [2026-07-16T05:35:16.916+0000] {dag.py:3036} INFO - Sync 1 DAGs
[2026-07-16T05:35:16.932+0000] {logging_mixin.py:188} INFO - [2026-07-16T05:35:16.932+0000] {dag.py:3823} INFO - Setting next_dagrun for latest_only to 2026-07-16 00:00:00+00:00, run_after=2026-07-16 04:00:00+00:00
[2026-07-16T05:35:16.946+0000] {processor.py:183} INFO - Processing /home/airflow/.local/lib/python3.8/site-packages/airflow/example_dags/example_latest_only.py took 0.058 seconds
[2026-07-16T05:35:47.643+0000] {processor.py:161} INFO - Started process (PID=1611) to work on /home/airflow/.local/lib/python3.8/site-packages/airflow/example_dags/example_latest_only.py
[2026-07-16T05:35:47.646+0000] {processor.py:830} INFO - Processing file /home/airflow/.local/lib/python3.8/site-packages/airflow/example_dags/example_latest_only.py for tasks to queue
[2026-07-16T05:35:47.649+0000] {logging_mixin.py:188} INFO - [2026-07-16T05:35:47.648+0000] {dagbag.py:538} INFO - Filling up the DagBag from /home/airflow/.local/lib/python3.8/site-packages/airflow/example_dags/example_latest_only.py
[2026-07-16T05:35:47.658+0000] {processor.py:840} INFO - DAG(s) 'latest_only' retrieved from /home/airflow/.local/lib/python3.8/site-packages/airflow/example_dags/example_latest_only.py
[2026-07-16T05:35:47.690+0000] {logging_mixin.py:188} INFO - [2026-07-16T05:35:47.690+0000] {dag.py:3036} INFO - Sync 1 DAGs
[2026-07-16T05:35:47.719+0000] {logging_mixin.py:188} INFO - [2026-07-16T05:35:47.719+0000] {dag.py:3823} INFO - Setting next_dagrun for latest_only to 2026-07-16 00:00:00+00:00, run_after=2026-07-16 04:00:00+00:00
[2026-07-16T05:35:47.749+0000] {processor.py:183} INFO - Processing /home/airflow/.local/lib/python3.8/site-packages/airflow/example_dags/example_latest_only.py took 0.110 seconds
[2026-07-16T05:36:17.968+0000] {processor.py:161} INFO - Started process (PID=1667) to work on /home/airflow/.local/lib/python3.8/site-packages/airflow/example_dags/example_latest_only.py
[2026-07-16T05:36:17.972+0000] {processor.py:830} INFO - Processing file /home/airflow/.local/lib/python3.8/site-packages/airflow/example_dags/example_latest_only.py for tasks to queue
[2026-07-16T05:36:17.976+0000] {logging_mixin.py:188} INFO - [2026-07-16T05:36:17.975+0000] {dagbag.py:538} INFO - Filling up the DagBag from /home/airflow/.local/lib/python3.8/site-packages/airflow/example_dags/example_latest_only.py
[2026-07-16T05:36:17.983+0000] {processor.py:840} INFO - DAG(s) 'latest_only' retrieved from /home/airflow/.local/lib/python3.8/site-packages/airflow/example_dags/example_latest_only.py
[2026-07-16T05:36:18.010+0000] {logging_mixin.py:188} INFO - [2026-07-16T05:36:18.009+0000] {dag.py:3036} INFO - Sync 1 DAGs
[2026-07-16T05:36:18.033+0000] {logging_mixin.py:188} INFO - [2026-07-16T05:36:18.033+0000] {dag.py:3823} INFO - Setting next_dagrun for latest_only to 2026-07-16 00:00:00+00:00, run_after=2026-07-16 04:00:00+00:00
[2026-07-16T05:36:18.058+0000] {processor.py:183} INFO - Processing /home/airflow/.local/lib/python3.8/site-packages/airflow/example_dags/example_latest_only.py took 0.096 seconds
[2026-07-16T05:36:48.371+0000] {processor.py:161} INFO - Started process (PID=1724) to work on /home/airflow/.local/lib/python3.8/site-packages/airflow/example_dags/example_latest_only.py
[2026-07-16T05:36:48.372+0000] {processor.py:830} INFO - Processing file /home/airflow/.local/lib/python3.8/site-packages/airflow/example_dags/example_latest_only.py for tasks to queue
[2026-07-16T05:36:48.375+0000] {logging_mixin.py:188} INFO - [2026-07-16T05:36:48.375+0000] {dagbag.py:538} INFO - Filling up the DagBag from /home/airflow/.local/lib/python3.8/site-packages/airflow/example_dags/example_latest_only.py
[2026-07-16T05:36:48.383+0000] {processor.py:840} INFO - DAG(s) 'latest_only' retrieved from /home/airflow/.local/lib/python3.8/site-packages/airflow/example_dags/example_latest_only.py
[2026-07-16T05:36:48.405+0000] {logging_mixin.py:188} INFO - [2026-07-16T05:36:48.404+0000] {dag.py:3036} INFO - Sync 1 DAGs
[2026-07-16T05:36:48.426+0000] {logging_mixin.py:188} INFO - [2026-07-16T05:36:48.426+0000] {dag.py:3823} INFO - Setting next_dagrun for latest_only to 2026-07-16 00:00:00+00:00, run_after=2026-07-16 04:00:00+00:00
[2026-07-16T05:36:48.453+0000] {processor.py:183} INFO - Processing /home/airflow/.local/lib/python3.8/site-packages/airflow/example_dags/example_latest_only.py took 0.086 seconds
[2026-07-16T05:37:18.854+0000] {processor.py:161} INFO - Started process (PID=1780) to work on /home/airflow/.local/lib/python3.8/site-packages/airflow/example_dags/example_latest_only.py
[2026-07-16T05:37:18.857+0000] {processor.py:830} INFO - Processing file /home/airflow/.local/lib/python3.8/site-packages/airflow/example_dags/example_latest_only.py for tasks to queue
[2026-07-16T05:37:18.859+0000] {logging_mixin.py:188} INFO - [2026-07-16T05:37:18.859+0000] {dagbag.py:538} INFO - Filling up the DagBag from /home/airflow/.local/lib/python3.8/site-packages/airflow/example_dags/example_latest_only.py
[2026-07-16T05:37:18.864+0000] {processor.py:840} INFO - DAG(s) 'latest_only' retrieved from /home/airflow/.local/lib/python3.8/site-packages/airflow/example_dags/example_latest_only.py
[2026-07-16T05:37:18.885+0000] {logging_mixin.py:188} INFO - [2026-07-16T05:37:18.885+0000] {dag.py:3036} INFO - Sync 1 DAGs
[2026-07-16T05:37:18.902+0000] {logging_mixin.py:188} INFO - [2026-07-16T05:37:18.902+0000] {dag.py:3823} INFO - Setting next_dagrun for latest_only to 2026-07-16 00:00:00+00:00, run_after=2026-07-16 04:00:00+00:00
[2026-07-16T05:37:18.920+0000] {processor.py:183} INFO - Processing /home/airflow/.local/lib/python3.8/site-packages/airflow/example_dags/example_latest_only.py took 0.070 seconds
[2026-07-16T05:37:49.125+0000] {processor.py:161} INFO - Started process (PID=1836) to work on /home/airflow/.local/lib/python3.8/site-packages/airflow/example_dags/example_latest_only.py
[2026-07-16T05:37:49.129+0000] {processor.py:830} INFO - Processing file /home/airflow/.local/lib/python3.8/site-packages/airflow/example_dags/example_latest_only.py for tasks to queue
[2026-07-16T05:37:49.131+0000] {logging_mixin.py:188} INFO - [2026-07-16T05:37:49.130+0000] {dagbag.py:538} INFO - Filling up the DagBag from /home/airflow/.local/lib/python3.8/site-packages/airflow/example_dags/example_latest_only.py
[2026-07-16T05:37:49.138+0000] {processor.py:840} INFO - DAG(s) 'latest_only' retrieved from /home/airflow/.local/lib/python3.8/site-packages/airflow/example_dags/example_latest_only.py
[2026-07-16T05:37:49.166+0000] {logging_mixin.py:188} INFO - [2026-07-16T05:37:49.166+0000] {dag.py:3036} INFO - Sync 1 DAGs
[2026-07-16T05:37:49.191+0000] {logging_mixin.py:188} INFO - [2026-07-16T05:37:49.191+0000] {dag.py:3823} INFO - Setting next_dagrun for latest_only to 2026-07-16 00:00:00+00:00, run_after=2026-07-16 04:00:00+00:00
[2026-07-16T05:37:49.219+0000] {processor.py:183} INFO - Processing /home/airflow/.local/lib/python3.8/site-packages/airflow/example_dags/example_latest_only.py took 0.100 seconds
[2026-07-16T05:38:19.423+0000] {processor.py:161} INFO - Started process (PID=1892) to work on /home/airflow/.local/lib/python3.8/site-packages/airflow/example_dags/example_latest_only.py
[2026-07-16T05:38:19.427+0000] {processor.py:830} INFO - Processing file /home/airflow/.local/lib/python3.8/site-packages/airflow/example_dags/example_latest_only.py for tasks to queue
[2026-07-16T05:38:19.429+0000] {logging_mixin.py:188} INFO - [2026-07-16T05:38:19.429+0000] {dagbag.py:538} INFO - Filling up the DagBag from /home/airflow/.local/lib/python3.8/site-packages/airflow/example_dags/example_latest_only.py
[2026-07-16T05:38:19.436+0000] {processor.py:840} INFO - DAG(s) 'latest_only' retrieved from /home/airflow/.local/lib/python3.8/site-packages/airflow/example_dags/example_latest_only.py
[2026-07-16T05:38:19.462+0000] {logging_mixin.py:188} INFO - [2026-07-16T05:38:19.462+0000] {dag.py:3036} INFO - Sync 1 DAGs
[2026-07-16T05:38:19.483+0000] {logging_mixin.py:188} INFO - [2026-07-16T05:38:19.483+0000] {dag.py:3823} INFO - Setting next_dagrun for latest_only to 2026-07-16 00:00:00+00:00, run_after=2026-07-16 04:00:00+00:00
[2026-07-16T05:38:19.502+0000] {processor.py:183} INFO - Processing /home/airflow/.local/lib/python3.8/site-packages/airflow/example_dags/example_latest_only.py took 0.083 seconds
[2026-07-16T05:38:49.724+0000] {processor.py:161} INFO - Started process (PID=1948) to work on /home/airflow/.local/lib/python3.8/site-packages/airflow/example_dags/example_latest_only.py
[2026-07-16T05:38:49.727+0000] {processor.py:830} INFO - Processing file /home/airflow/.local/lib/python3.8/site-packages/airflow/example_dags/example_latest_only.py for tasks to queue
[2026-07-16T05:38:49.731+0000] {logging_mixin.py:188} INFO - [2026-07-16T05:38:49.730+0000] {dagbag.py:538} INFO - Filling up the DagBag from /home/airflow/.local/lib/python3.8/site-packages/airflow/example_dags/example_latest_only.py
[2026-07-16T05:38:49.741+0000] {processor.py:840} INFO - DAG(s) 'latest_only' retrieved from /home/airflow/.local/lib/python3.8/site-packages/airflow/example_dags/example_latest_only.py
[2026-07-16T05:38:49.786+0000] {logging_mixin.py:188} INFO - [2026-07-16T05:38:49.785+0000] {dag.py:3036} INFO - Sync 1 DAGs
[2026-07-16T05:38:49.811+0000] {logging_mixin.py:188} INFO - [2026-07-16T05:38:49.811+0000] {dag.py:3823} INFO - Setting next_dagrun for latest_only to 2026-07-16 00:00:00+00:00, run_after=2026-07-16 04:00:00+00:00
[2026-07-16T05:38:49.831+0000] {processor.py:183} INFO - Processing /home/airflow/.local/lib/python3.8/site-packages/airflow/example_dags/example_latest_only.py took 0.112 seconds
[2026-07-16T05:39:20.075+0000] {processor.py:161} INFO - Started process (PID=2004) to work on /home/airflow/.local/lib/python3.8/site-packages/airflow/example_dags/example_latest_only.py
[2026-07-16T05:39:20.078+0000] {processor.py:830} INFO - Processing file /home/airflow/.local/lib/python3.8/site-packages/airflow/example_dags/example_latest_only.py for tasks to queue
[2026-07-16T05:39:20.080+0000] {logging_mixin.py:188} INFO - [2026-07-16T05:39:20.079+0000] {dagbag.py:538} INFO - Filling up the DagBag from /home/airflow/.local/lib/python3.8/site-packages/airflow/example_dags/example_latest_only.py
[2026-07-16T05:39:20.084+0000] {processor.py:840} INFO - DAG(s) 'latest_only' retrieved from /home/airflow/.local/lib/python3.8/site-packages/airflow/example_dags/example_latest_only.py
[2026-07-16T05:39:20.102+0000] {logging_mixin.py:188} INFO - [2026-07-16T05:39:20.102+0000] {dag.py:3036} INFO - Sync 1 DAGs
[2026-07-16T05:39:20.118+0000] {logging_mixin.py:188} INFO - [2026-07-16T05:39:20.118+0000] {dag.py:3823} INFO - Setting next_dagrun for latest_only to 2026-07-16 00:00:00+00:00, run_after=2026-07-16 04:00:00+00:00
[2026-07-16T05:39:20.133+0000] {processor.py:183} INFO - Processing /home/airflow/.local/lib/python3.8/site-packages/airflow/example_dags/example_latest_only.py took 0.063 seconds
[2026-07-16T05:39:50.251+0000] {processor.py:161} INFO - Started process (PID=2060) to work on /home/airflow/.local/lib/python3.8/site-packages/airflow/example_dags/example_latest_only.py
[2026-07-16T05:39:50.254+0000] {processor.py:830} INFO - Processing file /home/airflow/.local/lib/python3.8/site-packages/airflow/example_dags/example_latest_only.py for tasks to queue
[2026-07-16T05:39:50.256+0000] {logging_mixin.py:188} INFO - [2026-07-16T05:39:50.256+0000] {dagbag.py:538} INFO - Filling up the DagBag from /home/airflow/.local/lib/python3.8/site-packages/airflow/example_dags/example_latest_only.py
[2026-07-16T05:39:50.261+0000] {processor.py:840} INFO - DAG(s) 'latest_only' retrieved from /home/airflow/.local/lib/python3.8/site-packages/airflow/example_dags/example_latest_only.py
[2026-07-16T05:39:50.288+0000] {logging_mixin.py:188} INFO - [2026-07-16T05:39:50.287+0000] {dag.py:3036} INFO - Sync 1 DAGs
[2026-07-16T05:39:50.309+0000] {logging_mixin.py:188} INFO - [2026-07-16T05:39:50.309+0000] {dag.py:3823} INFO - Setting next_dagrun for latest_only to 2026-07-16 00:00:00+00:00, run_after=2026-07-16 04:00:00+00:00
[2026-07-16T05:39:50.336+0000] {processor.py:183} INFO - Processing /home/airflow/.local/lib/python3.8/site-packages/airflow/example_dags/example_latest_only.py took 0.087 seconds
[2026-07-16T05:40:20.417+0000] {processor.py:161} INFO - Started process (PID=2116) to work on /home/airflow/.local/lib/python3.8/site-packages/airflow/example_dags/example_latest_only.py
[2026-07-16T05:40:20.418+0000] {processor.py:830} INFO - Processing file /home/airflow/.local/lib/python3.8/site-packages/airflow/example_dags/example_latest_only.py for tasks to queue
[2026-07-16T05:40:20.420+0000] {logging_mixin.py:188} INFO - [2026-07-16T05:40:20.420+0000] {dagbag.py:538} INFO - Filling up the DagBag from /home/airflow/.local/lib/python3.8/site-packages/airflow/example_dags/example_latest_only.py
[2026-07-16T05:40:20.426+0000] {processor.py:840} INFO - DAG(s) 'latest_only' retrieved from /home/airflow/.local/lib/python3.8/site-packages/airflow/example_dags/example_latest_only.py
[2026-07-16T05:40:20.453+0000] {logging_mixin.py:188} INFO - [2026-07-16T05:40:20.451+0000] {dag.py:3036} INFO - Sync 1 DAGs
[2026-07-16T05:40:20.477+0000] {logging_mixin.py:188} INFO - [2026-07-16T05:40:20.477+0000] {dag.py:3823} INFO - Setting next_dagrun for latest_only to 2026-07-16 00:00:00+00:00, run_after=2026-07-16 04:00:00+00:00
[2026-07-16T05:40:20.494+0000] {processor.py:183} INFO - Processing /home/airflow/.local/lib/python3.8/site-packages/airflow/example_dags/example_latest_only.py took 0.081 seconds
[2026-07-16T05:40:50.574+0000] {processor.py:161} INFO - Started process (PID=2172) to work on /home/airflow/.local/lib/python3.8/site-packages/airflow/example_dags/example_latest_only.py
[2026-07-16T05:40:50.577+0000] {processor.py:830} INFO - Processing file /home/airflow/.local/lib/python3.8/site-packages/airflow/example_dags/example_latest_only.py for tasks to queue
[2026-07-16T05:40:50.579+0000] {logging_mixin.py:188} INFO - [2026-07-16T05:40:50.578+0000] {dagbag.py:538} INFO - Filling up the DagBag from /home/airflow/.local/lib/python3.8/site-packages/airflow/example_dags/example_latest_only.py
[2026-07-16T05:40:50.585+0000] {processor.py:840} INFO - DAG(s) 'latest_only' retrieved from /home/airflow/.local/lib/python3.8/site-packages/airflow/example_dags/example_latest_only.py
[2026-07-16T05:40:50.620+0000] {logging_mixin.py:188} INFO - [2026-07-16T05:40:50.620+0000] {dag.py:3036} INFO - Sync 1 DAGs
[2026-07-16T05:40:50.649+0000] {logging_mixin.py:188} INFO - [2026-07-16T05:40:50.648+0000] {dag.py:3823} INFO - Setting next_dagrun for latest_only to 2026-07-16 00:00:00+00:00, run_after=2026-07-16 04:00:00+00:00
[2026-07-16T05:40:50.686+0000] {processor.py:183} INFO - Processing /home/airflow/.local/lib/python3.8/site-packages/airflow/example_dags/example_latest_only.py took 0.117 seconds
[2026-07-16T05:41:21.116+0000] {processor.py:161} INFO - Started process (PID=2226) to work on /home/airflow/.local/lib/python3.8/site-packages/airflow/example_dags/example_latest_only.py
[2026-07-16T05:41:21.119+0000] {processor.py:830} INFO - Processing file /home/airflow/.local/lib/python3.8/site-packages/airflow/example_dags/example_latest_only.py for tasks to queue
[2026-07-16T05:41:21.121+0000] {logging_mixin.py:188} INFO - [2026-07-16T05:41:21.121+0000] {dagbag.py:538} INFO - Filling up the DagBag from /home/airflow/.local/lib/python3.8/site-packages/airflow/example_dags/example_latest_only.py
[2026-07-16T05:41:21.128+0000] {processor.py:840} INFO - DAG(s) 'latest_only' retrieved from /home/airflow/.local/lib/python3.8/site-packages/airflow/example_dags/example_latest_only.py
[2026-07-16T05:41:21.150+0000] {logging_mixin.py:188} INFO - [2026-07-16T05:41:21.150+0000] {dag.py:3036} INFO - Sync 1 DAGs
[2026-07-16T05:41:21.166+0000] {logging_mixin.py:188} INFO - [2026-07-16T05:41:21.166+0000] {dag.py:3823} INFO - Setting next_dagrun for latest_only to 2026-07-16 00:00:00+00:00, run_after=2026-07-16 04:00:00+00:00
[2026-07-16T05:41:21.182+0000] {processor.py:183} INFO - Processing /home/airflow/.local/lib/python3.8/site-packages/airflow/example_dags/example_latest_only.py took 0.069 seconds
[2026-07-16T05:41:51.871+0000] {processor.py:161} INFO - Started process (PID=2282) to work on /home/airflow/.local/lib/python3.8/site-packages/airflow/example_dags/example_latest_only.py
[2026-07-16T05:41:51.873+0000] {processor.py:830} INFO - Processing file /home/airflow/.local/lib/python3.8/site-packages/airflow/example_dags/example_latest_only.py for tasks to queue
[2026-07-16T05:41:51.874+0000] {logging_mixin.py:188} INFO - [2026-07-16T05:41:51.874+0000] {dagbag.py:538} INFO - Filling up the DagBag from /home/airflow/.local/lib/python3.8/site-packages/airflow/example_dags/example_latest_only.py
[2026-07-16T05:41:51.880+0000] {processor.py:840} INFO - DAG(s) 'latest_only' retrieved from /home/airflow/.local/lib/python3.8/site-packages/airflow/example_dags/example_latest_only.py
[2026-07-16T05:41:51.900+0000] {logging_mixin.py:188} INFO - [2026-07-16T05:41:51.899+0000] {dag.py:3036} INFO - Sync 1 DAGs
[2026-07-16T05:41:51.916+0000] {logging_mixin.py:188} INFO - [2026-07-16T05:41:51.915+0000] {dag.py:3823} INFO - Setting next_dagrun for latest_only to 2026-07-16 00:00:00+00:00, run_after=2026-07-16 04:00:00+00:00
[2026-07-16T05:41:51.931+0000] {processor.py:183} INFO - Processing /home/airflow/.local/lib/python3.8/site-packages/airflow/example_dags/example_latest_only.py took 0.062 seconds
[2026-07-16T05:42:22.137+0000] {processor.py:161} INFO - Started process (PID=2338) to work on /home/airflow/.local/lib/python3.8/site-packages/airflow/example_dags/example_latest_only.py
[2026-07-16T05:42:22.141+0000] {processor.py:830} INFO - Processing file /home/airflow/.local/lib/python3.8/site-packages/airflow/example_dags/example_latest_only.py for tasks to queue
[2026-07-16T05:42:22.144+0000] {logging_mixin.py:188} INFO - [2026-07-16T05:42:22.143+0000] {dagbag.py:538} INFO - Filling up the DagBag from /home/airflow/.local/lib/python3.8/site-packages/airflow/example_dags/example_latest_only.py
[2026-07-16T05:42:22.152+0000] {processor.py:840} INFO - DAG(s) 'latest_only' retrieved from /home/airflow/.local/lib/python3.8/site-packages/airflow/example_dags/example_latest_only.py
[2026-07-16T05:42:22.208+0000] {logging_mixin.py:188} INFO - [2026-07-16T05:42:22.208+0000] {dag.py:3036} INFO - Sync 1 DAGs
[2026-07-16T05:42:22.249+0000] {logging_mixin.py:188} INFO - [2026-07-16T05:42:22.249+0000] {dag.py:3823} INFO - Setting next_dagrun for latest_only to 2026-07-16 00:00:00+00:00, run_after=2026-07-16 04:00:00+00:00
[2026-07-16T05:42:22.285+0000] {processor.py:183} INFO - Processing /home/airflow/.local/lib/python3.8/site-packages/airflow/example_dags/example_latest_only.py took 0.153 seconds
[2026-07-16T05:42:52.314+0000] {processor.py:161} INFO - Started process (PID=2394) to work on /home/airflow/.local/lib/python3.8/site-packages/airflow/example_dags/example_latest_only.py
[2026-07-16T05:42:52.316+0000] {processor.py:830} INFO - Processing file /home/airflow/.local/lib/python3.8/site-packages/airflow/example_dags/example_latest_only.py for tasks to queue
[2026-07-16T05:42:52.318+0000] {logging_mixin.py:188} INFO - [2026-07-16T05:42:52.317+0000] {dagbag.py:538} INFO - Filling up the DagBag from /home/airflow/.local/lib/python3.8/site-packages/airflow/example_dags/example_latest_only.py
[2026-07-16T05:42:52.322+0000] {processor.py:840} INFO - DAG(s) 'latest_only' retrieved from /home/airflow/.local/lib/python3.8/site-packages/airflow/example_dags/example_latest_only.py
[2026-07-16T05:42:52.340+0000] {logging_mixin.py:188} INFO - [2026-07-16T05:42:52.339+0000] {dag.py:3036} INFO - Sync 1 DAGs
[2026-07-16T05:42:52.356+0000] {logging_mixin.py:188} INFO - [2026-07-16T05:42:52.355+0000] {dag.py:3823} INFO - Setting next_dagrun for latest_only to 2026-07-16 00:00:00+00:00, run_after=2026-07-16 04:00:00+00:00
[2026-07-16T05:42:52.370+0000] {processor.py:183} INFO - Processing /home/airflow/.local/lib/python3.8/site-packages/airflow/example_dags/example_latest_only.py took 0.060 seconds
[2026-07-16T05:43:22.858+0000] {processor.py:161} INFO - Started process (PID=2450) to work on /home/airflow/.local/lib/python3.8/site-packages/airflow/example_dags/example_latest_only.py
[2026-07-16T05:43:22.861+0000] {processor.py:830} INFO - Processing file /home/airflow/.local/lib/python3.8/site-packages/airflow/example_dags/example_latest_only.py for tasks to queue
[2026-07-16T05:43:22.863+0000] {logging_mixin.py:188} INFO - [2026-07-16T05:43:22.862+0000] {dagbag.py:538} INFO - Filling up the DagBag from /home/airflow/.local/lib/python3.8/site-packages/airflow/example_dags/example_latest_only.py
[2026-07-16T05:43:22.867+0000] {processor.py:840} INFO - DAG(s) 'latest_only' retrieved from /home/airflow/.local/lib/python3.8/site-packages/airflow/example_dags/example_latest_only.py
[2026-07-16T05:43:22.888+0000] {logging_mixin.py:188} INFO - [2026-07-16T05:43:22.887+0000] {dag.py:3036} INFO - Sync 1 DAGs
[2026-07-16T05:43:22.905+0000] {logging_mixin.py:188} INFO - [2026-07-16T05:43:22.905+0000] {dag.py:3823} INFO - Setting next_dagrun for latest_only to 2026-07-16 00:00:00+00:00, run_after=2026-07-16 04:00:00+00:00
[2026-07-16T05:43:22.923+0000] {processor.py:183} INFO - Processing /home/airflow/.local/lib/python3.8/site-packages/airflow/example_dags/example_latest_only.py took 0.069 seconds
[2026-07-16T05:43:53.258+0000] {processor.py:161} INFO - Started process (PID=2506) to work on /home/airflow/.local/lib/python3.8/site-packages/airflow/example_dags/example_latest_only.py
[2026-07-16T05:43:53.261+0000] {processor.py:830} INFO - Processing file /home/airflow/.local/lib/python3.8/site-packages/airflow/example_dags/example_latest_only.py for tasks to queue
[2026-07-16T05:43:53.263+0000] {logging_mixin.py:188} INFO - [2026-07-16T05:43:53.263+0000] {dagbag.py:538} INFO - Filling up the DagBag from /home/airflow/.local/lib/python3.8/site-packages/airflow/example_dags/example_latest_only.py
[2026-07-16T05:43:53.269+0000] {processor.py:840} INFO - DAG(s) 'latest_only' retrieved from /home/airflow/.local/lib/python3.8/site-packages/airflow/example_dags/example_latest_only.py
[2026-07-16T05:43:53.287+0000] {logging_mixin.py:188} INFO - [2026-07-16T05:43:53.287+0000] {dag.py:3036} INFO - Sync 1 DAGs
[2026-07-16T05:43:53.304+0000] {logging_mixin.py:188} INFO - [2026-07-16T05:43:53.304+0000] {dag.py:3823} INFO - Setting next_dagrun for latest_only to 2026-07-16 00:00:00+00:00, run_after=2026-07-16 04:00:00+00:00
[2026-07-16T05:43:53.320+0000] {processor.py:183} INFO - Processing /home/airflow/.local/lib/python3.8/site-packages/airflow/example_dags/example_latest_only.py took 0.065 seconds
[2026-07-16T05:44:23.742+0000] {processor.py:161} INFO - Started process (PID=2562) to work on /home/airflow/.local/lib/python3.8/site-packages/airflow/example_dags/example_latest_only.py
[2026-07-16T05:44:23.743+0000] {processor.py:830} INFO - Processing file /home/airflow/.local/lib/python3.8/site-packages/airflow/example_dags/example_latest_only.py for tasks to queue
[2026-07-16T05:44:23.749+0000] {logging_mixin.py:188} INFO - [2026-07-16T05:44:23.748+0000] {dagbag.py:538} INFO - Filling up the DagBag from /home/airflow/.local/lib/python3.8/site-packages/airflow/example_dags/example_latest_only.py
[2026-07-16T05:44:23.756+0000] {processor.py:840} INFO - DAG(s) 'latest_only' retrieved from /home/airflow/.local/lib/python3.8/site-packages/airflow/example_dags/example_latest_only.py
[2026-07-16T05:44:23.778+0000] {logging_mixin.py:188} INFO - [2026-07-16T05:44:23.778+0000] {dag.py:3036} INFO - Sync 1 DAGs
[2026-07-16T05:44:23.802+0000] {logging_mixin.py:188} INFO - [2026-07-16T05:44:23.802+0000] {dag.py:3823} INFO - Setting next_dagrun for latest_only to 2026-07-16 00:00:00+00:00, run_after=2026-07-16 04:00:00+00:00
[2026-07-16T05:44:23.824+0000] {processor.py:183} INFO - Processing /home/airflow/.local/lib/python3.8/site-packages/airflow/example_dags/example_latest_only.py took 0.087 seconds
[2026-07-16T05:44:53.896+0000] {processor.py:161} INFO - Started process (PID=2618) to work on /home/airflow/.local/lib/python3.8/site-packages/airflow/example_dags/example_latest_only.py
[2026-07-16T05:44:53.899+0000] {processor.py:830} INFO - Processing file /home/airflow/.local/lib/python3.8/site-packages/airflow/example_dags/example_latest_only.py for tasks to queue
[2026-07-16T05:44:53.901+0000] {logging_mixin.py:188} INFO - [2026-07-16T05:44:53.900+0000] {dagbag.py:538} INFO - Filling up the DagBag from /home/airflow/.local/lib/python3.8/site-packages/airflow/example_dags/example_latest_only.py
[2026-07-16T05:44:53.905+0000] {processor.py:840} INFO - DAG(s) 'latest_only' retrieved from /home/airflow/.local/lib/python3.8/site-packages/airflow/example_dags/example_latest_only.py
[2026-07-16T05:44:53.921+0000] {logging_mixin.py:188} INFO - [2026-07-16T05:44:53.921+0000] {dag.py:3036} INFO - Sync 1 DAGs
[2026-07-16T05:44:53.937+0000] {logging_mixin.py:188} INFO - [2026-07-16T05:44:53.937+0000] {dag.py:3823} INFO - Setting next_dagrun for latest_only to 2026-07-16 00:00:00+00:00, run_after=2026-07-16 04:00:00+00:00
[2026-07-16T05:44:53.951+0000] {processor.py:183} INFO - Processing /home/airflow/.local/lib/python3.8/site-packages/airflow/example_dags/example_latest_only.py took 0.061 seconds
[2026-07-16T05:45:24.029+0000] {processor.py:161} INFO - Started process (PID=2674) to work on /home/airflow/.local/lib/python3.8/site-packages/airflow/example_dags/example_latest_only.py
[2026-07-16T05:45:24.030+0000] {processor.py:830} INFO - Processing file /home/airflow/.local/lib/python3.8/site-packages/airflow/example_dags/example_latest_only.py for tasks to queue
[2026-07-16T05:45:24.031+0000] {logging_mixin.py:188} INFO - [2026-07-16T05:45:24.031+0000] {dagbag.py:538} INFO - Filling up the DagBag from /home/airflow/.local/lib/python3.8/site-packages/airflow/example_dags/example_latest_only.py
[2026-07-16T05:45:24.035+0000] {processor.py:840} INFO - DAG(s) 'latest_only' retrieved from /home/airflow/.local/lib/python3.8/site-packages/airflow/example_dags/example_latest_only.py
[2026-07-16T05:45:24.058+0000] {logging_mixin.py:188} INFO - [2026-07-16T05:45:24.058+0000] {dag.py:3036} INFO - Sync 1 DAGs
[2026-07-16T05:45:24.074+0000] {logging_mixin.py:188} INFO - [2026-07-16T05:45:24.073+0000] {dag.py:3823} INFO - Setting next_dagrun for latest_only to 2026-07-16 00:00:00+00:00, run_after=2026-07-16 04:00:00+00:00
[2026-07-16T05:45:24.088+0000] {processor.py:183} INFO - Processing /home/airflow/.local/lib/python3.8/site-packages/airflow/example_dags/example_latest_only.py took 0.062 seconds
[2026-07-16T05:45:54.988+0000] {processor.py:161} INFO - Started process (PID=2730) to work on /home/airflow/.local/lib/python3.8/site-packages/airflow/example_dags/example_latest_only.py
[2026-07-16T05:45:54.991+0000] {processor.py:830} INFO - Processing file /home/airflow/.local/lib/python3.8/site-packages/airflow/example_dags/example_latest_only.py for tasks to queue
[2026-07-16T05:45:54.994+0000] {logging_mixin.py:188} INFO - [2026-07-16T05:45:54.993+0000] {dagbag.py:538} INFO - Filling up the DagBag from /home/airflow/.local/lib/python3.8/site-packages/airflow/example_dags/example_latest_only.py
[2026-07-16T05:45:55.005+0000] {processor.py:840} INFO - DAG(s) 'latest_only' retrieved from /home/airflow/.local/lib/python3.8/site-packages/airflow/example_dags/example_latest_only.py
[2026-07-16T05:45:55.029+0000] {logging_mixin.py:188} INFO - [2026-07-16T05:45:55.029+0000] {dag.py:3036} INFO - Sync 1 DAGs
[2026-07-16T05:45:55.048+0000] {logging_mixin.py:188} INFO - [2026-07-16T05:45:55.048+0000] {dag.py:3823} INFO - Setting next_dagrun for latest_only to 2026-07-16 00:00:00+00:00, run_after=2026-07-16 04:00:00+00:00
[2026-07-16T05:45:55.064+0000] {processor.py:183} INFO - Processing /home/airflow/.local/lib/python3.8/site-packages/airflow/example_dags/example_latest_only.py took 0.080 seconds
[2026-07-16T05:46:25.225+0000] {processor.py:161} INFO - Started process (PID=2786) to work on /home/airflow/.local/lib/python3.8/site-packages/airflow/example_dags/example_latest_only.py
[2026-07-16T05:46:25.228+0000] {processor.py:830} INFO - Processing file /home/airflow/.local/lib/python3.8/site-packages/airflow/example_dags/example_latest_only.py for tasks to queue
[2026-07-16T05:46:25.230+0000] {logging_mixin.py:188} INFO - [2026-07-16T05:46:25.230+0000] {dagbag.py:538} INFO - Filling up the DagBag from /home/airflow/.local/lib/python3.8/site-packages/airflow/example_dags/example_latest_only.py
[2026-07-16T05:46:25.235+0000] {processor.py:840} INFO - DAG(s) 'latest_only' retrieved from /home/airflow/.local/lib/python3.8/site-packages/airflow/example_dags/example_latest_only.py
[2026-07-16T05:46:25.251+0000] {logging_mixin.py:188} INFO - [2026-07-16T05:46:25.250+0000] {dag.py:3036} INFO - Sync 1 DAGs
[2026-07-16T05:46:25.272+0000] {logging_mixin.py:188} INFO - [2026-07-16T05:46:25.271+0000] {dag.py:3823} INFO - Setting next_dagrun for latest_only to 2026-07-16 00:00:00+00:00, run_after=2026-07-16 04:00:00+00:00
[2026-07-16T05:46:25.298+0000] {processor.py:183} INFO - Processing /home/airflow/.local/lib/python3.8/site-packages/airflow/example_dags/example_latest_only.py took 0.076 seconds
[2026-07-16T05:46:55.624+0000] {processor.py:161} INFO - Started process (PID=2842) to work on /home/airflow/.local/lib/python3.8/site-packages/airflow/example_dags/example_latest_only.py
[2026-07-16T05:46:55.627+0000] {processor.py:830} INFO - Processing file /home/airflow/.local/lib/python3.8/site-packages/airflow/example_dags/example_latest_only.py for tasks to queue
[2026-07-16T05:46:55.629+0000] {logging_mixin.py:188} INFO - [2026-07-16T05:46:55.628+0000] {dagbag.py:538} INFO - Filling up the DagBag from /home/airflow/.local/lib/python3.8/site-packages/airflow/example_dags/example_latest_only.py
[2026-07-16T05:46:55.634+0000] {processor.py:840} INFO - DAG(s) 'latest_only' retrieved from /home/airflow/.local/lib/python3.8/site-packages/airflow/example_dags/example_latest_only.py
[2026-07-16T05:46:55.651+0000] {logging_mixin.py:188} INFO - [2026-07-16T05:46:55.651+0000] {dag.py:3036} INFO - Sync 1 DAGs
[2026-07-16T05:46:55.668+0000] {logging_mixin.py:188} INFO - [2026-07-16T05:46:55.668+0000] {dag.py:3823} INFO - Setting next_dagrun for latest_only to 2026-07-16 00:00:00+00:00, run_after=2026-07-16 04:00:00+00:00
[2026-07-16T05:46:55.816+0000] {processor.py:183} INFO - Processing /home/airflow/.local/lib/python3.8/site-packages/airflow/example_dags/example_latest_only.py took 0.195 seconds
[2026-07-16T05:47:26.137+0000] {processor.py:161} INFO - Started process (PID=2898) to work on /home/airflow/.local/lib/python3.8/site-packages/airflow/example_dags/example_latest_only.py
[2026-07-16T05:47:26.140+0000] {processor.py:830} INFO - Processing file /home/airflow/.local/lib/python3.8/site-packages/airflow/example_dags/example_latest_only.py for tasks to queue
[2026-07-16T05:47:26.142+0000] {logging_mixin.py:188} INFO - [2026-07-16T05:47:26.141+0000] {dagbag.py:538} INFO - Filling up the DagBag from /home/airflow/.local/lib/python3.8/site-packages/airflow/example_dags/example_latest_only.py
[2026-07-16T05:47:26.146+0000] {processor.py:840} INFO - DAG(s) 'latest_only' retrieved from /home/airflow/.local/lib/python3.8/site-packages/airflow/example_dags/example_latest_only.py
[2026-07-16T05:47:26.163+0000] {logging_mixin.py:188} INFO - [2026-07-16T05:47:26.162+0000] {dag.py:3036} INFO - Sync 1 DAGs
[2026-07-16T05:47:26.178+0000] {logging_mixin.py:188} INFO - [2026-07-16T05:47:26.177+0000] {dag.py:3823} INFO - Setting next_dagrun for latest_only to 2026-07-16 00:00:00+00:00, run_after=2026-07-16 04:00:00+00:00
[2026-07-16T05:47:26.302+0000] {processor.py:183} INFO - Processing /home/airflow/.local/lib/python3.8/site-packages/airflow/example_dags/example_latest_only.py took 0.168 seconds
[2026-07-16T05:47:56.397+0000] {processor.py:161} INFO - Started process (PID=2954) to work on /home/airflow/.local/lib/python3.8/site-packages/airflow/example_dags/example_latest_only.py
[2026-07-16T05:47:56.399+0000] {processor.py:830} INFO - Processing file /home/airflow/.local/lib/python3.8/site-packages/airflow/example_dags/example_latest_only.py for tasks to queue
[2026-07-16T05:47:56.401+0000] {logging_mixin.py:188} INFO - [2026-07-16T05:47:56.401+0000] {dagbag.py:538} INFO - Filling up the DagBag from /home/airflow/.local/lib/python3.8/site-packages/airflow/example_dags/example_latest_only.py
[2026-07-16T05:47:56.408+0000] {processor.py:840} INFO - DAG(s) 'latest_only' retrieved from /home/airflow/.local/lib/python3.8/site-packages/airflow/example_dags/example_latest_only.py
[2026-07-16T05:47:56.432+0000] {logging_mixin.py:188} INFO - [2026-07-16T05:47:56.431+0000] {dag.py:3036} INFO - Sync 1 DAGs
[2026-07-16T05:47:56.455+0000] {logging_mixin.py:188} INFO - [2026-07-16T05:47:56.455+0000] {dag.py:3823} INFO - Setting next_dagrun for latest_only to 2026-07-16 00:00:00+00:00, run_after=2026-07-16 04:00:00+00:00
[2026-07-16T05:47:56.476+0000] {processor.py:183} INFO - Processing /home/airflow/.local/lib/python3.8/site-packages/airflow/example_dags/example_latest_only.py took 0.083 seconds
[2026-07-16T05:48:26.896+0000] {processor.py:161} INFO - Started process (PID=3010) to work on /home/airflow/.local/lib/python3.8/site-packages/airflow/example_dags/example_latest_only.py
[2026-07-16T05:48:26.898+0000] {processor.py:830} INFO - Processing file /home/airflow/.local/lib/python3.8/site-packages/airflow/example_dags/example_latest_only.py for tasks to queue
[2026-07-16T05:48:26.900+0000] {logging_mixin.py:188} INFO - [2026-07-16T05:48:26.900+0000] {dagbag.py:538} INFO - Filling up the DagBag from /home/airflow/.local/lib/python3.8/site-packages/airflow/example_dags/example_latest_only.py
[2026-07-16T05:48:26.906+0000] {processor.py:840} INFO - DAG(s) 'latest_only' retrieved from /home/airflow/.local/lib/python3.8/site-packages/airflow/example_dags/example_latest_only.py
[2026-07-16T05:48:26.932+0000] {logging_mixin.py:188} INFO - [2026-07-16T05:48:26.932+0000] {dag.py:3036} INFO - Sync 1 DAGs
[2026-07-16T05:48:26.960+0000] {logging_mixin.py:188} INFO - [2026-07-16T05:48:26.960+0000] {dag.py:3823} INFO - Setting next_dagrun for latest_only to 2026-07-16 00:00:00+00:00, run_after=2026-07-16 04:00:00+00:00
[2026-07-16T05:48:26.985+0000] {processor.py:183} INFO - Processing /home/airflow/.local/lib/python3.8/site-packages/airflow/example_dags/example_latest_only.py took 0.094 seconds
