[2026-07-16T05:21:55.808+0000] {processor.py:161} INFO - Started process (PID=69) to work on /home/airflow/.local/lib/python3.8/site-packages/airflow/example_dags/example_bash_operator.py
[2026-07-16T05:21:55.809+0000] {processor.py:830} INFO - Processing file /home/airflow/.local/lib/python3.8/site-packages/airflow/example_dags/example_bash_operator.py for tasks to queue
[2026-07-16T05:21:55.813+0000] {logging_mixin.py:188} INFO - [2026-07-16T05:21:55.812+0000] {dagbag.py:538} INFO - Filling up the DagBag from /home/airflow/.local/lib/python3.8/site-packages/airflow/example_dags/example_bash_operator.py
[2026-07-16T05:21:55.837+0000] {processor.py:840} INFO - DAG(s) 'example_bash_operator' retrieved from /home/airflow/.local/lib/python3.8/site-packages/airflow/example_dags/example_bash_operator.py
[2026-07-16T05:21:56.051+0000] {logging_mixin.py:188} INFO - [2026-07-16T05:21:56.051+0000] {dag.py:3036} INFO - Sync 1 DAGs
[2026-07-16T05:21:56.087+0000] {logging_mixin.py:188} INFO - [2026-07-16T05:21:56.087+0000] {dag.py:3823} INFO - Setting next_dagrun for example_bash_operator to 2026-07-15 00:00:00+00:00, run_after=2026-07-16 00:00:00+00:00
[2026-07-16T05:21:56.126+0000] {processor.py:183} INFO - Processing /home/airflow/.local/lib/python3.8/site-packages/airflow/example_dags/example_bash_operator.py took 0.325 seconds
[2026-07-16T05:22:26.341+0000] {processor.py:161} INFO - Started process (PID=129) to work on /home/airflow/.local/lib/python3.8/site-packages/airflow/example_dags/example_bash_operator.py
[2026-07-16T05:22:26.344+0000] {processor.py:830} INFO - Processing file /home/airflow/.local/lib/python3.8/site-packages/airflow/example_dags/example_bash_operator.py for tasks to queue
[2026-07-16T05:22:26.349+0000] {logging_mixin.py:188} INFO - [2026-07-16T05:22:26.348+0000] {dagbag.py:538} INFO - Filling up the DagBag from /home/airflow/.local/lib/python3.8/site-packages/airflow/example_dags/example_bash_operator.py
[2026-07-16T05:22:26.383+0000] {processor.py:840} INFO - DAG(s) 'example_bash_operator' retrieved from /home/airflow/.local/lib/python3.8/site-packages/airflow/example_dags/example_bash_operator.py
[2026-07-16T05:22:26.463+0000] {logging_mixin.py:188} INFO - [2026-07-16T05:22:26.463+0000] {dag.py:3036} INFO - Sync 1 DAGs
[2026-07-16T05:22:26.533+0000] {logging_mixin.py:188} INFO - [2026-07-16T05:22:26.532+0000] {dag.py:3823} INFO - Setting next_dagrun for example_bash_operator to 2026-07-15 00:00:00+00:00, run_after=2026-07-16 00:00:00+00:00
[2026-07-16T05:22:26.601+0000] {processor.py:183} INFO - Processing /home/airflow/.local/lib/python3.8/site-packages/airflow/example_dags/example_bash_operator.py took 0.276 seconds
[2026-07-16T05:22:56.997+0000] {processor.py:161} INFO - Started process (PID=187) to work on /home/airflow/.local/lib/python3.8/site-packages/airflow/example_dags/example_bash_operator.py
[2026-07-16T05:22:57.000+0000] {processor.py:830} INFO - Processing file /home/airflow/.local/lib/python3.8/site-packages/airflow/example_dags/example_bash_operator.py for tasks to queue
[2026-07-16T05:22:57.006+0000] {logging_mixin.py:188} INFO - [2026-07-16T05:22:57.005+0000] {dagbag.py:538} INFO - Filling up the DagBag from /home/airflow/.local/lib/python3.8/site-packages/airflow/example_dags/example_bash_operator.py
[2026-07-16T05:22:57.046+0000] {processor.py:840} INFO - DAG(s) 'example_bash_operator' retrieved from /home/airflow/.local/lib/python3.8/site-packages/airflow/example_dags/example_bash_operator.py
[2026-07-16T05:22:57.129+0000] {logging_mixin.py:188} INFO - [2026-07-16T05:22:57.128+0000] {dag.py:3036} INFO - Sync 1 DAGs
[2026-07-16T05:22:57.198+0000] {logging_mixin.py:188} INFO - [2026-07-16T05:22:57.198+0000] {dag.py:3823} INFO - Setting next_dagrun for example_bash_operator to 2026-07-15 00:00:00+00:00, run_after=2026-07-16 00:00:00+00:00
[2026-07-16T05:22:57.249+0000] {processor.py:183} INFO - Processing /home/airflow/.local/lib/python3.8/site-packages/airflow/example_dags/example_bash_operator.py took 0.259 seconds
[2026-07-16T05:23:27.665+0000] {processor.py:161} INFO - Started process (PID=243) to work on /home/airflow/.local/lib/python3.8/site-packages/airflow/example_dags/example_bash_operator.py
[2026-07-16T05:23:27.667+0000] {processor.py:830} INFO - Processing file /home/airflow/.local/lib/python3.8/site-packages/airflow/example_dags/example_bash_operator.py for tasks to queue
[2026-07-16T05:23:27.670+0000] {logging_mixin.py:188} INFO - [2026-07-16T05:23:27.669+0000] {dagbag.py:538} INFO - Filling up the DagBag from /home/airflow/.local/lib/python3.8/site-packages/airflow/example_dags/example_bash_operator.py
[2026-07-16T05:23:27.684+0000] {processor.py:840} INFO - DAG(s) 'example_bash_operator' retrieved from /home/airflow/.local/lib/python3.8/site-packages/airflow/example_dags/example_bash_operator.py
[2026-07-16T05:23:27.724+0000] {logging_mixin.py:188} INFO - [2026-07-16T05:23:27.724+0000] {dag.py:3036} INFO - Sync 1 DAGs
[2026-07-16T05:23:27.754+0000] {logging_mixin.py:188} INFO - [2026-07-16T05:23:27.753+0000] {dag.py:3823} INFO - Setting next_dagrun for example_bash_operator to 2026-07-15 00:00:00+00:00, run_after=2026-07-16 00:00:00+00:00
[2026-07-16T05:23:27.778+0000] {processor.py:183} INFO - Processing /home/airflow/.local/lib/python3.8/site-packages/airflow/example_dags/example_bash_operator.py took 0.117 seconds
[2026-07-16T05:23:58.252+0000] {processor.py:161} INFO - Started process (PID=303) to work on /home/airflow/.local/lib/python3.8/site-packages/airflow/example_dags/example_bash_operator.py
[2026-07-16T05:23:58.254+0000] {processor.py:830} INFO - Processing file /home/airflow/.local/lib/python3.8/site-packages/airflow/example_dags/example_bash_operator.py for tasks to queue
[2026-07-16T05:23:58.257+0000] {logging_mixin.py:188} INFO - [2026-07-16T05:23:58.257+0000] {dagbag.py:538} INFO - Filling up the DagBag from /home/airflow/.local/lib/python3.8/site-packages/airflow/example_dags/example_bash_operator.py
[2026-07-16T05:23:58.280+0000] {processor.py:840} INFO - DAG(s) 'example_bash_operator' retrieved from /home/airflow/.local/lib/python3.8/site-packages/airflow/example_dags/example_bash_operator.py
[2026-07-16T05:23:58.347+0000] {logging_mixin.py:188} INFO - [2026-07-16T05:23:58.347+0000] {dag.py:3036} INFO - Sync 1 DAGs
[2026-07-16T05:23:58.401+0000] {logging_mixin.py:188} INFO - [2026-07-16T05:23:58.401+0000] {dag.py:3823} INFO - Setting next_dagrun for example_bash_operator to 2026-07-15 00:00:00+00:00, run_after=2026-07-16 00:00:00+00:00
[2026-07-16T05:23:58.448+0000] {processor.py:183} INFO - Processing /home/airflow/.local/lib/python3.8/site-packages/airflow/example_dags/example_bash_operator.py took 0.202 seconds
[2026-07-16T05:24:29.590+0000] {processor.py:161} INFO - Started process (PID=360) to work on /home/airflow/.local/lib/python3.8/site-packages/airflow/example_dags/example_bash_operator.py
[2026-07-16T05:24:29.593+0000] {processor.py:830} INFO - Processing file /home/airflow/.local/lib/python3.8/site-packages/airflow/example_dags/example_bash_operator.py for tasks to queue
[2026-07-16T05:24:29.597+0000] {logging_mixin.py:188} INFO - [2026-07-16T05:24:29.596+0000] {dagbag.py:538} INFO - Filling up the DagBag from /home/airflow/.local/lib/python3.8/site-packages/airflow/example_dags/example_bash_operator.py
[2026-07-16T05:24:29.628+0000] {processor.py:840} INFO - DAG(s) 'example_bash_operator' retrieved from /home/airflow/.local/lib/python3.8/site-packages/airflow/example_dags/example_bash_operator.py
[2026-07-16T05:24:29.710+0000] {logging_mixin.py:188} INFO - [2026-07-16T05:24:29.709+0000] {dag.py:3036} INFO - Sync 1 DAGs
[2026-07-16T05:24:29.766+0000] {logging_mixin.py:188} INFO - [2026-07-16T05:24:29.766+0000] {dag.py:3823} INFO - Setting next_dagrun for example_bash_operator to 2026-07-15 00:00:00+00:00, run_after=2026-07-16 00:00:00+00:00
[2026-07-16T05:24:29.814+0000] {processor.py:183} INFO - Processing /home/airflow/.local/lib/python3.8/site-packages/airflow/example_dags/example_bash_operator.py took 0.233 seconds
[2026-07-16T05:24:59.963+0000] {processor.py:161} INFO - Started process (PID=417) to work on /home/airflow/.local/lib/python3.8/site-packages/airflow/example_dags/example_bash_operator.py
[2026-07-16T05:24:59.965+0000] {processor.py:830} INFO - Processing file /home/airflow/.local/lib/python3.8/site-packages/airflow/example_dags/example_bash_operator.py for tasks to queue
[2026-07-16T05:24:59.968+0000] {logging_mixin.py:188} INFO - [2026-07-16T05:24:59.967+0000] {dagbag.py:538} INFO - Filling up the DagBag from /home/airflow/.local/lib/python3.8/site-packages/airflow/example_dags/example_bash_operator.py
[2026-07-16T05:24:59.988+0000] {processor.py:840} INFO - DAG(s) 'example_bash_operator' retrieved from /home/airflow/.local/lib/python3.8/site-packages/airflow/example_dags/example_bash_operator.py
[2026-07-16T05:25:00.049+0000] {logging_mixin.py:188} INFO - [2026-07-16T05:25:00.049+0000] {dag.py:3036} INFO - Sync 1 DAGs
[2026-07-16T05:25:00.101+0000] {logging_mixin.py:188} INFO - [2026-07-16T05:25:00.100+0000] {dag.py:3823} INFO - Setting next_dagrun for example_bash_operator to 2026-07-15 00:00:00+00:00, run_after=2026-07-16 00:00:00+00:00
[2026-07-16T05:25:00.150+0000] {processor.py:183} INFO - Processing /home/airflow/.local/lib/python3.8/site-packages/airflow/example_dags/example_bash_operator.py took 0.192 seconds
[2026-07-16T05:25:30.670+0000] {processor.py:161} INFO - Started process (PID=473) to work on /home/airflow/.local/lib/python3.8/site-packages/airflow/example_dags/example_bash_operator.py
[2026-07-16T05:25:30.672+0000] {processor.py:830} INFO - Processing file /home/airflow/.local/lib/python3.8/site-packages/airflow/example_dags/example_bash_operator.py for tasks to queue
[2026-07-16T05:25:30.675+0000] {logging_mixin.py:188} INFO - [2026-07-16T05:25:30.674+0000] {dagbag.py:538} INFO - Filling up the DagBag from /home/airflow/.local/lib/python3.8/site-packages/airflow/example_dags/example_bash_operator.py
[2026-07-16T05:25:30.696+0000] {processor.py:840} INFO - DAG(s) 'example_bash_operator' retrieved from /home/airflow/.local/lib/python3.8/site-packages/airflow/example_dags/example_bash_operator.py
[2026-07-16T05:25:30.738+0000] {logging_mixin.py:188} INFO - [2026-07-16T05:25:30.738+0000] {dag.py:3036} INFO - Sync 1 DAGs
[2026-07-16T05:25:30.768+0000] {logging_mixin.py:188} INFO - [2026-07-16T05:25:30.768+0000] {dag.py:3823} INFO - Setting next_dagrun for example_bash_operator to 2026-07-15 00:00:00+00:00, run_after=2026-07-16 00:00:00+00:00
[2026-07-16T05:25:30.798+0000] {processor.py:183} INFO - Processing /home/airflow/.local/lib/python3.8/site-packages/airflow/example_dags/example_bash_operator.py took 0.133 seconds
[2026-07-16T05:26:00.933+0000] {processor.py:161} INFO - Started process (PID=529) to work on /home/airflow/.local/lib/python3.8/site-packages/airflow/example_dags/example_bash_operator.py
[2026-07-16T05:26:00.935+0000] {processor.py:830} INFO - Processing file /home/airflow/.local/lib/python3.8/site-packages/airflow/example_dags/example_bash_operator.py for tasks to queue
[2026-07-16T05:26:00.938+0000] {logging_mixin.py:188} INFO - [2026-07-16T05:26:00.938+0000] {dagbag.py:538} INFO - Filling up the DagBag from /home/airflow/.local/lib/python3.8/site-packages/airflow/example_dags/example_bash_operator.py
[2026-07-16T05:26:00.955+0000] {processor.py:840} INFO - DAG(s) 'example_bash_operator' retrieved from /home/airflow/.local/lib/python3.8/site-packages/airflow/example_dags/example_bash_operator.py
[2026-07-16T05:26:00.992+0000] {logging_mixin.py:188} INFO - [2026-07-16T05:26:00.992+0000] {dag.py:3036} INFO - Sync 1 DAGs
[2026-07-16T05:26:01.022+0000] {logging_mixin.py:188} INFO - [2026-07-16T05:26:01.021+0000] {dag.py:3823} INFO - Setting next_dagrun for example_bash_operator to 2026-07-15 00:00:00+00:00, run_after=2026-07-16 00:00:00+00:00
[2026-07-16T05:26:01.046+0000] {processor.py:183} INFO - Processing /home/airflow/.local/lib/python3.8/site-packages/airflow/example_dags/example_bash_operator.py took 0.121 seconds
[2026-07-16T05:26:31.114+0000] {processor.py:161} INFO - Started process (PID=585) to work on /home/airflow/.local/lib/python3.8/site-packages/airflow/example_dags/example_bash_operator.py
[2026-07-16T05:26:31.118+0000] {processor.py:830} INFO - Processing file /home/airflow/.local/lib/python3.8/site-packages/airflow/example_dags/example_bash_operator.py for tasks to queue
[2026-07-16T05:26:31.120+0000] {logging_mixin.py:188} INFO - [2026-07-16T05:26:31.120+0000] {dagbag.py:538} INFO - Filling up the DagBag from /home/airflow/.local/lib/python3.8/site-packages/airflow/example_dags/example_bash_operator.py
[2026-07-16T05:26:31.133+0000] {processor.py:840} INFO - DAG(s) 'example_bash_operator' retrieved from /home/airflow/.local/lib/python3.8/site-packages/airflow/example_dags/example_bash_operator.py
[2026-07-16T05:26:31.157+0000] {logging_mixin.py:188} INFO - [2026-07-16T05:26:31.157+0000] {dag.py:3036} INFO - Sync 1 DAGs
[2026-07-16T05:26:31.177+0000] {logging_mixin.py:188} INFO - [2026-07-16T05:26:31.177+0000] {dag.py:3823} INFO - Setting next_dagrun for example_bash_operator to 2026-07-15 00:00:00+00:00, run_after=2026-07-16 00:00:00+00:00
[2026-07-16T05:26:31.201+0000] {processor.py:183} INFO - Processing /home/airflow/.local/lib/python3.8/site-packages/airflow/example_dags/example_bash_operator.py took 0.091 seconds
[2026-07-16T05:27:01.389+0000] {processor.py:161} INFO - Started process (PID=640) to work on /home/airflow/.local/lib/python3.8/site-packages/airflow/example_dags/example_bash_operator.py
[2026-07-16T05:27:01.392+0000] {processor.py:830} INFO - Processing file /home/airflow/.local/lib/python3.8/site-packages/airflow/example_dags/example_bash_operator.py for tasks to queue
[2026-07-16T05:27:01.395+0000] {logging_mixin.py:188} INFO - [2026-07-16T05:27:01.394+0000] {dagbag.py:538} INFO - Filling up the DagBag from /home/airflow/.local/lib/python3.8/site-packages/airflow/example_dags/example_bash_operator.py
[2026-07-16T05:27:01.412+0000] {processor.py:840} INFO - DAG(s) 'example_bash_operator' retrieved from /home/airflow/.local/lib/python3.8/site-packages/airflow/example_dags/example_bash_operator.py
[2026-07-16T05:27:01.451+0000] {logging_mixin.py:188} INFO - [2026-07-16T05:27:01.451+0000] {dag.py:3036} INFO - Sync 1 DAGs
[2026-07-16T05:27:01.484+0000] {logging_mixin.py:188} INFO - [2026-07-16T05:27:01.484+0000] {dag.py:3823} INFO - Setting next_dagrun for example_bash_operator to 2026-07-15 00:00:00+00:00, run_after=2026-07-16 00:00:00+00:00
[2026-07-16T05:27:01.513+0000] {processor.py:183} INFO - Processing /home/airflow/.local/lib/python3.8/site-packages/airflow/example_dags/example_bash_operator.py took 0.129 seconds
[2026-07-16T05:27:31.569+0000] {processor.py:161} INFO - Started process (PID=696) to work on /home/airflow/.local/lib/python3.8/site-packages/airflow/example_dags/example_bash_operator.py
[2026-07-16T05:27:31.570+0000] {processor.py:830} INFO - Processing file /home/airflow/.local/lib/python3.8/site-packages/airflow/example_dags/example_bash_operator.py for tasks to queue
[2026-07-16T05:27:31.573+0000] {logging_mixin.py:188} INFO - [2026-07-16T05:27:31.572+0000] {dagbag.py:538} INFO - Filling up the DagBag from /home/airflow/.local/lib/python3.8/site-packages/airflow/example_dags/example_bash_operator.py
[2026-07-16T05:27:31.588+0000] {processor.py:840} INFO - DAG(s) 'example_bash_operator' retrieved from /home/airflow/.local/lib/python3.8/site-packages/airflow/example_dags/example_bash_operator.py
[2026-07-16T05:27:31.625+0000] {logging_mixin.py:188} INFO - [2026-07-16T05:27:31.624+0000] {dag.py:3036} INFO - Sync 1 DAGs
[2026-07-16T05:27:31.654+0000] {logging_mixin.py:188} INFO - [2026-07-16T05:27:31.654+0000] {dag.py:3823} INFO - Setting next_dagrun for example_bash_operator to 2026-07-15 00:00:00+00:00, run_after=2026-07-16 00:00:00+00:00
[2026-07-16T05:27:31.680+0000] {processor.py:183} INFO - Processing /home/airflow/.local/lib/python3.8/site-packages/airflow/example_dags/example_bash_operator.py took 0.117 seconds
[2026-07-16T05:28:01.998+0000] {processor.py:161} INFO - Started process (PID=752) to work on /home/airflow/.local/lib/python3.8/site-packages/airflow/example_dags/example_bash_operator.py
[2026-07-16T05:28:02.000+0000] {processor.py:830} INFO - Processing file /home/airflow/.local/lib/python3.8/site-packages/airflow/example_dags/example_bash_operator.py for tasks to queue
[2026-07-16T05:28:02.002+0000] {logging_mixin.py:188} INFO - [2026-07-16T05:28:02.001+0000] {dagbag.py:538} INFO - Filling up the DagBag from /home/airflow/.local/lib/python3.8/site-packages/airflow/example_dags/example_bash_operator.py
[2026-07-16T05:28:02.019+0000] {processor.py:840} INFO - DAG(s) 'example_bash_operator' retrieved from /home/airflow/.local/lib/python3.8/site-packages/airflow/example_dags/example_bash_operator.py
[2026-07-16T05:28:02.061+0000] {logging_mixin.py:188} INFO - [2026-07-16T05:28:02.061+0000] {dag.py:3036} INFO - Sync 1 DAGs
[2026-07-16T05:28:02.086+0000] {logging_mixin.py:188} INFO - [2026-07-16T05:28:02.086+0000] {dag.py:3823} INFO - Setting next_dagrun for example_bash_operator to 2026-07-15 00:00:00+00:00, run_after=2026-07-16 00:00:00+00:00
[2026-07-16T05:28:02.113+0000] {processor.py:183} INFO - Processing /home/airflow/.local/lib/python3.8/site-packages/airflow/example_dags/example_bash_operator.py took 0.119 seconds
[2026-07-16T05:28:32.878+0000] {processor.py:161} INFO - Started process (PID=808) to work on /home/airflow/.local/lib/python3.8/site-packages/airflow/example_dags/example_bash_operator.py
[2026-07-16T05:28:32.881+0000] {processor.py:830} INFO - Processing file /home/airflow/.local/lib/python3.8/site-packages/airflow/example_dags/example_bash_operator.py for tasks to queue
[2026-07-16T05:28:32.886+0000] {logging_mixin.py:188} INFO - [2026-07-16T05:28:32.885+0000] {dagbag.py:538} INFO - Filling up the DagBag from /home/airflow/.local/lib/python3.8/site-packages/airflow/example_dags/example_bash_operator.py
[2026-07-16T05:28:32.932+0000] {processor.py:840} INFO - DAG(s) 'example_bash_operator' retrieved from /home/airflow/.local/lib/python3.8/site-packages/airflow/example_dags/example_bash_operator.py
[2026-07-16T05:28:33.030+0000] {logging_mixin.py:188} INFO - [2026-07-16T05:28:33.030+0000] {dag.py:3036} INFO - Sync 1 DAGs
[2026-07-16T05:28:33.132+0000] {logging_mixin.py:188} INFO - [2026-07-16T05:28:33.130+0000] {dag.py:3823} INFO - Setting next_dagrun for example_bash_operator to 2026-07-15 00:00:00+00:00, run_after=2026-07-16 00:00:00+00:00
[2026-07-16T05:28:33.207+0000] {processor.py:183} INFO - Processing /home/airflow/.local/lib/python3.8/site-packages/airflow/example_dags/example_bash_operator.py took 0.340 seconds
[2026-07-16T05:29:03.458+0000] {processor.py:161} INFO - Started process (PID=864) to work on /home/airflow/.local/lib/python3.8/site-packages/airflow/example_dags/example_bash_operator.py
[2026-07-16T05:29:03.468+0000] {processor.py:830} INFO - Processing file /home/airflow/.local/lib/python3.8/site-packages/airflow/example_dags/example_bash_operator.py for tasks to queue
[2026-07-16T05:29:03.472+0000] {logging_mixin.py:188} INFO - [2026-07-16T05:29:03.472+0000] {dagbag.py:538} INFO - Filling up the DagBag from /home/airflow/.local/lib/python3.8/site-packages/airflow/example_dags/example_bash_operator.py
[2026-07-16T05:29:03.495+0000] {processor.py:840} INFO - DAG(s) 'example_bash_operator' retrieved from /home/airflow/.local/lib/python3.8/site-packages/airflow/example_dags/example_bash_operator.py
[2026-07-16T05:29:03.572+0000] {logging_mixin.py:188} INFO - [2026-07-16T05:29:03.572+0000] {dag.py:3036} INFO - Sync 1 DAGs
[2026-07-16T05:29:03.631+0000] {logging_mixin.py:188} INFO - [2026-07-16T05:29:03.631+0000] {dag.py:3823} INFO - Setting next_dagrun for example_bash_operator to 2026-07-15 00:00:00+00:00, run_after=2026-07-16 00:00:00+00:00
[2026-07-16T05:29:03.678+0000] {processor.py:183} INFO - Processing /home/airflow/.local/lib/python3.8/site-packages/airflow/example_dags/example_bash_operator.py took 0.230 seconds
[2026-07-16T05:29:33.858+0000] {processor.py:161} INFO - Started process (PID=920) to work on /home/airflow/.local/lib/python3.8/site-packages/airflow/example_dags/example_bash_operator.py
[2026-07-16T05:29:33.861+0000] {processor.py:830} INFO - Processing file /home/airflow/.local/lib/python3.8/site-packages/airflow/example_dags/example_bash_operator.py for tasks to queue
[2026-07-16T05:29:33.865+0000] {logging_mixin.py:188} INFO - [2026-07-16T05:29:33.865+0000] {dagbag.py:538} INFO - Filling up the DagBag from /home/airflow/.local/lib/python3.8/site-packages/airflow/example_dags/example_bash_operator.py
[2026-07-16T05:29:33.898+0000] {processor.py:840} INFO - DAG(s) 'example_bash_operator' retrieved from /home/airflow/.local/lib/python3.8/site-packages/airflow/example_dags/example_bash_operator.py
[2026-07-16T05:29:33.969+0000] {logging_mixin.py:188} INFO - [2026-07-16T05:29:33.968+0000] {dag.py:3036} INFO - Sync 1 DAGs
[2026-07-16T05:29:34.022+0000] {logging_mixin.py:188} INFO - [2026-07-16T05:29:34.022+0000] {dag.py:3823} INFO - Setting next_dagrun for example_bash_operator to 2026-07-15 00:00:00+00:00, run_after=2026-07-16 00:00:00+00:00
[2026-07-16T05:29:34.072+0000] {processor.py:183} INFO - Processing /home/airflow/.local/lib/python3.8/site-packages/airflow/example_dags/example_bash_operator.py took 0.223 seconds
[2026-07-16T05:30:04.241+0000] {processor.py:161} INFO - Started process (PID=976) to work on /home/airflow/.local/lib/python3.8/site-packages/airflow/example_dags/example_bash_operator.py
[2026-07-16T05:30:04.244+0000] {processor.py:830} INFO - Processing file /home/airflow/.local/lib/python3.8/site-packages/airflow/example_dags/example_bash_operator.py for tasks to queue
[2026-07-16T05:30:04.248+0000] {logging_mixin.py:188} INFO - [2026-07-16T05:30:04.248+0000] {dagbag.py:538} INFO - Filling up the DagBag from /home/airflow/.local/lib/python3.8/site-packages/airflow/example_dags/example_bash_operator.py
[2026-07-16T05:30:04.282+0000] {processor.py:840} INFO - DAG(s) 'example_bash_operator' retrieved from /home/airflow/.local/lib/python3.8/site-packages/airflow/example_dags/example_bash_operator.py
[2026-07-16T05:30:04.367+0000] {logging_mixin.py:188} INFO - [2026-07-16T05:30:04.367+0000] {dag.py:3036} INFO - Sync 1 DAGs
[2026-07-16T05:30:04.416+0000] {logging_mixin.py:188} INFO - [2026-07-16T05:30:04.415+0000] {dag.py:3823} INFO - Setting next_dagrun for example_bash_operator to 2026-07-15 00:00:00+00:00, run_after=2026-07-16 00:00:00+00:00
[2026-07-16T05:30:04.464+0000] {processor.py:183} INFO - Processing /home/airflow/.local/lib/python3.8/site-packages/airflow/example_dags/example_bash_operator.py took 0.232 seconds
[2026-07-16T05:30:34.617+0000] {processor.py:161} INFO - Started process (PID=1033) to work on /home/airflow/.local/lib/python3.8/site-packages/airflow/example_dags/example_bash_operator.py
[2026-07-16T05:30:34.619+0000] {processor.py:830} INFO - Processing file /home/airflow/.local/lib/python3.8/site-packages/airflow/example_dags/example_bash_operator.py for tasks to queue
[2026-07-16T05:30:34.622+0000] {logging_mixin.py:188} INFO - [2026-07-16T05:30:34.622+0000] {dagbag.py:538} INFO - Filling up the DagBag from /home/airflow/.local/lib/python3.8/site-packages/airflow/example_dags/example_bash_operator.py
[2026-07-16T05:30:34.640+0000] {processor.py:840} INFO - DAG(s) 'example_bash_operator' retrieved from /home/airflow/.local/lib/python3.8/site-packages/airflow/example_dags/example_bash_operator.py
[2026-07-16T05:30:34.680+0000] {logging_mixin.py:188} INFO - [2026-07-16T05:30:34.680+0000] {dag.py:3036} INFO - Sync 1 DAGs
[2026-07-16T05:30:34.713+0000] {logging_mixin.py:188} INFO - [2026-07-16T05:30:34.713+0000] {dag.py:3823} INFO - Setting next_dagrun for example_bash_operator to 2026-07-15 00:00:00+00:00, run_after=2026-07-16 00:00:00+00:00
[2026-07-16T05:30:34.741+0000] {processor.py:183} INFO - Processing /home/airflow/.local/lib/python3.8/site-packages/airflow/example_dags/example_bash_operator.py took 0.129 seconds
[2026-07-16T05:31:05.687+0000] {processor.py:161} INFO - Started process (PID=1089) to work on /home/airflow/.local/lib/python3.8/site-packages/airflow/example_dags/example_bash_operator.py
[2026-07-16T05:31:05.689+0000] {processor.py:830} INFO - Processing file /home/airflow/.local/lib/python3.8/site-packages/airflow/example_dags/example_bash_operator.py for tasks to queue
[2026-07-16T05:31:05.693+0000] {logging_mixin.py:188} INFO - [2026-07-16T05:31:05.692+0000] {dagbag.py:538} INFO - Filling up the DagBag from /home/airflow/.local/lib/python3.8/site-packages/airflow/example_dags/example_bash_operator.py
[2026-07-16T05:31:05.710+0000] {processor.py:840} INFO - DAG(s) 'example_bash_operator' retrieved from /home/airflow/.local/lib/python3.8/site-packages/airflow/example_dags/example_bash_operator.py
[2026-07-16T05:31:05.760+0000] {logging_mixin.py:188} INFO - [2026-07-16T05:31:05.759+0000] {dag.py:3036} INFO - Sync 1 DAGs
[2026-07-16T05:31:05.796+0000] {logging_mixin.py:188} INFO - [2026-07-16T05:31:05.795+0000] {dag.py:3823} INFO - Setting next_dagrun for example_bash_operator to 2026-07-15 00:00:00+00:00, run_after=2026-07-16 00:00:00+00:00
[2026-07-16T05:31:05.830+0000] {processor.py:183} INFO - Processing /home/airflow/.local/lib/python3.8/site-packages/airflow/example_dags/example_bash_operator.py took 0.148 seconds
[2026-07-16T05:31:36.194+0000] {processor.py:161} INFO - Started process (PID=1145) to work on /home/airflow/.local/lib/python3.8/site-packages/airflow/example_dags/example_bash_operator.py
[2026-07-16T05:31:36.198+0000] {processor.py:830} INFO - Processing file /home/airflow/.local/lib/python3.8/site-packages/airflow/example_dags/example_bash_operator.py for tasks to queue
[2026-07-16T05:31:36.201+0000] {logging_mixin.py:188} INFO - [2026-07-16T05:31:36.200+0000] {dagbag.py:538} INFO - Filling up the DagBag from /home/airflow/.local/lib/python3.8/site-packages/airflow/example_dags/example_bash_operator.py
[2026-07-16T05:31:36.222+0000] {processor.py:840} INFO - DAG(s) 'example_bash_operator' retrieved from /home/airflow/.local/lib/python3.8/site-packages/airflow/example_dags/example_bash_operator.py
[2026-07-16T05:31:36.252+0000] {logging_mixin.py:188} INFO - [2026-07-16T05:31:36.252+0000] {dag.py:3036} INFO - Sync 1 DAGs
[2026-07-16T05:31:36.272+0000] {logging_mixin.py:188} INFO - [2026-07-16T05:31:36.272+0000] {dag.py:3823} INFO - Setting next_dagrun for example_bash_operator to 2026-07-15 00:00:00+00:00, run_after=2026-07-16 00:00:00+00:00
[2026-07-16T05:31:36.291+0000] {processor.py:183} INFO - Processing /home/airflow/.local/lib/python3.8/site-packages/airflow/example_dags/example_bash_operator.py took 0.103 seconds
[2026-07-16T05:32:06.782+0000] {processor.py:161} INFO - Started process (PID=1201) to work on /home/airflow/.local/lib/python3.8/site-packages/airflow/example_dags/example_bash_operator.py
[2026-07-16T05:32:06.791+0000] {processor.py:830} INFO - Processing file /home/airflow/.local/lib/python3.8/site-packages/airflow/example_dags/example_bash_operator.py for tasks to queue
[2026-07-16T05:32:06.796+0000] {logging_mixin.py:188} INFO - [2026-07-16T05:32:06.795+0000] {dagbag.py:538} INFO - Filling up the DagBag from /home/airflow/.local/lib/python3.8/site-packages/airflow/example_dags/example_bash_operator.py
[2026-07-16T05:32:06.824+0000] {processor.py:840} INFO - DAG(s) 'example_bash_operator' retrieved from /home/airflow/.local/lib/python3.8/site-packages/airflow/example_dags/example_bash_operator.py
[2026-07-16T05:32:06.889+0000] {logging_mixin.py:188} INFO - [2026-07-16T05:32:06.889+0000] {dag.py:3036} INFO - Sync 1 DAGs
[2026-07-16T05:32:06.923+0000] {logging_mixin.py:188} INFO - [2026-07-16T05:32:06.923+0000] {dag.py:3823} INFO - Setting next_dagrun for example_bash_operator to 2026-07-15 00:00:00+00:00, run_after=2026-07-16 00:00:00+00:00
[2026-07-16T05:32:06.952+0000] {processor.py:183} INFO - Processing /home/airflow/.local/lib/python3.8/site-packages/airflow/example_dags/example_bash_operator.py took 0.174 seconds
[2026-07-16T05:32:37.454+0000] {processor.py:161} INFO - Started process (PID=1257) to work on /home/airflow/.local/lib/python3.8/site-packages/airflow/example_dags/example_bash_operator.py
[2026-07-16T05:32:37.459+0000] {processor.py:830} INFO - Processing file /home/airflow/.local/lib/python3.8/site-packages/airflow/example_dags/example_bash_operator.py for tasks to queue
[2026-07-16T05:32:37.461+0000] {logging_mixin.py:188} INFO - [2026-07-16T05:32:37.461+0000] {dagbag.py:538} INFO - Filling up the DagBag from /home/airflow/.local/lib/python3.8/site-packages/airflow/example_dags/example_bash_operator.py
[2026-07-16T05:32:37.487+0000] {processor.py:840} INFO - DAG(s) 'example_bash_operator' retrieved from /home/airflow/.local/lib/python3.8/site-packages/airflow/example_dags/example_bash_operator.py
[2026-07-16T05:32:37.539+0000] {logging_mixin.py:188} INFO - [2026-07-16T05:32:37.538+0000] {dag.py:3036} INFO - Sync 1 DAGs
[2026-07-16T05:32:37.562+0000] {logging_mixin.py:188} INFO - [2026-07-16T05:32:37.562+0000] {dag.py:3823} INFO - Setting next_dagrun for example_bash_operator to 2026-07-15 00:00:00+00:00, run_after=2026-07-16 00:00:00+00:00
[2026-07-16T05:32:37.580+0000] {processor.py:183} INFO - Processing /home/airflow/.local/lib/python3.8/site-packages/airflow/example_dags/example_bash_operator.py took 0.136 seconds
[2026-07-16T05:33:08.013+0000] {processor.py:161} INFO - Started process (PID=1313) to work on /home/airflow/.local/lib/python3.8/site-packages/airflow/example_dags/example_bash_operator.py
[2026-07-16T05:33:08.018+0000] {processor.py:830} INFO - Processing file /home/airflow/.local/lib/python3.8/site-packages/airflow/example_dags/example_bash_operator.py for tasks to queue
[2026-07-16T05:33:08.024+0000] {logging_mixin.py:188} INFO - [2026-07-16T05:33:08.024+0000] {dagbag.py:538} INFO - Filling up the DagBag from /home/airflow/.local/lib/python3.8/site-packages/airflow/example_dags/example_bash_operator.py
[2026-07-16T05:33:08.051+0000] {processor.py:840} INFO - DAG(s) 'example_bash_operator' retrieved from /home/airflow/.local/lib/python3.8/site-packages/airflow/example_dags/example_bash_operator.py
[2026-07-16T05:33:08.118+0000] {logging_mixin.py:188} INFO - [2026-07-16T05:33:08.117+0000] {dag.py:3036} INFO - Sync 1 DAGs
[2026-07-16T05:33:08.167+0000] {logging_mixin.py:188} INFO - [2026-07-16T05:33:08.166+0000] {dag.py:3823} INFO - Setting next_dagrun for example_bash_operator to 2026-07-15 00:00:00+00:00, run_after=2026-07-16 00:00:00+00:00
[2026-07-16T05:33:08.220+0000] {processor.py:183} INFO - Processing /home/airflow/.local/lib/python3.8/site-packages/airflow/example_dags/example_bash_operator.py took 0.216 seconds
[2026-07-16T05:33:38.823+0000] {processor.py:161} INFO - Started process (PID=1369) to work on /home/airflow/.local/lib/python3.8/site-packages/airflow/example_dags/example_bash_operator.py
[2026-07-16T05:33:38.826+0000] {processor.py:830} INFO - Processing file /home/airflow/.local/lib/python3.8/site-packages/airflow/example_dags/example_bash_operator.py for tasks to queue
[2026-07-16T05:33:38.828+0000] {logging_mixin.py:188} INFO - [2026-07-16T05:33:38.827+0000] {dagbag.py:538} INFO - Filling up the DagBag from /home/airflow/.local/lib/python3.8/site-packages/airflow/example_dags/example_bash_operator.py
[2026-07-16T05:33:38.840+0000] {processor.py:840} INFO - DAG(s) 'example_bash_operator' retrieved from /home/airflow/.local/lib/python3.8/site-packages/airflow/example_dags/example_bash_operator.py
[2026-07-16T05:33:38.871+0000] {logging_mixin.py:188} INFO - [2026-07-16T05:33:38.870+0000] {dag.py:3036} INFO - Sync 1 DAGs
[2026-07-16T05:33:38.897+0000] {logging_mixin.py:188} INFO - [2026-07-16T05:33:38.897+0000] {dag.py:3823} INFO - Setting next_dagrun for example_bash_operator to 2026-07-15 00:00:00+00:00, run_after=2026-07-16 00:00:00+00:00
[2026-07-16T05:33:38.920+0000] {processor.py:183} INFO - Processing /home/airflow/.local/lib/python3.8/site-packages/airflow/example_dags/example_bash_operator.py took 0.100 seconds
[2026-07-16T05:34:08.967+0000] {processor.py:161} INFO - Started process (PID=1423) to work on /home/airflow/.local/lib/python3.8/site-packages/airflow/example_dags/example_bash_operator.py
[2026-07-16T05:34:08.970+0000] {processor.py:830} INFO - Processing file /home/airflow/.local/lib/python3.8/site-packages/airflow/example_dags/example_bash_operator.py for tasks to queue
[2026-07-16T05:34:08.972+0000] {logging_mixin.py:188} INFO - [2026-07-16T05:34:08.972+0000] {dagbag.py:538} INFO - Filling up the DagBag from /home/airflow/.local/lib/python3.8/site-packages/airflow/example_dags/example_bash_operator.py
[2026-07-16T05:34:08.985+0000] {processor.py:840} INFO - DAG(s) 'example_bash_operator' retrieved from /home/airflow/.local/lib/python3.8/site-packages/airflow/example_dags/example_bash_operator.py
[2026-07-16T05:34:09.016+0000] {logging_mixin.py:188} INFO - [2026-07-16T05:34:09.016+0000] {dag.py:3036} INFO - Sync 1 DAGs
[2026-07-16T05:34:09.040+0000] {logging_mixin.py:188} INFO - [2026-07-16T05:34:09.039+0000] {dag.py:3823} INFO - Setting next_dagrun for example_bash_operator to 2026-07-15 00:00:00+00:00, run_after=2026-07-16 00:00:00+00:00
[2026-07-16T05:34:09.061+0000] {processor.py:183} INFO - Processing /home/airflow/.local/lib/python3.8/site-packages/airflow/example_dags/example_bash_operator.py took 0.098 seconds
[2026-07-16T05:34:39.664+0000] {processor.py:161} INFO - Started process (PID=1479) to work on /home/airflow/.local/lib/python3.8/site-packages/airflow/example_dags/example_bash_operator.py
[2026-07-16T05:34:39.667+0000] {processor.py:830} INFO - Processing file /home/airflow/.local/lib/python3.8/site-packages/airflow/example_dags/example_bash_operator.py for tasks to queue
[2026-07-16T05:34:39.669+0000] {logging_mixin.py:188} INFO - [2026-07-16T05:34:39.669+0000] {dagbag.py:538} INFO - Filling up the DagBag from /home/airflow/.local/lib/python3.8/site-packages/airflow/example_dags/example_bash_operator.py
[2026-07-16T05:34:39.681+0000] {processor.py:840} INFO - DAG(s) 'example_bash_operator' retrieved from /home/airflow/.local/lib/python3.8/site-packages/airflow/example_dags/example_bash_operator.py
[2026-07-16T05:34:39.708+0000] {logging_mixin.py:188} INFO - [2026-07-16T05:34:39.707+0000] {dag.py:3036} INFO - Sync 1 DAGs
[2026-07-16T05:34:39.729+0000] {logging_mixin.py:188} INFO - [2026-07-16T05:34:39.729+0000] {dag.py:3823} INFO - Setting next_dagrun for example_bash_operator to 2026-07-15 00:00:00+00:00, run_after=2026-07-16 00:00:00+00:00
[2026-07-16T05:34:39.747+0000] {processor.py:183} INFO - Processing /home/airflow/.local/lib/python3.8/site-packages/airflow/example_dags/example_bash_operator.py took 0.086 seconds
[2026-07-16T05:35:10.179+0000] {processor.py:161} INFO - Started process (PID=1535) to work on /home/airflow/.local/lib/python3.8/site-packages/airflow/example_dags/example_bash_operator.py
[2026-07-16T05:35:10.182+0000] {processor.py:830} INFO - Processing file /home/airflow/.local/lib/python3.8/site-packages/airflow/example_dags/example_bash_operator.py for tasks to queue
[2026-07-16T05:35:10.184+0000] {logging_mixin.py:188} INFO - [2026-07-16T05:35:10.183+0000] {dagbag.py:538} INFO - Filling up the DagBag from /home/airflow/.local/lib/python3.8/site-packages/airflow/example_dags/example_bash_operator.py
[2026-07-16T05:35:10.195+0000] {processor.py:840} INFO - DAG(s) 'example_bash_operator' retrieved from /home/airflow/.local/lib/python3.8/site-packages/airflow/example_dags/example_bash_operator.py
[2026-07-16T05:35:10.220+0000] {logging_mixin.py:188} INFO - [2026-07-16T05:35:10.220+0000] {dag.py:3036} INFO - Sync 1 DAGs
[2026-07-16T05:35:10.237+0000] {logging_mixin.py:188} INFO - [2026-07-16T05:35:10.236+0000] {dag.py:3823} INFO - Setting next_dagrun for example_bash_operator to 2026-07-15 00:00:00+00:00, run_after=2026-07-16 00:00:00+00:00
[2026-07-16T05:35:10.252+0000] {processor.py:183} INFO - Processing /home/airflow/.local/lib/python3.8/site-packages/airflow/example_dags/example_bash_operator.py took 0.077 seconds
[2026-07-16T05:35:40.851+0000] {processor.py:161} INFO - Started process (PID=1591) to work on /home/airflow/.local/lib/python3.8/site-packages/airflow/example_dags/example_bash_operator.py
[2026-07-16T05:35:40.853+0000] {processor.py:830} INFO - Processing file /home/airflow/.local/lib/python3.8/site-packages/airflow/example_dags/example_bash_operator.py for tasks to queue
[2026-07-16T05:35:40.855+0000] {logging_mixin.py:188} INFO - [2026-07-16T05:35:40.855+0000] {dagbag.py:538} INFO - Filling up the DagBag from /home/airflow/.local/lib/python3.8/site-packages/airflow/example_dags/example_bash_operator.py
[2026-07-16T05:35:40.866+0000] {processor.py:840} INFO - DAG(s) 'example_bash_operator' retrieved from /home/airflow/.local/lib/python3.8/site-packages/airflow/example_dags/example_bash_operator.py
[2026-07-16T05:35:40.896+0000] {logging_mixin.py:188} INFO - [2026-07-16T05:35:40.895+0000] {dag.py:3036} INFO - Sync 1 DAGs
[2026-07-16T05:35:40.918+0000] {logging_mixin.py:188} INFO - [2026-07-16T05:35:40.918+0000] {dag.py:3823} INFO - Setting next_dagrun for example_bash_operator to 2026-07-15 00:00:00+00:00, run_after=2026-07-16 00:00:00+00:00
[2026-07-16T05:35:40.936+0000] {processor.py:183} INFO - Processing /home/airflow/.local/lib/python3.8/site-packages/airflow/example_dags/example_bash_operator.py took 0.091 seconds
[2026-07-16T05:36:11.100+0000] {processor.py:161} INFO - Started process (PID=1647) to work on /home/airflow/.local/lib/python3.8/site-packages/airflow/example_dags/example_bash_operator.py
[2026-07-16T05:36:11.104+0000] {processor.py:830} INFO - Processing file /home/airflow/.local/lib/python3.8/site-packages/airflow/example_dags/example_bash_operator.py for tasks to queue
[2026-07-16T05:36:11.106+0000] {logging_mixin.py:188} INFO - [2026-07-16T05:36:11.106+0000] {dagbag.py:538} INFO - Filling up the DagBag from /home/airflow/.local/lib/python3.8/site-packages/airflow/example_dags/example_bash_operator.py
[2026-07-16T05:36:11.119+0000] {processor.py:840} INFO - DAG(s) 'example_bash_operator' retrieved from /home/airflow/.local/lib/python3.8/site-packages/airflow/example_dags/example_bash_operator.py
[2026-07-16T05:36:11.149+0000] {logging_mixin.py:188} INFO - [2026-07-16T05:36:11.149+0000] {dag.py:3036} INFO - Sync 1 DAGs
[2026-07-16T05:36:11.172+0000] {logging_mixin.py:188} INFO - [2026-07-16T05:36:11.172+0000] {dag.py:3823} INFO - Setting next_dagrun for example_bash_operator to 2026-07-15 00:00:00+00:00, run_after=2026-07-16 00:00:00+00:00
[2026-07-16T05:36:11.195+0000] {processor.py:183} INFO - Processing /home/airflow/.local/lib/python3.8/site-packages/airflow/example_dags/example_bash_operator.py took 0.098 seconds
[2026-07-16T05:36:41.506+0000] {processor.py:161} INFO - Started process (PID=1704) to work on /home/airflow/.local/lib/python3.8/site-packages/airflow/example_dags/example_bash_operator.py
[2026-07-16T05:36:41.510+0000] {processor.py:830} INFO - Processing file /home/airflow/.local/lib/python3.8/site-packages/airflow/example_dags/example_bash_operator.py for tasks to queue
[2026-07-16T05:36:41.513+0000] {logging_mixin.py:188} INFO - [2026-07-16T05:36:41.513+0000] {dagbag.py:538} INFO - Filling up the DagBag from /home/airflow/.local/lib/python3.8/site-packages/airflow/example_dags/example_bash_operator.py
[2026-07-16T05:36:41.528+0000] {processor.py:840} INFO - DAG(s) 'example_bash_operator' retrieved from /home/airflow/.local/lib/python3.8/site-packages/airflow/example_dags/example_bash_operator.py
[2026-07-16T05:36:41.563+0000] {logging_mixin.py:188} INFO - [2026-07-16T05:36:41.562+0000] {dag.py:3036} INFO - Sync 1 DAGs
[2026-07-16T05:36:41.589+0000] {logging_mixin.py:188} INFO - [2026-07-16T05:36:41.588+0000] {dag.py:3823} INFO - Setting next_dagrun for example_bash_operator to 2026-07-15 00:00:00+00:00, run_after=2026-07-16 00:00:00+00:00
[2026-07-16T05:36:41.611+0000] {processor.py:183} INFO - Processing /home/airflow/.local/lib/python3.8/site-packages/airflow/example_dags/example_bash_operator.py took 0.112 seconds
[2026-07-16T05:37:11.681+0000] {processor.py:161} INFO - Started process (PID=1760) to work on /home/airflow/.local/lib/python3.8/site-packages/airflow/example_dags/example_bash_operator.py
[2026-07-16T05:37:11.684+0000] {processor.py:830} INFO - Processing file /home/airflow/.local/lib/python3.8/site-packages/airflow/example_dags/example_bash_operator.py for tasks to queue
[2026-07-16T05:37:11.686+0000] {logging_mixin.py:188} INFO - [2026-07-16T05:37:11.686+0000] {dagbag.py:538} INFO - Filling up the DagBag from /home/airflow/.local/lib/python3.8/site-packages/airflow/example_dags/example_bash_operator.py
[2026-07-16T05:37:11.697+0000] {processor.py:840} INFO - DAG(s) 'example_bash_operator' retrieved from /home/airflow/.local/lib/python3.8/site-packages/airflow/example_dags/example_bash_operator.py
[2026-07-16T05:37:11.722+0000] {logging_mixin.py:188} INFO - [2026-07-16T05:37:11.721+0000] {dag.py:3036} INFO - Sync 1 DAGs
[2026-07-16T05:37:11.741+0000] {logging_mixin.py:188} INFO - [2026-07-16T05:37:11.741+0000] {dag.py:3823} INFO - Setting next_dagrun for example_bash_operator to 2026-07-15 00:00:00+00:00, run_after=2026-07-16 00:00:00+00:00
[2026-07-16T05:37:11.770+0000] {processor.py:183} INFO - Processing /home/airflow/.local/lib/python3.8/site-packages/airflow/example_dags/example_bash_operator.py took 0.093 seconds
[2026-07-16T05:37:42.246+0000] {processor.py:161} INFO - Started process (PID=1816) to work on /home/airflow/.local/lib/python3.8/site-packages/airflow/example_dags/example_bash_operator.py
[2026-07-16T05:37:42.250+0000] {processor.py:830} INFO - Processing file /home/airflow/.local/lib/python3.8/site-packages/airflow/example_dags/example_bash_operator.py for tasks to queue
[2026-07-16T05:37:42.253+0000] {logging_mixin.py:188} INFO - [2026-07-16T05:37:42.252+0000] {dagbag.py:538} INFO - Filling up the DagBag from /home/airflow/.local/lib/python3.8/site-packages/airflow/example_dags/example_bash_operator.py
[2026-07-16T05:37:42.263+0000] {processor.py:840} INFO - DAG(s) 'example_bash_operator' retrieved from /home/airflow/.local/lib/python3.8/site-packages/airflow/example_dags/example_bash_operator.py
[2026-07-16T05:37:42.286+0000] {logging_mixin.py:188} INFO - [2026-07-16T05:37:42.286+0000] {dag.py:3036} INFO - Sync 1 DAGs
[2026-07-16T05:37:42.303+0000] {logging_mixin.py:188} INFO - [2026-07-16T05:37:42.303+0000] {dag.py:3823} INFO - Setting next_dagrun for example_bash_operator to 2026-07-15 00:00:00+00:00, run_after=2026-07-16 00:00:00+00:00
[2026-07-16T05:37:42.318+0000] {processor.py:183} INFO - Processing /home/airflow/.local/lib/python3.8/site-packages/airflow/example_dags/example_bash_operator.py took 0.078 seconds
[2026-07-16T05:38:12.434+0000] {processor.py:161} INFO - Started process (PID=1872) to work on /home/airflow/.local/lib/python3.8/site-packages/airflow/example_dags/example_bash_operator.py
[2026-07-16T05:38:12.437+0000] {processor.py:830} INFO - Processing file /home/airflow/.local/lib/python3.8/site-packages/airflow/example_dags/example_bash_operator.py for tasks to queue
[2026-07-16T05:38:12.438+0000] {logging_mixin.py:188} INFO - [2026-07-16T05:38:12.438+0000] {dagbag.py:538} INFO - Filling up the DagBag from /home/airflow/.local/lib/python3.8/site-packages/airflow/example_dags/example_bash_operator.py
[2026-07-16T05:38:12.449+0000] {processor.py:840} INFO - DAG(s) 'example_bash_operator' retrieved from /home/airflow/.local/lib/python3.8/site-packages/airflow/example_dags/example_bash_operator.py
[2026-07-16T05:38:12.473+0000] {logging_mixin.py:188} INFO - [2026-07-16T05:38:12.473+0000] {dag.py:3036} INFO - Sync 1 DAGs
[2026-07-16T05:38:12.493+0000] {logging_mixin.py:188} INFO - [2026-07-16T05:38:12.493+0000] {dag.py:3823} INFO - Setting next_dagrun for example_bash_operator to 2026-07-15 00:00:00+00:00, run_after=2026-07-16 00:00:00+00:00
[2026-07-16T05:38:12.509+0000] {processor.py:183} INFO - Processing /home/airflow/.local/lib/python3.8/site-packages/airflow/example_dags/example_bash_operator.py took 0.079 seconds
[2026-07-16T05:38:42.712+0000] {processor.py:161} INFO - Started process (PID=1928) to work on /home/airflow/.local/lib/python3.8/site-packages/airflow/example_dags/example_bash_operator.py
[2026-07-16T05:38:42.715+0000] {processor.py:830} INFO - Processing file /home/airflow/.local/lib/python3.8/site-packages/airflow/example_dags/example_bash_operator.py for tasks to queue
[2026-07-16T05:38:42.718+0000] {logging_mixin.py:188} INFO - [2026-07-16T05:38:42.718+0000] {dagbag.py:538} INFO - Filling up the DagBag from /home/airflow/.local/lib/python3.8/site-packages/airflow/example_dags/example_bash_operator.py
[2026-07-16T05:38:42.732+0000] {processor.py:840} INFO - DAG(s) 'example_bash_operator' retrieved from /home/airflow/.local/lib/python3.8/site-packages/airflow/example_dags/example_bash_operator.py
[2026-07-16T05:38:42.767+0000] {logging_mixin.py:188} INFO - [2026-07-16T05:38:42.767+0000] {dag.py:3036} INFO - Sync 1 DAGs
[2026-07-16T05:38:42.789+0000] {logging_mixin.py:188} INFO - [2026-07-16T05:38:42.789+0000] {dag.py:3823} INFO - Setting next_dagrun for example_bash_operator to 2026-07-15 00:00:00+00:00, run_after=2026-07-16 00:00:00+00:00
[2026-07-16T05:38:42.811+0000] {processor.py:183} INFO - Processing /home/airflow/.local/lib/python3.8/site-packages/airflow/example_dags/example_bash_operator.py took 0.103 seconds
[2026-07-16T05:39:13.182+0000] {processor.py:161} INFO - Started process (PID=1984) to work on /home/airflow/.local/lib/python3.8/site-packages/airflow/example_dags/example_bash_operator.py
[2026-07-16T05:39:13.185+0000] {processor.py:830} INFO - Processing file /home/airflow/.local/lib/python3.8/site-packages/airflow/example_dags/example_bash_operator.py for tasks to queue
[2026-07-16T05:39:13.186+0000] {logging_mixin.py:188} INFO - [2026-07-16T05:39:13.186+0000] {dagbag.py:538} INFO - Filling up the DagBag from /home/airflow/.local/lib/python3.8/site-packages/airflow/example_dags/example_bash_operator.py
[2026-07-16T05:39:13.196+0000] {processor.py:840} INFO - DAG(s) 'example_bash_operator' retrieved from /home/airflow/.local/lib/python3.8/site-packages/airflow/example_dags/example_bash_operator.py
[2026-07-16T05:39:13.219+0000] {logging_mixin.py:188} INFO - [2026-07-16T05:39:13.219+0000] {dag.py:3036} INFO - Sync 1 DAGs
[2026-07-16T05:39:13.236+0000] {logging_mixin.py:188} INFO - [2026-07-16T05:39:13.235+0000] {dag.py:3823} INFO - Setting next_dagrun for example_bash_operator to 2026-07-15 00:00:00+00:00, run_after=2026-07-16 00:00:00+00:00
[2026-07-16T05:39:13.250+0000] {processor.py:183} INFO - Processing /home/airflow/.local/lib/python3.8/site-packages/airflow/example_dags/example_bash_operator.py took 0.072 seconds
[2026-07-16T05:39:43.333+0000] {processor.py:161} INFO - Started process (PID=2040) to work on /home/airflow/.local/lib/python3.8/site-packages/airflow/example_dags/example_bash_operator.py
[2026-07-16T05:39:43.334+0000] {processor.py:830} INFO - Processing file /home/airflow/.local/lib/python3.8/site-packages/airflow/example_dags/example_bash_operator.py for tasks to queue
[2026-07-16T05:39:43.336+0000] {logging_mixin.py:188} INFO - [2026-07-16T05:39:43.336+0000] {dagbag.py:538} INFO - Filling up the DagBag from /home/airflow/.local/lib/python3.8/site-packages/airflow/example_dags/example_bash_operator.py
[2026-07-16T05:39:43.345+0000] {processor.py:840} INFO - DAG(s) 'example_bash_operator' retrieved from /home/airflow/.local/lib/python3.8/site-packages/airflow/example_dags/example_bash_operator.py
[2026-07-16T05:39:43.369+0000] {logging_mixin.py:188} INFO - [2026-07-16T05:39:43.369+0000] {dag.py:3036} INFO - Sync 1 DAGs
[2026-07-16T05:39:43.386+0000] {logging_mixin.py:188} INFO - [2026-07-16T05:39:43.386+0000] {dag.py:3823} INFO - Setting next_dagrun for example_bash_operator to 2026-07-15 00:00:00+00:00, run_after=2026-07-16 00:00:00+00:00
[2026-07-16T05:39:43.400+0000] {processor.py:183} INFO - Processing /home/airflow/.local/lib/python3.8/site-packages/airflow/example_dags/example_bash_operator.py took 0.070 seconds
[2026-07-16T05:40:13.532+0000] {processor.py:161} INFO - Started process (PID=2096) to work on /home/airflow/.local/lib/python3.8/site-packages/airflow/example_dags/example_bash_operator.py
[2026-07-16T05:40:13.534+0000] {processor.py:830} INFO - Processing file /home/airflow/.local/lib/python3.8/site-packages/airflow/example_dags/example_bash_operator.py for tasks to queue
[2026-07-16T05:40:13.536+0000] {logging_mixin.py:188} INFO - [2026-07-16T05:40:13.536+0000] {dagbag.py:538} INFO - Filling up the DagBag from /home/airflow/.local/lib/python3.8/site-packages/airflow/example_dags/example_bash_operator.py
[2026-07-16T05:40:13.552+0000] {processor.py:840} INFO - DAG(s) 'example_bash_operator' retrieved from /home/airflow/.local/lib/python3.8/site-packages/airflow/example_dags/example_bash_operator.py
[2026-07-16T05:40:13.586+0000] {logging_mixin.py:188} INFO - [2026-07-16T05:40:13.586+0000] {dag.py:3036} INFO - Sync 1 DAGs
[2026-07-16T05:40:13.612+0000] {logging_mixin.py:188} INFO - [2026-07-16T05:40:13.611+0000] {dag.py:3823} INFO - Setting next_dagrun for example_bash_operator to 2026-07-15 00:00:00+00:00, run_after=2026-07-16 00:00:00+00:00
[2026-07-16T05:40:13.634+0000] {processor.py:183} INFO - Processing /home/airflow/.local/lib/python3.8/site-packages/airflow/example_dags/example_bash_operator.py took 0.108 seconds
[2026-07-16T05:40:43.905+0000] {processor.py:161} INFO - Started process (PID=2152) to work on /home/airflow/.local/lib/python3.8/site-packages/airflow/example_dags/example_bash_operator.py
[2026-07-16T05:40:43.908+0000] {processor.py:830} INFO - Processing file /home/airflow/.local/lib/python3.8/site-packages/airflow/example_dags/example_bash_operator.py for tasks to queue
[2026-07-16T05:40:43.911+0000] {logging_mixin.py:188} INFO - [2026-07-16T05:40:43.910+0000] {dagbag.py:538} INFO - Filling up the DagBag from /home/airflow/.local/lib/python3.8/site-packages/airflow/example_dags/example_bash_operator.py
[2026-07-16T05:40:43.922+0000] {processor.py:840} INFO - DAG(s) 'example_bash_operator' retrieved from /home/airflow/.local/lib/python3.8/site-packages/airflow/example_dags/example_bash_operator.py
[2026-07-16T05:40:43.947+0000] {logging_mixin.py:188} INFO - [2026-07-16T05:40:43.947+0000] {dag.py:3036} INFO - Sync 1 DAGs
[2026-07-16T05:40:43.966+0000] {logging_mixin.py:188} INFO - [2026-07-16T05:40:43.966+0000] {dag.py:3823} INFO - Setting next_dagrun for example_bash_operator to 2026-07-15 00:00:00+00:00, run_after=2026-07-16 00:00:00+00:00
[2026-07-16T05:40:43.984+0000] {processor.py:183} INFO - Processing /home/airflow/.local/lib/python3.8/site-packages/airflow/example_dags/example_bash_operator.py took 0.083 seconds
[2026-07-16T05:41:14.292+0000] {processor.py:161} INFO - Started process (PID=2208) to work on /home/airflow/.local/lib/python3.8/site-packages/airflow/example_dags/example_bash_operator.py
[2026-07-16T05:41:14.295+0000] {processor.py:830} INFO - Processing file /home/airflow/.local/lib/python3.8/site-packages/airflow/example_dags/example_bash_operator.py for tasks to queue
[2026-07-16T05:41:14.296+0000] {logging_mixin.py:188} INFO - [2026-07-16T05:41:14.296+0000] {dagbag.py:538} INFO - Filling up the DagBag from /home/airflow/.local/lib/python3.8/site-packages/airflow/example_dags/example_bash_operator.py
[2026-07-16T05:41:14.307+0000] {processor.py:840} INFO - DAG(s) 'example_bash_operator' retrieved from /home/airflow/.local/lib/python3.8/site-packages/airflow/example_dags/example_bash_operator.py
[2026-07-16T05:41:14.329+0000] {logging_mixin.py:188} INFO - [2026-07-16T05:41:14.329+0000] {dag.py:3036} INFO - Sync 1 DAGs
[2026-07-16T05:41:14.345+0000] {logging_mixin.py:188} INFO - [2026-07-16T05:41:14.344+0000] {dag.py:3823} INFO - Setting next_dagrun for example_bash_operator to 2026-07-15 00:00:00+00:00, run_after=2026-07-16 00:00:00+00:00
[2026-07-16T05:41:14.360+0000] {processor.py:183} INFO - Processing /home/airflow/.local/lib/python3.8/site-packages/airflow/example_dags/example_bash_operator.py took 0.071 seconds
[2026-07-16T05:41:45.210+0000] {processor.py:161} INFO - Started process (PID=2264) to work on /home/airflow/.local/lib/python3.8/site-packages/airflow/example_dags/example_bash_operator.py
[2026-07-16T05:41:45.212+0000] {processor.py:830} INFO - Processing file /home/airflow/.local/lib/python3.8/site-packages/airflow/example_dags/example_bash_operator.py for tasks to queue
[2026-07-16T05:41:45.214+0000] {logging_mixin.py:188} INFO - [2026-07-16T05:41:45.214+0000] {dagbag.py:538} INFO - Filling up the DagBag from /home/airflow/.local/lib/python3.8/site-packages/airflow/example_dags/example_bash_operator.py
[2026-07-16T05:41:45.226+0000] {processor.py:840} INFO - DAG(s) 'example_bash_operator' retrieved from /home/airflow/.local/lib/python3.8/site-packages/airflow/example_dags/example_bash_operator.py
[2026-07-16T05:41:45.253+0000] {logging_mixin.py:188} INFO - [2026-07-16T05:41:45.253+0000] {dag.py:3036} INFO - Sync 1 DAGs
[2026-07-16T05:41:45.270+0000] {logging_mixin.py:188} INFO - [2026-07-16T05:41:45.270+0000] {dag.py:3823} INFO - Setting next_dagrun for example_bash_operator to 2026-07-15 00:00:00+00:00, run_after=2026-07-16 00:00:00+00:00
[2026-07-16T05:41:45.287+0000] {processor.py:183} INFO - Processing /home/airflow/.local/lib/python3.8/site-packages/airflow/example_dags/example_bash_operator.py took 0.080 seconds
[2026-07-16T05:42:16.129+0000] {processor.py:161} INFO - Started process (PID=2320) to work on /home/airflow/.local/lib/python3.8/site-packages/airflow/example_dags/example_bash_operator.py
[2026-07-16T05:42:16.132+0000] {processor.py:830} INFO - Processing file /home/airflow/.local/lib/python3.8/site-packages/airflow/example_dags/example_bash_operator.py for tasks to queue
[2026-07-16T05:42:16.134+0000] {logging_mixin.py:188} INFO - [2026-07-16T05:42:16.134+0000] {dagbag.py:538} INFO - Filling up the DagBag from /home/airflow/.local/lib/python3.8/site-packages/airflow/example_dags/example_bash_operator.py
[2026-07-16T05:42:16.145+0000] {processor.py:840} INFO - DAG(s) 'example_bash_operator' retrieved from /home/airflow/.local/lib/python3.8/site-packages/airflow/example_dags/example_bash_operator.py
[2026-07-16T05:42:16.168+0000] {logging_mixin.py:188} INFO - [2026-07-16T05:42:16.168+0000] {dag.py:3036} INFO - Sync 1 DAGs
[2026-07-16T05:42:16.185+0000] {logging_mixin.py:188} INFO - [2026-07-16T05:42:16.185+0000] {dag.py:3823} INFO - Setting next_dagrun for example_bash_operator to 2026-07-15 00:00:00+00:00, run_after=2026-07-16 00:00:00+00:00
[2026-07-16T05:42:16.201+0000] {processor.py:183} INFO - Processing /home/airflow/.local/lib/python3.8/site-packages/airflow/example_dags/example_bash_operator.py took 0.075 seconds
[2026-07-16T05:42:46.383+0000] {processor.py:161} INFO - Started process (PID=2376) to work on /home/airflow/.local/lib/python3.8/site-packages/airflow/example_dags/example_bash_operator.py
[2026-07-16T05:42:46.386+0000] {processor.py:830} INFO - Processing file /home/airflow/.local/lib/python3.8/site-packages/airflow/example_dags/example_bash_operator.py for tasks to queue
[2026-07-16T05:42:46.388+0000] {logging_mixin.py:188} INFO - [2026-07-16T05:42:46.387+0000] {dagbag.py:538} INFO - Filling up the DagBag from /home/airflow/.local/lib/python3.8/site-packages/airflow/example_dags/example_bash_operator.py
[2026-07-16T05:42:46.398+0000] {processor.py:840} INFO - DAG(s) 'example_bash_operator' retrieved from /home/airflow/.local/lib/python3.8/site-packages/airflow/example_dags/example_bash_operator.py
[2026-07-16T05:42:46.421+0000] {logging_mixin.py:188} INFO - [2026-07-16T05:42:46.420+0000] {dag.py:3036} INFO - Sync 1 DAGs
[2026-07-16T05:42:46.438+0000] {logging_mixin.py:188} INFO - [2026-07-16T05:42:46.438+0000] {dag.py:3823} INFO - Setting next_dagrun for example_bash_operator to 2026-07-15 00:00:00+00:00, run_after=2026-07-16 00:00:00+00:00
[2026-07-16T05:42:46.454+0000] {processor.py:183} INFO - Processing /home/airflow/.local/lib/python3.8/site-packages/airflow/example_dags/example_bash_operator.py took 0.074 seconds
[2026-07-16T05:43:16.877+0000] {processor.py:161} INFO - Started process (PID=2432) to work on /home/airflow/.local/lib/python3.8/site-packages/airflow/example_dags/example_bash_operator.py
[2026-07-16T05:43:16.881+0000] {processor.py:830} INFO - Processing file /home/airflow/.local/lib/python3.8/site-packages/airflow/example_dags/example_bash_operator.py for tasks to queue
[2026-07-16T05:43:16.883+0000] {logging_mixin.py:188} INFO - [2026-07-16T05:43:16.883+0000] {dagbag.py:538} INFO - Filling up the DagBag from /home/airflow/.local/lib/python3.8/site-packages/airflow/example_dags/example_bash_operator.py
[2026-07-16T05:43:16.894+0000] {processor.py:840} INFO - DAG(s) 'example_bash_operator' retrieved from /home/airflow/.local/lib/python3.8/site-packages/airflow/example_dags/example_bash_operator.py
[2026-07-16T05:43:16.923+0000] {logging_mixin.py:188} INFO - [2026-07-16T05:43:16.923+0000] {dag.py:3036} INFO - Sync 1 DAGs
[2026-07-16T05:43:16.943+0000] {logging_mixin.py:188} INFO - [2026-07-16T05:43:16.943+0000] {dag.py:3823} INFO - Setting next_dagrun for example_bash_operator to 2026-07-15 00:00:00+00:00, run_after=2026-07-16 00:00:00+00:00
[2026-07-16T05:43:16.964+0000] {processor.py:183} INFO - Processing /home/airflow/.local/lib/python3.8/site-packages/airflow/example_dags/example_bash_operator.py took 0.090 seconds
[2026-07-16T05:43:47.351+0000] {processor.py:161} INFO - Started process (PID=2488) to work on /home/airflow/.local/lib/python3.8/site-packages/airflow/example_dags/example_bash_operator.py
[2026-07-16T05:43:47.354+0000] {processor.py:830} INFO - Processing file /home/airflow/.local/lib/python3.8/site-packages/airflow/example_dags/example_bash_operator.py for tasks to queue
[2026-07-16T05:43:47.355+0000] {logging_mixin.py:188} INFO - [2026-07-16T05:43:47.355+0000] {dagbag.py:538} INFO - Filling up the DagBag from /home/airflow/.local/lib/python3.8/site-packages/airflow/example_dags/example_bash_operator.py
[2026-07-16T05:43:47.364+0000] {processor.py:840} INFO - DAG(s) 'example_bash_operator' retrieved from /home/airflow/.local/lib/python3.8/site-packages/airflow/example_dags/example_bash_operator.py
[2026-07-16T05:43:47.387+0000] {logging_mixin.py:188} INFO - [2026-07-16T05:43:47.386+0000] {dag.py:3036} INFO - Sync 1 DAGs
[2026-07-16T05:43:47.403+0000] {logging_mixin.py:188} INFO - [2026-07-16T05:43:47.403+0000] {dag.py:3823} INFO - Setting next_dagrun for example_bash_operator to 2026-07-15 00:00:00+00:00, run_after=2026-07-16 00:00:00+00:00
[2026-07-16T05:43:47.417+0000] {processor.py:183} INFO - Processing /home/airflow/.local/lib/python3.8/site-packages/airflow/example_dags/example_bash_operator.py took 0.070 seconds
[2026-07-16T05:44:17.870+0000] {processor.py:161} INFO - Started process (PID=2544) to work on /home/airflow/.local/lib/python3.8/site-packages/airflow/example_dags/example_bash_operator.py
[2026-07-16T05:44:17.873+0000] {processor.py:830} INFO - Processing file /home/airflow/.local/lib/python3.8/site-packages/airflow/example_dags/example_bash_operator.py for tasks to queue
[2026-07-16T05:44:17.875+0000] {logging_mixin.py:188} INFO - [2026-07-16T05:44:17.874+0000] {dagbag.py:538} INFO - Filling up the DagBag from /home/airflow/.local/lib/python3.8/site-packages/airflow/example_dags/example_bash_operator.py
[2026-07-16T05:44:17.885+0000] {processor.py:840} INFO - DAG(s) 'example_bash_operator' retrieved from /home/airflow/.local/lib/python3.8/site-packages/airflow/example_dags/example_bash_operator.py
[2026-07-16T05:44:17.913+0000] {logging_mixin.py:188} INFO - [2026-07-16T05:44:17.913+0000] {dag.py:3036} INFO - Sync 1 DAGs
[2026-07-16T05:44:17.935+0000] {logging_mixin.py:188} INFO - [2026-07-16T05:44:17.934+0000] {dag.py:3823} INFO - Setting next_dagrun for example_bash_operator to 2026-07-15 00:00:00+00:00, run_after=2026-07-16 00:00:00+00:00
[2026-07-16T05:44:17.954+0000] {processor.py:183} INFO - Processing /home/airflow/.local/lib/python3.8/site-packages/airflow/example_dags/example_bash_operator.py took 0.087 seconds
[2026-07-16T05:44:48.215+0000] {processor.py:161} INFO - Started process (PID=2600) to work on /home/airflow/.local/lib/python3.8/site-packages/airflow/example_dags/example_bash_operator.py
[2026-07-16T05:44:48.217+0000] {processor.py:830} INFO - Processing file /home/airflow/.local/lib/python3.8/site-packages/airflow/example_dags/example_bash_operator.py for tasks to queue
[2026-07-16T05:44:48.220+0000] {logging_mixin.py:188} INFO - [2026-07-16T05:44:48.220+0000] {dagbag.py:538} INFO - Filling up the DagBag from /home/airflow/.local/lib/python3.8/site-packages/airflow/example_dags/example_bash_operator.py
[2026-07-16T05:44:48.232+0000] {processor.py:840} INFO - DAG(s) 'example_bash_operator' retrieved from /home/airflow/.local/lib/python3.8/site-packages/airflow/example_dags/example_bash_operator.py
[2026-07-16T05:44:48.256+0000] {logging_mixin.py:188} INFO - [2026-07-16T05:44:48.256+0000] {dag.py:3036} INFO - Sync 1 DAGs
[2026-07-16T05:44:48.275+0000] {logging_mixin.py:188} INFO - [2026-07-16T05:44:48.275+0000] {dag.py:3823} INFO - Setting next_dagrun for example_bash_operator to 2026-07-15 00:00:00+00:00, run_after=2026-07-16 00:00:00+00:00
[2026-07-16T05:44:48.290+0000] {processor.py:183} INFO - Processing /home/airflow/.local/lib/python3.8/site-packages/airflow/example_dags/example_bash_operator.py took 0.079 seconds
[2026-07-16T05:45:18.450+0000] {processor.py:161} INFO - Started process (PID=2656) to work on /home/airflow/.local/lib/python3.8/site-packages/airflow/example_dags/example_bash_operator.py
[2026-07-16T05:45:18.450+0000] {processor.py:830} INFO - Processing file /home/airflow/.local/lib/python3.8/site-packages/airflow/example_dags/example_bash_operator.py for tasks to queue
[2026-07-16T05:45:18.452+0000] {logging_mixin.py:188} INFO - [2026-07-16T05:45:18.452+0000] {dagbag.py:538} INFO - Filling up the DagBag from /home/airflow/.local/lib/python3.8/site-packages/airflow/example_dags/example_bash_operator.py
[2026-07-16T05:45:18.461+0000] {processor.py:840} INFO - DAG(s) 'example_bash_operator' retrieved from /home/airflow/.local/lib/python3.8/site-packages/airflow/example_dags/example_bash_operator.py
[2026-07-16T05:45:18.483+0000] {logging_mixin.py:188} INFO - [2026-07-16T05:45:18.483+0000] {dag.py:3036} INFO - Sync 1 DAGs
[2026-07-16T05:45:18.498+0000] {logging_mixin.py:188} INFO - [2026-07-16T05:45:18.498+0000] {dag.py:3823} INFO - Setting next_dagrun for example_bash_operator to 2026-07-15 00:00:00+00:00, run_after=2026-07-16 00:00:00+00:00
[2026-07-16T05:45:18.512+0000] {processor.py:183} INFO - Processing /home/airflow/.local/lib/python3.8/site-packages/airflow/example_dags/example_bash_operator.py took 0.067 seconds
[2026-07-16T05:45:48.750+0000] {processor.py:161} INFO - Started process (PID=2712) to work on /home/airflow/.local/lib/python3.8/site-packages/airflow/example_dags/example_bash_operator.py
[2026-07-16T05:45:48.752+0000] {processor.py:830} INFO - Processing file /home/airflow/.local/lib/python3.8/site-packages/airflow/example_dags/example_bash_operator.py for tasks to queue
[2026-07-16T05:45:48.753+0000] {logging_mixin.py:188} INFO - [2026-07-16T05:45:48.753+0000] {dagbag.py:538} INFO - Filling up the DagBag from /home/airflow/.local/lib/python3.8/site-packages/airflow/example_dags/example_bash_operator.py
[2026-07-16T05:45:48.764+0000] {processor.py:840} INFO - DAG(s) 'example_bash_operator' retrieved from /home/airflow/.local/lib/python3.8/site-packages/airflow/example_dags/example_bash_operator.py
[2026-07-16T05:45:48.783+0000] {logging_mixin.py:188} INFO - [2026-07-16T05:45:48.782+0000] {dag.py:3036} INFO - Sync 1 DAGs
[2026-07-16T05:45:48.799+0000] {logging_mixin.py:188} INFO - [2026-07-16T05:45:48.799+0000] {dag.py:3823} INFO - Setting next_dagrun for example_bash_operator to 2026-07-15 00:00:00+00:00, run_after=2026-07-16 00:00:00+00:00
[2026-07-16T05:45:48.990+0000] {processor.py:183} INFO - Processing /home/airflow/.local/lib/python3.8/site-packages/airflow/example_dags/example_bash_operator.py took 0.243 seconds
[2026-07-16T05:46:19.202+0000] {processor.py:161} INFO - Started process (PID=2768) to work on /home/airflow/.local/lib/python3.8/site-packages/airflow/example_dags/example_bash_operator.py
[2026-07-16T05:46:19.204+0000] {processor.py:830} INFO - Processing file /home/airflow/.local/lib/python3.8/site-packages/airflow/example_dags/example_bash_operator.py for tasks to queue
[2026-07-16T05:46:19.206+0000] {logging_mixin.py:188} INFO - [2026-07-16T05:46:19.206+0000] {dagbag.py:538} INFO - Filling up the DagBag from /home/airflow/.local/lib/python3.8/site-packages/airflow/example_dags/example_bash_operator.py
[2026-07-16T05:46:19.215+0000] {processor.py:840} INFO - DAG(s) 'example_bash_operator' retrieved from /home/airflow/.local/lib/python3.8/site-packages/airflow/example_dags/example_bash_operator.py
[2026-07-16T05:46:19.236+0000] {logging_mixin.py:188} INFO - [2026-07-16T05:46:19.235+0000] {dag.py:3036} INFO - Sync 1 DAGs
[2026-07-16T05:46:19.250+0000] {logging_mixin.py:188} INFO - [2026-07-16T05:46:19.250+0000] {dag.py:3823} INFO - Setting next_dagrun for example_bash_operator to 2026-07-15 00:00:00+00:00, run_after=2026-07-16 00:00:00+00:00
[2026-07-16T05:46:19.263+0000] {processor.py:183} INFO - Processing /home/airflow/.local/lib/python3.8/site-packages/airflow/example_dags/example_bash_operator.py took 0.065 seconds
[2026-07-16T05:46:49.460+0000] {processor.py:161} INFO - Started process (PID=2824) to work on /home/airflow/.local/lib/python3.8/site-packages/airflow/example_dags/example_bash_operator.py
[2026-07-16T05:46:49.463+0000] {processor.py:830} INFO - Processing file /home/airflow/.local/lib/python3.8/site-packages/airflow/example_dags/example_bash_operator.py for tasks to queue
[2026-07-16T05:46:49.464+0000] {logging_mixin.py:188} INFO - [2026-07-16T05:46:49.464+0000] {dagbag.py:538} INFO - Filling up the DagBag from /home/airflow/.local/lib/python3.8/site-packages/airflow/example_dags/example_bash_operator.py
[2026-07-16T05:46:49.474+0000] {processor.py:840} INFO - DAG(s) 'example_bash_operator' retrieved from /home/airflow/.local/lib/python3.8/site-packages/airflow/example_dags/example_bash_operator.py
[2026-07-16T05:46:49.494+0000] {logging_mixin.py:188} INFO - [2026-07-16T05:46:49.494+0000] {dag.py:3036} INFO - Sync 1 DAGs
[2026-07-16T05:46:49.511+0000] {logging_mixin.py:188} INFO - [2026-07-16T05:46:49.511+0000] {dag.py:3823} INFO - Setting next_dagrun for example_bash_operator to 2026-07-15 00:00:00+00:00, run_after=2026-07-16 00:00:00+00:00
[2026-07-16T05:46:49.527+0000] {processor.py:183} INFO - Processing /home/airflow/.local/lib/python3.8/site-packages/airflow/example_dags/example_bash_operator.py took 0.070 seconds
[2026-07-16T05:47:20.246+0000] {processor.py:161} INFO - Started process (PID=2880) to work on /home/airflow/.local/lib/python3.8/site-packages/airflow/example_dags/example_bash_operator.py
[2026-07-16T05:47:20.248+0000] {processor.py:830} INFO - Processing file /home/airflow/.local/lib/python3.8/site-packages/airflow/example_dags/example_bash_operator.py for tasks to queue
[2026-07-16T05:47:20.249+0000] {logging_mixin.py:188} INFO - [2026-07-16T05:47:20.249+0000] {dagbag.py:538} INFO - Filling up the DagBag from /home/airflow/.local/lib/python3.8/site-packages/airflow/example_dags/example_bash_operator.py
[2026-07-16T05:47:20.258+0000] {processor.py:840} INFO - DAG(s) 'example_bash_operator' retrieved from /home/airflow/.local/lib/python3.8/site-packages/airflow/example_dags/example_bash_operator.py
[2026-07-16T05:47:20.278+0000] {logging_mixin.py:188} INFO - [2026-07-16T05:47:20.278+0000] {dag.py:3036} INFO - Sync 1 DAGs
[2026-07-16T05:47:20.299+0000] {logging_mixin.py:188} INFO - [2026-07-16T05:47:20.299+0000] {dag.py:3823} INFO - Setting next_dagrun for example_bash_operator to 2026-07-15 00:00:00+00:00, run_after=2026-07-16 00:00:00+00:00
[2026-07-16T05:47:20.314+0000] {processor.py:183} INFO - Processing /home/airflow/.local/lib/python3.8/site-packages/airflow/example_dags/example_bash_operator.py took 0.071 seconds
[2026-07-16T05:47:50.340+0000] {processor.py:161} INFO - Started process (PID=2936) to work on /home/airflow/.local/lib/python3.8/site-packages/airflow/example_dags/example_bash_operator.py
[2026-07-16T05:47:50.343+0000] {processor.py:830} INFO - Processing file /home/airflow/.local/lib/python3.8/site-packages/airflow/example_dags/example_bash_operator.py for tasks to queue
[2026-07-16T05:47:50.345+0000] {logging_mixin.py:188} INFO - [2026-07-16T05:47:50.345+0000] {dagbag.py:538} INFO - Filling up the DagBag from /home/airflow/.local/lib/python3.8/site-packages/airflow/example_dags/example_bash_operator.py
[2026-07-16T05:47:50.359+0000] {processor.py:840} INFO - DAG(s) 'example_bash_operator' retrieved from /home/airflow/.local/lib/python3.8/site-packages/airflow/example_dags/example_bash_operator.py
[2026-07-16T05:47:50.389+0000] {logging_mixin.py:188} INFO - [2026-07-16T05:47:50.389+0000] {dag.py:3036} INFO - Sync 1 DAGs
[2026-07-16T05:47:50.412+0000] {logging_mixin.py:188} INFO - [2026-07-16T05:47:50.412+0000] {dag.py:3823} INFO - Setting next_dagrun for example_bash_operator to 2026-07-15 00:00:00+00:00, run_after=2026-07-16 00:00:00+00:00
[2026-07-16T05:47:50.433+0000] {processor.py:183} INFO - Processing /home/airflow/.local/lib/python3.8/site-packages/airflow/example_dags/example_bash_operator.py took 0.098 seconds
[2026-07-16T05:48:21.330+0000] {processor.py:161} INFO - Started process (PID=2991) to work on /home/airflow/.local/lib/python3.8/site-packages/airflow/example_dags/example_bash_operator.py
[2026-07-16T05:48:21.331+0000] {processor.py:830} INFO - Processing file /home/airflow/.local/lib/python3.8/site-packages/airflow/example_dags/example_bash_operator.py for tasks to queue
[2026-07-16T05:48:21.333+0000] {logging_mixin.py:188} INFO - [2026-07-16T05:48:21.333+0000] {dagbag.py:538} INFO - Filling up the DagBag from /home/airflow/.local/lib/python3.8/site-packages/airflow/example_dags/example_bash_operator.py
[2026-07-16T05:48:21.345+0000] {processor.py:840} INFO - DAG(s) 'example_bash_operator' retrieved from /home/airflow/.local/lib/python3.8/site-packages/airflow/example_dags/example_bash_operator.py
[2026-07-16T05:48:21.552+0000] {logging_mixin.py:188} INFO - [2026-07-16T05:48:21.551+0000] {dag.py:3036} INFO - Sync 1 DAGs
[2026-07-16T05:48:21.579+0000] {logging_mixin.py:188} INFO - [2026-07-16T05:48:21.579+0000] {dag.py:3823} INFO - Setting next_dagrun for example_bash_operator to 2026-07-15 00:00:00+00:00, run_after=2026-07-16 00:00:00+00:00
[2026-07-16T05:48:21.607+0000] {processor.py:183} INFO - Processing /home/airflow/.local/lib/python3.8/site-packages/airflow/example_dags/example_bash_operator.py took 0.282 seconds
