[2026-07-16T05:21:57.024+0000] {processor.py:161} INFO - Started process (PID=81) to work on /home/airflow/.local/lib/python3.8/site-packages/airflow/example_dags/example_short_circuit_decorator.py
[2026-07-16T05:21:57.025+0000] {processor.py:830} INFO - Processing file /home/airflow/.local/lib/python3.8/site-packages/airflow/example_dags/example_short_circuit_decorator.py for tasks to queue
[2026-07-16T05:21:57.027+0000] {logging_mixin.py:188} INFO - [2026-07-16T05:21:57.027+0000] {dagbag.py:538} INFO - Filling up the DagBag from /home/airflow/.local/lib/python3.8/site-packages/airflow/example_dags/example_short_circuit_decorator.py
[2026-07-16T05:21:57.044+0000] {processor.py:840} INFO - DAG(s) 'example_short_circuit_decorator' retrieved from /home/airflow/.local/lib/python3.8/site-packages/airflow/example_dags/example_short_circuit_decorator.py
[2026-07-16T05:21:57.216+0000] {logging_mixin.py:188} INFO - [2026-07-16T05:21:57.216+0000] {dag.py:3036} INFO - Sync 1 DAGs
[2026-07-16T05:21:57.239+0000] {logging_mixin.py:188} INFO - [2026-07-16T05:21:57.239+0000] {dag.py:3823} INFO - Setting next_dagrun for example_short_circuit_decorator to 2026-07-15 00:00:00+00:00, run_after=2026-07-16 00:00:00+00:00
[2026-07-16T05:21:57.267+0000] {processor.py:183} INFO - Processing /home/airflow/.local/lib/python3.8/site-packages/airflow/example_dags/example_short_circuit_decorator.py took 0.247 seconds
[2026-07-16T05:22:27.547+0000] {processor.py:161} INFO - Started process (PID=137) to work on /home/airflow/.local/lib/python3.8/site-packages/airflow/example_dags/example_short_circuit_decorator.py
[2026-07-16T05:22:27.551+0000] {processor.py:830} INFO - Processing file /home/airflow/.local/lib/python3.8/site-packages/airflow/example_dags/example_short_circuit_decorator.py for tasks to queue
[2026-07-16T05:22:27.564+0000] {logging_mixin.py:188} INFO - [2026-07-16T05:22:27.563+0000] {dagbag.py:538} INFO - Filling up the DagBag from /home/airflow/.local/lib/python3.8/site-packages/airflow/example_dags/example_short_circuit_decorator.py
[2026-07-16T05:22:27.619+0000] {processor.py:840} INFO - DAG(s) 'example_short_circuit_decorator' retrieved from /home/airflow/.local/lib/python3.8/site-packages/airflow/example_dags/example_short_circuit_decorator.py
[2026-07-16T05:22:27.711+0000] {logging_mixin.py:188} INFO - [2026-07-16T05:22:27.711+0000] {dag.py:3036} INFO - Sync 1 DAGs
[2026-07-16T05:22:27.762+0000] {logging_mixin.py:188} INFO - [2026-07-16T05:22:27.762+0000] {dag.py:3823} INFO - Setting next_dagrun for example_short_circuit_decorator to 2026-07-15 00:00:00+00:00, run_after=2026-07-16 00:00:00+00:00
[2026-07-16T05:22:27.820+0000] {processor.py:183} INFO - Processing /home/airflow/.local/lib/python3.8/site-packages/airflow/example_dags/example_short_circuit_decorator.py took 0.293 seconds
[2026-07-16T05:22:58.826+0000] {processor.py:161} INFO - Started process (PID=195) to work on /home/airflow/.local/lib/python3.8/site-packages/airflow/example_dags/example_short_circuit_decorator.py
[2026-07-16T05:22:58.832+0000] {processor.py:830} INFO - Processing file /home/airflow/.local/lib/python3.8/site-packages/airflow/example_dags/example_short_circuit_decorator.py for tasks to queue
[2026-07-16T05:22:58.842+0000] {logging_mixin.py:188} INFO - [2026-07-16T05:22:58.840+0000] {dagbag.py:538} INFO - Filling up the DagBag from /home/airflow/.local/lib/python3.8/site-packages/airflow/example_dags/example_short_circuit_decorator.py
[2026-07-16T05:22:58.947+0000] {processor.py:840} INFO - DAG(s) 'example_short_circuit_decorator' retrieved from /home/airflow/.local/lib/python3.8/site-packages/airflow/example_dags/example_short_circuit_decorator.py
[2026-07-16T05:22:59.163+0000] {logging_mixin.py:188} INFO - [2026-07-16T05:22:59.161+0000] {dag.py:3036} INFO - Sync 1 DAGs
[2026-07-16T05:22:59.396+0000] {logging_mixin.py:188} INFO - [2026-07-16T05:22:59.394+0000] {dag.py:3823} INFO - Setting next_dagrun for example_short_circuit_decorator to 2026-07-15 00:00:00+00:00, run_after=2026-07-16 00:00:00+00:00
[2026-07-16T05:22:59.555+0000] {processor.py:183} INFO - Processing /home/airflow/.local/lib/python3.8/site-packages/airflow/example_dags/example_short_circuit_decorator.py took 0.757 seconds
[2026-07-16T05:23:30.133+0000] {processor.py:161} INFO - Started process (PID=251) to work on /home/airflow/.local/lib/python3.8/site-packages/airflow/example_dags/example_short_circuit_decorator.py
[2026-07-16T05:23:30.135+0000] {processor.py:830} INFO - Processing file /home/airflow/.local/lib/python3.8/site-packages/airflow/example_dags/example_short_circuit_decorator.py for tasks to queue
[2026-07-16T05:23:30.140+0000] {logging_mixin.py:188} INFO - [2026-07-16T05:23:30.139+0000] {dagbag.py:538} INFO - Filling up the DagBag from /home/airflow/.local/lib/python3.8/site-packages/airflow/example_dags/example_short_circuit_decorator.py
[2026-07-16T05:23:30.154+0000] {processor.py:840} INFO - DAG(s) 'example_short_circuit_decorator' retrieved from /home/airflow/.local/lib/python3.8/site-packages/airflow/example_dags/example_short_circuit_decorator.py
[2026-07-16T05:23:30.181+0000] {logging_mixin.py:188} INFO - [2026-07-16T05:23:30.181+0000] {dag.py:3036} INFO - Sync 1 DAGs
[2026-07-16T05:23:30.215+0000] {logging_mixin.py:188} INFO - [2026-07-16T05:23:30.215+0000] {dag.py:3823} INFO - Setting next_dagrun for example_short_circuit_decorator to 2026-07-15 00:00:00+00:00, run_after=2026-07-16 00:00:00+00:00
[2026-07-16T05:23:30.245+0000] {processor.py:183} INFO - Processing /home/airflow/.local/lib/python3.8/site-packages/airflow/example_dags/example_short_circuit_decorator.py took 0.119 seconds
[2026-07-16T05:24:01.240+0000] {processor.py:161} INFO - Started process (PID=318) to work on /home/airflow/.local/lib/python3.8/site-packages/airflow/example_dags/example_short_circuit_decorator.py
[2026-07-16T05:24:01.246+0000] {processor.py:830} INFO - Processing file /home/airflow/.local/lib/python3.8/site-packages/airflow/example_dags/example_short_circuit_decorator.py for tasks to queue
[2026-07-16T05:24:01.258+0000] {logging_mixin.py:188} INFO - [2026-07-16T05:24:01.256+0000] {dagbag.py:538} INFO - Filling up the DagBag from /home/airflow/.local/lib/python3.8/site-packages/airflow/example_dags/example_short_circuit_decorator.py
[2026-07-16T05:24:01.320+0000] {processor.py:840} INFO - DAG(s) 'example_short_circuit_decorator' retrieved from /home/airflow/.local/lib/python3.8/site-packages/airflow/example_dags/example_short_circuit_decorator.py
[2026-07-16T05:24:01.449+0000] {logging_mixin.py:188} INFO - [2026-07-16T05:24:01.448+0000] {dag.py:3036} INFO - Sync 1 DAGs
[2026-07-16T05:24:01.583+0000] {logging_mixin.py:188} INFO - [2026-07-16T05:24:01.581+0000] {dag.py:3823} INFO - Setting next_dagrun for example_short_circuit_decorator to 2026-07-15 00:00:00+00:00, run_after=2026-07-16 00:00:00+00:00
[2026-07-16T05:24:01.679+0000] {processor.py:183} INFO - Processing /home/airflow/.local/lib/python3.8/site-packages/airflow/example_dags/example_short_circuit_decorator.py took 0.461 seconds
[2026-07-16T05:24:32.447+0000] {processor.py:161} INFO - Started process (PID=374) to work on /home/airflow/.local/lib/python3.8/site-packages/airflow/example_dags/example_short_circuit_decorator.py
[2026-07-16T05:24:32.449+0000] {processor.py:830} INFO - Processing file /home/airflow/.local/lib/python3.8/site-packages/airflow/example_dags/example_short_circuit_decorator.py for tasks to queue
[2026-07-16T05:24:32.452+0000] {logging_mixin.py:188} INFO - [2026-07-16T05:24:32.452+0000] {dagbag.py:538} INFO - Filling up the DagBag from /home/airflow/.local/lib/python3.8/site-packages/airflow/example_dags/example_short_circuit_decorator.py
[2026-07-16T05:24:32.468+0000] {processor.py:840} INFO - DAG(s) 'example_short_circuit_decorator' retrieved from /home/airflow/.local/lib/python3.8/site-packages/airflow/example_dags/example_short_circuit_decorator.py
[2026-07-16T05:24:32.499+0000] {logging_mixin.py:188} INFO - [2026-07-16T05:24:32.499+0000] {dag.py:3036} INFO - Sync 1 DAGs
[2026-07-16T05:24:32.534+0000] {logging_mixin.py:188} INFO - [2026-07-16T05:24:32.534+0000] {dag.py:3823} INFO - Setting next_dagrun for example_short_circuit_decorator to 2026-07-15 00:00:00+00:00, run_after=2026-07-16 00:00:00+00:00
[2026-07-16T05:24:32.574+0000] {processor.py:183} INFO - Processing /home/airflow/.local/lib/python3.8/site-packages/airflow/example_dags/example_short_circuit_decorator.py took 0.132 seconds
[2026-07-16T05:25:02.713+0000] {processor.py:161} INFO - Started process (PID=430) to work on /home/airflow/.local/lib/python3.8/site-packages/airflow/example_dags/example_short_circuit_decorator.py
[2026-07-16T05:25:02.715+0000] {processor.py:830} INFO - Processing file /home/airflow/.local/lib/python3.8/site-packages/airflow/example_dags/example_short_circuit_decorator.py for tasks to queue
[2026-07-16T05:25:02.719+0000] {logging_mixin.py:188} INFO - [2026-07-16T05:25:02.718+0000] {dagbag.py:538} INFO - Filling up the DagBag from /home/airflow/.local/lib/python3.8/site-packages/airflow/example_dags/example_short_circuit_decorator.py
[2026-07-16T05:25:02.737+0000] {processor.py:840} INFO - DAG(s) 'example_short_circuit_decorator' retrieved from /home/airflow/.local/lib/python3.8/site-packages/airflow/example_dags/example_short_circuit_decorator.py
[2026-07-16T05:25:02.777+0000] {logging_mixin.py:188} INFO - [2026-07-16T05:25:02.777+0000] {dag.py:3036} INFO - Sync 1 DAGs
[2026-07-16T05:25:02.810+0000] {logging_mixin.py:188} INFO - [2026-07-16T05:25:02.809+0000] {dag.py:3823} INFO - Setting next_dagrun for example_short_circuit_decorator to 2026-07-15 00:00:00+00:00, run_after=2026-07-16 00:00:00+00:00
[2026-07-16T05:25:02.839+0000] {processor.py:183} INFO - Processing /home/airflow/.local/lib/python3.8/site-packages/airflow/example_dags/example_short_circuit_decorator.py took 0.133 seconds
[2026-07-16T05:25:33.144+0000] {processor.py:161} INFO - Started process (PID=480) to work on /home/airflow/.local/lib/python3.8/site-packages/airflow/example_dags/example_short_circuit_decorator.py
[2026-07-16T05:25:33.146+0000] {processor.py:830} INFO - Processing file /home/airflow/.local/lib/python3.8/site-packages/airflow/example_dags/example_short_circuit_decorator.py for tasks to queue
[2026-07-16T05:25:33.149+0000] {logging_mixin.py:188} INFO - [2026-07-16T05:25:33.148+0000] {dagbag.py:538} INFO - Filling up the DagBag from /home/airflow/.local/lib/python3.8/site-packages/airflow/example_dags/example_short_circuit_decorator.py
[2026-07-16T05:25:33.165+0000] {processor.py:840} INFO - DAG(s) 'example_short_circuit_decorator' retrieved from /home/airflow/.local/lib/python3.8/site-packages/airflow/example_dags/example_short_circuit_decorator.py
[2026-07-16T05:25:33.200+0000] {logging_mixin.py:188} INFO - [2026-07-16T05:25:33.200+0000] {dag.py:3036} INFO - Sync 1 DAGs
[2026-07-16T05:25:33.228+0000] {logging_mixin.py:188} INFO - [2026-07-16T05:25:33.228+0000] {dag.py:3823} INFO - Setting next_dagrun for example_short_circuit_decorator to 2026-07-15 00:00:00+00:00, run_after=2026-07-16 00:00:00+00:00
[2026-07-16T05:25:33.257+0000] {processor.py:183} INFO - Processing /home/airflow/.local/lib/python3.8/site-packages/airflow/example_dags/example_short_circuit_decorator.py took 0.122 seconds
[2026-07-16T05:26:03.450+0000] {processor.py:161} INFO - Started process (PID=536) to work on /home/airflow/.local/lib/python3.8/site-packages/airflow/example_dags/example_short_circuit_decorator.py
[2026-07-16T05:26:03.452+0000] {processor.py:830} INFO - Processing file /home/airflow/.local/lib/python3.8/site-packages/airflow/example_dags/example_short_circuit_decorator.py for tasks to queue
[2026-07-16T05:26:03.455+0000] {logging_mixin.py:188} INFO - [2026-07-16T05:26:03.454+0000] {dagbag.py:538} INFO - Filling up the DagBag from /home/airflow/.local/lib/python3.8/site-packages/airflow/example_dags/example_short_circuit_decorator.py
[2026-07-16T05:26:03.464+0000] {processor.py:840} INFO - DAG(s) 'example_short_circuit_decorator' retrieved from /home/airflow/.local/lib/python3.8/site-packages/airflow/example_dags/example_short_circuit_decorator.py
[2026-07-16T05:26:03.486+0000] {logging_mixin.py:188} INFO - [2026-07-16T05:26:03.486+0000] {dag.py:3036} INFO - Sync 1 DAGs
[2026-07-16T05:26:03.508+0000] {logging_mixin.py:188} INFO - [2026-07-16T05:26:03.508+0000] {dag.py:3823} INFO - Setting next_dagrun for example_short_circuit_decorator to 2026-07-15 00:00:00+00:00, run_after=2026-07-16 00:00:00+00:00
[2026-07-16T05:26:03.531+0000] {processor.py:183} INFO - Processing /home/airflow/.local/lib/python3.8/site-packages/airflow/example_dags/example_short_circuit_decorator.py took 0.085 seconds
[2026-07-16T05:26:33.608+0000] {processor.py:161} INFO - Started process (PID=592) to work on /home/airflow/.local/lib/python3.8/site-packages/airflow/example_dags/example_short_circuit_decorator.py
[2026-07-16T05:26:33.610+0000] {processor.py:830} INFO - Processing file /home/airflow/.local/lib/python3.8/site-packages/airflow/example_dags/example_short_circuit_decorator.py for tasks to queue
[2026-07-16T05:26:33.612+0000] {logging_mixin.py:188} INFO - [2026-07-16T05:26:33.612+0000] {dagbag.py:538} INFO - Filling up the DagBag from /home/airflow/.local/lib/python3.8/site-packages/airflow/example_dags/example_short_circuit_decorator.py
[2026-07-16T05:26:33.626+0000] {processor.py:840} INFO - DAG(s) 'example_short_circuit_decorator' retrieved from /home/airflow/.local/lib/python3.8/site-packages/airflow/example_dags/example_short_circuit_decorator.py
[2026-07-16T05:26:33.665+0000] {logging_mixin.py:188} INFO - [2026-07-16T05:26:33.664+0000] {dag.py:3036} INFO - Sync 1 DAGs
[2026-07-16T05:26:33.698+0000] {logging_mixin.py:188} INFO - [2026-07-16T05:26:33.698+0000] {dag.py:3823} INFO - Setting next_dagrun for example_short_circuit_decorator to 2026-07-15 00:00:00+00:00, run_after=2026-07-16 00:00:00+00:00
[2026-07-16T05:26:33.725+0000] {processor.py:183} INFO - Processing /home/airflow/.local/lib/python3.8/site-packages/airflow/example_dags/example_short_circuit_decorator.py took 0.123 seconds
[2026-07-16T05:27:03.940+0000] {processor.py:161} INFO - Started process (PID=648) to work on /home/airflow/.local/lib/python3.8/site-packages/airflow/example_dags/example_short_circuit_decorator.py
[2026-07-16T05:27:03.942+0000] {processor.py:830} INFO - Processing file /home/airflow/.local/lib/python3.8/site-packages/airflow/example_dags/example_short_circuit_decorator.py for tasks to queue
[2026-07-16T05:27:03.947+0000] {logging_mixin.py:188} INFO - [2026-07-16T05:27:03.947+0000] {dagbag.py:538} INFO - Filling up the DagBag from /home/airflow/.local/lib/python3.8/site-packages/airflow/example_dags/example_short_circuit_decorator.py
[2026-07-16T05:27:03.962+0000] {processor.py:840} INFO - DAG(s) 'example_short_circuit_decorator' retrieved from /home/airflow/.local/lib/python3.8/site-packages/airflow/example_dags/example_short_circuit_decorator.py
[2026-07-16T05:27:03.995+0000] {logging_mixin.py:188} INFO - [2026-07-16T05:27:03.995+0000] {dag.py:3036} INFO - Sync 1 DAGs
[2026-07-16T05:27:04.024+0000] {logging_mixin.py:188} INFO - [2026-07-16T05:27:04.023+0000] {dag.py:3823} INFO - Setting next_dagrun for example_short_circuit_decorator to 2026-07-15 00:00:00+00:00, run_after=2026-07-16 00:00:00+00:00
[2026-07-16T05:27:04.049+0000] {processor.py:183} INFO - Processing /home/airflow/.local/lib/python3.8/site-packages/airflow/example_dags/example_short_circuit_decorator.py took 0.117 seconds
[2026-07-16T05:27:34.117+0000] {processor.py:161} INFO - Started process (PID=704) to work on /home/airflow/.local/lib/python3.8/site-packages/airflow/example_dags/example_short_circuit_decorator.py
[2026-07-16T05:27:34.120+0000] {processor.py:830} INFO - Processing file /home/airflow/.local/lib/python3.8/site-packages/airflow/example_dags/example_short_circuit_decorator.py for tasks to queue
[2026-07-16T05:27:34.125+0000] {logging_mixin.py:188} INFO - [2026-07-16T05:27:34.124+0000] {dagbag.py:538} INFO - Filling up the DagBag from /home/airflow/.local/lib/python3.8/site-packages/airflow/example_dags/example_short_circuit_decorator.py
[2026-07-16T05:27:34.139+0000] {processor.py:840} INFO - DAG(s) 'example_short_circuit_decorator' retrieved from /home/airflow/.local/lib/python3.8/site-packages/airflow/example_dags/example_short_circuit_decorator.py
[2026-07-16T05:27:34.173+0000] {logging_mixin.py:188} INFO - [2026-07-16T05:27:34.173+0000] {dag.py:3036} INFO - Sync 1 DAGs
[2026-07-16T05:27:34.207+0000] {logging_mixin.py:188} INFO - [2026-07-16T05:27:34.206+0000] {dag.py:3823} INFO - Setting next_dagrun for example_short_circuit_decorator to 2026-07-15 00:00:00+00:00, run_after=2026-07-16 00:00:00+00:00
[2026-07-16T05:27:34.234+0000] {processor.py:183} INFO - Processing /home/airflow/.local/lib/python3.8/site-packages/airflow/example_dags/example_short_circuit_decorator.py took 0.125 seconds
[2026-07-16T05:28:04.401+0000] {processor.py:161} INFO - Started process (PID=760) to work on /home/airflow/.local/lib/python3.8/site-packages/airflow/example_dags/example_short_circuit_decorator.py
[2026-07-16T05:28:04.402+0000] {processor.py:830} INFO - Processing file /home/airflow/.local/lib/python3.8/site-packages/airflow/example_dags/example_short_circuit_decorator.py for tasks to queue
[2026-07-16T05:28:04.405+0000] {logging_mixin.py:188} INFO - [2026-07-16T05:28:04.404+0000] {dagbag.py:538} INFO - Filling up the DagBag from /home/airflow/.local/lib/python3.8/site-packages/airflow/example_dags/example_short_circuit_decorator.py
[2026-07-16T05:28:04.418+0000] {processor.py:840} INFO - DAG(s) 'example_short_circuit_decorator' retrieved from /home/airflow/.local/lib/python3.8/site-packages/airflow/example_dags/example_short_circuit_decorator.py
[2026-07-16T05:28:04.454+0000] {logging_mixin.py:188} INFO - [2026-07-16T05:28:04.454+0000] {dag.py:3036} INFO - Sync 1 DAGs
[2026-07-16T05:28:04.483+0000] {logging_mixin.py:188} INFO - [2026-07-16T05:28:04.482+0000] {dag.py:3823} INFO - Setting next_dagrun for example_short_circuit_decorator to 2026-07-15 00:00:00+00:00, run_after=2026-07-16 00:00:00+00:00
[2026-07-16T05:28:04.509+0000] {processor.py:183} INFO - Processing /home/airflow/.local/lib/python3.8/site-packages/airflow/example_dags/example_short_circuit_decorator.py took 0.112 seconds
[2026-07-16T05:28:35.085+0000] {processor.py:161} INFO - Started process (PID=816) to work on /home/airflow/.local/lib/python3.8/site-packages/airflow/example_dags/example_short_circuit_decorator.py
[2026-07-16T05:28:35.090+0000] {processor.py:830} INFO - Processing file /home/airflow/.local/lib/python3.8/site-packages/airflow/example_dags/example_short_circuit_decorator.py for tasks to queue
[2026-07-16T05:28:35.096+0000] {logging_mixin.py:188} INFO - [2026-07-16T05:28:35.095+0000] {dagbag.py:538} INFO - Filling up the DagBag from /home/airflow/.local/lib/python3.8/site-packages/airflow/example_dags/example_short_circuit_decorator.py
[2026-07-16T05:28:35.147+0000] {processor.py:840} INFO - DAG(s) 'example_short_circuit_decorator' retrieved from /home/airflow/.local/lib/python3.8/site-packages/airflow/example_dags/example_short_circuit_decorator.py
[2026-07-16T05:28:35.241+0000] {logging_mixin.py:188} INFO - [2026-07-16T05:28:35.240+0000] {dag.py:3036} INFO - Sync 1 DAGs
[2026-07-16T05:28:35.320+0000] {logging_mixin.py:188} INFO - [2026-07-16T05:28:35.320+0000] {dag.py:3823} INFO - Setting next_dagrun for example_short_circuit_decorator to 2026-07-15 00:00:00+00:00, run_after=2026-07-16 00:00:00+00:00
[2026-07-16T05:28:35.422+0000] {processor.py:183} INFO - Processing /home/airflow/.local/lib/python3.8/site-packages/airflow/example_dags/example_short_circuit_decorator.py took 0.351 seconds
[2026-07-16T05:29:06.007+0000] {processor.py:161} INFO - Started process (PID=872) to work on /home/airflow/.local/lib/python3.8/site-packages/airflow/example_dags/example_short_circuit_decorator.py
[2026-07-16T05:29:06.012+0000] {processor.py:830} INFO - Processing file /home/airflow/.local/lib/python3.8/site-packages/airflow/example_dags/example_short_circuit_decorator.py for tasks to queue
[2026-07-16T05:29:06.020+0000] {logging_mixin.py:188} INFO - [2026-07-16T05:29:06.019+0000] {dagbag.py:538} INFO - Filling up the DagBag from /home/airflow/.local/lib/python3.8/site-packages/airflow/example_dags/example_short_circuit_decorator.py
[2026-07-16T05:29:06.056+0000] {processor.py:840} INFO - DAG(s) 'example_short_circuit_decorator' retrieved from /home/airflow/.local/lib/python3.8/site-packages/airflow/example_dags/example_short_circuit_decorator.py
[2026-07-16T05:29:06.150+0000] {logging_mixin.py:188} INFO - [2026-07-16T05:29:06.150+0000] {dag.py:3036} INFO - Sync 1 DAGs
[2026-07-16T05:29:06.204+0000] {logging_mixin.py:188} INFO - [2026-07-16T05:29:06.203+0000] {dag.py:3823} INFO - Setting next_dagrun for example_short_circuit_decorator to 2026-07-15 00:00:00+00:00, run_after=2026-07-16 00:00:00+00:00
[2026-07-16T05:29:06.241+0000] {processor.py:183} INFO - Processing /home/airflow/.local/lib/python3.8/site-packages/airflow/example_dags/example_short_circuit_decorator.py took 0.246 seconds
[2026-07-16T05:29:36.619+0000] {processor.py:161} INFO - Started process (PID=928) to work on /home/airflow/.local/lib/python3.8/site-packages/airflow/example_dags/example_short_circuit_decorator.py
[2026-07-16T05:29:36.623+0000] {processor.py:830} INFO - Processing file /home/airflow/.local/lib/python3.8/site-packages/airflow/example_dags/example_short_circuit_decorator.py for tasks to queue
[2026-07-16T05:29:36.629+0000] {logging_mixin.py:188} INFO - [2026-07-16T05:29:36.628+0000] {dagbag.py:538} INFO - Filling up the DagBag from /home/airflow/.local/lib/python3.8/site-packages/airflow/example_dags/example_short_circuit_decorator.py
[2026-07-16T05:29:36.663+0000] {processor.py:840} INFO - DAG(s) 'example_short_circuit_decorator' retrieved from /home/airflow/.local/lib/python3.8/site-packages/airflow/example_dags/example_short_circuit_decorator.py
[2026-07-16T05:29:36.744+0000] {logging_mixin.py:188} INFO - [2026-07-16T05:29:36.743+0000] {dag.py:3036} INFO - Sync 1 DAGs
[2026-07-16T05:29:36.811+0000] {logging_mixin.py:188} INFO - [2026-07-16T05:29:36.811+0000] {dag.py:3823} INFO - Setting next_dagrun for example_short_circuit_decorator to 2026-07-15 00:00:00+00:00, run_after=2026-07-16 00:00:00+00:00
[2026-07-16T05:29:36.878+0000] {processor.py:183} INFO - Processing /home/airflow/.local/lib/python3.8/site-packages/airflow/example_dags/example_short_circuit_decorator.py took 0.274 seconds
[2026-07-16T05:30:07.171+0000] {processor.py:161} INFO - Started process (PID=984) to work on /home/airflow/.local/lib/python3.8/site-packages/airflow/example_dags/example_short_circuit_decorator.py
[2026-07-16T05:30:07.174+0000] {processor.py:830} INFO - Processing file /home/airflow/.local/lib/python3.8/site-packages/airflow/example_dags/example_short_circuit_decorator.py for tasks to queue
[2026-07-16T05:30:07.179+0000] {logging_mixin.py:188} INFO - [2026-07-16T05:30:07.178+0000] {dagbag.py:538} INFO - Filling up the DagBag from /home/airflow/.local/lib/python3.8/site-packages/airflow/example_dags/example_short_circuit_decorator.py
[2026-07-16T05:30:07.206+0000] {processor.py:840} INFO - DAG(s) 'example_short_circuit_decorator' retrieved from /home/airflow/.local/lib/python3.8/site-packages/airflow/example_dags/example_short_circuit_decorator.py
[2026-07-16T05:30:07.294+0000] {logging_mixin.py:188} INFO - [2026-07-16T05:30:07.293+0000] {dag.py:3036} INFO - Sync 1 DAGs
[2026-07-16T05:30:07.362+0000] {logging_mixin.py:188} INFO - [2026-07-16T05:30:07.362+0000] {dag.py:3823} INFO - Setting next_dagrun for example_short_circuit_decorator to 2026-07-15 00:00:00+00:00, run_after=2026-07-16 00:00:00+00:00
[2026-07-16T05:30:07.713+0000] {processor.py:183} INFO - Processing /home/airflow/.local/lib/python3.8/site-packages/airflow/example_dags/example_short_circuit_decorator.py took 0.553 seconds
[2026-07-16T05:30:38.076+0000] {processor.py:161} INFO - Started process (PID=1040) to work on /home/airflow/.local/lib/python3.8/site-packages/airflow/example_dags/example_short_circuit_decorator.py
[2026-07-16T05:30:38.079+0000] {processor.py:830} INFO - Processing file /home/airflow/.local/lib/python3.8/site-packages/airflow/example_dags/example_short_circuit_decorator.py for tasks to queue
[2026-07-16T05:30:38.083+0000] {logging_mixin.py:188} INFO - [2026-07-16T05:30:38.083+0000] {dagbag.py:538} INFO - Filling up the DagBag from /home/airflow/.local/lib/python3.8/site-packages/airflow/example_dags/example_short_circuit_decorator.py
[2026-07-16T05:30:38.101+0000] {processor.py:840} INFO - DAG(s) 'example_short_circuit_decorator' retrieved from /home/airflow/.local/lib/python3.8/site-packages/airflow/example_dags/example_short_circuit_decorator.py
[2026-07-16T05:30:38.135+0000] {logging_mixin.py:188} INFO - [2026-07-16T05:30:38.134+0000] {dag.py:3036} INFO - Sync 1 DAGs
[2026-07-16T05:30:38.162+0000] {logging_mixin.py:188} INFO - [2026-07-16T05:30:38.162+0000] {dag.py:3823} INFO - Setting next_dagrun for example_short_circuit_decorator to 2026-07-15 00:00:00+00:00, run_after=2026-07-16 00:00:00+00:00
[2026-07-16T05:30:38.186+0000] {processor.py:183} INFO - Processing /home/airflow/.local/lib/python3.8/site-packages/airflow/example_dags/example_short_circuit_decorator.py took 0.116 seconds
[2026-07-16T05:31:09.013+0000] {processor.py:161} INFO - Started process (PID=1096) to work on /home/airflow/.local/lib/python3.8/site-packages/airflow/example_dags/example_short_circuit_decorator.py
[2026-07-16T05:31:09.015+0000] {processor.py:830} INFO - Processing file /home/airflow/.local/lib/python3.8/site-packages/airflow/example_dags/example_short_circuit_decorator.py for tasks to queue
[2026-07-16T05:31:09.018+0000] {logging_mixin.py:188} INFO - [2026-07-16T05:31:09.018+0000] {dagbag.py:538} INFO - Filling up the DagBag from /home/airflow/.local/lib/python3.8/site-packages/airflow/example_dags/example_short_circuit_decorator.py
[2026-07-16T05:31:09.032+0000] {processor.py:840} INFO - DAG(s) 'example_short_circuit_decorator' retrieved from /home/airflow/.local/lib/python3.8/site-packages/airflow/example_dags/example_short_circuit_decorator.py
[2026-07-16T05:31:09.066+0000] {logging_mixin.py:188} INFO - [2026-07-16T05:31:09.065+0000] {dag.py:3036} INFO - Sync 1 DAGs
[2026-07-16T05:31:09.102+0000] {logging_mixin.py:188} INFO - [2026-07-16T05:31:09.101+0000] {dag.py:3823} INFO - Setting next_dagrun for example_short_circuit_decorator to 2026-07-15 00:00:00+00:00, run_after=2026-07-16 00:00:00+00:00
[2026-07-16T05:31:09.186+0000] {processor.py:183} INFO - Processing /home/airflow/.local/lib/python3.8/site-packages/airflow/example_dags/example_short_circuit_decorator.py took 0.179 seconds
[2026-07-16T05:31:39.460+0000] {processor.py:161} INFO - Started process (PID=1152) to work on /home/airflow/.local/lib/python3.8/site-packages/airflow/example_dags/example_short_circuit_decorator.py
[2026-07-16T05:31:39.462+0000] {processor.py:830} INFO - Processing file /home/airflow/.local/lib/python3.8/site-packages/airflow/example_dags/example_short_circuit_decorator.py for tasks to queue
[2026-07-16T05:31:39.463+0000] {logging_mixin.py:188} INFO - [2026-07-16T05:31:39.463+0000] {dagbag.py:538} INFO - Filling up the DagBag from /home/airflow/.local/lib/python3.8/site-packages/airflow/example_dags/example_short_circuit_decorator.py
[2026-07-16T05:31:39.474+0000] {processor.py:840} INFO - DAG(s) 'example_short_circuit_decorator' retrieved from /home/airflow/.local/lib/python3.8/site-packages/airflow/example_dags/example_short_circuit_decorator.py
[2026-07-16T05:31:39.497+0000] {logging_mixin.py:188} INFO - [2026-07-16T05:31:39.497+0000] {dag.py:3036} INFO - Sync 1 DAGs
[2026-07-16T05:31:39.521+0000] {logging_mixin.py:188} INFO - [2026-07-16T05:31:39.520+0000] {dag.py:3823} INFO - Setting next_dagrun for example_short_circuit_decorator to 2026-07-15 00:00:00+00:00, run_after=2026-07-16 00:00:00+00:00
[2026-07-16T05:31:39.543+0000] {processor.py:183} INFO - Processing /home/airflow/.local/lib/python3.8/site-packages/airflow/example_dags/example_short_circuit_decorator.py took 0.088 seconds
[2026-07-16T05:32:10.135+0000] {processor.py:161} INFO - Started process (PID=1208) to work on /home/airflow/.local/lib/python3.8/site-packages/airflow/example_dags/example_short_circuit_decorator.py
[2026-07-16T05:32:10.137+0000] {processor.py:830} INFO - Processing file /home/airflow/.local/lib/python3.8/site-packages/airflow/example_dags/example_short_circuit_decorator.py for tasks to queue
[2026-07-16T05:32:10.138+0000] {logging_mixin.py:188} INFO - [2026-07-16T05:32:10.138+0000] {dagbag.py:538} INFO - Filling up the DagBag from /home/airflow/.local/lib/python3.8/site-packages/airflow/example_dags/example_short_circuit_decorator.py
[2026-07-16T05:32:10.146+0000] {processor.py:840} INFO - DAG(s) 'example_short_circuit_decorator' retrieved from /home/airflow/.local/lib/python3.8/site-packages/airflow/example_dags/example_short_circuit_decorator.py
[2026-07-16T05:32:10.166+0000] {logging_mixin.py:188} INFO - [2026-07-16T05:32:10.165+0000] {dag.py:3036} INFO - Sync 1 DAGs
[2026-07-16T05:32:10.187+0000] {logging_mixin.py:188} INFO - [2026-07-16T05:32:10.187+0000] {dag.py:3823} INFO - Setting next_dagrun for example_short_circuit_decorator to 2026-07-15 00:00:00+00:00, run_after=2026-07-16 00:00:00+00:00
[2026-07-16T05:32:10.203+0000] {processor.py:183} INFO - Processing /home/airflow/.local/lib/python3.8/site-packages/airflow/example_dags/example_short_circuit_decorator.py took 0.070 seconds
[2026-07-16T05:32:40.705+0000] {processor.py:161} INFO - Started process (PID=1264) to work on /home/airflow/.local/lib/python3.8/site-packages/airflow/example_dags/example_short_circuit_decorator.py
[2026-07-16T05:32:40.707+0000] {processor.py:830} INFO - Processing file /home/airflow/.local/lib/python3.8/site-packages/airflow/example_dags/example_short_circuit_decorator.py for tasks to queue
[2026-07-16T05:32:40.709+0000] {logging_mixin.py:188} INFO - [2026-07-16T05:32:40.709+0000] {dagbag.py:538} INFO - Filling up the DagBag from /home/airflow/.local/lib/python3.8/site-packages/airflow/example_dags/example_short_circuit_decorator.py
[2026-07-16T05:32:40.717+0000] {processor.py:840} INFO - DAG(s) 'example_short_circuit_decorator' retrieved from /home/airflow/.local/lib/python3.8/site-packages/airflow/example_dags/example_short_circuit_decorator.py
[2026-07-16T05:32:40.736+0000] {logging_mixin.py:188} INFO - [2026-07-16T05:32:40.736+0000] {dag.py:3036} INFO - Sync 1 DAGs
[2026-07-16T05:32:40.752+0000] {logging_mixin.py:188} INFO - [2026-07-16T05:32:40.752+0000] {dag.py:3823} INFO - Setting next_dagrun for example_short_circuit_decorator to 2026-07-15 00:00:00+00:00, run_after=2026-07-16 00:00:00+00:00
[2026-07-16T05:32:40.767+0000] {processor.py:183} INFO - Processing /home/airflow/.local/lib/python3.8/site-packages/airflow/example_dags/example_short_circuit_decorator.py took 0.067 seconds
[2026-07-16T05:33:11.424+0000] {processor.py:161} INFO - Started process (PID=1320) to work on /home/airflow/.local/lib/python3.8/site-packages/airflow/example_dags/example_short_circuit_decorator.py
[2026-07-16T05:33:11.428+0000] {processor.py:830} INFO - Processing file /home/airflow/.local/lib/python3.8/site-packages/airflow/example_dags/example_short_circuit_decorator.py for tasks to queue
[2026-07-16T05:33:11.432+0000] {logging_mixin.py:188} INFO - [2026-07-16T05:33:11.431+0000] {dagbag.py:538} INFO - Filling up the DagBag from /home/airflow/.local/lib/python3.8/site-packages/airflow/example_dags/example_short_circuit_decorator.py
[2026-07-16T05:33:11.453+0000] {processor.py:840} INFO - DAG(s) 'example_short_circuit_decorator' retrieved from /home/airflow/.local/lib/python3.8/site-packages/airflow/example_dags/example_short_circuit_decorator.py
[2026-07-16T05:33:11.499+0000] {logging_mixin.py:188} INFO - [2026-07-16T05:33:11.498+0000] {dag.py:3036} INFO - Sync 1 DAGs
[2026-07-16T05:33:11.554+0000] {logging_mixin.py:188} INFO - [2026-07-16T05:33:11.554+0000] {dag.py:3823} INFO - Setting next_dagrun for example_short_circuit_decorator to 2026-07-15 00:00:00+00:00, run_after=2026-07-16 00:00:00+00:00
[2026-07-16T05:33:11.603+0000] {processor.py:183} INFO - Processing /home/airflow/.local/lib/python3.8/site-packages/airflow/example_dags/example_short_circuit_decorator.py took 0.193 seconds
[2026-07-16T05:33:42.100+0000] {processor.py:161} INFO - Started process (PID=1376) to work on /home/airflow/.local/lib/python3.8/site-packages/airflow/example_dags/example_short_circuit_decorator.py
[2026-07-16T05:33:42.101+0000] {processor.py:830} INFO - Processing file /home/airflow/.local/lib/python3.8/site-packages/airflow/example_dags/example_short_circuit_decorator.py for tasks to queue
[2026-07-16T05:33:42.103+0000] {logging_mixin.py:188} INFO - [2026-07-16T05:33:42.103+0000] {dagbag.py:538} INFO - Filling up the DagBag from /home/airflow/.local/lib/python3.8/site-packages/airflow/example_dags/example_short_circuit_decorator.py
[2026-07-16T05:33:42.112+0000] {processor.py:840} INFO - DAG(s) 'example_short_circuit_decorator' retrieved from /home/airflow/.local/lib/python3.8/site-packages/airflow/example_dags/example_short_circuit_decorator.py
[2026-07-16T05:33:42.135+0000] {logging_mixin.py:188} INFO - [2026-07-16T05:33:42.135+0000] {dag.py:3036} INFO - Sync 1 DAGs
[2026-07-16T05:33:42.154+0000] {logging_mixin.py:188} INFO - [2026-07-16T05:33:42.154+0000] {dag.py:3823} INFO - Setting next_dagrun for example_short_circuit_decorator to 2026-07-15 00:00:00+00:00, run_after=2026-07-16 00:00:00+00:00
[2026-07-16T05:33:42.174+0000] {processor.py:183} INFO - Processing /home/airflow/.local/lib/python3.8/site-packages/airflow/example_dags/example_short_circuit_decorator.py took 0.078 seconds
[2026-07-16T05:34:12.602+0000] {processor.py:161} INFO - Started process (PID=1432) to work on /home/airflow/.local/lib/python3.8/site-packages/airflow/example_dags/example_short_circuit_decorator.py
[2026-07-16T05:34:12.604+0000] {processor.py:830} INFO - Processing file /home/airflow/.local/lib/python3.8/site-packages/airflow/example_dags/example_short_circuit_decorator.py for tasks to queue
[2026-07-16T05:34:12.607+0000] {logging_mixin.py:188} INFO - [2026-07-16T05:34:12.606+0000] {dagbag.py:538} INFO - Filling up the DagBag from /home/airflow/.local/lib/python3.8/site-packages/airflow/example_dags/example_short_circuit_decorator.py
[2026-07-16T05:34:12.618+0000] {processor.py:840} INFO - DAG(s) 'example_short_circuit_decorator' retrieved from /home/airflow/.local/lib/python3.8/site-packages/airflow/example_dags/example_short_circuit_decorator.py
[2026-07-16T05:34:12.646+0000] {logging_mixin.py:188} INFO - [2026-07-16T05:34:12.646+0000] {dag.py:3036} INFO - Sync 1 DAGs
[2026-07-16T05:34:12.671+0000] {logging_mixin.py:188} INFO - [2026-07-16T05:34:12.671+0000] {dag.py:3823} INFO - Setting next_dagrun for example_short_circuit_decorator to 2026-07-15 00:00:00+00:00, run_after=2026-07-16 00:00:00+00:00
[2026-07-16T05:34:12.695+0000] {processor.py:183} INFO - Processing /home/airflow/.local/lib/python3.8/site-packages/airflow/example_dags/example_short_circuit_decorator.py took 0.097 seconds
[2026-07-16T05:34:42.901+0000] {processor.py:161} INFO - Started process (PID=1488) to work on /home/airflow/.local/lib/python3.8/site-packages/airflow/example_dags/example_short_circuit_decorator.py
[2026-07-16T05:34:42.903+0000] {processor.py:830} INFO - Processing file /home/airflow/.local/lib/python3.8/site-packages/airflow/example_dags/example_short_circuit_decorator.py for tasks to queue
[2026-07-16T05:34:42.904+0000] {logging_mixin.py:188} INFO - [2026-07-16T05:34:42.904+0000] {dagbag.py:538} INFO - Filling up the DagBag from /home/airflow/.local/lib/python3.8/site-packages/airflow/example_dags/example_short_circuit_decorator.py
[2026-07-16T05:34:42.920+0000] {processor.py:840} INFO - DAG(s) 'example_short_circuit_decorator' retrieved from /home/airflow/.local/lib/python3.8/site-packages/airflow/example_dags/example_short_circuit_decorator.py
[2026-07-16T05:34:42.956+0000] {logging_mixin.py:188} INFO - [2026-07-16T05:34:42.956+0000] {dag.py:3036} INFO - Sync 1 DAGs
[2026-07-16T05:34:42.988+0000] {logging_mixin.py:188} INFO - [2026-07-16T05:34:42.987+0000] {dag.py:3823} INFO - Setting next_dagrun for example_short_circuit_decorator to 2026-07-15 00:00:00+00:00, run_after=2026-07-16 00:00:00+00:00
[2026-07-16T05:34:43.016+0000] {processor.py:183} INFO - Processing /home/airflow/.local/lib/python3.8/site-packages/airflow/example_dags/example_short_circuit_decorator.py took 0.119 seconds
[2026-07-16T05:35:13.443+0000] {processor.py:161} INFO - Started process (PID=1544) to work on /home/airflow/.local/lib/python3.8/site-packages/airflow/example_dags/example_short_circuit_decorator.py
[2026-07-16T05:35:13.444+0000] {processor.py:830} INFO - Processing file /home/airflow/.local/lib/python3.8/site-packages/airflow/example_dags/example_short_circuit_decorator.py for tasks to queue
[2026-07-16T05:35:13.446+0000] {logging_mixin.py:188} INFO - [2026-07-16T05:35:13.446+0000] {dagbag.py:538} INFO - Filling up the DagBag from /home/airflow/.local/lib/python3.8/site-packages/airflow/example_dags/example_short_circuit_decorator.py
[2026-07-16T05:35:13.453+0000] {processor.py:840} INFO - DAG(s) 'example_short_circuit_decorator' retrieved from /home/airflow/.local/lib/python3.8/site-packages/airflow/example_dags/example_short_circuit_decorator.py
[2026-07-16T05:35:13.471+0000] {logging_mixin.py:188} INFO - [2026-07-16T05:35:13.470+0000] {dag.py:3036} INFO - Sync 1 DAGs
[2026-07-16T05:35:13.486+0000] {logging_mixin.py:188} INFO - [2026-07-16T05:35:13.486+0000] {dag.py:3823} INFO - Setting next_dagrun for example_short_circuit_decorator to 2026-07-15 00:00:00+00:00, run_after=2026-07-16 00:00:00+00:00
[2026-07-16T05:35:13.500+0000] {processor.py:183} INFO - Processing /home/airflow/.local/lib/python3.8/site-packages/airflow/example_dags/example_short_circuit_decorator.py took 0.059 seconds
[2026-07-16T05:35:44.136+0000] {processor.py:161} INFO - Started process (PID=1600) to work on /home/airflow/.local/lib/python3.8/site-packages/airflow/example_dags/example_short_circuit_decorator.py
[2026-07-16T05:35:44.137+0000] {processor.py:830} INFO - Processing file /home/airflow/.local/lib/python3.8/site-packages/airflow/example_dags/example_short_circuit_decorator.py for tasks to queue
[2026-07-16T05:35:44.139+0000] {logging_mixin.py:188} INFO - [2026-07-16T05:35:44.139+0000] {dagbag.py:538} INFO - Filling up the DagBag from /home/airflow/.local/lib/python3.8/site-packages/airflow/example_dags/example_short_circuit_decorator.py
[2026-07-16T05:35:44.149+0000] {processor.py:840} INFO - DAG(s) 'example_short_circuit_decorator' retrieved from /home/airflow/.local/lib/python3.8/site-packages/airflow/example_dags/example_short_circuit_decorator.py
[2026-07-16T05:35:44.168+0000] {logging_mixin.py:188} INFO - [2026-07-16T05:35:44.168+0000] {dag.py:3036} INFO - Sync 1 DAGs
[2026-07-16T05:35:44.186+0000] {logging_mixin.py:188} INFO - [2026-07-16T05:35:44.186+0000] {dag.py:3823} INFO - Setting next_dagrun for example_short_circuit_decorator to 2026-07-15 00:00:00+00:00, run_after=2026-07-16 00:00:00+00:00
[2026-07-16T05:35:44.203+0000] {processor.py:183} INFO - Processing /home/airflow/.local/lib/python3.8/site-packages/airflow/example_dags/example_short_circuit_decorator.py took 0.069 seconds
[2026-07-16T05:36:14.363+0000] {processor.py:161} INFO - Started process (PID=1656) to work on /home/airflow/.local/lib/python3.8/site-packages/airflow/example_dags/example_short_circuit_decorator.py
[2026-07-16T05:36:14.364+0000] {processor.py:830} INFO - Processing file /home/airflow/.local/lib/python3.8/site-packages/airflow/example_dags/example_short_circuit_decorator.py for tasks to queue
[2026-07-16T05:36:14.367+0000] {logging_mixin.py:188} INFO - [2026-07-16T05:36:14.366+0000] {dagbag.py:538} INFO - Filling up the DagBag from /home/airflow/.local/lib/python3.8/site-packages/airflow/example_dags/example_short_circuit_decorator.py
[2026-07-16T05:36:14.380+0000] {processor.py:840} INFO - DAG(s) 'example_short_circuit_decorator' retrieved from /home/airflow/.local/lib/python3.8/site-packages/airflow/example_dags/example_short_circuit_decorator.py
[2026-07-16T05:36:14.407+0000] {logging_mixin.py:188} INFO - [2026-07-16T05:36:14.407+0000] {dag.py:3036} INFO - Sync 1 DAGs
[2026-07-16T05:36:14.429+0000] {logging_mixin.py:188} INFO - [2026-07-16T05:36:14.429+0000] {dag.py:3823} INFO - Setting next_dagrun for example_short_circuit_decorator to 2026-07-15 00:00:00+00:00, run_after=2026-07-16 00:00:00+00:00
[2026-07-16T05:36:14.449+0000] {processor.py:183} INFO - Processing /home/airflow/.local/lib/python3.8/site-packages/airflow/example_dags/example_short_circuit_decorator.py took 0.090 seconds
[2026-07-16T05:36:44.775+0000] {processor.py:161} INFO - Started process (PID=1713) to work on /home/airflow/.local/lib/python3.8/site-packages/airflow/example_dags/example_short_circuit_decorator.py
[2026-07-16T05:36:44.777+0000] {processor.py:830} INFO - Processing file /home/airflow/.local/lib/python3.8/site-packages/airflow/example_dags/example_short_circuit_decorator.py for tasks to queue
[2026-07-16T05:36:44.779+0000] {logging_mixin.py:188} INFO - [2026-07-16T05:36:44.779+0000] {dagbag.py:538} INFO - Filling up the DagBag from /home/airflow/.local/lib/python3.8/site-packages/airflow/example_dags/example_short_circuit_decorator.py
[2026-07-16T05:36:44.790+0000] {processor.py:840} INFO - DAG(s) 'example_short_circuit_decorator' retrieved from /home/airflow/.local/lib/python3.8/site-packages/airflow/example_dags/example_short_circuit_decorator.py
[2026-07-16T05:36:44.820+0000] {logging_mixin.py:188} INFO - [2026-07-16T05:36:44.820+0000] {dag.py:3036} INFO - Sync 1 DAGs
[2026-07-16T05:36:44.840+0000] {logging_mixin.py:188} INFO - [2026-07-16T05:36:44.840+0000] {dag.py:3823} INFO - Setting next_dagrun for example_short_circuit_decorator to 2026-07-15 00:00:00+00:00, run_after=2026-07-16 00:00:00+00:00
[2026-07-16T05:36:44.869+0000] {processor.py:183} INFO - Processing /home/airflow/.local/lib/python3.8/site-packages/airflow/example_dags/example_short_circuit_decorator.py took 0.098 seconds
[2026-07-16T05:37:15.080+0000] {processor.py:161} INFO - Started process (PID=1769) to work on /home/airflow/.local/lib/python3.8/site-packages/airflow/example_dags/example_short_circuit_decorator.py
[2026-07-16T05:37:15.082+0000] {processor.py:830} INFO - Processing file /home/airflow/.local/lib/python3.8/site-packages/airflow/example_dags/example_short_circuit_decorator.py for tasks to queue
[2026-07-16T05:37:15.085+0000] {logging_mixin.py:188} INFO - [2026-07-16T05:37:15.084+0000] {dagbag.py:538} INFO - Filling up the DagBag from /home/airflow/.local/lib/python3.8/site-packages/airflow/example_dags/example_short_circuit_decorator.py
[2026-07-16T05:37:15.095+0000] {processor.py:840} INFO - DAG(s) 'example_short_circuit_decorator' retrieved from /home/airflow/.local/lib/python3.8/site-packages/airflow/example_dags/example_short_circuit_decorator.py
[2026-07-16T05:37:15.119+0000] {logging_mixin.py:188} INFO - [2026-07-16T05:37:15.119+0000] {dag.py:3036} INFO - Sync 1 DAGs
[2026-07-16T05:37:15.142+0000] {logging_mixin.py:188} INFO - [2026-07-16T05:37:15.142+0000] {dag.py:3823} INFO - Setting next_dagrun for example_short_circuit_decorator to 2026-07-15 00:00:00+00:00, run_after=2026-07-16 00:00:00+00:00
[2026-07-16T05:37:15.161+0000] {processor.py:183} INFO - Processing /home/airflow/.local/lib/python3.8/site-packages/airflow/example_dags/example_short_circuit_decorator.py took 0.085 seconds
[2026-07-16T05:37:45.558+0000] {processor.py:161} INFO - Started process (PID=1825) to work on /home/airflow/.local/lib/python3.8/site-packages/airflow/example_dags/example_short_circuit_decorator.py
[2026-07-16T05:37:45.559+0000] {processor.py:830} INFO - Processing file /home/airflow/.local/lib/python3.8/site-packages/airflow/example_dags/example_short_circuit_decorator.py for tasks to queue
[2026-07-16T05:37:45.562+0000] {logging_mixin.py:188} INFO - [2026-07-16T05:37:45.561+0000] {dagbag.py:538} INFO - Filling up the DagBag from /home/airflow/.local/lib/python3.8/site-packages/airflow/example_dags/example_short_circuit_decorator.py
[2026-07-16T05:37:45.571+0000] {processor.py:840} INFO - DAG(s) 'example_short_circuit_decorator' retrieved from /home/airflow/.local/lib/python3.8/site-packages/airflow/example_dags/example_short_circuit_decorator.py
[2026-07-16T05:37:45.594+0000] {logging_mixin.py:188} INFO - [2026-07-16T05:37:45.594+0000] {dag.py:3036} INFO - Sync 1 DAGs
[2026-07-16T05:37:45.615+0000] {logging_mixin.py:188} INFO - [2026-07-16T05:37:45.615+0000] {dag.py:3823} INFO - Setting next_dagrun for example_short_circuit_decorator to 2026-07-15 00:00:00+00:00, run_after=2026-07-16 00:00:00+00:00
[2026-07-16T05:37:45.633+0000] {processor.py:183} INFO - Processing /home/airflow/.local/lib/python3.8/site-packages/airflow/example_dags/example_short_circuit_decorator.py took 0.080 seconds
[2026-07-16T05:38:15.800+0000] {processor.py:161} INFO - Started process (PID=1881) to work on /home/airflow/.local/lib/python3.8/site-packages/airflow/example_dags/example_short_circuit_decorator.py
[2026-07-16T05:38:15.801+0000] {processor.py:830} INFO - Processing file /home/airflow/.local/lib/python3.8/site-packages/airflow/example_dags/example_short_circuit_decorator.py for tasks to queue
[2026-07-16T05:38:15.804+0000] {logging_mixin.py:188} INFO - [2026-07-16T05:38:15.804+0000] {dagbag.py:538} INFO - Filling up the DagBag from /home/airflow/.local/lib/python3.8/site-packages/airflow/example_dags/example_short_circuit_decorator.py
[2026-07-16T05:38:15.813+0000] {processor.py:840} INFO - DAG(s) 'example_short_circuit_decorator' retrieved from /home/airflow/.local/lib/python3.8/site-packages/airflow/example_dags/example_short_circuit_decorator.py
[2026-07-16T05:38:15.839+0000] {logging_mixin.py:188} INFO - [2026-07-16T05:38:15.838+0000] {dag.py:3036} INFO - Sync 1 DAGs
[2026-07-16T05:38:15.860+0000] {logging_mixin.py:188} INFO - [2026-07-16T05:38:15.859+0000] {dag.py:3823} INFO - Setting next_dagrun for example_short_circuit_decorator to 2026-07-15 00:00:00+00:00, run_after=2026-07-16 00:00:00+00:00
[2026-07-16T05:38:15.881+0000] {processor.py:183} INFO - Processing /home/airflow/.local/lib/python3.8/site-packages/airflow/example_dags/example_short_circuit_decorator.py took 0.084 seconds
[2026-07-16T05:38:45.985+0000] {processor.py:161} INFO - Started process (PID=1935) to work on /home/airflow/.local/lib/python3.8/site-packages/airflow/example_dags/example_short_circuit_decorator.py
[2026-07-16T05:38:45.986+0000] {processor.py:830} INFO - Processing file /home/airflow/.local/lib/python3.8/site-packages/airflow/example_dags/example_short_circuit_decorator.py for tasks to queue
[2026-07-16T05:38:45.987+0000] {logging_mixin.py:188} INFO - [2026-07-16T05:38:45.987+0000] {dagbag.py:538} INFO - Filling up the DagBag from /home/airflow/.local/lib/python3.8/site-packages/airflow/example_dags/example_short_circuit_decorator.py
[2026-07-16T05:38:45.997+0000] {processor.py:840} INFO - DAG(s) 'example_short_circuit_decorator' retrieved from /home/airflow/.local/lib/python3.8/site-packages/airflow/example_dags/example_short_circuit_decorator.py
[2026-07-16T05:38:46.016+0000] {logging_mixin.py:188} INFO - [2026-07-16T05:38:46.016+0000] {dag.py:3036} INFO - Sync 1 DAGs
[2026-07-16T05:38:46.032+0000] {logging_mixin.py:188} INFO - [2026-07-16T05:38:46.032+0000] {dag.py:3823} INFO - Setting next_dagrun for example_short_circuit_decorator to 2026-07-15 00:00:00+00:00, run_after=2026-07-16 00:00:00+00:00
[2026-07-16T05:38:46.047+0000] {processor.py:183} INFO - Processing /home/airflow/.local/lib/python3.8/site-packages/airflow/example_dags/example_short_circuit_decorator.py took 0.066 seconds
[2026-07-16T05:39:16.383+0000] {processor.py:161} INFO - Started process (PID=1991) to work on /home/airflow/.local/lib/python3.8/site-packages/airflow/example_dags/example_short_circuit_decorator.py
[2026-07-16T05:39:16.384+0000] {processor.py:830} INFO - Processing file /home/airflow/.local/lib/python3.8/site-packages/airflow/example_dags/example_short_circuit_decorator.py for tasks to queue
[2026-07-16T05:39:16.385+0000] {logging_mixin.py:188} INFO - [2026-07-16T05:39:16.385+0000] {dagbag.py:538} INFO - Filling up the DagBag from /home/airflow/.local/lib/python3.8/site-packages/airflow/example_dags/example_short_circuit_decorator.py
[2026-07-16T05:39:16.394+0000] {processor.py:840} INFO - DAG(s) 'example_short_circuit_decorator' retrieved from /home/airflow/.local/lib/python3.8/site-packages/airflow/example_dags/example_short_circuit_decorator.py
[2026-07-16T05:39:16.415+0000] {logging_mixin.py:188} INFO - [2026-07-16T05:39:16.415+0000] {dag.py:3036} INFO - Sync 1 DAGs
[2026-07-16T05:39:16.433+0000] {logging_mixin.py:188} INFO - [2026-07-16T05:39:16.433+0000] {dag.py:3823} INFO - Setting next_dagrun for example_short_circuit_decorator to 2026-07-15 00:00:00+00:00, run_after=2026-07-16 00:00:00+00:00
[2026-07-16T05:39:16.453+0000] {processor.py:183} INFO - Processing /home/airflow/.local/lib/python3.8/site-packages/airflow/example_dags/example_short_circuit_decorator.py took 0.073 seconds
[2026-07-16T05:39:46.575+0000] {processor.py:161} INFO - Started process (PID=2047) to work on /home/airflow/.local/lib/python3.8/site-packages/airflow/example_dags/example_short_circuit_decorator.py
[2026-07-16T05:39:46.576+0000] {processor.py:830} INFO - Processing file /home/airflow/.local/lib/python3.8/site-packages/airflow/example_dags/example_short_circuit_decorator.py for tasks to queue
[2026-07-16T05:39:46.579+0000] {logging_mixin.py:188} INFO - [2026-07-16T05:39:46.579+0000] {dagbag.py:538} INFO - Filling up the DagBag from /home/airflow/.local/lib/python3.8/site-packages/airflow/example_dags/example_short_circuit_decorator.py
[2026-07-16T05:39:46.590+0000] {processor.py:840} INFO - DAG(s) 'example_short_circuit_decorator' retrieved from /home/airflow/.local/lib/python3.8/site-packages/airflow/example_dags/example_short_circuit_decorator.py
[2026-07-16T05:39:46.616+0000] {logging_mixin.py:188} INFO - [2026-07-16T05:39:46.616+0000] {dag.py:3036} INFO - Sync 1 DAGs
[2026-07-16T05:39:46.645+0000] {logging_mixin.py:188} INFO - [2026-07-16T05:39:46.644+0000] {dag.py:3823} INFO - Setting next_dagrun for example_short_circuit_decorator to 2026-07-15 00:00:00+00:00, run_after=2026-07-16 00:00:00+00:00
[2026-07-16T05:39:46.670+0000] {processor.py:183} INFO - Processing /home/airflow/.local/lib/python3.8/site-packages/airflow/example_dags/example_short_circuit_decorator.py took 0.101 seconds
[2026-07-16T05:40:16.796+0000] {processor.py:161} INFO - Started process (PID=2103) to work on /home/airflow/.local/lib/python3.8/site-packages/airflow/example_dags/example_short_circuit_decorator.py
[2026-07-16T05:40:16.797+0000] {processor.py:830} INFO - Processing file /home/airflow/.local/lib/python3.8/site-packages/airflow/example_dags/example_short_circuit_decorator.py for tasks to queue
[2026-07-16T05:40:16.800+0000] {logging_mixin.py:188} INFO - [2026-07-16T05:40:16.799+0000] {dagbag.py:538} INFO - Filling up the DagBag from /home/airflow/.local/lib/python3.8/site-packages/airflow/example_dags/example_short_circuit_decorator.py
[2026-07-16T05:40:16.809+0000] {processor.py:840} INFO - DAG(s) 'example_short_circuit_decorator' retrieved from /home/airflow/.local/lib/python3.8/site-packages/airflow/example_dags/example_short_circuit_decorator.py
[2026-07-16T05:40:16.835+0000] {logging_mixin.py:188} INFO - [2026-07-16T05:40:16.835+0000] {dag.py:3036} INFO - Sync 1 DAGs
[2026-07-16T05:40:16.857+0000] {logging_mixin.py:188} INFO - [2026-07-16T05:40:16.857+0000] {dag.py:3823} INFO - Setting next_dagrun for example_short_circuit_decorator to 2026-07-15 00:00:00+00:00, run_after=2026-07-16 00:00:00+00:00
[2026-07-16T05:40:16.880+0000] {processor.py:183} INFO - Processing /home/airflow/.local/lib/python3.8/site-packages/airflow/example_dags/example_short_circuit_decorator.py took 0.090 seconds
[2026-07-16T05:40:47.133+0000] {processor.py:161} INFO - Started process (PID=2159) to work on /home/airflow/.local/lib/python3.8/site-packages/airflow/example_dags/example_short_circuit_decorator.py
[2026-07-16T05:40:47.139+0000] {processor.py:830} INFO - Processing file /home/airflow/.local/lib/python3.8/site-packages/airflow/example_dags/example_short_circuit_decorator.py for tasks to queue
[2026-07-16T05:40:47.142+0000] {logging_mixin.py:188} INFO - [2026-07-16T05:40:47.142+0000] {dagbag.py:538} INFO - Filling up the DagBag from /home/airflow/.local/lib/python3.8/site-packages/airflow/example_dags/example_short_circuit_decorator.py
[2026-07-16T05:40:47.155+0000] {processor.py:840} INFO - DAG(s) 'example_short_circuit_decorator' retrieved from /home/airflow/.local/lib/python3.8/site-packages/airflow/example_dags/example_short_circuit_decorator.py
[2026-07-16T05:40:47.193+0000] {logging_mixin.py:188} INFO - [2026-07-16T05:40:47.193+0000] {dag.py:3036} INFO - Sync 1 DAGs
[2026-07-16T05:40:47.229+0000] {logging_mixin.py:188} INFO - [2026-07-16T05:40:47.229+0000] {dag.py:3823} INFO - Setting next_dagrun for example_short_circuit_decorator to 2026-07-15 00:00:00+00:00, run_after=2026-07-16 00:00:00+00:00
[2026-07-16T05:40:47.256+0000] {processor.py:183} INFO - Processing /home/airflow/.local/lib/python3.8/site-packages/airflow/example_dags/example_short_circuit_decorator.py took 0.129 seconds
[2026-07-16T05:41:17.501+0000] {processor.py:161} INFO - Started process (PID=2215) to work on /home/airflow/.local/lib/python3.8/site-packages/airflow/example_dags/example_short_circuit_decorator.py
[2026-07-16T05:41:17.502+0000] {processor.py:830} INFO - Processing file /home/airflow/.local/lib/python3.8/site-packages/airflow/example_dags/example_short_circuit_decorator.py for tasks to queue
[2026-07-16T05:41:17.503+0000] {logging_mixin.py:188} INFO - [2026-07-16T05:41:17.503+0000] {dagbag.py:538} INFO - Filling up the DagBag from /home/airflow/.local/lib/python3.8/site-packages/airflow/example_dags/example_short_circuit_decorator.py
[2026-07-16T05:41:17.512+0000] {processor.py:840} INFO - DAG(s) 'example_short_circuit_decorator' retrieved from /home/airflow/.local/lib/python3.8/site-packages/airflow/example_dags/example_short_circuit_decorator.py
[2026-07-16T05:41:17.531+0000] {logging_mixin.py:188} INFO - [2026-07-16T05:41:17.530+0000] {dag.py:3036} INFO - Sync 1 DAGs
[2026-07-16T05:41:17.546+0000] {logging_mixin.py:188} INFO - [2026-07-16T05:41:17.546+0000] {dag.py:3823} INFO - Setting next_dagrun for example_short_circuit_decorator to 2026-07-15 00:00:00+00:00, run_after=2026-07-16 00:00:00+00:00
[2026-07-16T05:41:17.562+0000] {processor.py:183} INFO - Processing /home/airflow/.local/lib/python3.8/site-packages/airflow/example_dags/example_short_circuit_decorator.py took 0.064 seconds
[2026-07-16T05:41:48.424+0000] {processor.py:161} INFO - Started process (PID=2271) to work on /home/airflow/.local/lib/python3.8/site-packages/airflow/example_dags/example_short_circuit_decorator.py
[2026-07-16T05:41:48.425+0000] {processor.py:830} INFO - Processing file /home/airflow/.local/lib/python3.8/site-packages/airflow/example_dags/example_short_circuit_decorator.py for tasks to queue
[2026-07-16T05:41:48.426+0000] {logging_mixin.py:188} INFO - [2026-07-16T05:41:48.426+0000] {dagbag.py:538} INFO - Filling up the DagBag from /home/airflow/.local/lib/python3.8/site-packages/airflow/example_dags/example_short_circuit_decorator.py
[2026-07-16T05:41:48.437+0000] {processor.py:840} INFO - DAG(s) 'example_short_circuit_decorator' retrieved from /home/airflow/.local/lib/python3.8/site-packages/airflow/example_dags/example_short_circuit_decorator.py
[2026-07-16T05:41:48.456+0000] {logging_mixin.py:188} INFO - [2026-07-16T05:41:48.456+0000] {dag.py:3036} INFO - Sync 1 DAGs
[2026-07-16T05:41:48.472+0000] {logging_mixin.py:188} INFO - [2026-07-16T05:41:48.472+0000] {dag.py:3823} INFO - Setting next_dagrun for example_short_circuit_decorator to 2026-07-15 00:00:00+00:00, run_after=2026-07-16 00:00:00+00:00
[2026-07-16T05:41:48.488+0000] {processor.py:183} INFO - Processing /home/airflow/.local/lib/python3.8/site-packages/airflow/example_dags/example_short_circuit_decorator.py took 0.067 seconds
[2026-07-16T05:42:19.350+0000] {processor.py:161} INFO - Started process (PID=2327) to work on /home/airflow/.local/lib/python3.8/site-packages/airflow/example_dags/example_short_circuit_decorator.py
[2026-07-16T05:42:19.351+0000] {processor.py:830} INFO - Processing file /home/airflow/.local/lib/python3.8/site-packages/airflow/example_dags/example_short_circuit_decorator.py for tasks to queue
[2026-07-16T05:42:19.353+0000] {logging_mixin.py:188} INFO - [2026-07-16T05:42:19.352+0000] {dagbag.py:538} INFO - Filling up the DagBag from /home/airflow/.local/lib/python3.8/site-packages/airflow/example_dags/example_short_circuit_decorator.py
[2026-07-16T05:42:19.362+0000] {processor.py:840} INFO - DAG(s) 'example_short_circuit_decorator' retrieved from /home/airflow/.local/lib/python3.8/site-packages/airflow/example_dags/example_short_circuit_decorator.py
[2026-07-16T05:42:19.386+0000] {logging_mixin.py:188} INFO - [2026-07-16T05:42:19.386+0000] {dag.py:3036} INFO - Sync 1 DAGs
[2026-07-16T05:42:19.404+0000] {logging_mixin.py:188} INFO - [2026-07-16T05:42:19.404+0000] {dag.py:3823} INFO - Setting next_dagrun for example_short_circuit_decorator to 2026-07-15 00:00:00+00:00, run_after=2026-07-16 00:00:00+00:00
[2026-07-16T05:42:19.423+0000] {processor.py:183} INFO - Processing /home/airflow/.local/lib/python3.8/site-packages/airflow/example_dags/example_short_circuit_decorator.py took 0.077 seconds
[2026-07-16T05:42:49.583+0000] {processor.py:161} INFO - Started process (PID=2383) to work on /home/airflow/.local/lib/python3.8/site-packages/airflow/example_dags/example_short_circuit_decorator.py
[2026-07-16T05:42:49.584+0000] {processor.py:830} INFO - Processing file /home/airflow/.local/lib/python3.8/site-packages/airflow/example_dags/example_short_circuit_decorator.py for tasks to queue
[2026-07-16T05:42:49.586+0000] {logging_mixin.py:188} INFO - [2026-07-16T05:42:49.586+0000] {dagbag.py:538} INFO - Filling up the DagBag from /home/airflow/.local/lib/python3.8/site-packages/airflow/example_dags/example_short_circuit_decorator.py
[2026-07-16T05:42:49.594+0000] {processor.py:840} INFO - DAG(s) 'example_short_circuit_decorator' retrieved from /home/airflow/.local/lib/python3.8/site-packages/airflow/example_dags/example_short_circuit_decorator.py
[2026-07-16T05:42:49.614+0000] {logging_mixin.py:188} INFO - [2026-07-16T05:42:49.614+0000] {dag.py:3036} INFO - Sync 1 DAGs
[2026-07-16T05:42:49.631+0000] {logging_mixin.py:188} INFO - [2026-07-16T05:42:49.631+0000] {dag.py:3823} INFO - Setting next_dagrun for example_short_circuit_decorator to 2026-07-15 00:00:00+00:00, run_after=2026-07-16 00:00:00+00:00
[2026-07-16T05:42:49.646+0000] {processor.py:183} INFO - Processing /home/airflow/.local/lib/python3.8/site-packages/airflow/example_dags/example_short_circuit_decorator.py took 0.067 seconds
[2026-07-16T05:43:20.123+0000] {processor.py:161} INFO - Started process (PID=2439) to work on /home/airflow/.local/lib/python3.8/site-packages/airflow/example_dags/example_short_circuit_decorator.py
[2026-07-16T05:43:20.125+0000] {processor.py:830} INFO - Processing file /home/airflow/.local/lib/python3.8/site-packages/airflow/example_dags/example_short_circuit_decorator.py for tasks to queue
[2026-07-16T05:43:20.127+0000] {logging_mixin.py:188} INFO - [2026-07-16T05:43:20.127+0000] {dagbag.py:538} INFO - Filling up the DagBag from /home/airflow/.local/lib/python3.8/site-packages/airflow/example_dags/example_short_circuit_decorator.py
[2026-07-16T05:43:20.146+0000] {processor.py:840} INFO - DAG(s) 'example_short_circuit_decorator' retrieved from /home/airflow/.local/lib/python3.8/site-packages/airflow/example_dags/example_short_circuit_decorator.py
[2026-07-16T05:43:20.183+0000] {logging_mixin.py:188} INFO - [2026-07-16T05:43:20.181+0000] {dag.py:3036} INFO - Sync 1 DAGs
[2026-07-16T05:43:20.216+0000] {logging_mixin.py:188} INFO - [2026-07-16T05:43:20.215+0000] {dag.py:3823} INFO - Setting next_dagrun for example_short_circuit_decorator to 2026-07-15 00:00:00+00:00, run_after=2026-07-16 00:00:00+00:00
[2026-07-16T05:43:20.250+0000] {processor.py:183} INFO - Processing /home/airflow/.local/lib/python3.8/site-packages/airflow/example_dags/example_short_circuit_decorator.py took 0.132 seconds
[2026-07-16T05:43:50.563+0000] {processor.py:161} INFO - Started process (PID=2495) to work on /home/airflow/.local/lib/python3.8/site-packages/airflow/example_dags/example_short_circuit_decorator.py
[2026-07-16T05:43:50.564+0000] {processor.py:830} INFO - Processing file /home/airflow/.local/lib/python3.8/site-packages/airflow/example_dags/example_short_circuit_decorator.py for tasks to queue
[2026-07-16T05:43:50.567+0000] {logging_mixin.py:188} INFO - [2026-07-16T05:43:50.567+0000] {dagbag.py:538} INFO - Filling up the DagBag from /home/airflow/.local/lib/python3.8/site-packages/airflow/example_dags/example_short_circuit_decorator.py
[2026-07-16T05:43:50.577+0000] {processor.py:840} INFO - DAG(s) 'example_short_circuit_decorator' retrieved from /home/airflow/.local/lib/python3.8/site-packages/airflow/example_dags/example_short_circuit_decorator.py
[2026-07-16T05:43:50.604+0000] {logging_mixin.py:188} INFO - [2026-07-16T05:43:50.604+0000] {dag.py:3036} INFO - Sync 1 DAGs
[2026-07-16T05:43:50.632+0000] {logging_mixin.py:188} INFO - [2026-07-16T05:43:50.631+0000] {dag.py:3823} INFO - Setting next_dagrun for example_short_circuit_decorator to 2026-07-15 00:00:00+00:00, run_after=2026-07-16 00:00:00+00:00
[2026-07-16T05:43:50.653+0000] {processor.py:183} INFO - Processing /home/airflow/.local/lib/python3.8/site-packages/airflow/example_dags/example_short_circuit_decorator.py took 0.097 seconds
[2026-07-16T05:44:21.116+0000] {processor.py:161} INFO - Started process (PID=2551) to work on /home/airflow/.local/lib/python3.8/site-packages/airflow/example_dags/example_short_circuit_decorator.py
[2026-07-16T05:44:21.117+0000] {processor.py:830} INFO - Processing file /home/airflow/.local/lib/python3.8/site-packages/airflow/example_dags/example_short_circuit_decorator.py for tasks to queue
[2026-07-16T05:44:21.122+0000] {logging_mixin.py:188} INFO - [2026-07-16T05:44:21.121+0000] {dagbag.py:538} INFO - Filling up the DagBag from /home/airflow/.local/lib/python3.8/site-packages/airflow/example_dags/example_short_circuit_decorator.py
[2026-07-16T05:44:21.132+0000] {processor.py:840} INFO - DAG(s) 'example_short_circuit_decorator' retrieved from /home/airflow/.local/lib/python3.8/site-packages/airflow/example_dags/example_short_circuit_decorator.py
[2026-07-16T05:44:21.155+0000] {logging_mixin.py:188} INFO - [2026-07-16T05:44:21.155+0000] {dag.py:3036} INFO - Sync 1 DAGs
[2026-07-16T05:44:21.185+0000] {logging_mixin.py:188} INFO - [2026-07-16T05:44:21.185+0000] {dag.py:3823} INFO - Setting next_dagrun for example_short_circuit_decorator to 2026-07-15 00:00:00+00:00, run_after=2026-07-16 00:00:00+00:00
[2026-07-16T05:44:21.207+0000] {processor.py:183} INFO - Processing /home/airflow/.local/lib/python3.8/site-packages/airflow/example_dags/example_short_circuit_decorator.py took 0.098 seconds
[2026-07-16T05:44:51.429+0000] {processor.py:161} INFO - Started process (PID=2607) to work on /home/airflow/.local/lib/python3.8/site-packages/airflow/example_dags/example_short_circuit_decorator.py
[2026-07-16T05:44:51.431+0000] {processor.py:830} INFO - Processing file /home/airflow/.local/lib/python3.8/site-packages/airflow/example_dags/example_short_circuit_decorator.py for tasks to queue
[2026-07-16T05:44:51.432+0000] {logging_mixin.py:188} INFO - [2026-07-16T05:44:51.432+0000] {dagbag.py:538} INFO - Filling up the DagBag from /home/airflow/.local/lib/python3.8/site-packages/airflow/example_dags/example_short_circuit_decorator.py
[2026-07-16T05:44:51.444+0000] {processor.py:840} INFO - DAG(s) 'example_short_circuit_decorator' retrieved from /home/airflow/.local/lib/python3.8/site-packages/airflow/example_dags/example_short_circuit_decorator.py
[2026-07-16T05:44:51.468+0000] {logging_mixin.py:188} INFO - [2026-07-16T05:44:51.468+0000] {dag.py:3036} INFO - Sync 1 DAGs
[2026-07-16T05:44:51.491+0000] {logging_mixin.py:188} INFO - [2026-07-16T05:44:51.491+0000] {dag.py:3823} INFO - Setting next_dagrun for example_short_circuit_decorator to 2026-07-15 00:00:00+00:00, run_after=2026-07-16 00:00:00+00:00
[2026-07-16T05:44:51.509+0000] {processor.py:183} INFO - Processing /home/airflow/.local/lib/python3.8/site-packages/airflow/example_dags/example_short_circuit_decorator.py took 0.083 seconds
[2026-07-16T05:45:21.639+0000] {processor.py:161} INFO - Started process (PID=2663) to work on /home/airflow/.local/lib/python3.8/site-packages/airflow/example_dags/example_short_circuit_decorator.py
[2026-07-16T05:45:21.640+0000] {processor.py:830} INFO - Processing file /home/airflow/.local/lib/python3.8/site-packages/airflow/example_dags/example_short_circuit_decorator.py for tasks to queue
[2026-07-16T05:45:21.641+0000] {logging_mixin.py:188} INFO - [2026-07-16T05:45:21.641+0000] {dagbag.py:538} INFO - Filling up the DagBag from /home/airflow/.local/lib/python3.8/site-packages/airflow/example_dags/example_short_circuit_decorator.py
[2026-07-16T05:45:21.647+0000] {processor.py:840} INFO - DAG(s) 'example_short_circuit_decorator' retrieved from /home/airflow/.local/lib/python3.8/site-packages/airflow/example_dags/example_short_circuit_decorator.py
[2026-07-16T05:45:21.666+0000] {logging_mixin.py:188} INFO - [2026-07-16T05:45:21.666+0000] {dag.py:3036} INFO - Sync 1 DAGs
[2026-07-16T05:45:21.683+0000] {logging_mixin.py:188} INFO - [2026-07-16T05:45:21.683+0000] {dag.py:3823} INFO - Setting next_dagrun for example_short_circuit_decorator to 2026-07-15 00:00:00+00:00, run_after=2026-07-16 00:00:00+00:00
[2026-07-16T05:45:21.697+0000] {processor.py:183} INFO - Processing /home/airflow/.local/lib/python3.8/site-packages/airflow/example_dags/example_short_circuit_decorator.py took 0.061 seconds
[2026-07-16T05:45:52.236+0000] {processor.py:161} INFO - Started process (PID=2719) to work on /home/airflow/.local/lib/python3.8/site-packages/airflow/example_dags/example_short_circuit_decorator.py
[2026-07-16T05:45:52.237+0000] {processor.py:830} INFO - Processing file /home/airflow/.local/lib/python3.8/site-packages/airflow/example_dags/example_short_circuit_decorator.py for tasks to queue
[2026-07-16T05:45:52.238+0000] {logging_mixin.py:188} INFO - [2026-07-16T05:45:52.238+0000] {dagbag.py:538} INFO - Filling up the DagBag from /home/airflow/.local/lib/python3.8/site-packages/airflow/example_dags/example_short_circuit_decorator.py
[2026-07-16T05:45:52.245+0000] {processor.py:840} INFO - DAG(s) 'example_short_circuit_decorator' retrieved from /home/airflow/.local/lib/python3.8/site-packages/airflow/example_dags/example_short_circuit_decorator.py
[2026-07-16T05:45:52.266+0000] {logging_mixin.py:188} INFO - [2026-07-16T05:45:52.265+0000] {dag.py:3036} INFO - Sync 1 DAGs
[2026-07-16T05:45:52.281+0000] {logging_mixin.py:188} INFO - [2026-07-16T05:45:52.281+0000] {dag.py:3823} INFO - Setting next_dagrun for example_short_circuit_decorator to 2026-07-15 00:00:00+00:00, run_after=2026-07-16 00:00:00+00:00
[2026-07-16T05:45:52.408+0000] {processor.py:183} INFO - Processing /home/airflow/.local/lib/python3.8/site-packages/airflow/example_dags/example_short_circuit_decorator.py took 0.175 seconds
[2026-07-16T05:46:22.465+0000] {processor.py:161} INFO - Started process (PID=2775) to work on /home/airflow/.local/lib/python3.8/site-packages/airflow/example_dags/example_short_circuit_decorator.py
[2026-07-16T05:46:22.468+0000] {processor.py:830} INFO - Processing file /home/airflow/.local/lib/python3.8/site-packages/airflow/example_dags/example_short_circuit_decorator.py for tasks to queue
[2026-07-16T05:46:22.470+0000] {logging_mixin.py:188} INFO - [2026-07-16T05:46:22.470+0000] {dagbag.py:538} INFO - Filling up the DagBag from /home/airflow/.local/lib/python3.8/site-packages/airflow/example_dags/example_short_circuit_decorator.py
[2026-07-16T05:46:22.479+0000] {processor.py:840} INFO - DAG(s) 'example_short_circuit_decorator' retrieved from /home/airflow/.local/lib/python3.8/site-packages/airflow/example_dags/example_short_circuit_decorator.py
[2026-07-16T05:46:22.500+0000] {logging_mixin.py:188} INFO - [2026-07-16T05:46:22.500+0000] {dag.py:3036} INFO - Sync 1 DAGs
[2026-07-16T05:46:22.517+0000] {logging_mixin.py:188} INFO - [2026-07-16T05:46:22.517+0000] {dag.py:3823} INFO - Setting next_dagrun for example_short_circuit_decorator to 2026-07-15 00:00:00+00:00, run_after=2026-07-16 00:00:00+00:00
[2026-07-16T05:46:22.535+0000] {processor.py:183} INFO - Processing /home/airflow/.local/lib/python3.8/site-packages/airflow/example_dags/example_short_circuit_decorator.py took 0.072 seconds
[2026-07-16T05:46:52.700+0000] {processor.py:161} INFO - Started process (PID=2831) to work on /home/airflow/.local/lib/python3.8/site-packages/airflow/example_dags/example_short_circuit_decorator.py
[2026-07-16T05:46:52.703+0000] {processor.py:830} INFO - Processing file /home/airflow/.local/lib/python3.8/site-packages/airflow/example_dags/example_short_circuit_decorator.py for tasks to queue
[2026-07-16T05:46:52.708+0000] {logging_mixin.py:188} INFO - [2026-07-16T05:46:52.707+0000] {dagbag.py:538} INFO - Filling up the DagBag from /home/airflow/.local/lib/python3.8/site-packages/airflow/example_dags/example_short_circuit_decorator.py
[2026-07-16T05:46:52.722+0000] {processor.py:840} INFO - DAG(s) 'example_short_circuit_decorator' retrieved from /home/airflow/.local/lib/python3.8/site-packages/airflow/example_dags/example_short_circuit_decorator.py
[2026-07-16T05:46:52.755+0000] {logging_mixin.py:188} INFO - [2026-07-16T05:46:52.755+0000] {dag.py:3036} INFO - Sync 1 DAGs
[2026-07-16T05:46:52.771+0000] {logging_mixin.py:188} INFO - [2026-07-16T05:46:52.771+0000] {dag.py:3823} INFO - Setting next_dagrun for example_short_circuit_decorator to 2026-07-15 00:00:00+00:00, run_after=2026-07-16 00:00:00+00:00
[2026-07-16T05:46:52.789+0000] {processor.py:183} INFO - Processing /home/airflow/.local/lib/python3.8/site-packages/airflow/example_dags/example_short_circuit_decorator.py took 0.101 seconds
[2026-07-16T05:47:23.493+0000] {processor.py:161} INFO - Started process (PID=2887) to work on /home/airflow/.local/lib/python3.8/site-packages/airflow/example_dags/example_short_circuit_decorator.py
[2026-07-16T05:47:23.494+0000] {processor.py:830} INFO - Processing file /home/airflow/.local/lib/python3.8/site-packages/airflow/example_dags/example_short_circuit_decorator.py for tasks to queue
[2026-07-16T05:47:23.496+0000] {logging_mixin.py:188} INFO - [2026-07-16T05:47:23.495+0000] {dagbag.py:538} INFO - Filling up the DagBag from /home/airflow/.local/lib/python3.8/site-packages/airflow/example_dags/example_short_circuit_decorator.py
[2026-07-16T05:47:23.503+0000] {processor.py:840} INFO - DAG(s) 'example_short_circuit_decorator' retrieved from /home/airflow/.local/lib/python3.8/site-packages/airflow/example_dags/example_short_circuit_decorator.py
[2026-07-16T05:47:23.519+0000] {logging_mixin.py:188} INFO - [2026-07-16T05:47:23.519+0000] {dag.py:3036} INFO - Sync 1 DAGs
[2026-07-16T05:47:23.537+0000] {logging_mixin.py:188} INFO - [2026-07-16T05:47:23.537+0000] {dag.py:3823} INFO - Setting next_dagrun for example_short_circuit_decorator to 2026-07-15 00:00:00+00:00, run_after=2026-07-16 00:00:00+00:00
[2026-07-16T05:47:23.553+0000] {processor.py:183} INFO - Processing /home/airflow/.local/lib/python3.8/site-packages/airflow/example_dags/example_short_circuit_decorator.py took 0.062 seconds
[2026-07-16T05:47:53.616+0000] {processor.py:161} INFO - Started process (PID=2943) to work on /home/airflow/.local/lib/python3.8/site-packages/airflow/example_dags/example_short_circuit_decorator.py
[2026-07-16T05:47:53.617+0000] {processor.py:830} INFO - Processing file /home/airflow/.local/lib/python3.8/site-packages/airflow/example_dags/example_short_circuit_decorator.py for tasks to queue
[2026-07-16T05:47:53.619+0000] {logging_mixin.py:188} INFO - [2026-07-16T05:47:53.619+0000] {dagbag.py:538} INFO - Filling up the DagBag from /home/airflow/.local/lib/python3.8/site-packages/airflow/example_dags/example_short_circuit_decorator.py
[2026-07-16T05:47:53.628+0000] {processor.py:840} INFO - DAG(s) 'example_short_circuit_decorator' retrieved from /home/airflow/.local/lib/python3.8/site-packages/airflow/example_dags/example_short_circuit_decorator.py
[2026-07-16T05:47:53.657+0000] {logging_mixin.py:188} INFO - [2026-07-16T05:47:53.657+0000] {dag.py:3036} INFO - Sync 1 DAGs
[2026-07-16T05:47:53.683+0000] {logging_mixin.py:188} INFO - [2026-07-16T05:47:53.682+0000] {dag.py:3823} INFO - Setting next_dagrun for example_short_circuit_decorator to 2026-07-15 00:00:00+00:00, run_after=2026-07-16 00:00:00+00:00
[2026-07-16T05:47:53.705+0000] {processor.py:183} INFO - Processing /home/airflow/.local/lib/python3.8/site-packages/airflow/example_dags/example_short_circuit_decorator.py took 0.093 seconds
[2026-07-16T05:48:24.300+0000] {processor.py:161} INFO - Started process (PID=2999) to work on /home/airflow/.local/lib/python3.8/site-packages/airflow/example_dags/example_short_circuit_decorator.py
[2026-07-16T05:48:24.301+0000] {processor.py:830} INFO - Processing file /home/airflow/.local/lib/python3.8/site-packages/airflow/example_dags/example_short_circuit_decorator.py for tasks to queue
[2026-07-16T05:48:24.303+0000] {logging_mixin.py:188} INFO - [2026-07-16T05:48:24.303+0000] {dagbag.py:538} INFO - Filling up the DagBag from /home/airflow/.local/lib/python3.8/site-packages/airflow/example_dags/example_short_circuit_decorator.py
[2026-07-16T05:48:24.316+0000] {processor.py:840} INFO - DAG(s) 'example_short_circuit_decorator' retrieved from /home/airflow/.local/lib/python3.8/site-packages/airflow/example_dags/example_short_circuit_decorator.py
[2026-07-16T05:48:24.349+0000] {logging_mixin.py:188} INFO - [2026-07-16T05:48:24.348+0000] {dag.py:3036} INFO - Sync 1 DAGs
[2026-07-16T05:48:24.375+0000] {logging_mixin.py:188} INFO - [2026-07-16T05:48:24.375+0000] {dag.py:3823} INFO - Setting next_dagrun for example_short_circuit_decorator to 2026-07-15 00:00:00+00:00, run_after=2026-07-16 00:00:00+00:00
[2026-07-16T05:48:24.400+0000] {processor.py:183} INFO - Processing /home/airflow/.local/lib/python3.8/site-packages/airflow/example_dags/example_short_circuit_decorator.py took 0.107 seconds
