[2026-07-16T05:21:57.297+0000] {processor.py:161} INFO - Started process (PID=83) to work on /home/airflow/.local/lib/python3.8/site-packages/airflow/example_dags/example_complex.py
[2026-07-16T05:21:57.298+0000] {processor.py:830} INFO - Processing file /home/airflow/.local/lib/python3.8/site-packages/airflow/example_dags/example_complex.py for tasks to queue
[2026-07-16T05:21:57.300+0000] {logging_mixin.py:188} INFO - [2026-07-16T05:21:57.300+0000] {dagbag.py:538} INFO - Filling up the DagBag from /home/airflow/.local/lib/python3.8/site-packages/airflow/example_dags/example_complex.py
[2026-07-16T05:21:57.324+0000] {processor.py:840} INFO - DAG(s) 'example_complex' retrieved from /home/airflow/.local/lib/python3.8/site-packages/airflow/example_dags/example_complex.py
[2026-07-16T05:21:57.530+0000] {logging_mixin.py:188} INFO - [2026-07-16T05:21:57.530+0000] {dag.py:3036} INFO - Sync 1 DAGs
[2026-07-16T05:21:57.543+0000] {logging_mixin.py:188} INFO - [2026-07-16T05:21:57.542+0000] {dag.py:3823} INFO - Setting next_dagrun for example_complex to None, run_after=None
[2026-07-16T05:21:57.570+0000] {processor.py:183} INFO - Processing /home/airflow/.local/lib/python3.8/site-packages/airflow/example_dags/example_complex.py took 0.279 seconds
[2026-07-16T05:22:27.894+0000] {processor.py:161} INFO - Started process (PID=139) to work on /home/airflow/.local/lib/python3.8/site-packages/airflow/example_dags/example_complex.py
[2026-07-16T05:22:27.898+0000] {processor.py:830} INFO - Processing file /home/airflow/.local/lib/python3.8/site-packages/airflow/example_dags/example_complex.py for tasks to queue
[2026-07-16T05:22:27.902+0000] {logging_mixin.py:188} INFO - [2026-07-16T05:22:27.902+0000] {dagbag.py:538} INFO - Filling up the DagBag from /home/airflow/.local/lib/python3.8/site-packages/airflow/example_dags/example_complex.py
[2026-07-16T05:22:27.927+0000] {processor.py:840} INFO - DAG(s) 'example_complex' retrieved from /home/airflow/.local/lib/python3.8/site-packages/airflow/example_dags/example_complex.py
[2026-07-16T05:22:28.017+0000] {logging_mixin.py:188} INFO - [2026-07-16T05:22:28.017+0000] {dag.py:3036} INFO - Sync 1 DAGs
[2026-07-16T05:22:28.052+0000] {logging_mixin.py:188} INFO - [2026-07-16T05:22:28.049+0000] {dag.py:3823} INFO - Setting next_dagrun for example_complex to None, run_after=None
[2026-07-16T05:22:28.097+0000] {processor.py:183} INFO - Processing /home/airflow/.local/lib/python3.8/site-packages/airflow/example_dags/example_complex.py took 0.215 seconds
[2026-07-16T05:22:59.703+0000] {processor.py:161} INFO - Started process (PID=203) to work on /home/airflow/.local/lib/python3.8/site-packages/airflow/example_dags/example_complex.py
[2026-07-16T05:22:59.706+0000] {processor.py:830} INFO - Processing file /home/airflow/.local/lib/python3.8/site-packages/airflow/example_dags/example_complex.py for tasks to queue
[2026-07-16T05:22:59.719+0000] {logging_mixin.py:188} INFO - [2026-07-16T05:22:59.718+0000] {dagbag.py:538} INFO - Filling up the DagBag from /home/airflow/.local/lib/python3.8/site-packages/airflow/example_dags/example_complex.py
[2026-07-16T05:22:59.782+0000] {processor.py:840} INFO - DAG(s) 'example_complex' retrieved from /home/airflow/.local/lib/python3.8/site-packages/airflow/example_dags/example_complex.py
[2026-07-16T05:22:59.879+0000] {logging_mixin.py:188} INFO - [2026-07-16T05:22:59.879+0000] {dag.py:3036} INFO - Sync 1 DAGs
[2026-07-16T05:22:59.916+0000] {logging_mixin.py:188} INFO - [2026-07-16T05:22:59.916+0000] {dag.py:3823} INFO - Setting next_dagrun for example_complex to None, run_after=None
[2026-07-16T05:22:59.975+0000] {processor.py:183} INFO - Processing /home/airflow/.local/lib/python3.8/site-packages/airflow/example_dags/example_complex.py took 0.283 seconds
[2026-07-16T05:23:30.413+0000] {processor.py:161} INFO - Started process (PID=259) to work on /home/airflow/.local/lib/python3.8/site-packages/airflow/example_dags/example_complex.py
[2026-07-16T05:23:30.416+0000] {processor.py:830} INFO - Processing file /home/airflow/.local/lib/python3.8/site-packages/airflow/example_dags/example_complex.py for tasks to queue
[2026-07-16T05:23:30.420+0000] {logging_mixin.py:188} INFO - [2026-07-16T05:23:30.420+0000] {dagbag.py:538} INFO - Filling up the DagBag from /home/airflow/.local/lib/python3.8/site-packages/airflow/example_dags/example_complex.py
[2026-07-16T05:23:30.447+0000] {processor.py:840} INFO - DAG(s) 'example_complex' retrieved from /home/airflow/.local/lib/python3.8/site-packages/airflow/example_dags/example_complex.py
[2026-07-16T05:23:30.497+0000] {logging_mixin.py:188} INFO - [2026-07-16T05:23:30.497+0000] {dag.py:3036} INFO - Sync 1 DAGs
[2026-07-16T05:23:30.514+0000] {logging_mixin.py:188} INFO - [2026-07-16T05:23:30.513+0000] {dag.py:3823} INFO - Setting next_dagrun for example_complex to None, run_after=None
[2026-07-16T05:23:30.555+0000] {processor.py:183} INFO - Processing /home/airflow/.local/lib/python3.8/site-packages/airflow/example_dags/example_complex.py took 0.152 seconds
[2026-07-16T05:24:01.789+0000] {processor.py:161} INFO - Started process (PID=320) to work on /home/airflow/.local/lib/python3.8/site-packages/airflow/example_dags/example_complex.py
[2026-07-16T05:24:01.797+0000] {processor.py:830} INFO - Processing file /home/airflow/.local/lib/python3.8/site-packages/airflow/example_dags/example_complex.py for tasks to queue
[2026-07-16T05:24:01.809+0000] {logging_mixin.py:188} INFO - [2026-07-16T05:24:01.806+0000] {dagbag.py:538} INFO - Filling up the DagBag from /home/airflow/.local/lib/python3.8/site-packages/airflow/example_dags/example_complex.py
[2026-07-16T05:24:01.888+0000] {processor.py:840} INFO - DAG(s) 'example_complex' retrieved from /home/airflow/.local/lib/python3.8/site-packages/airflow/example_dags/example_complex.py
[2026-07-16T05:24:02.084+0000] {logging_mixin.py:188} INFO - [2026-07-16T05:24:02.083+0000] {dag.py:3036} INFO - Sync 1 DAGs
[2026-07-16T05:24:02.160+0000] {logging_mixin.py:188} INFO - [2026-07-16T05:24:02.160+0000] {dag.py:3823} INFO - Setting next_dagrun for example_complex to None, run_after=None
[2026-07-16T05:24:02.253+0000] {processor.py:183} INFO - Processing /home/airflow/.local/lib/python3.8/site-packages/airflow/example_dags/example_complex.py took 0.481 seconds
[2026-07-16T05:24:32.622+0000] {processor.py:161} INFO - Started process (PID=376) to work on /home/airflow/.local/lib/python3.8/site-packages/airflow/example_dags/example_complex.py
[2026-07-16T05:24:32.624+0000] {processor.py:830} INFO - Processing file /home/airflow/.local/lib/python3.8/site-packages/airflow/example_dags/example_complex.py for tasks to queue
[2026-07-16T05:24:32.627+0000] {logging_mixin.py:188} INFO - [2026-07-16T05:24:32.627+0000] {dagbag.py:538} INFO - Filling up the DagBag from /home/airflow/.local/lib/python3.8/site-packages/airflow/example_dags/example_complex.py
[2026-07-16T05:24:32.647+0000] {processor.py:840} INFO - DAG(s) 'example_complex' retrieved from /home/airflow/.local/lib/python3.8/site-packages/airflow/example_dags/example_complex.py
[2026-07-16T05:24:32.721+0000] {logging_mixin.py:188} INFO - [2026-07-16T05:24:32.720+0000] {dag.py:3036} INFO - Sync 1 DAGs
[2026-07-16T05:24:32.751+0000] {logging_mixin.py:188} INFO - [2026-07-16T05:24:32.751+0000] {dag.py:3823} INFO - Setting next_dagrun for example_complex to None, run_after=None
[2026-07-16T05:24:32.798+0000] {processor.py:183} INFO - Processing /home/airflow/.local/lib/python3.8/site-packages/airflow/example_dags/example_complex.py took 0.185 seconds
[2026-07-16T05:25:02.875+0000] {processor.py:161} INFO - Started process (PID=432) to work on /home/airflow/.local/lib/python3.8/site-packages/airflow/example_dags/example_complex.py
[2026-07-16T05:25:02.877+0000] {processor.py:830} INFO - Processing file /home/airflow/.local/lib/python3.8/site-packages/airflow/example_dags/example_complex.py for tasks to queue
[2026-07-16T05:25:02.880+0000] {logging_mixin.py:188} INFO - [2026-07-16T05:25:02.880+0000] {dagbag.py:538} INFO - Filling up the DagBag from /home/airflow/.local/lib/python3.8/site-packages/airflow/example_dags/example_complex.py
[2026-07-16T05:25:02.897+0000] {processor.py:840} INFO - DAG(s) 'example_complex' retrieved from /home/airflow/.local/lib/python3.8/site-packages/airflow/example_dags/example_complex.py
[2026-07-16T05:25:02.945+0000] {logging_mixin.py:188} INFO - [2026-07-16T05:25:02.945+0000] {dag.py:3036} INFO - Sync 1 DAGs
[2026-07-16T05:25:02.962+0000] {logging_mixin.py:188} INFO - [2026-07-16T05:25:02.962+0000] {dag.py:3823} INFO - Setting next_dagrun for example_complex to None, run_after=None
[2026-07-16T05:25:02.995+0000] {processor.py:183} INFO - Processing /home/airflow/.local/lib/python3.8/site-packages/airflow/example_dags/example_complex.py took 0.125 seconds
[2026-07-16T05:25:33.302+0000] {processor.py:161} INFO - Started process (PID=482) to work on /home/airflow/.local/lib/python3.8/site-packages/airflow/example_dags/example_complex.py
[2026-07-16T05:25:33.304+0000] {processor.py:830} INFO - Processing file /home/airflow/.local/lib/python3.8/site-packages/airflow/example_dags/example_complex.py for tasks to queue
[2026-07-16T05:25:33.309+0000] {logging_mixin.py:188} INFO - [2026-07-16T05:25:33.309+0000] {dagbag.py:538} INFO - Filling up the DagBag from /home/airflow/.local/lib/python3.8/site-packages/airflow/example_dags/example_complex.py
[2026-07-16T05:25:33.326+0000] {processor.py:840} INFO - DAG(s) 'example_complex' retrieved from /home/airflow/.local/lib/python3.8/site-packages/airflow/example_dags/example_complex.py
[2026-07-16T05:25:33.376+0000] {logging_mixin.py:188} INFO - [2026-07-16T05:25:33.376+0000] {dag.py:3036} INFO - Sync 1 DAGs
[2026-07-16T05:25:33.391+0000] {logging_mixin.py:188} INFO - [2026-07-16T05:25:33.391+0000] {dag.py:3823} INFO - Setting next_dagrun for example_complex to None, run_after=None
[2026-07-16T05:25:33.416+0000] {processor.py:183} INFO - Processing /home/airflow/.local/lib/python3.8/site-packages/airflow/example_dags/example_complex.py took 0.121 seconds
[2026-07-16T05:26:03.670+0000] {processor.py:161} INFO - Started process (PID=538) to work on /home/airflow/.local/lib/python3.8/site-packages/airflow/example_dags/example_complex.py
[2026-07-16T05:26:03.672+0000] {processor.py:830} INFO - Processing file /home/airflow/.local/lib/python3.8/site-packages/airflow/example_dags/example_complex.py for tasks to queue
[2026-07-16T05:26:03.674+0000] {logging_mixin.py:188} INFO - [2026-07-16T05:26:03.674+0000] {dagbag.py:538} INFO - Filling up the DagBag from /home/airflow/.local/lib/python3.8/site-packages/airflow/example_dags/example_complex.py
[2026-07-16T05:26:03.686+0000] {processor.py:840} INFO - DAG(s) 'example_complex' retrieved from /home/airflow/.local/lib/python3.8/site-packages/airflow/example_dags/example_complex.py
[2026-07-16T05:26:03.727+0000] {logging_mixin.py:188} INFO - [2026-07-16T05:26:03.727+0000] {dag.py:3036} INFO - Sync 1 DAGs
[2026-07-16T05:26:03.740+0000] {logging_mixin.py:188} INFO - [2026-07-16T05:26:03.739+0000] {dag.py:3823} INFO - Setting next_dagrun for example_complex to None, run_after=None
[2026-07-16T05:26:03.770+0000] {processor.py:183} INFO - Processing /home/airflow/.local/lib/python3.8/site-packages/airflow/example_dags/example_complex.py took 0.105 seconds
[2026-07-16T05:26:33.890+0000] {processor.py:161} INFO - Started process (PID=594) to work on /home/airflow/.local/lib/python3.8/site-packages/airflow/example_dags/example_complex.py
[2026-07-16T05:26:33.893+0000] {processor.py:830} INFO - Processing file /home/airflow/.local/lib/python3.8/site-packages/airflow/example_dags/example_complex.py for tasks to queue
[2026-07-16T05:26:33.896+0000] {logging_mixin.py:188} INFO - [2026-07-16T05:26:33.896+0000] {dagbag.py:538} INFO - Filling up the DagBag from /home/airflow/.local/lib/python3.8/site-packages/airflow/example_dags/example_complex.py
[2026-07-16T05:26:33.912+0000] {processor.py:840} INFO - DAG(s) 'example_complex' retrieved from /home/airflow/.local/lib/python3.8/site-packages/airflow/example_dags/example_complex.py
[2026-07-16T05:26:33.962+0000] {logging_mixin.py:188} INFO - [2026-07-16T05:26:33.962+0000] {dag.py:3036} INFO - Sync 1 DAGs
[2026-07-16T05:26:33.983+0000] {logging_mixin.py:188} INFO - [2026-07-16T05:26:33.982+0000] {dag.py:3823} INFO - Setting next_dagrun for example_complex to None, run_after=None
[2026-07-16T05:26:34.017+0000] {processor.py:183} INFO - Processing /home/airflow/.local/lib/python3.8/site-packages/airflow/example_dags/example_complex.py took 0.134 seconds
[2026-07-16T05:27:04.082+0000] {processor.py:161} INFO - Started process (PID=650) to work on /home/airflow/.local/lib/python3.8/site-packages/airflow/example_dags/example_complex.py
[2026-07-16T05:27:04.083+0000] {processor.py:830} INFO - Processing file /home/airflow/.local/lib/python3.8/site-packages/airflow/example_dags/example_complex.py for tasks to queue
[2026-07-16T05:27:04.086+0000] {logging_mixin.py:188} INFO - [2026-07-16T05:27:04.086+0000] {dagbag.py:538} INFO - Filling up the DagBag from /home/airflow/.local/lib/python3.8/site-packages/airflow/example_dags/example_complex.py
[2026-07-16T05:27:04.102+0000] {processor.py:840} INFO - DAG(s) 'example_complex' retrieved from /home/airflow/.local/lib/python3.8/site-packages/airflow/example_dags/example_complex.py
[2026-07-16T05:27:04.142+0000] {logging_mixin.py:188} INFO - [2026-07-16T05:27:04.142+0000] {dag.py:3036} INFO - Sync 1 DAGs
[2026-07-16T05:27:04.158+0000] {logging_mixin.py:188} INFO - [2026-07-16T05:27:04.157+0000] {dag.py:3823} INFO - Setting next_dagrun for example_complex to None, run_after=None
[2026-07-16T05:27:04.195+0000] {processor.py:183} INFO - Processing /home/airflow/.local/lib/python3.8/site-packages/airflow/example_dags/example_complex.py took 0.118 seconds
[2026-07-16T05:27:34.425+0000] {processor.py:161} INFO - Started process (PID=706) to work on /home/airflow/.local/lib/python3.8/site-packages/airflow/example_dags/example_complex.py
[2026-07-16T05:27:34.427+0000] {processor.py:830} INFO - Processing file /home/airflow/.local/lib/python3.8/site-packages/airflow/example_dags/example_complex.py for tasks to queue
[2026-07-16T05:27:34.431+0000] {logging_mixin.py:188} INFO - [2026-07-16T05:27:34.430+0000] {dagbag.py:538} INFO - Filling up the DagBag from /home/airflow/.local/lib/python3.8/site-packages/airflow/example_dags/example_complex.py
[2026-07-16T05:27:34.448+0000] {processor.py:840} INFO - DAG(s) 'example_complex' retrieved from /home/airflow/.local/lib/python3.8/site-packages/airflow/example_dags/example_complex.py
[2026-07-16T05:27:34.492+0000] {logging_mixin.py:188} INFO - [2026-07-16T05:27:34.491+0000] {dag.py:3036} INFO - Sync 1 DAGs
[2026-07-16T05:27:34.506+0000] {logging_mixin.py:188} INFO - [2026-07-16T05:27:34.506+0000] {dag.py:3823} INFO - Setting next_dagrun for example_complex to None, run_after=None
[2026-07-16T05:27:34.531+0000] {processor.py:183} INFO - Processing /home/airflow/.local/lib/python3.8/site-packages/airflow/example_dags/example_complex.py took 0.114 seconds
[2026-07-16T05:28:04.657+0000] {processor.py:161} INFO - Started process (PID=762) to work on /home/airflow/.local/lib/python3.8/site-packages/airflow/example_dags/example_complex.py
[2026-07-16T05:28:04.658+0000] {processor.py:830} INFO - Processing file /home/airflow/.local/lib/python3.8/site-packages/airflow/example_dags/example_complex.py for tasks to queue
[2026-07-16T05:28:04.661+0000] {logging_mixin.py:188} INFO - [2026-07-16T05:28:04.661+0000] {dagbag.py:538} INFO - Filling up the DagBag from /home/airflow/.local/lib/python3.8/site-packages/airflow/example_dags/example_complex.py
[2026-07-16T05:28:04.673+0000] {processor.py:840} INFO - DAG(s) 'example_complex' retrieved from /home/airflow/.local/lib/python3.8/site-packages/airflow/example_dags/example_complex.py
[2026-07-16T05:28:04.710+0000] {logging_mixin.py:188} INFO - [2026-07-16T05:28:04.709+0000] {dag.py:3036} INFO - Sync 1 DAGs
[2026-07-16T05:28:04.722+0000] {logging_mixin.py:188} INFO - [2026-07-16T05:28:04.722+0000] {dag.py:3823} INFO - Setting next_dagrun for example_complex to None, run_after=None
[2026-07-16T05:28:04.764+0000] {processor.py:183} INFO - Processing /home/airflow/.local/lib/python3.8/site-packages/airflow/example_dags/example_complex.py took 0.112 seconds
[2026-07-16T05:28:35.514+0000] {processor.py:161} INFO - Started process (PID=818) to work on /home/airflow/.local/lib/python3.8/site-packages/airflow/example_dags/example_complex.py
[2026-07-16T05:28:35.517+0000] {processor.py:830} INFO - Processing file /home/airflow/.local/lib/python3.8/site-packages/airflow/example_dags/example_complex.py for tasks to queue
[2026-07-16T05:28:35.521+0000] {logging_mixin.py:188} INFO - [2026-07-16T05:28:35.520+0000] {dagbag.py:538} INFO - Filling up the DagBag from /home/airflow/.local/lib/python3.8/site-packages/airflow/example_dags/example_complex.py
[2026-07-16T05:28:35.544+0000] {processor.py:840} INFO - DAG(s) 'example_complex' retrieved from /home/airflow/.local/lib/python3.8/site-packages/airflow/example_dags/example_complex.py
[2026-07-16T05:28:35.615+0000] {logging_mixin.py:188} INFO - [2026-07-16T05:28:35.614+0000] {dag.py:3036} INFO - Sync 1 DAGs
[2026-07-16T05:28:35.650+0000] {logging_mixin.py:188} INFO - [2026-07-16T05:28:35.650+0000] {dag.py:3823} INFO - Setting next_dagrun for example_complex to None, run_after=None
[2026-07-16T05:28:35.705+0000] {processor.py:183} INFO - Processing /home/airflow/.local/lib/python3.8/site-packages/airflow/example_dags/example_complex.py took 0.202 seconds
[2026-07-16T05:29:06.441+0000] {processor.py:161} INFO - Started process (PID=874) to work on /home/airflow/.local/lib/python3.8/site-packages/airflow/example_dags/example_complex.py
[2026-07-16T05:29:06.459+0000] {processor.py:830} INFO - Processing file /home/airflow/.local/lib/python3.8/site-packages/airflow/example_dags/example_complex.py for tasks to queue
[2026-07-16T05:29:06.463+0000] {logging_mixin.py:188} INFO - [2026-07-16T05:29:06.462+0000] {dagbag.py:538} INFO - Filling up the DagBag from /home/airflow/.local/lib/python3.8/site-packages/airflow/example_dags/example_complex.py
[2026-07-16T05:29:06.494+0000] {processor.py:840} INFO - DAG(s) 'example_complex' retrieved from /home/airflow/.local/lib/python3.8/site-packages/airflow/example_dags/example_complex.py
[2026-07-16T05:29:06.587+0000] {logging_mixin.py:188} INFO - [2026-07-16T05:29:06.587+0000] {dag.py:3036} INFO - Sync 1 DAGs
[2026-07-16T05:29:06.615+0000] {logging_mixin.py:188} INFO - [2026-07-16T05:29:06.615+0000] {dag.py:3823} INFO - Setting next_dagrun for example_complex to None, run_after=None
[2026-07-16T05:29:06.671+0000] {processor.py:183} INFO - Processing /home/airflow/.local/lib/python3.8/site-packages/airflow/example_dags/example_complex.py took 0.239 seconds
[2026-07-16T05:29:36.961+0000] {processor.py:161} INFO - Started process (PID=930) to work on /home/airflow/.local/lib/python3.8/site-packages/airflow/example_dags/example_complex.py
[2026-07-16T05:29:36.965+0000] {processor.py:830} INFO - Processing file /home/airflow/.local/lib/python3.8/site-packages/airflow/example_dags/example_complex.py for tasks to queue
[2026-07-16T05:29:36.972+0000] {logging_mixin.py:188} INFO - [2026-07-16T05:29:36.971+0000] {dagbag.py:538} INFO - Filling up the DagBag from /home/airflow/.local/lib/python3.8/site-packages/airflow/example_dags/example_complex.py
[2026-07-16T05:29:37.009+0000] {processor.py:840} INFO - DAG(s) 'example_complex' retrieved from /home/airflow/.local/lib/python3.8/site-packages/airflow/example_dags/example_complex.py
[2026-07-16T05:29:37.106+0000] {logging_mixin.py:188} INFO - [2026-07-16T05:29:37.105+0000] {dag.py:3036} INFO - Sync 1 DAGs
[2026-07-16T05:29:37.135+0000] {logging_mixin.py:188} INFO - [2026-07-16T05:29:37.135+0000] {dag.py:3823} INFO - Setting next_dagrun for example_complex to None, run_after=None
[2026-07-16T05:29:37.191+0000] {processor.py:183} INFO - Processing /home/airflow/.local/lib/python3.8/site-packages/airflow/example_dags/example_complex.py took 0.244 seconds
[2026-07-16T05:30:07.783+0000] {processor.py:161} INFO - Started process (PID=986) to work on /home/airflow/.local/lib/python3.8/site-packages/airflow/example_dags/example_complex.py
[2026-07-16T05:30:07.786+0000] {processor.py:830} INFO - Processing file /home/airflow/.local/lib/python3.8/site-packages/airflow/example_dags/example_complex.py for tasks to queue
[2026-07-16T05:30:07.789+0000] {logging_mixin.py:188} INFO - [2026-07-16T05:30:07.788+0000] {dagbag.py:538} INFO - Filling up the DagBag from /home/airflow/.local/lib/python3.8/site-packages/airflow/example_dags/example_complex.py
[2026-07-16T05:30:07.810+0000] {processor.py:840} INFO - DAG(s) 'example_complex' retrieved from /home/airflow/.local/lib/python3.8/site-packages/airflow/example_dags/example_complex.py
[2026-07-16T05:30:07.870+0000] {logging_mixin.py:188} INFO - [2026-07-16T05:30:07.870+0000] {dag.py:3036} INFO - Sync 1 DAGs
[2026-07-16T05:30:07.898+0000] {logging_mixin.py:188} INFO - [2026-07-16T05:30:07.898+0000] {dag.py:3823} INFO - Setting next_dagrun for example_complex to None, run_after=None
[2026-07-16T05:30:07.935+0000] {processor.py:183} INFO - Processing /home/airflow/.local/lib/python3.8/site-packages/airflow/example_dags/example_complex.py took 0.163 seconds
[2026-07-16T05:30:38.350+0000] {processor.py:161} INFO - Started process (PID=1042) to work on /home/airflow/.local/lib/python3.8/site-packages/airflow/example_dags/example_complex.py
[2026-07-16T05:30:38.352+0000] {processor.py:830} INFO - Processing file /home/airflow/.local/lib/python3.8/site-packages/airflow/example_dags/example_complex.py for tasks to queue
[2026-07-16T05:30:38.355+0000] {logging_mixin.py:188} INFO - [2026-07-16T05:30:38.355+0000] {dagbag.py:538} INFO - Filling up the DagBag from /home/airflow/.local/lib/python3.8/site-packages/airflow/example_dags/example_complex.py
[2026-07-16T05:30:38.369+0000] {processor.py:840} INFO - DAG(s) 'example_complex' retrieved from /home/airflow/.local/lib/python3.8/site-packages/airflow/example_dags/example_complex.py
[2026-07-16T05:30:38.410+0000] {logging_mixin.py:188} INFO - [2026-07-16T05:30:38.409+0000] {dag.py:3036} INFO - Sync 1 DAGs
[2026-07-16T05:30:38.428+0000] {logging_mixin.py:188} INFO - [2026-07-16T05:30:38.428+0000] {dag.py:3823} INFO - Setting next_dagrun for example_complex to None, run_after=None
[2026-07-16T05:30:38.462+0000] {processor.py:183} INFO - Processing /home/airflow/.local/lib/python3.8/site-packages/airflow/example_dags/example_complex.py took 0.119 seconds
[2026-07-16T05:31:09.373+0000] {processor.py:161} INFO - Started process (PID=1098) to work on /home/airflow/.local/lib/python3.8/site-packages/airflow/example_dags/example_complex.py
[2026-07-16T05:31:09.378+0000] {processor.py:830} INFO - Processing file /home/airflow/.local/lib/python3.8/site-packages/airflow/example_dags/example_complex.py for tasks to queue
[2026-07-16T05:31:09.382+0000] {logging_mixin.py:188} INFO - [2026-07-16T05:31:09.382+0000] {dagbag.py:538} INFO - Filling up the DagBag from /home/airflow/.local/lib/python3.8/site-packages/airflow/example_dags/example_complex.py
[2026-07-16T05:31:09.396+0000] {processor.py:840} INFO - DAG(s) 'example_complex' retrieved from /home/airflow/.local/lib/python3.8/site-packages/airflow/example_dags/example_complex.py
[2026-07-16T05:31:09.438+0000] {logging_mixin.py:188} INFO - [2026-07-16T05:31:09.438+0000] {dag.py:3036} INFO - Sync 1 DAGs
[2026-07-16T05:31:09.451+0000] {logging_mixin.py:188} INFO - [2026-07-16T05:31:09.451+0000] {dag.py:3823} INFO - Setting next_dagrun for example_complex to None, run_after=None
[2026-07-16T05:31:09.483+0000] {processor.py:183} INFO - Processing /home/airflow/.local/lib/python3.8/site-packages/airflow/example_dags/example_complex.py took 0.115 seconds
[2026-07-16T05:31:39.574+0000] {processor.py:161} INFO - Started process (PID=1154) to work on /home/airflow/.local/lib/python3.8/site-packages/airflow/example_dags/example_complex.py
[2026-07-16T05:31:39.575+0000] {processor.py:830} INFO - Processing file /home/airflow/.local/lib/python3.8/site-packages/airflow/example_dags/example_complex.py for tasks to queue
[2026-07-16T05:31:39.577+0000] {logging_mixin.py:188} INFO - [2026-07-16T05:31:39.577+0000] {dagbag.py:538} INFO - Filling up the DagBag from /home/airflow/.local/lib/python3.8/site-packages/airflow/example_dags/example_complex.py
[2026-07-16T05:31:39.590+0000] {processor.py:840} INFO - DAG(s) 'example_complex' retrieved from /home/airflow/.local/lib/python3.8/site-packages/airflow/example_dags/example_complex.py
[2026-07-16T05:31:39.624+0000] {logging_mixin.py:188} INFO - [2026-07-16T05:31:39.623+0000] {dag.py:3036} INFO - Sync 1 DAGs
[2026-07-16T05:31:39.636+0000] {logging_mixin.py:188} INFO - [2026-07-16T05:31:39.636+0000] {dag.py:3823} INFO - Setting next_dagrun for example_complex to None, run_after=None
[2026-07-16T05:31:39.667+0000] {processor.py:183} INFO - Processing /home/airflow/.local/lib/python3.8/site-packages/airflow/example_dags/example_complex.py took 0.098 seconds
[2026-07-16T05:32:10.288+0000] {processor.py:161} INFO - Started process (PID=1210) to work on /home/airflow/.local/lib/python3.8/site-packages/airflow/example_dags/example_complex.py
[2026-07-16T05:32:10.289+0000] {processor.py:830} INFO - Processing file /home/airflow/.local/lib/python3.8/site-packages/airflow/example_dags/example_complex.py for tasks to queue
[2026-07-16T05:32:10.291+0000] {logging_mixin.py:188} INFO - [2026-07-16T05:32:10.291+0000] {dagbag.py:538} INFO - Filling up the DagBag from /home/airflow/.local/lib/python3.8/site-packages/airflow/example_dags/example_complex.py
[2026-07-16T05:32:10.300+0000] {processor.py:840} INFO - DAG(s) 'example_complex' retrieved from /home/airflow/.local/lib/python3.8/site-packages/airflow/example_dags/example_complex.py
[2026-07-16T05:32:10.325+0000] {logging_mixin.py:188} INFO - [2026-07-16T05:32:10.325+0000] {dag.py:3036} INFO - Sync 1 DAGs
[2026-07-16T05:32:10.334+0000] {logging_mixin.py:188} INFO - [2026-07-16T05:32:10.334+0000] {dag.py:3823} INFO - Setting next_dagrun for example_complex to None, run_after=None
[2026-07-16T05:32:10.349+0000] {processor.py:183} INFO - Processing /home/airflow/.local/lib/python3.8/site-packages/airflow/example_dags/example_complex.py took 0.064 seconds
[2026-07-16T05:32:40.850+0000] {processor.py:161} INFO - Started process (PID=1266) to work on /home/airflow/.local/lib/python3.8/site-packages/airflow/example_dags/example_complex.py
[2026-07-16T05:32:40.851+0000] {processor.py:830} INFO - Processing file /home/airflow/.local/lib/python3.8/site-packages/airflow/example_dags/example_complex.py for tasks to queue
[2026-07-16T05:32:40.852+0000] {logging_mixin.py:188} INFO - [2026-07-16T05:32:40.852+0000] {dagbag.py:538} INFO - Filling up the DagBag from /home/airflow/.local/lib/python3.8/site-packages/airflow/example_dags/example_complex.py
[2026-07-16T05:32:40.860+0000] {processor.py:840} INFO - DAG(s) 'example_complex' retrieved from /home/airflow/.local/lib/python3.8/site-packages/airflow/example_dags/example_complex.py
[2026-07-16T05:32:40.883+0000] {logging_mixin.py:188} INFO - [2026-07-16T05:32:40.882+0000] {dag.py:3036} INFO - Sync 1 DAGs
[2026-07-16T05:32:40.891+0000] {logging_mixin.py:188} INFO - [2026-07-16T05:32:40.891+0000] {dag.py:3823} INFO - Setting next_dagrun for example_complex to None, run_after=None
[2026-07-16T05:32:40.906+0000] {processor.py:183} INFO - Processing /home/airflow/.local/lib/python3.8/site-packages/airflow/example_dags/example_complex.py took 0.059 seconds
[2026-07-16T05:33:11.770+0000] {processor.py:161} INFO - Started process (PID=1322) to work on /home/airflow/.local/lib/python3.8/site-packages/airflow/example_dags/example_complex.py
[2026-07-16T05:33:11.772+0000] {processor.py:830} INFO - Processing file /home/airflow/.local/lib/python3.8/site-packages/airflow/example_dags/example_complex.py for tasks to queue
[2026-07-16T05:33:11.774+0000] {logging_mixin.py:188} INFO - [2026-07-16T05:33:11.774+0000] {dagbag.py:538} INFO - Filling up the DagBag from /home/airflow/.local/lib/python3.8/site-packages/airflow/example_dags/example_complex.py
[2026-07-16T05:33:11.789+0000] {processor.py:840} INFO - DAG(s) 'example_complex' retrieved from /home/airflow/.local/lib/python3.8/site-packages/airflow/example_dags/example_complex.py
[2026-07-16T05:33:11.841+0000] {logging_mixin.py:188} INFO - [2026-07-16T05:33:11.840+0000] {dag.py:3036} INFO - Sync 1 DAGs
[2026-07-16T05:33:11.864+0000] {logging_mixin.py:188} INFO - [2026-07-16T05:33:11.863+0000] {dag.py:3823} INFO - Setting next_dagrun for example_complex to None, run_after=None
[2026-07-16T05:33:11.897+0000] {processor.py:183} INFO - Processing /home/airflow/.local/lib/python3.8/site-packages/airflow/example_dags/example_complex.py took 0.130 seconds
[2026-07-16T05:33:42.198+0000] {processor.py:161} INFO - Started process (PID=1378) to work on /home/airflow/.local/lib/python3.8/site-packages/airflow/example_dags/example_complex.py
[2026-07-16T05:33:42.199+0000] {processor.py:830} INFO - Processing file /home/airflow/.local/lib/python3.8/site-packages/airflow/example_dags/example_complex.py for tasks to queue
[2026-07-16T05:33:42.202+0000] {logging_mixin.py:188} INFO - [2026-07-16T05:33:42.202+0000] {dagbag.py:538} INFO - Filling up the DagBag from /home/airflow/.local/lib/python3.8/site-packages/airflow/example_dags/example_complex.py
[2026-07-16T05:33:42.212+0000] {processor.py:840} INFO - DAG(s) 'example_complex' retrieved from /home/airflow/.local/lib/python3.8/site-packages/airflow/example_dags/example_complex.py
[2026-07-16T05:33:42.239+0000] {logging_mixin.py:188} INFO - [2026-07-16T05:33:42.239+0000] {dag.py:3036} INFO - Sync 1 DAGs
[2026-07-16T05:33:42.249+0000] {logging_mixin.py:188} INFO - [2026-07-16T05:33:42.248+0000] {dag.py:3823} INFO - Setting next_dagrun for example_complex to None, run_after=None
[2026-07-16T05:33:42.265+0000] {processor.py:183} INFO - Processing /home/airflow/.local/lib/python3.8/site-packages/airflow/example_dags/example_complex.py took 0.070 seconds
[2026-07-16T05:34:12.807+0000] {processor.py:161} INFO - Started process (PID=1434) to work on /home/airflow/.local/lib/python3.8/site-packages/airflow/example_dags/example_complex.py
[2026-07-16T05:34:12.809+0000] {processor.py:830} INFO - Processing file /home/airflow/.local/lib/python3.8/site-packages/airflow/example_dags/example_complex.py for tasks to queue
[2026-07-16T05:34:12.813+0000] {logging_mixin.py:188} INFO - [2026-07-16T05:34:12.812+0000] {dagbag.py:538} INFO - Filling up the DagBag from /home/airflow/.local/lib/python3.8/site-packages/airflow/example_dags/example_complex.py
[2026-07-16T05:34:12.823+0000] {processor.py:840} INFO - DAG(s) 'example_complex' retrieved from /home/airflow/.local/lib/python3.8/site-packages/airflow/example_dags/example_complex.py
[2026-07-16T05:34:12.854+0000] {logging_mixin.py:188} INFO - [2026-07-16T05:34:12.854+0000] {dag.py:3036} INFO - Sync 1 DAGs
[2026-07-16T05:34:12.867+0000] {logging_mixin.py:188} INFO - [2026-07-16T05:34:12.867+0000] {dag.py:3823} INFO - Setting next_dagrun for example_complex to None, run_after=None
[2026-07-16T05:34:12.888+0000] {processor.py:183} INFO - Processing /home/airflow/.local/lib/python3.8/site-packages/airflow/example_dags/example_complex.py took 0.086 seconds
[2026-07-16T05:34:43.126+0000] {processor.py:161} INFO - Started process (PID=1490) to work on /home/airflow/.local/lib/python3.8/site-packages/airflow/example_dags/example_complex.py
[2026-07-16T05:34:43.128+0000] {processor.py:830} INFO - Processing file /home/airflow/.local/lib/python3.8/site-packages/airflow/example_dags/example_complex.py for tasks to queue
[2026-07-16T05:34:43.130+0000] {logging_mixin.py:188} INFO - [2026-07-16T05:34:43.130+0000] {dagbag.py:538} INFO - Filling up the DagBag from /home/airflow/.local/lib/python3.8/site-packages/airflow/example_dags/example_complex.py
[2026-07-16T05:34:43.138+0000] {processor.py:840} INFO - DAG(s) 'example_complex' retrieved from /home/airflow/.local/lib/python3.8/site-packages/airflow/example_dags/example_complex.py
[2026-07-16T05:34:43.166+0000] {logging_mixin.py:188} INFO - [2026-07-16T05:34:43.166+0000] {dag.py:3036} INFO - Sync 1 DAGs
[2026-07-16T05:34:43.175+0000] {logging_mixin.py:188} INFO - [2026-07-16T05:34:43.175+0000] {dag.py:3823} INFO - Setting next_dagrun for example_complex to None, run_after=None
[2026-07-16T05:34:43.192+0000] {processor.py:183} INFO - Processing /home/airflow/.local/lib/python3.8/site-packages/airflow/example_dags/example_complex.py took 0.070 seconds
[2026-07-16T05:35:13.585+0000] {processor.py:161} INFO - Started process (PID=1546) to work on /home/airflow/.local/lib/python3.8/site-packages/airflow/example_dags/example_complex.py
[2026-07-16T05:35:13.587+0000] {processor.py:830} INFO - Processing file /home/airflow/.local/lib/python3.8/site-packages/airflow/example_dags/example_complex.py for tasks to queue
[2026-07-16T05:35:13.588+0000] {logging_mixin.py:188} INFO - [2026-07-16T05:35:13.588+0000] {dagbag.py:538} INFO - Filling up the DagBag from /home/airflow/.local/lib/python3.8/site-packages/airflow/example_dags/example_complex.py
[2026-07-16T05:35:13.597+0000] {processor.py:840} INFO - DAG(s) 'example_complex' retrieved from /home/airflow/.local/lib/python3.8/site-packages/airflow/example_dags/example_complex.py
[2026-07-16T05:35:13.621+0000] {logging_mixin.py:188} INFO - [2026-07-16T05:35:13.621+0000] {dag.py:3036} INFO - Sync 1 DAGs
[2026-07-16T05:35:13.631+0000] {logging_mixin.py:188} INFO - [2026-07-16T05:35:13.631+0000] {dag.py:3823} INFO - Setting next_dagrun for example_complex to None, run_after=None
[2026-07-16T05:35:13.647+0000] {processor.py:183} INFO - Processing /home/airflow/.local/lib/python3.8/site-packages/airflow/example_dags/example_complex.py took 0.065 seconds
[2026-07-16T05:35:44.292+0000] {processor.py:161} INFO - Started process (PID=1602) to work on /home/airflow/.local/lib/python3.8/site-packages/airflow/example_dags/example_complex.py
[2026-07-16T05:35:44.293+0000] {processor.py:830} INFO - Processing file /home/airflow/.local/lib/python3.8/site-packages/airflow/example_dags/example_complex.py for tasks to queue
[2026-07-16T05:35:44.295+0000] {logging_mixin.py:188} INFO - [2026-07-16T05:35:44.294+0000] {dagbag.py:538} INFO - Filling up the DagBag from /home/airflow/.local/lib/python3.8/site-packages/airflow/example_dags/example_complex.py
[2026-07-16T05:35:44.303+0000] {processor.py:840} INFO - DAG(s) 'example_complex' retrieved from /home/airflow/.local/lib/python3.8/site-packages/airflow/example_dags/example_complex.py
[2026-07-16T05:35:44.330+0000] {logging_mixin.py:188} INFO - [2026-07-16T05:35:44.329+0000] {dag.py:3036} INFO - Sync 1 DAGs
[2026-07-16T05:35:44.339+0000] {logging_mixin.py:188} INFO - [2026-07-16T05:35:44.339+0000] {dag.py:3823} INFO - Setting next_dagrun for example_complex to None, run_after=None
[2026-07-16T05:35:44.354+0000] {processor.py:183} INFO - Processing /home/airflow/.local/lib/python3.8/site-packages/airflow/example_dags/example_complex.py took 0.065 seconds
[2026-07-16T05:36:14.566+0000] {processor.py:161} INFO - Started process (PID=1658) to work on /home/airflow/.local/lib/python3.8/site-packages/airflow/example_dags/example_complex.py
[2026-07-16T05:36:14.568+0000] {processor.py:830} INFO - Processing file /home/airflow/.local/lib/python3.8/site-packages/airflow/example_dags/example_complex.py for tasks to queue
[2026-07-16T05:36:14.570+0000] {logging_mixin.py:188} INFO - [2026-07-16T05:36:14.570+0000] {dagbag.py:538} INFO - Filling up the DagBag from /home/airflow/.local/lib/python3.8/site-packages/airflow/example_dags/example_complex.py
[2026-07-16T05:36:14.583+0000] {processor.py:840} INFO - DAG(s) 'example_complex' retrieved from /home/airflow/.local/lib/python3.8/site-packages/airflow/example_dags/example_complex.py
[2026-07-16T05:36:14.617+0000] {logging_mixin.py:188} INFO - [2026-07-16T05:36:14.617+0000] {dag.py:3036} INFO - Sync 1 DAGs
[2026-07-16T05:36:14.631+0000] {logging_mixin.py:188} INFO - [2026-07-16T05:36:14.631+0000] {dag.py:3823} INFO - Setting next_dagrun for example_complex to None, run_after=None
[2026-07-16T05:36:14.653+0000] {processor.py:183} INFO - Processing /home/airflow/.local/lib/python3.8/site-packages/airflow/example_dags/example_complex.py took 0.091 seconds
[2026-07-16T05:36:44.894+0000] {processor.py:161} INFO - Started process (PID=1715) to work on /home/airflow/.local/lib/python3.8/site-packages/airflow/example_dags/example_complex.py
[2026-07-16T05:36:44.895+0000] {processor.py:830} INFO - Processing file /home/airflow/.local/lib/python3.8/site-packages/airflow/example_dags/example_complex.py for tasks to queue
[2026-07-16T05:36:44.897+0000] {logging_mixin.py:188} INFO - [2026-07-16T05:36:44.897+0000] {dagbag.py:538} INFO - Filling up the DagBag from /home/airflow/.local/lib/python3.8/site-packages/airflow/example_dags/example_complex.py
[2026-07-16T05:36:44.907+0000] {processor.py:840} INFO - DAG(s) 'example_complex' retrieved from /home/airflow/.local/lib/python3.8/site-packages/airflow/example_dags/example_complex.py
[2026-07-16T05:36:44.934+0000] {logging_mixin.py:188} INFO - [2026-07-16T05:36:44.934+0000] {dag.py:3036} INFO - Sync 1 DAGs
[2026-07-16T05:36:44.944+0000] {logging_mixin.py:188} INFO - [2026-07-16T05:36:44.944+0000] {dag.py:3823} INFO - Setting next_dagrun for example_complex to None, run_after=None
[2026-07-16T05:36:44.960+0000] {processor.py:183} INFO - Processing /home/airflow/.local/lib/python3.8/site-packages/airflow/example_dags/example_complex.py took 0.070 seconds
[2026-07-16T05:37:15.344+0000] {processor.py:161} INFO - Started process (PID=1771) to work on /home/airflow/.local/lib/python3.8/site-packages/airflow/example_dags/example_complex.py
[2026-07-16T05:37:15.346+0000] {processor.py:830} INFO - Processing file /home/airflow/.local/lib/python3.8/site-packages/airflow/example_dags/example_complex.py for tasks to queue
[2026-07-16T05:37:15.350+0000] {logging_mixin.py:188} INFO - [2026-07-16T05:37:15.348+0000] {dagbag.py:538} INFO - Filling up the DagBag from /home/airflow/.local/lib/python3.8/site-packages/airflow/example_dags/example_complex.py
[2026-07-16T05:37:15.374+0000] {processor.py:840} INFO - DAG(s) 'example_complex' retrieved from /home/airflow/.local/lib/python3.8/site-packages/airflow/example_dags/example_complex.py
[2026-07-16T05:37:15.415+0000] {logging_mixin.py:188} INFO - [2026-07-16T05:37:15.415+0000] {dag.py:3036} INFO - Sync 1 DAGs
[2026-07-16T05:37:15.429+0000] {logging_mixin.py:188} INFO - [2026-07-16T05:37:15.429+0000] {dag.py:3823} INFO - Setting next_dagrun for example_complex to None, run_after=None
[2026-07-16T05:37:15.455+0000] {processor.py:183} INFO - Processing /home/airflow/.local/lib/python3.8/site-packages/airflow/example_dags/example_complex.py took 0.118 seconds
[2026-07-16T05:37:45.736+0000] {processor.py:161} INFO - Started process (PID=1827) to work on /home/airflow/.local/lib/python3.8/site-packages/airflow/example_dags/example_complex.py
[2026-07-16T05:37:45.738+0000] {processor.py:830} INFO - Processing file /home/airflow/.local/lib/python3.8/site-packages/airflow/example_dags/example_complex.py for tasks to queue
[2026-07-16T05:37:45.739+0000] {logging_mixin.py:188} INFO - [2026-07-16T05:37:45.739+0000] {dagbag.py:538} INFO - Filling up the DagBag from /home/airflow/.local/lib/python3.8/site-packages/airflow/example_dags/example_complex.py
[2026-07-16T05:37:45.750+0000] {processor.py:840} INFO - DAG(s) 'example_complex' retrieved from /home/airflow/.local/lib/python3.8/site-packages/airflow/example_dags/example_complex.py
[2026-07-16T05:37:45.779+0000] {logging_mixin.py:188} INFO - [2026-07-16T05:37:45.779+0000] {dag.py:3036} INFO - Sync 1 DAGs
[2026-07-16T05:37:45.792+0000] {logging_mixin.py:188} INFO - [2026-07-16T05:37:45.791+0000] {dag.py:3823} INFO - Setting next_dagrun for example_complex to None, run_after=None
[2026-07-16T05:37:45.813+0000] {processor.py:183} INFO - Processing /home/airflow/.local/lib/python3.8/site-packages/airflow/example_dags/example_complex.py took 0.080 seconds
[2026-07-16T05:38:15.982+0000] {processor.py:161} INFO - Started process (PID=1883) to work on /home/airflow/.local/lib/python3.8/site-packages/airflow/example_dags/example_complex.py
[2026-07-16T05:38:15.983+0000] {processor.py:830} INFO - Processing file /home/airflow/.local/lib/python3.8/site-packages/airflow/example_dags/example_complex.py for tasks to queue
[2026-07-16T05:38:15.984+0000] {logging_mixin.py:188} INFO - [2026-07-16T05:38:15.984+0000] {dagbag.py:538} INFO - Filling up the DagBag from /home/airflow/.local/lib/python3.8/site-packages/airflow/example_dags/example_complex.py
[2026-07-16T05:38:15.993+0000] {processor.py:840} INFO - DAG(s) 'example_complex' retrieved from /home/airflow/.local/lib/python3.8/site-packages/airflow/example_dags/example_complex.py
[2026-07-16T05:38:16.019+0000] {logging_mixin.py:188} INFO - [2026-07-16T05:38:16.019+0000] {dag.py:3036} INFO - Sync 1 DAGs
[2026-07-16T05:38:16.030+0000] {logging_mixin.py:188} INFO - [2026-07-16T05:38:16.030+0000] {dag.py:3823} INFO - Setting next_dagrun for example_complex to None, run_after=None
[2026-07-16T05:38:16.046+0000] {processor.py:183} INFO - Processing /home/airflow/.local/lib/python3.8/site-packages/airflow/example_dags/example_complex.py took 0.067 seconds
[2026-07-16T05:38:46.136+0000] {processor.py:161} INFO - Started process (PID=1937) to work on /home/airflow/.local/lib/python3.8/site-packages/airflow/example_dags/example_complex.py
[2026-07-16T05:38:46.137+0000] {processor.py:830} INFO - Processing file /home/airflow/.local/lib/python3.8/site-packages/airflow/example_dags/example_complex.py for tasks to queue
[2026-07-16T05:38:46.139+0000] {logging_mixin.py:188} INFO - [2026-07-16T05:38:46.139+0000] {dagbag.py:538} INFO - Filling up the DagBag from /home/airflow/.local/lib/python3.8/site-packages/airflow/example_dags/example_complex.py
[2026-07-16T05:38:46.147+0000] {processor.py:840} INFO - DAG(s) 'example_complex' retrieved from /home/airflow/.local/lib/python3.8/site-packages/airflow/example_dags/example_complex.py
[2026-07-16T05:38:46.198+0000] {logging_mixin.py:188} INFO - [2026-07-16T05:38:46.198+0000] {dag.py:3036} INFO - Sync 1 DAGs
[2026-07-16T05:38:46.217+0000] {logging_mixin.py:188} INFO - [2026-07-16T05:38:46.217+0000] {dag.py:3823} INFO - Setting next_dagrun for example_complex to None, run_after=None
[2026-07-16T05:38:46.257+0000] {processor.py:183} INFO - Processing /home/airflow/.local/lib/python3.8/site-packages/airflow/example_dags/example_complex.py took 0.124 seconds
[2026-07-16T05:39:16.553+0000] {processor.py:161} INFO - Started process (PID=1993) to work on /home/airflow/.local/lib/python3.8/site-packages/airflow/example_dags/example_complex.py
[2026-07-16T05:39:16.554+0000] {processor.py:830} INFO - Processing file /home/airflow/.local/lib/python3.8/site-packages/airflow/example_dags/example_complex.py for tasks to queue
[2026-07-16T05:39:16.556+0000] {logging_mixin.py:188} INFO - [2026-07-16T05:39:16.556+0000] {dagbag.py:538} INFO - Filling up the DagBag from /home/airflow/.local/lib/python3.8/site-packages/airflow/example_dags/example_complex.py
[2026-07-16T05:39:16.565+0000] {processor.py:840} INFO - DAG(s) 'example_complex' retrieved from /home/airflow/.local/lib/python3.8/site-packages/airflow/example_dags/example_complex.py
[2026-07-16T05:39:16.594+0000] {logging_mixin.py:188} INFO - [2026-07-16T05:39:16.594+0000] {dag.py:3036} INFO - Sync 1 DAGs
[2026-07-16T05:39:16.605+0000] {logging_mixin.py:188} INFO - [2026-07-16T05:39:16.604+0000] {dag.py:3823} INFO - Setting next_dagrun for example_complex to None, run_after=None
[2026-07-16T05:39:16.622+0000] {processor.py:183} INFO - Processing /home/airflow/.local/lib/python3.8/site-packages/airflow/example_dags/example_complex.py took 0.073 seconds
[2026-07-16T05:39:46.779+0000] {processor.py:161} INFO - Started process (PID=2049) to work on /home/airflow/.local/lib/python3.8/site-packages/airflow/example_dags/example_complex.py
[2026-07-16T05:39:46.781+0000] {processor.py:830} INFO - Processing file /home/airflow/.local/lib/python3.8/site-packages/airflow/example_dags/example_complex.py for tasks to queue
[2026-07-16T05:39:46.785+0000] {logging_mixin.py:188} INFO - [2026-07-16T05:39:46.784+0000] {dagbag.py:538} INFO - Filling up the DagBag from /home/airflow/.local/lib/python3.8/site-packages/airflow/example_dags/example_complex.py
[2026-07-16T05:39:46.797+0000] {processor.py:840} INFO - DAG(s) 'example_complex' retrieved from /home/airflow/.local/lib/python3.8/site-packages/airflow/example_dags/example_complex.py
[2026-07-16T05:39:46.835+0000] {logging_mixin.py:188} INFO - [2026-07-16T05:39:46.834+0000] {dag.py:3036} INFO - Sync 1 DAGs
[2026-07-16T05:39:46.847+0000] {logging_mixin.py:188} INFO - [2026-07-16T05:39:46.847+0000] {dag.py:3823} INFO - Setting next_dagrun for example_complex to None, run_after=None
[2026-07-16T05:39:46.869+0000] {processor.py:183} INFO - Processing /home/airflow/.local/lib/python3.8/site-packages/airflow/example_dags/example_complex.py took 0.097 seconds
[2026-07-16T05:40:16.999+0000] {processor.py:161} INFO - Started process (PID=2105) to work on /home/airflow/.local/lib/python3.8/site-packages/airflow/example_dags/example_complex.py
[2026-07-16T05:40:17.001+0000] {processor.py:830} INFO - Processing file /home/airflow/.local/lib/python3.8/site-packages/airflow/example_dags/example_complex.py for tasks to queue
[2026-07-16T05:40:17.003+0000] {logging_mixin.py:188} INFO - [2026-07-16T05:40:17.003+0000] {dagbag.py:538} INFO - Filling up the DagBag from /home/airflow/.local/lib/python3.8/site-packages/airflow/example_dags/example_complex.py
[2026-07-16T05:40:17.014+0000] {processor.py:840} INFO - DAG(s) 'example_complex' retrieved from /home/airflow/.local/lib/python3.8/site-packages/airflow/example_dags/example_complex.py
[2026-07-16T05:40:17.042+0000] {logging_mixin.py:188} INFO - [2026-07-16T05:40:17.042+0000] {dag.py:3036} INFO - Sync 1 DAGs
[2026-07-16T05:40:17.053+0000] {logging_mixin.py:188} INFO - [2026-07-16T05:40:17.053+0000] {dag.py:3823} INFO - Setting next_dagrun for example_complex to None, run_after=None
[2026-07-16T05:40:17.070+0000] {processor.py:183} INFO - Processing /home/airflow/.local/lib/python3.8/site-packages/airflow/example_dags/example_complex.py took 0.074 seconds
[2026-07-16T05:40:47.283+0000] {processor.py:161} INFO - Started process (PID=2161) to work on /home/airflow/.local/lib/python3.8/site-packages/airflow/example_dags/example_complex.py
[2026-07-16T05:40:47.285+0000] {processor.py:830} INFO - Processing file /home/airflow/.local/lib/python3.8/site-packages/airflow/example_dags/example_complex.py for tasks to queue
[2026-07-16T05:40:47.287+0000] {logging_mixin.py:188} INFO - [2026-07-16T05:40:47.287+0000] {dagbag.py:538} INFO - Filling up the DagBag from /home/airflow/.local/lib/python3.8/site-packages/airflow/example_dags/example_complex.py
[2026-07-16T05:40:47.297+0000] {processor.py:840} INFO - DAG(s) 'example_complex' retrieved from /home/airflow/.local/lib/python3.8/site-packages/airflow/example_dags/example_complex.py
[2026-07-16T05:40:47.344+0000] {logging_mixin.py:188} INFO - [2026-07-16T05:40:47.344+0000] {dag.py:3036} INFO - Sync 1 DAGs
[2026-07-16T05:40:47.358+0000] {logging_mixin.py:188} INFO - [2026-07-16T05:40:47.357+0000] {dag.py:3823} INFO - Setting next_dagrun for example_complex to None, run_after=None
[2026-07-16T05:40:47.385+0000] {processor.py:183} INFO - Processing /home/airflow/.local/lib/python3.8/site-packages/airflow/example_dags/example_complex.py took 0.106 seconds
[2026-07-16T05:41:17.644+0000] {processor.py:161} INFO - Started process (PID=2217) to work on /home/airflow/.local/lib/python3.8/site-packages/airflow/example_dags/example_complex.py
[2026-07-16T05:41:17.646+0000] {processor.py:830} INFO - Processing file /home/airflow/.local/lib/python3.8/site-packages/airflow/example_dags/example_complex.py for tasks to queue
[2026-07-16T05:41:17.647+0000] {logging_mixin.py:188} INFO - [2026-07-16T05:41:17.647+0000] {dagbag.py:538} INFO - Filling up the DagBag from /home/airflow/.local/lib/python3.8/site-packages/airflow/example_dags/example_complex.py
[2026-07-16T05:41:17.655+0000] {processor.py:840} INFO - DAG(s) 'example_complex' retrieved from /home/airflow/.local/lib/python3.8/site-packages/airflow/example_dags/example_complex.py
[2026-07-16T05:41:17.678+0000] {logging_mixin.py:188} INFO - [2026-07-16T05:41:17.677+0000] {dag.py:3036} INFO - Sync 1 DAGs
[2026-07-16T05:41:17.688+0000] {logging_mixin.py:188} INFO - [2026-07-16T05:41:17.687+0000] {dag.py:3823} INFO - Setting next_dagrun for example_complex to None, run_after=None
[2026-07-16T05:41:17.729+0000] {processor.py:183} INFO - Processing /home/airflow/.local/lib/python3.8/site-packages/airflow/example_dags/example_complex.py took 0.088 seconds
[2026-07-16T05:41:48.576+0000] {processor.py:161} INFO - Started process (PID=2273) to work on /home/airflow/.local/lib/python3.8/site-packages/airflow/example_dags/example_complex.py
[2026-07-16T05:41:48.578+0000] {processor.py:830} INFO - Processing file /home/airflow/.local/lib/python3.8/site-packages/airflow/example_dags/example_complex.py for tasks to queue
[2026-07-16T05:41:48.580+0000] {logging_mixin.py:188} INFO - [2026-07-16T05:41:48.579+0000] {dagbag.py:538} INFO - Filling up the DagBag from /home/airflow/.local/lib/python3.8/site-packages/airflow/example_dags/example_complex.py
[2026-07-16T05:41:48.588+0000] {processor.py:840} INFO - DAG(s) 'example_complex' retrieved from /home/airflow/.local/lib/python3.8/site-packages/airflow/example_dags/example_complex.py
[2026-07-16T05:41:48.611+0000] {logging_mixin.py:188} INFO - [2026-07-16T05:41:48.611+0000] {dag.py:3036} INFO - Sync 1 DAGs
[2026-07-16T05:41:48.620+0000] {logging_mixin.py:188} INFO - [2026-07-16T05:41:48.620+0000] {dag.py:3823} INFO - Setting next_dagrun for example_complex to None, run_after=None
[2026-07-16T05:41:48.635+0000] {processor.py:183} INFO - Processing /home/airflow/.local/lib/python3.8/site-packages/airflow/example_dags/example_complex.py took 0.062 seconds
[2026-07-16T05:42:19.600+0000] {processor.py:161} INFO - Started process (PID=2329) to work on /home/airflow/.local/lib/python3.8/site-packages/airflow/example_dags/example_complex.py
[2026-07-16T05:42:19.603+0000] {processor.py:830} INFO - Processing file /home/airflow/.local/lib/python3.8/site-packages/airflow/example_dags/example_complex.py for tasks to queue
[2026-07-16T05:42:19.607+0000] {logging_mixin.py:188} INFO - [2026-07-16T05:42:19.607+0000] {dagbag.py:538} INFO - Filling up the DagBag from /home/airflow/.local/lib/python3.8/site-packages/airflow/example_dags/example_complex.py
[2026-07-16T05:42:19.628+0000] {processor.py:840} INFO - DAG(s) 'example_complex' retrieved from /home/airflow/.local/lib/python3.8/site-packages/airflow/example_dags/example_complex.py
[2026-07-16T05:42:19.668+0000] {logging_mixin.py:188} INFO - [2026-07-16T05:42:19.667+0000] {dag.py:3036} INFO - Sync 1 DAGs
[2026-07-16T05:42:19.680+0000] {logging_mixin.py:188} INFO - [2026-07-16T05:42:19.680+0000] {dag.py:3823} INFO - Setting next_dagrun for example_complex to None, run_after=None
[2026-07-16T05:42:19.698+0000] {processor.py:183} INFO - Processing /home/airflow/.local/lib/python3.8/site-packages/airflow/example_dags/example_complex.py took 0.107 seconds
[2026-07-16T05:42:49.733+0000] {processor.py:161} INFO - Started process (PID=2385) to work on /home/airflow/.local/lib/python3.8/site-packages/airflow/example_dags/example_complex.py
[2026-07-16T05:42:49.734+0000] {processor.py:830} INFO - Processing file /home/airflow/.local/lib/python3.8/site-packages/airflow/example_dags/example_complex.py for tasks to queue
[2026-07-16T05:42:49.736+0000] {logging_mixin.py:188} INFO - [2026-07-16T05:42:49.736+0000] {dagbag.py:538} INFO - Filling up the DagBag from /home/airflow/.local/lib/python3.8/site-packages/airflow/example_dags/example_complex.py
[2026-07-16T05:42:49.745+0000] {processor.py:840} INFO - DAG(s) 'example_complex' retrieved from /home/airflow/.local/lib/python3.8/site-packages/airflow/example_dags/example_complex.py
[2026-07-16T05:42:49.768+0000] {logging_mixin.py:188} INFO - [2026-07-16T05:42:49.768+0000] {dag.py:3036} INFO - Sync 1 DAGs
[2026-07-16T05:42:49.778+0000] {logging_mixin.py:188} INFO - [2026-07-16T05:42:49.778+0000] {dag.py:3823} INFO - Setting next_dagrun for example_complex to None, run_after=None
[2026-07-16T05:42:49.793+0000] {processor.py:183} INFO - Processing /home/airflow/.local/lib/python3.8/site-packages/airflow/example_dags/example_complex.py took 0.063 seconds
[2026-07-16T05:43:20.291+0000] {processor.py:161} INFO - Started process (PID=2441) to work on /home/airflow/.local/lib/python3.8/site-packages/airflow/example_dags/example_complex.py
[2026-07-16T05:43:20.294+0000] {processor.py:830} INFO - Processing file /home/airflow/.local/lib/python3.8/site-packages/airflow/example_dags/example_complex.py for tasks to queue
[2026-07-16T05:43:20.296+0000] {logging_mixin.py:188} INFO - [2026-07-16T05:43:20.296+0000] {dagbag.py:538} INFO - Filling up the DagBag from /home/airflow/.local/lib/python3.8/site-packages/airflow/example_dags/example_complex.py
[2026-07-16T05:43:20.311+0000] {processor.py:840} INFO - DAG(s) 'example_complex' retrieved from /home/airflow/.local/lib/python3.8/site-packages/airflow/example_dags/example_complex.py
[2026-07-16T05:43:20.356+0000] {logging_mixin.py:188} INFO - [2026-07-16T05:43:20.356+0000] {dag.py:3036} INFO - Sync 1 DAGs
[2026-07-16T05:43:20.370+0000] {logging_mixin.py:188} INFO - [2026-07-16T05:43:20.369+0000] {dag.py:3823} INFO - Setting next_dagrun for example_complex to None, run_after=None
[2026-07-16T05:43:20.396+0000] {processor.py:183} INFO - Processing /home/airflow/.local/lib/python3.8/site-packages/airflow/example_dags/example_complex.py took 0.112 seconds
[2026-07-16T05:43:50.777+0000] {processor.py:161} INFO - Started process (PID=2497) to work on /home/airflow/.local/lib/python3.8/site-packages/airflow/example_dags/example_complex.py
[2026-07-16T05:43:50.779+0000] {processor.py:830} INFO - Processing file /home/airflow/.local/lib/python3.8/site-packages/airflow/example_dags/example_complex.py for tasks to queue
[2026-07-16T05:43:50.781+0000] {logging_mixin.py:188} INFO - [2026-07-16T05:43:50.781+0000] {dagbag.py:538} INFO - Filling up the DagBag from /home/airflow/.local/lib/python3.8/site-packages/airflow/example_dags/example_complex.py
[2026-07-16T05:43:50.792+0000] {processor.py:840} INFO - DAG(s) 'example_complex' retrieved from /home/airflow/.local/lib/python3.8/site-packages/airflow/example_dags/example_complex.py
[2026-07-16T05:43:50.820+0000] {logging_mixin.py:188} INFO - [2026-07-16T05:43:50.820+0000] {dag.py:3036} INFO - Sync 1 DAGs
[2026-07-16T05:43:50.830+0000] {logging_mixin.py:188} INFO - [2026-07-16T05:43:50.830+0000] {dag.py:3823} INFO - Setting next_dagrun for example_complex to None, run_after=None
[2026-07-16T05:43:50.852+0000] {processor.py:183} INFO - Processing /home/airflow/.local/lib/python3.8/site-packages/airflow/example_dags/example_complex.py took 0.077 seconds
[2026-07-16T05:44:21.236+0000] {processor.py:161} INFO - Started process (PID=2553) to work on /home/airflow/.local/lib/python3.8/site-packages/airflow/example_dags/example_complex.py
[2026-07-16T05:44:21.237+0000] {processor.py:830} INFO - Processing file /home/airflow/.local/lib/python3.8/site-packages/airflow/example_dags/example_complex.py for tasks to queue
[2026-07-16T05:44:21.239+0000] {logging_mixin.py:188} INFO - [2026-07-16T05:44:21.239+0000] {dagbag.py:538} INFO - Filling up the DagBag from /home/airflow/.local/lib/python3.8/site-packages/airflow/example_dags/example_complex.py
[2026-07-16T05:44:21.252+0000] {processor.py:840} INFO - DAG(s) 'example_complex' retrieved from /home/airflow/.local/lib/python3.8/site-packages/airflow/example_dags/example_complex.py
[2026-07-16T05:44:21.282+0000] {logging_mixin.py:188} INFO - [2026-07-16T05:44:21.282+0000] {dag.py:3036} INFO - Sync 1 DAGs
[2026-07-16T05:44:21.301+0000] {logging_mixin.py:188} INFO - [2026-07-16T05:44:21.300+0000] {dag.py:3823} INFO - Setting next_dagrun for example_complex to None, run_after=None
[2026-07-16T05:44:21.330+0000] {processor.py:183} INFO - Processing /home/airflow/.local/lib/python3.8/site-packages/airflow/example_dags/example_complex.py took 0.099 seconds
[2026-07-16T05:44:51.530+0000] {processor.py:161} INFO - Started process (PID=2609) to work on /home/airflow/.local/lib/python3.8/site-packages/airflow/example_dags/example_complex.py
[2026-07-16T05:44:51.531+0000] {processor.py:830} INFO - Processing file /home/airflow/.local/lib/python3.8/site-packages/airflow/example_dags/example_complex.py for tasks to queue
[2026-07-16T05:44:51.533+0000] {logging_mixin.py:188} INFO - [2026-07-16T05:44:51.533+0000] {dagbag.py:538} INFO - Filling up the DagBag from /home/airflow/.local/lib/python3.8/site-packages/airflow/example_dags/example_complex.py
[2026-07-16T05:44:51.542+0000] {processor.py:840} INFO - DAG(s) 'example_complex' retrieved from /home/airflow/.local/lib/python3.8/site-packages/airflow/example_dags/example_complex.py
[2026-07-16T05:44:51.569+0000] {logging_mixin.py:188} INFO - [2026-07-16T05:44:51.568+0000] {dag.py:3036} INFO - Sync 1 DAGs
[2026-07-16T05:44:51.578+0000] {logging_mixin.py:188} INFO - [2026-07-16T05:44:51.578+0000] {dag.py:3823} INFO - Setting next_dagrun for example_complex to None, run_after=None
[2026-07-16T05:44:51.594+0000] {processor.py:183} INFO - Processing /home/airflow/.local/lib/python3.8/site-packages/airflow/example_dags/example_complex.py took 0.067 seconds
[2026-07-16T05:45:21.714+0000] {processor.py:161} INFO - Started process (PID=2665) to work on /home/airflow/.local/lib/python3.8/site-packages/airflow/example_dags/example_complex.py
[2026-07-16T05:45:21.715+0000] {processor.py:830} INFO - Processing file /home/airflow/.local/lib/python3.8/site-packages/airflow/example_dags/example_complex.py for tasks to queue
[2026-07-16T05:45:21.716+0000] {logging_mixin.py:188} INFO - [2026-07-16T05:45:21.716+0000] {dagbag.py:538} INFO - Filling up the DagBag from /home/airflow/.local/lib/python3.8/site-packages/airflow/example_dags/example_complex.py
[2026-07-16T05:45:21.724+0000] {processor.py:840} INFO - DAG(s) 'example_complex' retrieved from /home/airflow/.local/lib/python3.8/site-packages/airflow/example_dags/example_complex.py
[2026-07-16T05:45:21.743+0000] {logging_mixin.py:188} INFO - [2026-07-16T05:45:21.743+0000] {dag.py:3036} INFO - Sync 1 DAGs
[2026-07-16T05:45:21.751+0000] {logging_mixin.py:188} INFO - [2026-07-16T05:45:21.751+0000] {dag.py:3823} INFO - Setting next_dagrun for example_complex to None, run_after=None
[2026-07-16T05:45:21.765+0000] {processor.py:183} INFO - Processing /home/airflow/.local/lib/python3.8/site-packages/airflow/example_dags/example_complex.py took 0.053 seconds
[2026-07-16T05:45:52.594+0000] {processor.py:161} INFO - Started process (PID=2721) to work on /home/airflow/.local/lib/python3.8/site-packages/airflow/example_dags/example_complex.py
[2026-07-16T05:45:52.595+0000] {processor.py:830} INFO - Processing file /home/airflow/.local/lib/python3.8/site-packages/airflow/example_dags/example_complex.py for tasks to queue
[2026-07-16T05:45:52.596+0000] {logging_mixin.py:188} INFO - [2026-07-16T05:45:52.596+0000] {dagbag.py:538} INFO - Filling up the DagBag from /home/airflow/.local/lib/python3.8/site-packages/airflow/example_dags/example_complex.py
[2026-07-16T05:45:52.604+0000] {processor.py:840} INFO - DAG(s) 'example_complex' retrieved from /home/airflow/.local/lib/python3.8/site-packages/airflow/example_dags/example_complex.py
[2026-07-16T05:45:52.625+0000] {logging_mixin.py:188} INFO - [2026-07-16T05:45:52.624+0000] {dag.py:3036} INFO - Sync 1 DAGs
[2026-07-16T05:45:52.633+0000] {logging_mixin.py:188} INFO - [2026-07-16T05:45:52.633+0000] {dag.py:3823} INFO - Setting next_dagrun for example_complex to None, run_after=None
[2026-07-16T05:45:52.646+0000] {processor.py:183} INFO - Processing /home/airflow/.local/lib/python3.8/site-packages/airflow/example_dags/example_complex.py took 0.055 seconds
[2026-07-16T05:46:23.556+0000] {processor.py:161} INFO - Started process (PID=2777) to work on /home/airflow/.local/lib/python3.8/site-packages/airflow/example_dags/example_complex.py
[2026-07-16T05:46:23.558+0000] {processor.py:830} INFO - Processing file /home/airflow/.local/lib/python3.8/site-packages/airflow/example_dags/example_complex.py for tasks to queue
[2026-07-16T05:46:23.559+0000] {logging_mixin.py:188} INFO - [2026-07-16T05:46:23.559+0000] {dagbag.py:538} INFO - Filling up the DagBag from /home/airflow/.local/lib/python3.8/site-packages/airflow/example_dags/example_complex.py
[2026-07-16T05:46:23.571+0000] {processor.py:840} INFO - DAG(s) 'example_complex' retrieved from /home/airflow/.local/lib/python3.8/site-packages/airflow/example_dags/example_complex.py
[2026-07-16T05:46:23.595+0000] {logging_mixin.py:188} INFO - [2026-07-16T05:46:23.595+0000] {dag.py:3036} INFO - Sync 1 DAGs
[2026-07-16T05:46:23.604+0000] {logging_mixin.py:188} INFO - [2026-07-16T05:46:23.604+0000] {dag.py:3823} INFO - Setting next_dagrun for example_complex to None, run_after=None
[2026-07-16T05:46:23.621+0000] {processor.py:183} INFO - Processing /home/airflow/.local/lib/python3.8/site-packages/airflow/example_dags/example_complex.py took 0.070 seconds
[2026-07-16T05:46:53.813+0000] {processor.py:161} INFO - Started process (PID=2833) to work on /home/airflow/.local/lib/python3.8/site-packages/airflow/example_dags/example_complex.py
[2026-07-16T05:46:53.814+0000] {processor.py:830} INFO - Processing file /home/airflow/.local/lib/python3.8/site-packages/airflow/example_dags/example_complex.py for tasks to queue
[2026-07-16T05:46:53.815+0000] {logging_mixin.py:188} INFO - [2026-07-16T05:46:53.815+0000] {dagbag.py:538} INFO - Filling up the DagBag from /home/airflow/.local/lib/python3.8/site-packages/airflow/example_dags/example_complex.py
[2026-07-16T05:46:53.822+0000] {processor.py:840} INFO - DAG(s) 'example_complex' retrieved from /home/airflow/.local/lib/python3.8/site-packages/airflow/example_dags/example_complex.py
[2026-07-16T05:46:53.842+0000] {logging_mixin.py:188} INFO - [2026-07-16T05:46:53.842+0000] {dag.py:3036} INFO - Sync 1 DAGs
[2026-07-16T05:46:53.851+0000] {logging_mixin.py:188} INFO - [2026-07-16T05:46:53.851+0000] {dag.py:3823} INFO - Setting next_dagrun for example_complex to None, run_after=None
[2026-07-16T05:46:53.865+0000] {processor.py:183} INFO - Processing /home/airflow/.local/lib/python3.8/site-packages/airflow/example_dags/example_complex.py took 0.054 seconds
[2026-07-16T05:47:24.587+0000] {processor.py:161} INFO - Started process (PID=2889) to work on /home/airflow/.local/lib/python3.8/site-packages/airflow/example_dags/example_complex.py
[2026-07-16T05:47:24.588+0000] {processor.py:830} INFO - Processing file /home/airflow/.local/lib/python3.8/site-packages/airflow/example_dags/example_complex.py for tasks to queue
[2026-07-16T05:47:24.589+0000] {logging_mixin.py:188} INFO - [2026-07-16T05:47:24.589+0000] {dagbag.py:538} INFO - Filling up the DagBag from /home/airflow/.local/lib/python3.8/site-packages/airflow/example_dags/example_complex.py
[2026-07-16T05:47:24.596+0000] {processor.py:840} INFO - DAG(s) 'example_complex' retrieved from /home/airflow/.local/lib/python3.8/site-packages/airflow/example_dags/example_complex.py
[2026-07-16T05:47:24.615+0000] {logging_mixin.py:188} INFO - [2026-07-16T05:47:24.615+0000] {dag.py:3036} INFO - Sync 1 DAGs
[2026-07-16T05:47:24.624+0000] {logging_mixin.py:188} INFO - [2026-07-16T05:47:24.624+0000] {dag.py:3823} INFO - Setting next_dagrun for example_complex to None, run_after=None
[2026-07-16T05:47:24.638+0000] {processor.py:183} INFO - Processing /home/airflow/.local/lib/python3.8/site-packages/airflow/example_dags/example_complex.py took 0.057 seconds
[2026-07-16T05:47:54.692+0000] {processor.py:161} INFO - Started process (PID=2945) to work on /home/airflow/.local/lib/python3.8/site-packages/airflow/example_dags/example_complex.py
[2026-07-16T05:47:54.694+0000] {processor.py:830} INFO - Processing file /home/airflow/.local/lib/python3.8/site-packages/airflow/example_dags/example_complex.py for tasks to queue
[2026-07-16T05:47:54.696+0000] {logging_mixin.py:188} INFO - [2026-07-16T05:47:54.696+0000] {dagbag.py:538} INFO - Filling up the DagBag from /home/airflow/.local/lib/python3.8/site-packages/airflow/example_dags/example_complex.py
[2026-07-16T05:47:54.710+0000] {processor.py:840} INFO - DAG(s) 'example_complex' retrieved from /home/airflow/.local/lib/python3.8/site-packages/airflow/example_dags/example_complex.py
[2026-07-16T05:47:54.749+0000] {logging_mixin.py:188} INFO - [2026-07-16T05:47:54.748+0000] {dag.py:3036} INFO - Sync 1 DAGs
[2026-07-16T05:47:54.761+0000] {logging_mixin.py:188} INFO - [2026-07-16T05:47:54.761+0000] {dag.py:3823} INFO - Setting next_dagrun for example_complex to None, run_after=None
[2026-07-16T05:47:54.788+0000] {processor.py:183} INFO - Processing /home/airflow/.local/lib/python3.8/site-packages/airflow/example_dags/example_complex.py took 0.099 seconds
[2026-07-16T05:48:25.425+0000] {processor.py:161} INFO - Started process (PID=3001) to work on /home/airflow/.local/lib/python3.8/site-packages/airflow/example_dags/example_complex.py
[2026-07-16T05:48:25.426+0000] {processor.py:830} INFO - Processing file /home/airflow/.local/lib/python3.8/site-packages/airflow/example_dags/example_complex.py for tasks to queue
[2026-07-16T05:48:25.428+0000] {logging_mixin.py:188} INFO - [2026-07-16T05:48:25.427+0000] {dagbag.py:538} INFO - Filling up the DagBag from /home/airflow/.local/lib/python3.8/site-packages/airflow/example_dags/example_complex.py
[2026-07-16T05:48:25.441+0000] {processor.py:840} INFO - DAG(s) 'example_complex' retrieved from /home/airflow/.local/lib/python3.8/site-packages/airflow/example_dags/example_complex.py
[2026-07-16T05:48:25.478+0000] {logging_mixin.py:188} INFO - [2026-07-16T05:48:25.477+0000] {dag.py:3036} INFO - Sync 1 DAGs
[2026-07-16T05:48:25.489+0000] {logging_mixin.py:188} INFO - [2026-07-16T05:48:25.489+0000] {dag.py:3823} INFO - Setting next_dagrun for example_complex to None, run_after=None
[2026-07-16T05:48:25.511+0000] {processor.py:183} INFO - Processing /home/airflow/.local/lib/python3.8/site-packages/airflow/example_dags/example_complex.py took 0.090 seconds
