[2026-07-16T05:21:56.668+0000] {processor.py:161} INFO - Started process (PID=78) to work on /home/airflow/.local/lib/python3.8/site-packages/airflow/example_dags/example_xcomargs.py
[2026-07-16T05:21:56.669+0000] {processor.py:830} INFO - Processing file /home/airflow/.local/lib/python3.8/site-packages/airflow/example_dags/example_xcomargs.py for tasks to queue
[2026-07-16T05:21:56.672+0000] {logging_mixin.py:188} INFO - [2026-07-16T05:21:56.672+0000] {dagbag.py:538} INFO - Filling up the DagBag from /home/airflow/.local/lib/python3.8/site-packages/airflow/example_dags/example_xcomargs.py
[2026-07-16T05:21:56.696+0000] {processor.py:840} INFO - DAG(s) 'example_xcom_args', 'example_xcom_args_with_operators' retrieved from /home/airflow/.local/lib/python3.8/site-packages/airflow/example_dags/example_xcomargs.py
[2026-07-16T05:21:56.864+0000] {logging_mixin.py:188} INFO - [2026-07-16T05:21:56.864+0000] {dag.py:3036} INFO - Sync 2 DAGs
[2026-07-16T05:21:56.882+0000] {logging_mixin.py:188} INFO - [2026-07-16T05:21:56.882+0000] {dag.py:3823} INFO - Setting next_dagrun for example_xcom_args to None, run_after=None
[2026-07-16T05:21:56.887+0000] {logging_mixin.py:188} INFO - [2026-07-16T05:21:56.887+0000] {dag.py:3823} INFO - Setting next_dagrun for example_xcom_args_with_operators to None, run_after=None
[2026-07-16T05:21:56.918+0000] {processor.py:183} INFO - Processing /home/airflow/.local/lib/python3.8/site-packages/airflow/example_dags/example_xcomargs.py took 0.256 seconds
[2026-07-16T05:22:27.047+0000] {processor.py:161} INFO - Started process (PID=134) to work on /home/airflow/.local/lib/python3.8/site-packages/airflow/example_dags/example_xcomargs.py
[2026-07-16T05:22:27.050+0000] {processor.py:830} INFO - Processing file /home/airflow/.local/lib/python3.8/site-packages/airflow/example_dags/example_xcomargs.py for tasks to queue
[2026-07-16T05:22:27.058+0000] {logging_mixin.py:188} INFO - [2026-07-16T05:22:27.057+0000] {dagbag.py:538} INFO - Filling up the DagBag from /home/airflow/.local/lib/python3.8/site-packages/airflow/example_dags/example_xcomargs.py
[2026-07-16T05:22:27.092+0000] {processor.py:840} INFO - DAG(s) 'example_xcom_args_with_operators', 'example_xcom_args' retrieved from /home/airflow/.local/lib/python3.8/site-packages/airflow/example_dags/example_xcomargs.py
[2026-07-16T05:22:27.170+0000] {logging_mixin.py:188} INFO - [2026-07-16T05:22:27.169+0000] {dag.py:3036} INFO - Sync 2 DAGs
[2026-07-16T05:22:27.218+0000] {logging_mixin.py:188} INFO - [2026-07-16T05:22:27.217+0000] {dag.py:3823} INFO - Setting next_dagrun for example_xcom_args to None, run_after=None
[2026-07-16T05:22:27.227+0000] {logging_mixin.py:188} INFO - [2026-07-16T05:22:27.226+0000] {dag.py:3823} INFO - Setting next_dagrun for example_xcom_args_with_operators to None, run_after=None
[2026-07-16T05:22:27.277+0000] {processor.py:183} INFO - Processing /home/airflow/.local/lib/python3.8/site-packages/airflow/example_dags/example_xcomargs.py took 0.237 seconds
[2026-07-16T05:22:57.886+0000] {processor.py:161} INFO - Started process (PID=192) to work on /home/airflow/.local/lib/python3.8/site-packages/airflow/example_dags/example_xcomargs.py
[2026-07-16T05:22:57.891+0000] {processor.py:830} INFO - Processing file /home/airflow/.local/lib/python3.8/site-packages/airflow/example_dags/example_xcomargs.py for tasks to queue
[2026-07-16T05:22:57.901+0000] {logging_mixin.py:188} INFO - [2026-07-16T05:22:57.900+0000] {dagbag.py:538} INFO - Filling up the DagBag from /home/airflow/.local/lib/python3.8/site-packages/airflow/example_dags/example_xcomargs.py
[2026-07-16T05:22:57.922+0000] {processor.py:840} INFO - DAG(s) 'example_xcom_args_with_operators', 'example_xcom_args' retrieved from /home/airflow/.local/lib/python3.8/site-packages/airflow/example_dags/example_xcomargs.py
[2026-07-16T05:22:57.982+0000] {logging_mixin.py:188} INFO - [2026-07-16T05:22:57.981+0000] {dag.py:3036} INFO - Sync 2 DAGs
[2026-07-16T05:22:58.011+0000] {logging_mixin.py:188} INFO - [2026-07-16T05:22:58.011+0000] {dag.py:3823} INFO - Setting next_dagrun for example_xcom_args to None, run_after=None
[2026-07-16T05:22:58.020+0000] {logging_mixin.py:188} INFO - [2026-07-16T05:22:58.019+0000] {dag.py:3823} INFO - Setting next_dagrun for example_xcom_args_with_operators to None, run_after=None
[2026-07-16T05:22:58.078+0000] {processor.py:183} INFO - Processing /home/airflow/.local/lib/python3.8/site-packages/airflow/example_dags/example_xcomargs.py took 0.206 seconds
[2026-07-16T05:23:29.092+0000] {processor.py:161} INFO - Started process (PID=248) to work on /home/airflow/.local/lib/python3.8/site-packages/airflow/example_dags/example_xcomargs.py
[2026-07-16T05:23:29.095+0000] {processor.py:830} INFO - Processing file /home/airflow/.local/lib/python3.8/site-packages/airflow/example_dags/example_xcomargs.py for tasks to queue
[2026-07-16T05:23:29.097+0000] {logging_mixin.py:188} INFO - [2026-07-16T05:23:29.097+0000] {dagbag.py:538} INFO - Filling up the DagBag from /home/airflow/.local/lib/python3.8/site-packages/airflow/example_dags/example_xcomargs.py
[2026-07-16T05:23:29.111+0000] {processor.py:840} INFO - DAG(s) 'example_xcom_args_with_operators', 'example_xcom_args' retrieved from /home/airflow/.local/lib/python3.8/site-packages/airflow/example_dags/example_xcomargs.py
[2026-07-16T05:23:29.149+0000] {logging_mixin.py:188} INFO - [2026-07-16T05:23:29.148+0000] {dag.py:3036} INFO - Sync 2 DAGs
[2026-07-16T05:23:29.170+0000] {logging_mixin.py:188} INFO - [2026-07-16T05:23:29.169+0000] {dag.py:3823} INFO - Setting next_dagrun for example_xcom_args to None, run_after=None
[2026-07-16T05:23:29.174+0000] {logging_mixin.py:188} INFO - [2026-07-16T05:23:29.174+0000] {dag.py:3823} INFO - Setting next_dagrun for example_xcom_args_with_operators to None, run_after=None
[2026-07-16T05:23:29.196+0000] {processor.py:183} INFO - Processing /home/airflow/.local/lib/python3.8/site-packages/airflow/example_dags/example_xcomargs.py took 0.112 seconds
[2026-07-16T05:23:59.801+0000] {processor.py:161} INFO - Started process (PID=308) to work on /home/airflow/.local/lib/python3.8/site-packages/airflow/example_dags/example_xcomargs.py
[2026-07-16T05:23:59.805+0000] {processor.py:830} INFO - Processing file /home/airflow/.local/lib/python3.8/site-packages/airflow/example_dags/example_xcomargs.py for tasks to queue
[2026-07-16T05:23:59.816+0000] {logging_mixin.py:188} INFO - [2026-07-16T05:23:59.815+0000] {dagbag.py:538} INFO - Filling up the DagBag from /home/airflow/.local/lib/python3.8/site-packages/airflow/example_dags/example_xcomargs.py
[2026-07-16T05:23:59.845+0000] {processor.py:840} INFO - DAG(s) 'example_xcom_args_with_operators', 'example_xcom_args' retrieved from /home/airflow/.local/lib/python3.8/site-packages/airflow/example_dags/example_xcomargs.py
[2026-07-16T05:23:59.956+0000] {logging_mixin.py:188} INFO - [2026-07-16T05:23:59.955+0000] {dag.py:3036} INFO - Sync 2 DAGs
[2026-07-16T05:24:00.005+0000] {logging_mixin.py:188} INFO - [2026-07-16T05:24:00.005+0000] {dag.py:3823} INFO - Setting next_dagrun for example_xcom_args to None, run_after=None
[2026-07-16T05:24:00.019+0000] {logging_mixin.py:188} INFO - [2026-07-16T05:24:00.018+0000] {dag.py:3823} INFO - Setting next_dagrun for example_xcom_args_with_operators to None, run_after=None
[2026-07-16T05:24:00.103+0000] {processor.py:183} INFO - Processing /home/airflow/.local/lib/python3.8/site-packages/airflow/example_dags/example_xcomargs.py took 0.312 seconds
[2026-07-16T05:24:30.222+0000] {processor.py:161} INFO - Started process (PID=365) to work on /home/airflow/.local/lib/python3.8/site-packages/airflow/example_dags/example_xcomargs.py
[2026-07-16T05:24:30.229+0000] {processor.py:830} INFO - Processing file /home/airflow/.local/lib/python3.8/site-packages/airflow/example_dags/example_xcomargs.py for tasks to queue
[2026-07-16T05:24:30.235+0000] {logging_mixin.py:188} INFO - [2026-07-16T05:24:30.234+0000] {dagbag.py:538} INFO - Filling up the DagBag from /home/airflow/.local/lib/python3.8/site-packages/airflow/example_dags/example_xcomargs.py
[2026-07-16T05:24:30.259+0000] {processor.py:840} INFO - DAG(s) 'example_xcom_args_with_operators', 'example_xcom_args' retrieved from /home/airflow/.local/lib/python3.8/site-packages/airflow/example_dags/example_xcomargs.py
[2026-07-16T05:24:30.316+0000] {logging_mixin.py:188} INFO - [2026-07-16T05:24:30.315+0000] {dag.py:3036} INFO - Sync 2 DAGs
[2026-07-16T05:24:30.344+0000] {logging_mixin.py:188} INFO - [2026-07-16T05:24:30.343+0000] {dag.py:3823} INFO - Setting next_dagrun for example_xcom_args to None, run_after=None
[2026-07-16T05:24:30.352+0000] {logging_mixin.py:188} INFO - [2026-07-16T05:24:30.352+0000] {dag.py:3823} INFO - Setting next_dagrun for example_xcom_args_with_operators to None, run_after=None
[2026-07-16T05:24:30.395+0000] {processor.py:183} INFO - Processing /home/airflow/.local/lib/python3.8/site-packages/airflow/example_dags/example_xcomargs.py took 0.182 seconds
[2026-07-16T05:25:00.523+0000] {processor.py:161} INFO - Started process (PID=421) to work on /home/airflow/.local/lib/python3.8/site-packages/airflow/example_dags/example_xcomargs.py
[2026-07-16T05:25:00.525+0000] {processor.py:830} INFO - Processing file /home/airflow/.local/lib/python3.8/site-packages/airflow/example_dags/example_xcomargs.py for tasks to queue
[2026-07-16T05:25:00.528+0000] {logging_mixin.py:188} INFO - [2026-07-16T05:25:00.528+0000] {dagbag.py:538} INFO - Filling up the DagBag from /home/airflow/.local/lib/python3.8/site-packages/airflow/example_dags/example_xcomargs.py
[2026-07-16T05:25:00.545+0000] {processor.py:840} INFO - DAG(s) 'example_xcom_args', 'example_xcom_args_with_operators' retrieved from /home/airflow/.local/lib/python3.8/site-packages/airflow/example_dags/example_xcomargs.py
[2026-07-16T05:25:00.589+0000] {logging_mixin.py:188} INFO - [2026-07-16T05:25:00.589+0000] {dag.py:3036} INFO - Sync 2 DAGs
[2026-07-16T05:25:00.611+0000] {logging_mixin.py:188} INFO - [2026-07-16T05:25:00.611+0000] {dag.py:3823} INFO - Setting next_dagrun for example_xcom_args to None, run_after=None
[2026-07-16T05:25:00.619+0000] {logging_mixin.py:188} INFO - [2026-07-16T05:25:00.619+0000] {dag.py:3823} INFO - Setting next_dagrun for example_xcom_args_with_operators to None, run_after=None
[2026-07-16T05:25:00.650+0000] {processor.py:183} INFO - Processing /home/airflow/.local/lib/python3.8/site-packages/airflow/example_dags/example_xcomargs.py took 0.136 seconds
[2026-07-16T05:25:31.095+0000] {processor.py:161} INFO - Started process (PID=477) to work on /home/airflow/.local/lib/python3.8/site-packages/airflow/example_dags/example_xcomargs.py
[2026-07-16T05:25:31.098+0000] {processor.py:830} INFO - Processing file /home/airflow/.local/lib/python3.8/site-packages/airflow/example_dags/example_xcomargs.py for tasks to queue
[2026-07-16T05:25:31.100+0000] {logging_mixin.py:188} INFO - [2026-07-16T05:25:31.100+0000] {dagbag.py:538} INFO - Filling up the DagBag from /home/airflow/.local/lib/python3.8/site-packages/airflow/example_dags/example_xcomargs.py
[2026-07-16T05:25:31.113+0000] {processor.py:840} INFO - DAG(s) 'example_xcom_args', 'example_xcom_args_with_operators' retrieved from /home/airflow/.local/lib/python3.8/site-packages/airflow/example_dags/example_xcomargs.py
[2026-07-16T05:25:31.153+0000] {logging_mixin.py:188} INFO - [2026-07-16T05:25:31.152+0000] {dag.py:3036} INFO - Sync 2 DAGs
[2026-07-16T05:25:31.176+0000] {logging_mixin.py:188} INFO - [2026-07-16T05:25:31.175+0000] {dag.py:3823} INFO - Setting next_dagrun for example_xcom_args to None, run_after=None
[2026-07-16T05:25:31.182+0000] {logging_mixin.py:188} INFO - [2026-07-16T05:25:31.182+0000] {dag.py:3823} INFO - Setting next_dagrun for example_xcom_args_with_operators to None, run_after=None
[2026-07-16T05:25:31.212+0000] {processor.py:183} INFO - Processing /home/airflow/.local/lib/python3.8/site-packages/airflow/example_dags/example_xcomargs.py took 0.125 seconds
[2026-07-16T05:26:01.311+0000] {processor.py:161} INFO - Started process (PID=533) to work on /home/airflow/.local/lib/python3.8/site-packages/airflow/example_dags/example_xcomargs.py
[2026-07-16T05:26:01.313+0000] {processor.py:830} INFO - Processing file /home/airflow/.local/lib/python3.8/site-packages/airflow/example_dags/example_xcomargs.py for tasks to queue
[2026-07-16T05:26:01.315+0000] {logging_mixin.py:188} INFO - [2026-07-16T05:26:01.315+0000] {dagbag.py:538} INFO - Filling up the DagBag from /home/airflow/.local/lib/python3.8/site-packages/airflow/example_dags/example_xcomargs.py
[2026-07-16T05:26:01.328+0000] {processor.py:840} INFO - DAG(s) 'example_xcom_args', 'example_xcom_args_with_operators' retrieved from /home/airflow/.local/lib/python3.8/site-packages/airflow/example_dags/example_xcomargs.py
[2026-07-16T05:26:01.357+0000] {logging_mixin.py:188} INFO - [2026-07-16T05:26:01.357+0000] {dag.py:3036} INFO - Sync 2 DAGs
[2026-07-16T05:26:01.377+0000] {logging_mixin.py:188} INFO - [2026-07-16T05:26:01.377+0000] {dag.py:3823} INFO - Setting next_dagrun for example_xcom_args to None, run_after=None
[2026-07-16T05:26:01.382+0000] {logging_mixin.py:188} INFO - [2026-07-16T05:26:01.382+0000] {dag.py:3823} INFO - Setting next_dagrun for example_xcom_args_with_operators to None, run_after=None
[2026-07-16T05:26:01.406+0000] {processor.py:183} INFO - Processing /home/airflow/.local/lib/python3.8/site-packages/airflow/example_dags/example_xcomargs.py took 0.100 seconds
[2026-07-16T05:26:31.450+0000] {processor.py:161} INFO - Started process (PID=589) to work on /home/airflow/.local/lib/python3.8/site-packages/airflow/example_dags/example_xcomargs.py
[2026-07-16T05:26:31.452+0000] {processor.py:830} INFO - Processing file /home/airflow/.local/lib/python3.8/site-packages/airflow/example_dags/example_xcomargs.py for tasks to queue
[2026-07-16T05:26:31.455+0000] {logging_mixin.py:188} INFO - [2026-07-16T05:26:31.454+0000] {dagbag.py:538} INFO - Filling up the DagBag from /home/airflow/.local/lib/python3.8/site-packages/airflow/example_dags/example_xcomargs.py
[2026-07-16T05:26:31.465+0000] {processor.py:840} INFO - DAG(s) 'example_xcom_args', 'example_xcom_args_with_operators' retrieved from /home/airflow/.local/lib/python3.8/site-packages/airflow/example_dags/example_xcomargs.py
[2026-07-16T05:26:31.498+0000] {logging_mixin.py:188} INFO - [2026-07-16T05:26:31.498+0000] {dag.py:3036} INFO - Sync 2 DAGs
[2026-07-16T05:26:31.514+0000] {logging_mixin.py:188} INFO - [2026-07-16T05:26:31.514+0000] {dag.py:3823} INFO - Setting next_dagrun for example_xcom_args to None, run_after=None
[2026-07-16T05:26:31.519+0000] {logging_mixin.py:188} INFO - [2026-07-16T05:26:31.519+0000] {dag.py:3823} INFO - Setting next_dagrun for example_xcom_args_with_operators to None, run_after=None
[2026-07-16T05:26:31.541+0000] {processor.py:183} INFO - Processing /home/airflow/.local/lib/python3.8/site-packages/airflow/example_dags/example_xcomargs.py took 0.095 seconds
[2026-07-16T05:27:01.780+0000] {processor.py:161} INFO - Started process (PID=645) to work on /home/airflow/.local/lib/python3.8/site-packages/airflow/example_dags/example_xcomargs.py
[2026-07-16T05:27:01.783+0000] {processor.py:830} INFO - Processing file /home/airflow/.local/lib/python3.8/site-packages/airflow/example_dags/example_xcomargs.py for tasks to queue
[2026-07-16T05:27:01.786+0000] {logging_mixin.py:188} INFO - [2026-07-16T05:27:01.786+0000] {dagbag.py:538} INFO - Filling up the DagBag from /home/airflow/.local/lib/python3.8/site-packages/airflow/example_dags/example_xcomargs.py
[2026-07-16T05:27:01.796+0000] {processor.py:840} INFO - DAG(s) 'example_xcom_args_with_operators', 'example_xcom_args' retrieved from /home/airflow/.local/lib/python3.8/site-packages/airflow/example_dags/example_xcomargs.py
[2026-07-16T05:27:01.826+0000] {logging_mixin.py:188} INFO - [2026-07-16T05:27:01.826+0000] {dag.py:3036} INFO - Sync 2 DAGs
[2026-07-16T05:27:01.840+0000] {logging_mixin.py:188} INFO - [2026-07-16T05:27:01.839+0000] {dag.py:3823} INFO - Setting next_dagrun for example_xcom_args to None, run_after=None
[2026-07-16T05:27:01.844+0000] {logging_mixin.py:188} INFO - [2026-07-16T05:27:01.843+0000] {dag.py:3823} INFO - Setting next_dagrun for example_xcom_args_with_operators to None, run_after=None
[2026-07-16T05:27:01.864+0000] {processor.py:183} INFO - Processing /home/airflow/.local/lib/python3.8/site-packages/airflow/example_dags/example_xcomargs.py took 0.088 seconds
[2026-07-16T05:27:31.959+0000] {processor.py:161} INFO - Started process (PID=701) to work on /home/airflow/.local/lib/python3.8/site-packages/airflow/example_dags/example_xcomargs.py
[2026-07-16T05:27:31.961+0000] {processor.py:830} INFO - Processing file /home/airflow/.local/lib/python3.8/site-packages/airflow/example_dags/example_xcomargs.py for tasks to queue
[2026-07-16T05:27:31.964+0000] {logging_mixin.py:188} INFO - [2026-07-16T05:27:31.964+0000] {dagbag.py:538} INFO - Filling up the DagBag from /home/airflow/.local/lib/python3.8/site-packages/airflow/example_dags/example_xcomargs.py
[2026-07-16T05:27:31.987+0000] {processor.py:840} INFO - DAG(s) 'example_xcom_args_with_operators', 'example_xcom_args' retrieved from /home/airflow/.local/lib/python3.8/site-packages/airflow/example_dags/example_xcomargs.py
[2026-07-16T05:27:32.016+0000] {logging_mixin.py:188} INFO - [2026-07-16T05:27:32.016+0000] {dag.py:3036} INFO - Sync 2 DAGs
[2026-07-16T05:27:32.031+0000] {logging_mixin.py:188} INFO - [2026-07-16T05:27:32.030+0000] {dag.py:3823} INFO - Setting next_dagrun for example_xcom_args to None, run_after=None
[2026-07-16T05:27:32.036+0000] {logging_mixin.py:188} INFO - [2026-07-16T05:27:32.035+0000] {dag.py:3823} INFO - Setting next_dagrun for example_xcom_args_with_operators to None, run_after=None
[2026-07-16T05:27:32.057+0000] {processor.py:183} INFO - Processing /home/airflow/.local/lib/python3.8/site-packages/airflow/example_dags/example_xcomargs.py took 0.103 seconds
[2026-07-16T05:28:02.254+0000] {processor.py:161} INFO - Started process (PID=757) to work on /home/airflow/.local/lib/python3.8/site-packages/airflow/example_dags/example_xcomargs.py
[2026-07-16T05:28:02.256+0000] {processor.py:830} INFO - Processing file /home/airflow/.local/lib/python3.8/site-packages/airflow/example_dags/example_xcomargs.py for tasks to queue
[2026-07-16T05:28:02.259+0000] {logging_mixin.py:188} INFO - [2026-07-16T05:28:02.258+0000] {dagbag.py:538} INFO - Filling up the DagBag from /home/airflow/.local/lib/python3.8/site-packages/airflow/example_dags/example_xcomargs.py
[2026-07-16T05:28:02.270+0000] {processor.py:840} INFO - DAG(s) 'example_xcom_args', 'example_xcom_args_with_operators' retrieved from /home/airflow/.local/lib/python3.8/site-packages/airflow/example_dags/example_xcomargs.py
[2026-07-16T05:28:02.306+0000] {logging_mixin.py:188} INFO - [2026-07-16T05:28:02.306+0000] {dag.py:3036} INFO - Sync 2 DAGs
[2026-07-16T05:28:02.321+0000] {logging_mixin.py:188} INFO - [2026-07-16T05:28:02.321+0000] {dag.py:3823} INFO - Setting next_dagrun for example_xcom_args to None, run_after=None
[2026-07-16T05:28:02.326+0000] {logging_mixin.py:188} INFO - [2026-07-16T05:28:02.326+0000] {dag.py:3823} INFO - Setting next_dagrun for example_xcom_args_with_operators to None, run_after=None
[2026-07-16T05:28:02.349+0000] {processor.py:183} INFO - Processing /home/airflow/.local/lib/python3.8/site-packages/airflow/example_dags/example_xcomargs.py took 0.100 seconds
[2026-07-16T05:28:33.736+0000] {processor.py:161} INFO - Started process (PID=813) to work on /home/airflow/.local/lib/python3.8/site-packages/airflow/example_dags/example_xcomargs.py
[2026-07-16T05:28:33.738+0000] {processor.py:830} INFO - Processing file /home/airflow/.local/lib/python3.8/site-packages/airflow/example_dags/example_xcomargs.py for tasks to queue
[2026-07-16T05:28:33.744+0000] {logging_mixin.py:188} INFO - [2026-07-16T05:28:33.743+0000] {dagbag.py:538} INFO - Filling up the DagBag from /home/airflow/.local/lib/python3.8/site-packages/airflow/example_dags/example_xcomargs.py
[2026-07-16T05:28:33.780+0000] {processor.py:840} INFO - DAG(s) 'example_xcom_args_with_operators', 'example_xcom_args' retrieved from /home/airflow/.local/lib/python3.8/site-packages/airflow/example_dags/example_xcomargs.py
[2026-07-16T05:28:33.863+0000] {logging_mixin.py:188} INFO - [2026-07-16T05:28:33.862+0000] {dag.py:3036} INFO - Sync 2 DAGs
[2026-07-16T05:28:33.905+0000] {logging_mixin.py:188} INFO - [2026-07-16T05:28:33.904+0000] {dag.py:3823} INFO - Setting next_dagrun for example_xcom_args to None, run_after=None
[2026-07-16T05:28:33.918+0000] {logging_mixin.py:188} INFO - [2026-07-16T05:28:33.917+0000] {dag.py:3823} INFO - Setting next_dagrun for example_xcom_args_with_operators to None, run_after=None
[2026-07-16T05:28:33.978+0000] {processor.py:183} INFO - Processing /home/airflow/.local/lib/python3.8/site-packages/airflow/example_dags/example_xcomargs.py took 0.253 seconds
[2026-07-16T05:29:04.745+0000] {processor.py:161} INFO - Started process (PID=869) to work on /home/airflow/.local/lib/python3.8/site-packages/airflow/example_dags/example_xcomargs.py
[2026-07-16T05:29:04.748+0000] {processor.py:830} INFO - Processing file /home/airflow/.local/lib/python3.8/site-packages/airflow/example_dags/example_xcomargs.py for tasks to queue
[2026-07-16T05:29:04.751+0000] {logging_mixin.py:188} INFO - [2026-07-16T05:29:04.751+0000] {dagbag.py:538} INFO - Filling up the DagBag from /home/airflow/.local/lib/python3.8/site-packages/airflow/example_dags/example_xcomargs.py
[2026-07-16T05:29:04.770+0000] {processor.py:840} INFO - DAG(s) 'example_xcom_args', 'example_xcom_args_with_operators' retrieved from /home/airflow/.local/lib/python3.8/site-packages/airflow/example_dags/example_xcomargs.py
[2026-07-16T05:29:04.835+0000] {logging_mixin.py:188} INFO - [2026-07-16T05:29:04.834+0000] {dag.py:3036} INFO - Sync 2 DAGs
[2026-07-16T05:29:04.871+0000] {logging_mixin.py:188} INFO - [2026-07-16T05:29:04.870+0000] {dag.py:3823} INFO - Setting next_dagrun for example_xcom_args to None, run_after=None
[2026-07-16T05:29:04.881+0000] {logging_mixin.py:188} INFO - [2026-07-16T05:29:04.881+0000] {dag.py:3823} INFO - Setting next_dagrun for example_xcom_args_with_operators to None, run_after=None
[2026-07-16T05:29:04.920+0000] {processor.py:183} INFO - Processing /home/airflow/.local/lib/python3.8/site-packages/airflow/example_dags/example_xcomargs.py took 0.184 seconds
[2026-07-16T05:29:35.324+0000] {processor.py:161} INFO - Started process (PID=925) to work on /home/airflow/.local/lib/python3.8/site-packages/airflow/example_dags/example_xcomargs.py
[2026-07-16T05:29:35.325+0000] {processor.py:830} INFO - Processing file /home/airflow/.local/lib/python3.8/site-packages/airflow/example_dags/example_xcomargs.py for tasks to queue
[2026-07-16T05:29:35.329+0000] {logging_mixin.py:188} INFO - [2026-07-16T05:29:35.328+0000] {dagbag.py:538} INFO - Filling up the DagBag from /home/airflow/.local/lib/python3.8/site-packages/airflow/example_dags/example_xcomargs.py
[2026-07-16T05:29:35.350+0000] {processor.py:840} INFO - DAG(s) 'example_xcom_args_with_operators', 'example_xcom_args' retrieved from /home/airflow/.local/lib/python3.8/site-packages/airflow/example_dags/example_xcomargs.py
[2026-07-16T05:29:35.406+0000] {logging_mixin.py:188} INFO - [2026-07-16T05:29:35.406+0000] {dag.py:3036} INFO - Sync 2 DAGs
[2026-07-16T05:29:35.441+0000] {logging_mixin.py:188} INFO - [2026-07-16T05:29:35.441+0000] {dag.py:3823} INFO - Setting next_dagrun for example_xcom_args to None, run_after=None
[2026-07-16T05:29:35.458+0000] {logging_mixin.py:188} INFO - [2026-07-16T05:29:35.458+0000] {dag.py:3823} INFO - Setting next_dagrun for example_xcom_args_with_operators to None, run_after=None
[2026-07-16T05:29:35.524+0000] {processor.py:183} INFO - Processing /home/airflow/.local/lib/python3.8/site-packages/airflow/example_dags/example_xcomargs.py took 0.208 seconds
[2026-07-16T05:30:05.706+0000] {processor.py:161} INFO - Started process (PID=981) to work on /home/airflow/.local/lib/python3.8/site-packages/airflow/example_dags/example_xcomargs.py
[2026-07-16T05:30:05.708+0000] {processor.py:830} INFO - Processing file /home/airflow/.local/lib/python3.8/site-packages/airflow/example_dags/example_xcomargs.py for tasks to queue
[2026-07-16T05:30:05.712+0000] {logging_mixin.py:188} INFO - [2026-07-16T05:30:05.711+0000] {dagbag.py:538} INFO - Filling up the DagBag from /home/airflow/.local/lib/python3.8/site-packages/airflow/example_dags/example_xcomargs.py
[2026-07-16T05:30:05.730+0000] {processor.py:840} INFO - DAG(s) 'example_xcom_args', 'example_xcom_args_with_operators' retrieved from /home/airflow/.local/lib/python3.8/site-packages/airflow/example_dags/example_xcomargs.py
[2026-07-16T05:30:05.786+0000] {logging_mixin.py:188} INFO - [2026-07-16T05:30:05.786+0000] {dag.py:3036} INFO - Sync 2 DAGs
[2026-07-16T05:30:05.810+0000] {logging_mixin.py:188} INFO - [2026-07-16T05:30:05.809+0000] {dag.py:3823} INFO - Setting next_dagrun for example_xcom_args to None, run_after=None
[2026-07-16T05:30:05.817+0000] {logging_mixin.py:188} INFO - [2026-07-16T05:30:05.817+0000] {dag.py:3823} INFO - Setting next_dagrun for example_xcom_args_with_operators to None, run_after=None
[2026-07-16T05:30:05.856+0000] {processor.py:183} INFO - Processing /home/airflow/.local/lib/python3.8/site-packages/airflow/example_dags/example_xcomargs.py took 0.159 seconds
[2026-07-16T05:30:35.915+0000] {processor.py:161} INFO - Started process (PID=1037) to work on /home/airflow/.local/lib/python3.8/site-packages/airflow/example_dags/example_xcomargs.py
[2026-07-16T05:30:35.917+0000] {processor.py:830} INFO - Processing file /home/airflow/.local/lib/python3.8/site-packages/airflow/example_dags/example_xcomargs.py for tasks to queue
[2026-07-16T05:30:35.920+0000] {logging_mixin.py:188} INFO - [2026-07-16T05:30:35.919+0000] {dagbag.py:538} INFO - Filling up the DagBag from /home/airflow/.local/lib/python3.8/site-packages/airflow/example_dags/example_xcomargs.py
[2026-07-16T05:30:35.931+0000] {processor.py:840} INFO - DAG(s) 'example_xcom_args', 'example_xcom_args_with_operators' retrieved from /home/airflow/.local/lib/python3.8/site-packages/airflow/example_dags/example_xcomargs.py
[2026-07-16T05:30:35.966+0000] {logging_mixin.py:188} INFO - [2026-07-16T05:30:35.966+0000] {dag.py:3036} INFO - Sync 2 DAGs
[2026-07-16T05:30:35.986+0000] {logging_mixin.py:188} INFO - [2026-07-16T05:30:35.986+0000] {dag.py:3823} INFO - Setting next_dagrun for example_xcom_args to None, run_after=None
[2026-07-16T05:30:35.992+0000] {logging_mixin.py:188} INFO - [2026-07-16T05:30:35.992+0000] {dag.py:3823} INFO - Setting next_dagrun for example_xcom_args_with_operators to None, run_after=None
[2026-07-16T05:30:36.014+0000] {processor.py:183} INFO - Processing /home/airflow/.local/lib/python3.8/site-packages/airflow/example_dags/example_xcomargs.py took 0.103 seconds
[2026-07-16T05:31:06.879+0000] {processor.py:161} INFO - Started process (PID=1093) to work on /home/airflow/.local/lib/python3.8/site-packages/airflow/example_dags/example_xcomargs.py
[2026-07-16T05:31:06.881+0000] {processor.py:830} INFO - Processing file /home/airflow/.local/lib/python3.8/site-packages/airflow/example_dags/example_xcomargs.py for tasks to queue
[2026-07-16T05:31:06.884+0000] {logging_mixin.py:188} INFO - [2026-07-16T05:31:06.884+0000] {dagbag.py:538} INFO - Filling up the DagBag from /home/airflow/.local/lib/python3.8/site-packages/airflow/example_dags/example_xcomargs.py
[2026-07-16T05:31:06.901+0000] {processor.py:840} INFO - DAG(s) 'example_xcom_args_with_operators', 'example_xcom_args' retrieved from /home/airflow/.local/lib/python3.8/site-packages/airflow/example_dags/example_xcomargs.py
[2026-07-16T05:31:06.932+0000] {logging_mixin.py:188} INFO - [2026-07-16T05:31:06.932+0000] {dag.py:3036} INFO - Sync 2 DAGs
[2026-07-16T05:31:06.949+0000] {logging_mixin.py:188} INFO - [2026-07-16T05:31:06.949+0000] {dag.py:3823} INFO - Setting next_dagrun for example_xcom_args to None, run_after=None
[2026-07-16T05:31:06.953+0000] {logging_mixin.py:188} INFO - [2026-07-16T05:31:06.952+0000] {dag.py:3823} INFO - Setting next_dagrun for example_xcom_args_with_operators to None, run_after=None
[2026-07-16T05:31:06.968+0000] {processor.py:183} INFO - Processing /home/airflow/.local/lib/python3.8/site-packages/airflow/example_dags/example_xcomargs.py took 0.095 seconds
[2026-07-16T05:31:37.330+0000] {processor.py:161} INFO - Started process (PID=1149) to work on /home/airflow/.local/lib/python3.8/site-packages/airflow/example_dags/example_xcomargs.py
[2026-07-16T05:31:37.332+0000] {processor.py:830} INFO - Processing file /home/airflow/.local/lib/python3.8/site-packages/airflow/example_dags/example_xcomargs.py for tasks to queue
[2026-07-16T05:31:37.336+0000] {logging_mixin.py:188} INFO - [2026-07-16T05:31:37.335+0000] {dagbag.py:538} INFO - Filling up the DagBag from /home/airflow/.local/lib/python3.8/site-packages/airflow/example_dags/example_xcomargs.py
[2026-07-16T05:31:37.344+0000] {processor.py:840} INFO - DAG(s) 'example_xcom_args', 'example_xcom_args_with_operators' retrieved from /home/airflow/.local/lib/python3.8/site-packages/airflow/example_dags/example_xcomargs.py
[2026-07-16T05:31:37.375+0000] {logging_mixin.py:188} INFO - [2026-07-16T05:31:37.374+0000] {dag.py:3036} INFO - Sync 2 DAGs
[2026-07-16T05:31:37.389+0000] {logging_mixin.py:188} INFO - [2026-07-16T05:31:37.389+0000] {dag.py:3823} INFO - Setting next_dagrun for example_xcom_args to None, run_after=None
[2026-07-16T05:31:37.394+0000] {logging_mixin.py:188} INFO - [2026-07-16T05:31:37.393+0000] {dag.py:3823} INFO - Setting next_dagrun for example_xcom_args_with_operators to None, run_after=None
[2026-07-16T05:31:37.414+0000] {processor.py:183} INFO - Processing /home/airflow/.local/lib/python3.8/site-packages/airflow/example_dags/example_xcomargs.py took 0.089 seconds
[2026-07-16T05:32:07.994+0000] {processor.py:161} INFO - Started process (PID=1205) to work on /home/airflow/.local/lib/python3.8/site-packages/airflow/example_dags/example_xcomargs.py
[2026-07-16T05:32:07.996+0000] {processor.py:830} INFO - Processing file /home/airflow/.local/lib/python3.8/site-packages/airflow/example_dags/example_xcomargs.py for tasks to queue
[2026-07-16T05:32:07.998+0000] {logging_mixin.py:188} INFO - [2026-07-16T05:32:07.998+0000] {dagbag.py:538} INFO - Filling up the DagBag from /home/airflow/.local/lib/python3.8/site-packages/airflow/example_dags/example_xcomargs.py
[2026-07-16T05:32:08.008+0000] {processor.py:840} INFO - DAG(s) 'example_xcom_args', 'example_xcom_args_with_operators' retrieved from /home/airflow/.local/lib/python3.8/site-packages/airflow/example_dags/example_xcomargs.py
[2026-07-16T05:32:08.040+0000] {logging_mixin.py:188} INFO - [2026-07-16T05:32:08.040+0000] {dag.py:3036} INFO - Sync 2 DAGs
[2026-07-16T05:32:08.063+0000] {logging_mixin.py:188} INFO - [2026-07-16T05:32:08.062+0000] {dag.py:3823} INFO - Setting next_dagrun for example_xcom_args to None, run_after=None
[2026-07-16T05:32:08.067+0000] {logging_mixin.py:188} INFO - [2026-07-16T05:32:08.067+0000] {dag.py:3823} INFO - Setting next_dagrun for example_xcom_args_with_operators to None, run_after=None
[2026-07-16T05:32:08.090+0000] {processor.py:183} INFO - Processing /home/airflow/.local/lib/python3.8/site-packages/airflow/example_dags/example_xcomargs.py took 0.100 seconds
[2026-07-16T05:32:38.613+0000] {processor.py:161} INFO - Started process (PID=1261) to work on /home/airflow/.local/lib/python3.8/site-packages/airflow/example_dags/example_xcomargs.py
[2026-07-16T05:32:38.614+0000] {processor.py:830} INFO - Processing file /home/airflow/.local/lib/python3.8/site-packages/airflow/example_dags/example_xcomargs.py for tasks to queue
[2026-07-16T05:32:38.616+0000] {logging_mixin.py:188} INFO - [2026-07-16T05:32:38.616+0000] {dagbag.py:538} INFO - Filling up the DagBag from /home/airflow/.local/lib/python3.8/site-packages/airflow/example_dags/example_xcomargs.py
[2026-07-16T05:32:38.623+0000] {processor.py:840} INFO - DAG(s) 'example_xcom_args_with_operators', 'example_xcom_args' retrieved from /home/airflow/.local/lib/python3.8/site-packages/airflow/example_dags/example_xcomargs.py
[2026-07-16T05:32:38.643+0000] {logging_mixin.py:188} INFO - [2026-07-16T05:32:38.643+0000] {dag.py:3036} INFO - Sync 2 DAGs
[2026-07-16T05:32:38.652+0000] {logging_mixin.py:188} INFO - [2026-07-16T05:32:38.652+0000] {dag.py:3823} INFO - Setting next_dagrun for example_xcom_args to None, run_after=None
[2026-07-16T05:32:38.654+0000] {logging_mixin.py:188} INFO - [2026-07-16T05:32:38.654+0000] {dag.py:3823} INFO - Setting next_dagrun for example_xcom_args_with_operators to None, run_after=None
[2026-07-16T05:32:38.667+0000] {processor.py:183} INFO - Processing /home/airflow/.local/lib/python3.8/site-packages/airflow/example_dags/example_xcomargs.py took 0.057 seconds
[2026-07-16T05:33:09.287+0000] {processor.py:161} INFO - Started process (PID=1317) to work on /home/airflow/.local/lib/python3.8/site-packages/airflow/example_dags/example_xcomargs.py
[2026-07-16T05:33:09.290+0000] {processor.py:830} INFO - Processing file /home/airflow/.local/lib/python3.8/site-packages/airflow/example_dags/example_xcomargs.py for tasks to queue
[2026-07-16T05:33:09.294+0000] {logging_mixin.py:188} INFO - [2026-07-16T05:33:09.293+0000] {dagbag.py:538} INFO - Filling up the DagBag from /home/airflow/.local/lib/python3.8/site-packages/airflow/example_dags/example_xcomargs.py
[2026-07-16T05:33:09.304+0000] {processor.py:840} INFO - DAG(s) 'example_xcom_args', 'example_xcom_args_with_operators' retrieved from /home/airflow/.local/lib/python3.8/site-packages/airflow/example_dags/example_xcomargs.py
[2026-07-16T05:33:09.331+0000] {logging_mixin.py:188} INFO - [2026-07-16T05:33:09.330+0000] {dag.py:3036} INFO - Sync 2 DAGs
[2026-07-16T05:33:09.341+0000] {logging_mixin.py:188} INFO - [2026-07-16T05:33:09.341+0000] {dag.py:3823} INFO - Setting next_dagrun for example_xcom_args to None, run_after=None
[2026-07-16T05:33:09.344+0000] {logging_mixin.py:188} INFO - [2026-07-16T05:33:09.343+0000] {dag.py:3823} INFO - Setting next_dagrun for example_xcom_args_with_operators to None, run_after=None
[2026-07-16T05:33:09.358+0000] {processor.py:183} INFO - Processing /home/airflow/.local/lib/python3.8/site-packages/airflow/example_dags/example_xcomargs.py took 0.081 seconds
[2026-07-16T05:33:39.961+0000] {processor.py:161} INFO - Started process (PID=1373) to work on /home/airflow/.local/lib/python3.8/site-packages/airflow/example_dags/example_xcomargs.py
[2026-07-16T05:33:39.963+0000] {processor.py:830} INFO - Processing file /home/airflow/.local/lib/python3.8/site-packages/airflow/example_dags/example_xcomargs.py for tasks to queue
[2026-07-16T05:33:39.965+0000] {logging_mixin.py:188} INFO - [2026-07-16T05:33:39.965+0000] {dagbag.py:538} INFO - Filling up the DagBag from /home/airflow/.local/lib/python3.8/site-packages/airflow/example_dags/example_xcomargs.py
[2026-07-16T05:33:39.977+0000] {processor.py:840} INFO - DAG(s) 'example_xcom_args_with_operators', 'example_xcom_args' retrieved from /home/airflow/.local/lib/python3.8/site-packages/airflow/example_dags/example_xcomargs.py
[2026-07-16T05:33:40.010+0000] {logging_mixin.py:188} INFO - [2026-07-16T05:33:40.010+0000] {dag.py:3036} INFO - Sync 2 DAGs
[2026-07-16T05:33:40.023+0000] {logging_mixin.py:188} INFO - [2026-07-16T05:33:40.023+0000] {dag.py:3823} INFO - Setting next_dagrun for example_xcom_args to None, run_after=None
[2026-07-16T05:33:40.028+0000] {logging_mixin.py:188} INFO - [2026-07-16T05:33:40.027+0000] {dag.py:3823} INFO - Setting next_dagrun for example_xcom_args_with_operators to None, run_after=None
[2026-07-16T05:33:40.053+0000] {processor.py:183} INFO - Processing /home/airflow/.local/lib/python3.8/site-packages/airflow/example_dags/example_xcomargs.py took 0.097 seconds
[2026-07-16T05:34:10.474+0000] {processor.py:161} INFO - Started process (PID=1429) to work on /home/airflow/.local/lib/python3.8/site-packages/airflow/example_dags/example_xcomargs.py
[2026-07-16T05:34:10.475+0000] {processor.py:830} INFO - Processing file /home/airflow/.local/lib/python3.8/site-packages/airflow/example_dags/example_xcomargs.py for tasks to queue
[2026-07-16T05:34:10.477+0000] {logging_mixin.py:188} INFO - [2026-07-16T05:34:10.477+0000] {dagbag.py:538} INFO - Filling up the DagBag from /home/airflow/.local/lib/python3.8/site-packages/airflow/example_dags/example_xcomargs.py
[2026-07-16T05:34:10.487+0000] {processor.py:840} INFO - DAG(s) 'example_xcom_args', 'example_xcom_args_with_operators' retrieved from /home/airflow/.local/lib/python3.8/site-packages/airflow/example_dags/example_xcomargs.py
[2026-07-16T05:34:10.516+0000] {logging_mixin.py:188} INFO - [2026-07-16T05:34:10.515+0000] {dag.py:3036} INFO - Sync 2 DAGs
[2026-07-16T05:34:10.527+0000] {logging_mixin.py:188} INFO - [2026-07-16T05:34:10.527+0000] {dag.py:3823} INFO - Setting next_dagrun for example_xcom_args to None, run_after=None
[2026-07-16T05:34:10.532+0000] {logging_mixin.py:188} INFO - [2026-07-16T05:34:10.532+0000] {dag.py:3823} INFO - Setting next_dagrun for example_xcom_args_with_operators to None, run_after=None
[2026-07-16T05:34:10.551+0000] {processor.py:183} INFO - Processing /home/airflow/.local/lib/python3.8/site-packages/airflow/example_dags/example_xcomargs.py took 0.080 seconds
[2026-07-16T05:34:40.867+0000] {processor.py:161} INFO - Started process (PID=1485) to work on /home/airflow/.local/lib/python3.8/site-packages/airflow/example_dags/example_xcomargs.py
[2026-07-16T05:34:40.870+0000] {processor.py:830} INFO - Processing file /home/airflow/.local/lib/python3.8/site-packages/airflow/example_dags/example_xcomargs.py for tasks to queue
[2026-07-16T05:34:40.873+0000] {logging_mixin.py:188} INFO - [2026-07-16T05:34:40.872+0000] {dagbag.py:538} INFO - Filling up the DagBag from /home/airflow/.local/lib/python3.8/site-packages/airflow/example_dags/example_xcomargs.py
[2026-07-16T05:34:40.890+0000] {processor.py:840} INFO - DAG(s) 'example_xcom_args', 'example_xcom_args_with_operators' retrieved from /home/airflow/.local/lib/python3.8/site-packages/airflow/example_dags/example_xcomargs.py
[2026-07-16T05:34:40.924+0000] {logging_mixin.py:188} INFO - [2026-07-16T05:34:40.924+0000] {dag.py:3036} INFO - Sync 2 DAGs
[2026-07-16T05:34:40.943+0000] {logging_mixin.py:188} INFO - [2026-07-16T05:34:40.942+0000] {dag.py:3823} INFO - Setting next_dagrun for example_xcom_args to None, run_after=None
[2026-07-16T05:34:40.946+0000] {logging_mixin.py:188} INFO - [2026-07-16T05:34:40.946+0000] {dag.py:3823} INFO - Setting next_dagrun for example_xcom_args_with_operators to None, run_after=None
[2026-07-16T05:34:40.971+0000] {processor.py:183} INFO - Processing /home/airflow/.local/lib/python3.8/site-packages/airflow/example_dags/example_xcomargs.py took 0.110 seconds
[2026-07-16T05:35:11.348+0000] {processor.py:161} INFO - Started process (PID=1541) to work on /home/airflow/.local/lib/python3.8/site-packages/airflow/example_dags/example_xcomargs.py
[2026-07-16T05:35:11.349+0000] {processor.py:830} INFO - Processing file /home/airflow/.local/lib/python3.8/site-packages/airflow/example_dags/example_xcomargs.py for tasks to queue
[2026-07-16T05:35:11.351+0000] {logging_mixin.py:188} INFO - [2026-07-16T05:35:11.351+0000] {dagbag.py:538} INFO - Filling up the DagBag from /home/airflow/.local/lib/python3.8/site-packages/airflow/example_dags/example_xcomargs.py
[2026-07-16T05:35:11.358+0000] {processor.py:840} INFO - DAG(s) 'example_xcom_args', 'example_xcom_args_with_operators' retrieved from /home/airflow/.local/lib/python3.8/site-packages/airflow/example_dags/example_xcomargs.py
[2026-07-16T05:35:11.379+0000] {logging_mixin.py:188} INFO - [2026-07-16T05:35:11.378+0000] {dag.py:3036} INFO - Sync 2 DAGs
[2026-07-16T05:35:11.389+0000] {logging_mixin.py:188} INFO - [2026-07-16T05:35:11.389+0000] {dag.py:3823} INFO - Setting next_dagrun for example_xcom_args to None, run_after=None
[2026-07-16T05:35:11.392+0000] {logging_mixin.py:188} INFO - [2026-07-16T05:35:11.392+0000] {dag.py:3823} INFO - Setting next_dagrun for example_xcom_args_with_operators to None, run_after=None
[2026-07-16T05:35:11.410+0000] {processor.py:183} INFO - Processing /home/airflow/.local/lib/python3.8/site-packages/airflow/example_dags/example_xcomargs.py took 0.065 seconds
[2026-07-16T05:35:42.030+0000] {processor.py:161} INFO - Started process (PID=1597) to work on /home/airflow/.local/lib/python3.8/site-packages/airflow/example_dags/example_xcomargs.py
[2026-07-16T05:35:42.031+0000] {processor.py:830} INFO - Processing file /home/airflow/.local/lib/python3.8/site-packages/airflow/example_dags/example_xcomargs.py for tasks to queue
[2026-07-16T05:35:42.033+0000] {logging_mixin.py:188} INFO - [2026-07-16T05:35:42.033+0000] {dagbag.py:538} INFO - Filling up the DagBag from /home/airflow/.local/lib/python3.8/site-packages/airflow/example_dags/example_xcomargs.py
[2026-07-16T05:35:42.039+0000] {processor.py:840} INFO - DAG(s) 'example_xcom_args', 'example_xcom_args_with_operators' retrieved from /home/airflow/.local/lib/python3.8/site-packages/airflow/example_dags/example_xcomargs.py
[2026-07-16T05:35:42.058+0000] {logging_mixin.py:188} INFO - [2026-07-16T05:35:42.058+0000] {dag.py:3036} INFO - Sync 2 DAGs
[2026-07-16T05:35:42.068+0000] {logging_mixin.py:188} INFO - [2026-07-16T05:35:42.067+0000] {dag.py:3823} INFO - Setting next_dagrun for example_xcom_args to None, run_after=None
[2026-07-16T05:35:42.070+0000] {logging_mixin.py:188} INFO - [2026-07-16T05:35:42.070+0000] {dag.py:3823} INFO - Setting next_dagrun for example_xcom_args_with_operators to None, run_after=None
[2026-07-16T05:35:42.084+0000] {processor.py:183} INFO - Processing /home/airflow/.local/lib/python3.8/site-packages/airflow/example_dags/example_xcomargs.py took 0.057 seconds
[2026-07-16T05:36:12.343+0000] {processor.py:161} INFO - Started process (PID=1653) to work on /home/airflow/.local/lib/python3.8/site-packages/airflow/example_dags/example_xcomargs.py
[2026-07-16T05:36:12.347+0000] {processor.py:830} INFO - Processing file /home/airflow/.local/lib/python3.8/site-packages/airflow/example_dags/example_xcomargs.py for tasks to queue
[2026-07-16T05:36:12.350+0000] {logging_mixin.py:188} INFO - [2026-07-16T05:36:12.349+0000] {dagbag.py:538} INFO - Filling up the DagBag from /home/airflow/.local/lib/python3.8/site-packages/airflow/example_dags/example_xcomargs.py
[2026-07-16T05:36:12.364+0000] {processor.py:840} INFO - DAG(s) 'example_xcom_args', 'example_xcom_args_with_operators' retrieved from /home/airflow/.local/lib/python3.8/site-packages/airflow/example_dags/example_xcomargs.py
[2026-07-16T05:36:12.415+0000] {logging_mixin.py:188} INFO - [2026-07-16T05:36:12.415+0000] {dag.py:3036} INFO - Sync 2 DAGs
[2026-07-16T05:36:12.427+0000] {logging_mixin.py:188} INFO - [2026-07-16T05:36:12.427+0000] {dag.py:3823} INFO - Setting next_dagrun for example_xcom_args to None, run_after=None
[2026-07-16T05:36:12.431+0000] {logging_mixin.py:188} INFO - [2026-07-16T05:36:12.431+0000] {dag.py:3823} INFO - Setting next_dagrun for example_xcom_args_with_operators to None, run_after=None
[2026-07-16T05:36:12.453+0000] {processor.py:183} INFO - Processing /home/airflow/.local/lib/python3.8/site-packages/airflow/example_dags/example_xcomargs.py took 0.119 seconds
[2026-07-16T05:36:42.653+0000] {processor.py:161} INFO - Started process (PID=1708) to work on /home/airflow/.local/lib/python3.8/site-packages/airflow/example_dags/example_xcomargs.py
[2026-07-16T05:36:42.655+0000] {processor.py:830} INFO - Processing file /home/airflow/.local/lib/python3.8/site-packages/airflow/example_dags/example_xcomargs.py for tasks to queue
[2026-07-16T05:36:42.657+0000] {logging_mixin.py:188} INFO - [2026-07-16T05:36:42.657+0000] {dagbag.py:538} INFO - Filling up the DagBag from /home/airflow/.local/lib/python3.8/site-packages/airflow/example_dags/example_xcomargs.py
[2026-07-16T05:36:42.666+0000] {processor.py:840} INFO - DAG(s) 'example_xcom_args', 'example_xcom_args_with_operators' retrieved from /home/airflow/.local/lib/python3.8/site-packages/airflow/example_dags/example_xcomargs.py
[2026-07-16T05:36:42.693+0000] {logging_mixin.py:188} INFO - [2026-07-16T05:36:42.693+0000] {dag.py:3036} INFO - Sync 2 DAGs
[2026-07-16T05:36:42.705+0000] {logging_mixin.py:188} INFO - [2026-07-16T05:36:42.705+0000] {dag.py:3823} INFO - Setting next_dagrun for example_xcom_args to None, run_after=None
[2026-07-16T05:36:42.708+0000] {logging_mixin.py:188} INFO - [2026-07-16T05:36:42.708+0000] {dag.py:3823} INFO - Setting next_dagrun for example_xcom_args_with_operators to None, run_after=None
[2026-07-16T05:36:42.726+0000] {processor.py:183} INFO - Processing /home/airflow/.local/lib/python3.8/site-packages/airflow/example_dags/example_xcomargs.py took 0.077 seconds
[2026-07-16T05:37:12.806+0000] {processor.py:161} INFO - Started process (PID=1764) to work on /home/airflow/.local/lib/python3.8/site-packages/airflow/example_dags/example_xcomargs.py
[2026-07-16T05:37:12.807+0000] {processor.py:830} INFO - Processing file /home/airflow/.local/lib/python3.8/site-packages/airflow/example_dags/example_xcomargs.py for tasks to queue
[2026-07-16T05:37:12.811+0000] {logging_mixin.py:188} INFO - [2026-07-16T05:37:12.811+0000] {dagbag.py:538} INFO - Filling up the DagBag from /home/airflow/.local/lib/python3.8/site-packages/airflow/example_dags/example_xcomargs.py
[2026-07-16T05:37:12.820+0000] {processor.py:840} INFO - DAG(s) 'example_xcom_args', 'example_xcom_args_with_operators' retrieved from /home/airflow/.local/lib/python3.8/site-packages/airflow/example_dags/example_xcomargs.py
[2026-07-16T05:37:12.847+0000] {logging_mixin.py:188} INFO - [2026-07-16T05:37:12.846+0000] {dag.py:3036} INFO - Sync 2 DAGs
[2026-07-16T05:37:12.860+0000] {logging_mixin.py:188} INFO - [2026-07-16T05:37:12.860+0000] {dag.py:3823} INFO - Setting next_dagrun for example_xcom_args to None, run_after=None
[2026-07-16T05:37:12.865+0000] {logging_mixin.py:188} INFO - [2026-07-16T05:37:12.864+0000] {dag.py:3823} INFO - Setting next_dagrun for example_xcom_args_with_operators to None, run_after=None
[2026-07-16T05:37:12.886+0000] {processor.py:183} INFO - Processing /home/airflow/.local/lib/python3.8/site-packages/airflow/example_dags/example_xcomargs.py took 0.083 seconds
[2026-07-16T05:37:43.358+0000] {processor.py:161} INFO - Started process (PID=1820) to work on /home/airflow/.local/lib/python3.8/site-packages/airflow/example_dags/example_xcomargs.py
[2026-07-16T05:37:43.360+0000] {processor.py:830} INFO - Processing file /home/airflow/.local/lib/python3.8/site-packages/airflow/example_dags/example_xcomargs.py for tasks to queue
[2026-07-16T05:37:43.362+0000] {logging_mixin.py:188} INFO - [2026-07-16T05:37:43.361+0000] {dagbag.py:538} INFO - Filling up the DagBag from /home/airflow/.local/lib/python3.8/site-packages/airflow/example_dags/example_xcomargs.py
[2026-07-16T05:37:43.371+0000] {processor.py:840} INFO - DAG(s) 'example_xcom_args_with_operators', 'example_xcom_args' retrieved from /home/airflow/.local/lib/python3.8/site-packages/airflow/example_dags/example_xcomargs.py
[2026-07-16T05:37:43.393+0000] {logging_mixin.py:188} INFO - [2026-07-16T05:37:43.393+0000] {dag.py:3036} INFO - Sync 2 DAGs
[2026-07-16T05:37:43.404+0000] {logging_mixin.py:188} INFO - [2026-07-16T05:37:43.404+0000] {dag.py:3823} INFO - Setting next_dagrun for example_xcom_args to None, run_after=None
[2026-07-16T05:37:43.407+0000] {logging_mixin.py:188} INFO - [2026-07-16T05:37:43.407+0000] {dag.py:3823} INFO - Setting next_dagrun for example_xcom_args_with_operators to None, run_after=None
[2026-07-16T05:37:43.427+0000] {processor.py:183} INFO - Processing /home/airflow/.local/lib/python3.8/site-packages/airflow/example_dags/example_xcomargs.py took 0.072 seconds
[2026-07-16T05:38:13.542+0000] {processor.py:161} INFO - Started process (PID=1876) to work on /home/airflow/.local/lib/python3.8/site-packages/airflow/example_dags/example_xcomargs.py
[2026-07-16T05:38:13.543+0000] {processor.py:830} INFO - Processing file /home/airflow/.local/lib/python3.8/site-packages/airflow/example_dags/example_xcomargs.py for tasks to queue
[2026-07-16T05:38:13.545+0000] {logging_mixin.py:188} INFO - [2026-07-16T05:38:13.545+0000] {dagbag.py:538} INFO - Filling up the DagBag from /home/airflow/.local/lib/python3.8/site-packages/airflow/example_dags/example_xcomargs.py
[2026-07-16T05:38:13.554+0000] {processor.py:840} INFO - DAG(s) 'example_xcom_args', 'example_xcom_args_with_operators' retrieved from /home/airflow/.local/lib/python3.8/site-packages/airflow/example_dags/example_xcomargs.py
[2026-07-16T05:38:13.578+0000] {logging_mixin.py:188} INFO - [2026-07-16T05:38:13.578+0000] {dag.py:3036} INFO - Sync 2 DAGs
[2026-07-16T05:38:13.588+0000] {logging_mixin.py:188} INFO - [2026-07-16T05:38:13.587+0000] {dag.py:3823} INFO - Setting next_dagrun for example_xcom_args to None, run_after=None
[2026-07-16T05:38:13.592+0000] {logging_mixin.py:188} INFO - [2026-07-16T05:38:13.592+0000] {dag.py:3823} INFO - Setting next_dagrun for example_xcom_args_with_operators to None, run_after=None
[2026-07-16T05:38:13.608+0000] {processor.py:183} INFO - Processing /home/airflow/.local/lib/python3.8/site-packages/airflow/example_dags/example_xcomargs.py took 0.069 seconds
[2026-07-16T05:38:43.853+0000] {processor.py:161} INFO - Started process (PID=1932) to work on /home/airflow/.local/lib/python3.8/site-packages/airflow/example_dags/example_xcomargs.py
[2026-07-16T05:38:43.855+0000] {processor.py:830} INFO - Processing file /home/airflow/.local/lib/python3.8/site-packages/airflow/example_dags/example_xcomargs.py for tasks to queue
[2026-07-16T05:38:43.858+0000] {logging_mixin.py:188} INFO - [2026-07-16T05:38:43.858+0000] {dagbag.py:538} INFO - Filling up the DagBag from /home/airflow/.local/lib/python3.8/site-packages/airflow/example_dags/example_xcomargs.py
[2026-07-16T05:38:43.867+0000] {processor.py:840} INFO - DAG(s) 'example_xcom_args', 'example_xcom_args_with_operators' retrieved from /home/airflow/.local/lib/python3.8/site-packages/airflow/example_dags/example_xcomargs.py
[2026-07-16T05:38:43.897+0000] {logging_mixin.py:188} INFO - [2026-07-16T05:38:43.896+0000] {dag.py:3036} INFO - Sync 2 DAGs
[2026-07-16T05:38:43.913+0000] {logging_mixin.py:188} INFO - [2026-07-16T05:38:43.913+0000] {dag.py:3823} INFO - Setting next_dagrun for example_xcom_args to None, run_after=None
[2026-07-16T05:38:43.918+0000] {logging_mixin.py:188} INFO - [2026-07-16T05:38:43.918+0000] {dag.py:3823} INFO - Setting next_dagrun for example_xcom_args_with_operators to None, run_after=None
[2026-07-16T05:38:43.939+0000] {processor.py:183} INFO - Processing /home/airflow/.local/lib/python3.8/site-packages/airflow/example_dags/example_xcomargs.py took 0.091 seconds
[2026-07-16T05:39:14.288+0000] {processor.py:161} INFO - Started process (PID=1988) to work on /home/airflow/.local/lib/python3.8/site-packages/airflow/example_dags/example_xcomargs.py
[2026-07-16T05:39:14.289+0000] {processor.py:830} INFO - Processing file /home/airflow/.local/lib/python3.8/site-packages/airflow/example_dags/example_xcomargs.py for tasks to queue
[2026-07-16T05:39:14.291+0000] {logging_mixin.py:188} INFO - [2026-07-16T05:39:14.291+0000] {dagbag.py:538} INFO - Filling up the DagBag from /home/airflow/.local/lib/python3.8/site-packages/airflow/example_dags/example_xcomargs.py
[2026-07-16T05:39:14.298+0000] {processor.py:840} INFO - DAG(s) 'example_xcom_args', 'example_xcom_args_with_operators' retrieved from /home/airflow/.local/lib/python3.8/site-packages/airflow/example_dags/example_xcomargs.py
[2026-07-16T05:39:14.318+0000] {logging_mixin.py:188} INFO - [2026-07-16T05:39:14.318+0000] {dag.py:3036} INFO - Sync 2 DAGs
[2026-07-16T05:39:14.328+0000] {logging_mixin.py:188} INFO - [2026-07-16T05:39:14.327+0000] {dag.py:3823} INFO - Setting next_dagrun for example_xcom_args to None, run_after=None
[2026-07-16T05:39:14.330+0000] {logging_mixin.py:188} INFO - [2026-07-16T05:39:14.330+0000] {dag.py:3823} INFO - Setting next_dagrun for example_xcom_args_with_operators to None, run_after=None
[2026-07-16T05:39:14.343+0000] {processor.py:183} INFO - Processing /home/airflow/.local/lib/python3.8/site-packages/airflow/example_dags/example_xcomargs.py took 0.058 seconds
[2026-07-16T05:39:44.433+0000] {processor.py:161} INFO - Started process (PID=2044) to work on /home/airflow/.local/lib/python3.8/site-packages/airflow/example_dags/example_xcomargs.py
[2026-07-16T05:39:44.434+0000] {processor.py:830} INFO - Processing file /home/airflow/.local/lib/python3.8/site-packages/airflow/example_dags/example_xcomargs.py for tasks to queue
[2026-07-16T05:39:44.437+0000] {logging_mixin.py:188} INFO - [2026-07-16T05:39:44.436+0000] {dagbag.py:538} INFO - Filling up the DagBag from /home/airflow/.local/lib/python3.8/site-packages/airflow/example_dags/example_xcomargs.py
[2026-07-16T05:39:44.446+0000] {processor.py:840} INFO - DAG(s) 'example_xcom_args_with_operators', 'example_xcom_args' retrieved from /home/airflow/.local/lib/python3.8/site-packages/airflow/example_dags/example_xcomargs.py
[2026-07-16T05:39:44.473+0000] {logging_mixin.py:188} INFO - [2026-07-16T05:39:44.472+0000] {dag.py:3036} INFO - Sync 2 DAGs
[2026-07-16T05:39:44.491+0000] {logging_mixin.py:188} INFO - [2026-07-16T05:39:44.490+0000] {dag.py:3823} INFO - Setting next_dagrun for example_xcom_args to None, run_after=None
[2026-07-16T05:39:44.495+0000] {logging_mixin.py:188} INFO - [2026-07-16T05:39:44.495+0000] {dag.py:3823} INFO - Setting next_dagrun for example_xcom_args_with_operators to None, run_after=None
[2026-07-16T05:39:44.521+0000] {processor.py:183} INFO - Processing /home/airflow/.local/lib/python3.8/site-packages/airflow/example_dags/example_xcomargs.py took 0.090 seconds
[2026-07-16T05:40:14.668+0000] {processor.py:161} INFO - Started process (PID=2100) to work on /home/airflow/.local/lib/python3.8/site-packages/airflow/example_dags/example_xcomargs.py
[2026-07-16T05:40:14.669+0000] {processor.py:830} INFO - Processing file /home/airflow/.local/lib/python3.8/site-packages/airflow/example_dags/example_xcomargs.py for tasks to queue
[2026-07-16T05:40:14.674+0000] {logging_mixin.py:188} INFO - [2026-07-16T05:40:14.673+0000] {dagbag.py:538} INFO - Filling up the DagBag from /home/airflow/.local/lib/python3.8/site-packages/airflow/example_dags/example_xcomargs.py
[2026-07-16T05:40:14.683+0000] {processor.py:840} INFO - DAG(s) 'example_xcom_args_with_operators', 'example_xcom_args' retrieved from /home/airflow/.local/lib/python3.8/site-packages/airflow/example_dags/example_xcomargs.py
[2026-07-16T05:40:14.709+0000] {logging_mixin.py:188} INFO - [2026-07-16T05:40:14.709+0000] {dag.py:3036} INFO - Sync 2 DAGs
[2026-07-16T05:40:14.722+0000] {logging_mixin.py:188} INFO - [2026-07-16T05:40:14.722+0000] {dag.py:3823} INFO - Setting next_dagrun for example_xcom_args to None, run_after=None
[2026-07-16T05:40:14.727+0000] {logging_mixin.py:188} INFO - [2026-07-16T05:40:14.726+0000] {dag.py:3823} INFO - Setting next_dagrun for example_xcom_args_with_operators to None, run_after=None
[2026-07-16T05:40:14.751+0000] {processor.py:183} INFO - Processing /home/airflow/.local/lib/python3.8/site-packages/airflow/example_dags/example_xcomargs.py took 0.087 seconds
[2026-07-16T05:40:45.022+0000] {processor.py:161} INFO - Started process (PID=2156) to work on /home/airflow/.local/lib/python3.8/site-packages/airflow/example_dags/example_xcomargs.py
[2026-07-16T05:40:45.023+0000] {processor.py:830} INFO - Processing file /home/airflow/.local/lib/python3.8/site-packages/airflow/example_dags/example_xcomargs.py for tasks to queue
[2026-07-16T05:40:45.025+0000] {logging_mixin.py:188} INFO - [2026-07-16T05:40:45.025+0000] {dagbag.py:538} INFO - Filling up the DagBag from /home/airflow/.local/lib/python3.8/site-packages/airflow/example_dags/example_xcomargs.py
[2026-07-16T05:40:45.033+0000] {processor.py:840} INFO - DAG(s) 'example_xcom_args_with_operators', 'example_xcom_args' retrieved from /home/airflow/.local/lib/python3.8/site-packages/airflow/example_dags/example_xcomargs.py
[2026-07-16T05:40:45.056+0000] {logging_mixin.py:188} INFO - [2026-07-16T05:40:45.055+0000] {dag.py:3036} INFO - Sync 2 DAGs
[2026-07-16T05:40:45.065+0000] {logging_mixin.py:188} INFO - [2026-07-16T05:40:45.065+0000] {dag.py:3823} INFO - Setting next_dagrun for example_xcom_args to None, run_after=None
[2026-07-16T05:40:45.069+0000] {logging_mixin.py:188} INFO - [2026-07-16T05:40:45.068+0000] {dag.py:3823} INFO - Setting next_dagrun for example_xcom_args_with_operators to None, run_after=None
[2026-07-16T05:40:45.083+0000] {processor.py:183} INFO - Processing /home/airflow/.local/lib/python3.8/site-packages/airflow/example_dags/example_xcomargs.py took 0.065 seconds
[2026-07-16T05:41:15.394+0000] {processor.py:161} INFO - Started process (PID=2212) to work on /home/airflow/.local/lib/python3.8/site-packages/airflow/example_dags/example_xcomargs.py
[2026-07-16T05:41:15.396+0000] {processor.py:830} INFO - Processing file /home/airflow/.local/lib/python3.8/site-packages/airflow/example_dags/example_xcomargs.py for tasks to queue
[2026-07-16T05:41:15.398+0000] {logging_mixin.py:188} INFO - [2026-07-16T05:41:15.398+0000] {dagbag.py:538} INFO - Filling up the DagBag from /home/airflow/.local/lib/python3.8/site-packages/airflow/example_dags/example_xcomargs.py
[2026-07-16T05:41:15.405+0000] {processor.py:840} INFO - DAG(s) 'example_xcom_args_with_operators', 'example_xcom_args' retrieved from /home/airflow/.local/lib/python3.8/site-packages/airflow/example_dags/example_xcomargs.py
[2026-07-16T05:41:15.424+0000] {logging_mixin.py:188} INFO - [2026-07-16T05:41:15.424+0000] {dag.py:3036} INFO - Sync 2 DAGs
[2026-07-16T05:41:15.434+0000] {logging_mixin.py:188} INFO - [2026-07-16T05:41:15.434+0000] {dag.py:3823} INFO - Setting next_dagrun for example_xcom_args to None, run_after=None
[2026-07-16T05:41:15.437+0000] {logging_mixin.py:188} INFO - [2026-07-16T05:41:15.437+0000] {dag.py:3823} INFO - Setting next_dagrun for example_xcom_args_with_operators to None, run_after=None
[2026-07-16T05:41:15.452+0000] {processor.py:183} INFO - Processing /home/airflow/.local/lib/python3.8/site-packages/airflow/example_dags/example_xcomargs.py took 0.061 seconds
[2026-07-16T05:41:46.330+0000] {processor.py:161} INFO - Started process (PID=2268) to work on /home/airflow/.local/lib/python3.8/site-packages/airflow/example_dags/example_xcomargs.py
[2026-07-16T05:41:46.331+0000] {processor.py:830} INFO - Processing file /home/airflow/.local/lib/python3.8/site-packages/airflow/example_dags/example_xcomargs.py for tasks to queue
[2026-07-16T05:41:46.334+0000] {logging_mixin.py:188} INFO - [2026-07-16T05:41:46.333+0000] {dagbag.py:538} INFO - Filling up the DagBag from /home/airflow/.local/lib/python3.8/site-packages/airflow/example_dags/example_xcomargs.py
[2026-07-16T05:41:46.341+0000] {processor.py:840} INFO - DAG(s) 'example_xcom_args_with_operators', 'example_xcom_args' retrieved from /home/airflow/.local/lib/python3.8/site-packages/airflow/example_dags/example_xcomargs.py
[2026-07-16T05:41:46.362+0000] {logging_mixin.py:188} INFO - [2026-07-16T05:41:46.362+0000] {dag.py:3036} INFO - Sync 2 DAGs
[2026-07-16T05:41:46.374+0000] {logging_mixin.py:188} INFO - [2026-07-16T05:41:46.374+0000] {dag.py:3823} INFO - Setting next_dagrun for example_xcom_args to None, run_after=None
[2026-07-16T05:41:46.377+0000] {logging_mixin.py:188} INFO - [2026-07-16T05:41:46.377+0000] {dag.py:3823} INFO - Setting next_dagrun for example_xcom_args_with_operators to None, run_after=None
[2026-07-16T05:41:46.391+0000] {processor.py:183} INFO - Processing /home/airflow/.local/lib/python3.8/site-packages/airflow/example_dags/example_xcomargs.py took 0.063 seconds
[2026-07-16T05:42:17.234+0000] {processor.py:161} INFO - Started process (PID=2324) to work on /home/airflow/.local/lib/python3.8/site-packages/airflow/example_dags/example_xcomargs.py
[2026-07-16T05:42:17.235+0000] {processor.py:830} INFO - Processing file /home/airflow/.local/lib/python3.8/site-packages/airflow/example_dags/example_xcomargs.py for tasks to queue
[2026-07-16T05:42:17.237+0000] {logging_mixin.py:188} INFO - [2026-07-16T05:42:17.237+0000] {dagbag.py:538} INFO - Filling up the DagBag from /home/airflow/.local/lib/python3.8/site-packages/airflow/example_dags/example_xcomargs.py
[2026-07-16T05:42:17.246+0000] {processor.py:840} INFO - DAG(s) 'example_xcom_args_with_operators', 'example_xcom_args' retrieved from /home/airflow/.local/lib/python3.8/site-packages/airflow/example_dags/example_xcomargs.py
[2026-07-16T05:42:17.279+0000] {logging_mixin.py:188} INFO - [2026-07-16T05:42:17.279+0000] {dag.py:3036} INFO - Sync 2 DAGs
[2026-07-16T05:42:17.290+0000] {logging_mixin.py:188} INFO - [2026-07-16T05:42:17.290+0000] {dag.py:3823} INFO - Setting next_dagrun for example_xcom_args to None, run_after=None
[2026-07-16T05:42:17.294+0000] {logging_mixin.py:188} INFO - [2026-07-16T05:42:17.293+0000] {dag.py:3823} INFO - Setting next_dagrun for example_xcom_args_with_operators to None, run_after=None
[2026-07-16T05:42:17.308+0000] {processor.py:183} INFO - Processing /home/airflow/.local/lib/python3.8/site-packages/airflow/example_dags/example_xcomargs.py took 0.079 seconds
[2026-07-16T05:42:47.485+0000] {processor.py:161} INFO - Started process (PID=2380) to work on /home/airflow/.local/lib/python3.8/site-packages/airflow/example_dags/example_xcomargs.py
[2026-07-16T05:42:47.487+0000] {processor.py:830} INFO - Processing file /home/airflow/.local/lib/python3.8/site-packages/airflow/example_dags/example_xcomargs.py for tasks to queue
[2026-07-16T05:42:47.489+0000] {logging_mixin.py:188} INFO - [2026-07-16T05:42:47.488+0000] {dagbag.py:538} INFO - Filling up the DagBag from /home/airflow/.local/lib/python3.8/site-packages/airflow/example_dags/example_xcomargs.py
[2026-07-16T05:42:47.496+0000] {processor.py:840} INFO - DAG(s) 'example_xcom_args_with_operators', 'example_xcom_args' retrieved from /home/airflow/.local/lib/python3.8/site-packages/airflow/example_dags/example_xcomargs.py
[2026-07-16T05:42:47.517+0000] {logging_mixin.py:188} INFO - [2026-07-16T05:42:47.517+0000] {dag.py:3036} INFO - Sync 2 DAGs
[2026-07-16T05:42:47.527+0000] {logging_mixin.py:188} INFO - [2026-07-16T05:42:47.527+0000] {dag.py:3823} INFO - Setting next_dagrun for example_xcom_args to None, run_after=None
[2026-07-16T05:42:47.530+0000] {logging_mixin.py:188} INFO - [2026-07-16T05:42:47.530+0000] {dag.py:3823} INFO - Setting next_dagrun for example_xcom_args_with_operators to None, run_after=None
[2026-07-16T05:42:47.544+0000] {processor.py:183} INFO - Processing /home/airflow/.local/lib/python3.8/site-packages/airflow/example_dags/example_xcomargs.py took 0.064 seconds
[2026-07-16T05:43:18.004+0000] {processor.py:161} INFO - Started process (PID=2436) to work on /home/airflow/.local/lib/python3.8/site-packages/airflow/example_dags/example_xcomargs.py
[2026-07-16T05:43:18.006+0000] {processor.py:830} INFO - Processing file /home/airflow/.local/lib/python3.8/site-packages/airflow/example_dags/example_xcomargs.py for tasks to queue
[2026-07-16T05:43:18.009+0000] {logging_mixin.py:188} INFO - [2026-07-16T05:43:18.008+0000] {dagbag.py:538} INFO - Filling up the DagBag from /home/airflow/.local/lib/python3.8/site-packages/airflow/example_dags/example_xcomargs.py
[2026-07-16T05:43:18.021+0000] {processor.py:840} INFO - DAG(s) 'example_xcom_args', 'example_xcom_args_with_operators' retrieved from /home/airflow/.local/lib/python3.8/site-packages/airflow/example_dags/example_xcomargs.py
[2026-07-16T05:43:18.048+0000] {logging_mixin.py:188} INFO - [2026-07-16T05:43:18.048+0000] {dag.py:3036} INFO - Sync 2 DAGs
[2026-07-16T05:43:18.060+0000] {logging_mixin.py:188} INFO - [2026-07-16T05:43:18.059+0000] {dag.py:3823} INFO - Setting next_dagrun for example_xcom_args to None, run_after=None
[2026-07-16T05:43:18.063+0000] {logging_mixin.py:188} INFO - [2026-07-16T05:43:18.063+0000] {dag.py:3823} INFO - Setting next_dagrun for example_xcom_args_with_operators to None, run_after=None
[2026-07-16T05:43:18.081+0000] {processor.py:183} INFO - Processing /home/airflow/.local/lib/python3.8/site-packages/airflow/example_dags/example_xcomargs.py took 0.081 seconds
[2026-07-16T05:43:48.449+0000] {processor.py:161} INFO - Started process (PID=2492) to work on /home/airflow/.local/lib/python3.8/site-packages/airflow/example_dags/example_xcomargs.py
[2026-07-16T05:43:48.450+0000] {processor.py:830} INFO - Processing file /home/airflow/.local/lib/python3.8/site-packages/airflow/example_dags/example_xcomargs.py for tasks to queue
[2026-07-16T05:43:48.453+0000] {logging_mixin.py:188} INFO - [2026-07-16T05:43:48.453+0000] {dagbag.py:538} INFO - Filling up the DagBag from /home/airflow/.local/lib/python3.8/site-packages/airflow/example_dags/example_xcomargs.py
[2026-07-16T05:43:48.462+0000] {processor.py:840} INFO - DAG(s) 'example_xcom_args', 'example_xcom_args_with_operators' retrieved from /home/airflow/.local/lib/python3.8/site-packages/airflow/example_dags/example_xcomargs.py
[2026-07-16T05:43:48.489+0000] {logging_mixin.py:188} INFO - [2026-07-16T05:43:48.489+0000] {dag.py:3036} INFO - Sync 2 DAGs
[2026-07-16T05:43:48.500+0000] {logging_mixin.py:188} INFO - [2026-07-16T05:43:48.500+0000] {dag.py:3823} INFO - Setting next_dagrun for example_xcom_args to None, run_after=None
[2026-07-16T05:43:48.504+0000] {logging_mixin.py:188} INFO - [2026-07-16T05:43:48.504+0000] {dag.py:3823} INFO - Setting next_dagrun for example_xcom_args_with_operators to None, run_after=None
[2026-07-16T05:43:48.523+0000] {processor.py:183} INFO - Processing /home/airflow/.local/lib/python3.8/site-packages/airflow/example_dags/example_xcomargs.py took 0.079 seconds
[2026-07-16T05:44:18.995+0000] {processor.py:161} INFO - Started process (PID=2548) to work on /home/airflow/.local/lib/python3.8/site-packages/airflow/example_dags/example_xcomargs.py
[2026-07-16T05:44:18.995+0000] {processor.py:830} INFO - Processing file /home/airflow/.local/lib/python3.8/site-packages/airflow/example_dags/example_xcomargs.py for tasks to queue
[2026-07-16T05:44:18.998+0000] {logging_mixin.py:188} INFO - [2026-07-16T05:44:18.997+0000] {dagbag.py:538} INFO - Filling up the DagBag from /home/airflow/.local/lib/python3.8/site-packages/airflow/example_dags/example_xcomargs.py
[2026-07-16T05:44:19.008+0000] {processor.py:840} INFO - DAG(s) 'example_xcom_args_with_operators', 'example_xcom_args' retrieved from /home/airflow/.local/lib/python3.8/site-packages/airflow/example_dags/example_xcomargs.py
[2026-07-16T05:44:19.037+0000] {logging_mixin.py:188} INFO - [2026-07-16T05:44:19.037+0000] {dag.py:3036} INFO - Sync 2 DAGs
[2026-07-16T05:44:19.057+0000] {logging_mixin.py:188} INFO - [2026-07-16T05:44:19.057+0000] {dag.py:3823} INFO - Setting next_dagrun for example_xcom_args to None, run_after=None
[2026-07-16T05:44:19.062+0000] {logging_mixin.py:188} INFO - [2026-07-16T05:44:19.062+0000] {dag.py:3823} INFO - Setting next_dagrun for example_xcom_args_with_operators to None, run_after=None
[2026-07-16T05:44:19.077+0000] {processor.py:183} INFO - Processing /home/airflow/.local/lib/python3.8/site-packages/airflow/example_dags/example_xcomargs.py took 0.086 seconds
[2026-07-16T05:44:49.330+0000] {processor.py:161} INFO - Started process (PID=2604) to work on /home/airflow/.local/lib/python3.8/site-packages/airflow/example_dags/example_xcomargs.py
[2026-07-16T05:44:49.332+0000] {processor.py:830} INFO - Processing file /home/airflow/.local/lib/python3.8/site-packages/airflow/example_dags/example_xcomargs.py for tasks to queue
[2026-07-16T05:44:49.334+0000] {logging_mixin.py:188} INFO - [2026-07-16T05:44:49.334+0000] {dagbag.py:538} INFO - Filling up the DagBag from /home/airflow/.local/lib/python3.8/site-packages/airflow/example_dags/example_xcomargs.py
[2026-07-16T05:44:49.343+0000] {processor.py:840} INFO - DAG(s) 'example_xcom_args_with_operators', 'example_xcom_args' retrieved from /home/airflow/.local/lib/python3.8/site-packages/airflow/example_dags/example_xcomargs.py
[2026-07-16T05:44:49.363+0000] {logging_mixin.py:188} INFO - [2026-07-16T05:44:49.363+0000] {dag.py:3036} INFO - Sync 2 DAGs
[2026-07-16T05:44:49.374+0000] {logging_mixin.py:188} INFO - [2026-07-16T05:44:49.374+0000] {dag.py:3823} INFO - Setting next_dagrun for example_xcom_args to None, run_after=None
[2026-07-16T05:44:49.378+0000] {logging_mixin.py:188} INFO - [2026-07-16T05:44:49.378+0000] {dag.py:3823} INFO - Setting next_dagrun for example_xcom_args_with_operators to None, run_after=None
[2026-07-16T05:44:49.391+0000] {processor.py:183} INFO - Processing /home/airflow/.local/lib/python3.8/site-packages/airflow/example_dags/example_xcomargs.py took 0.064 seconds
[2026-07-16T05:45:19.540+0000] {processor.py:161} INFO - Started process (PID=2660) to work on /home/airflow/.local/lib/python3.8/site-packages/airflow/example_dags/example_xcomargs.py
[2026-07-16T05:45:19.541+0000] {processor.py:830} INFO - Processing file /home/airflow/.local/lib/python3.8/site-packages/airflow/example_dags/example_xcomargs.py for tasks to queue
[2026-07-16T05:45:19.542+0000] {logging_mixin.py:188} INFO - [2026-07-16T05:45:19.542+0000] {dagbag.py:538} INFO - Filling up the DagBag from /home/airflow/.local/lib/python3.8/site-packages/airflow/example_dags/example_xcomargs.py
[2026-07-16T05:45:19.548+0000] {processor.py:840} INFO - DAG(s) 'example_xcom_args', 'example_xcom_args_with_operators' retrieved from /home/airflow/.local/lib/python3.8/site-packages/airflow/example_dags/example_xcomargs.py
[2026-07-16T05:45:19.566+0000] {logging_mixin.py:188} INFO - [2026-07-16T05:45:19.566+0000] {dag.py:3036} INFO - Sync 2 DAGs
[2026-07-16T05:45:19.576+0000] {logging_mixin.py:188} INFO - [2026-07-16T05:45:19.576+0000] {dag.py:3823} INFO - Setting next_dagrun for example_xcom_args to None, run_after=None
[2026-07-16T05:45:19.579+0000] {logging_mixin.py:188} INFO - [2026-07-16T05:45:19.578+0000] {dag.py:3823} INFO - Setting next_dagrun for example_xcom_args_with_operators to None, run_after=None
[2026-07-16T05:45:19.591+0000] {processor.py:183} INFO - Processing /home/airflow/.local/lib/python3.8/site-packages/airflow/example_dags/example_xcomargs.py took 0.053 seconds
[2026-07-16T05:45:50.034+0000] {processor.py:161} INFO - Started process (PID=2716) to work on /home/airflow/.local/lib/python3.8/site-packages/airflow/example_dags/example_xcomargs.py
[2026-07-16T05:45:50.035+0000] {processor.py:830} INFO - Processing file /home/airflow/.local/lib/python3.8/site-packages/airflow/example_dags/example_xcomargs.py for tasks to queue
[2026-07-16T05:45:50.037+0000] {logging_mixin.py:188} INFO - [2026-07-16T05:45:50.037+0000] {dagbag.py:538} INFO - Filling up the DagBag from /home/airflow/.local/lib/python3.8/site-packages/airflow/example_dags/example_xcomargs.py
[2026-07-16T05:45:50.043+0000] {processor.py:840} INFO - DAG(s) 'example_xcom_args', 'example_xcom_args_with_operators' retrieved from /home/airflow/.local/lib/python3.8/site-packages/airflow/example_dags/example_xcomargs.py
[2026-07-16T05:45:50.063+0000] {logging_mixin.py:188} INFO - [2026-07-16T05:45:50.063+0000] {dag.py:3036} INFO - Sync 2 DAGs
[2026-07-16T05:45:50.072+0000] {logging_mixin.py:188} INFO - [2026-07-16T05:45:50.072+0000] {dag.py:3823} INFO - Setting next_dagrun for example_xcom_args to None, run_after=None
[2026-07-16T05:45:50.075+0000] {logging_mixin.py:188} INFO - [2026-07-16T05:45:50.075+0000] {dag.py:3823} INFO - Setting next_dagrun for example_xcom_args_with_operators to None, run_after=None
[2026-07-16T05:45:50.089+0000] {processor.py:183} INFO - Processing /home/airflow/.local/lib/python3.8/site-packages/airflow/example_dags/example_xcomargs.py took 0.059 seconds
[2026-07-16T05:46:20.315+0000] {processor.py:161} INFO - Started process (PID=2772) to work on /home/airflow/.local/lib/python3.8/site-packages/airflow/example_dags/example_xcomargs.py
[2026-07-16T05:46:20.318+0000] {processor.py:830} INFO - Processing file /home/airflow/.local/lib/python3.8/site-packages/airflow/example_dags/example_xcomargs.py for tasks to queue
[2026-07-16T05:46:20.324+0000] {logging_mixin.py:188} INFO - [2026-07-16T05:46:20.323+0000] {dagbag.py:538} INFO - Filling up the DagBag from /home/airflow/.local/lib/python3.8/site-packages/airflow/example_dags/example_xcomargs.py
[2026-07-16T05:46:20.347+0000] {processor.py:840} INFO - DAG(s) 'example_xcom_args', 'example_xcom_args_with_operators' retrieved from /home/airflow/.local/lib/python3.8/site-packages/airflow/example_dags/example_xcomargs.py
[2026-07-16T05:46:20.380+0000] {logging_mixin.py:188} INFO - [2026-07-16T05:46:20.380+0000] {dag.py:3036} INFO - Sync 2 DAGs
[2026-07-16T05:46:20.395+0000] {logging_mixin.py:188} INFO - [2026-07-16T05:46:20.394+0000] {dag.py:3823} INFO - Setting next_dagrun for example_xcom_args to None, run_after=None
[2026-07-16T05:46:20.397+0000] {logging_mixin.py:188} INFO - [2026-07-16T05:46:20.397+0000] {dag.py:3823} INFO - Setting next_dagrun for example_xcom_args_with_operators to None, run_after=None
[2026-07-16T05:46:20.408+0000] {processor.py:183} INFO - Processing /home/airflow/.local/lib/python3.8/site-packages/airflow/example_dags/example_xcomargs.py took 0.103 seconds
[2026-07-16T05:46:50.561+0000] {processor.py:161} INFO - Started process (PID=2828) to work on /home/airflow/.local/lib/python3.8/site-packages/airflow/example_dags/example_xcomargs.py
[2026-07-16T05:46:50.562+0000] {processor.py:830} INFO - Processing file /home/airflow/.local/lib/python3.8/site-packages/airflow/example_dags/example_xcomargs.py for tasks to queue
[2026-07-16T05:46:50.564+0000] {logging_mixin.py:188} INFO - [2026-07-16T05:46:50.564+0000] {dagbag.py:538} INFO - Filling up the DagBag from /home/airflow/.local/lib/python3.8/site-packages/airflow/example_dags/example_xcomargs.py
[2026-07-16T05:46:50.570+0000] {processor.py:840} INFO - DAG(s) 'example_xcom_args_with_operators', 'example_xcom_args' retrieved from /home/airflow/.local/lib/python3.8/site-packages/airflow/example_dags/example_xcomargs.py
[2026-07-16T05:46:50.588+0000] {logging_mixin.py:188} INFO - [2026-07-16T05:46:50.588+0000] {dag.py:3036} INFO - Sync 2 DAGs
[2026-07-16T05:46:50.596+0000] {logging_mixin.py:188} INFO - [2026-07-16T05:46:50.596+0000] {dag.py:3823} INFO - Setting next_dagrun for example_xcom_args to None, run_after=None
[2026-07-16T05:46:50.599+0000] {logging_mixin.py:188} INFO - [2026-07-16T05:46:50.598+0000] {dag.py:3823} INFO - Setting next_dagrun for example_xcom_args_with_operators to None, run_after=None
[2026-07-16T05:46:50.612+0000] {processor.py:183} INFO - Processing /home/airflow/.local/lib/python3.8/site-packages/airflow/example_dags/example_xcomargs.py took 0.054 seconds
[2026-07-16T05:47:21.351+0000] {processor.py:161} INFO - Started process (PID=2884) to work on /home/airflow/.local/lib/python3.8/site-packages/airflow/example_dags/example_xcomargs.py
[2026-07-16T05:47:21.355+0000] {processor.py:830} INFO - Processing file /home/airflow/.local/lib/python3.8/site-packages/airflow/example_dags/example_xcomargs.py for tasks to queue
[2026-07-16T05:47:21.358+0000] {logging_mixin.py:188} INFO - [2026-07-16T05:47:21.358+0000] {dagbag.py:538} INFO - Filling up the DagBag from /home/airflow/.local/lib/python3.8/site-packages/airflow/example_dags/example_xcomargs.py
[2026-07-16T05:47:21.368+0000] {processor.py:840} INFO - DAG(s) 'example_xcom_args', 'example_xcom_args_with_operators' retrieved from /home/airflow/.local/lib/python3.8/site-packages/airflow/example_dags/example_xcomargs.py
[2026-07-16T05:47:21.398+0000] {logging_mixin.py:188} INFO - [2026-07-16T05:47:21.397+0000] {dag.py:3036} INFO - Sync 2 DAGs
[2026-07-16T05:47:21.411+0000] {logging_mixin.py:188} INFO - [2026-07-16T05:47:21.411+0000] {dag.py:3823} INFO - Setting next_dagrun for example_xcom_args to None, run_after=None
[2026-07-16T05:47:21.417+0000] {logging_mixin.py:188} INFO - [2026-07-16T05:47:21.416+0000] {dag.py:3823} INFO - Setting next_dagrun for example_xcom_args_with_operators to None, run_after=None
[2026-07-16T05:47:21.435+0000] {processor.py:183} INFO - Processing /home/airflow/.local/lib/python3.8/site-packages/airflow/example_dags/example_xcomargs.py took 0.086 seconds
[2026-07-16T05:47:51.481+0000] {processor.py:161} INFO - Started process (PID=2940) to work on /home/airflow/.local/lib/python3.8/site-packages/airflow/example_dags/example_xcomargs.py
[2026-07-16T05:47:51.482+0000] {processor.py:830} INFO - Processing file /home/airflow/.local/lib/python3.8/site-packages/airflow/example_dags/example_xcomargs.py for tasks to queue
[2026-07-16T05:47:51.485+0000] {logging_mixin.py:188} INFO - [2026-07-16T05:47:51.485+0000] {dagbag.py:538} INFO - Filling up the DagBag from /home/airflow/.local/lib/python3.8/site-packages/airflow/example_dags/example_xcomargs.py
[2026-07-16T05:47:51.493+0000] {processor.py:840} INFO - DAG(s) 'example_xcom_args', 'example_xcom_args_with_operators' retrieved from /home/airflow/.local/lib/python3.8/site-packages/airflow/example_dags/example_xcomargs.py
[2026-07-16T05:47:51.519+0000] {logging_mixin.py:188} INFO - [2026-07-16T05:47:51.519+0000] {dag.py:3036} INFO - Sync 2 DAGs
[2026-07-16T05:47:51.535+0000] {logging_mixin.py:188} INFO - [2026-07-16T05:47:51.534+0000] {dag.py:3823} INFO - Setting next_dagrun for example_xcom_args to None, run_after=None
[2026-07-16T05:47:51.539+0000] {logging_mixin.py:188} INFO - [2026-07-16T05:47:51.539+0000] {dag.py:3823} INFO - Setting next_dagrun for example_xcom_args_with_operators to None, run_after=None
[2026-07-16T05:47:51.562+0000] {processor.py:183} INFO - Processing /home/airflow/.local/lib/python3.8/site-packages/airflow/example_dags/example_xcomargs.py took 0.084 seconds
[2026-07-16T05:48:22.160+0000] {processor.py:161} INFO - Started process (PID=2996) to work on /home/airflow/.local/lib/python3.8/site-packages/airflow/example_dags/example_xcomargs.py
[2026-07-16T05:48:22.162+0000] {processor.py:830} INFO - Processing file /home/airflow/.local/lib/python3.8/site-packages/airflow/example_dags/example_xcomargs.py for tasks to queue
[2026-07-16T05:48:22.164+0000] {logging_mixin.py:188} INFO - [2026-07-16T05:48:22.163+0000] {dagbag.py:538} INFO - Filling up the DagBag from /home/airflow/.local/lib/python3.8/site-packages/airflow/example_dags/example_xcomargs.py
[2026-07-16T05:48:22.172+0000] {processor.py:840} INFO - DAG(s) 'example_xcom_args_with_operators', 'example_xcom_args' retrieved from /home/airflow/.local/lib/python3.8/site-packages/airflow/example_dags/example_xcomargs.py
[2026-07-16T05:48:22.200+0000] {logging_mixin.py:188} INFO - [2026-07-16T05:48:22.199+0000] {dag.py:3036} INFO - Sync 2 DAGs
[2026-07-16T05:48:22.214+0000] {logging_mixin.py:188} INFO - [2026-07-16T05:48:22.214+0000] {dag.py:3823} INFO - Setting next_dagrun for example_xcom_args to None, run_after=None
[2026-07-16T05:48:22.220+0000] {logging_mixin.py:188} INFO - [2026-07-16T05:48:22.218+0000] {dag.py:3823} INFO - Setting next_dagrun for example_xcom_args_with_operators to None, run_after=None
[2026-07-16T05:48:22.244+0000] {processor.py:183} INFO - Processing /home/airflow/.local/lib/python3.8/site-packages/airflow/example_dags/example_xcomargs.py took 0.089 seconds
