[2026-07-16T05:22:01.182+0000] {processor.py:161} INFO - Started process (PID=108) to work on /home/airflow/.local/lib/python3.8/site-packages/airflow/example_dags/example_params_ui_tutorial.py
[2026-07-16T05:22:01.184+0000] {processor.py:830} INFO - Processing file /home/airflow/.local/lib/python3.8/site-packages/airflow/example_dags/example_params_ui_tutorial.py for tasks to queue
[2026-07-16T05:22:01.188+0000] {logging_mixin.py:188} INFO - [2026-07-16T05:22:01.187+0000] {dagbag.py:538} INFO - Filling up the DagBag from /home/airflow/.local/lib/python3.8/site-packages/airflow/example_dags/example_params_ui_tutorial.py
[2026-07-16T05:22:01.215+0000] {processor.py:840} INFO - DAG(s) 'example_params_ui_tutorial' retrieved from /home/airflow/.local/lib/python3.8/site-packages/airflow/example_dags/example_params_ui_tutorial.py
[2026-07-16T05:22:01.445+0000] {logging_mixin.py:188} INFO - [2026-07-16T05:22:01.445+0000] {dag.py:3036} INFO - Sync 1 DAGs
[2026-07-16T05:22:01.462+0000] {logging_mixin.py:188} INFO - [2026-07-16T05:22:01.462+0000] {dag.py:3823} INFO - Setting next_dagrun for example_params_ui_tutorial to None, run_after=None
[2026-07-16T05:22:01.503+0000] {processor.py:183} INFO - Processing /home/airflow/.local/lib/python3.8/site-packages/airflow/example_dags/example_params_ui_tutorial.py took 0.328 seconds
[2026-07-16T05:22:31.695+0000] {processor.py:161} INFO - Started process (PID=166) to work on /home/airflow/.local/lib/python3.8/site-packages/airflow/example_dags/example_params_ui_tutorial.py
[2026-07-16T05:22:31.697+0000] {processor.py:830} INFO - Processing file /home/airflow/.local/lib/python3.8/site-packages/airflow/example_dags/example_params_ui_tutorial.py for tasks to queue
[2026-07-16T05:22:31.700+0000] {logging_mixin.py:188} INFO - [2026-07-16T05:22:31.699+0000] {dagbag.py:538} INFO - Filling up the DagBag from /home/airflow/.local/lib/python3.8/site-packages/airflow/example_dags/example_params_ui_tutorial.py
[2026-07-16T05:22:31.716+0000] {processor.py:840} INFO - DAG(s) 'example_params_ui_tutorial' retrieved from /home/airflow/.local/lib/python3.8/site-packages/airflow/example_dags/example_params_ui_tutorial.py
[2026-07-16T05:22:31.798+0000] {logging_mixin.py:188} INFO - [2026-07-16T05:22:31.797+0000] {dag.py:3036} INFO - Sync 1 DAGs
[2026-07-16T05:22:31.816+0000] {logging_mixin.py:188} INFO - [2026-07-16T05:22:31.816+0000] {dag.py:3823} INFO - Setting next_dagrun for example_params_ui_tutorial to None, run_after=None
[2026-07-16T05:22:31.852+0000] {processor.py:183} INFO - Processing /home/airflow/.local/lib/python3.8/site-packages/airflow/example_dags/example_params_ui_tutorial.py took 0.162 seconds
[2026-07-16T05:23:02.989+0000] {processor.py:161} INFO - Started process (PID=222) to work on /home/airflow/.local/lib/python3.8/site-packages/airflow/example_dags/example_params_ui_tutorial.py
[2026-07-16T05:23:02.992+0000] {processor.py:830} INFO - Processing file /home/airflow/.local/lib/python3.8/site-packages/airflow/example_dags/example_params_ui_tutorial.py for tasks to queue
[2026-07-16T05:23:02.997+0000] {logging_mixin.py:188} INFO - [2026-07-16T05:23:02.996+0000] {dagbag.py:538} INFO - Filling up the DagBag from /home/airflow/.local/lib/python3.8/site-packages/airflow/example_dags/example_params_ui_tutorial.py
[2026-07-16T05:23:03.028+0000] {processor.py:840} INFO - DAG(s) 'example_params_ui_tutorial' retrieved from /home/airflow/.local/lib/python3.8/site-packages/airflow/example_dags/example_params_ui_tutorial.py
[2026-07-16T05:23:03.207+0000] {logging_mixin.py:188} INFO - [2026-07-16T05:23:03.207+0000] {dag.py:3036} INFO - Sync 1 DAGs
[2026-07-16T05:23:03.241+0000] {logging_mixin.py:188} INFO - [2026-07-16T05:23:03.240+0000] {dag.py:3823} INFO - Setting next_dagrun for example_params_ui_tutorial to None, run_after=None
[2026-07-16T05:23:03.281+0000] {processor.py:183} INFO - Processing /home/airflow/.local/lib/python3.8/site-packages/airflow/example_dags/example_params_ui_tutorial.py took 0.301 seconds
[2026-07-16T05:23:33.984+0000] {processor.py:161} INFO - Started process (PID=278) to work on /home/airflow/.local/lib/python3.8/site-packages/airflow/example_dags/example_params_ui_tutorial.py
[2026-07-16T05:23:33.986+0000] {processor.py:830} INFO - Processing file /home/airflow/.local/lib/python3.8/site-packages/airflow/example_dags/example_params_ui_tutorial.py for tasks to queue
[2026-07-16T05:23:33.989+0000] {logging_mixin.py:188} INFO - [2026-07-16T05:23:33.988+0000] {dagbag.py:538} INFO - Filling up the DagBag from /home/airflow/.local/lib/python3.8/site-packages/airflow/example_dags/example_params_ui_tutorial.py
[2026-07-16T05:23:34.008+0000] {processor.py:840} INFO - DAG(s) 'example_params_ui_tutorial' retrieved from /home/airflow/.local/lib/python3.8/site-packages/airflow/example_dags/example_params_ui_tutorial.py
[2026-07-16T05:23:34.086+0000] {logging_mixin.py:188} INFO - [2026-07-16T05:23:34.086+0000] {dag.py:3036} INFO - Sync 1 DAGs
[2026-07-16T05:23:34.103+0000] {logging_mixin.py:188} INFO - [2026-07-16T05:23:34.103+0000] {dag.py:3823} INFO - Setting next_dagrun for example_params_ui_tutorial to None, run_after=None
[2026-07-16T05:23:34.130+0000] {processor.py:183} INFO - Processing /home/airflow/.local/lib/python3.8/site-packages/airflow/example_dags/example_params_ui_tutorial.py took 0.152 seconds
[2026-07-16T05:24:07.479+0000] {processor.py:161} INFO - Started process (PID=339) to work on /home/airflow/.local/lib/python3.8/site-packages/airflow/example_dags/example_params_ui_tutorial.py
[2026-07-16T05:24:07.482+0000] {processor.py:830} INFO - Processing file /home/airflow/.local/lib/python3.8/site-packages/airflow/example_dags/example_params_ui_tutorial.py for tasks to queue
[2026-07-16T05:24:07.486+0000] {logging_mixin.py:188} INFO - [2026-07-16T05:24:07.485+0000] {dagbag.py:538} INFO - Filling up the DagBag from /home/airflow/.local/lib/python3.8/site-packages/airflow/example_dags/example_params_ui_tutorial.py
[2026-07-16T05:24:07.544+0000] {processor.py:840} INFO - DAG(s) 'example_params_ui_tutorial' retrieved from /home/airflow/.local/lib/python3.8/site-packages/airflow/example_dags/example_params_ui_tutorial.py
[2026-07-16T05:24:07.728+0000] {logging_mixin.py:188} INFO - [2026-07-16T05:24:07.727+0000] {dag.py:3036} INFO - Sync 1 DAGs
[2026-07-16T05:24:07.760+0000] {logging_mixin.py:188} INFO - [2026-07-16T05:24:07.759+0000] {dag.py:3823} INFO - Setting next_dagrun for example_params_ui_tutorial to None, run_after=None
[2026-07-16T05:24:07.874+0000] {processor.py:183} INFO - Processing /home/airflow/.local/lib/python3.8/site-packages/airflow/example_dags/example_params_ui_tutorial.py took 0.402 seconds
[2026-07-16T05:24:38.434+0000] {processor.py:161} INFO - Started process (PID=395) to work on /home/airflow/.local/lib/python3.8/site-packages/airflow/example_dags/example_params_ui_tutorial.py
[2026-07-16T05:24:38.436+0000] {processor.py:830} INFO - Processing file /home/airflow/.local/lib/python3.8/site-packages/airflow/example_dags/example_params_ui_tutorial.py for tasks to queue
[2026-07-16T05:24:38.440+0000] {logging_mixin.py:188} INFO - [2026-07-16T05:24:38.439+0000] {dagbag.py:538} INFO - Filling up the DagBag from /home/airflow/.local/lib/python3.8/site-packages/airflow/example_dags/example_params_ui_tutorial.py
[2026-07-16T05:24:38.461+0000] {processor.py:840} INFO - DAG(s) 'example_params_ui_tutorial' retrieved from /home/airflow/.local/lib/python3.8/site-packages/airflow/example_dags/example_params_ui_tutorial.py
[2026-07-16T05:24:38.572+0000] {logging_mixin.py:188} INFO - [2026-07-16T05:24:38.571+0000] {dag.py:3036} INFO - Sync 1 DAGs
[2026-07-16T05:24:38.599+0000] {logging_mixin.py:188} INFO - [2026-07-16T05:24:38.599+0000] {dag.py:3823} INFO - Setting next_dagrun for example_params_ui_tutorial to None, run_after=None
[2026-07-16T05:24:38.632+0000] {processor.py:183} INFO - Processing /home/airflow/.local/lib/python3.8/site-packages/airflow/example_dags/example_params_ui_tutorial.py took 0.204 seconds
[2026-07-16T05:25:08.717+0000] {processor.py:161} INFO - Started process (PID=451) to work on /home/airflow/.local/lib/python3.8/site-packages/airflow/example_dags/example_params_ui_tutorial.py
[2026-07-16T05:25:08.718+0000] {processor.py:830} INFO - Processing file /home/airflow/.local/lib/python3.8/site-packages/airflow/example_dags/example_params_ui_tutorial.py for tasks to queue
[2026-07-16T05:25:08.720+0000] {logging_mixin.py:188} INFO - [2026-07-16T05:25:08.720+0000] {dagbag.py:538} INFO - Filling up the DagBag from /home/airflow/.local/lib/python3.8/site-packages/airflow/example_dags/example_params_ui_tutorial.py
[2026-07-16T05:25:08.739+0000] {processor.py:840} INFO - DAG(s) 'example_params_ui_tutorial' retrieved from /home/airflow/.local/lib/python3.8/site-packages/airflow/example_dags/example_params_ui_tutorial.py
[2026-07-16T05:25:08.822+0000] {logging_mixin.py:188} INFO - [2026-07-16T05:25:08.822+0000] {dag.py:3036} INFO - Sync 1 DAGs
[2026-07-16T05:25:08.838+0000] {logging_mixin.py:188} INFO - [2026-07-16T05:25:08.838+0000] {dag.py:3823} INFO - Setting next_dagrun for example_params_ui_tutorial to None, run_after=None
[2026-07-16T05:25:08.866+0000] {processor.py:183} INFO - Processing /home/airflow/.local/lib/python3.8/site-packages/airflow/example_dags/example_params_ui_tutorial.py took 0.154 seconds
[2026-07-16T05:25:38.935+0000] {processor.py:161} INFO - Started process (PID=507) to work on /home/airflow/.local/lib/python3.8/site-packages/airflow/example_dags/example_params_ui_tutorial.py
[2026-07-16T05:25:38.937+0000] {processor.py:830} INFO - Processing file /home/airflow/.local/lib/python3.8/site-packages/airflow/example_dags/example_params_ui_tutorial.py for tasks to queue
[2026-07-16T05:25:38.939+0000] {logging_mixin.py:188} INFO - [2026-07-16T05:25:38.939+0000] {dagbag.py:538} INFO - Filling up the DagBag from /home/airflow/.local/lib/python3.8/site-packages/airflow/example_dags/example_params_ui_tutorial.py
[2026-07-16T05:25:38.954+0000] {processor.py:840} INFO - DAG(s) 'example_params_ui_tutorial' retrieved from /home/airflow/.local/lib/python3.8/site-packages/airflow/example_dags/example_params_ui_tutorial.py
[2026-07-16T05:25:39.032+0000] {logging_mixin.py:188} INFO - [2026-07-16T05:25:39.032+0000] {dag.py:3036} INFO - Sync 1 DAGs
[2026-07-16T05:25:39.046+0000] {logging_mixin.py:188} INFO - [2026-07-16T05:25:39.046+0000] {dag.py:3823} INFO - Setting next_dagrun for example_params_ui_tutorial to None, run_after=None
[2026-07-16T05:25:39.082+0000] {processor.py:183} INFO - Processing /home/airflow/.local/lib/python3.8/site-packages/airflow/example_dags/example_params_ui_tutorial.py took 0.151 seconds
[2026-07-16T05:26:09.127+0000] {processor.py:161} INFO - Started process (PID=563) to work on /home/airflow/.local/lib/python3.8/site-packages/airflow/example_dags/example_params_ui_tutorial.py
[2026-07-16T05:26:09.129+0000] {processor.py:830} INFO - Processing file /home/airflow/.local/lib/python3.8/site-packages/airflow/example_dags/example_params_ui_tutorial.py for tasks to queue
[2026-07-16T05:26:09.131+0000] {logging_mixin.py:188} INFO - [2026-07-16T05:26:09.131+0000] {dagbag.py:538} INFO - Filling up the DagBag from /home/airflow/.local/lib/python3.8/site-packages/airflow/example_dags/example_params_ui_tutorial.py
[2026-07-16T05:26:09.148+0000] {processor.py:840} INFO - DAG(s) 'example_params_ui_tutorial' retrieved from /home/airflow/.local/lib/python3.8/site-packages/airflow/example_dags/example_params_ui_tutorial.py
[2026-07-16T05:26:09.243+0000] {logging_mixin.py:188} INFO - [2026-07-16T05:26:09.242+0000] {dag.py:3036} INFO - Sync 1 DAGs
[2026-07-16T05:26:09.263+0000] {logging_mixin.py:188} INFO - [2026-07-16T05:26:09.263+0000] {dag.py:3823} INFO - Setting next_dagrun for example_params_ui_tutorial to None, run_after=None
[2026-07-16T05:26:09.297+0000] {processor.py:183} INFO - Processing /home/airflow/.local/lib/python3.8/site-packages/airflow/example_dags/example_params_ui_tutorial.py took 0.175 seconds
[2026-07-16T05:26:39.574+0000] {processor.py:161} INFO - Started process (PID=619) to work on /home/airflow/.local/lib/python3.8/site-packages/airflow/example_dags/example_params_ui_tutorial.py
[2026-07-16T05:26:39.576+0000] {processor.py:830} INFO - Processing file /home/airflow/.local/lib/python3.8/site-packages/airflow/example_dags/example_params_ui_tutorial.py for tasks to queue
[2026-07-16T05:26:39.579+0000] {logging_mixin.py:188} INFO - [2026-07-16T05:26:39.578+0000] {dagbag.py:538} INFO - Filling up the DagBag from /home/airflow/.local/lib/python3.8/site-packages/airflow/example_dags/example_params_ui_tutorial.py
[2026-07-16T05:26:39.598+0000] {processor.py:840} INFO - DAG(s) 'example_params_ui_tutorial' retrieved from /home/airflow/.local/lib/python3.8/site-packages/airflow/example_dags/example_params_ui_tutorial.py
[2026-07-16T05:26:39.701+0000] {logging_mixin.py:188} INFO - [2026-07-16T05:26:39.700+0000] {dag.py:3036} INFO - Sync 1 DAGs
[2026-07-16T05:26:39.736+0000] {logging_mixin.py:188} INFO - [2026-07-16T05:26:39.736+0000] {dag.py:3823} INFO - Setting next_dagrun for example_params_ui_tutorial to None, run_after=None
[2026-07-16T05:26:39.793+0000] {processor.py:183} INFO - Processing /home/airflow/.local/lib/python3.8/site-packages/airflow/example_dags/example_params_ui_tutorial.py took 0.233 seconds
[2026-07-16T05:27:09.843+0000] {processor.py:161} INFO - Started process (PID=675) to work on /home/airflow/.local/lib/python3.8/site-packages/airflow/example_dags/example_params_ui_tutorial.py
[2026-07-16T05:27:09.844+0000] {processor.py:830} INFO - Processing file /home/airflow/.local/lib/python3.8/site-packages/airflow/example_dags/example_params_ui_tutorial.py for tasks to queue
[2026-07-16T05:27:09.847+0000] {logging_mixin.py:188} INFO - [2026-07-16T05:27:09.846+0000] {dagbag.py:538} INFO - Filling up the DagBag from /home/airflow/.local/lib/python3.8/site-packages/airflow/example_dags/example_params_ui_tutorial.py
[2026-07-16T05:27:09.863+0000] {processor.py:840} INFO - DAG(s) 'example_params_ui_tutorial' retrieved from /home/airflow/.local/lib/python3.8/site-packages/airflow/example_dags/example_params_ui_tutorial.py
[2026-07-16T05:27:09.938+0000] {logging_mixin.py:188} INFO - [2026-07-16T05:27:09.938+0000] {dag.py:3036} INFO - Sync 1 DAGs
[2026-07-16T05:27:09.955+0000] {logging_mixin.py:188} INFO - [2026-07-16T05:27:09.955+0000] {dag.py:3823} INFO - Setting next_dagrun for example_params_ui_tutorial to None, run_after=None
[2026-07-16T05:27:09.986+0000] {processor.py:183} INFO - Processing /home/airflow/.local/lib/python3.8/site-packages/airflow/example_dags/example_params_ui_tutorial.py took 0.150 seconds
[2026-07-16T05:27:40.883+0000] {processor.py:161} INFO - Started process (PID=731) to work on /home/airflow/.local/lib/python3.8/site-packages/airflow/example_dags/example_params_ui_tutorial.py
[2026-07-16T05:27:40.885+0000] {processor.py:830} INFO - Processing file /home/airflow/.local/lib/python3.8/site-packages/airflow/example_dags/example_params_ui_tutorial.py for tasks to queue
[2026-07-16T05:27:40.887+0000] {logging_mixin.py:188} INFO - [2026-07-16T05:27:40.887+0000] {dagbag.py:538} INFO - Filling up the DagBag from /home/airflow/.local/lib/python3.8/site-packages/airflow/example_dags/example_params_ui_tutorial.py
[2026-07-16T05:27:40.902+0000] {processor.py:840} INFO - DAG(s) 'example_params_ui_tutorial' retrieved from /home/airflow/.local/lib/python3.8/site-packages/airflow/example_dags/example_params_ui_tutorial.py
[2026-07-16T05:27:40.966+0000] {logging_mixin.py:188} INFO - [2026-07-16T05:27:40.965+0000] {dag.py:3036} INFO - Sync 1 DAGs
[2026-07-16T05:27:40.978+0000] {logging_mixin.py:188} INFO - [2026-07-16T05:27:40.978+0000] {dag.py:3823} INFO - Setting next_dagrun for example_params_ui_tutorial to None, run_after=None
[2026-07-16T05:27:41.008+0000] {processor.py:183} INFO - Processing /home/airflow/.local/lib/python3.8/site-packages/airflow/example_dags/example_params_ui_tutorial.py took 0.133 seconds
[2026-07-16T05:28:11.726+0000] {processor.py:161} INFO - Started process (PID=787) to work on /home/airflow/.local/lib/python3.8/site-packages/airflow/example_dags/example_params_ui_tutorial.py
[2026-07-16T05:28:11.729+0000] {processor.py:830} INFO - Processing file /home/airflow/.local/lib/python3.8/site-packages/airflow/example_dags/example_params_ui_tutorial.py for tasks to queue
[2026-07-16T05:28:11.733+0000] {logging_mixin.py:188} INFO - [2026-07-16T05:28:11.732+0000] {dagbag.py:538} INFO - Filling up the DagBag from /home/airflow/.local/lib/python3.8/site-packages/airflow/example_dags/example_params_ui_tutorial.py
[2026-07-16T05:28:11.758+0000] {processor.py:840} INFO - DAG(s) 'example_params_ui_tutorial' retrieved from /home/airflow/.local/lib/python3.8/site-packages/airflow/example_dags/example_params_ui_tutorial.py
[2026-07-16T05:28:11.887+0000] {logging_mixin.py:188} INFO - [2026-07-16T05:28:11.886+0000] {dag.py:3036} INFO - Sync 1 DAGs
[2026-07-16T05:28:11.913+0000] {logging_mixin.py:188} INFO - [2026-07-16T05:28:11.912+0000] {dag.py:3823} INFO - Setting next_dagrun for example_params_ui_tutorial to None, run_after=None
[2026-07-16T05:28:11.966+0000] {processor.py:183} INFO - Processing /home/airflow/.local/lib/python3.8/site-packages/airflow/example_dags/example_params_ui_tutorial.py took 0.249 seconds
[2026-07-16T05:28:42.242+0000] {processor.py:161} INFO - Started process (PID=843) to work on /home/airflow/.local/lib/python3.8/site-packages/airflow/example_dags/example_params_ui_tutorial.py
[2026-07-16T05:28:42.244+0000] {processor.py:830} INFO - Processing file /home/airflow/.local/lib/python3.8/site-packages/airflow/example_dags/example_params_ui_tutorial.py for tasks to queue
[2026-07-16T05:28:42.247+0000] {logging_mixin.py:188} INFO - [2026-07-16T05:28:42.247+0000] {dagbag.py:538} INFO - Filling up the DagBag from /home/airflow/.local/lib/python3.8/site-packages/airflow/example_dags/example_params_ui_tutorial.py
[2026-07-16T05:28:42.268+0000] {processor.py:840} INFO - DAG(s) 'example_params_ui_tutorial' retrieved from /home/airflow/.local/lib/python3.8/site-packages/airflow/example_dags/example_params_ui_tutorial.py
[2026-07-16T05:28:42.368+0000] {logging_mixin.py:188} INFO - [2026-07-16T05:28:42.367+0000] {dag.py:3036} INFO - Sync 1 DAGs
[2026-07-16T05:28:42.392+0000] {logging_mixin.py:188} INFO - [2026-07-16T05:28:42.391+0000] {dag.py:3823} INFO - Setting next_dagrun for example_params_ui_tutorial to None, run_after=None
[2026-07-16T05:28:42.450+0000] {processor.py:183} INFO - Processing /home/airflow/.local/lib/python3.8/site-packages/airflow/example_dags/example_params_ui_tutorial.py took 0.214 seconds
[2026-07-16T05:29:13.279+0000] {processor.py:161} INFO - Started process (PID=899) to work on /home/airflow/.local/lib/python3.8/site-packages/airflow/example_dags/example_params_ui_tutorial.py
[2026-07-16T05:29:13.282+0000] {processor.py:830} INFO - Processing file /home/airflow/.local/lib/python3.8/site-packages/airflow/example_dags/example_params_ui_tutorial.py for tasks to queue
[2026-07-16T05:29:13.287+0000] {logging_mixin.py:188} INFO - [2026-07-16T05:29:13.286+0000] {dagbag.py:538} INFO - Filling up the DagBag from /home/airflow/.local/lib/python3.8/site-packages/airflow/example_dags/example_params_ui_tutorial.py
[2026-07-16T05:29:13.310+0000] {processor.py:840} INFO - DAG(s) 'example_params_ui_tutorial' retrieved from /home/airflow/.local/lib/python3.8/site-packages/airflow/example_dags/example_params_ui_tutorial.py
[2026-07-16T05:29:13.443+0000] {logging_mixin.py:188} INFO - [2026-07-16T05:29:13.442+0000] {dag.py:3036} INFO - Sync 1 DAGs
[2026-07-16T05:29:13.480+0000] {logging_mixin.py:188} INFO - [2026-07-16T05:29:13.479+0000] {dag.py:3823} INFO - Setting next_dagrun for example_params_ui_tutorial to None, run_after=None
[2026-07-16T05:29:13.542+0000] {processor.py:183} INFO - Processing /home/airflow/.local/lib/python3.8/site-packages/airflow/example_dags/example_params_ui_tutorial.py took 0.271 seconds
[2026-07-16T05:29:43.821+0000] {processor.py:161} INFO - Started process (PID=955) to work on /home/airflow/.local/lib/python3.8/site-packages/airflow/example_dags/example_params_ui_tutorial.py
[2026-07-16T05:29:43.822+0000] {processor.py:830} INFO - Processing file /home/airflow/.local/lib/python3.8/site-packages/airflow/example_dags/example_params_ui_tutorial.py for tasks to queue
[2026-07-16T05:29:43.828+0000] {logging_mixin.py:188} INFO - [2026-07-16T05:29:43.826+0000] {dagbag.py:538} INFO - Filling up the DagBag from /home/airflow/.local/lib/python3.8/site-packages/airflow/example_dags/example_params_ui_tutorial.py
[2026-07-16T05:29:43.856+0000] {processor.py:840} INFO - DAG(s) 'example_params_ui_tutorial' retrieved from /home/airflow/.local/lib/python3.8/site-packages/airflow/example_dags/example_params_ui_tutorial.py
[2026-07-16T05:29:43.991+0000] {logging_mixin.py:188} INFO - [2026-07-16T05:29:43.990+0000] {dag.py:3036} INFO - Sync 1 DAGs
[2026-07-16T05:29:44.027+0000] {logging_mixin.py:188} INFO - [2026-07-16T05:29:44.027+0000] {dag.py:3823} INFO - Setting next_dagrun for example_params_ui_tutorial to None, run_after=None
[2026-07-16T05:29:44.082+0000] {processor.py:183} INFO - Processing /home/airflow/.local/lib/python3.8/site-packages/airflow/example_dags/example_params_ui_tutorial.py took 0.267 seconds
[2026-07-16T05:30:14.149+0000] {processor.py:161} INFO - Started process (PID=1011) to work on /home/airflow/.local/lib/python3.8/site-packages/airflow/example_dags/example_params_ui_tutorial.py
[2026-07-16T05:30:14.151+0000] {processor.py:830} INFO - Processing file /home/airflow/.local/lib/python3.8/site-packages/airflow/example_dags/example_params_ui_tutorial.py for tasks to queue
[2026-07-16T05:30:14.155+0000] {logging_mixin.py:188} INFO - [2026-07-16T05:30:14.154+0000] {dagbag.py:538} INFO - Filling up the DagBag from /home/airflow/.local/lib/python3.8/site-packages/airflow/example_dags/example_params_ui_tutorial.py
[2026-07-16T05:30:14.177+0000] {processor.py:840} INFO - DAG(s) 'example_params_ui_tutorial' retrieved from /home/airflow/.local/lib/python3.8/site-packages/airflow/example_dags/example_params_ui_tutorial.py
[2026-07-16T05:30:14.272+0000] {logging_mixin.py:188} INFO - [2026-07-16T05:30:14.272+0000] {dag.py:3036} INFO - Sync 1 DAGs
[2026-07-16T05:30:14.298+0000] {logging_mixin.py:188} INFO - [2026-07-16T05:30:14.298+0000] {dag.py:3823} INFO - Setting next_dagrun for example_params_ui_tutorial to None, run_after=None
[2026-07-16T05:30:14.348+0000] {processor.py:183} INFO - Processing /home/airflow/.local/lib/python3.8/site-packages/airflow/example_dags/example_params_ui_tutorial.py took 0.206 seconds
[2026-07-16T05:30:44.757+0000] {processor.py:161} INFO - Started process (PID=1067) to work on /home/airflow/.local/lib/python3.8/site-packages/airflow/example_dags/example_params_ui_tutorial.py
[2026-07-16T05:30:44.759+0000] {processor.py:830} INFO - Processing file /home/airflow/.local/lib/python3.8/site-packages/airflow/example_dags/example_params_ui_tutorial.py for tasks to queue
[2026-07-16T05:30:44.762+0000] {logging_mixin.py:188} INFO - [2026-07-16T05:30:44.761+0000] {dagbag.py:538} INFO - Filling up the DagBag from /home/airflow/.local/lib/python3.8/site-packages/airflow/example_dags/example_params_ui_tutorial.py
[2026-07-16T05:30:44.777+0000] {processor.py:840} INFO - DAG(s) 'example_params_ui_tutorial' retrieved from /home/airflow/.local/lib/python3.8/site-packages/airflow/example_dags/example_params_ui_tutorial.py
[2026-07-16T05:30:44.846+0000] {logging_mixin.py:188} INFO - [2026-07-16T05:30:44.846+0000] {dag.py:3036} INFO - Sync 1 DAGs
[2026-07-16T05:30:44.862+0000] {logging_mixin.py:188} INFO - [2026-07-16T05:30:44.862+0000] {dag.py:3823} INFO - Setting next_dagrun for example_params_ui_tutorial to None, run_after=None
[2026-07-16T05:30:44.894+0000] {processor.py:183} INFO - Processing /home/airflow/.local/lib/python3.8/site-packages/airflow/example_dags/example_params_ui_tutorial.py took 0.142 seconds
[2026-07-16T05:31:15.806+0000] {processor.py:161} INFO - Started process (PID=1123) to work on /home/airflow/.local/lib/python3.8/site-packages/airflow/example_dags/example_params_ui_tutorial.py
[2026-07-16T05:31:15.808+0000] {processor.py:830} INFO - Processing file /home/airflow/.local/lib/python3.8/site-packages/airflow/example_dags/example_params_ui_tutorial.py for tasks to queue
[2026-07-16T05:31:15.812+0000] {logging_mixin.py:188} INFO - [2026-07-16T05:31:15.811+0000] {dagbag.py:538} INFO - Filling up the DagBag from /home/airflow/.local/lib/python3.8/site-packages/airflow/example_dags/example_params_ui_tutorial.py
[2026-07-16T05:31:15.838+0000] {processor.py:840} INFO - DAG(s) 'example_params_ui_tutorial' retrieved from /home/airflow/.local/lib/python3.8/site-packages/airflow/example_dags/example_params_ui_tutorial.py
[2026-07-16T05:31:15.928+0000] {logging_mixin.py:188} INFO - [2026-07-16T05:31:15.928+0000] {dag.py:3036} INFO - Sync 1 DAGs
[2026-07-16T05:31:15.943+0000] {logging_mixin.py:188} INFO - [2026-07-16T05:31:15.943+0000] {dag.py:3823} INFO - Setting next_dagrun for example_params_ui_tutorial to None, run_after=None
[2026-07-16T05:31:15.965+0000] {processor.py:183} INFO - Processing /home/airflow/.local/lib/python3.8/site-packages/airflow/example_dags/example_params_ui_tutorial.py took 0.165 seconds
[2026-07-16T05:31:46.920+0000] {processor.py:161} INFO - Started process (PID=1179) to work on /home/airflow/.local/lib/python3.8/site-packages/airflow/example_dags/example_params_ui_tutorial.py
[2026-07-16T05:31:46.922+0000] {processor.py:830} INFO - Processing file /home/airflow/.local/lib/python3.8/site-packages/airflow/example_dags/example_params_ui_tutorial.py for tasks to queue
[2026-07-16T05:31:46.925+0000] {logging_mixin.py:188} INFO - [2026-07-16T05:31:46.924+0000] {dagbag.py:538} INFO - Filling up the DagBag from /home/airflow/.local/lib/python3.8/site-packages/airflow/example_dags/example_params_ui_tutorial.py
[2026-07-16T05:31:46.945+0000] {processor.py:840} INFO - DAG(s) 'example_params_ui_tutorial' retrieved from /home/airflow/.local/lib/python3.8/site-packages/airflow/example_dags/example_params_ui_tutorial.py
[2026-07-16T05:31:47.067+0000] {logging_mixin.py:188} INFO - [2026-07-16T05:31:47.066+0000] {dag.py:3036} INFO - Sync 1 DAGs
[2026-07-16T05:31:47.094+0000] {logging_mixin.py:188} INFO - [2026-07-16T05:31:47.092+0000] {dag.py:3823} INFO - Setting next_dagrun for example_params_ui_tutorial to None, run_after=None
[2026-07-16T05:31:47.134+0000] {processor.py:183} INFO - Processing /home/airflow/.local/lib/python3.8/site-packages/airflow/example_dags/example_params_ui_tutorial.py took 0.222 seconds
[2026-07-16T05:32:17.711+0000] {processor.py:161} INFO - Started process (PID=1235) to work on /home/airflow/.local/lib/python3.8/site-packages/airflow/example_dags/example_params_ui_tutorial.py
[2026-07-16T05:32:17.713+0000] {processor.py:830} INFO - Processing file /home/airflow/.local/lib/python3.8/site-packages/airflow/example_dags/example_params_ui_tutorial.py for tasks to queue
[2026-07-16T05:32:17.716+0000] {logging_mixin.py:188} INFO - [2026-07-16T05:32:17.716+0000] {dagbag.py:538} INFO - Filling up the DagBag from /home/airflow/.local/lib/python3.8/site-packages/airflow/example_dags/example_params_ui_tutorial.py
[2026-07-16T05:32:17.731+0000] {processor.py:840} INFO - DAG(s) 'example_params_ui_tutorial' retrieved from /home/airflow/.local/lib/python3.8/site-packages/airflow/example_dags/example_params_ui_tutorial.py
[2026-07-16T05:32:17.780+0000] {logging_mixin.py:188} INFO - [2026-07-16T05:32:17.780+0000] {dag.py:3036} INFO - Sync 1 DAGs
[2026-07-16T05:32:17.790+0000] {logging_mixin.py:188} INFO - [2026-07-16T05:32:17.790+0000] {dag.py:3823} INFO - Setting next_dagrun for example_params_ui_tutorial to None, run_after=None
[2026-07-16T05:32:17.807+0000] {processor.py:183} INFO - Processing /home/airflow/.local/lib/python3.8/site-packages/airflow/example_dags/example_params_ui_tutorial.py took 0.102 seconds
[2026-07-16T05:32:47.873+0000] {processor.py:161} INFO - Started process (PID=1291) to work on /home/airflow/.local/lib/python3.8/site-packages/airflow/example_dags/example_params_ui_tutorial.py
[2026-07-16T05:32:47.874+0000] {processor.py:830} INFO - Processing file /home/airflow/.local/lib/python3.8/site-packages/airflow/example_dags/example_params_ui_tutorial.py for tasks to queue
[2026-07-16T05:32:47.875+0000] {logging_mixin.py:188} INFO - [2026-07-16T05:32:47.875+0000] {dagbag.py:538} INFO - Filling up the DagBag from /home/airflow/.local/lib/python3.8/site-packages/airflow/example_dags/example_params_ui_tutorial.py
[2026-07-16T05:32:47.885+0000] {processor.py:840} INFO - DAG(s) 'example_params_ui_tutorial' retrieved from /home/airflow/.local/lib/python3.8/site-packages/airflow/example_dags/example_params_ui_tutorial.py
[2026-07-16T05:32:47.925+0000] {logging_mixin.py:188} INFO - [2026-07-16T05:32:47.925+0000] {dag.py:3036} INFO - Sync 1 DAGs
[2026-07-16T05:32:47.935+0000] {logging_mixin.py:188} INFO - [2026-07-16T05:32:47.934+0000] {dag.py:3823} INFO - Setting next_dagrun for example_params_ui_tutorial to None, run_after=None
[2026-07-16T05:32:47.950+0000] {processor.py:183} INFO - Processing /home/airflow/.local/lib/python3.8/site-packages/airflow/example_dags/example_params_ui_tutorial.py took 0.080 seconds
[2026-07-16T05:33:18.941+0000] {processor.py:161} INFO - Started process (PID=1347) to work on /home/airflow/.local/lib/python3.8/site-packages/airflow/example_dags/example_params_ui_tutorial.py
[2026-07-16T05:33:18.945+0000] {processor.py:830} INFO - Processing file /home/airflow/.local/lib/python3.8/site-packages/airflow/example_dags/example_params_ui_tutorial.py for tasks to queue
[2026-07-16T05:33:18.948+0000] {logging_mixin.py:188} INFO - [2026-07-16T05:33:18.947+0000] {dagbag.py:538} INFO - Filling up the DagBag from /home/airflow/.local/lib/python3.8/site-packages/airflow/example_dags/example_params_ui_tutorial.py
[2026-07-16T05:33:18.963+0000] {processor.py:840} INFO - DAG(s) 'example_params_ui_tutorial' retrieved from /home/airflow/.local/lib/python3.8/site-packages/airflow/example_dags/example_params_ui_tutorial.py
[2026-07-16T05:33:19.033+0000] {logging_mixin.py:188} INFO - [2026-07-16T05:33:19.032+0000] {dag.py:3036} INFO - Sync 1 DAGs
[2026-07-16T05:33:19.052+0000] {logging_mixin.py:188} INFO - [2026-07-16T05:33:19.051+0000] {dag.py:3823} INFO - Setting next_dagrun for example_params_ui_tutorial to None, run_after=None
[2026-07-16T05:33:19.088+0000] {processor.py:183} INFO - Processing /home/airflow/.local/lib/python3.8/site-packages/airflow/example_dags/example_params_ui_tutorial.py took 0.154 seconds
[2026-07-16T05:33:49.130+0000] {processor.py:161} INFO - Started process (PID=1403) to work on /home/airflow/.local/lib/python3.8/site-packages/airflow/example_dags/example_params_ui_tutorial.py
[2026-07-16T05:33:49.131+0000] {processor.py:830} INFO - Processing file /home/airflow/.local/lib/python3.8/site-packages/airflow/example_dags/example_params_ui_tutorial.py for tasks to queue
[2026-07-16T05:33:49.133+0000] {logging_mixin.py:188} INFO - [2026-07-16T05:33:49.133+0000] {dagbag.py:538} INFO - Filling up the DagBag from /home/airflow/.local/lib/python3.8/site-packages/airflow/example_dags/example_params_ui_tutorial.py
[2026-07-16T05:33:49.144+0000] {processor.py:840} INFO - DAG(s) 'example_params_ui_tutorial' retrieved from /home/airflow/.local/lib/python3.8/site-packages/airflow/example_dags/example_params_ui_tutorial.py
[2026-07-16T05:33:49.186+0000] {logging_mixin.py:188} INFO - [2026-07-16T05:33:49.186+0000] {dag.py:3036} INFO - Sync 1 DAGs
[2026-07-16T05:33:49.195+0000] {logging_mixin.py:188} INFO - [2026-07-16T05:33:49.195+0000] {dag.py:3823} INFO - Setting next_dagrun for example_params_ui_tutorial to None, run_after=None
[2026-07-16T05:33:49.210+0000] {processor.py:183} INFO - Processing /home/airflow/.local/lib/python3.8/site-packages/airflow/example_dags/example_params_ui_tutorial.py took 0.083 seconds
[2026-07-16T05:34:19.910+0000] {processor.py:161} INFO - Started process (PID=1459) to work on /home/airflow/.local/lib/python3.8/site-packages/airflow/example_dags/example_params_ui_tutorial.py
[2026-07-16T05:34:19.912+0000] {processor.py:830} INFO - Processing file /home/airflow/.local/lib/python3.8/site-packages/airflow/example_dags/example_params_ui_tutorial.py for tasks to queue
[2026-07-16T05:34:19.915+0000] {logging_mixin.py:188} INFO - [2026-07-16T05:34:19.915+0000] {dagbag.py:538} INFO - Filling up the DagBag from /home/airflow/.local/lib/python3.8/site-packages/airflow/example_dags/example_params_ui_tutorial.py
[2026-07-16T05:34:19.932+0000] {processor.py:840} INFO - DAG(s) 'example_params_ui_tutorial' retrieved from /home/airflow/.local/lib/python3.8/site-packages/airflow/example_dags/example_params_ui_tutorial.py
[2026-07-16T05:34:20.009+0000] {logging_mixin.py:188} INFO - [2026-07-16T05:34:20.008+0000] {dag.py:3036} INFO - Sync 1 DAGs
[2026-07-16T05:34:20.024+0000] {logging_mixin.py:188} INFO - [2026-07-16T05:34:20.024+0000] {dag.py:3823} INFO - Setting next_dagrun for example_params_ui_tutorial to None, run_after=None
[2026-07-16T05:34:20.055+0000] {processor.py:183} INFO - Processing /home/airflow/.local/lib/python3.8/site-packages/airflow/example_dags/example_params_ui_tutorial.py took 0.149 seconds
[2026-07-16T05:34:50.262+0000] {processor.py:161} INFO - Started process (PID=1515) to work on /home/airflow/.local/lib/python3.8/site-packages/airflow/example_dags/example_params_ui_tutorial.py
[2026-07-16T05:34:50.264+0000] {processor.py:830} INFO - Processing file /home/airflow/.local/lib/python3.8/site-packages/airflow/example_dags/example_params_ui_tutorial.py for tasks to queue
[2026-07-16T05:34:50.267+0000] {logging_mixin.py:188} INFO - [2026-07-16T05:34:50.267+0000] {dagbag.py:538} INFO - Filling up the DagBag from /home/airflow/.local/lib/python3.8/site-packages/airflow/example_dags/example_params_ui_tutorial.py
[2026-07-16T05:34:50.283+0000] {processor.py:840} INFO - DAG(s) 'example_params_ui_tutorial' retrieved from /home/airflow/.local/lib/python3.8/site-packages/airflow/example_dags/example_params_ui_tutorial.py
[2026-07-16T05:34:50.349+0000] {logging_mixin.py:188} INFO - [2026-07-16T05:34:50.349+0000] {dag.py:3036} INFO - Sync 1 DAGs
[2026-07-16T05:34:50.364+0000] {logging_mixin.py:188} INFO - [2026-07-16T05:34:50.364+0000] {dag.py:3823} INFO - Setting next_dagrun for example_params_ui_tutorial to None, run_after=None
[2026-07-16T05:34:50.395+0000] {processor.py:183} INFO - Processing /home/airflow/.local/lib/python3.8/site-packages/airflow/example_dags/example_params_ui_tutorial.py took 0.137 seconds
[2026-07-16T05:35:21.305+0000] {processor.py:161} INFO - Started process (PID=1571) to work on /home/airflow/.local/lib/python3.8/site-packages/airflow/example_dags/example_params_ui_tutorial.py
[2026-07-16T05:35:21.306+0000] {processor.py:830} INFO - Processing file /home/airflow/.local/lib/python3.8/site-packages/airflow/example_dags/example_params_ui_tutorial.py for tasks to queue
[2026-07-16T05:35:21.307+0000] {logging_mixin.py:188} INFO - [2026-07-16T05:35:21.307+0000] {dagbag.py:538} INFO - Filling up the DagBag from /home/airflow/.local/lib/python3.8/site-packages/airflow/example_dags/example_params_ui_tutorial.py
[2026-07-16T05:35:21.317+0000] {processor.py:840} INFO - DAG(s) 'example_params_ui_tutorial' retrieved from /home/airflow/.local/lib/python3.8/site-packages/airflow/example_dags/example_params_ui_tutorial.py
[2026-07-16T05:35:21.355+0000] {logging_mixin.py:188} INFO - [2026-07-16T05:35:21.354+0000] {dag.py:3036} INFO - Sync 1 DAGs
[2026-07-16T05:35:21.364+0000] {logging_mixin.py:188} INFO - [2026-07-16T05:35:21.364+0000] {dag.py:3823} INFO - Setting next_dagrun for example_params_ui_tutorial to None, run_after=None
[2026-07-16T05:35:21.381+0000] {processor.py:183} INFO - Processing /home/airflow/.local/lib/python3.8/site-packages/airflow/example_dags/example_params_ui_tutorial.py took 0.080 seconds
[2026-07-16T05:35:52.233+0000] {processor.py:161} INFO - Started process (PID=1627) to work on /home/airflow/.local/lib/python3.8/site-packages/airflow/example_dags/example_params_ui_tutorial.py
[2026-07-16T05:35:52.234+0000] {processor.py:830} INFO - Processing file /home/airflow/.local/lib/python3.8/site-packages/airflow/example_dags/example_params_ui_tutorial.py for tasks to queue
[2026-07-16T05:35:52.236+0000] {logging_mixin.py:188} INFO - [2026-07-16T05:35:52.235+0000] {dagbag.py:538} INFO - Filling up the DagBag from /home/airflow/.local/lib/python3.8/site-packages/airflow/example_dags/example_params_ui_tutorial.py
[2026-07-16T05:35:52.245+0000] {processor.py:840} INFO - DAG(s) 'example_params_ui_tutorial' retrieved from /home/airflow/.local/lib/python3.8/site-packages/airflow/example_dags/example_params_ui_tutorial.py
[2026-07-16T05:35:52.289+0000] {logging_mixin.py:188} INFO - [2026-07-16T05:35:52.288+0000] {dag.py:3036} INFO - Sync 1 DAGs
[2026-07-16T05:35:52.298+0000] {logging_mixin.py:188} INFO - [2026-07-16T05:35:52.298+0000] {dag.py:3823} INFO - Setting next_dagrun for example_params_ui_tutorial to None, run_after=None
[2026-07-16T05:35:52.319+0000] {processor.py:183} INFO - Processing /home/airflow/.local/lib/python3.8/site-packages/airflow/example_dags/example_params_ui_tutorial.py took 0.089 seconds
[2026-07-16T05:36:22.557+0000] {processor.py:161} INFO - Started process (PID=1684) to work on /home/airflow/.local/lib/python3.8/site-packages/airflow/example_dags/example_params_ui_tutorial.py
[2026-07-16T05:36:22.560+0000] {processor.py:830} INFO - Processing file /home/airflow/.local/lib/python3.8/site-packages/airflow/example_dags/example_params_ui_tutorial.py for tasks to queue
[2026-07-16T05:36:22.565+0000] {logging_mixin.py:188} INFO - [2026-07-16T05:36:22.564+0000] {dagbag.py:538} INFO - Filling up the DagBag from /home/airflow/.local/lib/python3.8/site-packages/airflow/example_dags/example_params_ui_tutorial.py
[2026-07-16T05:36:22.583+0000] {processor.py:840} INFO - DAG(s) 'example_params_ui_tutorial' retrieved from /home/airflow/.local/lib/python3.8/site-packages/airflow/example_dags/example_params_ui_tutorial.py
[2026-07-16T05:36:22.634+0000] {logging_mixin.py:188} INFO - [2026-07-16T05:36:22.634+0000] {dag.py:3036} INFO - Sync 1 DAGs
[2026-07-16T05:36:22.649+0000] {logging_mixin.py:188} INFO - [2026-07-16T05:36:22.648+0000] {dag.py:3823} INFO - Setting next_dagrun for example_params_ui_tutorial to None, run_after=None
[2026-07-16T05:36:22.676+0000] {processor.py:183} INFO - Processing /home/airflow/.local/lib/python3.8/site-packages/airflow/example_dags/example_params_ui_tutorial.py took 0.133 seconds
[2026-07-16T05:36:52.865+0000] {processor.py:161} INFO - Started process (PID=1739) to work on /home/airflow/.local/lib/python3.8/site-packages/airflow/example_dags/example_params_ui_tutorial.py
[2026-07-16T05:36:52.868+0000] {processor.py:830} INFO - Processing file /home/airflow/.local/lib/python3.8/site-packages/airflow/example_dags/example_params_ui_tutorial.py for tasks to queue
[2026-07-16T05:36:52.871+0000] {logging_mixin.py:188} INFO - [2026-07-16T05:36:52.870+0000] {dagbag.py:538} INFO - Filling up the DagBag from /home/airflow/.local/lib/python3.8/site-packages/airflow/example_dags/example_params_ui_tutorial.py
[2026-07-16T05:36:52.883+0000] {processor.py:840} INFO - DAG(s) 'example_params_ui_tutorial' retrieved from /home/airflow/.local/lib/python3.8/site-packages/airflow/example_dags/example_params_ui_tutorial.py
[2026-07-16T05:36:52.929+0000] {logging_mixin.py:188} INFO - [2026-07-16T05:36:52.929+0000] {dag.py:3036} INFO - Sync 1 DAGs
[2026-07-16T05:36:52.941+0000] {logging_mixin.py:188} INFO - [2026-07-16T05:36:52.941+0000] {dag.py:3823} INFO - Setting next_dagrun for example_params_ui_tutorial to None, run_after=None
[2026-07-16T05:36:52.960+0000] {processor.py:183} INFO - Processing /home/airflow/.local/lib/python3.8/site-packages/airflow/example_dags/example_params_ui_tutorial.py took 0.098 seconds
[2026-07-16T05:37:23.323+0000] {processor.py:161} INFO - Started process (PID=1796) to work on /home/airflow/.local/lib/python3.8/site-packages/airflow/example_dags/example_params_ui_tutorial.py
[2026-07-16T05:37:23.325+0000] {processor.py:830} INFO - Processing file /home/airflow/.local/lib/python3.8/site-packages/airflow/example_dags/example_params_ui_tutorial.py for tasks to queue
[2026-07-16T05:37:23.327+0000] {logging_mixin.py:188} INFO - [2026-07-16T05:37:23.326+0000] {dagbag.py:538} INFO - Filling up the DagBag from /home/airflow/.local/lib/python3.8/site-packages/airflow/example_dags/example_params_ui_tutorial.py
[2026-07-16T05:37:23.337+0000] {processor.py:840} INFO - DAG(s) 'example_params_ui_tutorial' retrieved from /home/airflow/.local/lib/python3.8/site-packages/airflow/example_dags/example_params_ui_tutorial.py
[2026-07-16T05:37:23.381+0000] {logging_mixin.py:188} INFO - [2026-07-16T05:37:23.380+0000] {dag.py:3036} INFO - Sync 1 DAGs
[2026-07-16T05:37:23.391+0000] {logging_mixin.py:188} INFO - [2026-07-16T05:37:23.390+0000] {dag.py:3823} INFO - Setting next_dagrun for example_params_ui_tutorial to None, run_after=None
[2026-07-16T05:37:23.411+0000] {processor.py:183} INFO - Processing /home/airflow/.local/lib/python3.8/site-packages/airflow/example_dags/example_params_ui_tutorial.py took 0.092 seconds
[2026-07-16T05:37:53.637+0000] {processor.py:161} INFO - Started process (PID=1852) to work on /home/airflow/.local/lib/python3.8/site-packages/airflow/example_dags/example_params_ui_tutorial.py
[2026-07-16T05:37:53.638+0000] {processor.py:830} INFO - Processing file /home/airflow/.local/lib/python3.8/site-packages/airflow/example_dags/example_params_ui_tutorial.py for tasks to queue
[2026-07-16T05:37:53.640+0000] {logging_mixin.py:188} INFO - [2026-07-16T05:37:53.640+0000] {dagbag.py:538} INFO - Filling up the DagBag from /home/airflow/.local/lib/python3.8/site-packages/airflow/example_dags/example_params_ui_tutorial.py
[2026-07-16T05:37:53.651+0000] {processor.py:840} INFO - DAG(s) 'example_params_ui_tutorial' retrieved from /home/airflow/.local/lib/python3.8/site-packages/airflow/example_dags/example_params_ui_tutorial.py
[2026-07-16T05:37:53.698+0000] {logging_mixin.py:188} INFO - [2026-07-16T05:37:53.698+0000] {dag.py:3036} INFO - Sync 1 DAGs
[2026-07-16T05:37:53.709+0000] {logging_mixin.py:188} INFO - [2026-07-16T05:37:53.708+0000] {dag.py:3823} INFO - Setting next_dagrun for example_params_ui_tutorial to None, run_after=None
[2026-07-16T05:37:53.738+0000] {processor.py:183} INFO - Processing /home/airflow/.local/lib/python3.8/site-packages/airflow/example_dags/example_params_ui_tutorial.py took 0.105 seconds
[2026-07-16T05:38:23.877+0000] {processor.py:161} INFO - Started process (PID=1908) to work on /home/airflow/.local/lib/python3.8/site-packages/airflow/example_dags/example_params_ui_tutorial.py
[2026-07-16T05:38:23.878+0000] {processor.py:830} INFO - Processing file /home/airflow/.local/lib/python3.8/site-packages/airflow/example_dags/example_params_ui_tutorial.py for tasks to queue
[2026-07-16T05:38:23.880+0000] {logging_mixin.py:188} INFO - [2026-07-16T05:38:23.880+0000] {dagbag.py:538} INFO - Filling up the DagBag from /home/airflow/.local/lib/python3.8/site-packages/airflow/example_dags/example_params_ui_tutorial.py
[2026-07-16T05:38:23.891+0000] {processor.py:840} INFO - DAG(s) 'example_params_ui_tutorial' retrieved from /home/airflow/.local/lib/python3.8/site-packages/airflow/example_dags/example_params_ui_tutorial.py
[2026-07-16T05:38:23.933+0000] {logging_mixin.py:188} INFO - [2026-07-16T05:38:23.932+0000] {dag.py:3036} INFO - Sync 1 DAGs
[2026-07-16T05:38:23.943+0000] {logging_mixin.py:188} INFO - [2026-07-16T05:38:23.943+0000] {dag.py:3823} INFO - Setting next_dagrun for example_params_ui_tutorial to None, run_after=None
[2026-07-16T05:38:23.961+0000] {processor.py:183} INFO - Processing /home/airflow/.local/lib/python3.8/site-packages/airflow/example_dags/example_params_ui_tutorial.py took 0.088 seconds
[2026-07-16T05:38:54.271+0000] {processor.py:161} INFO - Started process (PID=1964) to work on /home/airflow/.local/lib/python3.8/site-packages/airflow/example_dags/example_params_ui_tutorial.py
[2026-07-16T05:38:54.273+0000] {processor.py:830} INFO - Processing file /home/airflow/.local/lib/python3.8/site-packages/airflow/example_dags/example_params_ui_tutorial.py for tasks to queue
[2026-07-16T05:38:54.275+0000] {logging_mixin.py:188} INFO - [2026-07-16T05:38:54.274+0000] {dagbag.py:538} INFO - Filling up the DagBag from /home/airflow/.local/lib/python3.8/site-packages/airflow/example_dags/example_params_ui_tutorial.py
[2026-07-16T05:38:54.287+0000] {processor.py:840} INFO - DAG(s) 'example_params_ui_tutorial' retrieved from /home/airflow/.local/lib/python3.8/site-packages/airflow/example_dags/example_params_ui_tutorial.py
[2026-07-16T05:38:54.334+0000] {logging_mixin.py:188} INFO - [2026-07-16T05:38:54.333+0000] {dag.py:3036} INFO - Sync 1 DAGs
[2026-07-16T05:38:54.344+0000] {logging_mixin.py:188} INFO - [2026-07-16T05:38:54.344+0000] {dag.py:3823} INFO - Setting next_dagrun for example_params_ui_tutorial to None, run_after=None
[2026-07-16T05:38:54.364+0000] {processor.py:183} INFO - Processing /home/airflow/.local/lib/python3.8/site-packages/airflow/example_dags/example_params_ui_tutorial.py took 0.096 seconds
[2026-07-16T05:39:24.534+0000] {processor.py:161} INFO - Started process (PID=2013) to work on /home/airflow/.local/lib/python3.8/site-packages/airflow/example_dags/example_params_ui_tutorial.py
[2026-07-16T05:39:24.538+0000] {processor.py:830} INFO - Processing file /home/airflow/.local/lib/python3.8/site-packages/airflow/example_dags/example_params_ui_tutorial.py for tasks to queue
[2026-07-16T05:39:24.541+0000] {logging_mixin.py:188} INFO - [2026-07-16T05:39:24.541+0000] {dagbag.py:538} INFO - Filling up the DagBag from /home/airflow/.local/lib/python3.8/site-packages/airflow/example_dags/example_params_ui_tutorial.py
[2026-07-16T05:39:24.555+0000] {processor.py:840} INFO - DAG(s) 'example_params_ui_tutorial' retrieved from /home/airflow/.local/lib/python3.8/site-packages/airflow/example_dags/example_params_ui_tutorial.py
[2026-07-16T05:39:24.616+0000] {logging_mixin.py:188} INFO - [2026-07-16T05:39:24.615+0000] {dag.py:3036} INFO - Sync 1 DAGs
[2026-07-16T05:39:24.631+0000] {logging_mixin.py:188} INFO - [2026-07-16T05:39:24.630+0000] {dag.py:3823} INFO - Setting next_dagrun for example_params_ui_tutorial to None, run_after=None
[2026-07-16T05:39:24.658+0000] {processor.py:183} INFO - Processing /home/airflow/.local/lib/python3.8/site-packages/airflow/example_dags/example_params_ui_tutorial.py took 0.127 seconds
[2026-07-16T05:39:54.735+0000] {processor.py:161} INFO - Started process (PID=2069) to work on /home/airflow/.local/lib/python3.8/site-packages/airflow/example_dags/example_params_ui_tutorial.py
[2026-07-16T05:39:54.738+0000] {processor.py:830} INFO - Processing file /home/airflow/.local/lib/python3.8/site-packages/airflow/example_dags/example_params_ui_tutorial.py for tasks to queue
[2026-07-16T05:39:54.740+0000] {logging_mixin.py:188} INFO - [2026-07-16T05:39:54.739+0000] {dagbag.py:538} INFO - Filling up the DagBag from /home/airflow/.local/lib/python3.8/site-packages/airflow/example_dags/example_params_ui_tutorial.py
[2026-07-16T05:39:54.751+0000] {processor.py:840} INFO - DAG(s) 'example_params_ui_tutorial' retrieved from /home/airflow/.local/lib/python3.8/site-packages/airflow/example_dags/example_params_ui_tutorial.py
[2026-07-16T05:39:54.799+0000] {logging_mixin.py:188} INFO - [2026-07-16T05:39:54.799+0000] {dag.py:3036} INFO - Sync 1 DAGs
[2026-07-16T05:39:54.810+0000] {logging_mixin.py:188} INFO - [2026-07-16T05:39:54.810+0000] {dag.py:3823} INFO - Setting next_dagrun for example_params_ui_tutorial to None, run_after=None
[2026-07-16T05:39:54.828+0000] {processor.py:183} INFO - Processing /home/airflow/.local/lib/python3.8/site-packages/airflow/example_dags/example_params_ui_tutorial.py took 0.097 seconds
[2026-07-16T05:40:24.915+0000] {processor.py:161} INFO - Started process (PID=2125) to work on /home/airflow/.local/lib/python3.8/site-packages/airflow/example_dags/example_params_ui_tutorial.py
[2026-07-16T05:40:24.917+0000] {processor.py:830} INFO - Processing file /home/airflow/.local/lib/python3.8/site-packages/airflow/example_dags/example_params_ui_tutorial.py for tasks to queue
[2026-07-16T05:40:24.918+0000] {logging_mixin.py:188} INFO - [2026-07-16T05:40:24.918+0000] {dagbag.py:538} INFO - Filling up the DagBag from /home/airflow/.local/lib/python3.8/site-packages/airflow/example_dags/example_params_ui_tutorial.py
[2026-07-16T05:40:24.929+0000] {processor.py:840} INFO - DAG(s) 'example_params_ui_tutorial' retrieved from /home/airflow/.local/lib/python3.8/site-packages/airflow/example_dags/example_params_ui_tutorial.py
[2026-07-16T05:40:24.969+0000] {logging_mixin.py:188} INFO - [2026-07-16T05:40:24.969+0000] {dag.py:3036} INFO - Sync 1 DAGs
[2026-07-16T05:40:24.978+0000] {logging_mixin.py:188} INFO - [2026-07-16T05:40:24.978+0000] {dag.py:3823} INFO - Setting next_dagrun for example_params_ui_tutorial to None, run_after=None
[2026-07-16T05:40:24.994+0000] {processor.py:183} INFO - Processing /home/airflow/.local/lib/python3.8/site-packages/airflow/example_dags/example_params_ui_tutorial.py took 0.081 seconds
[2026-07-16T05:40:55.350+0000] {processor.py:161} INFO - Started process (PID=2181) to work on /home/airflow/.local/lib/python3.8/site-packages/airflow/example_dags/example_params_ui_tutorial.py
[2026-07-16T05:40:55.354+0000] {processor.py:830} INFO - Processing file /home/airflow/.local/lib/python3.8/site-packages/airflow/example_dags/example_params_ui_tutorial.py for tasks to queue
[2026-07-16T05:40:55.358+0000] {logging_mixin.py:188} INFO - [2026-07-16T05:40:55.357+0000] {dagbag.py:538} INFO - Filling up the DagBag from /home/airflow/.local/lib/python3.8/site-packages/airflow/example_dags/example_params_ui_tutorial.py
[2026-07-16T05:40:55.396+0000] {processor.py:840} INFO - DAG(s) 'example_params_ui_tutorial' retrieved from /home/airflow/.local/lib/python3.8/site-packages/airflow/example_dags/example_params_ui_tutorial.py
[2026-07-16T05:40:55.488+0000] {logging_mixin.py:188} INFO - [2026-07-16T05:40:55.488+0000] {dag.py:3036} INFO - Sync 1 DAGs
[2026-07-16T05:40:55.503+0000] {logging_mixin.py:188} INFO - [2026-07-16T05:40:55.503+0000] {dag.py:3823} INFO - Setting next_dagrun for example_params_ui_tutorial to None, run_after=None
[2026-07-16T05:40:55.534+0000] {processor.py:183} INFO - Processing /home/airflow/.local/lib/python3.8/site-packages/airflow/example_dags/example_params_ui_tutorial.py took 0.200 seconds
[2026-07-16T05:41:26.459+0000] {processor.py:161} INFO - Started process (PID=2237) to work on /home/airflow/.local/lib/python3.8/site-packages/airflow/example_dags/example_params_ui_tutorial.py
[2026-07-16T05:41:26.462+0000] {processor.py:830} INFO - Processing file /home/airflow/.local/lib/python3.8/site-packages/airflow/example_dags/example_params_ui_tutorial.py for tasks to queue
[2026-07-16T05:41:26.464+0000] {logging_mixin.py:188} INFO - [2026-07-16T05:41:26.463+0000] {dagbag.py:538} INFO - Filling up the DagBag from /home/airflow/.local/lib/python3.8/site-packages/airflow/example_dags/example_params_ui_tutorial.py
[2026-07-16T05:41:26.474+0000] {processor.py:840} INFO - DAG(s) 'example_params_ui_tutorial' retrieved from /home/airflow/.local/lib/python3.8/site-packages/airflow/example_dags/example_params_ui_tutorial.py
[2026-07-16T05:41:26.517+0000] {logging_mixin.py:188} INFO - [2026-07-16T05:41:26.517+0000] {dag.py:3036} INFO - Sync 1 DAGs
[2026-07-16T05:41:26.527+0000] {logging_mixin.py:188} INFO - [2026-07-16T05:41:26.527+0000] {dag.py:3823} INFO - Setting next_dagrun for example_params_ui_tutorial to None, run_after=None
[2026-07-16T05:41:26.544+0000] {processor.py:183} INFO - Processing /home/airflow/.local/lib/python3.8/site-packages/airflow/example_dags/example_params_ui_tutorial.py took 0.089 seconds
[2026-07-16T05:41:57.333+0000] {processor.py:161} INFO - Started process (PID=2293) to work on /home/airflow/.local/lib/python3.8/site-packages/airflow/example_dags/example_params_ui_tutorial.py
[2026-07-16T05:41:57.338+0000] {processor.py:830} INFO - Processing file /home/airflow/.local/lib/python3.8/site-packages/airflow/example_dags/example_params_ui_tutorial.py for tasks to queue
[2026-07-16T05:41:57.340+0000] {logging_mixin.py:188} INFO - [2026-07-16T05:41:57.339+0000] {dagbag.py:538} INFO - Filling up the DagBag from /home/airflow/.local/lib/python3.8/site-packages/airflow/example_dags/example_params_ui_tutorial.py
[2026-07-16T05:41:57.350+0000] {processor.py:840} INFO - DAG(s) 'example_params_ui_tutorial' retrieved from /home/airflow/.local/lib/python3.8/site-packages/airflow/example_dags/example_params_ui_tutorial.py
[2026-07-16T05:41:57.393+0000] {logging_mixin.py:188} INFO - [2026-07-16T05:41:57.393+0000] {dag.py:3036} INFO - Sync 1 DAGs
[2026-07-16T05:41:57.402+0000] {logging_mixin.py:188} INFO - [2026-07-16T05:41:57.402+0000] {dag.py:3823} INFO - Setting next_dagrun for example_params_ui_tutorial to None, run_after=None
[2026-07-16T05:41:57.419+0000] {processor.py:183} INFO - Processing /home/airflow/.local/lib/python3.8/site-packages/airflow/example_dags/example_params_ui_tutorial.py took 0.088 seconds
[2026-07-16T05:42:27.675+0000] {processor.py:161} INFO - Started process (PID=2349) to work on /home/airflow/.local/lib/python3.8/site-packages/airflow/example_dags/example_params_ui_tutorial.py
[2026-07-16T05:42:27.676+0000] {processor.py:830} INFO - Processing file /home/airflow/.local/lib/python3.8/site-packages/airflow/example_dags/example_params_ui_tutorial.py for tasks to queue
[2026-07-16T05:42:27.678+0000] {logging_mixin.py:188} INFO - [2026-07-16T05:42:27.678+0000] {dagbag.py:538} INFO - Filling up the DagBag from /home/airflow/.local/lib/python3.8/site-packages/airflow/example_dags/example_params_ui_tutorial.py
[2026-07-16T05:42:27.690+0000] {processor.py:840} INFO - DAG(s) 'example_params_ui_tutorial' retrieved from /home/airflow/.local/lib/python3.8/site-packages/airflow/example_dags/example_params_ui_tutorial.py
[2026-07-16T05:42:27.733+0000] {logging_mixin.py:188} INFO - [2026-07-16T05:42:27.732+0000] {dag.py:3036} INFO - Sync 1 DAGs
[2026-07-16T05:42:27.742+0000] {logging_mixin.py:188} INFO - [2026-07-16T05:42:27.741+0000] {dag.py:3823} INFO - Setting next_dagrun for example_params_ui_tutorial to None, run_after=None
[2026-07-16T05:42:27.757+0000] {processor.py:183} INFO - Processing /home/airflow/.local/lib/python3.8/site-packages/airflow/example_dags/example_params_ui_tutorial.py took 0.085 seconds
[2026-07-16T05:42:57.851+0000] {processor.py:161} INFO - Started process (PID=2405) to work on /home/airflow/.local/lib/python3.8/site-packages/airflow/example_dags/example_params_ui_tutorial.py
[2026-07-16T05:42:57.856+0000] {processor.py:830} INFO - Processing file /home/airflow/.local/lib/python3.8/site-packages/airflow/example_dags/example_params_ui_tutorial.py for tasks to queue
[2026-07-16T05:42:57.861+0000] {logging_mixin.py:188} INFO - [2026-07-16T05:42:57.860+0000] {dagbag.py:538} INFO - Filling up the DagBag from /home/airflow/.local/lib/python3.8/site-packages/airflow/example_dags/example_params_ui_tutorial.py
[2026-07-16T05:42:57.893+0000] {processor.py:840} INFO - DAG(s) 'example_params_ui_tutorial' retrieved from /home/airflow/.local/lib/python3.8/site-packages/airflow/example_dags/example_params_ui_tutorial.py
[2026-07-16T05:42:57.953+0000] {logging_mixin.py:188} INFO - [2026-07-16T05:42:57.953+0000] {dag.py:3036} INFO - Sync 1 DAGs
[2026-07-16T05:42:57.965+0000] {logging_mixin.py:188} INFO - [2026-07-16T05:42:57.965+0000] {dag.py:3823} INFO - Setting next_dagrun for example_params_ui_tutorial to None, run_after=None
[2026-07-16T05:42:57.985+0000] {processor.py:183} INFO - Processing /home/airflow/.local/lib/python3.8/site-packages/airflow/example_dags/example_params_ui_tutorial.py took 0.138 seconds
[2026-07-16T05:43:28.246+0000] {processor.py:161} INFO - Started process (PID=2461) to work on /home/airflow/.local/lib/python3.8/site-packages/airflow/example_dags/example_params_ui_tutorial.py
[2026-07-16T05:43:28.249+0000] {processor.py:830} INFO - Processing file /home/airflow/.local/lib/python3.8/site-packages/airflow/example_dags/example_params_ui_tutorial.py for tasks to queue
[2026-07-16T05:43:28.251+0000] {logging_mixin.py:188} INFO - [2026-07-16T05:43:28.251+0000] {dagbag.py:538} INFO - Filling up the DagBag from /home/airflow/.local/lib/python3.8/site-packages/airflow/example_dags/example_params_ui_tutorial.py
[2026-07-16T05:43:28.273+0000] {processor.py:840} INFO - DAG(s) 'example_params_ui_tutorial' retrieved from /home/airflow/.local/lib/python3.8/site-packages/airflow/example_dags/example_params_ui_tutorial.py
[2026-07-16T05:43:28.335+0000] {logging_mixin.py:188} INFO - [2026-07-16T05:43:28.335+0000] {dag.py:3036} INFO - Sync 1 DAGs
[2026-07-16T05:43:28.346+0000] {logging_mixin.py:188} INFO - [2026-07-16T05:43:28.346+0000] {dag.py:3823} INFO - Setting next_dagrun for example_params_ui_tutorial to None, run_after=None
[2026-07-16T05:43:28.367+0000] {processor.py:183} INFO - Processing /home/airflow/.local/lib/python3.8/site-packages/airflow/example_dags/example_params_ui_tutorial.py took 0.124 seconds
[2026-07-16T05:43:58.861+0000] {processor.py:161} INFO - Started process (PID=2517) to work on /home/airflow/.local/lib/python3.8/site-packages/airflow/example_dags/example_params_ui_tutorial.py
[2026-07-16T05:43:58.865+0000] {processor.py:830} INFO - Processing file /home/airflow/.local/lib/python3.8/site-packages/airflow/example_dags/example_params_ui_tutorial.py for tasks to queue
[2026-07-16T05:43:58.870+0000] {logging_mixin.py:188} INFO - [2026-07-16T05:43:58.869+0000] {dagbag.py:538} INFO - Filling up the DagBag from /home/airflow/.local/lib/python3.8/site-packages/airflow/example_dags/example_params_ui_tutorial.py
[2026-07-16T05:43:58.890+0000] {processor.py:840} INFO - DAG(s) 'example_params_ui_tutorial' retrieved from /home/airflow/.local/lib/python3.8/site-packages/airflow/example_dags/example_params_ui_tutorial.py
[2026-07-16T05:43:58.949+0000] {logging_mixin.py:188} INFO - [2026-07-16T05:43:58.949+0000] {dag.py:3036} INFO - Sync 1 DAGs
[2026-07-16T05:43:58.962+0000] {logging_mixin.py:188} INFO - [2026-07-16T05:43:58.961+0000] {dag.py:3823} INFO - Setting next_dagrun for example_params_ui_tutorial to None, run_after=None
[2026-07-16T05:43:58.981+0000] {processor.py:183} INFO - Processing /home/airflow/.local/lib/python3.8/site-packages/airflow/example_dags/example_params_ui_tutorial.py took 0.127 seconds
[2026-07-16T05:44:29.307+0000] {processor.py:161} INFO - Started process (PID=2573) to work on /home/airflow/.local/lib/python3.8/site-packages/airflow/example_dags/example_params_ui_tutorial.py
[2026-07-16T05:44:29.308+0000] {processor.py:830} INFO - Processing file /home/airflow/.local/lib/python3.8/site-packages/airflow/example_dags/example_params_ui_tutorial.py for tasks to queue
[2026-07-16T05:44:29.310+0000] {logging_mixin.py:188} INFO - [2026-07-16T05:44:29.309+0000] {dagbag.py:538} INFO - Filling up the DagBag from /home/airflow/.local/lib/python3.8/site-packages/airflow/example_dags/example_params_ui_tutorial.py
[2026-07-16T05:44:29.321+0000] {processor.py:840} INFO - DAG(s) 'example_params_ui_tutorial' retrieved from /home/airflow/.local/lib/python3.8/site-packages/airflow/example_dags/example_params_ui_tutorial.py
[2026-07-16T05:44:29.362+0000] {logging_mixin.py:188} INFO - [2026-07-16T05:44:29.362+0000] {dag.py:3036} INFO - Sync 1 DAGs
[2026-07-16T05:44:29.372+0000] {logging_mixin.py:188} INFO - [2026-07-16T05:44:29.372+0000] {dag.py:3823} INFO - Setting next_dagrun for example_params_ui_tutorial to None, run_after=None
[2026-07-16T05:44:29.389+0000] {processor.py:183} INFO - Processing /home/airflow/.local/lib/python3.8/site-packages/airflow/example_dags/example_params_ui_tutorial.py took 0.085 seconds
[2026-07-16T05:44:59.540+0000] {processor.py:161} INFO - Started process (PID=2629) to work on /home/airflow/.local/lib/python3.8/site-packages/airflow/example_dags/example_params_ui_tutorial.py
[2026-07-16T05:44:59.544+0000] {processor.py:830} INFO - Processing file /home/airflow/.local/lib/python3.8/site-packages/airflow/example_dags/example_params_ui_tutorial.py for tasks to queue
[2026-07-16T05:44:59.547+0000] {logging_mixin.py:188} INFO - [2026-07-16T05:44:59.547+0000] {dagbag.py:538} INFO - Filling up the DagBag from /home/airflow/.local/lib/python3.8/site-packages/airflow/example_dags/example_params_ui_tutorial.py
[2026-07-16T05:44:59.560+0000] {processor.py:840} INFO - DAG(s) 'example_params_ui_tutorial' retrieved from /home/airflow/.local/lib/python3.8/site-packages/airflow/example_dags/example_params_ui_tutorial.py
[2026-07-16T05:44:59.610+0000] {logging_mixin.py:188} INFO - [2026-07-16T05:44:59.610+0000] {dag.py:3036} INFO - Sync 1 DAGs
[2026-07-16T05:44:59.626+0000] {logging_mixin.py:188} INFO - [2026-07-16T05:44:59.626+0000] {dag.py:3823} INFO - Setting next_dagrun for example_params_ui_tutorial to None, run_after=None
[2026-07-16T05:44:59.647+0000] {processor.py:183} INFO - Processing /home/airflow/.local/lib/python3.8/site-packages/airflow/example_dags/example_params_ui_tutorial.py took 0.110 seconds
[2026-07-16T05:45:29.751+0000] {processor.py:161} INFO - Started process (PID=2685) to work on /home/airflow/.local/lib/python3.8/site-packages/airflow/example_dags/example_params_ui_tutorial.py
[2026-07-16T05:45:29.751+0000] {processor.py:830} INFO - Processing file /home/airflow/.local/lib/python3.8/site-packages/airflow/example_dags/example_params_ui_tutorial.py for tasks to queue
[2026-07-16T05:45:29.753+0000] {logging_mixin.py:188} INFO - [2026-07-16T05:45:29.753+0000] {dagbag.py:538} INFO - Filling up the DagBag from /home/airflow/.local/lib/python3.8/site-packages/airflow/example_dags/example_params_ui_tutorial.py
[2026-07-16T05:45:29.763+0000] {processor.py:840} INFO - DAG(s) 'example_params_ui_tutorial' retrieved from /home/airflow/.local/lib/python3.8/site-packages/airflow/example_dags/example_params_ui_tutorial.py
[2026-07-16T05:45:29.802+0000] {logging_mixin.py:188} INFO - [2026-07-16T05:45:29.802+0000] {dag.py:3036} INFO - Sync 1 DAGs
[2026-07-16T05:45:29.813+0000] {logging_mixin.py:188} INFO - [2026-07-16T05:45:29.813+0000] {dag.py:3823} INFO - Setting next_dagrun for example_params_ui_tutorial to None, run_after=None
[2026-07-16T05:45:29.828+0000] {processor.py:183} INFO - Processing /home/airflow/.local/lib/python3.8/site-packages/airflow/example_dags/example_params_ui_tutorial.py took 0.080 seconds
[2026-07-16T05:46:00.403+0000] {processor.py:161} INFO - Started process (PID=2741) to work on /home/airflow/.local/lib/python3.8/site-packages/airflow/example_dags/example_params_ui_tutorial.py
[2026-07-16T05:46:00.405+0000] {processor.py:830} INFO - Processing file /home/airflow/.local/lib/python3.8/site-packages/airflow/example_dags/example_params_ui_tutorial.py for tasks to queue
[2026-07-16T05:46:00.407+0000] {logging_mixin.py:188} INFO - [2026-07-16T05:46:00.406+0000] {dagbag.py:538} INFO - Filling up the DagBag from /home/airflow/.local/lib/python3.8/site-packages/airflow/example_dags/example_params_ui_tutorial.py
[2026-07-16T05:46:00.416+0000] {processor.py:840} INFO - DAG(s) 'example_params_ui_tutorial' retrieved from /home/airflow/.local/lib/python3.8/site-packages/airflow/example_dags/example_params_ui_tutorial.py
[2026-07-16T05:46:00.455+0000] {logging_mixin.py:188} INFO - [2026-07-16T05:46:00.455+0000] {dag.py:3036} INFO - Sync 1 DAGs
[2026-07-16T05:46:00.463+0000] {logging_mixin.py:188} INFO - [2026-07-16T05:46:00.463+0000] {dag.py:3823} INFO - Setting next_dagrun for example_params_ui_tutorial to None, run_after=None
[2026-07-16T05:46:00.482+0000] {processor.py:183} INFO - Processing /home/airflow/.local/lib/python3.8/site-packages/airflow/example_dags/example_params_ui_tutorial.py took 0.082 seconds
[2026-07-16T05:46:30.626+0000] {processor.py:161} INFO - Started process (PID=2797) to work on /home/airflow/.local/lib/python3.8/site-packages/airflow/example_dags/example_params_ui_tutorial.py
[2026-07-16T05:46:30.629+0000] {processor.py:830} INFO - Processing file /home/airflow/.local/lib/python3.8/site-packages/airflow/example_dags/example_params_ui_tutorial.py for tasks to queue
[2026-07-16T05:46:30.631+0000] {logging_mixin.py:188} INFO - [2026-07-16T05:46:30.630+0000] {dagbag.py:538} INFO - Filling up the DagBag from /home/airflow/.local/lib/python3.8/site-packages/airflow/example_dags/example_params_ui_tutorial.py
[2026-07-16T05:46:30.640+0000] {processor.py:840} INFO - DAG(s) 'example_params_ui_tutorial' retrieved from /home/airflow/.local/lib/python3.8/site-packages/airflow/example_dags/example_params_ui_tutorial.py
[2026-07-16T05:46:30.676+0000] {logging_mixin.py:188} INFO - [2026-07-16T05:46:30.676+0000] {dag.py:3036} INFO - Sync 1 DAGs
[2026-07-16T05:46:30.685+0000] {logging_mixin.py:188} INFO - [2026-07-16T05:46:30.685+0000] {dag.py:3823} INFO - Setting next_dagrun for example_params_ui_tutorial to None, run_after=None
[2026-07-16T05:46:30.699+0000] {processor.py:183} INFO - Processing /home/airflow/.local/lib/python3.8/site-packages/airflow/example_dags/example_params_ui_tutorial.py took 0.076 seconds
[2026-07-16T05:47:01.315+0000] {processor.py:161} INFO - Started process (PID=2853) to work on /home/airflow/.local/lib/python3.8/site-packages/airflow/example_dags/example_params_ui_tutorial.py
[2026-07-16T05:47:01.318+0000] {processor.py:830} INFO - Processing file /home/airflow/.local/lib/python3.8/site-packages/airflow/example_dags/example_params_ui_tutorial.py for tasks to queue
[2026-07-16T05:47:01.320+0000] {logging_mixin.py:188} INFO - [2026-07-16T05:47:01.320+0000] {dagbag.py:538} INFO - Filling up the DagBag from /home/airflow/.local/lib/python3.8/site-packages/airflow/example_dags/example_params_ui_tutorial.py
[2026-07-16T05:47:01.328+0000] {processor.py:840} INFO - DAG(s) 'example_params_ui_tutorial' retrieved from /home/airflow/.local/lib/python3.8/site-packages/airflow/example_dags/example_params_ui_tutorial.py
[2026-07-16T05:47:01.364+0000] {logging_mixin.py:188} INFO - [2026-07-16T05:47:01.364+0000] {dag.py:3036} INFO - Sync 1 DAGs
[2026-07-16T05:47:01.372+0000] {logging_mixin.py:188} INFO - [2026-07-16T05:47:01.372+0000] {dag.py:3823} INFO - Setting next_dagrun for example_params_ui_tutorial to None, run_after=None
[2026-07-16T05:47:01.387+0000] {processor.py:183} INFO - Processing /home/airflow/.local/lib/python3.8/site-packages/airflow/example_dags/example_params_ui_tutorial.py took 0.075 seconds
[2026-07-16T05:47:31.931+0000] {processor.py:161} INFO - Started process (PID=2909) to work on /home/airflow/.local/lib/python3.8/site-packages/airflow/example_dags/example_params_ui_tutorial.py
[2026-07-16T05:47:31.932+0000] {processor.py:830} INFO - Processing file /home/airflow/.local/lib/python3.8/site-packages/airflow/example_dags/example_params_ui_tutorial.py for tasks to queue
[2026-07-16T05:47:31.934+0000] {logging_mixin.py:188} INFO - [2026-07-16T05:47:31.933+0000] {dagbag.py:538} INFO - Filling up the DagBag from /home/airflow/.local/lib/python3.8/site-packages/airflow/example_dags/example_params_ui_tutorial.py
[2026-07-16T05:47:31.942+0000] {processor.py:840} INFO - DAG(s) 'example_params_ui_tutorial' retrieved from /home/airflow/.local/lib/python3.8/site-packages/airflow/example_dags/example_params_ui_tutorial.py
[2026-07-16T05:47:31.978+0000] {logging_mixin.py:188} INFO - [2026-07-16T05:47:31.978+0000] {dag.py:3036} INFO - Sync 1 DAGs
[2026-07-16T05:47:32.104+0000] {logging_mixin.py:188} INFO - [2026-07-16T05:47:32.104+0000] {dag.py:3823} INFO - Setting next_dagrun for example_params_ui_tutorial to None, run_after=None
[2026-07-16T05:47:32.117+0000] {processor.py:183} INFO - Processing /home/airflow/.local/lib/python3.8/site-packages/airflow/example_dags/example_params_ui_tutorial.py took 0.189 seconds
[2026-07-16T05:48:02.486+0000] {processor.py:161} INFO - Started process (PID=2965) to work on /home/airflow/.local/lib/python3.8/site-packages/airflow/example_dags/example_params_ui_tutorial.py
[2026-07-16T05:48:02.489+0000] {processor.py:830} INFO - Processing file /home/airflow/.local/lib/python3.8/site-packages/airflow/example_dags/example_params_ui_tutorial.py for tasks to queue
[2026-07-16T05:48:02.492+0000] {logging_mixin.py:188} INFO - [2026-07-16T05:48:02.492+0000] {dagbag.py:538} INFO - Filling up the DagBag from /home/airflow/.local/lib/python3.8/site-packages/airflow/example_dags/example_params_ui_tutorial.py
[2026-07-16T05:48:02.505+0000] {processor.py:840} INFO - DAG(s) 'example_params_ui_tutorial' retrieved from /home/airflow/.local/lib/python3.8/site-packages/airflow/example_dags/example_params_ui_tutorial.py
[2026-07-16T05:48:02.563+0000] {logging_mixin.py:188} INFO - [2026-07-16T05:48:02.563+0000] {dag.py:3036} INFO - Sync 1 DAGs
[2026-07-16T05:48:02.575+0000] {logging_mixin.py:188} INFO - [2026-07-16T05:48:02.575+0000] {dag.py:3823} INFO - Setting next_dagrun for example_params_ui_tutorial to None, run_after=None
[2026-07-16T05:48:02.765+0000] {processor.py:183} INFO - Processing /home/airflow/.local/lib/python3.8/site-packages/airflow/example_dags/example_params_ui_tutorial.py took 0.283 seconds
[2026-07-16T05:48:33.408+0000] {processor.py:161} INFO - Started process (PID=3019) to work on /home/airflow/.local/lib/python3.8/site-packages/airflow/example_dags/example_params_ui_tutorial.py
[2026-07-16T05:48:33.411+0000] {processor.py:830} INFO - Processing file /home/airflow/.local/lib/python3.8/site-packages/airflow/example_dags/example_params_ui_tutorial.py for tasks to queue
[2026-07-16T05:48:33.413+0000] {logging_mixin.py:188} INFO - [2026-07-16T05:48:33.413+0000] {dagbag.py:538} INFO - Filling up the DagBag from /home/airflow/.local/lib/python3.8/site-packages/airflow/example_dags/example_params_ui_tutorial.py
[2026-07-16T05:48:33.427+0000] {processor.py:840} INFO - DAG(s) 'example_params_ui_tutorial' retrieved from /home/airflow/.local/lib/python3.8/site-packages/airflow/example_dags/example_params_ui_tutorial.py
[2026-07-16T05:48:33.482+0000] {logging_mixin.py:188} INFO - [2026-07-16T05:48:33.482+0000] {dag.py:3036} INFO - Sync 1 DAGs
[2026-07-16T05:48:33.494+0000] {logging_mixin.py:188} INFO - [2026-07-16T05:48:33.493+0000] {dag.py:3823} INFO - Setting next_dagrun for example_params_ui_tutorial to None, run_after=None
[2026-07-16T05:48:33.516+0000] {processor.py:183} INFO - Processing /home/airflow/.local/lib/python3.8/site-packages/airflow/example_dags/example_params_ui_tutorial.py took 0.111 seconds
