[2026-07-16T05:21:57.521+0000] {processor.py:161} INFO - Started process (PID=84) to work on /home/airflow/.local/lib/python3.8/site-packages/airflow/example_dags/example_sensors.py
[2026-07-16T05:21:57.522+0000] {processor.py:830} INFO - Processing file /home/airflow/.local/lib/python3.8/site-packages/airflow/example_dags/example_sensors.py for tasks to queue
[2026-07-16T05:21:57.525+0000] {logging_mixin.py:188} INFO - [2026-07-16T05:21:57.524+0000] {dagbag.py:538} INFO - Filling up the DagBag from /home/airflow/.local/lib/python3.8/site-packages/airflow/example_dags/example_sensors.py
[2026-07-16T05:21:57.540+0000] {processor.py:840} INFO - DAG(s) 'example_sensors' retrieved from /home/airflow/.local/lib/python3.8/site-packages/airflow/example_dags/example_sensors.py
[2026-07-16T05:21:57.713+0000] {logging_mixin.py:188} INFO - [2026-07-16T05:21:57.712+0000] {dag.py:3036} INFO - Sync 1 DAGs
[2026-07-16T05:21:57.746+0000] {logging_mixin.py:188} INFO - [2026-07-16T05:21:57.746+0000] {dag.py:3823} INFO - Setting next_dagrun for example_sensors to None, run_after=None
[2026-07-16T05:21:57.789+0000] {processor.py:183} INFO - Processing /home/airflow/.local/lib/python3.8/site-packages/airflow/example_dags/example_sensors.py took 0.272 seconds
[2026-07-16T05:22:28.173+0000] {processor.py:161} INFO - Started process (PID=140) to work on /home/airflow/.local/lib/python3.8/site-packages/airflow/example_dags/example_sensors.py
[2026-07-16T05:22:28.177+0000] {processor.py:830} INFO - Processing file /home/airflow/.local/lib/python3.8/site-packages/airflow/example_dags/example_sensors.py for tasks to queue
[2026-07-16T05:22:28.189+0000] {logging_mixin.py:188} INFO - [2026-07-16T05:22:28.187+0000] {dagbag.py:538} INFO - Filling up the DagBag from /home/airflow/.local/lib/python3.8/site-packages/airflow/example_dags/example_sensors.py
[2026-07-16T05:22:28.234+0000] {processor.py:840} INFO - DAG(s) 'example_sensors' retrieved from /home/airflow/.local/lib/python3.8/site-packages/airflow/example_dags/example_sensors.py
[2026-07-16T05:22:28.321+0000] {logging_mixin.py:188} INFO - [2026-07-16T05:22:28.320+0000] {dag.py:3036} INFO - Sync 1 DAGs
[2026-07-16T05:22:28.356+0000] {logging_mixin.py:188} INFO - [2026-07-16T05:22:28.356+0000] {dag.py:3823} INFO - Setting next_dagrun for example_sensors to None, run_after=None
[2026-07-16T05:22:28.421+0000] {processor.py:183} INFO - Processing /home/airflow/.local/lib/python3.8/site-packages/airflow/example_dags/example_sensors.py took 0.263 seconds
[2026-07-16T05:22:59.896+0000] {processor.py:161} INFO - Started process (PID=204) to work on /home/airflow/.local/lib/python3.8/site-packages/airflow/example_dags/example_sensors.py
[2026-07-16T05:22:59.900+0000] {processor.py:830} INFO - Processing file /home/airflow/.local/lib/python3.8/site-packages/airflow/example_dags/example_sensors.py for tasks to queue
[2026-07-16T05:22:59.904+0000] {logging_mixin.py:188} INFO - [2026-07-16T05:22:59.903+0000] {dagbag.py:538} INFO - Filling up the DagBag from /home/airflow/.local/lib/python3.8/site-packages/airflow/example_dags/example_sensors.py
[2026-07-16T05:22:59.927+0000] {processor.py:840} INFO - DAG(s) 'example_sensors' retrieved from /home/airflow/.local/lib/python3.8/site-packages/airflow/example_dags/example_sensors.py
[2026-07-16T05:22:59.992+0000] {logging_mixin.py:188} INFO - [2026-07-16T05:22:59.992+0000] {dag.py:3036} INFO - Sync 1 DAGs
[2026-07-16T05:23:00.047+0000] {logging_mixin.py:188} INFO - [2026-07-16T05:23:00.047+0000] {dag.py:3823} INFO - Setting next_dagrun for example_sensors to None, run_after=None
[2026-07-16T05:23:00.138+0000] {processor.py:183} INFO - Processing /home/airflow/.local/lib/python3.8/site-packages/airflow/example_dags/example_sensors.py took 0.251 seconds
[2026-07-16T05:23:30.596+0000] {processor.py:161} INFO - Started process (PID=260) to work on /home/airflow/.local/lib/python3.8/site-packages/airflow/example_dags/example_sensors.py
[2026-07-16T05:23:30.600+0000] {processor.py:830} INFO - Processing file /home/airflow/.local/lib/python3.8/site-packages/airflow/example_dags/example_sensors.py for tasks to queue
[2026-07-16T05:23:30.606+0000] {logging_mixin.py:188} INFO - [2026-07-16T05:23:30.605+0000] {dagbag.py:538} INFO - Filling up the DagBag from /home/airflow/.local/lib/python3.8/site-packages/airflow/example_dags/example_sensors.py
[2026-07-16T05:23:30.622+0000] {processor.py:840} INFO - DAG(s) 'example_sensors' retrieved from /home/airflow/.local/lib/python3.8/site-packages/airflow/example_dags/example_sensors.py
[2026-07-16T05:23:30.672+0000] {logging_mixin.py:188} INFO - [2026-07-16T05:23:30.672+0000] {dag.py:3036} INFO - Sync 1 DAGs
[2026-07-16T05:23:30.686+0000] {logging_mixin.py:188} INFO - [2026-07-16T05:23:30.686+0000] {dag.py:3823} INFO - Setting next_dagrun for example_sensors to None, run_after=None
[2026-07-16T05:23:30.713+0000] {processor.py:183} INFO - Processing /home/airflow/.local/lib/python3.8/site-packages/airflow/example_dags/example_sensors.py took 0.123 seconds
[2026-07-16T05:24:02.315+0000] {processor.py:161} INFO - Started process (PID=321) to work on /home/airflow/.local/lib/python3.8/site-packages/airflow/example_dags/example_sensors.py
[2026-07-16T05:24:02.322+0000] {processor.py:830} INFO - Processing file /home/airflow/.local/lib/python3.8/site-packages/airflow/example_dags/example_sensors.py for tasks to queue
[2026-07-16T05:24:02.337+0000] {logging_mixin.py:188} INFO - [2026-07-16T05:24:02.335+0000] {dagbag.py:538} INFO - Filling up the DagBag from /home/airflow/.local/lib/python3.8/site-packages/airflow/example_dags/example_sensors.py
[2026-07-16T05:24:02.398+0000] {processor.py:840} INFO - DAG(s) 'example_sensors' retrieved from /home/airflow/.local/lib/python3.8/site-packages/airflow/example_dags/example_sensors.py
[2026-07-16T05:24:02.518+0000] {logging_mixin.py:188} INFO - [2026-07-16T05:24:02.516+0000] {dag.py:3036} INFO - Sync 1 DAGs
[2026-07-16T05:24:02.576+0000] {logging_mixin.py:188} INFO - [2026-07-16T05:24:02.575+0000] {dag.py:3823} INFO - Setting next_dagrun for example_sensors to None, run_after=None
[2026-07-16T05:24:02.699+0000] {processor.py:183} INFO - Processing /home/airflow/.local/lib/python3.8/site-packages/airflow/example_dags/example_sensors.py took 0.399 seconds
[2026-07-16T05:24:32.807+0000] {processor.py:161} INFO - Started process (PID=377) to work on /home/airflow/.local/lib/python3.8/site-packages/airflow/example_dags/example_sensors.py
[2026-07-16T05:24:32.810+0000] {processor.py:830} INFO - Processing file /home/airflow/.local/lib/python3.8/site-packages/airflow/example_dags/example_sensors.py for tasks to queue
[2026-07-16T05:24:32.815+0000] {logging_mixin.py:188} INFO - [2026-07-16T05:24:32.814+0000] {dagbag.py:538} INFO - Filling up the DagBag from /home/airflow/.local/lib/python3.8/site-packages/airflow/example_dags/example_sensors.py
[2026-07-16T05:24:32.836+0000] {processor.py:840} INFO - DAG(s) 'example_sensors' retrieved from /home/airflow/.local/lib/python3.8/site-packages/airflow/example_dags/example_sensors.py
[2026-07-16T05:24:32.888+0000] {logging_mixin.py:188} INFO - [2026-07-16T05:24:32.888+0000] {dag.py:3036} INFO - Sync 1 DAGs
[2026-07-16T05:24:32.920+0000] {logging_mixin.py:188} INFO - [2026-07-16T05:24:32.920+0000] {dag.py:3823} INFO - Setting next_dagrun for example_sensors to None, run_after=None
[2026-07-16T05:24:32.965+0000] {processor.py:183} INFO - Processing /home/airflow/.local/lib/python3.8/site-packages/airflow/example_dags/example_sensors.py took 0.165 seconds
[2026-07-16T05:25:03.029+0000] {processor.py:161} INFO - Started process (PID=433) to work on /home/airflow/.local/lib/python3.8/site-packages/airflow/example_dags/example_sensors.py
[2026-07-16T05:25:03.030+0000] {processor.py:830} INFO - Processing file /home/airflow/.local/lib/python3.8/site-packages/airflow/example_dags/example_sensors.py for tasks to queue
[2026-07-16T05:25:03.032+0000] {logging_mixin.py:188} INFO - [2026-07-16T05:25:03.032+0000] {dagbag.py:538} INFO - Filling up the DagBag from /home/airflow/.local/lib/python3.8/site-packages/airflow/example_dags/example_sensors.py
[2026-07-16T05:25:03.045+0000] {processor.py:840} INFO - DAG(s) 'example_sensors' retrieved from /home/airflow/.local/lib/python3.8/site-packages/airflow/example_dags/example_sensors.py
[2026-07-16T05:25:03.085+0000] {logging_mixin.py:188} INFO - [2026-07-16T05:25:03.084+0000] {dag.py:3036} INFO - Sync 1 DAGs
[2026-07-16T05:25:03.099+0000] {logging_mixin.py:188} INFO - [2026-07-16T05:25:03.099+0000] {dag.py:3823} INFO - Setting next_dagrun for example_sensors to None, run_after=None
[2026-07-16T05:25:03.128+0000] {processor.py:183} INFO - Processing /home/airflow/.local/lib/python3.8/site-packages/airflow/example_dags/example_sensors.py took 0.104 seconds
[2026-07-16T05:25:33.420+0000] {processor.py:161} INFO - Started process (PID=489) to work on /home/airflow/.local/lib/python3.8/site-packages/airflow/example_dags/example_sensors.py
[2026-07-16T05:25:33.422+0000] {processor.py:830} INFO - Processing file /home/airflow/.local/lib/python3.8/site-packages/airflow/example_dags/example_sensors.py for tasks to queue
[2026-07-16T05:25:33.425+0000] {logging_mixin.py:188} INFO - [2026-07-16T05:25:33.424+0000] {dagbag.py:538} INFO - Filling up the DagBag from /home/airflow/.local/lib/python3.8/site-packages/airflow/example_dags/example_sensors.py
[2026-07-16T05:25:33.435+0000] {processor.py:840} INFO - DAG(s) 'example_sensors' retrieved from /home/airflow/.local/lib/python3.8/site-packages/airflow/example_dags/example_sensors.py
[2026-07-16T05:25:33.470+0000] {logging_mixin.py:188} INFO - [2026-07-16T05:25:33.469+0000] {dag.py:3036} INFO - Sync 1 DAGs
[2026-07-16T05:25:33.487+0000] {logging_mixin.py:188} INFO - [2026-07-16T05:25:33.487+0000] {dag.py:3823} INFO - Setting next_dagrun for example_sensors to None, run_after=None
[2026-07-16T05:25:33.525+0000] {processor.py:183} INFO - Processing /home/airflow/.local/lib/python3.8/site-packages/airflow/example_dags/example_sensors.py took 0.110 seconds
[2026-07-16T05:26:03.793+0000] {processor.py:161} INFO - Started process (PID=539) to work on /home/airflow/.local/lib/python3.8/site-packages/airflow/example_dags/example_sensors.py
[2026-07-16T05:26:03.794+0000] {processor.py:830} INFO - Processing file /home/airflow/.local/lib/python3.8/site-packages/airflow/example_dags/example_sensors.py for tasks to queue
[2026-07-16T05:26:03.796+0000] {logging_mixin.py:188} INFO - [2026-07-16T05:26:03.796+0000] {dagbag.py:538} INFO - Filling up the DagBag from /home/airflow/.local/lib/python3.8/site-packages/airflow/example_dags/example_sensors.py
[2026-07-16T05:26:03.807+0000] {processor.py:840} INFO - DAG(s) 'example_sensors' retrieved from /home/airflow/.local/lib/python3.8/site-packages/airflow/example_dags/example_sensors.py
[2026-07-16T05:26:03.835+0000] {logging_mixin.py:188} INFO - [2026-07-16T05:26:03.835+0000] {dag.py:3036} INFO - Sync 1 DAGs
[2026-07-16T05:26:03.846+0000] {logging_mixin.py:188} INFO - [2026-07-16T05:26:03.846+0000] {dag.py:3823} INFO - Setting next_dagrun for example_sensors to None, run_after=None
[2026-07-16T05:26:03.868+0000] {processor.py:183} INFO - Processing /home/airflow/.local/lib/python3.8/site-packages/airflow/example_dags/example_sensors.py took 0.078 seconds
[2026-07-16T05:26:34.044+0000] {processor.py:161} INFO - Started process (PID=595) to work on /home/airflow/.local/lib/python3.8/site-packages/airflow/example_dags/example_sensors.py
[2026-07-16T05:26:34.046+0000] {processor.py:830} INFO - Processing file /home/airflow/.local/lib/python3.8/site-packages/airflow/example_dags/example_sensors.py for tasks to queue
[2026-07-16T05:26:34.048+0000] {logging_mixin.py:188} INFO - [2026-07-16T05:26:34.048+0000] {dagbag.py:538} INFO - Filling up the DagBag from /home/airflow/.local/lib/python3.8/site-packages/airflow/example_dags/example_sensors.py
[2026-07-16T05:26:34.059+0000] {processor.py:840} INFO - DAG(s) 'example_sensors' retrieved from /home/airflow/.local/lib/python3.8/site-packages/airflow/example_dags/example_sensors.py
[2026-07-16T05:26:34.091+0000] {logging_mixin.py:188} INFO - [2026-07-16T05:26:34.091+0000] {dag.py:3036} INFO - Sync 1 DAGs
[2026-07-16T05:26:34.106+0000] {logging_mixin.py:188} INFO - [2026-07-16T05:26:34.106+0000] {dag.py:3823} INFO - Setting next_dagrun for example_sensors to None, run_after=None
[2026-07-16T05:26:34.140+0000] {processor.py:183} INFO - Processing /home/airflow/.local/lib/python3.8/site-packages/airflow/example_dags/example_sensors.py took 0.101 seconds
[2026-07-16T05:27:04.197+0000] {processor.py:161} INFO - Started process (PID=651) to work on /home/airflow/.local/lib/python3.8/site-packages/airflow/example_dags/example_sensors.py
[2026-07-16T05:27:04.199+0000] {processor.py:830} INFO - Processing file /home/airflow/.local/lib/python3.8/site-packages/airflow/example_dags/example_sensors.py for tasks to queue
[2026-07-16T05:27:04.202+0000] {logging_mixin.py:188} INFO - [2026-07-16T05:27:04.201+0000] {dagbag.py:538} INFO - Filling up the DagBag from /home/airflow/.local/lib/python3.8/site-packages/airflow/example_dags/example_sensors.py
[2026-07-16T05:27:04.212+0000] {processor.py:840} INFO - DAG(s) 'example_sensors' retrieved from /home/airflow/.local/lib/python3.8/site-packages/airflow/example_dags/example_sensors.py
[2026-07-16T05:27:04.242+0000] {logging_mixin.py:188} INFO - [2026-07-16T05:27:04.242+0000] {dag.py:3036} INFO - Sync 1 DAGs
[2026-07-16T05:27:04.258+0000] {logging_mixin.py:188} INFO - [2026-07-16T05:27:04.258+0000] {dag.py:3823} INFO - Setting next_dagrun for example_sensors to None, run_after=None
[2026-07-16T05:27:04.292+0000] {processor.py:183} INFO - Processing /home/airflow/.local/lib/python3.8/site-packages/airflow/example_dags/example_sensors.py took 0.101 seconds
[2026-07-16T05:27:34.564+0000] {processor.py:161} INFO - Started process (PID=707) to work on /home/airflow/.local/lib/python3.8/site-packages/airflow/example_dags/example_sensors.py
[2026-07-16T05:27:34.566+0000] {processor.py:830} INFO - Processing file /home/airflow/.local/lib/python3.8/site-packages/airflow/example_dags/example_sensors.py for tasks to queue
[2026-07-16T05:27:34.568+0000] {logging_mixin.py:188} INFO - [2026-07-16T05:27:34.568+0000] {dagbag.py:538} INFO - Filling up the DagBag from /home/airflow/.local/lib/python3.8/site-packages/airflow/example_dags/example_sensors.py
[2026-07-16T05:27:34.581+0000] {processor.py:840} INFO - DAG(s) 'example_sensors' retrieved from /home/airflow/.local/lib/python3.8/site-packages/airflow/example_dags/example_sensors.py
[2026-07-16T05:27:34.613+0000] {logging_mixin.py:188} INFO - [2026-07-16T05:27:34.613+0000] {dag.py:3036} INFO - Sync 1 DAGs
[2026-07-16T05:27:34.627+0000] {logging_mixin.py:188} INFO - [2026-07-16T05:27:34.627+0000] {dag.py:3823} INFO - Setting next_dagrun for example_sensors to None, run_after=None
[2026-07-16T05:27:34.652+0000] {processor.py:183} INFO - Processing /home/airflow/.local/lib/python3.8/site-packages/airflow/example_dags/example_sensors.py took 0.098 seconds
[2026-07-16T05:28:04.792+0000] {processor.py:161} INFO - Started process (PID=763) to work on /home/airflow/.local/lib/python3.8/site-packages/airflow/example_dags/example_sensors.py
[2026-07-16T05:28:04.796+0000] {processor.py:830} INFO - Processing file /home/airflow/.local/lib/python3.8/site-packages/airflow/example_dags/example_sensors.py for tasks to queue
[2026-07-16T05:28:04.798+0000] {logging_mixin.py:188} INFO - [2026-07-16T05:28:04.798+0000] {dagbag.py:538} INFO - Filling up the DagBag from /home/airflow/.local/lib/python3.8/site-packages/airflow/example_dags/example_sensors.py
[2026-07-16T05:28:04.810+0000] {processor.py:840} INFO - DAG(s) 'example_sensors' retrieved from /home/airflow/.local/lib/python3.8/site-packages/airflow/example_dags/example_sensors.py
[2026-07-16T05:28:04.848+0000] {logging_mixin.py:188} INFO - [2026-07-16T05:28:04.847+0000] {dag.py:3036} INFO - Sync 1 DAGs
[2026-07-16T05:28:04.867+0000] {logging_mixin.py:188} INFO - [2026-07-16T05:28:04.866+0000] {dag.py:3823} INFO - Setting next_dagrun for example_sensors to None, run_after=None
[2026-07-16T05:28:04.896+0000] {processor.py:183} INFO - Processing /home/airflow/.local/lib/python3.8/site-packages/airflow/example_dags/example_sensors.py took 0.109 seconds
[2026-07-16T05:28:35.700+0000] {processor.py:161} INFO - Started process (PID=819) to work on /home/airflow/.local/lib/python3.8/site-packages/airflow/example_dags/example_sensors.py
[2026-07-16T05:28:35.702+0000] {processor.py:830} INFO - Processing file /home/airflow/.local/lib/python3.8/site-packages/airflow/example_dags/example_sensors.py for tasks to queue
[2026-07-16T05:28:35.706+0000] {logging_mixin.py:188} INFO - [2026-07-16T05:28:35.705+0000] {dagbag.py:538} INFO - Filling up the DagBag from /home/airflow/.local/lib/python3.8/site-packages/airflow/example_dags/example_sensors.py
[2026-07-16T05:28:35.732+0000] {processor.py:840} INFO - DAG(s) 'example_sensors' retrieved from /home/airflow/.local/lib/python3.8/site-packages/airflow/example_dags/example_sensors.py
[2026-07-16T05:28:35.818+0000] {logging_mixin.py:188} INFO - [2026-07-16T05:28:35.818+0000] {dag.py:3036} INFO - Sync 1 DAGs
[2026-07-16T05:28:35.863+0000] {logging_mixin.py:188} INFO - [2026-07-16T05:28:35.862+0000] {dag.py:3823} INFO - Setting next_dagrun for example_sensors to None, run_after=None
[2026-07-16T05:28:35.930+0000] {processor.py:183} INFO - Processing /home/airflow/.local/lib/python3.8/site-packages/airflow/example_dags/example_sensors.py took 0.237 seconds
[2026-07-16T05:29:06.457+0000] {processor.py:161} INFO - Started process (PID=875) to work on /home/airflow/.local/lib/python3.8/site-packages/airflow/example_dags/example_sensors.py
[2026-07-16T05:29:06.459+0000] {processor.py:830} INFO - Processing file /home/airflow/.local/lib/python3.8/site-packages/airflow/example_dags/example_sensors.py for tasks to queue
[2026-07-16T05:29:06.463+0000] {logging_mixin.py:188} INFO - [2026-07-16T05:29:06.462+0000] {dagbag.py:538} INFO - Filling up the DagBag from /home/airflow/.local/lib/python3.8/site-packages/airflow/example_dags/example_sensors.py
[2026-07-16T05:29:06.490+0000] {processor.py:840} INFO - DAG(s) 'example_sensors' retrieved from /home/airflow/.local/lib/python3.8/site-packages/airflow/example_dags/example_sensors.py
[2026-07-16T05:29:06.573+0000] {logging_mixin.py:188} INFO - [2026-07-16T05:29:06.572+0000] {dag.py:3036} INFO - Sync 1 DAGs
[2026-07-16T05:29:06.594+0000] {logging_mixin.py:188} INFO - [2026-07-16T05:29:06.594+0000] {dag.py:3823} INFO - Setting next_dagrun for example_sensors to None, run_after=None
[2026-07-16T05:29:06.656+0000] {processor.py:183} INFO - Processing /home/airflow/.local/lib/python3.8/site-packages/airflow/example_dags/example_sensors.py took 0.208 seconds
[2026-07-16T05:29:37.194+0000] {processor.py:161} INFO - Started process (PID=931) to work on /home/airflow/.local/lib/python3.8/site-packages/airflow/example_dags/example_sensors.py
[2026-07-16T05:29:37.197+0000] {processor.py:830} INFO - Processing file /home/airflow/.local/lib/python3.8/site-packages/airflow/example_dags/example_sensors.py for tasks to queue
[2026-07-16T05:29:37.202+0000] {logging_mixin.py:188} INFO - [2026-07-16T05:29:37.200+0000] {dagbag.py:538} INFO - Filling up the DagBag from /home/airflow/.local/lib/python3.8/site-packages/airflow/example_dags/example_sensors.py
[2026-07-16T05:29:37.224+0000] {processor.py:840} INFO - DAG(s) 'example_sensors' retrieved from /home/airflow/.local/lib/python3.8/site-packages/airflow/example_dags/example_sensors.py
[2026-07-16T05:29:37.288+0000] {logging_mixin.py:188} INFO - [2026-07-16T05:29:37.288+0000] {dag.py:3036} INFO - Sync 1 DAGs
[2026-07-16T05:29:37.319+0000] {logging_mixin.py:188} INFO - [2026-07-16T05:29:37.319+0000] {dag.py:3823} INFO - Setting next_dagrun for example_sensors to None, run_after=None
[2026-07-16T05:29:37.380+0000] {processor.py:183} INFO - Processing /home/airflow/.local/lib/python3.8/site-packages/airflow/example_dags/example_sensors.py took 0.193 seconds
[2026-07-16T05:30:07.958+0000] {processor.py:161} INFO - Started process (PID=987) to work on /home/airflow/.local/lib/python3.8/site-packages/airflow/example_dags/example_sensors.py
[2026-07-16T05:30:07.963+0000] {processor.py:830} INFO - Processing file /home/airflow/.local/lib/python3.8/site-packages/airflow/example_dags/example_sensors.py for tasks to queue
[2026-07-16T05:30:07.966+0000] {logging_mixin.py:188} INFO - [2026-07-16T05:30:07.966+0000] {dagbag.py:538} INFO - Filling up the DagBag from /home/airflow/.local/lib/python3.8/site-packages/airflow/example_dags/example_sensors.py
[2026-07-16T05:30:07.980+0000] {processor.py:840} INFO - DAG(s) 'example_sensors' retrieved from /home/airflow/.local/lib/python3.8/site-packages/airflow/example_dags/example_sensors.py
[2026-07-16T05:30:08.020+0000] {logging_mixin.py:188} INFO - [2026-07-16T05:30:08.020+0000] {dag.py:3036} INFO - Sync 1 DAGs
[2026-07-16T05:30:08.044+0000] {logging_mixin.py:188} INFO - [2026-07-16T05:30:08.044+0000] {dag.py:3823} INFO - Setting next_dagrun for example_sensors to None, run_after=None
[2026-07-16T05:30:08.080+0000] {processor.py:183} INFO - Processing /home/airflow/.local/lib/python3.8/site-packages/airflow/example_dags/example_sensors.py took 0.129 seconds
[2026-07-16T05:30:38.497+0000] {processor.py:161} INFO - Started process (PID=1043) to work on /home/airflow/.local/lib/python3.8/site-packages/airflow/example_dags/example_sensors.py
[2026-07-16T05:30:38.500+0000] {processor.py:830} INFO - Processing file /home/airflow/.local/lib/python3.8/site-packages/airflow/example_dags/example_sensors.py for tasks to queue
[2026-07-16T05:30:38.503+0000] {logging_mixin.py:188} INFO - [2026-07-16T05:30:38.503+0000] {dagbag.py:538} INFO - Filling up the DagBag from /home/airflow/.local/lib/python3.8/site-packages/airflow/example_dags/example_sensors.py
[2026-07-16T05:30:38.520+0000] {processor.py:840} INFO - DAG(s) 'example_sensors' retrieved from /home/airflow/.local/lib/python3.8/site-packages/airflow/example_dags/example_sensors.py
[2026-07-16T05:30:38.562+0000] {logging_mixin.py:188} INFO - [2026-07-16T05:30:38.561+0000] {dag.py:3036} INFO - Sync 1 DAGs
[2026-07-16T05:30:38.579+0000] {logging_mixin.py:188} INFO - [2026-07-16T05:30:38.578+0000] {dag.py:3823} INFO - Setting next_dagrun for example_sensors to None, run_after=None
[2026-07-16T05:30:38.608+0000] {processor.py:183} INFO - Processing /home/airflow/.local/lib/python3.8/site-packages/airflow/example_dags/example_sensors.py took 0.117 seconds
[2026-07-16T05:31:09.387+0000] {processor.py:161} INFO - Started process (PID=1099) to work on /home/airflow/.local/lib/python3.8/site-packages/airflow/example_dags/example_sensors.py
[2026-07-16T05:31:09.388+0000] {processor.py:830} INFO - Processing file /home/airflow/.local/lib/python3.8/site-packages/airflow/example_dags/example_sensors.py for tasks to queue
[2026-07-16T05:31:09.391+0000] {logging_mixin.py:188} INFO - [2026-07-16T05:31:09.390+0000] {dagbag.py:538} INFO - Filling up the DagBag from /home/airflow/.local/lib/python3.8/site-packages/airflow/example_dags/example_sensors.py
[2026-07-16T05:31:09.399+0000] {processor.py:840} INFO - DAG(s) 'example_sensors' retrieved from /home/airflow/.local/lib/python3.8/site-packages/airflow/example_dags/example_sensors.py
[2026-07-16T05:31:09.434+0000] {logging_mixin.py:188} INFO - [2026-07-16T05:31:09.434+0000] {dag.py:3036} INFO - Sync 1 DAGs
[2026-07-16T05:31:09.451+0000] {logging_mixin.py:188} INFO - [2026-07-16T05:31:09.451+0000] {dag.py:3823} INFO - Setting next_dagrun for example_sensors to None, run_after=None
[2026-07-16T05:31:09.488+0000] {processor.py:183} INFO - Processing /home/airflow/.local/lib/python3.8/site-packages/airflow/example_dags/example_sensors.py took 0.106 seconds
[2026-07-16T05:31:39.685+0000] {processor.py:161} INFO - Started process (PID=1155) to work on /home/airflow/.local/lib/python3.8/site-packages/airflow/example_dags/example_sensors.py
[2026-07-16T05:31:39.687+0000] {processor.py:830} INFO - Processing file /home/airflow/.local/lib/python3.8/site-packages/airflow/example_dags/example_sensors.py for tasks to queue
[2026-07-16T05:31:39.691+0000] {logging_mixin.py:188} INFO - [2026-07-16T05:31:39.691+0000] {dagbag.py:538} INFO - Filling up the DagBag from /home/airflow/.local/lib/python3.8/site-packages/airflow/example_dags/example_sensors.py
[2026-07-16T05:31:39.706+0000] {processor.py:840} INFO - DAG(s) 'example_sensors' retrieved from /home/airflow/.local/lib/python3.8/site-packages/airflow/example_dags/example_sensors.py
[2026-07-16T05:31:39.739+0000] {logging_mixin.py:188} INFO - [2026-07-16T05:31:39.738+0000] {dag.py:3036} INFO - Sync 1 DAGs
[2026-07-16T05:31:39.752+0000] {logging_mixin.py:188} INFO - [2026-07-16T05:31:39.752+0000] {dag.py:3823} INFO - Setting next_dagrun for example_sensors to None, run_after=None
[2026-07-16T05:31:39.778+0000] {processor.py:183} INFO - Processing /home/airflow/.local/lib/python3.8/site-packages/airflow/example_dags/example_sensors.py took 0.098 seconds
[2026-07-16T05:32:10.294+0000] {processor.py:161} INFO - Started process (PID=1211) to work on /home/airflow/.local/lib/python3.8/site-packages/airflow/example_dags/example_sensors.py
[2026-07-16T05:32:10.296+0000] {processor.py:830} INFO - Processing file /home/airflow/.local/lib/python3.8/site-packages/airflow/example_dags/example_sensors.py for tasks to queue
[2026-07-16T05:32:10.297+0000] {logging_mixin.py:188} INFO - [2026-07-16T05:32:10.297+0000] {dagbag.py:538} INFO - Filling up the DagBag from /home/airflow/.local/lib/python3.8/site-packages/airflow/example_dags/example_sensors.py
[2026-07-16T05:32:10.305+0000] {processor.py:840} INFO - DAG(s) 'example_sensors' retrieved from /home/airflow/.local/lib/python3.8/site-packages/airflow/example_dags/example_sensors.py
[2026-07-16T05:32:10.327+0000] {logging_mixin.py:188} INFO - [2026-07-16T05:32:10.326+0000] {dag.py:3036} INFO - Sync 1 DAGs
[2026-07-16T05:32:10.335+0000] {logging_mixin.py:188} INFO - [2026-07-16T05:32:10.335+0000] {dag.py:3823} INFO - Setting next_dagrun for example_sensors to None, run_after=None
[2026-07-16T05:32:10.350+0000] {processor.py:183} INFO - Processing /home/airflow/.local/lib/python3.8/site-packages/airflow/example_dags/example_sensors.py took 0.059 seconds
[2026-07-16T05:32:40.855+0000] {processor.py:161} INFO - Started process (PID=1267) to work on /home/airflow/.local/lib/python3.8/site-packages/airflow/example_dags/example_sensors.py
[2026-07-16T05:32:40.856+0000] {processor.py:830} INFO - Processing file /home/airflow/.local/lib/python3.8/site-packages/airflow/example_dags/example_sensors.py for tasks to queue
[2026-07-16T05:32:40.857+0000] {logging_mixin.py:188} INFO - [2026-07-16T05:32:40.857+0000] {dagbag.py:538} INFO - Filling up the DagBag from /home/airflow/.local/lib/python3.8/site-packages/airflow/example_dags/example_sensors.py
[2026-07-16T05:32:40.865+0000] {processor.py:840} INFO - DAG(s) 'example_sensors' retrieved from /home/airflow/.local/lib/python3.8/site-packages/airflow/example_dags/example_sensors.py
[2026-07-16T05:32:40.883+0000] {logging_mixin.py:188} INFO - [2026-07-16T05:32:40.883+0000] {dag.py:3036} INFO - Sync 1 DAGs
[2026-07-16T05:32:40.891+0000] {logging_mixin.py:188} INFO - [2026-07-16T05:32:40.891+0000] {dag.py:3823} INFO - Setting next_dagrun for example_sensors to None, run_after=None
[2026-07-16T05:32:40.906+0000] {processor.py:183} INFO - Processing /home/airflow/.local/lib/python3.8/site-packages/airflow/example_dags/example_sensors.py took 0.053 seconds
[2026-07-16T05:33:11.779+0000] {processor.py:161} INFO - Started process (PID=1323) to work on /home/airflow/.local/lib/python3.8/site-packages/airflow/example_dags/example_sensors.py
[2026-07-16T05:33:11.780+0000] {processor.py:830} INFO - Processing file /home/airflow/.local/lib/python3.8/site-packages/airflow/example_dags/example_sensors.py for tasks to queue
[2026-07-16T05:33:11.782+0000] {logging_mixin.py:188} INFO - [2026-07-16T05:33:11.781+0000] {dagbag.py:538} INFO - Filling up the DagBag from /home/airflow/.local/lib/python3.8/site-packages/airflow/example_dags/example_sensors.py
[2026-07-16T05:33:11.798+0000] {processor.py:840} INFO - DAG(s) 'example_sensors' retrieved from /home/airflow/.local/lib/python3.8/site-packages/airflow/example_dags/example_sensors.py
[2026-07-16T05:33:11.845+0000] {logging_mixin.py:188} INFO - [2026-07-16T05:33:11.845+0000] {dag.py:3036} INFO - Sync 1 DAGs
[2026-07-16T05:33:11.863+0000] {logging_mixin.py:188} INFO - [2026-07-16T05:33:11.863+0000] {dag.py:3823} INFO - Setting next_dagrun for example_sensors to None, run_after=None
[2026-07-16T05:33:11.896+0000] {processor.py:183} INFO - Processing /home/airflow/.local/lib/python3.8/site-packages/airflow/example_dags/example_sensors.py took 0.121 seconds
[2026-07-16T05:33:42.268+0000] {processor.py:161} INFO - Started process (PID=1379) to work on /home/airflow/.local/lib/python3.8/site-packages/airflow/example_dags/example_sensors.py
[2026-07-16T05:33:42.269+0000] {processor.py:830} INFO - Processing file /home/airflow/.local/lib/python3.8/site-packages/airflow/example_dags/example_sensors.py for tasks to queue
[2026-07-16T05:33:42.271+0000] {logging_mixin.py:188} INFO - [2026-07-16T05:33:42.271+0000] {dagbag.py:538} INFO - Filling up the DagBag from /home/airflow/.local/lib/python3.8/site-packages/airflow/example_dags/example_sensors.py
[2026-07-16T05:33:42.279+0000] {processor.py:840} INFO - DAG(s) 'example_sensors' retrieved from /home/airflow/.local/lib/python3.8/site-packages/airflow/example_dags/example_sensors.py
[2026-07-16T05:33:42.298+0000] {logging_mixin.py:188} INFO - [2026-07-16T05:33:42.297+0000] {dag.py:3036} INFO - Sync 1 DAGs
[2026-07-16T05:33:42.307+0000] {logging_mixin.py:188} INFO - [2026-07-16T05:33:42.307+0000] {dag.py:3823} INFO - Setting next_dagrun for example_sensors to None, run_after=None
[2026-07-16T05:33:42.324+0000] {processor.py:183} INFO - Processing /home/airflow/.local/lib/python3.8/site-packages/airflow/example_dags/example_sensors.py took 0.059 seconds
[2026-07-16T05:34:12.814+0000] {processor.py:161} INFO - Started process (PID=1435) to work on /home/airflow/.local/lib/python3.8/site-packages/airflow/example_dags/example_sensors.py
[2026-07-16T05:34:12.816+0000] {processor.py:830} INFO - Processing file /home/airflow/.local/lib/python3.8/site-packages/airflow/example_dags/example_sensors.py for tasks to queue
[2026-07-16T05:34:12.818+0000] {logging_mixin.py:188} INFO - [2026-07-16T05:34:12.817+0000] {dagbag.py:538} INFO - Filling up the DagBag from /home/airflow/.local/lib/python3.8/site-packages/airflow/example_dags/example_sensors.py
[2026-07-16T05:34:12.829+0000] {processor.py:840} INFO - DAG(s) 'example_sensors' retrieved from /home/airflow/.local/lib/python3.8/site-packages/airflow/example_dags/example_sensors.py
[2026-07-16T05:34:12.855+0000] {logging_mixin.py:188} INFO - [2026-07-16T05:34:12.855+0000] {dag.py:3036} INFO - Sync 1 DAGs
[2026-07-16T05:34:12.867+0000] {logging_mixin.py:188} INFO - [2026-07-16T05:34:12.866+0000] {dag.py:3823} INFO - Setting next_dagrun for example_sensors to None, run_after=None
[2026-07-16T05:34:12.886+0000] {processor.py:183} INFO - Processing /home/airflow/.local/lib/python3.8/site-packages/airflow/example_dags/example_sensors.py took 0.076 seconds
[2026-07-16T05:34:43.133+0000] {processor.py:161} INFO - Started process (PID=1491) to work on /home/airflow/.local/lib/python3.8/site-packages/airflow/example_dags/example_sensors.py
[2026-07-16T05:34:43.135+0000] {processor.py:830} INFO - Processing file /home/airflow/.local/lib/python3.8/site-packages/airflow/example_dags/example_sensors.py for tasks to queue
[2026-07-16T05:34:43.136+0000] {logging_mixin.py:188} INFO - [2026-07-16T05:34:43.136+0000] {dagbag.py:538} INFO - Filling up the DagBag from /home/airflow/.local/lib/python3.8/site-packages/airflow/example_dags/example_sensors.py
[2026-07-16T05:34:43.144+0000] {processor.py:840} INFO - DAG(s) 'example_sensors' retrieved from /home/airflow/.local/lib/python3.8/site-packages/airflow/example_dags/example_sensors.py
[2026-07-16T05:34:43.166+0000] {logging_mixin.py:188} INFO - [2026-07-16T05:34:43.166+0000] {dag.py:3036} INFO - Sync 1 DAGs
[2026-07-16T05:34:43.175+0000] {logging_mixin.py:188} INFO - [2026-07-16T05:34:43.175+0000] {dag.py:3823} INFO - Setting next_dagrun for example_sensors to None, run_after=None
[2026-07-16T05:34:43.191+0000] {processor.py:183} INFO - Processing /home/airflow/.local/lib/python3.8/site-packages/airflow/example_dags/example_sensors.py took 0.061 seconds
[2026-07-16T05:35:13.591+0000] {processor.py:161} INFO - Started process (PID=1547) to work on /home/airflow/.local/lib/python3.8/site-packages/airflow/example_dags/example_sensors.py
[2026-07-16T05:35:13.592+0000] {processor.py:830} INFO - Processing file /home/airflow/.local/lib/python3.8/site-packages/airflow/example_dags/example_sensors.py for tasks to queue
[2026-07-16T05:35:13.593+0000] {logging_mixin.py:188} INFO - [2026-07-16T05:35:13.593+0000] {dagbag.py:538} INFO - Filling up the DagBag from /home/airflow/.local/lib/python3.8/site-packages/airflow/example_dags/example_sensors.py
[2026-07-16T05:35:13.600+0000] {processor.py:840} INFO - DAG(s) 'example_sensors' retrieved from /home/airflow/.local/lib/python3.8/site-packages/airflow/example_dags/example_sensors.py
[2026-07-16T05:35:13.620+0000] {logging_mixin.py:188} INFO - [2026-07-16T05:35:13.620+0000] {dag.py:3036} INFO - Sync 1 DAGs
[2026-07-16T05:35:13.631+0000] {logging_mixin.py:188} INFO - [2026-07-16T05:35:13.631+0000] {dag.py:3823} INFO - Setting next_dagrun for example_sensors to None, run_after=None
[2026-07-16T05:35:13.647+0000] {processor.py:183} INFO - Processing /home/airflow/.local/lib/python3.8/site-packages/airflow/example_dags/example_sensors.py took 0.059 seconds
[2026-07-16T05:35:44.297+0000] {processor.py:161} INFO - Started process (PID=1603) to work on /home/airflow/.local/lib/python3.8/site-packages/airflow/example_dags/example_sensors.py
[2026-07-16T05:35:44.299+0000] {processor.py:830} INFO - Processing file /home/airflow/.local/lib/python3.8/site-packages/airflow/example_dags/example_sensors.py for tasks to queue
[2026-07-16T05:35:44.300+0000] {logging_mixin.py:188} INFO - [2026-07-16T05:35:44.300+0000] {dagbag.py:538} INFO - Filling up the DagBag from /home/airflow/.local/lib/python3.8/site-packages/airflow/example_dags/example_sensors.py
[2026-07-16T05:35:44.307+0000] {processor.py:840} INFO - DAG(s) 'example_sensors' retrieved from /home/airflow/.local/lib/python3.8/site-packages/airflow/example_dags/example_sensors.py
[2026-07-16T05:35:44.330+0000] {logging_mixin.py:188} INFO - [2026-07-16T05:35:44.330+0000] {dag.py:3036} INFO - Sync 1 DAGs
[2026-07-16T05:35:44.339+0000] {logging_mixin.py:188} INFO - [2026-07-16T05:35:44.339+0000] {dag.py:3823} INFO - Setting next_dagrun for example_sensors to None, run_after=None
[2026-07-16T05:35:44.354+0000] {processor.py:183} INFO - Processing /home/airflow/.local/lib/python3.8/site-packages/airflow/example_dags/example_sensors.py took 0.059 seconds
[2026-07-16T05:36:14.574+0000] {processor.py:161} INFO - Started process (PID=1659) to work on /home/airflow/.local/lib/python3.8/site-packages/airflow/example_dags/example_sensors.py
[2026-07-16T05:36:14.575+0000] {processor.py:830} INFO - Processing file /home/airflow/.local/lib/python3.8/site-packages/airflow/example_dags/example_sensors.py for tasks to queue
[2026-07-16T05:36:14.578+0000] {logging_mixin.py:188} INFO - [2026-07-16T05:36:14.577+0000] {dagbag.py:538} INFO - Filling up the DagBag from /home/airflow/.local/lib/python3.8/site-packages/airflow/example_dags/example_sensors.py
[2026-07-16T05:36:14.589+0000] {processor.py:840} INFO - DAG(s) 'example_sensors' retrieved from /home/airflow/.local/lib/python3.8/site-packages/airflow/example_dags/example_sensors.py
[2026-07-16T05:36:14.618+0000] {logging_mixin.py:188} INFO - [2026-07-16T05:36:14.618+0000] {dag.py:3036} INFO - Sync 1 DAGs
[2026-07-16T05:36:14.632+0000] {logging_mixin.py:188} INFO - [2026-07-16T05:36:14.631+0000] {dag.py:3823} INFO - Setting next_dagrun for example_sensors to None, run_after=None
[2026-07-16T05:36:14.654+0000] {processor.py:183} INFO - Processing /home/airflow/.local/lib/python3.8/site-packages/airflow/example_dags/example_sensors.py took 0.085 seconds
[2026-07-16T05:36:44.962+0000] {processor.py:161} INFO - Started process (PID=1716) to work on /home/airflow/.local/lib/python3.8/site-packages/airflow/example_dags/example_sensors.py
[2026-07-16T05:36:44.964+0000] {processor.py:830} INFO - Processing file /home/airflow/.local/lib/python3.8/site-packages/airflow/example_dags/example_sensors.py for tasks to queue
[2026-07-16T05:36:44.965+0000] {logging_mixin.py:188} INFO - [2026-07-16T05:36:44.965+0000] {dagbag.py:538} INFO - Filling up the DagBag from /home/airflow/.local/lib/python3.8/site-packages/airflow/example_dags/example_sensors.py
[2026-07-16T05:36:44.977+0000] {processor.py:840} INFO - DAG(s) 'example_sensors' retrieved from /home/airflow/.local/lib/python3.8/site-packages/airflow/example_dags/example_sensors.py
[2026-07-16T05:36:44.997+0000] {logging_mixin.py:188} INFO - [2026-07-16T05:36:44.997+0000] {dag.py:3036} INFO - Sync 1 DAGs
[2026-07-16T05:36:45.006+0000] {logging_mixin.py:188} INFO - [2026-07-16T05:36:45.006+0000] {dag.py:3823} INFO - Setting next_dagrun for example_sensors to None, run_after=None
[2026-07-16T05:36:45.023+0000] {processor.py:183} INFO - Processing /home/airflow/.local/lib/python3.8/site-packages/airflow/example_dags/example_sensors.py took 0.064 seconds
[2026-07-16T05:37:15.357+0000] {processor.py:161} INFO - Started process (PID=1772) to work on /home/airflow/.local/lib/python3.8/site-packages/airflow/example_dags/example_sensors.py
[2026-07-16T05:37:15.361+0000] {processor.py:830} INFO - Processing file /home/airflow/.local/lib/python3.8/site-packages/airflow/example_dags/example_sensors.py for tasks to queue
[2026-07-16T05:37:15.366+0000] {logging_mixin.py:188} INFO - [2026-07-16T05:37:15.365+0000] {dagbag.py:538} INFO - Filling up the DagBag from /home/airflow/.local/lib/python3.8/site-packages/airflow/example_dags/example_sensors.py
[2026-07-16T05:37:15.385+0000] {processor.py:840} INFO - DAG(s) 'example_sensors' retrieved from /home/airflow/.local/lib/python3.8/site-packages/airflow/example_dags/example_sensors.py
[2026-07-16T05:37:15.414+0000] {logging_mixin.py:188} INFO - [2026-07-16T05:37:15.414+0000] {dag.py:3036} INFO - Sync 1 DAGs
[2026-07-16T05:37:15.429+0000] {logging_mixin.py:188} INFO - [2026-07-16T05:37:15.429+0000] {dag.py:3823} INFO - Setting next_dagrun for example_sensors to None, run_after=None
[2026-07-16T05:37:15.455+0000] {processor.py:183} INFO - Processing /home/airflow/.local/lib/python3.8/site-packages/airflow/example_dags/example_sensors.py took 0.104 seconds
[2026-07-16T05:37:45.744+0000] {processor.py:161} INFO - Started process (PID=1828) to work on /home/airflow/.local/lib/python3.8/site-packages/airflow/example_dags/example_sensors.py
[2026-07-16T05:37:45.745+0000] {processor.py:830} INFO - Processing file /home/airflow/.local/lib/python3.8/site-packages/airflow/example_dags/example_sensors.py for tasks to queue
[2026-07-16T05:37:45.747+0000] {logging_mixin.py:188} INFO - [2026-07-16T05:37:45.746+0000] {dagbag.py:538} INFO - Filling up the DagBag from /home/airflow/.local/lib/python3.8/site-packages/airflow/example_dags/example_sensors.py
[2026-07-16T05:37:45.756+0000] {processor.py:840} INFO - DAG(s) 'example_sensors' retrieved from /home/airflow/.local/lib/python3.8/site-packages/airflow/example_dags/example_sensors.py
[2026-07-16T05:37:45.780+0000] {logging_mixin.py:188} INFO - [2026-07-16T05:37:45.779+0000] {dag.py:3036} INFO - Sync 1 DAGs
[2026-07-16T05:37:45.792+0000] {logging_mixin.py:188} INFO - [2026-07-16T05:37:45.791+0000] {dag.py:3823} INFO - Setting next_dagrun for example_sensors to None, run_after=None
[2026-07-16T05:37:45.812+0000] {processor.py:183} INFO - Processing /home/airflow/.local/lib/python3.8/site-packages/airflow/example_dags/example_sensors.py took 0.072 seconds
[2026-07-16T05:38:16.033+0000] {processor.py:161} INFO - Started process (PID=1884) to work on /home/airflow/.local/lib/python3.8/site-packages/airflow/example_dags/example_sensors.py
[2026-07-16T05:38:16.034+0000] {processor.py:830} INFO - Processing file /home/airflow/.local/lib/python3.8/site-packages/airflow/example_dags/example_sensors.py for tasks to queue
[2026-07-16T05:38:16.036+0000] {logging_mixin.py:188} INFO - [2026-07-16T05:38:16.036+0000] {dagbag.py:538} INFO - Filling up the DagBag from /home/airflow/.local/lib/python3.8/site-packages/airflow/example_dags/example_sensors.py
[2026-07-16T05:38:16.044+0000] {processor.py:840} INFO - DAG(s) 'example_sensors' retrieved from /home/airflow/.local/lib/python3.8/site-packages/airflow/example_dags/example_sensors.py
[2026-07-16T05:38:16.065+0000] {logging_mixin.py:188} INFO - [2026-07-16T05:38:16.065+0000] {dag.py:3036} INFO - Sync 1 DAGs
[2026-07-16T05:38:16.076+0000] {logging_mixin.py:188} INFO - [2026-07-16T05:38:16.076+0000] {dag.py:3823} INFO - Setting next_dagrun for example_sensors to None, run_after=None
[2026-07-16T05:38:16.091+0000] {processor.py:183} INFO - Processing /home/airflow/.local/lib/python3.8/site-packages/airflow/example_dags/example_sensors.py took 0.061 seconds
[2026-07-16T05:38:46.141+0000] {processor.py:161} INFO - Started process (PID=1938) to work on /home/airflow/.local/lib/python3.8/site-packages/airflow/example_dags/example_sensors.py
[2026-07-16T05:38:46.142+0000] {processor.py:830} INFO - Processing file /home/airflow/.local/lib/python3.8/site-packages/airflow/example_dags/example_sensors.py for tasks to queue
[2026-07-16T05:38:46.144+0000] {logging_mixin.py:188} INFO - [2026-07-16T05:38:46.144+0000] {dagbag.py:538} INFO - Filling up the DagBag from /home/airflow/.local/lib/python3.8/site-packages/airflow/example_dags/example_sensors.py
[2026-07-16T05:38:46.154+0000] {processor.py:840} INFO - DAG(s) 'example_sensors' retrieved from /home/airflow/.local/lib/python3.8/site-packages/airflow/example_dags/example_sensors.py
[2026-07-16T05:38:46.189+0000] {logging_mixin.py:188} INFO - [2026-07-16T05:38:46.189+0000] {dag.py:3036} INFO - Sync 1 DAGs
[2026-07-16T05:38:46.209+0000] {logging_mixin.py:188} INFO - [2026-07-16T05:38:46.209+0000] {dag.py:3823} INFO - Setting next_dagrun for example_sensors to None, run_after=None
[2026-07-16T05:38:46.244+0000] {processor.py:183} INFO - Processing /home/airflow/.local/lib/python3.8/site-packages/airflow/example_dags/example_sensors.py took 0.105 seconds
[2026-07-16T05:39:16.559+0000] {processor.py:161} INFO - Started process (PID=1994) to work on /home/airflow/.local/lib/python3.8/site-packages/airflow/example_dags/example_sensors.py
[2026-07-16T05:39:16.560+0000] {processor.py:830} INFO - Processing file /home/airflow/.local/lib/python3.8/site-packages/airflow/example_dags/example_sensors.py for tasks to queue
[2026-07-16T05:39:16.563+0000] {logging_mixin.py:188} INFO - [2026-07-16T05:39:16.562+0000] {dagbag.py:538} INFO - Filling up the DagBag from /home/airflow/.local/lib/python3.8/site-packages/airflow/example_dags/example_sensors.py
[2026-07-16T05:39:16.571+0000] {processor.py:840} INFO - DAG(s) 'example_sensors' retrieved from /home/airflow/.local/lib/python3.8/site-packages/airflow/example_dags/example_sensors.py
[2026-07-16T05:39:16.594+0000] {logging_mixin.py:188} INFO - [2026-07-16T05:39:16.594+0000] {dag.py:3036} INFO - Sync 1 DAGs
[2026-07-16T05:39:16.605+0000] {logging_mixin.py:188} INFO - [2026-07-16T05:39:16.605+0000] {dag.py:3823} INFO - Setting next_dagrun for example_sensors to None, run_after=None
[2026-07-16T05:39:16.624+0000] {processor.py:183} INFO - Processing /home/airflow/.local/lib/python3.8/site-packages/airflow/example_dags/example_sensors.py took 0.068 seconds
[2026-07-16T05:39:46.791+0000] {processor.py:161} INFO - Started process (PID=2050) to work on /home/airflow/.local/lib/python3.8/site-packages/airflow/example_dags/example_sensors.py
[2026-07-16T05:39:46.793+0000] {processor.py:830} INFO - Processing file /home/airflow/.local/lib/python3.8/site-packages/airflow/example_dags/example_sensors.py for tasks to queue
[2026-07-16T05:39:46.795+0000] {logging_mixin.py:188} INFO - [2026-07-16T05:39:46.794+0000] {dagbag.py:538} INFO - Filling up the DagBag from /home/airflow/.local/lib/python3.8/site-packages/airflow/example_dags/example_sensors.py
[2026-07-16T05:39:46.806+0000] {processor.py:840} INFO - DAG(s) 'example_sensors' retrieved from /home/airflow/.local/lib/python3.8/site-packages/airflow/example_dags/example_sensors.py
[2026-07-16T05:39:46.837+0000] {logging_mixin.py:188} INFO - [2026-07-16T05:39:46.837+0000] {dag.py:3036} INFO - Sync 1 DAGs
[2026-07-16T05:39:46.850+0000] {logging_mixin.py:188} INFO - [2026-07-16T05:39:46.849+0000] {dag.py:3823} INFO - Setting next_dagrun for example_sensors to None, run_after=None
[2026-07-16T05:39:46.871+0000] {processor.py:183} INFO - Processing /home/airflow/.local/lib/python3.8/site-packages/airflow/example_dags/example_sensors.py took 0.086 seconds
[2026-07-16T05:40:17.007+0000] {processor.py:161} INFO - Started process (PID=2106) to work on /home/airflow/.local/lib/python3.8/site-packages/airflow/example_dags/example_sensors.py
[2026-07-16T05:40:17.008+0000] {processor.py:830} INFO - Processing file /home/airflow/.local/lib/python3.8/site-packages/airflow/example_dags/example_sensors.py for tasks to queue
[2026-07-16T05:40:17.010+0000] {logging_mixin.py:188} INFO - [2026-07-16T05:40:17.010+0000] {dagbag.py:538} INFO - Filling up the DagBag from /home/airflow/.local/lib/python3.8/site-packages/airflow/example_dags/example_sensors.py
[2026-07-16T05:40:17.021+0000] {processor.py:840} INFO - DAG(s) 'example_sensors' retrieved from /home/airflow/.local/lib/python3.8/site-packages/airflow/example_dags/example_sensors.py
[2026-07-16T05:40:17.044+0000] {logging_mixin.py:188} INFO - [2026-07-16T05:40:17.044+0000] {dag.py:3036} INFO - Sync 1 DAGs
[2026-07-16T05:40:17.055+0000] {logging_mixin.py:188} INFO - [2026-07-16T05:40:17.055+0000] {dag.py:3823} INFO - Setting next_dagrun for example_sensors to None, run_after=None
[2026-07-16T05:40:17.073+0000] {processor.py:183} INFO - Processing /home/airflow/.local/lib/python3.8/site-packages/airflow/example_dags/example_sensors.py took 0.070 seconds
[2026-07-16T05:40:47.389+0000] {processor.py:161} INFO - Started process (PID=2162) to work on /home/airflow/.local/lib/python3.8/site-packages/airflow/example_dags/example_sensors.py
[2026-07-16T05:40:47.391+0000] {processor.py:830} INFO - Processing file /home/airflow/.local/lib/python3.8/site-packages/airflow/example_dags/example_sensors.py for tasks to queue
[2026-07-16T05:40:47.394+0000] {logging_mixin.py:188} INFO - [2026-07-16T05:40:47.394+0000] {dagbag.py:538} INFO - Filling up the DagBag from /home/airflow/.local/lib/python3.8/site-packages/airflow/example_dags/example_sensors.py
[2026-07-16T05:40:47.406+0000] {processor.py:840} INFO - DAG(s) 'example_sensors' retrieved from /home/airflow/.local/lib/python3.8/site-packages/airflow/example_dags/example_sensors.py
[2026-07-16T05:40:47.441+0000] {logging_mixin.py:188} INFO - [2026-07-16T05:40:47.441+0000] {dag.py:3036} INFO - Sync 1 DAGs
[2026-07-16T05:40:47.464+0000] {logging_mixin.py:188} INFO - [2026-07-16T05:40:47.464+0000] {dag.py:3823} INFO - Setting next_dagrun for example_sensors to None, run_after=None
[2026-07-16T05:40:47.513+0000] {processor.py:183} INFO - Processing /home/airflow/.local/lib/python3.8/site-packages/airflow/example_dags/example_sensors.py took 0.128 seconds
[2026-07-16T05:41:17.751+0000] {processor.py:161} INFO - Started process (PID=2218) to work on /home/airflow/.local/lib/python3.8/site-packages/airflow/example_dags/example_sensors.py
[2026-07-16T05:41:17.752+0000] {processor.py:830} INFO - Processing file /home/airflow/.local/lib/python3.8/site-packages/airflow/example_dags/example_sensors.py for tasks to queue
[2026-07-16T05:41:17.754+0000] {logging_mixin.py:188} INFO - [2026-07-16T05:41:17.754+0000] {dagbag.py:538} INFO - Filling up the DagBag from /home/airflow/.local/lib/python3.8/site-packages/airflow/example_dags/example_sensors.py
[2026-07-16T05:41:17.762+0000] {processor.py:840} INFO - DAG(s) 'example_sensors' retrieved from /home/airflow/.local/lib/python3.8/site-packages/airflow/example_dags/example_sensors.py
[2026-07-16T05:41:17.783+0000] {logging_mixin.py:188} INFO - [2026-07-16T05:41:17.783+0000] {dag.py:3036} INFO - Sync 1 DAGs
[2026-07-16T05:41:17.792+0000] {logging_mixin.py:188} INFO - [2026-07-16T05:41:17.792+0000] {dag.py:3823} INFO - Setting next_dagrun for example_sensors to None, run_after=None
[2026-07-16T05:41:17.808+0000] {processor.py:183} INFO - Processing /home/airflow/.local/lib/python3.8/site-packages/airflow/example_dags/example_sensors.py took 0.060 seconds
[2026-07-16T05:41:48.582+0000] {processor.py:161} INFO - Started process (PID=2274) to work on /home/airflow/.local/lib/python3.8/site-packages/airflow/example_dags/example_sensors.py
[2026-07-16T05:41:48.583+0000] {processor.py:830} INFO - Processing file /home/airflow/.local/lib/python3.8/site-packages/airflow/example_dags/example_sensors.py for tasks to queue
[2026-07-16T05:41:48.585+0000] {logging_mixin.py:188} INFO - [2026-07-16T05:41:48.584+0000] {dagbag.py:538} INFO - Filling up the DagBag from /home/airflow/.local/lib/python3.8/site-packages/airflow/example_dags/example_sensors.py
[2026-07-16T05:41:48.592+0000] {processor.py:840} INFO - DAG(s) 'example_sensors' retrieved from /home/airflow/.local/lib/python3.8/site-packages/airflow/example_dags/example_sensors.py
[2026-07-16T05:41:48.612+0000] {logging_mixin.py:188} INFO - [2026-07-16T05:41:48.611+0000] {dag.py:3036} INFO - Sync 1 DAGs
[2026-07-16T05:41:48.620+0000] {logging_mixin.py:188} INFO - [2026-07-16T05:41:48.620+0000] {dag.py:3823} INFO - Setting next_dagrun for example_sensors to None, run_after=None
[2026-07-16T05:41:48.635+0000] {processor.py:183} INFO - Processing /home/airflow/.local/lib/python3.8/site-packages/airflow/example_dags/example_sensors.py took 0.056 seconds
[2026-07-16T05:42:19.610+0000] {processor.py:161} INFO - Started process (PID=2330) to work on /home/airflow/.local/lib/python3.8/site-packages/airflow/example_dags/example_sensors.py
[2026-07-16T05:42:19.611+0000] {processor.py:830} INFO - Processing file /home/airflow/.local/lib/python3.8/site-packages/airflow/example_dags/example_sensors.py for tasks to queue
[2026-07-16T05:42:19.615+0000] {logging_mixin.py:188} INFO - [2026-07-16T05:42:19.614+0000] {dagbag.py:538} INFO - Filling up the DagBag from /home/airflow/.local/lib/python3.8/site-packages/airflow/example_dags/example_sensors.py
[2026-07-16T05:42:19.632+0000] {processor.py:840} INFO - DAG(s) 'example_sensors' retrieved from /home/airflow/.local/lib/python3.8/site-packages/airflow/example_dags/example_sensors.py
[2026-07-16T05:42:19.667+0000] {logging_mixin.py:188} INFO - [2026-07-16T05:42:19.667+0000] {dag.py:3036} INFO - Sync 1 DAGs
[2026-07-16T05:42:19.678+0000] {logging_mixin.py:188} INFO - [2026-07-16T05:42:19.678+0000] {dag.py:3823} INFO - Setting next_dagrun for example_sensors to None, run_after=None
[2026-07-16T05:42:19.696+0000] {processor.py:183} INFO - Processing /home/airflow/.local/lib/python3.8/site-packages/airflow/example_dags/example_sensors.py took 0.091 seconds
[2026-07-16T05:42:49.739+0000] {processor.py:161} INFO - Started process (PID=2386) to work on /home/airflow/.local/lib/python3.8/site-packages/airflow/example_dags/example_sensors.py
[2026-07-16T05:42:49.740+0000] {processor.py:830} INFO - Processing file /home/airflow/.local/lib/python3.8/site-packages/airflow/example_dags/example_sensors.py for tasks to queue
[2026-07-16T05:42:49.742+0000] {logging_mixin.py:188} INFO - [2026-07-16T05:42:49.741+0000] {dagbag.py:538} INFO - Filling up the DagBag from /home/airflow/.local/lib/python3.8/site-packages/airflow/example_dags/example_sensors.py
[2026-07-16T05:42:49.750+0000] {processor.py:840} INFO - DAG(s) 'example_sensors' retrieved from /home/airflow/.local/lib/python3.8/site-packages/airflow/example_dags/example_sensors.py
[2026-07-16T05:42:49.771+0000] {logging_mixin.py:188} INFO - [2026-07-16T05:42:49.771+0000] {dag.py:3036} INFO - Sync 1 DAGs
[2026-07-16T05:42:49.780+0000] {logging_mixin.py:188} INFO - [2026-07-16T05:42:49.779+0000] {dag.py:3823} INFO - Setting next_dagrun for example_sensors to None, run_after=None
[2026-07-16T05:42:49.795+0000] {processor.py:183} INFO - Processing /home/airflow/.local/lib/python3.8/site-packages/airflow/example_dags/example_sensors.py took 0.059 seconds
[2026-07-16T05:43:20.403+0000] {processor.py:161} INFO - Started process (PID=2442) to work on /home/airflow/.local/lib/python3.8/site-packages/airflow/example_dags/example_sensors.py
[2026-07-16T05:43:20.405+0000] {processor.py:830} INFO - Processing file /home/airflow/.local/lib/python3.8/site-packages/airflow/example_dags/example_sensors.py for tasks to queue
[2026-07-16T05:43:20.407+0000] {logging_mixin.py:188} INFO - [2026-07-16T05:43:20.407+0000] {dagbag.py:538} INFO - Filling up the DagBag from /home/airflow/.local/lib/python3.8/site-packages/airflow/example_dags/example_sensors.py
[2026-07-16T05:43:20.417+0000] {processor.py:840} INFO - DAG(s) 'example_sensors' retrieved from /home/airflow/.local/lib/python3.8/site-packages/airflow/example_dags/example_sensors.py
[2026-07-16T05:43:20.456+0000] {logging_mixin.py:188} INFO - [2026-07-16T05:43:20.456+0000] {dag.py:3036} INFO - Sync 1 DAGs
[2026-07-16T05:43:20.477+0000] {logging_mixin.py:188} INFO - [2026-07-16T05:43:20.476+0000] {dag.py:3823} INFO - Setting next_dagrun for example_sensors to None, run_after=None
[2026-07-16T05:43:20.507+0000] {processor.py:183} INFO - Processing /home/airflow/.local/lib/python3.8/site-packages/airflow/example_dags/example_sensors.py took 0.108 seconds
[2026-07-16T05:43:50.784+0000] {processor.py:161} INFO - Started process (PID=2498) to work on /home/airflow/.local/lib/python3.8/site-packages/airflow/example_dags/example_sensors.py
[2026-07-16T05:43:50.786+0000] {processor.py:830} INFO - Processing file /home/airflow/.local/lib/python3.8/site-packages/airflow/example_dags/example_sensors.py for tasks to queue
[2026-07-16T05:43:50.788+0000] {logging_mixin.py:188} INFO - [2026-07-16T05:43:50.787+0000] {dagbag.py:538} INFO - Filling up the DagBag from /home/airflow/.local/lib/python3.8/site-packages/airflow/example_dags/example_sensors.py
[2026-07-16T05:43:50.797+0000] {processor.py:840} INFO - DAG(s) 'example_sensors' retrieved from /home/airflow/.local/lib/python3.8/site-packages/airflow/example_dags/example_sensors.py
[2026-07-16T05:43:50.822+0000] {logging_mixin.py:188} INFO - [2026-07-16T05:43:50.822+0000] {dag.py:3036} INFO - Sync 1 DAGs
[2026-07-16T05:43:50.832+0000] {logging_mixin.py:188} INFO - [2026-07-16T05:43:50.831+0000] {dag.py:3823} INFO - Setting next_dagrun for example_sensors to None, run_after=None
[2026-07-16T05:43:50.851+0000] {processor.py:183} INFO - Processing /home/airflow/.local/lib/python3.8/site-packages/airflow/example_dags/example_sensors.py took 0.071 seconds
[2026-07-16T05:44:21.340+0000] {processor.py:161} INFO - Started process (PID=2554) to work on /home/airflow/.local/lib/python3.8/site-packages/airflow/example_dags/example_sensors.py
[2026-07-16T05:44:21.341+0000] {processor.py:830} INFO - Processing file /home/airflow/.local/lib/python3.8/site-packages/airflow/example_dags/example_sensors.py for tasks to queue
[2026-07-16T05:44:21.343+0000] {logging_mixin.py:188} INFO - [2026-07-16T05:44:21.343+0000] {dagbag.py:538} INFO - Filling up the DagBag from /home/airflow/.local/lib/python3.8/site-packages/airflow/example_dags/example_sensors.py
[2026-07-16T05:44:21.355+0000] {processor.py:840} INFO - DAG(s) 'example_sensors' retrieved from /home/airflow/.local/lib/python3.8/site-packages/airflow/example_dags/example_sensors.py
[2026-07-16T05:44:21.380+0000] {logging_mixin.py:188} INFO - [2026-07-16T05:44:21.379+0000] {dag.py:3036} INFO - Sync 1 DAGs
[2026-07-16T05:44:21.391+0000] {logging_mixin.py:188} INFO - [2026-07-16T05:44:21.391+0000] {dag.py:3823} INFO - Setting next_dagrun for example_sensors to None, run_after=None
[2026-07-16T05:44:21.412+0000] {processor.py:183} INFO - Processing /home/airflow/.local/lib/python3.8/site-packages/airflow/example_dags/example_sensors.py took 0.076 seconds
[2026-07-16T05:44:51.603+0000] {processor.py:161} INFO - Started process (PID=2610) to work on /home/airflow/.local/lib/python3.8/site-packages/airflow/example_dags/example_sensors.py
[2026-07-16T05:44:51.604+0000] {processor.py:830} INFO - Processing file /home/airflow/.local/lib/python3.8/site-packages/airflow/example_dags/example_sensors.py for tasks to queue
[2026-07-16T05:44:51.606+0000] {logging_mixin.py:188} INFO - [2026-07-16T05:44:51.606+0000] {dagbag.py:538} INFO - Filling up the DagBag from /home/airflow/.local/lib/python3.8/site-packages/airflow/example_dags/example_sensors.py
[2026-07-16T05:44:51.615+0000] {processor.py:840} INFO - DAG(s) 'example_sensors' retrieved from /home/airflow/.local/lib/python3.8/site-packages/airflow/example_dags/example_sensors.py
[2026-07-16T05:44:51.635+0000] {logging_mixin.py:188} INFO - [2026-07-16T05:44:51.635+0000] {dag.py:3036} INFO - Sync 1 DAGs
[2026-07-16T05:44:51.645+0000] {logging_mixin.py:188} INFO - [2026-07-16T05:44:51.645+0000] {dag.py:3823} INFO - Setting next_dagrun for example_sensors to None, run_after=None
[2026-07-16T05:44:51.661+0000] {processor.py:183} INFO - Processing /home/airflow/.local/lib/python3.8/site-packages/airflow/example_dags/example_sensors.py took 0.061 seconds
[2026-07-16T05:45:21.764+0000] {processor.py:161} INFO - Started process (PID=2666) to work on /home/airflow/.local/lib/python3.8/site-packages/airflow/example_dags/example_sensors.py
[2026-07-16T05:45:21.765+0000] {processor.py:830} INFO - Processing file /home/airflow/.local/lib/python3.8/site-packages/airflow/example_dags/example_sensors.py for tasks to queue
[2026-07-16T05:45:21.766+0000] {logging_mixin.py:188} INFO - [2026-07-16T05:45:21.766+0000] {dagbag.py:538} INFO - Filling up the DagBag from /home/airflow/.local/lib/python3.8/site-packages/airflow/example_dags/example_sensors.py
[2026-07-16T05:45:21.774+0000] {processor.py:840} INFO - DAG(s) 'example_sensors' retrieved from /home/airflow/.local/lib/python3.8/site-packages/airflow/example_dags/example_sensors.py
[2026-07-16T05:45:21.791+0000] {logging_mixin.py:188} INFO - [2026-07-16T05:45:21.791+0000] {dag.py:3036} INFO - Sync 1 DAGs
[2026-07-16T05:45:21.799+0000] {logging_mixin.py:188} INFO - [2026-07-16T05:45:21.799+0000] {dag.py:3823} INFO - Setting next_dagrun for example_sensors to None, run_after=None
[2026-07-16T05:45:21.813+0000] {processor.py:183} INFO - Processing /home/airflow/.local/lib/python3.8/site-packages/airflow/example_dags/example_sensors.py took 0.051 seconds
[2026-07-16T05:45:52.599+0000] {processor.py:161} INFO - Started process (PID=2722) to work on /home/airflow/.local/lib/python3.8/site-packages/airflow/example_dags/example_sensors.py
[2026-07-16T05:45:52.600+0000] {processor.py:830} INFO - Processing file /home/airflow/.local/lib/python3.8/site-packages/airflow/example_dags/example_sensors.py for tasks to queue
[2026-07-16T05:45:52.601+0000] {logging_mixin.py:188} INFO - [2026-07-16T05:45:52.601+0000] {dagbag.py:538} INFO - Filling up the DagBag from /home/airflow/.local/lib/python3.8/site-packages/airflow/example_dags/example_sensors.py
[2026-07-16T05:45:52.609+0000] {processor.py:840} INFO - DAG(s) 'example_sensors' retrieved from /home/airflow/.local/lib/python3.8/site-packages/airflow/example_dags/example_sensors.py
[2026-07-16T05:45:52.626+0000] {logging_mixin.py:188} INFO - [2026-07-16T05:45:52.626+0000] {dag.py:3036} INFO - Sync 1 DAGs
[2026-07-16T05:45:52.634+0000] {logging_mixin.py:188} INFO - [2026-07-16T05:45:52.634+0000] {dag.py:3823} INFO - Setting next_dagrun for example_sensors to None, run_after=None
[2026-07-16T05:45:52.646+0000] {processor.py:183} INFO - Processing /home/airflow/.local/lib/python3.8/site-packages/airflow/example_dags/example_sensors.py took 0.049 seconds
[2026-07-16T05:46:23.630+0000] {processor.py:161} INFO - Started process (PID=2778) to work on /home/airflow/.local/lib/python3.8/site-packages/airflow/example_dags/example_sensors.py
[2026-07-16T05:46:23.631+0000] {processor.py:830} INFO - Processing file /home/airflow/.local/lib/python3.8/site-packages/airflow/example_dags/example_sensors.py for tasks to queue
[2026-07-16T05:46:23.632+0000] {logging_mixin.py:188} INFO - [2026-07-16T05:46:23.632+0000] {dagbag.py:538} INFO - Filling up the DagBag from /home/airflow/.local/lib/python3.8/site-packages/airflow/example_dags/example_sensors.py
[2026-07-16T05:46:23.639+0000] {processor.py:840} INFO - DAG(s) 'example_sensors' retrieved from /home/airflow/.local/lib/python3.8/site-packages/airflow/example_dags/example_sensors.py
[2026-07-16T05:46:23.657+0000] {logging_mixin.py:188} INFO - [2026-07-16T05:46:23.657+0000] {dag.py:3036} INFO - Sync 1 DAGs
[2026-07-16T05:46:23.668+0000] {logging_mixin.py:188} INFO - [2026-07-16T05:46:23.668+0000] {dag.py:3823} INFO - Setting next_dagrun for example_sensors to None, run_after=None
[2026-07-16T05:46:23.683+0000] {processor.py:183} INFO - Processing /home/airflow/.local/lib/python3.8/site-packages/airflow/example_dags/example_sensors.py took 0.055 seconds
[2026-07-16T05:46:53.876+0000] {processor.py:161} INFO - Started process (PID=2834) to work on /home/airflow/.local/lib/python3.8/site-packages/airflow/example_dags/example_sensors.py
[2026-07-16T05:46:53.877+0000] {processor.py:830} INFO - Processing file /home/airflow/.local/lib/python3.8/site-packages/airflow/example_dags/example_sensors.py for tasks to queue
[2026-07-16T05:46:53.879+0000] {logging_mixin.py:188} INFO - [2026-07-16T05:46:53.879+0000] {dagbag.py:538} INFO - Filling up the DagBag from /home/airflow/.local/lib/python3.8/site-packages/airflow/example_dags/example_sensors.py
[2026-07-16T05:46:53.886+0000] {processor.py:840} INFO - DAG(s) 'example_sensors' retrieved from /home/airflow/.local/lib/python3.8/site-packages/airflow/example_dags/example_sensors.py
[2026-07-16T05:46:53.905+0000] {logging_mixin.py:188} INFO - [2026-07-16T05:46:53.905+0000] {dag.py:3036} INFO - Sync 1 DAGs
[2026-07-16T05:46:53.913+0000] {logging_mixin.py:188} INFO - [2026-07-16T05:46:53.913+0000] {dag.py:3823} INFO - Setting next_dagrun for example_sensors to None, run_after=None
[2026-07-16T05:46:53.927+0000] {processor.py:183} INFO - Processing /home/airflow/.local/lib/python3.8/site-packages/airflow/example_dags/example_sensors.py took 0.053 seconds
[2026-07-16T05:47:24.648+0000] {processor.py:161} INFO - Started process (PID=2890) to work on /home/airflow/.local/lib/python3.8/site-packages/airflow/example_dags/example_sensors.py
[2026-07-16T05:47:24.649+0000] {processor.py:830} INFO - Processing file /home/airflow/.local/lib/python3.8/site-packages/airflow/example_dags/example_sensors.py for tasks to queue
[2026-07-16T05:47:24.650+0000] {logging_mixin.py:188} INFO - [2026-07-16T05:47:24.650+0000] {dagbag.py:538} INFO - Filling up the DagBag from /home/airflow/.local/lib/python3.8/site-packages/airflow/example_dags/example_sensors.py
[2026-07-16T05:47:24.657+0000] {processor.py:840} INFO - DAG(s) 'example_sensors' retrieved from /home/airflow/.local/lib/python3.8/site-packages/airflow/example_dags/example_sensors.py
[2026-07-16T05:47:24.673+0000] {logging_mixin.py:188} INFO - [2026-07-16T05:47:24.673+0000] {dag.py:3036} INFO - Sync 1 DAGs
[2026-07-16T05:47:24.682+0000] {logging_mixin.py:188} INFO - [2026-07-16T05:47:24.681+0000] {dag.py:3823} INFO - Setting next_dagrun for example_sensors to None, run_after=None
[2026-07-16T05:47:24.694+0000] {processor.py:183} INFO - Processing /home/airflow/.local/lib/python3.8/site-packages/airflow/example_dags/example_sensors.py took 0.049 seconds
[2026-07-16T05:47:54.805+0000] {processor.py:161} INFO - Started process (PID=2946) to work on /home/airflow/.local/lib/python3.8/site-packages/airflow/example_dags/example_sensors.py
[2026-07-16T05:47:54.807+0000] {processor.py:830} INFO - Processing file /home/airflow/.local/lib/python3.8/site-packages/airflow/example_dags/example_sensors.py for tasks to queue
[2026-07-16T05:47:54.809+0000] {logging_mixin.py:188} INFO - [2026-07-16T05:47:54.808+0000] {dagbag.py:538} INFO - Filling up the DagBag from /home/airflow/.local/lib/python3.8/site-packages/airflow/example_dags/example_sensors.py
[2026-07-16T05:47:54.818+0000] {processor.py:840} INFO - DAG(s) 'example_sensors' retrieved from /home/airflow/.local/lib/python3.8/site-packages/airflow/example_dags/example_sensors.py
[2026-07-16T05:47:54.844+0000] {logging_mixin.py:188} INFO - [2026-07-16T05:47:54.844+0000] {dag.py:3036} INFO - Sync 1 DAGs
[2026-07-16T05:47:54.855+0000] {logging_mixin.py:188} INFO - [2026-07-16T05:47:54.855+0000] {dag.py:3823} INFO - Setting next_dagrun for example_sensors to None, run_after=None
[2026-07-16T05:47:54.876+0000] {processor.py:183} INFO - Processing /home/airflow/.local/lib/python3.8/site-packages/airflow/example_dags/example_sensors.py took 0.074 seconds
[2026-07-16T05:48:25.516+0000] {processor.py:161} INFO - Started process (PID=3002) to work on /home/airflow/.local/lib/python3.8/site-packages/airflow/example_dags/example_sensors.py
[2026-07-16T05:48:25.518+0000] {processor.py:830} INFO - Processing file /home/airflow/.local/lib/python3.8/site-packages/airflow/example_dags/example_sensors.py for tasks to queue
[2026-07-16T05:48:25.520+0000] {logging_mixin.py:188} INFO - [2026-07-16T05:48:25.520+0000] {dagbag.py:538} INFO - Filling up the DagBag from /home/airflow/.local/lib/python3.8/site-packages/airflow/example_dags/example_sensors.py
[2026-07-16T05:48:25.532+0000] {processor.py:840} INFO - DAG(s) 'example_sensors' retrieved from /home/airflow/.local/lib/python3.8/site-packages/airflow/example_dags/example_sensors.py
[2026-07-16T05:48:25.559+0000] {logging_mixin.py:188} INFO - [2026-07-16T05:48:25.559+0000] {dag.py:3036} INFO - Sync 1 DAGs
[2026-07-16T05:48:25.571+0000] {logging_mixin.py:188} INFO - [2026-07-16T05:48:25.570+0000] {dag.py:3823} INFO - Setting next_dagrun for example_sensors to None, run_after=None
[2026-07-16T05:48:25.588+0000] {processor.py:183} INFO - Processing /home/airflow/.local/lib/python3.8/site-packages/airflow/example_dags/example_sensors.py took 0.076 seconds
