[2026-07-16T05:21:56.739+0000] {processor.py:161} INFO - Started process (PID=79) to work on /home/airflow/.local/lib/python3.8/site-packages/airflow/example_dags/example_branch_labels.py
[2026-07-16T05:21:56.741+0000] {processor.py:830} INFO - Processing file /home/airflow/.local/lib/python3.8/site-packages/airflow/example_dags/example_branch_labels.py for tasks to queue
[2026-07-16T05:21:56.744+0000] {logging_mixin.py:188} INFO - [2026-07-16T05:21:56.744+0000] {dagbag.py:538} INFO - Filling up the DagBag from /home/airflow/.local/lib/python3.8/site-packages/airflow/example_dags/example_branch_labels.py
[2026-07-16T05:21:56.763+0000] {processor.py:840} INFO - DAG(s) 'example_branch_labels' retrieved from /home/airflow/.local/lib/python3.8/site-packages/airflow/example_dags/example_branch_labels.py
[2026-07-16T05:21:56.929+0000] {logging_mixin.py:188} INFO - [2026-07-16T05:21:56.929+0000] {dag.py:3036} INFO - Sync 1 DAGs
[2026-07-16T05:21:56.961+0000] {logging_mixin.py:188} INFO - [2026-07-16T05:21:56.961+0000] {dag.py:3823} INFO - Setting next_dagrun for example_branch_labels to 2026-07-15 00:00:00+00:00, run_after=2026-07-16 00:00:00+00:00
[2026-07-16T05:21:56.994+0000] {processor.py:183} INFO - Processing /home/airflow/.local/lib/python3.8/site-packages/airflow/example_dags/example_branch_labels.py took 0.261 seconds
[2026-07-16T05:22:27.251+0000] {processor.py:161} INFO - Started process (PID=135) to work on /home/airflow/.local/lib/python3.8/site-packages/airflow/example_dags/example_branch_labels.py
[2026-07-16T05:22:27.257+0000] {processor.py:830} INFO - Processing file /home/airflow/.local/lib/python3.8/site-packages/airflow/example_dags/example_branch_labels.py for tasks to queue
[2026-07-16T05:22:27.262+0000] {logging_mixin.py:188} INFO - [2026-07-16T05:22:27.262+0000] {dagbag.py:538} INFO - Filling up the DagBag from /home/airflow/.local/lib/python3.8/site-packages/airflow/example_dags/example_branch_labels.py
[2026-07-16T05:22:27.288+0000] {processor.py:840} INFO - DAG(s) 'example_branch_labels' retrieved from /home/airflow/.local/lib/python3.8/site-packages/airflow/example_dags/example_branch_labels.py
[2026-07-16T05:22:27.345+0000] {logging_mixin.py:188} INFO - [2026-07-16T05:22:27.345+0000] {dag.py:3036} INFO - Sync 1 DAGs
[2026-07-16T05:22:27.412+0000] {logging_mixin.py:188} INFO - [2026-07-16T05:22:27.412+0000] {dag.py:3823} INFO - Setting next_dagrun for example_branch_labels to 2026-07-15 00:00:00+00:00, run_after=2026-07-16 00:00:00+00:00
[2026-07-16T05:22:27.463+0000] {processor.py:183} INFO - Processing /home/airflow/.local/lib/python3.8/site-packages/airflow/example_dags/example_branch_labels.py took 0.222 seconds
[2026-07-16T05:22:58.194+0000] {processor.py:161} INFO - Started process (PID=193) to work on /home/airflow/.local/lib/python3.8/site-packages/airflow/example_dags/example_branch_labels.py
[2026-07-16T05:22:58.213+0000] {processor.py:830} INFO - Processing file /home/airflow/.local/lib/python3.8/site-packages/airflow/example_dags/example_branch_labels.py for tasks to queue
[2026-07-16T05:22:58.223+0000] {logging_mixin.py:188} INFO - [2026-07-16T05:22:58.219+0000] {dagbag.py:538} INFO - Filling up the DagBag from /home/airflow/.local/lib/python3.8/site-packages/airflow/example_dags/example_branch_labels.py
[2026-07-16T05:22:58.272+0000] {processor.py:840} INFO - DAG(s) 'example_branch_labels' retrieved from /home/airflow/.local/lib/python3.8/site-packages/airflow/example_dags/example_branch_labels.py
[2026-07-16T05:22:58.430+0000] {logging_mixin.py:188} INFO - [2026-07-16T05:22:58.429+0000] {dag.py:3036} INFO - Sync 1 DAGs
[2026-07-16T05:22:58.520+0000] {logging_mixin.py:188} INFO - [2026-07-16T05:22:58.519+0000] {dag.py:3823} INFO - Setting next_dagrun for example_branch_labels to 2026-07-15 00:00:00+00:00, run_after=2026-07-16 00:00:00+00:00
[2026-07-16T05:22:58.611+0000] {processor.py:183} INFO - Processing /home/airflow/.local/lib/python3.8/site-packages/airflow/example_dags/example_branch_labels.py took 0.434 seconds
[2026-07-16T05:23:29.091+0000] {processor.py:161} INFO - Started process (PID=249) to work on /home/airflow/.local/lib/python3.8/site-packages/airflow/example_dags/example_branch_labels.py
[2026-07-16T05:23:29.094+0000] {processor.py:830} INFO - Processing file /home/airflow/.local/lib/python3.8/site-packages/airflow/example_dags/example_branch_labels.py for tasks to queue
[2026-07-16T05:23:29.097+0000] {logging_mixin.py:188} INFO - [2026-07-16T05:23:29.096+0000] {dagbag.py:538} INFO - Filling up the DagBag from /home/airflow/.local/lib/python3.8/site-packages/airflow/example_dags/example_branch_labels.py
[2026-07-16T05:23:29.112+0000] {processor.py:840} INFO - DAG(s) 'example_branch_labels' retrieved from /home/airflow/.local/lib/python3.8/site-packages/airflow/example_dags/example_branch_labels.py
[2026-07-16T05:23:29.142+0000] {logging_mixin.py:188} INFO - [2026-07-16T05:23:29.142+0000] {dag.py:3036} INFO - Sync 1 DAGs
[2026-07-16T05:23:29.172+0000] {logging_mixin.py:188} INFO - [2026-07-16T05:23:29.172+0000] {dag.py:3823} INFO - Setting next_dagrun for example_branch_labels to 2026-07-15 00:00:00+00:00, run_after=2026-07-16 00:00:00+00:00
[2026-07-16T05:23:29.196+0000] {processor.py:183} INFO - Processing /home/airflow/.local/lib/python3.8/site-packages/airflow/example_dags/example_branch_labels.py took 0.110 seconds
[2026-07-16T05:23:59.819+0000] {processor.py:161} INFO - Started process (PID=309) to work on /home/airflow/.local/lib/python3.8/site-packages/airflow/example_dags/example_branch_labels.py
[2026-07-16T05:23:59.823+0000] {processor.py:830} INFO - Processing file /home/airflow/.local/lib/python3.8/site-packages/airflow/example_dags/example_branch_labels.py for tasks to queue
[2026-07-16T05:23:59.831+0000] {logging_mixin.py:188} INFO - [2026-07-16T05:23:59.830+0000] {dagbag.py:538} INFO - Filling up the DagBag from /home/airflow/.local/lib/python3.8/site-packages/airflow/example_dags/example_branch_labels.py
[2026-07-16T05:23:59.866+0000] {processor.py:840} INFO - DAG(s) 'example_branch_labels' retrieved from /home/airflow/.local/lib/python3.8/site-packages/airflow/example_dags/example_branch_labels.py
[2026-07-16T05:23:59.950+0000] {logging_mixin.py:188} INFO - [2026-07-16T05:23:59.949+0000] {dag.py:3036} INFO - Sync 1 DAGs
[2026-07-16T05:24:00.064+0000] {logging_mixin.py:188} INFO - [2026-07-16T05:24:00.062+0000] {dag.py:3823} INFO - Setting next_dagrun for example_branch_labels to 2026-07-15 00:00:00+00:00, run_after=2026-07-16 00:00:00+00:00
[2026-07-16T05:24:00.161+0000] {processor.py:183} INFO - Processing /home/airflow/.local/lib/python3.8/site-packages/airflow/example_dags/example_branch_labels.py took 0.351 seconds
[2026-07-16T05:24:30.260+0000] {processor.py:161} INFO - Started process (PID=366) to work on /home/airflow/.local/lib/python3.8/site-packages/airflow/example_dags/example_branch_labels.py
[2026-07-16T05:24:30.264+0000] {processor.py:830} INFO - Processing file /home/airflow/.local/lib/python3.8/site-packages/airflow/example_dags/example_branch_labels.py for tasks to queue
[2026-07-16T05:24:30.268+0000] {logging_mixin.py:188} INFO - [2026-07-16T05:24:30.268+0000] {dagbag.py:538} INFO - Filling up the DagBag from /home/airflow/.local/lib/python3.8/site-packages/airflow/example_dags/example_branch_labels.py
[2026-07-16T05:24:30.288+0000] {processor.py:840} INFO - DAG(s) 'example_branch_labels' retrieved from /home/airflow/.local/lib/python3.8/site-packages/airflow/example_dags/example_branch_labels.py
[2026-07-16T05:24:30.343+0000] {logging_mixin.py:188} INFO - [2026-07-16T05:24:30.343+0000] {dag.py:3036} INFO - Sync 1 DAGs
[2026-07-16T05:24:30.391+0000] {logging_mixin.py:188} INFO - [2026-07-16T05:24:30.391+0000] {dag.py:3823} INFO - Setting next_dagrun for example_branch_labels to 2026-07-15 00:00:00+00:00, run_after=2026-07-16 00:00:00+00:00
[2026-07-16T05:24:30.425+0000] {processor.py:183} INFO - Processing /home/airflow/.local/lib/python3.8/site-packages/airflow/example_dags/example_branch_labels.py took 0.174 seconds
[2026-07-16T05:25:00.558+0000] {processor.py:161} INFO - Started process (PID=422) to work on /home/airflow/.local/lib/python3.8/site-packages/airflow/example_dags/example_branch_labels.py
[2026-07-16T05:25:00.561+0000] {processor.py:830} INFO - Processing file /home/airflow/.local/lib/python3.8/site-packages/airflow/example_dags/example_branch_labels.py for tasks to queue
[2026-07-16T05:25:00.566+0000] {logging_mixin.py:188} INFO - [2026-07-16T05:25:00.565+0000] {dagbag.py:538} INFO - Filling up the DagBag from /home/airflow/.local/lib/python3.8/site-packages/airflow/example_dags/example_branch_labels.py
[2026-07-16T05:25:00.585+0000] {processor.py:840} INFO - DAG(s) 'example_branch_labels' retrieved from /home/airflow/.local/lib/python3.8/site-packages/airflow/example_dags/example_branch_labels.py
[2026-07-16T05:25:00.628+0000] {logging_mixin.py:188} INFO - [2026-07-16T05:25:00.628+0000] {dag.py:3036} INFO - Sync 1 DAGs
[2026-07-16T05:25:00.671+0000] {logging_mixin.py:188} INFO - [2026-07-16T05:25:00.670+0000] {dag.py:3823} INFO - Setting next_dagrun for example_branch_labels to 2026-07-15 00:00:00+00:00, run_after=2026-07-16 00:00:00+00:00
[2026-07-16T05:25:00.702+0000] {processor.py:183} INFO - Processing /home/airflow/.local/lib/python3.8/site-packages/airflow/example_dags/example_branch_labels.py took 0.152 seconds
[2026-07-16T05:25:31.101+0000] {processor.py:161} INFO - Started process (PID=478) to work on /home/airflow/.local/lib/python3.8/site-packages/airflow/example_dags/example_branch_labels.py
[2026-07-16T05:25:31.103+0000] {processor.py:830} INFO - Processing file /home/airflow/.local/lib/python3.8/site-packages/airflow/example_dags/example_branch_labels.py for tasks to queue
[2026-07-16T05:25:31.105+0000] {logging_mixin.py:188} INFO - [2026-07-16T05:25:31.105+0000] {dagbag.py:538} INFO - Filling up the DagBag from /home/airflow/.local/lib/python3.8/site-packages/airflow/example_dags/example_branch_labels.py
[2026-07-16T05:25:31.118+0000] {processor.py:840} INFO - DAG(s) 'example_branch_labels' retrieved from /home/airflow/.local/lib/python3.8/site-packages/airflow/example_dags/example_branch_labels.py
[2026-07-16T05:25:31.152+0000] {logging_mixin.py:188} INFO - [2026-07-16T05:25:31.152+0000] {dag.py:3036} INFO - Sync 1 DAGs
[2026-07-16T05:25:31.187+0000] {logging_mixin.py:188} INFO - [2026-07-16T05:25:31.186+0000] {dag.py:3823} INFO - Setting next_dagrun for example_branch_labels to 2026-07-15 00:00:00+00:00, run_after=2026-07-16 00:00:00+00:00
[2026-07-16T05:25:31.217+0000] {processor.py:183} INFO - Processing /home/airflow/.local/lib/python3.8/site-packages/airflow/example_dags/example_branch_labels.py took 0.120 seconds
[2026-07-16T05:26:01.335+0000] {processor.py:161} INFO - Started process (PID=534) to work on /home/airflow/.local/lib/python3.8/site-packages/airflow/example_dags/example_branch_labels.py
[2026-07-16T05:26:01.337+0000] {processor.py:830} INFO - Processing file /home/airflow/.local/lib/python3.8/site-packages/airflow/example_dags/example_branch_labels.py for tasks to queue
[2026-07-16T05:26:01.339+0000] {logging_mixin.py:188} INFO - [2026-07-16T05:26:01.339+0000] {dagbag.py:538} INFO - Filling up the DagBag from /home/airflow/.local/lib/python3.8/site-packages/airflow/example_dags/example_branch_labels.py
[2026-07-16T05:26:01.348+0000] {processor.py:840} INFO - DAG(s) 'example_branch_labels' retrieved from /home/airflow/.local/lib/python3.8/site-packages/airflow/example_dags/example_branch_labels.py
[2026-07-16T05:26:01.381+0000] {logging_mixin.py:188} INFO - [2026-07-16T05:26:01.381+0000] {dag.py:3036} INFO - Sync 1 DAGs
[2026-07-16T05:26:01.412+0000] {logging_mixin.py:188} INFO - [2026-07-16T05:26:01.412+0000] {dag.py:3823} INFO - Setting next_dagrun for example_branch_labels to 2026-07-15 00:00:00+00:00, run_after=2026-07-16 00:00:00+00:00
[2026-07-16T05:26:01.436+0000] {processor.py:183} INFO - Processing /home/airflow/.local/lib/python3.8/site-packages/airflow/example_dags/example_branch_labels.py took 0.105 seconds
[2026-07-16T05:26:31.478+0000] {processor.py:161} INFO - Started process (PID=590) to work on /home/airflow/.local/lib/python3.8/site-packages/airflow/example_dags/example_branch_labels.py
[2026-07-16T05:26:31.480+0000] {processor.py:830} INFO - Processing file /home/airflow/.local/lib/python3.8/site-packages/airflow/example_dags/example_branch_labels.py for tasks to queue
[2026-07-16T05:26:31.482+0000] {logging_mixin.py:188} INFO - [2026-07-16T05:26:31.482+0000] {dagbag.py:538} INFO - Filling up the DagBag from /home/airflow/.local/lib/python3.8/site-packages/airflow/example_dags/example_branch_labels.py
[2026-07-16T05:26:31.494+0000] {processor.py:840} INFO - DAG(s) 'example_branch_labels' retrieved from /home/airflow/.local/lib/python3.8/site-packages/airflow/example_dags/example_branch_labels.py
[2026-07-16T05:26:31.521+0000] {logging_mixin.py:188} INFO - [2026-07-16T05:26:31.521+0000] {dag.py:3036} INFO - Sync 1 DAGs
[2026-07-16T05:26:31.551+0000] {logging_mixin.py:188} INFO - [2026-07-16T05:26:31.550+0000] {dag.py:3823} INFO - Setting next_dagrun for example_branch_labels to 2026-07-15 00:00:00+00:00, run_after=2026-07-16 00:00:00+00:00
[2026-07-16T05:26:31.577+0000] {processor.py:183} INFO - Processing /home/airflow/.local/lib/python3.8/site-packages/airflow/example_dags/example_branch_labels.py took 0.104 seconds
[2026-07-16T05:27:01.798+0000] {processor.py:161} INFO - Started process (PID=646) to work on /home/airflow/.local/lib/python3.8/site-packages/airflow/example_dags/example_branch_labels.py
[2026-07-16T05:27:01.801+0000] {processor.py:830} INFO - Processing file /home/airflow/.local/lib/python3.8/site-packages/airflow/example_dags/example_branch_labels.py for tasks to queue
[2026-07-16T05:27:01.803+0000] {logging_mixin.py:188} INFO - [2026-07-16T05:27:01.803+0000] {dagbag.py:538} INFO - Filling up the DagBag from /home/airflow/.local/lib/python3.8/site-packages/airflow/example_dags/example_branch_labels.py
[2026-07-16T05:27:01.813+0000] {processor.py:840} INFO - DAG(s) 'example_branch_labels' retrieved from /home/airflow/.local/lib/python3.8/site-packages/airflow/example_dags/example_branch_labels.py
[2026-07-16T05:27:01.840+0000] {logging_mixin.py:188} INFO - [2026-07-16T05:27:01.839+0000] {dag.py:3036} INFO - Sync 1 DAGs
[2026-07-16T05:27:01.864+0000] {logging_mixin.py:188} INFO - [2026-07-16T05:27:01.864+0000] {dag.py:3823} INFO - Setting next_dagrun for example_branch_labels to 2026-07-15 00:00:00+00:00, run_after=2026-07-16 00:00:00+00:00
[2026-07-16T05:27:01.887+0000] {processor.py:183} INFO - Processing /home/airflow/.local/lib/python3.8/site-packages/airflow/example_dags/example_branch_labels.py took 0.094 seconds
[2026-07-16T05:27:31.992+0000] {processor.py:161} INFO - Started process (PID=702) to work on /home/airflow/.local/lib/python3.8/site-packages/airflow/example_dags/example_branch_labels.py
[2026-07-16T05:27:31.994+0000] {processor.py:830} INFO - Processing file /home/airflow/.local/lib/python3.8/site-packages/airflow/example_dags/example_branch_labels.py for tasks to queue
[2026-07-16T05:27:31.996+0000] {logging_mixin.py:188} INFO - [2026-07-16T05:27:31.996+0000] {dagbag.py:538} INFO - Filling up the DagBag from /home/airflow/.local/lib/python3.8/site-packages/airflow/example_dags/example_branch_labels.py
[2026-07-16T05:27:32.006+0000] {processor.py:840} INFO - DAG(s) 'example_branch_labels' retrieved from /home/airflow/.local/lib/python3.8/site-packages/airflow/example_dags/example_branch_labels.py
[2026-07-16T05:27:32.032+0000] {logging_mixin.py:188} INFO - [2026-07-16T05:27:32.032+0000] {dag.py:3036} INFO - Sync 1 DAGs
[2026-07-16T05:27:32.059+0000] {logging_mixin.py:188} INFO - [2026-07-16T05:27:32.059+0000] {dag.py:3823} INFO - Setting next_dagrun for example_branch_labels to 2026-07-15 00:00:00+00:00, run_after=2026-07-16 00:00:00+00:00
[2026-07-16T05:27:32.087+0000] {processor.py:183} INFO - Processing /home/airflow/.local/lib/python3.8/site-packages/airflow/example_dags/example_branch_labels.py took 0.099 seconds
[2026-07-16T05:28:02.356+0000] {processor.py:161} INFO - Started process (PID=758) to work on /home/airflow/.local/lib/python3.8/site-packages/airflow/example_dags/example_branch_labels.py
[2026-07-16T05:28:02.357+0000] {processor.py:830} INFO - Processing file /home/airflow/.local/lib/python3.8/site-packages/airflow/example_dags/example_branch_labels.py for tasks to queue
[2026-07-16T05:28:02.359+0000] {logging_mixin.py:188} INFO - [2026-07-16T05:28:02.359+0000] {dagbag.py:538} INFO - Filling up the DagBag from /home/airflow/.local/lib/python3.8/site-packages/airflow/example_dags/example_branch_labels.py
[2026-07-16T05:28:02.369+0000] {processor.py:840} INFO - DAG(s) 'example_branch_labels' retrieved from /home/airflow/.local/lib/python3.8/site-packages/airflow/example_dags/example_branch_labels.py
[2026-07-16T05:28:02.395+0000] {logging_mixin.py:188} INFO - [2026-07-16T05:28:02.394+0000] {dag.py:3036} INFO - Sync 1 DAGs
[2026-07-16T05:28:02.422+0000] {logging_mixin.py:188} INFO - [2026-07-16T05:28:02.422+0000] {dag.py:3823} INFO - Setting next_dagrun for example_branch_labels to 2026-07-15 00:00:00+00:00, run_after=2026-07-16 00:00:00+00:00
[2026-07-16T05:28:02.446+0000] {processor.py:183} INFO - Processing /home/airflow/.local/lib/python3.8/site-packages/airflow/example_dags/example_branch_labels.py took 0.096 seconds
[2026-07-16T05:28:33.964+0000] {processor.py:161} INFO - Started process (PID=814) to work on /home/airflow/.local/lib/python3.8/site-packages/airflow/example_dags/example_branch_labels.py
[2026-07-16T05:28:33.967+0000] {processor.py:830} INFO - Processing file /home/airflow/.local/lib/python3.8/site-packages/airflow/example_dags/example_branch_labels.py for tasks to queue
[2026-07-16T05:28:33.975+0000] {logging_mixin.py:188} INFO - [2026-07-16T05:28:33.974+0000] {dagbag.py:538} INFO - Filling up the DagBag from /home/airflow/.local/lib/python3.8/site-packages/airflow/example_dags/example_branch_labels.py
[2026-07-16T05:28:34.003+0000] {processor.py:840} INFO - DAG(s) 'example_branch_labels' retrieved from /home/airflow/.local/lib/python3.8/site-packages/airflow/example_dags/example_branch_labels.py
[2026-07-16T05:28:34.066+0000] {logging_mixin.py:188} INFO - [2026-07-16T05:28:34.066+0000] {dag.py:3036} INFO - Sync 1 DAGs
[2026-07-16T05:28:34.150+0000] {logging_mixin.py:188} INFO - [2026-07-16T05:28:34.148+0000] {dag.py:3823} INFO - Setting next_dagrun for example_branch_labels to 2026-07-15 00:00:00+00:00, run_after=2026-07-16 00:00:00+00:00
[2026-07-16T05:28:34.242+0000] {processor.py:183} INFO - Processing /home/airflow/.local/lib/python3.8/site-packages/airflow/example_dags/example_branch_labels.py took 0.295 seconds
[2026-07-16T05:29:04.955+0000] {processor.py:161} INFO - Started process (PID=870) to work on /home/airflow/.local/lib/python3.8/site-packages/airflow/example_dags/example_branch_labels.py
[2026-07-16T05:29:04.961+0000] {processor.py:830} INFO - Processing file /home/airflow/.local/lib/python3.8/site-packages/airflow/example_dags/example_branch_labels.py for tasks to queue
[2026-07-16T05:29:04.967+0000] {logging_mixin.py:188} INFO - [2026-07-16T05:29:04.966+0000] {dagbag.py:538} INFO - Filling up the DagBag from /home/airflow/.local/lib/python3.8/site-packages/airflow/example_dags/example_branch_labels.py
[2026-07-16T05:29:04.986+0000] {processor.py:840} INFO - DAG(s) 'example_branch_labels' retrieved from /home/airflow/.local/lib/python3.8/site-packages/airflow/example_dags/example_branch_labels.py
[2026-07-16T05:29:05.034+0000] {logging_mixin.py:188} INFO - [2026-07-16T05:29:05.034+0000] {dag.py:3036} INFO - Sync 1 DAGs
[2026-07-16T05:29:05.088+0000] {logging_mixin.py:188} INFO - [2026-07-16T05:29:05.088+0000] {dag.py:3823} INFO - Setting next_dagrun for example_branch_labels to 2026-07-15 00:00:00+00:00, run_after=2026-07-16 00:00:00+00:00
[2026-07-16T05:29:05.134+0000] {processor.py:183} INFO - Processing /home/airflow/.local/lib/python3.8/site-packages/airflow/example_dags/example_branch_labels.py took 0.188 seconds
[2026-07-16T05:29:35.577+0000] {processor.py:161} INFO - Started process (PID=926) to work on /home/airflow/.local/lib/python3.8/site-packages/airflow/example_dags/example_branch_labels.py
[2026-07-16T05:29:35.579+0000] {processor.py:830} INFO - Processing file /home/airflow/.local/lib/python3.8/site-packages/airflow/example_dags/example_branch_labels.py for tasks to queue
[2026-07-16T05:29:35.585+0000] {logging_mixin.py:188} INFO - [2026-07-16T05:29:35.584+0000] {dagbag.py:538} INFO - Filling up the DagBag from /home/airflow/.local/lib/python3.8/site-packages/airflow/example_dags/example_branch_labels.py
[2026-07-16T05:29:35.609+0000] {processor.py:840} INFO - DAG(s) 'example_branch_labels' retrieved from /home/airflow/.local/lib/python3.8/site-packages/airflow/example_dags/example_branch_labels.py
[2026-07-16T05:29:35.668+0000] {logging_mixin.py:188} INFO - [2026-07-16T05:29:35.667+0000] {dag.py:3036} INFO - Sync 1 DAGs
[2026-07-16T05:29:35.724+0000] {logging_mixin.py:188} INFO - [2026-07-16T05:29:35.723+0000] {dag.py:3823} INFO - Setting next_dagrun for example_branch_labels to 2026-07-15 00:00:00+00:00, run_after=2026-07-16 00:00:00+00:00
[2026-07-16T05:29:35.785+0000] {processor.py:183} INFO - Processing /home/airflow/.local/lib/python3.8/site-packages/airflow/example_dags/example_branch_labels.py took 0.221 seconds
[2026-07-16T05:30:05.892+0000] {processor.py:161} INFO - Started process (PID=982) to work on /home/airflow/.local/lib/python3.8/site-packages/airflow/example_dags/example_branch_labels.py
[2026-07-16T05:30:05.895+0000] {processor.py:830} INFO - Processing file /home/airflow/.local/lib/python3.8/site-packages/airflow/example_dags/example_branch_labels.py for tasks to queue
[2026-07-16T05:30:05.902+0000] {logging_mixin.py:188} INFO - [2026-07-16T05:30:05.901+0000] {dagbag.py:538} INFO - Filling up the DagBag from /home/airflow/.local/lib/python3.8/site-packages/airflow/example_dags/example_branch_labels.py
[2026-07-16T05:30:05.920+0000] {processor.py:840} INFO - DAG(s) 'example_branch_labels' retrieved from /home/airflow/.local/lib/python3.8/site-packages/airflow/example_dags/example_branch_labels.py
[2026-07-16T05:30:05.984+0000] {logging_mixin.py:188} INFO - [2026-07-16T05:30:05.983+0000] {dag.py:3036} INFO - Sync 1 DAGs
[2026-07-16T05:30:06.051+0000] {logging_mixin.py:188} INFO - [2026-07-16T05:30:06.050+0000] {dag.py:3823} INFO - Setting next_dagrun for example_branch_labels to 2026-07-15 00:00:00+00:00, run_after=2026-07-16 00:00:00+00:00
[2026-07-16T05:30:06.112+0000] {processor.py:183} INFO - Processing /home/airflow/.local/lib/python3.8/site-packages/airflow/example_dags/example_branch_labels.py took 0.227 seconds
[2026-07-16T05:30:36.941+0000] {processor.py:161} INFO - Started process (PID=1038) to work on /home/airflow/.local/lib/python3.8/site-packages/airflow/example_dags/example_branch_labels.py
[2026-07-16T05:30:36.943+0000] {processor.py:830} INFO - Processing file /home/airflow/.local/lib/python3.8/site-packages/airflow/example_dags/example_branch_labels.py for tasks to queue
[2026-07-16T05:30:36.947+0000] {logging_mixin.py:188} INFO - [2026-07-16T05:30:36.946+0000] {dagbag.py:538} INFO - Filling up the DagBag from /home/airflow/.local/lib/python3.8/site-packages/airflow/example_dags/example_branch_labels.py
[2026-07-16T05:30:36.956+0000] {processor.py:840} INFO - DAG(s) 'example_branch_labels' retrieved from /home/airflow/.local/lib/python3.8/site-packages/airflow/example_dags/example_branch_labels.py
[2026-07-16T05:30:36.986+0000] {logging_mixin.py:188} INFO - [2026-07-16T05:30:36.986+0000] {dag.py:3036} INFO - Sync 1 DAGs
[2026-07-16T05:30:37.018+0000] {logging_mixin.py:188} INFO - [2026-07-16T05:30:37.018+0000] {dag.py:3823} INFO - Setting next_dagrun for example_branch_labels to 2026-07-15 00:00:00+00:00, run_after=2026-07-16 00:00:00+00:00
[2026-07-16T05:30:37.053+0000] {processor.py:183} INFO - Processing /home/airflow/.local/lib/python3.8/site-packages/airflow/example_dags/example_branch_labels.py took 0.116 seconds
[2026-07-16T05:31:07.889+0000] {processor.py:161} INFO - Started process (PID=1094) to work on /home/airflow/.local/lib/python3.8/site-packages/airflow/example_dags/example_branch_labels.py
[2026-07-16T05:31:07.891+0000] {processor.py:830} INFO - Processing file /home/airflow/.local/lib/python3.8/site-packages/airflow/example_dags/example_branch_labels.py for tasks to queue
[2026-07-16T05:31:07.895+0000] {logging_mixin.py:188} INFO - [2026-07-16T05:31:07.894+0000] {dagbag.py:538} INFO - Filling up the DagBag from /home/airflow/.local/lib/python3.8/site-packages/airflow/example_dags/example_branch_labels.py
[2026-07-16T05:31:07.905+0000] {processor.py:840} INFO - DAG(s) 'example_branch_labels' retrieved from /home/airflow/.local/lib/python3.8/site-packages/airflow/example_dags/example_branch_labels.py
[2026-07-16T05:31:07.938+0000] {logging_mixin.py:188} INFO - [2026-07-16T05:31:07.938+0000] {dag.py:3036} INFO - Sync 1 DAGs
[2026-07-16T05:31:07.961+0000] {logging_mixin.py:188} INFO - [2026-07-16T05:31:07.960+0000] {dag.py:3823} INFO - Setting next_dagrun for example_branch_labels to 2026-07-15 00:00:00+00:00, run_after=2026-07-16 00:00:00+00:00
[2026-07-16T05:31:07.987+0000] {processor.py:183} INFO - Processing /home/airflow/.local/lib/python3.8/site-packages/airflow/example_dags/example_branch_labels.py took 0.103 seconds
[2026-07-16T05:31:38.434+0000] {processor.py:161} INFO - Started process (PID=1150) to work on /home/airflow/.local/lib/python3.8/site-packages/airflow/example_dags/example_branch_labels.py
[2026-07-16T05:31:38.437+0000] {processor.py:830} INFO - Processing file /home/airflow/.local/lib/python3.8/site-packages/airflow/example_dags/example_branch_labels.py for tasks to queue
[2026-07-16T05:31:38.438+0000] {logging_mixin.py:188} INFO - [2026-07-16T05:31:38.438+0000] {dagbag.py:538} INFO - Filling up the DagBag from /home/airflow/.local/lib/python3.8/site-packages/airflow/example_dags/example_branch_labels.py
[2026-07-16T05:31:38.445+0000] {processor.py:840} INFO - DAG(s) 'example_branch_labels' retrieved from /home/airflow/.local/lib/python3.8/site-packages/airflow/example_dags/example_branch_labels.py
[2026-07-16T05:31:38.462+0000] {logging_mixin.py:188} INFO - [2026-07-16T05:31:38.462+0000] {dag.py:3036} INFO - Sync 1 DAGs
[2026-07-16T05:31:38.482+0000] {logging_mixin.py:188} INFO - [2026-07-16T05:31:38.482+0000] {dag.py:3823} INFO - Setting next_dagrun for example_branch_labels to 2026-07-15 00:00:00+00:00, run_after=2026-07-16 00:00:00+00:00
[2026-07-16T05:31:38.496+0000] {processor.py:183} INFO - Processing /home/airflow/.local/lib/python3.8/site-packages/airflow/example_dags/example_branch_labels.py took 0.065 seconds
[2026-07-16T05:32:09.114+0000] {processor.py:161} INFO - Started process (PID=1206) to work on /home/airflow/.local/lib/python3.8/site-packages/airflow/example_dags/example_branch_labels.py
[2026-07-16T05:32:09.116+0000] {processor.py:830} INFO - Processing file /home/airflow/.local/lib/python3.8/site-packages/airflow/example_dags/example_branch_labels.py for tasks to queue
[2026-07-16T05:32:09.119+0000] {logging_mixin.py:188} INFO - [2026-07-16T05:32:09.119+0000] {dagbag.py:538} INFO - Filling up the DagBag from /home/airflow/.local/lib/python3.8/site-packages/airflow/example_dags/example_branch_labels.py
[2026-07-16T05:32:09.129+0000] {processor.py:840} INFO - DAG(s) 'example_branch_labels' retrieved from /home/airflow/.local/lib/python3.8/site-packages/airflow/example_dags/example_branch_labels.py
[2026-07-16T05:32:09.145+0000] {logging_mixin.py:188} INFO - [2026-07-16T05:32:09.145+0000] {dag.py:3036} INFO - Sync 1 DAGs
[2026-07-16T05:32:09.161+0000] {logging_mixin.py:188} INFO - [2026-07-16T05:32:09.161+0000] {dag.py:3823} INFO - Setting next_dagrun for example_branch_labels to 2026-07-15 00:00:00+00:00, run_after=2026-07-16 00:00:00+00:00
[2026-07-16T05:32:09.174+0000] {processor.py:183} INFO - Processing /home/airflow/.local/lib/python3.8/site-packages/airflow/example_dags/example_branch_labels.py took 0.064 seconds
[2026-07-16T05:32:39.680+0000] {processor.py:161} INFO - Started process (PID=1262) to work on /home/airflow/.local/lib/python3.8/site-packages/airflow/example_dags/example_branch_labels.py
[2026-07-16T05:32:39.683+0000] {processor.py:830} INFO - Processing file /home/airflow/.local/lib/python3.8/site-packages/airflow/example_dags/example_branch_labels.py for tasks to queue
[2026-07-16T05:32:39.684+0000] {logging_mixin.py:188} INFO - [2026-07-16T05:32:39.684+0000] {dagbag.py:538} INFO - Filling up the DagBag from /home/airflow/.local/lib/python3.8/site-packages/airflow/example_dags/example_branch_labels.py
[2026-07-16T05:32:39.690+0000] {processor.py:840} INFO - DAG(s) 'example_branch_labels' retrieved from /home/airflow/.local/lib/python3.8/site-packages/airflow/example_dags/example_branch_labels.py
[2026-07-16T05:32:39.704+0000] {logging_mixin.py:188} INFO - [2026-07-16T05:32:39.704+0000] {dag.py:3036} INFO - Sync 1 DAGs
[2026-07-16T05:32:39.719+0000] {logging_mixin.py:188} INFO - [2026-07-16T05:32:39.719+0000] {dag.py:3823} INFO - Setting next_dagrun for example_branch_labels to 2026-07-15 00:00:00+00:00, run_after=2026-07-16 00:00:00+00:00
[2026-07-16T05:32:39.734+0000] {processor.py:183} INFO - Processing /home/airflow/.local/lib/python3.8/site-packages/airflow/example_dags/example_branch_labels.py took 0.056 seconds
[2026-07-16T05:33:10.298+0000] {processor.py:161} INFO - Started process (PID=1318) to work on /home/airflow/.local/lib/python3.8/site-packages/airflow/example_dags/example_branch_labels.py
[2026-07-16T05:33:10.303+0000] {processor.py:830} INFO - Processing file /home/airflow/.local/lib/python3.8/site-packages/airflow/example_dags/example_branch_labels.py for tasks to queue
[2026-07-16T05:33:10.306+0000] {logging_mixin.py:188} INFO - [2026-07-16T05:33:10.306+0000] {dagbag.py:538} INFO - Filling up the DagBag from /home/airflow/.local/lib/python3.8/site-packages/airflow/example_dags/example_branch_labels.py
[2026-07-16T05:33:10.325+0000] {processor.py:840} INFO - DAG(s) 'example_branch_labels' retrieved from /home/airflow/.local/lib/python3.8/site-packages/airflow/example_dags/example_branch_labels.py
[2026-07-16T05:33:10.368+0000] {logging_mixin.py:188} INFO - [2026-07-16T05:33:10.367+0000] {dag.py:3036} INFO - Sync 1 DAGs
[2026-07-16T05:33:10.420+0000] {logging_mixin.py:188} INFO - [2026-07-16T05:33:10.420+0000] {dag.py:3823} INFO - Setting next_dagrun for example_branch_labels to 2026-07-15 00:00:00+00:00, run_after=2026-07-16 00:00:00+00:00
[2026-07-16T05:33:10.468+0000] {processor.py:183} INFO - Processing /home/airflow/.local/lib/python3.8/site-packages/airflow/example_dags/example_branch_labels.py took 0.177 seconds
[2026-07-16T05:33:41.073+0000] {processor.py:161} INFO - Started process (PID=1374) to work on /home/airflow/.local/lib/python3.8/site-packages/airflow/example_dags/example_branch_labels.py
[2026-07-16T05:33:41.074+0000] {processor.py:830} INFO - Processing file /home/airflow/.local/lib/python3.8/site-packages/airflow/example_dags/example_branch_labels.py for tasks to queue
[2026-07-16T05:33:41.077+0000] {logging_mixin.py:188} INFO - [2026-07-16T05:33:41.076+0000] {dagbag.py:538} INFO - Filling up the DagBag from /home/airflow/.local/lib/python3.8/site-packages/airflow/example_dags/example_branch_labels.py
[2026-07-16T05:33:41.085+0000] {processor.py:840} INFO - DAG(s) 'example_branch_labels' retrieved from /home/airflow/.local/lib/python3.8/site-packages/airflow/example_dags/example_branch_labels.py
[2026-07-16T05:33:41.105+0000] {logging_mixin.py:188} INFO - [2026-07-16T05:33:41.105+0000] {dag.py:3036} INFO - Sync 1 DAGs
[2026-07-16T05:33:41.125+0000] {logging_mixin.py:188} INFO - [2026-07-16T05:33:41.125+0000] {dag.py:3823} INFO - Setting next_dagrun for example_branch_labels to 2026-07-15 00:00:00+00:00, run_after=2026-07-16 00:00:00+00:00
[2026-07-16T05:33:41.143+0000] {processor.py:183} INFO - Processing /home/airflow/.local/lib/python3.8/site-packages/airflow/example_dags/example_branch_labels.py took 0.073 seconds
[2026-07-16T05:34:11.572+0000] {processor.py:161} INFO - Started process (PID=1430) to work on /home/airflow/.local/lib/python3.8/site-packages/airflow/example_dags/example_branch_labels.py
[2026-07-16T05:34:11.573+0000] {processor.py:830} INFO - Processing file /home/airflow/.local/lib/python3.8/site-packages/airflow/example_dags/example_branch_labels.py for tasks to queue
[2026-07-16T05:34:11.575+0000] {logging_mixin.py:188} INFO - [2026-07-16T05:34:11.575+0000] {dagbag.py:538} INFO - Filling up the DagBag from /home/airflow/.local/lib/python3.8/site-packages/airflow/example_dags/example_branch_labels.py
[2026-07-16T05:34:11.584+0000] {processor.py:840} INFO - DAG(s) 'example_branch_labels' retrieved from /home/airflow/.local/lib/python3.8/site-packages/airflow/example_dags/example_branch_labels.py
[2026-07-16T05:34:11.604+0000] {logging_mixin.py:188} INFO - [2026-07-16T05:34:11.603+0000] {dag.py:3036} INFO - Sync 1 DAGs
[2026-07-16T05:34:11.653+0000] {logging_mixin.py:188} INFO - [2026-07-16T05:34:11.653+0000] {dag.py:3823} INFO - Setting next_dagrun for example_branch_labels to 2026-07-15 00:00:00+00:00, run_after=2026-07-16 00:00:00+00:00
[2026-07-16T05:34:11.691+0000] {processor.py:183} INFO - Processing /home/airflow/.local/lib/python3.8/site-packages/airflow/example_dags/example_branch_labels.py took 0.123 seconds
[2026-07-16T05:34:41.878+0000] {processor.py:161} INFO - Started process (PID=1486) to work on /home/airflow/.local/lib/python3.8/site-packages/airflow/example_dags/example_branch_labels.py
[2026-07-16T05:34:41.881+0000] {processor.py:830} INFO - Processing file /home/airflow/.local/lib/python3.8/site-packages/airflow/example_dags/example_branch_labels.py for tasks to queue
[2026-07-16T05:34:41.882+0000] {logging_mixin.py:188} INFO - [2026-07-16T05:34:41.882+0000] {dagbag.py:538} INFO - Filling up the DagBag from /home/airflow/.local/lib/python3.8/site-packages/airflow/example_dags/example_branch_labels.py
[2026-07-16T05:34:41.890+0000] {processor.py:840} INFO - DAG(s) 'example_branch_labels' retrieved from /home/airflow/.local/lib/python3.8/site-packages/airflow/example_dags/example_branch_labels.py
[2026-07-16T05:34:41.915+0000] {logging_mixin.py:188} INFO - [2026-07-16T05:34:41.915+0000] {dag.py:3036} INFO - Sync 1 DAGs
[2026-07-16T05:34:41.941+0000] {logging_mixin.py:188} INFO - [2026-07-16T05:34:41.940+0000] {dag.py:3823} INFO - Setting next_dagrun for example_branch_labels to 2026-07-15 00:00:00+00:00, run_after=2026-07-16 00:00:00+00:00
[2026-07-16T05:34:41.963+0000] {processor.py:183} INFO - Processing /home/airflow/.local/lib/python3.8/site-packages/airflow/example_dags/example_branch_labels.py took 0.089 seconds
[2026-07-16T05:35:12.365+0000] {processor.py:161} INFO - Started process (PID=1542) to work on /home/airflow/.local/lib/python3.8/site-packages/airflow/example_dags/example_branch_labels.py
[2026-07-16T05:35:12.368+0000] {processor.py:830} INFO - Processing file /home/airflow/.local/lib/python3.8/site-packages/airflow/example_dags/example_branch_labels.py for tasks to queue
[2026-07-16T05:35:12.370+0000] {logging_mixin.py:188} INFO - [2026-07-16T05:35:12.369+0000] {dagbag.py:538} INFO - Filling up the DagBag from /home/airflow/.local/lib/python3.8/site-packages/airflow/example_dags/example_branch_labels.py
[2026-07-16T05:35:12.377+0000] {processor.py:840} INFO - DAG(s) 'example_branch_labels' retrieved from /home/airflow/.local/lib/python3.8/site-packages/airflow/example_dags/example_branch_labels.py
[2026-07-16T05:35:12.393+0000] {logging_mixin.py:188} INFO - [2026-07-16T05:35:12.393+0000] {dag.py:3036} INFO - Sync 1 DAGs
[2026-07-16T05:35:12.411+0000] {logging_mixin.py:188} INFO - [2026-07-16T05:35:12.411+0000] {dag.py:3823} INFO - Setting next_dagrun for example_branch_labels to 2026-07-15 00:00:00+00:00, run_after=2026-07-16 00:00:00+00:00
[2026-07-16T05:35:12.424+0000] {processor.py:183} INFO - Processing /home/airflow/.local/lib/python3.8/site-packages/airflow/example_dags/example_branch_labels.py took 0.063 seconds
[2026-07-16T05:35:43.114+0000] {processor.py:161} INFO - Started process (PID=1598) to work on /home/airflow/.local/lib/python3.8/site-packages/airflow/example_dags/example_branch_labels.py
[2026-07-16T05:35:43.117+0000] {processor.py:830} INFO - Processing file /home/airflow/.local/lib/python3.8/site-packages/airflow/example_dags/example_branch_labels.py for tasks to queue
[2026-07-16T05:35:43.119+0000] {logging_mixin.py:188} INFO - [2026-07-16T05:35:43.118+0000] {dagbag.py:538} INFO - Filling up the DagBag from /home/airflow/.local/lib/python3.8/site-packages/airflow/example_dags/example_branch_labels.py
[2026-07-16T05:35:43.126+0000] {processor.py:840} INFO - DAG(s) 'example_branch_labels' retrieved from /home/airflow/.local/lib/python3.8/site-packages/airflow/example_dags/example_branch_labels.py
[2026-07-16T05:35:43.142+0000] {logging_mixin.py:188} INFO - [2026-07-16T05:35:43.142+0000] {dag.py:3036} INFO - Sync 1 DAGs
[2026-07-16T05:35:43.162+0000] {logging_mixin.py:188} INFO - [2026-07-16T05:35:43.162+0000] {dag.py:3823} INFO - Setting next_dagrun for example_branch_labels to 2026-07-15 00:00:00+00:00, run_after=2026-07-16 00:00:00+00:00
[2026-07-16T05:35:43.176+0000] {processor.py:183} INFO - Processing /home/airflow/.local/lib/python3.8/site-packages/airflow/example_dags/example_branch_labels.py took 0.065 seconds
[2026-07-16T05:36:13.340+0000] {processor.py:161} INFO - Started process (PID=1654) to work on /home/airflow/.local/lib/python3.8/site-packages/airflow/example_dags/example_branch_labels.py
[2026-07-16T05:36:13.343+0000] {processor.py:830} INFO - Processing file /home/airflow/.local/lib/python3.8/site-packages/airflow/example_dags/example_branch_labels.py for tasks to queue
[2026-07-16T05:36:13.345+0000] {logging_mixin.py:188} INFO - [2026-07-16T05:36:13.344+0000] {dagbag.py:538} INFO - Filling up the DagBag from /home/airflow/.local/lib/python3.8/site-packages/airflow/example_dags/example_branch_labels.py
[2026-07-16T05:36:13.352+0000] {processor.py:840} INFO - DAG(s) 'example_branch_labels' retrieved from /home/airflow/.local/lib/python3.8/site-packages/airflow/example_dags/example_branch_labels.py
[2026-07-16T05:36:13.374+0000] {logging_mixin.py:188} INFO - [2026-07-16T05:36:13.373+0000] {dag.py:3036} INFO - Sync 1 DAGs
[2026-07-16T05:36:13.393+0000] {logging_mixin.py:188} INFO - [2026-07-16T05:36:13.393+0000] {dag.py:3823} INFO - Setting next_dagrun for example_branch_labels to 2026-07-15 00:00:00+00:00, run_after=2026-07-16 00:00:00+00:00
[2026-07-16T05:36:13.413+0000] {processor.py:183} INFO - Processing /home/airflow/.local/lib/python3.8/site-packages/airflow/example_dags/example_branch_labels.py took 0.076 seconds
[2026-07-16T05:36:43.757+0000] {processor.py:161} INFO - Started process (PID=1711) to work on /home/airflow/.local/lib/python3.8/site-packages/airflow/example_dags/example_branch_labels.py
[2026-07-16T05:36:43.758+0000] {processor.py:830} INFO - Processing file /home/airflow/.local/lib/python3.8/site-packages/airflow/example_dags/example_branch_labels.py for tasks to queue
[2026-07-16T05:36:43.760+0000] {logging_mixin.py:188} INFO - [2026-07-16T05:36:43.760+0000] {dagbag.py:538} INFO - Filling up the DagBag from /home/airflow/.local/lib/python3.8/site-packages/airflow/example_dags/example_branch_labels.py
[2026-07-16T05:36:43.772+0000] {processor.py:840} INFO - DAG(s) 'example_branch_labels' retrieved from /home/airflow/.local/lib/python3.8/site-packages/airflow/example_dags/example_branch_labels.py
[2026-07-16T05:36:43.800+0000] {logging_mixin.py:188} INFO - [2026-07-16T05:36:43.799+0000] {dag.py:3036} INFO - Sync 1 DAGs
[2026-07-16T05:36:43.821+0000] {logging_mixin.py:188} INFO - [2026-07-16T05:36:43.821+0000] {dag.py:3823} INFO - Setting next_dagrun for example_branch_labels to 2026-07-15 00:00:00+00:00, run_after=2026-07-16 00:00:00+00:00
[2026-07-16T05:36:43.843+0000] {processor.py:183} INFO - Processing /home/airflow/.local/lib/python3.8/site-packages/airflow/example_dags/example_branch_labels.py took 0.090 seconds
[2026-07-16T05:37:13.911+0000] {processor.py:161} INFO - Started process (PID=1765) to work on /home/airflow/.local/lib/python3.8/site-packages/airflow/example_dags/example_branch_labels.py
[2026-07-16T05:37:13.916+0000] {processor.py:830} INFO - Processing file /home/airflow/.local/lib/python3.8/site-packages/airflow/example_dags/example_branch_labels.py for tasks to queue
[2026-07-16T05:37:13.920+0000] {logging_mixin.py:188} INFO - [2026-07-16T05:37:13.920+0000] {dagbag.py:538} INFO - Filling up the DagBag from /home/airflow/.local/lib/python3.8/site-packages/airflow/example_dags/example_branch_labels.py
[2026-07-16T05:37:13.943+0000] {processor.py:840} INFO - DAG(s) 'example_branch_labels' retrieved from /home/airflow/.local/lib/python3.8/site-packages/airflow/example_dags/example_branch_labels.py
[2026-07-16T05:37:13.981+0000] {logging_mixin.py:188} INFO - [2026-07-16T05:37:13.980+0000] {dag.py:3036} INFO - Sync 1 DAGs
[2026-07-16T05:37:14.016+0000] {logging_mixin.py:188} INFO - [2026-07-16T05:37:14.016+0000] {dag.py:3823} INFO - Setting next_dagrun for example_branch_labels to 2026-07-15 00:00:00+00:00, run_after=2026-07-16 00:00:00+00:00
[2026-07-16T05:37:14.046+0000] {processor.py:183} INFO - Processing /home/airflow/.local/lib/python3.8/site-packages/airflow/example_dags/example_branch_labels.py took 0.144 seconds
[2026-07-16T05:37:44.445+0000] {processor.py:161} INFO - Started process (PID=1821) to work on /home/airflow/.local/lib/python3.8/site-packages/airflow/example_dags/example_branch_labels.py
[2026-07-16T05:37:44.446+0000] {processor.py:830} INFO - Processing file /home/airflow/.local/lib/python3.8/site-packages/airflow/example_dags/example_branch_labels.py for tasks to queue
[2026-07-16T05:37:44.449+0000] {logging_mixin.py:188} INFO - [2026-07-16T05:37:44.449+0000] {dagbag.py:538} INFO - Filling up the DagBag from /home/airflow/.local/lib/python3.8/site-packages/airflow/example_dags/example_branch_labels.py
[2026-07-16T05:37:44.458+0000] {processor.py:840} INFO - DAG(s) 'example_branch_labels' retrieved from /home/airflow/.local/lib/python3.8/site-packages/airflow/example_dags/example_branch_labels.py
[2026-07-16T05:37:44.479+0000] {logging_mixin.py:188} INFO - [2026-07-16T05:37:44.479+0000] {dag.py:3036} INFO - Sync 1 DAGs
[2026-07-16T05:37:44.500+0000] {logging_mixin.py:188} INFO - [2026-07-16T05:37:44.500+0000] {dag.py:3823} INFO - Setting next_dagrun for example_branch_labels to 2026-07-15 00:00:00+00:00, run_after=2026-07-16 00:00:00+00:00
[2026-07-16T05:37:44.518+0000] {processor.py:183} INFO - Processing /home/airflow/.local/lib/python3.8/site-packages/airflow/example_dags/example_branch_labels.py took 0.077 seconds
[2026-07-16T05:38:14.610+0000] {processor.py:161} INFO - Started process (PID=1877) to work on /home/airflow/.local/lib/python3.8/site-packages/airflow/example_dags/example_branch_labels.py
[2026-07-16T05:38:14.613+0000] {processor.py:830} INFO - Processing file /home/airflow/.local/lib/python3.8/site-packages/airflow/example_dags/example_branch_labels.py for tasks to queue
[2026-07-16T05:38:14.615+0000] {logging_mixin.py:188} INFO - [2026-07-16T05:38:14.615+0000] {dagbag.py:538} INFO - Filling up the DagBag from /home/airflow/.local/lib/python3.8/site-packages/airflow/example_dags/example_branch_labels.py
[2026-07-16T05:38:14.623+0000] {processor.py:840} INFO - DAG(s) 'example_branch_labels' retrieved from /home/airflow/.local/lib/python3.8/site-packages/airflow/example_dags/example_branch_labels.py
[2026-07-16T05:38:14.641+0000] {logging_mixin.py:188} INFO - [2026-07-16T05:38:14.641+0000] {dag.py:3036} INFO - Sync 1 DAGs
[2026-07-16T05:38:14.662+0000] {logging_mixin.py:188} INFO - [2026-07-16T05:38:14.661+0000] {dag.py:3823} INFO - Setting next_dagrun for example_branch_labels to 2026-07-15 00:00:00+00:00, run_after=2026-07-16 00:00:00+00:00
[2026-07-16T05:38:14.678+0000] {processor.py:183} INFO - Processing /home/airflow/.local/lib/python3.8/site-packages/airflow/example_dags/example_branch_labels.py took 0.071 seconds
[2026-07-16T05:38:44.928+0000] {processor.py:161} INFO - Started process (PID=1933) to work on /home/airflow/.local/lib/python3.8/site-packages/airflow/example_dags/example_branch_labels.py
[2026-07-16T05:38:44.930+0000] {processor.py:830} INFO - Processing file /home/airflow/.local/lib/python3.8/site-packages/airflow/example_dags/example_branch_labels.py for tasks to queue
[2026-07-16T05:38:44.933+0000] {logging_mixin.py:188} INFO - [2026-07-16T05:38:44.932+0000] {dagbag.py:538} INFO - Filling up the DagBag from /home/airflow/.local/lib/python3.8/site-packages/airflow/example_dags/example_branch_labels.py
[2026-07-16T05:38:44.941+0000] {processor.py:840} INFO - DAG(s) 'example_branch_labels' retrieved from /home/airflow/.local/lib/python3.8/site-packages/airflow/example_dags/example_branch_labels.py
[2026-07-16T05:38:44.959+0000] {logging_mixin.py:188} INFO - [2026-07-16T05:38:44.959+0000] {dag.py:3036} INFO - Sync 1 DAGs
[2026-07-16T05:38:44.975+0000] {logging_mixin.py:188} INFO - [2026-07-16T05:38:44.975+0000] {dag.py:3823} INFO - Setting next_dagrun for example_branch_labels to 2026-07-15 00:00:00+00:00, run_after=2026-07-16 00:00:00+00:00
[2026-07-16T05:38:44.989+0000] {processor.py:183} INFO - Processing /home/airflow/.local/lib/python3.8/site-packages/airflow/example_dags/example_branch_labels.py took 0.064 seconds
[2026-07-16T05:39:15.344+0000] {processor.py:161} INFO - Started process (PID=1989) to work on /home/airflow/.local/lib/python3.8/site-packages/airflow/example_dags/example_branch_labels.py
[2026-07-16T05:39:15.347+0000] {processor.py:830} INFO - Processing file /home/airflow/.local/lib/python3.8/site-packages/airflow/example_dags/example_branch_labels.py for tasks to queue
[2026-07-16T05:39:15.349+0000] {logging_mixin.py:188} INFO - [2026-07-16T05:39:15.349+0000] {dagbag.py:538} INFO - Filling up the DagBag from /home/airflow/.local/lib/python3.8/site-packages/airflow/example_dags/example_branch_labels.py
[2026-07-16T05:39:15.358+0000] {processor.py:840} INFO - DAG(s) 'example_branch_labels' retrieved from /home/airflow/.local/lib/python3.8/site-packages/airflow/example_dags/example_branch_labels.py
[2026-07-16T05:39:15.377+0000] {logging_mixin.py:188} INFO - [2026-07-16T05:39:15.377+0000] {dag.py:3036} INFO - Sync 1 DAGs
[2026-07-16T05:39:15.402+0000] {logging_mixin.py:188} INFO - [2026-07-16T05:39:15.401+0000] {dag.py:3823} INFO - Setting next_dagrun for example_branch_labels to 2026-07-15 00:00:00+00:00, run_after=2026-07-16 00:00:00+00:00
[2026-07-16T05:39:15.423+0000] {processor.py:183} INFO - Processing /home/airflow/.local/lib/python3.8/site-packages/airflow/example_dags/example_branch_labels.py took 0.083 seconds
[2026-07-16T05:39:45.526+0000] {processor.py:161} INFO - Started process (PID=2045) to work on /home/airflow/.local/lib/python3.8/site-packages/airflow/example_dags/example_branch_labels.py
[2026-07-16T05:39:45.530+0000] {processor.py:830} INFO - Processing file /home/airflow/.local/lib/python3.8/site-packages/airflow/example_dags/example_branch_labels.py for tasks to queue
[2026-07-16T05:39:45.533+0000] {logging_mixin.py:188} INFO - [2026-07-16T05:39:45.532+0000] {dagbag.py:538} INFO - Filling up the DagBag from /home/airflow/.local/lib/python3.8/site-packages/airflow/example_dags/example_branch_labels.py
[2026-07-16T05:39:45.546+0000] {processor.py:840} INFO - DAG(s) 'example_branch_labels' retrieved from /home/airflow/.local/lib/python3.8/site-packages/airflow/example_dags/example_branch_labels.py
[2026-07-16T05:39:45.573+0000] {logging_mixin.py:188} INFO - [2026-07-16T05:39:45.573+0000] {dag.py:3036} INFO - Sync 1 DAGs
[2026-07-16T05:39:45.610+0000] {logging_mixin.py:188} INFO - [2026-07-16T05:39:45.609+0000] {dag.py:3823} INFO - Setting next_dagrun for example_branch_labels to 2026-07-15 00:00:00+00:00, run_after=2026-07-16 00:00:00+00:00
[2026-07-16T05:39:45.639+0000] {processor.py:183} INFO - Processing /home/airflow/.local/lib/python3.8/site-packages/airflow/example_dags/example_branch_labels.py took 0.123 seconds
[2026-07-16T05:40:15.730+0000] {processor.py:161} INFO - Started process (PID=2101) to work on /home/airflow/.local/lib/python3.8/site-packages/airflow/example_dags/example_branch_labels.py
[2026-07-16T05:40:15.733+0000] {processor.py:830} INFO - Processing file /home/airflow/.local/lib/python3.8/site-packages/airflow/example_dags/example_branch_labels.py for tasks to queue
[2026-07-16T05:40:15.735+0000] {logging_mixin.py:188} INFO - [2026-07-16T05:40:15.734+0000] {dagbag.py:538} INFO - Filling up the DagBag from /home/airflow/.local/lib/python3.8/site-packages/airflow/example_dags/example_branch_labels.py
[2026-07-16T05:40:15.749+0000] {processor.py:840} INFO - DAG(s) 'example_branch_labels' retrieved from /home/airflow/.local/lib/python3.8/site-packages/airflow/example_dags/example_branch_labels.py
[2026-07-16T05:40:15.787+0000] {logging_mixin.py:188} INFO - [2026-07-16T05:40:15.786+0000] {dag.py:3036} INFO - Sync 1 DAGs
[2026-07-16T05:40:15.811+0000] {logging_mixin.py:188} INFO - [2026-07-16T05:40:15.810+0000] {dag.py:3823} INFO - Setting next_dagrun for example_branch_labels to 2026-07-15 00:00:00+00:00, run_after=2026-07-16 00:00:00+00:00
[2026-07-16T05:40:15.830+0000] {processor.py:183} INFO - Processing /home/airflow/.local/lib/python3.8/site-packages/airflow/example_dags/example_branch_labels.py took 0.104 seconds
[2026-07-16T05:40:46.069+0000] {processor.py:161} INFO - Started process (PID=2157) to work on /home/airflow/.local/lib/python3.8/site-packages/airflow/example_dags/example_branch_labels.py
[2026-07-16T05:40:46.071+0000] {processor.py:830} INFO - Processing file /home/airflow/.local/lib/python3.8/site-packages/airflow/example_dags/example_branch_labels.py for tasks to queue
[2026-07-16T05:40:46.076+0000] {logging_mixin.py:188} INFO - [2026-07-16T05:40:46.075+0000] {dagbag.py:538} INFO - Filling up the DagBag from /home/airflow/.local/lib/python3.8/site-packages/airflow/example_dags/example_branch_labels.py
[2026-07-16T05:40:46.087+0000] {processor.py:840} INFO - DAG(s) 'example_branch_labels' retrieved from /home/airflow/.local/lib/python3.8/site-packages/airflow/example_dags/example_branch_labels.py
[2026-07-16T05:40:46.123+0000] {logging_mixin.py:188} INFO - [2026-07-16T05:40:46.123+0000] {dag.py:3036} INFO - Sync 1 DAGs
[2026-07-16T05:40:46.148+0000] {logging_mixin.py:188} INFO - [2026-07-16T05:40:46.148+0000] {dag.py:3823} INFO - Setting next_dagrun for example_branch_labels to 2026-07-15 00:00:00+00:00, run_after=2026-07-16 00:00:00+00:00
[2026-07-16T05:40:46.166+0000] {processor.py:183} INFO - Processing /home/airflow/.local/lib/python3.8/site-packages/airflow/example_dags/example_branch_labels.py took 0.101 seconds
[2026-07-16T05:41:16.472+0000] {processor.py:161} INFO - Started process (PID=2213) to work on /home/airflow/.local/lib/python3.8/site-packages/airflow/example_dags/example_branch_labels.py
[2026-07-16T05:41:16.476+0000] {processor.py:830} INFO - Processing file /home/airflow/.local/lib/python3.8/site-packages/airflow/example_dags/example_branch_labels.py for tasks to queue
[2026-07-16T05:41:16.477+0000] {logging_mixin.py:188} INFO - [2026-07-16T05:41:16.477+0000] {dagbag.py:538} INFO - Filling up the DagBag from /home/airflow/.local/lib/python3.8/site-packages/airflow/example_dags/example_branch_labels.py
[2026-07-16T05:41:16.483+0000] {processor.py:840} INFO - DAG(s) 'example_branch_labels' retrieved from /home/airflow/.local/lib/python3.8/site-packages/airflow/example_dags/example_branch_labels.py
[2026-07-16T05:41:16.499+0000] {logging_mixin.py:188} INFO - [2026-07-16T05:41:16.499+0000] {dag.py:3036} INFO - Sync 1 DAGs
[2026-07-16T05:41:16.515+0000] {logging_mixin.py:188} INFO - [2026-07-16T05:41:16.515+0000] {dag.py:3823} INFO - Setting next_dagrun for example_branch_labels to 2026-07-15 00:00:00+00:00, run_after=2026-07-16 00:00:00+00:00
[2026-07-16T05:41:16.532+0000] {processor.py:183} INFO - Processing /home/airflow/.local/lib/python3.8/site-packages/airflow/example_dags/example_branch_labels.py took 0.062 seconds
[2026-07-16T05:41:47.388+0000] {processor.py:161} INFO - Started process (PID=2269) to work on /home/airflow/.local/lib/python3.8/site-packages/airflow/example_dags/example_branch_labels.py
[2026-07-16T05:41:47.390+0000] {processor.py:830} INFO - Processing file /home/airflow/.local/lib/python3.8/site-packages/airflow/example_dags/example_branch_labels.py for tasks to queue
[2026-07-16T05:41:47.392+0000] {logging_mixin.py:188} INFO - [2026-07-16T05:41:47.392+0000] {dagbag.py:538} INFO - Filling up the DagBag from /home/airflow/.local/lib/python3.8/site-packages/airflow/example_dags/example_branch_labels.py
[2026-07-16T05:41:47.400+0000] {processor.py:840} INFO - DAG(s) 'example_branch_labels' retrieved from /home/airflow/.local/lib/python3.8/site-packages/airflow/example_dags/example_branch_labels.py
[2026-07-16T05:41:47.417+0000] {logging_mixin.py:188} INFO - [2026-07-16T05:41:47.417+0000] {dag.py:3036} INFO - Sync 1 DAGs
[2026-07-16T05:41:47.433+0000] {logging_mixin.py:188} INFO - [2026-07-16T05:41:47.433+0000] {dag.py:3823} INFO - Setting next_dagrun for example_branch_labels to 2026-07-15 00:00:00+00:00, run_after=2026-07-16 00:00:00+00:00
[2026-07-16T05:41:47.448+0000] {processor.py:183} INFO - Processing /home/airflow/.local/lib/python3.8/site-packages/airflow/example_dags/example_branch_labels.py took 0.063 seconds
[2026-07-16T05:42:18.298+0000] {processor.py:161} INFO - Started process (PID=2325) to work on /home/airflow/.local/lib/python3.8/site-packages/airflow/example_dags/example_branch_labels.py
[2026-07-16T05:42:18.301+0000] {processor.py:830} INFO - Processing file /home/airflow/.local/lib/python3.8/site-packages/airflow/example_dags/example_branch_labels.py for tasks to queue
[2026-07-16T05:42:18.304+0000] {logging_mixin.py:188} INFO - [2026-07-16T05:42:18.304+0000] {dagbag.py:538} INFO - Filling up the DagBag from /home/airflow/.local/lib/python3.8/site-packages/airflow/example_dags/example_branch_labels.py
[2026-07-16T05:42:18.312+0000] {processor.py:840} INFO - DAG(s) 'example_branch_labels' retrieved from /home/airflow/.local/lib/python3.8/site-packages/airflow/example_dags/example_branch_labels.py
[2026-07-16T05:42:18.331+0000] {logging_mixin.py:188} INFO - [2026-07-16T05:42:18.331+0000] {dag.py:3036} INFO - Sync 1 DAGs
[2026-07-16T05:42:18.349+0000] {logging_mixin.py:188} INFO - [2026-07-16T05:42:18.349+0000] {dag.py:3823} INFO - Setting next_dagrun for example_branch_labels to 2026-07-15 00:00:00+00:00, run_after=2026-07-16 00:00:00+00:00
[2026-07-16T05:42:18.363+0000] {processor.py:183} INFO - Processing /home/airflow/.local/lib/python3.8/site-packages/airflow/example_dags/example_branch_labels.py took 0.071 seconds
[2026-07-16T05:42:48.561+0000] {processor.py:161} INFO - Started process (PID=2381) to work on /home/airflow/.local/lib/python3.8/site-packages/airflow/example_dags/example_branch_labels.py
[2026-07-16T05:42:48.564+0000] {processor.py:830} INFO - Processing file /home/airflow/.local/lib/python3.8/site-packages/airflow/example_dags/example_branch_labels.py for tasks to queue
[2026-07-16T05:42:48.565+0000] {logging_mixin.py:188} INFO - [2026-07-16T05:42:48.565+0000] {dagbag.py:538} INFO - Filling up the DagBag from /home/airflow/.local/lib/python3.8/site-packages/airflow/example_dags/example_branch_labels.py
[2026-07-16T05:42:48.571+0000] {processor.py:840} INFO - DAG(s) 'example_branch_labels' retrieved from /home/airflow/.local/lib/python3.8/site-packages/airflow/example_dags/example_branch_labels.py
[2026-07-16T05:42:48.590+0000] {logging_mixin.py:188} INFO - [2026-07-16T05:42:48.589+0000] {dag.py:3036} INFO - Sync 1 DAGs
[2026-07-16T05:42:48.608+0000] {logging_mixin.py:188} INFO - [2026-07-16T05:42:48.607+0000] {dag.py:3823} INFO - Setting next_dagrun for example_branch_labels to 2026-07-15 00:00:00+00:00, run_after=2026-07-16 00:00:00+00:00
[2026-07-16T05:42:48.621+0000] {processor.py:183} INFO - Processing /home/airflow/.local/lib/python3.8/site-packages/airflow/example_dags/example_branch_labels.py took 0.063 seconds
[2026-07-16T05:43:19.070+0000] {processor.py:161} INFO - Started process (PID=2437) to work on /home/airflow/.local/lib/python3.8/site-packages/airflow/example_dags/example_branch_labels.py
[2026-07-16T05:43:19.071+0000] {processor.py:830} INFO - Processing file /home/airflow/.local/lib/python3.8/site-packages/airflow/example_dags/example_branch_labels.py for tasks to queue
[2026-07-16T05:43:19.073+0000] {logging_mixin.py:188} INFO - [2026-07-16T05:43:19.073+0000] {dagbag.py:538} INFO - Filling up the DagBag from /home/airflow/.local/lib/python3.8/site-packages/airflow/example_dags/example_branch_labels.py
[2026-07-16T05:43:19.079+0000] {processor.py:840} INFO - DAG(s) 'example_branch_labels' retrieved from /home/airflow/.local/lib/python3.8/site-packages/airflow/example_dags/example_branch_labels.py
[2026-07-16T05:43:19.108+0000] {logging_mixin.py:188} INFO - [2026-07-16T05:43:19.108+0000] {dag.py:3036} INFO - Sync 1 DAGs
[2026-07-16T05:43:19.135+0000] {logging_mixin.py:188} INFO - [2026-07-16T05:43:19.135+0000] {dag.py:3823} INFO - Setting next_dagrun for example_branch_labels to 2026-07-15 00:00:00+00:00, run_after=2026-07-16 00:00:00+00:00
[2026-07-16T05:43:19.161+0000] {processor.py:183} INFO - Processing /home/airflow/.local/lib/python3.8/site-packages/airflow/example_dags/example_branch_labels.py took 0.094 seconds
[2026-07-16T05:43:49.536+0000] {processor.py:161} INFO - Started process (PID=2493) to work on /home/airflow/.local/lib/python3.8/site-packages/airflow/example_dags/example_branch_labels.py
[2026-07-16T05:43:49.539+0000] {processor.py:830} INFO - Processing file /home/airflow/.local/lib/python3.8/site-packages/airflow/example_dags/example_branch_labels.py for tasks to queue
[2026-07-16T05:43:49.541+0000] {logging_mixin.py:188} INFO - [2026-07-16T05:43:49.540+0000] {dagbag.py:538} INFO - Filling up the DagBag from /home/airflow/.local/lib/python3.8/site-packages/airflow/example_dags/example_branch_labels.py
[2026-07-16T05:43:49.547+0000] {processor.py:840} INFO - DAG(s) 'example_branch_labels' retrieved from /home/airflow/.local/lib/python3.8/site-packages/airflow/example_dags/example_branch_labels.py
[2026-07-16T05:43:49.564+0000] {logging_mixin.py:188} INFO - [2026-07-16T05:43:49.564+0000] {dag.py:3036} INFO - Sync 1 DAGs
[2026-07-16T05:43:49.581+0000] {logging_mixin.py:188} INFO - [2026-07-16T05:43:49.580+0000] {dag.py:3823} INFO - Setting next_dagrun for example_branch_labels to 2026-07-15 00:00:00+00:00, run_after=2026-07-16 00:00:00+00:00
[2026-07-16T05:43:49.595+0000] {processor.py:183} INFO - Processing /home/airflow/.local/lib/python3.8/site-packages/airflow/example_dags/example_branch_labels.py took 0.061 seconds
[2026-07-16T05:44:20.089+0000] {processor.py:161} INFO - Started process (PID=2549) to work on /home/airflow/.local/lib/python3.8/site-packages/airflow/example_dags/example_branch_labels.py
[2026-07-16T05:44:20.090+0000] {processor.py:830} INFO - Processing file /home/airflow/.local/lib/python3.8/site-packages/airflow/example_dags/example_branch_labels.py for tasks to queue
[2026-07-16T05:44:20.092+0000] {logging_mixin.py:188} INFO - [2026-07-16T05:44:20.091+0000] {dagbag.py:538} INFO - Filling up the DagBag from /home/airflow/.local/lib/python3.8/site-packages/airflow/example_dags/example_branch_labels.py
[2026-07-16T05:44:20.098+0000] {processor.py:840} INFO - DAG(s) 'example_branch_labels' retrieved from /home/airflow/.local/lib/python3.8/site-packages/airflow/example_dags/example_branch_labels.py
[2026-07-16T05:44:20.116+0000] {logging_mixin.py:188} INFO - [2026-07-16T05:44:20.116+0000] {dag.py:3036} INFO - Sync 1 DAGs
[2026-07-16T05:44:20.134+0000] {logging_mixin.py:188} INFO - [2026-07-16T05:44:20.134+0000] {dag.py:3823} INFO - Setting next_dagrun for example_branch_labels to 2026-07-15 00:00:00+00:00, run_after=2026-07-16 00:00:00+00:00
[2026-07-16T05:44:20.148+0000] {processor.py:183} INFO - Processing /home/airflow/.local/lib/python3.8/site-packages/airflow/example_dags/example_branch_labels.py took 0.062 seconds
[2026-07-16T05:44:50.386+0000] {processor.py:161} INFO - Started process (PID=2605) to work on /home/airflow/.local/lib/python3.8/site-packages/airflow/example_dags/example_branch_labels.py
[2026-07-16T05:44:50.388+0000] {processor.py:830} INFO - Processing file /home/airflow/.local/lib/python3.8/site-packages/airflow/example_dags/example_branch_labels.py for tasks to queue
[2026-07-16T05:44:50.390+0000] {logging_mixin.py:188} INFO - [2026-07-16T05:44:50.390+0000] {dagbag.py:538} INFO - Filling up the DagBag from /home/airflow/.local/lib/python3.8/site-packages/airflow/example_dags/example_branch_labels.py
[2026-07-16T05:44:50.396+0000] {processor.py:840} INFO - DAG(s) 'example_branch_labels' retrieved from /home/airflow/.local/lib/python3.8/site-packages/airflow/example_dags/example_branch_labels.py
[2026-07-16T05:44:50.414+0000] {logging_mixin.py:188} INFO - [2026-07-16T05:44:50.414+0000] {dag.py:3036} INFO - Sync 1 DAGs
[2026-07-16T05:44:50.431+0000] {logging_mixin.py:188} INFO - [2026-07-16T05:44:50.431+0000] {dag.py:3823} INFO - Setting next_dagrun for example_branch_labels to 2026-07-15 00:00:00+00:00, run_after=2026-07-16 00:00:00+00:00
[2026-07-16T05:44:50.448+0000] {processor.py:183} INFO - Processing /home/airflow/.local/lib/python3.8/site-packages/airflow/example_dags/example_branch_labels.py took 0.065 seconds
[2026-07-16T05:45:20.612+0000] {processor.py:161} INFO - Started process (PID=2661) to work on /home/airflow/.local/lib/python3.8/site-packages/airflow/example_dags/example_branch_labels.py
[2026-07-16T05:45:20.612+0000] {processor.py:830} INFO - Processing file /home/airflow/.local/lib/python3.8/site-packages/airflow/example_dags/example_branch_labels.py for tasks to queue
[2026-07-16T05:45:20.613+0000] {logging_mixin.py:188} INFO - [2026-07-16T05:45:20.613+0000] {dagbag.py:538} INFO - Filling up the DagBag from /home/airflow/.local/lib/python3.8/site-packages/airflow/example_dags/example_branch_labels.py
[2026-07-16T05:45:20.619+0000] {processor.py:840} INFO - DAG(s) 'example_branch_labels' retrieved from /home/airflow/.local/lib/python3.8/site-packages/airflow/example_dags/example_branch_labels.py
[2026-07-16T05:45:20.634+0000] {logging_mixin.py:188} INFO - [2026-07-16T05:45:20.634+0000] {dag.py:3036} INFO - Sync 1 DAGs
[2026-07-16T05:45:20.651+0000] {logging_mixin.py:188} INFO - [2026-07-16T05:45:20.650+0000] {dag.py:3823} INFO - Setting next_dagrun for example_branch_labels to 2026-07-15 00:00:00+00:00, run_after=2026-07-16 00:00:00+00:00
[2026-07-16T05:45:20.665+0000] {processor.py:183} INFO - Processing /home/airflow/.local/lib/python3.8/site-packages/airflow/example_dags/example_branch_labels.py took 0.056 seconds
[2026-07-16T05:45:51.116+0000] {processor.py:161} INFO - Started process (PID=2717) to work on /home/airflow/.local/lib/python3.8/site-packages/airflow/example_dags/example_branch_labels.py
[2026-07-16T05:45:51.119+0000] {processor.py:830} INFO - Processing file /home/airflow/.local/lib/python3.8/site-packages/airflow/example_dags/example_branch_labels.py for tasks to queue
[2026-07-16T05:45:51.120+0000] {logging_mixin.py:188} INFO - [2026-07-16T05:45:51.120+0000] {dagbag.py:538} INFO - Filling up the DagBag from /home/airflow/.local/lib/python3.8/site-packages/airflow/example_dags/example_branch_labels.py
[2026-07-16T05:45:51.126+0000] {processor.py:840} INFO - DAG(s) 'example_branch_labels' retrieved from /home/airflow/.local/lib/python3.8/site-packages/airflow/example_dags/example_branch_labels.py
[2026-07-16T05:45:51.146+0000] {logging_mixin.py:188} INFO - [2026-07-16T05:45:51.146+0000] {dag.py:3036} INFO - Sync 1 DAGs
[2026-07-16T05:45:51.164+0000] {logging_mixin.py:188} INFO - [2026-07-16T05:45:51.163+0000] {dag.py:3823} INFO - Setting next_dagrun for example_branch_labels to 2026-07-15 00:00:00+00:00, run_after=2026-07-16 00:00:00+00:00
[2026-07-16T05:45:51.294+0000] {processor.py:183} INFO - Processing /home/airflow/.local/lib/python3.8/site-packages/airflow/example_dags/example_branch_labels.py took 0.181 seconds
[2026-07-16T05:46:21.437+0000] {processor.py:161} INFO - Started process (PID=2773) to work on /home/airflow/.local/lib/python3.8/site-packages/airflow/example_dags/example_branch_labels.py
[2026-07-16T05:46:21.440+0000] {processor.py:830} INFO - Processing file /home/airflow/.local/lib/python3.8/site-packages/airflow/example_dags/example_branch_labels.py for tasks to queue
[2026-07-16T05:46:21.442+0000] {logging_mixin.py:188} INFO - [2026-07-16T05:46:21.442+0000] {dagbag.py:538} INFO - Filling up the DagBag from /home/airflow/.local/lib/python3.8/site-packages/airflow/example_dags/example_branch_labels.py
[2026-07-16T05:46:21.449+0000] {processor.py:840} INFO - DAG(s) 'example_branch_labels' retrieved from /home/airflow/.local/lib/python3.8/site-packages/airflow/example_dags/example_branch_labels.py
[2026-07-16T05:46:21.465+0000] {logging_mixin.py:188} INFO - [2026-07-16T05:46:21.465+0000] {dag.py:3036} INFO - Sync 1 DAGs
[2026-07-16T05:46:21.483+0000] {logging_mixin.py:188} INFO - [2026-07-16T05:46:21.483+0000] {dag.py:3823} INFO - Setting next_dagrun for example_branch_labels to 2026-07-15 00:00:00+00:00, run_after=2026-07-16 00:00:00+00:00
[2026-07-16T05:46:21.498+0000] {processor.py:183} INFO - Processing /home/airflow/.local/lib/python3.8/site-packages/airflow/example_dags/example_branch_labels.py took 0.066 seconds
[2026-07-16T05:46:51.634+0000] {processor.py:161} INFO - Started process (PID=2829) to work on /home/airflow/.local/lib/python3.8/site-packages/airflow/example_dags/example_branch_labels.py
[2026-07-16T05:46:51.637+0000] {processor.py:830} INFO - Processing file /home/airflow/.local/lib/python3.8/site-packages/airflow/example_dags/example_branch_labels.py for tasks to queue
[2026-07-16T05:46:51.638+0000] {logging_mixin.py:188} INFO - [2026-07-16T05:46:51.638+0000] {dagbag.py:538} INFO - Filling up the DagBag from /home/airflow/.local/lib/python3.8/site-packages/airflow/example_dags/example_branch_labels.py
[2026-07-16T05:46:51.647+0000] {processor.py:840} INFO - DAG(s) 'example_branch_labels' retrieved from /home/airflow/.local/lib/python3.8/site-packages/airflow/example_dags/example_branch_labels.py
[2026-07-16T05:46:51.668+0000] {logging_mixin.py:188} INFO - [2026-07-16T05:46:51.668+0000] {dag.py:3036} INFO - Sync 1 DAGs
[2026-07-16T05:46:51.684+0000] {logging_mixin.py:188} INFO - [2026-07-16T05:46:51.683+0000] {dag.py:3823} INFO - Setting next_dagrun for example_branch_labels to 2026-07-15 00:00:00+00:00, run_after=2026-07-16 00:00:00+00:00
[2026-07-16T05:46:51.696+0000] {processor.py:183} INFO - Processing /home/airflow/.local/lib/python3.8/site-packages/airflow/example_dags/example_branch_labels.py took 0.066 seconds
[2026-07-16T05:47:22.458+0000] {processor.py:161} INFO - Started process (PID=2885) to work on /home/airflow/.local/lib/python3.8/site-packages/airflow/example_dags/example_branch_labels.py
[2026-07-16T05:47:22.461+0000] {processor.py:830} INFO - Processing file /home/airflow/.local/lib/python3.8/site-packages/airflow/example_dags/example_branch_labels.py for tasks to queue
[2026-07-16T05:47:22.463+0000] {logging_mixin.py:188} INFO - [2026-07-16T05:47:22.462+0000] {dagbag.py:538} INFO - Filling up the DagBag from /home/airflow/.local/lib/python3.8/site-packages/airflow/example_dags/example_branch_labels.py
[2026-07-16T05:47:22.469+0000] {processor.py:840} INFO - DAG(s) 'example_branch_labels' retrieved from /home/airflow/.local/lib/python3.8/site-packages/airflow/example_dags/example_branch_labels.py
[2026-07-16T05:47:22.484+0000] {logging_mixin.py:188} INFO - [2026-07-16T05:47:22.484+0000] {dag.py:3036} INFO - Sync 1 DAGs
[2026-07-16T05:47:22.499+0000] {logging_mixin.py:188} INFO - [2026-07-16T05:47:22.499+0000] {dag.py:3823} INFO - Setting next_dagrun for example_branch_labels to 2026-07-15 00:00:00+00:00, run_after=2026-07-16 00:00:00+00:00
[2026-07-16T05:47:22.513+0000] {processor.py:183} INFO - Processing /home/airflow/.local/lib/python3.8/site-packages/airflow/example_dags/example_branch_labels.py took 0.058 seconds
[2026-07-16T05:47:52.551+0000] {processor.py:161} INFO - Started process (PID=2941) to work on /home/airflow/.local/lib/python3.8/site-packages/airflow/example_dags/example_branch_labels.py
[2026-07-16T05:47:52.555+0000] {processor.py:830} INFO - Processing file /home/airflow/.local/lib/python3.8/site-packages/airflow/example_dags/example_branch_labels.py for tasks to queue
[2026-07-16T05:47:52.559+0000] {logging_mixin.py:188} INFO - [2026-07-16T05:47:52.559+0000] {dagbag.py:538} INFO - Filling up the DagBag from /home/airflow/.local/lib/python3.8/site-packages/airflow/example_dags/example_branch_labels.py
[2026-07-16T05:47:52.573+0000] {processor.py:840} INFO - DAG(s) 'example_branch_labels' retrieved from /home/airflow/.local/lib/python3.8/site-packages/airflow/example_dags/example_branch_labels.py
[2026-07-16T05:47:52.598+0000] {logging_mixin.py:188} INFO - [2026-07-16T05:47:52.598+0000] {dag.py:3036} INFO - Sync 1 DAGs
[2026-07-16T05:47:52.619+0000] {logging_mixin.py:188} INFO - [2026-07-16T05:47:52.619+0000] {dag.py:3823} INFO - Setting next_dagrun for example_branch_labels to 2026-07-15 00:00:00+00:00, run_after=2026-07-16 00:00:00+00:00
[2026-07-16T05:47:52.639+0000] {processor.py:183} INFO - Processing /home/airflow/.local/lib/python3.8/site-packages/airflow/example_dags/example_branch_labels.py took 0.091 seconds
[2026-07-16T05:48:23.198+0000] {processor.py:161} INFO - Started process (PID=2997) to work on /home/airflow/.local/lib/python3.8/site-packages/airflow/example_dags/example_branch_labels.py
[2026-07-16T05:48:23.204+0000] {processor.py:830} INFO - Processing file /home/airflow/.local/lib/python3.8/site-packages/airflow/example_dags/example_branch_labels.py for tasks to queue
[2026-07-16T05:48:23.209+0000] {logging_mixin.py:188} INFO - [2026-07-16T05:48:23.209+0000] {dagbag.py:538} INFO - Filling up the DagBag from /home/airflow/.local/lib/python3.8/site-packages/airflow/example_dags/example_branch_labels.py
[2026-07-16T05:48:23.219+0000] {processor.py:840} INFO - DAG(s) 'example_branch_labels' retrieved from /home/airflow/.local/lib/python3.8/site-packages/airflow/example_dags/example_branch_labels.py
[2026-07-16T05:48:23.243+0000] {logging_mixin.py:188} INFO - [2026-07-16T05:48:23.243+0000] {dag.py:3036} INFO - Sync 1 DAGs
[2026-07-16T05:48:23.273+0000] {logging_mixin.py:188} INFO - [2026-07-16T05:48:23.272+0000] {dag.py:3823} INFO - Setting next_dagrun for example_branch_labels to 2026-07-15 00:00:00+00:00, run_after=2026-07-16 00:00:00+00:00
[2026-07-16T05:48:23.324+0000] {processor.py:183} INFO - Processing /home/airflow/.local/lib/python3.8/site-packages/airflow/example_dags/example_branch_labels.py took 0.130 seconds
