[2026-07-16T05:21:57.832+0000] {processor.py:161} INFO - Started process (PID=92) to work on /home/airflow/.local/lib/python3.8/site-packages/airflow/example_dags/example_params_trigger_ui.py
[2026-07-16T05:21:57.834+0000] {processor.py:830} INFO - Processing file /home/airflow/.local/lib/python3.8/site-packages/airflow/example_dags/example_params_trigger_ui.py for tasks to queue
[2026-07-16T05:21:57.837+0000] {logging_mixin.py:188} INFO - [2026-07-16T05:21:57.836+0000] {dagbag.py:538} INFO - Filling up the DagBag from /home/airflow/.local/lib/python3.8/site-packages/airflow/example_dags/example_params_trigger_ui.py
[2026-07-16T05:21:57.862+0000] {processor.py:840} INFO - DAG(s) 'example_params_trigger_ui' retrieved from /home/airflow/.local/lib/python3.8/site-packages/airflow/example_dags/example_params_trigger_ui.py
[2026-07-16T05:21:58.062+0000] {logging_mixin.py:188} INFO - [2026-07-16T05:21:58.062+0000] {dag.py:3036} INFO - Sync 1 DAGs
[2026-07-16T05:21:58.078+0000] {logging_mixin.py:188} INFO - [2026-07-16T05:21:58.077+0000] {dag.py:3823} INFO - Setting next_dagrun for example_params_trigger_ui to None, run_after=None
[2026-07-16T05:21:58.112+0000] {processor.py:183} INFO - Processing /home/airflow/.local/lib/python3.8/site-packages/airflow/example_dags/example_params_trigger_ui.py took 0.287 seconds
[2026-07-16T05:22:28.491+0000] {processor.py:161} INFO - Started process (PID=145) to work on /home/airflow/.local/lib/python3.8/site-packages/airflow/example_dags/example_params_trigger_ui.py
[2026-07-16T05:22:28.494+0000] {processor.py:830} INFO - Processing file /home/airflow/.local/lib/python3.8/site-packages/airflow/example_dags/example_params_trigger_ui.py for tasks to queue
[2026-07-16T05:22:28.498+0000] {logging_mixin.py:188} INFO - [2026-07-16T05:22:28.497+0000] {dagbag.py:538} INFO - Filling up the DagBag from /home/airflow/.local/lib/python3.8/site-packages/airflow/example_dags/example_params_trigger_ui.py
[2026-07-16T05:22:28.528+0000] {processor.py:840} INFO - DAG(s) 'example_params_trigger_ui' retrieved from /home/airflow/.local/lib/python3.8/site-packages/airflow/example_dags/example_params_trigger_ui.py
[2026-07-16T05:22:28.678+0000] {logging_mixin.py:188} INFO - [2026-07-16T05:22:28.677+0000] {dag.py:3036} INFO - Sync 1 DAGs
[2026-07-16T05:22:28.717+0000] {logging_mixin.py:188} INFO - [2026-07-16T05:22:28.716+0000] {dag.py:3823} INFO - Setting next_dagrun for example_params_trigger_ui to None, run_after=None
[2026-07-16T05:22:28.767+0000] {processor.py:183} INFO - Processing /home/airflow/.local/lib/python3.8/site-packages/airflow/example_dags/example_params_trigger_ui.py took 0.284 seconds
[2026-07-16T05:23:00.239+0000] {processor.py:161} INFO - Started process (PID=206) to work on /home/airflow/.local/lib/python3.8/site-packages/airflow/example_dags/example_params_trigger_ui.py
[2026-07-16T05:23:00.253+0000] {processor.py:830} INFO - Processing file /home/airflow/.local/lib/python3.8/site-packages/airflow/example_dags/example_params_trigger_ui.py for tasks to queue
[2026-07-16T05:23:00.268+0000] {logging_mixin.py:188} INFO - [2026-07-16T05:23:00.267+0000] {dagbag.py:538} INFO - Filling up the DagBag from /home/airflow/.local/lib/python3.8/site-packages/airflow/example_dags/example_params_trigger_ui.py
[2026-07-16T05:23:00.324+0000] {processor.py:840} INFO - DAG(s) 'example_params_trigger_ui' retrieved from /home/airflow/.local/lib/python3.8/site-packages/airflow/example_dags/example_params_trigger_ui.py
[2026-07-16T05:23:00.469+0000] {logging_mixin.py:188} INFO - [2026-07-16T05:23:00.468+0000] {dag.py:3036} INFO - Sync 1 DAGs
[2026-07-16T05:23:00.530+0000] {logging_mixin.py:188} INFO - [2026-07-16T05:23:00.529+0000] {dag.py:3823} INFO - Setting next_dagrun for example_params_trigger_ui to None, run_after=None
[2026-07-16T05:23:00.581+0000] {processor.py:183} INFO - Processing /home/airflow/.local/lib/python3.8/site-packages/airflow/example_dags/example_params_trigger_ui.py took 0.364 seconds
[2026-07-16T05:23:30.740+0000] {processor.py:161} INFO - Started process (PID=262) to work on /home/airflow/.local/lib/python3.8/site-packages/airflow/example_dags/example_params_trigger_ui.py
[2026-07-16T05:23:30.741+0000] {processor.py:830} INFO - Processing file /home/airflow/.local/lib/python3.8/site-packages/airflow/example_dags/example_params_trigger_ui.py for tasks to queue
[2026-07-16T05:23:30.744+0000] {logging_mixin.py:188} INFO - [2026-07-16T05:23:30.743+0000] {dagbag.py:538} INFO - Filling up the DagBag from /home/airflow/.local/lib/python3.8/site-packages/airflow/example_dags/example_params_trigger_ui.py
[2026-07-16T05:23:30.765+0000] {processor.py:840} INFO - DAG(s) 'example_params_trigger_ui' retrieved from /home/airflow/.local/lib/python3.8/site-packages/airflow/example_dags/example_params_trigger_ui.py
[2026-07-16T05:23:30.824+0000] {logging_mixin.py:188} INFO - [2026-07-16T05:23:30.824+0000] {dag.py:3036} INFO - Sync 1 DAGs
[2026-07-16T05:23:30.838+0000] {logging_mixin.py:188} INFO - [2026-07-16T05:23:30.838+0000] {dag.py:3823} INFO - Setting next_dagrun for example_params_trigger_ui to None, run_after=None
[2026-07-16T05:23:30.867+0000] {processor.py:183} INFO - Processing /home/airflow/.local/lib/python3.8/site-packages/airflow/example_dags/example_params_trigger_ui.py took 0.132 seconds
[2026-07-16T05:24:02.826+0000] {processor.py:161} INFO - Started process (PID=323) to work on /home/airflow/.local/lib/python3.8/site-packages/airflow/example_dags/example_params_trigger_ui.py
[2026-07-16T05:24:02.833+0000] {processor.py:830} INFO - Processing file /home/airflow/.local/lib/python3.8/site-packages/airflow/example_dags/example_params_trigger_ui.py for tasks to queue
[2026-07-16T05:24:02.847+0000] {logging_mixin.py:188} INFO - [2026-07-16T05:24:02.844+0000] {dagbag.py:538} INFO - Filling up the DagBag from /home/airflow/.local/lib/python3.8/site-packages/airflow/example_dags/example_params_trigger_ui.py
[2026-07-16T05:24:02.926+0000] {processor.py:840} INFO - DAG(s) 'example_params_trigger_ui' retrieved from /home/airflow/.local/lib/python3.8/site-packages/airflow/example_dags/example_params_trigger_ui.py
[2026-07-16T05:24:03.169+0000] {logging_mixin.py:188} INFO - [2026-07-16T05:24:03.168+0000] {dag.py:3036} INFO - Sync 1 DAGs
[2026-07-16T05:24:03.235+0000] {logging_mixin.py:188} INFO - [2026-07-16T05:24:03.233+0000] {dag.py:3823} INFO - Setting next_dagrun for example_params_trigger_ui to None, run_after=None
[2026-07-16T05:24:03.345+0000] {processor.py:183} INFO - Processing /home/airflow/.local/lib/python3.8/site-packages/airflow/example_dags/example_params_trigger_ui.py took 0.534 seconds
[2026-07-16T05:24:33.887+0000] {processor.py:161} INFO - Started process (PID=379) to work on /home/airflow/.local/lib/python3.8/site-packages/airflow/example_dags/example_params_trigger_ui.py
[2026-07-16T05:24:33.889+0000] {processor.py:830} INFO - Processing file /home/airflow/.local/lib/python3.8/site-packages/airflow/example_dags/example_params_trigger_ui.py for tasks to queue
[2026-07-16T05:24:33.893+0000] {logging_mixin.py:188} INFO - [2026-07-16T05:24:33.892+0000] {dagbag.py:538} INFO - Filling up the DagBag from /home/airflow/.local/lib/python3.8/site-packages/airflow/example_dags/example_params_trigger_ui.py
[2026-07-16T05:24:33.916+0000] {processor.py:840} INFO - DAG(s) 'example_params_trigger_ui' retrieved from /home/airflow/.local/lib/python3.8/site-packages/airflow/example_dags/example_params_trigger_ui.py
[2026-07-16T05:24:34.001+0000] {logging_mixin.py:188} INFO - [2026-07-16T05:24:34.001+0000] {dag.py:3036} INFO - Sync 1 DAGs
[2026-07-16T05:24:34.018+0000] {logging_mixin.py:188} INFO - [2026-07-16T05:24:34.018+0000] {dag.py:3823} INFO - Setting next_dagrun for example_params_trigger_ui to None, run_after=None
[2026-07-16T05:24:34.051+0000] {processor.py:183} INFO - Processing /home/airflow/.local/lib/python3.8/site-packages/airflow/example_dags/example_params_trigger_ui.py took 0.170 seconds
[2026-07-16T05:25:04.178+0000] {processor.py:161} INFO - Started process (PID=435) to work on /home/airflow/.local/lib/python3.8/site-packages/airflow/example_dags/example_params_trigger_ui.py
[2026-07-16T05:25:04.179+0000] {processor.py:830} INFO - Processing file /home/airflow/.local/lib/python3.8/site-packages/airflow/example_dags/example_params_trigger_ui.py for tasks to queue
[2026-07-16T05:25:04.183+0000] {logging_mixin.py:188} INFO - [2026-07-16T05:25:04.182+0000] {dagbag.py:538} INFO - Filling up the DagBag from /home/airflow/.local/lib/python3.8/site-packages/airflow/example_dags/example_params_trigger_ui.py
[2026-07-16T05:25:04.203+0000] {processor.py:840} INFO - DAG(s) 'example_params_trigger_ui' retrieved from /home/airflow/.local/lib/python3.8/site-packages/airflow/example_dags/example_params_trigger_ui.py
[2026-07-16T05:25:04.261+0000] {logging_mixin.py:188} INFO - [2026-07-16T05:25:04.261+0000] {dag.py:3036} INFO - Sync 1 DAGs
[2026-07-16T05:25:04.276+0000] {logging_mixin.py:188} INFO - [2026-07-16T05:25:04.276+0000] {dag.py:3823} INFO - Setting next_dagrun for example_params_trigger_ui to None, run_after=None
[2026-07-16T05:25:04.304+0000] {processor.py:183} INFO - Processing /home/airflow/.local/lib/python3.8/site-packages/airflow/example_dags/example_params_trigger_ui.py took 0.132 seconds
[2026-07-16T05:25:34.472+0000] {processor.py:161} INFO - Started process (PID=491) to work on /home/airflow/.local/lib/python3.8/site-packages/airflow/example_dags/example_params_trigger_ui.py
[2026-07-16T05:25:34.474+0000] {processor.py:830} INFO - Processing file /home/airflow/.local/lib/python3.8/site-packages/airflow/example_dags/example_params_trigger_ui.py for tasks to queue
[2026-07-16T05:25:34.477+0000] {logging_mixin.py:188} INFO - [2026-07-16T05:25:34.477+0000] {dagbag.py:538} INFO - Filling up the DagBag from /home/airflow/.local/lib/python3.8/site-packages/airflow/example_dags/example_params_trigger_ui.py
[2026-07-16T05:25:34.499+0000] {processor.py:840} INFO - DAG(s) 'example_params_trigger_ui' retrieved from /home/airflow/.local/lib/python3.8/site-packages/airflow/example_dags/example_params_trigger_ui.py
[2026-07-16T05:25:34.585+0000] {logging_mixin.py:188} INFO - [2026-07-16T05:25:34.584+0000] {dag.py:3036} INFO - Sync 1 DAGs
[2026-07-16T05:25:34.606+0000] {logging_mixin.py:188} INFO - [2026-07-16T05:25:34.606+0000] {dag.py:3823} INFO - Setting next_dagrun for example_params_trigger_ui to None, run_after=None
[2026-07-16T05:25:34.636+0000] {processor.py:183} INFO - Processing /home/airflow/.local/lib/python3.8/site-packages/airflow/example_dags/example_params_trigger_ui.py took 0.171 seconds
[2026-07-16T05:26:04.828+0000] {processor.py:161} INFO - Started process (PID=547) to work on /home/airflow/.local/lib/python3.8/site-packages/airflow/example_dags/example_params_trigger_ui.py
[2026-07-16T05:26:04.830+0000] {processor.py:830} INFO - Processing file /home/airflow/.local/lib/python3.8/site-packages/airflow/example_dags/example_params_trigger_ui.py for tasks to queue
[2026-07-16T05:26:04.834+0000] {logging_mixin.py:188} INFO - [2026-07-16T05:26:04.833+0000] {dagbag.py:538} INFO - Filling up the DagBag from /home/airflow/.local/lib/python3.8/site-packages/airflow/example_dags/example_params_trigger_ui.py
[2026-07-16T05:26:04.858+0000] {processor.py:840} INFO - DAG(s) 'example_params_trigger_ui' retrieved from /home/airflow/.local/lib/python3.8/site-packages/airflow/example_dags/example_params_trigger_ui.py
[2026-07-16T05:26:04.924+0000] {logging_mixin.py:188} INFO - [2026-07-16T05:26:04.923+0000] {dag.py:3036} INFO - Sync 1 DAGs
[2026-07-16T05:26:04.937+0000] {logging_mixin.py:188} INFO - [2026-07-16T05:26:04.937+0000] {dag.py:3823} INFO - Setting next_dagrun for example_params_trigger_ui to None, run_after=None
[2026-07-16T05:26:04.960+0000] {processor.py:183} INFO - Processing /home/airflow/.local/lib/python3.8/site-packages/airflow/example_dags/example_params_trigger_ui.py took 0.138 seconds
[2026-07-16T05:26:35.071+0000] {processor.py:161} INFO - Started process (PID=603) to work on /home/airflow/.local/lib/python3.8/site-packages/airflow/example_dags/example_params_trigger_ui.py
[2026-07-16T05:26:35.073+0000] {processor.py:830} INFO - Processing file /home/airflow/.local/lib/python3.8/site-packages/airflow/example_dags/example_params_trigger_ui.py for tasks to queue
[2026-07-16T05:26:35.075+0000] {logging_mixin.py:188} INFO - [2026-07-16T05:26:35.075+0000] {dagbag.py:538} INFO - Filling up the DagBag from /home/airflow/.local/lib/python3.8/site-packages/airflow/example_dags/example_params_trigger_ui.py
[2026-07-16T05:26:35.097+0000] {processor.py:840} INFO - DAG(s) 'example_params_trigger_ui' retrieved from /home/airflow/.local/lib/python3.8/site-packages/airflow/example_dags/example_params_trigger_ui.py
[2026-07-16T05:26:35.167+0000] {logging_mixin.py:188} INFO - [2026-07-16T05:26:35.166+0000] {dag.py:3036} INFO - Sync 1 DAGs
[2026-07-16T05:26:35.181+0000] {logging_mixin.py:188} INFO - [2026-07-16T05:26:35.181+0000] {dag.py:3823} INFO - Setting next_dagrun for example_params_trigger_ui to None, run_after=None
[2026-07-16T05:26:35.212+0000] {processor.py:183} INFO - Processing /home/airflow/.local/lib/python3.8/site-packages/airflow/example_dags/example_params_trigger_ui.py took 0.149 seconds
[2026-07-16T05:27:05.335+0000] {processor.py:161} INFO - Started process (PID=653) to work on /home/airflow/.local/lib/python3.8/site-packages/airflow/example_dags/example_params_trigger_ui.py
[2026-07-16T05:27:05.338+0000] {processor.py:830} INFO - Processing file /home/airflow/.local/lib/python3.8/site-packages/airflow/example_dags/example_params_trigger_ui.py for tasks to queue
[2026-07-16T05:27:05.343+0000] {logging_mixin.py:188} INFO - [2026-07-16T05:27:05.343+0000] {dagbag.py:538} INFO - Filling up the DagBag from /home/airflow/.local/lib/python3.8/site-packages/airflow/example_dags/example_params_trigger_ui.py
[2026-07-16T05:27:05.368+0000] {processor.py:840} INFO - DAG(s) 'example_params_trigger_ui' retrieved from /home/airflow/.local/lib/python3.8/site-packages/airflow/example_dags/example_params_trigger_ui.py
[2026-07-16T05:27:05.431+0000] {logging_mixin.py:188} INFO - [2026-07-16T05:27:05.430+0000] {dag.py:3036} INFO - Sync 1 DAGs
[2026-07-16T05:27:05.445+0000] {logging_mixin.py:188} INFO - [2026-07-16T05:27:05.445+0000] {dag.py:3823} INFO - Setting next_dagrun for example_params_trigger_ui to None, run_after=None
[2026-07-16T05:27:05.470+0000] {processor.py:183} INFO - Processing /home/airflow/.local/lib/python3.8/site-packages/airflow/example_dags/example_params_trigger_ui.py took 0.141 seconds
[2026-07-16T05:27:35.581+0000] {processor.py:161} INFO - Started process (PID=709) to work on /home/airflow/.local/lib/python3.8/site-packages/airflow/example_dags/example_params_trigger_ui.py
[2026-07-16T05:27:35.583+0000] {processor.py:830} INFO - Processing file /home/airflow/.local/lib/python3.8/site-packages/airflow/example_dags/example_params_trigger_ui.py for tasks to queue
[2026-07-16T05:27:35.585+0000] {logging_mixin.py:188} INFO - [2026-07-16T05:27:35.585+0000] {dagbag.py:538} INFO - Filling up the DagBag from /home/airflow/.local/lib/python3.8/site-packages/airflow/example_dags/example_params_trigger_ui.py
[2026-07-16T05:27:35.603+0000] {processor.py:840} INFO - DAG(s) 'example_params_trigger_ui' retrieved from /home/airflow/.local/lib/python3.8/site-packages/airflow/example_dags/example_params_trigger_ui.py
[2026-07-16T05:27:35.668+0000] {logging_mixin.py:188} INFO - [2026-07-16T05:27:35.667+0000] {dag.py:3036} INFO - Sync 1 DAGs
[2026-07-16T05:27:35.683+0000] {logging_mixin.py:188} INFO - [2026-07-16T05:27:35.683+0000] {dag.py:3823} INFO - Setting next_dagrun for example_params_trigger_ui to None, run_after=None
[2026-07-16T05:27:35.710+0000] {processor.py:183} INFO - Processing /home/airflow/.local/lib/python3.8/site-packages/airflow/example_dags/example_params_trigger_ui.py took 0.134 seconds
[2026-07-16T05:28:05.836+0000] {processor.py:161} INFO - Started process (PID=765) to work on /home/airflow/.local/lib/python3.8/site-packages/airflow/example_dags/example_params_trigger_ui.py
[2026-07-16T05:28:05.838+0000] {processor.py:830} INFO - Processing file /home/airflow/.local/lib/python3.8/site-packages/airflow/example_dags/example_params_trigger_ui.py for tasks to queue
[2026-07-16T05:28:05.841+0000] {logging_mixin.py:188} INFO - [2026-07-16T05:28:05.840+0000] {dagbag.py:538} INFO - Filling up the DagBag from /home/airflow/.local/lib/python3.8/site-packages/airflow/example_dags/example_params_trigger_ui.py
[2026-07-16T05:28:05.865+0000] {processor.py:840} INFO - DAG(s) 'example_params_trigger_ui' retrieved from /home/airflow/.local/lib/python3.8/site-packages/airflow/example_dags/example_params_trigger_ui.py
[2026-07-16T05:28:05.938+0000] {logging_mixin.py:188} INFO - [2026-07-16T05:28:05.938+0000] {dag.py:3036} INFO - Sync 1 DAGs
[2026-07-16T05:28:05.952+0000] {logging_mixin.py:188} INFO - [2026-07-16T05:28:05.951+0000] {dag.py:3823} INFO - Setting next_dagrun for example_params_trigger_ui to None, run_after=None
[2026-07-16T05:28:05.979+0000] {processor.py:183} INFO - Processing /home/airflow/.local/lib/python3.8/site-packages/airflow/example_dags/example_params_trigger_ui.py took 0.150 seconds
[2026-07-16T05:28:36.810+0000] {processor.py:161} INFO - Started process (PID=821) to work on /home/airflow/.local/lib/python3.8/site-packages/airflow/example_dags/example_params_trigger_ui.py
[2026-07-16T05:28:36.813+0000] {processor.py:830} INFO - Processing file /home/airflow/.local/lib/python3.8/site-packages/airflow/example_dags/example_params_trigger_ui.py for tasks to queue
[2026-07-16T05:28:36.820+0000] {logging_mixin.py:188} INFO - [2026-07-16T05:28:36.819+0000] {dagbag.py:538} INFO - Filling up the DagBag from /home/airflow/.local/lib/python3.8/site-packages/airflow/example_dags/example_params_trigger_ui.py
[2026-07-16T05:28:36.886+0000] {processor.py:840} INFO - DAG(s) 'example_params_trigger_ui' retrieved from /home/airflow/.local/lib/python3.8/site-packages/airflow/example_dags/example_params_trigger_ui.py
[2026-07-16T05:28:37.020+0000] {logging_mixin.py:188} INFO - [2026-07-16T05:28:37.019+0000] {dag.py:3036} INFO - Sync 1 DAGs
[2026-07-16T05:28:37.053+0000] {logging_mixin.py:188} INFO - [2026-07-16T05:28:37.052+0000] {dag.py:3823} INFO - Setting next_dagrun for example_params_trigger_ui to None, run_after=None
[2026-07-16T05:28:37.120+0000] {processor.py:183} INFO - Processing /home/airflow/.local/lib/python3.8/site-packages/airflow/example_dags/example_params_trigger_ui.py took 0.324 seconds
[2026-07-16T05:29:07.720+0000] {processor.py:161} INFO - Started process (PID=877) to work on /home/airflow/.local/lib/python3.8/site-packages/airflow/example_dags/example_params_trigger_ui.py
[2026-07-16T05:29:07.726+0000] {processor.py:830} INFO - Processing file /home/airflow/.local/lib/python3.8/site-packages/airflow/example_dags/example_params_trigger_ui.py for tasks to queue
[2026-07-16T05:29:07.730+0000] {logging_mixin.py:188} INFO - [2026-07-16T05:29:07.729+0000] {dagbag.py:538} INFO - Filling up the DagBag from /home/airflow/.local/lib/python3.8/site-packages/airflow/example_dags/example_params_trigger_ui.py
[2026-07-16T05:29:07.754+0000] {processor.py:840} INFO - DAG(s) 'example_params_trigger_ui' retrieved from /home/airflow/.local/lib/python3.8/site-packages/airflow/example_dags/example_params_trigger_ui.py
[2026-07-16T05:29:07.830+0000] {logging_mixin.py:188} INFO - [2026-07-16T05:29:07.830+0000] {dag.py:3036} INFO - Sync 1 DAGs
[2026-07-16T05:29:07.846+0000] {logging_mixin.py:188} INFO - [2026-07-16T05:29:07.846+0000] {dag.py:3823} INFO - Setting next_dagrun for example_params_trigger_ui to None, run_after=None
[2026-07-16T05:29:07.877+0000] {processor.py:183} INFO - Processing /home/airflow/.local/lib/python3.8/site-packages/airflow/example_dags/example_params_trigger_ui.py took 0.162 seconds
[2026-07-16T05:29:38.269+0000] {processor.py:161} INFO - Started process (PID=933) to work on /home/airflow/.local/lib/python3.8/site-packages/airflow/example_dags/example_params_trigger_ui.py
[2026-07-16T05:29:38.271+0000] {processor.py:830} INFO - Processing file /home/airflow/.local/lib/python3.8/site-packages/airflow/example_dags/example_params_trigger_ui.py for tasks to queue
[2026-07-16T05:29:38.276+0000] {logging_mixin.py:188} INFO - [2026-07-16T05:29:38.275+0000] {dagbag.py:538} INFO - Filling up the DagBag from /home/airflow/.local/lib/python3.8/site-packages/airflow/example_dags/example_params_trigger_ui.py
[2026-07-16T05:29:38.320+0000] {processor.py:840} INFO - DAG(s) 'example_params_trigger_ui' retrieved from /home/airflow/.local/lib/python3.8/site-packages/airflow/example_dags/example_params_trigger_ui.py
[2026-07-16T05:29:38.455+0000] {logging_mixin.py:188} INFO - [2026-07-16T05:29:38.454+0000] {dag.py:3036} INFO - Sync 1 DAGs
[2026-07-16T05:29:38.491+0000] {logging_mixin.py:188} INFO - [2026-07-16T05:29:38.490+0000] {dag.py:3823} INFO - Setting next_dagrun for example_params_trigger_ui to None, run_after=None
[2026-07-16T05:29:38.545+0000] {processor.py:183} INFO - Processing /home/airflow/.local/lib/python3.8/site-packages/airflow/example_dags/example_params_trigger_ui.py took 0.284 seconds
[2026-07-16T05:30:09.002+0000] {processor.py:161} INFO - Started process (PID=989) to work on /home/airflow/.local/lib/python3.8/site-packages/airflow/example_dags/example_params_trigger_ui.py
[2026-07-16T05:30:09.004+0000] {processor.py:830} INFO - Processing file /home/airflow/.local/lib/python3.8/site-packages/airflow/example_dags/example_params_trigger_ui.py for tasks to queue
[2026-07-16T05:30:09.007+0000] {logging_mixin.py:188} INFO - [2026-07-16T05:30:09.006+0000] {dagbag.py:538} INFO - Filling up the DagBag from /home/airflow/.local/lib/python3.8/site-packages/airflow/example_dags/example_params_trigger_ui.py
[2026-07-16T05:30:09.026+0000] {processor.py:840} INFO - DAG(s) 'example_params_trigger_ui' retrieved from /home/airflow/.local/lib/python3.8/site-packages/airflow/example_dags/example_params_trigger_ui.py
[2026-07-16T05:30:09.120+0000] {logging_mixin.py:188} INFO - [2026-07-16T05:30:09.120+0000] {dag.py:3036} INFO - Sync 1 DAGs
[2026-07-16T05:30:09.136+0000] {logging_mixin.py:188} INFO - [2026-07-16T05:30:09.136+0000] {dag.py:3823} INFO - Setting next_dagrun for example_params_trigger_ui to None, run_after=None
[2026-07-16T05:30:09.175+0000] {processor.py:183} INFO - Processing /home/airflow/.local/lib/python3.8/site-packages/airflow/example_dags/example_params_trigger_ui.py took 0.180 seconds
[2026-07-16T05:30:39.537+0000] {processor.py:161} INFO - Started process (PID=1045) to work on /home/airflow/.local/lib/python3.8/site-packages/airflow/example_dags/example_params_trigger_ui.py
[2026-07-16T05:30:39.539+0000] {processor.py:830} INFO - Processing file /home/airflow/.local/lib/python3.8/site-packages/airflow/example_dags/example_params_trigger_ui.py for tasks to queue
[2026-07-16T05:30:39.541+0000] {logging_mixin.py:188} INFO - [2026-07-16T05:30:39.541+0000] {dagbag.py:538} INFO - Filling up the DagBag from /home/airflow/.local/lib/python3.8/site-packages/airflow/example_dags/example_params_trigger_ui.py
[2026-07-16T05:30:39.558+0000] {processor.py:840} INFO - DAG(s) 'example_params_trigger_ui' retrieved from /home/airflow/.local/lib/python3.8/site-packages/airflow/example_dags/example_params_trigger_ui.py
[2026-07-16T05:30:39.626+0000] {logging_mixin.py:188} INFO - [2026-07-16T05:30:39.625+0000] {dag.py:3036} INFO - Sync 1 DAGs
[2026-07-16T05:30:39.646+0000] {logging_mixin.py:188} INFO - [2026-07-16T05:30:39.646+0000] {dag.py:3823} INFO - Setting next_dagrun for example_params_trigger_ui to None, run_after=None
[2026-07-16T05:30:39.672+0000] {processor.py:183} INFO - Processing /home/airflow/.local/lib/python3.8/site-packages/airflow/example_dags/example_params_trigger_ui.py took 0.141 seconds
[2026-07-16T05:31:10.415+0000] {processor.py:161} INFO - Started process (PID=1101) to work on /home/airflow/.local/lib/python3.8/site-packages/airflow/example_dags/example_params_trigger_ui.py
[2026-07-16T05:31:10.418+0000] {processor.py:830} INFO - Processing file /home/airflow/.local/lib/python3.8/site-packages/airflow/example_dags/example_params_trigger_ui.py for tasks to queue
[2026-07-16T05:31:10.422+0000] {logging_mixin.py:188} INFO - [2026-07-16T05:31:10.421+0000] {dagbag.py:538} INFO - Filling up the DagBag from /home/airflow/.local/lib/python3.8/site-packages/airflow/example_dags/example_params_trigger_ui.py
[2026-07-16T05:31:10.442+0000] {processor.py:840} INFO - DAG(s) 'example_params_trigger_ui' retrieved from /home/airflow/.local/lib/python3.8/site-packages/airflow/example_dags/example_params_trigger_ui.py
[2026-07-16T05:31:10.521+0000] {logging_mixin.py:188} INFO - [2026-07-16T05:31:10.520+0000] {dag.py:3036} INFO - Sync 1 DAGs
[2026-07-16T05:31:10.539+0000] {logging_mixin.py:188} INFO - [2026-07-16T05:31:10.538+0000] {dag.py:3823} INFO - Setting next_dagrun for example_params_trigger_ui to None, run_after=None
[2026-07-16T05:31:10.567+0000] {processor.py:183} INFO - Processing /home/airflow/.local/lib/python3.8/site-packages/airflow/example_dags/example_params_trigger_ui.py took 0.157 seconds
[2026-07-16T05:31:40.709+0000] {processor.py:161} INFO - Started process (PID=1157) to work on /home/airflow/.local/lib/python3.8/site-packages/airflow/example_dags/example_params_trigger_ui.py
[2026-07-16T05:31:40.710+0000] {processor.py:830} INFO - Processing file /home/airflow/.local/lib/python3.8/site-packages/airflow/example_dags/example_params_trigger_ui.py for tasks to queue
[2026-07-16T05:31:40.712+0000] {logging_mixin.py:188} INFO - [2026-07-16T05:31:40.712+0000] {dagbag.py:538} INFO - Filling up the DagBag from /home/airflow/.local/lib/python3.8/site-packages/airflow/example_dags/example_params_trigger_ui.py
[2026-07-16T05:31:40.723+0000] {processor.py:840} INFO - DAG(s) 'example_params_trigger_ui' retrieved from /home/airflow/.local/lib/python3.8/site-packages/airflow/example_dags/example_params_trigger_ui.py
[2026-07-16T05:31:40.756+0000] {logging_mixin.py:188} INFO - [2026-07-16T05:31:40.756+0000] {dag.py:3036} INFO - Sync 1 DAGs
[2026-07-16T05:31:40.765+0000] {logging_mixin.py:188} INFO - [2026-07-16T05:31:40.765+0000] {dag.py:3823} INFO - Setting next_dagrun for example_params_trigger_ui to None, run_after=None
[2026-07-16T05:31:40.780+0000] {processor.py:183} INFO - Processing /home/airflow/.local/lib/python3.8/site-packages/airflow/example_dags/example_params_trigger_ui.py took 0.074 seconds
[2026-07-16T05:32:11.325+0000] {processor.py:161} INFO - Started process (PID=1213) to work on /home/airflow/.local/lib/python3.8/site-packages/airflow/example_dags/example_params_trigger_ui.py
[2026-07-16T05:32:11.328+0000] {processor.py:830} INFO - Processing file /home/airflow/.local/lib/python3.8/site-packages/airflow/example_dags/example_params_trigger_ui.py for tasks to queue
[2026-07-16T05:32:11.331+0000] {logging_mixin.py:188} INFO - [2026-07-16T05:32:11.330+0000] {dagbag.py:538} INFO - Filling up the DagBag from /home/airflow/.local/lib/python3.8/site-packages/airflow/example_dags/example_params_trigger_ui.py
[2026-07-16T05:32:11.355+0000] {processor.py:840} INFO - DAG(s) 'example_params_trigger_ui' retrieved from /home/airflow/.local/lib/python3.8/site-packages/airflow/example_dags/example_params_trigger_ui.py
[2026-07-16T05:32:11.410+0000] {logging_mixin.py:188} INFO - [2026-07-16T05:32:11.410+0000] {dag.py:3036} INFO - Sync 1 DAGs
[2026-07-16T05:32:11.419+0000] {logging_mixin.py:188} INFO - [2026-07-16T05:32:11.419+0000] {dag.py:3823} INFO - Setting next_dagrun for example_params_trigger_ui to None, run_after=None
[2026-07-16T05:32:11.438+0000] {processor.py:183} INFO - Processing /home/airflow/.local/lib/python3.8/site-packages/airflow/example_dags/example_params_trigger_ui.py took 0.121 seconds
[2026-07-16T05:32:41.878+0000] {processor.py:161} INFO - Started process (PID=1269) to work on /home/airflow/.local/lib/python3.8/site-packages/airflow/example_dags/example_params_trigger_ui.py
[2026-07-16T05:32:41.879+0000] {processor.py:830} INFO - Processing file /home/airflow/.local/lib/python3.8/site-packages/airflow/example_dags/example_params_trigger_ui.py for tasks to queue
[2026-07-16T05:32:41.881+0000] {logging_mixin.py:188} INFO - [2026-07-16T05:32:41.880+0000] {dagbag.py:538} INFO - Filling up the DagBag from /home/airflow/.local/lib/python3.8/site-packages/airflow/example_dags/example_params_trigger_ui.py
[2026-07-16T05:32:41.891+0000] {processor.py:840} INFO - DAG(s) 'example_params_trigger_ui' retrieved from /home/airflow/.local/lib/python3.8/site-packages/airflow/example_dags/example_params_trigger_ui.py
[2026-07-16T05:32:41.922+0000] {logging_mixin.py:188} INFO - [2026-07-16T05:32:41.922+0000] {dag.py:3036} INFO - Sync 1 DAGs
[2026-07-16T05:32:41.931+0000] {logging_mixin.py:188} INFO - [2026-07-16T05:32:41.931+0000] {dag.py:3823} INFO - Setting next_dagrun for example_params_trigger_ui to None, run_after=None
[2026-07-16T05:32:41.945+0000] {processor.py:183} INFO - Processing /home/airflow/.local/lib/python3.8/site-packages/airflow/example_dags/example_params_trigger_ui.py took 0.070 seconds
[2026-07-16T05:33:12.812+0000] {processor.py:161} INFO - Started process (PID=1325) to work on /home/airflow/.local/lib/python3.8/site-packages/airflow/example_dags/example_params_trigger_ui.py
[2026-07-16T05:33:12.814+0000] {processor.py:830} INFO - Processing file /home/airflow/.local/lib/python3.8/site-packages/airflow/example_dags/example_params_trigger_ui.py for tasks to queue
[2026-07-16T05:33:12.818+0000] {logging_mixin.py:188} INFO - [2026-07-16T05:33:12.817+0000] {dagbag.py:538} INFO - Filling up the DagBag from /home/airflow/.local/lib/python3.8/site-packages/airflow/example_dags/example_params_trigger_ui.py
[2026-07-16T05:33:12.838+0000] {processor.py:840} INFO - DAG(s) 'example_params_trigger_ui' retrieved from /home/airflow/.local/lib/python3.8/site-packages/airflow/example_dags/example_params_trigger_ui.py
[2026-07-16T05:33:12.913+0000] {logging_mixin.py:188} INFO - [2026-07-16T05:33:12.913+0000] {dag.py:3036} INFO - Sync 1 DAGs
[2026-07-16T05:33:12.934+0000] {logging_mixin.py:188} INFO - [2026-07-16T05:33:12.933+0000] {dag.py:3823} INFO - Setting next_dagrun for example_params_trigger_ui to None, run_after=None
[2026-07-16T05:33:12.976+0000] {processor.py:183} INFO - Processing /home/airflow/.local/lib/python3.8/site-packages/airflow/example_dags/example_params_trigger_ui.py took 0.169 seconds
[2026-07-16T05:33:43.303+0000] {processor.py:161} INFO - Started process (PID=1381) to work on /home/airflow/.local/lib/python3.8/site-packages/airflow/example_dags/example_params_trigger_ui.py
[2026-07-16T05:33:43.304+0000] {processor.py:830} INFO - Processing file /home/airflow/.local/lib/python3.8/site-packages/airflow/example_dags/example_params_trigger_ui.py for tasks to queue
[2026-07-16T05:33:43.306+0000] {logging_mixin.py:188} INFO - [2026-07-16T05:33:43.306+0000] {dagbag.py:538} INFO - Filling up the DagBag from /home/airflow/.local/lib/python3.8/site-packages/airflow/example_dags/example_params_trigger_ui.py
[2026-07-16T05:33:43.319+0000] {processor.py:840} INFO - DAG(s) 'example_params_trigger_ui' retrieved from /home/airflow/.local/lib/python3.8/site-packages/airflow/example_dags/example_params_trigger_ui.py
[2026-07-16T05:33:43.357+0000] {logging_mixin.py:188} INFO - [2026-07-16T05:33:43.356+0000] {dag.py:3036} INFO - Sync 1 DAGs
[2026-07-16T05:33:43.366+0000] {logging_mixin.py:188} INFO - [2026-07-16T05:33:43.366+0000] {dag.py:3823} INFO - Setting next_dagrun for example_params_trigger_ui to None, run_after=None
[2026-07-16T05:33:43.382+0000] {processor.py:183} INFO - Processing /home/airflow/.local/lib/python3.8/site-packages/airflow/example_dags/example_params_trigger_ui.py took 0.082 seconds
[2026-07-16T05:34:13.835+0000] {processor.py:161} INFO - Started process (PID=1437) to work on /home/airflow/.local/lib/python3.8/site-packages/airflow/example_dags/example_params_trigger_ui.py
[2026-07-16T05:34:13.837+0000] {processor.py:830} INFO - Processing file /home/airflow/.local/lib/python3.8/site-packages/airflow/example_dags/example_params_trigger_ui.py for tasks to queue
[2026-07-16T05:34:13.840+0000] {logging_mixin.py:188} INFO - [2026-07-16T05:34:13.840+0000] {dagbag.py:538} INFO - Filling up the DagBag from /home/airflow/.local/lib/python3.8/site-packages/airflow/example_dags/example_params_trigger_ui.py
[2026-07-16T05:34:13.856+0000] {processor.py:840} INFO - DAG(s) 'example_params_trigger_ui' retrieved from /home/airflow/.local/lib/python3.8/site-packages/airflow/example_dags/example_params_trigger_ui.py
[2026-07-16T05:34:13.909+0000] {logging_mixin.py:188} INFO - [2026-07-16T05:34:13.909+0000] {dag.py:3036} INFO - Sync 1 DAGs
[2026-07-16T05:34:13.924+0000] {logging_mixin.py:188} INFO - [2026-07-16T05:34:13.923+0000] {dag.py:3823} INFO - Setting next_dagrun for example_params_trigger_ui to None, run_after=None
[2026-07-16T05:34:13.954+0000] {processor.py:183} INFO - Processing /home/airflow/.local/lib/python3.8/site-packages/airflow/example_dags/example_params_trigger_ui.py took 0.125 seconds
[2026-07-16T05:34:44.166+0000] {processor.py:161} INFO - Started process (PID=1493) to work on /home/airflow/.local/lib/python3.8/site-packages/airflow/example_dags/example_params_trigger_ui.py
[2026-07-16T05:34:44.168+0000] {processor.py:830} INFO - Processing file /home/airflow/.local/lib/python3.8/site-packages/airflow/example_dags/example_params_trigger_ui.py for tasks to queue
[2026-07-16T05:34:44.170+0000] {logging_mixin.py:188} INFO - [2026-07-16T05:34:44.169+0000] {dagbag.py:538} INFO - Filling up the DagBag from /home/airflow/.local/lib/python3.8/site-packages/airflow/example_dags/example_params_trigger_ui.py
[2026-07-16T05:34:44.182+0000] {processor.py:840} INFO - DAG(s) 'example_params_trigger_ui' retrieved from /home/airflow/.local/lib/python3.8/site-packages/airflow/example_dags/example_params_trigger_ui.py
[2026-07-16T05:34:44.226+0000] {logging_mixin.py:188} INFO - [2026-07-16T05:34:44.226+0000] {dag.py:3036} INFO - Sync 1 DAGs
[2026-07-16T05:34:44.236+0000] {logging_mixin.py:188} INFO - [2026-07-16T05:34:44.236+0000] {dag.py:3823} INFO - Setting next_dagrun for example_params_trigger_ui to None, run_after=None
[2026-07-16T05:34:44.259+0000] {processor.py:183} INFO - Processing /home/airflow/.local/lib/python3.8/site-packages/airflow/example_dags/example_params_trigger_ui.py took 0.098 seconds
[2026-07-16T05:35:14.620+0000] {processor.py:161} INFO - Started process (PID=1549) to work on /home/airflow/.local/lib/python3.8/site-packages/airflow/example_dags/example_params_trigger_ui.py
[2026-07-16T05:35:14.621+0000] {processor.py:830} INFO - Processing file /home/airflow/.local/lib/python3.8/site-packages/airflow/example_dags/example_params_trigger_ui.py for tasks to queue
[2026-07-16T05:35:14.624+0000] {logging_mixin.py:188} INFO - [2026-07-16T05:35:14.624+0000] {dagbag.py:538} INFO - Filling up the DagBag from /home/airflow/.local/lib/python3.8/site-packages/airflow/example_dags/example_params_trigger_ui.py
[2026-07-16T05:35:14.636+0000] {processor.py:840} INFO - DAG(s) 'example_params_trigger_ui' retrieved from /home/airflow/.local/lib/python3.8/site-packages/airflow/example_dags/example_params_trigger_ui.py
[2026-07-16T05:35:14.688+0000] {logging_mixin.py:188} INFO - [2026-07-16T05:35:14.688+0000] {dag.py:3036} INFO - Sync 1 DAGs
[2026-07-16T05:35:14.699+0000] {logging_mixin.py:188} INFO - [2026-07-16T05:35:14.698+0000] {dag.py:3823} INFO - Setting next_dagrun for example_params_trigger_ui to None, run_after=None
[2026-07-16T05:35:14.716+0000] {processor.py:183} INFO - Processing /home/airflow/.local/lib/python3.8/site-packages/airflow/example_dags/example_params_trigger_ui.py took 0.101 seconds
[2026-07-16T05:35:45.324+0000] {processor.py:161} INFO - Started process (PID=1605) to work on /home/airflow/.local/lib/python3.8/site-packages/airflow/example_dags/example_params_trigger_ui.py
[2026-07-16T05:35:45.326+0000] {processor.py:830} INFO - Processing file /home/airflow/.local/lib/python3.8/site-packages/airflow/example_dags/example_params_trigger_ui.py for tasks to queue
[2026-07-16T05:35:45.327+0000] {logging_mixin.py:188} INFO - [2026-07-16T05:35:45.327+0000] {dagbag.py:538} INFO - Filling up the DagBag from /home/airflow/.local/lib/python3.8/site-packages/airflow/example_dags/example_params_trigger_ui.py
[2026-07-16T05:35:45.346+0000] {processor.py:840} INFO - DAG(s) 'example_params_trigger_ui' retrieved from /home/airflow/.local/lib/python3.8/site-packages/airflow/example_dags/example_params_trigger_ui.py
[2026-07-16T05:35:45.388+0000] {logging_mixin.py:188} INFO - [2026-07-16T05:35:45.388+0000] {dag.py:3036} INFO - Sync 1 DAGs
[2026-07-16T05:35:45.400+0000] {logging_mixin.py:188} INFO - [2026-07-16T05:35:45.399+0000] {dag.py:3823} INFO - Setting next_dagrun for example_params_trigger_ui to None, run_after=None
[2026-07-16T05:35:45.419+0000] {processor.py:183} INFO - Processing /home/airflow/.local/lib/python3.8/site-packages/airflow/example_dags/example_params_trigger_ui.py took 0.099 seconds
[2026-07-16T05:36:15.592+0000] {processor.py:161} INFO - Started process (PID=1661) to work on /home/airflow/.local/lib/python3.8/site-packages/airflow/example_dags/example_params_trigger_ui.py
[2026-07-16T05:36:15.593+0000] {processor.py:830} INFO - Processing file /home/airflow/.local/lib/python3.8/site-packages/airflow/example_dags/example_params_trigger_ui.py for tasks to queue
[2026-07-16T05:36:15.597+0000] {logging_mixin.py:188} INFO - [2026-07-16T05:36:15.597+0000] {dagbag.py:538} INFO - Filling up the DagBag from /home/airflow/.local/lib/python3.8/site-packages/airflow/example_dags/example_params_trigger_ui.py
[2026-07-16T05:36:15.611+0000] {processor.py:840} INFO - DAG(s) 'example_params_trigger_ui' retrieved from /home/airflow/.local/lib/python3.8/site-packages/airflow/example_dags/example_params_trigger_ui.py
[2026-07-16T05:36:15.658+0000] {logging_mixin.py:188} INFO - [2026-07-16T05:36:15.658+0000] {dag.py:3036} INFO - Sync 1 DAGs
[2026-07-16T05:36:15.673+0000] {logging_mixin.py:188} INFO - [2026-07-16T05:36:15.673+0000] {dag.py:3823} INFO - Setting next_dagrun for example_params_trigger_ui to None, run_after=None
[2026-07-16T05:36:15.697+0000] {processor.py:183} INFO - Processing /home/airflow/.local/lib/python3.8/site-packages/airflow/example_dags/example_params_trigger_ui.py took 0.109 seconds
[2026-07-16T05:36:46.002+0000] {processor.py:161} INFO - Started process (PID=1718) to work on /home/airflow/.local/lib/python3.8/site-packages/airflow/example_dags/example_params_trigger_ui.py
[2026-07-16T05:36:46.003+0000] {processor.py:830} INFO - Processing file /home/airflow/.local/lib/python3.8/site-packages/airflow/example_dags/example_params_trigger_ui.py for tasks to queue
[2026-07-16T05:36:46.004+0000] {logging_mixin.py:188} INFO - [2026-07-16T05:36:46.004+0000] {dagbag.py:538} INFO - Filling up the DagBag from /home/airflow/.local/lib/python3.8/site-packages/airflow/example_dags/example_params_trigger_ui.py
[2026-07-16T05:36:46.015+0000] {processor.py:840} INFO - DAG(s) 'example_params_trigger_ui' retrieved from /home/airflow/.local/lib/python3.8/site-packages/airflow/example_dags/example_params_trigger_ui.py
[2026-07-16T05:36:46.050+0000] {logging_mixin.py:188} INFO - [2026-07-16T05:36:46.050+0000] {dag.py:3036} INFO - Sync 1 DAGs
[2026-07-16T05:36:46.059+0000] {logging_mixin.py:188} INFO - [2026-07-16T05:36:46.059+0000] {dag.py:3823} INFO - Setting next_dagrun for example_params_trigger_ui to None, run_after=None
[2026-07-16T05:36:46.076+0000] {processor.py:183} INFO - Processing /home/airflow/.local/lib/python3.8/site-packages/airflow/example_dags/example_params_trigger_ui.py took 0.078 seconds
[2026-07-16T05:37:16.370+0000] {processor.py:161} INFO - Started process (PID=1774) to work on /home/airflow/.local/lib/python3.8/site-packages/airflow/example_dags/example_params_trigger_ui.py
[2026-07-16T05:37:16.372+0000] {processor.py:830} INFO - Processing file /home/airflow/.local/lib/python3.8/site-packages/airflow/example_dags/example_params_trigger_ui.py for tasks to queue
[2026-07-16T05:37:16.375+0000] {logging_mixin.py:188} INFO - [2026-07-16T05:37:16.374+0000] {dagbag.py:538} INFO - Filling up the DagBag from /home/airflow/.local/lib/python3.8/site-packages/airflow/example_dags/example_params_trigger_ui.py
[2026-07-16T05:37:16.401+0000] {processor.py:840} INFO - DAG(s) 'example_params_trigger_ui' retrieved from /home/airflow/.local/lib/python3.8/site-packages/airflow/example_dags/example_params_trigger_ui.py
[2026-07-16T05:37:16.464+0000] {logging_mixin.py:188} INFO - [2026-07-16T05:37:16.464+0000] {dag.py:3036} INFO - Sync 1 DAGs
[2026-07-16T05:37:16.478+0000] {logging_mixin.py:188} INFO - [2026-07-16T05:37:16.477+0000] {dag.py:3823} INFO - Setting next_dagrun for example_params_trigger_ui to None, run_after=None
[2026-07-16T05:37:16.505+0000] {processor.py:183} INFO - Processing /home/airflow/.local/lib/python3.8/site-packages/airflow/example_dags/example_params_trigger_ui.py took 0.139 seconds
[2026-07-16T05:37:46.768+0000] {processor.py:161} INFO - Started process (PID=1830) to work on /home/airflow/.local/lib/python3.8/site-packages/airflow/example_dags/example_params_trigger_ui.py
[2026-07-16T05:37:46.770+0000] {processor.py:830} INFO - Processing file /home/airflow/.local/lib/python3.8/site-packages/airflow/example_dags/example_params_trigger_ui.py for tasks to queue
[2026-07-16T05:37:46.774+0000] {logging_mixin.py:188} INFO - [2026-07-16T05:37:46.773+0000] {dagbag.py:538} INFO - Filling up the DagBag from /home/airflow/.local/lib/python3.8/site-packages/airflow/example_dags/example_params_trigger_ui.py
[2026-07-16T05:37:46.793+0000] {processor.py:840} INFO - DAG(s) 'example_params_trigger_ui' retrieved from /home/airflow/.local/lib/python3.8/site-packages/airflow/example_dags/example_params_trigger_ui.py
[2026-07-16T05:37:46.844+0000] {logging_mixin.py:188} INFO - [2026-07-16T05:37:46.844+0000] {dag.py:3036} INFO - Sync 1 DAGs
[2026-07-16T05:37:46.859+0000] {logging_mixin.py:188} INFO - [2026-07-16T05:37:46.858+0000] {dag.py:3823} INFO - Setting next_dagrun for example_params_trigger_ui to None, run_after=None
[2026-07-16T05:37:46.881+0000] {processor.py:183} INFO - Processing /home/airflow/.local/lib/python3.8/site-packages/airflow/example_dags/example_params_trigger_ui.py took 0.117 seconds
[2026-07-16T05:38:17.084+0000] {processor.py:161} INFO - Started process (PID=1886) to work on /home/airflow/.local/lib/python3.8/site-packages/airflow/example_dags/example_params_trigger_ui.py
[2026-07-16T05:38:17.085+0000] {processor.py:830} INFO - Processing file /home/airflow/.local/lib/python3.8/site-packages/airflow/example_dags/example_params_trigger_ui.py for tasks to queue
[2026-07-16T05:38:17.087+0000] {logging_mixin.py:188} INFO - [2026-07-16T05:38:17.086+0000] {dagbag.py:538} INFO - Filling up the DagBag from /home/airflow/.local/lib/python3.8/site-packages/airflow/example_dags/example_params_trigger_ui.py
[2026-07-16T05:38:17.098+0000] {processor.py:840} INFO - DAG(s) 'example_params_trigger_ui' retrieved from /home/airflow/.local/lib/python3.8/site-packages/airflow/example_dags/example_params_trigger_ui.py
[2026-07-16T05:38:17.135+0000] {logging_mixin.py:188} INFO - [2026-07-16T05:38:17.134+0000] {dag.py:3036} INFO - Sync 1 DAGs
[2026-07-16T05:38:17.145+0000] {logging_mixin.py:188} INFO - [2026-07-16T05:38:17.145+0000] {dag.py:3823} INFO - Setting next_dagrun for example_params_trigger_ui to None, run_after=None
[2026-07-16T05:38:17.164+0000] {processor.py:183} INFO - Processing /home/airflow/.local/lib/python3.8/site-packages/airflow/example_dags/example_params_trigger_ui.py took 0.083 seconds
[2026-07-16T05:38:47.297+0000] {processor.py:161} INFO - Started process (PID=1942) to work on /home/airflow/.local/lib/python3.8/site-packages/airflow/example_dags/example_params_trigger_ui.py
[2026-07-16T05:38:47.299+0000] {processor.py:830} INFO - Processing file /home/airflow/.local/lib/python3.8/site-packages/airflow/example_dags/example_params_trigger_ui.py for tasks to queue
[2026-07-16T05:38:47.301+0000] {logging_mixin.py:188} INFO - [2026-07-16T05:38:47.301+0000] {dagbag.py:538} INFO - Filling up the DagBag from /home/airflow/.local/lib/python3.8/site-packages/airflow/example_dags/example_params_trigger_ui.py
[2026-07-16T05:38:47.318+0000] {processor.py:840} INFO - DAG(s) 'example_params_trigger_ui' retrieved from /home/airflow/.local/lib/python3.8/site-packages/airflow/example_dags/example_params_trigger_ui.py
[2026-07-16T05:38:47.366+0000] {logging_mixin.py:188} INFO - [2026-07-16T05:38:47.366+0000] {dag.py:3036} INFO - Sync 1 DAGs
[2026-07-16T05:38:47.377+0000] {logging_mixin.py:188} INFO - [2026-07-16T05:38:47.377+0000] {dag.py:3823} INFO - Setting next_dagrun for example_params_trigger_ui to None, run_after=None
[2026-07-16T05:38:47.413+0000] {processor.py:183} INFO - Processing /home/airflow/.local/lib/python3.8/site-packages/airflow/example_dags/example_params_trigger_ui.py took 0.119 seconds
[2026-07-16T05:39:17.580+0000] {processor.py:161} INFO - Started process (PID=1996) to work on /home/airflow/.local/lib/python3.8/site-packages/airflow/example_dags/example_params_trigger_ui.py
[2026-07-16T05:39:17.582+0000] {processor.py:830} INFO - Processing file /home/airflow/.local/lib/python3.8/site-packages/airflow/example_dags/example_params_trigger_ui.py for tasks to queue
[2026-07-16T05:39:17.584+0000] {logging_mixin.py:188} INFO - [2026-07-16T05:39:17.584+0000] {dagbag.py:538} INFO - Filling up the DagBag from /home/airflow/.local/lib/python3.8/site-packages/airflow/example_dags/example_params_trigger_ui.py
[2026-07-16T05:39:17.597+0000] {processor.py:840} INFO - DAG(s) 'example_params_trigger_ui' retrieved from /home/airflow/.local/lib/python3.8/site-packages/airflow/example_dags/example_params_trigger_ui.py
[2026-07-16T05:39:17.639+0000] {logging_mixin.py:188} INFO - [2026-07-16T05:39:17.639+0000] {dag.py:3036} INFO - Sync 1 DAGs
[2026-07-16T05:39:17.650+0000] {logging_mixin.py:188} INFO - [2026-07-16T05:39:17.650+0000] {dag.py:3823} INFO - Setting next_dagrun for example_params_trigger_ui to None, run_after=None
[2026-07-16T05:39:17.669+0000] {processor.py:183} INFO - Processing /home/airflow/.local/lib/python3.8/site-packages/airflow/example_dags/example_params_trigger_ui.py took 0.092 seconds
[2026-07-16T05:39:47.809+0000] {processor.py:161} INFO - Started process (PID=2052) to work on /home/airflow/.local/lib/python3.8/site-packages/airflow/example_dags/example_params_trigger_ui.py
[2026-07-16T05:39:47.810+0000] {processor.py:830} INFO - Processing file /home/airflow/.local/lib/python3.8/site-packages/airflow/example_dags/example_params_trigger_ui.py for tasks to queue
[2026-07-16T05:39:47.812+0000] {logging_mixin.py:188} INFO - [2026-07-16T05:39:47.812+0000] {dagbag.py:538} INFO - Filling up the DagBag from /home/airflow/.local/lib/python3.8/site-packages/airflow/example_dags/example_params_trigger_ui.py
[2026-07-16T05:39:47.828+0000] {processor.py:840} INFO - DAG(s) 'example_params_trigger_ui' retrieved from /home/airflow/.local/lib/python3.8/site-packages/airflow/example_dags/example_params_trigger_ui.py
[2026-07-16T05:39:47.878+0000] {logging_mixin.py:188} INFO - [2026-07-16T05:39:47.878+0000] {dag.py:3036} INFO - Sync 1 DAGs
[2026-07-16T05:39:47.892+0000] {logging_mixin.py:188} INFO - [2026-07-16T05:39:47.892+0000] {dag.py:3823} INFO - Setting next_dagrun for example_params_trigger_ui to None, run_after=None
[2026-07-16T05:39:47.915+0000] {processor.py:183} INFO - Processing /home/airflow/.local/lib/python3.8/site-packages/airflow/example_dags/example_params_trigger_ui.py took 0.110 seconds
[2026-07-16T05:40:18.021+0000] {processor.py:161} INFO - Started process (PID=2108) to work on /home/airflow/.local/lib/python3.8/site-packages/airflow/example_dags/example_params_trigger_ui.py
[2026-07-16T05:40:18.022+0000] {processor.py:830} INFO - Processing file /home/airflow/.local/lib/python3.8/site-packages/airflow/example_dags/example_params_trigger_ui.py for tasks to queue
[2026-07-16T05:40:18.025+0000] {logging_mixin.py:188} INFO - [2026-07-16T05:40:18.024+0000] {dagbag.py:538} INFO - Filling up the DagBag from /home/airflow/.local/lib/python3.8/site-packages/airflow/example_dags/example_params_trigger_ui.py
[2026-07-16T05:40:18.036+0000] {processor.py:840} INFO - DAG(s) 'example_params_trigger_ui' retrieved from /home/airflow/.local/lib/python3.8/site-packages/airflow/example_dags/example_params_trigger_ui.py
[2026-07-16T05:40:18.073+0000] {logging_mixin.py:188} INFO - [2026-07-16T05:40:18.073+0000] {dag.py:3036} INFO - Sync 1 DAGs
[2026-07-16T05:40:18.084+0000] {logging_mixin.py:188} INFO - [2026-07-16T05:40:18.083+0000] {dag.py:3823} INFO - Setting next_dagrun for example_params_trigger_ui to None, run_after=None
[2026-07-16T05:40:18.100+0000] {processor.py:183} INFO - Processing /home/airflow/.local/lib/python3.8/site-packages/airflow/example_dags/example_params_trigger_ui.py took 0.083 seconds
[2026-07-16T05:40:48.431+0000] {processor.py:161} INFO - Started process (PID=2164) to work on /home/airflow/.local/lib/python3.8/site-packages/airflow/example_dags/example_params_trigger_ui.py
[2026-07-16T05:40:48.433+0000] {processor.py:830} INFO - Processing file /home/airflow/.local/lib/python3.8/site-packages/airflow/example_dags/example_params_trigger_ui.py for tasks to queue
[2026-07-16T05:40:48.436+0000] {logging_mixin.py:188} INFO - [2026-07-16T05:40:48.436+0000] {dagbag.py:538} INFO - Filling up the DagBag from /home/airflow/.local/lib/python3.8/site-packages/airflow/example_dags/example_params_trigger_ui.py
[2026-07-16T05:40:48.453+0000] {processor.py:840} INFO - DAG(s) 'example_params_trigger_ui' retrieved from /home/airflow/.local/lib/python3.8/site-packages/airflow/example_dags/example_params_trigger_ui.py
[2026-07-16T05:40:48.524+0000] {logging_mixin.py:188} INFO - [2026-07-16T05:40:48.524+0000] {dag.py:3036} INFO - Sync 1 DAGs
[2026-07-16T05:40:48.542+0000] {logging_mixin.py:188} INFO - [2026-07-16T05:40:48.542+0000] {dag.py:3823} INFO - Setting next_dagrun for example_params_trigger_ui to None, run_after=None
[2026-07-16T05:40:48.580+0000] {processor.py:183} INFO - Processing /home/airflow/.local/lib/python3.8/site-packages/airflow/example_dags/example_params_trigger_ui.py took 0.156 seconds
[2026-07-16T05:41:18.771+0000] {processor.py:161} INFO - Started process (PID=2220) to work on /home/airflow/.local/lib/python3.8/site-packages/airflow/example_dags/example_params_trigger_ui.py
[2026-07-16T05:41:18.774+0000] {processor.py:830} INFO - Processing file /home/airflow/.local/lib/python3.8/site-packages/airflow/example_dags/example_params_trigger_ui.py for tasks to queue
[2026-07-16T05:41:18.776+0000] {logging_mixin.py:188} INFO - [2026-07-16T05:41:18.775+0000] {dagbag.py:538} INFO - Filling up the DagBag from /home/airflow/.local/lib/python3.8/site-packages/airflow/example_dags/example_params_trigger_ui.py
[2026-07-16T05:41:18.789+0000] {processor.py:840} INFO - DAG(s) 'example_params_trigger_ui' retrieved from /home/airflow/.local/lib/python3.8/site-packages/airflow/example_dags/example_params_trigger_ui.py
[2026-07-16T05:41:18.827+0000] {logging_mixin.py:188} INFO - [2026-07-16T05:41:18.827+0000] {dag.py:3036} INFO - Sync 1 DAGs
[2026-07-16T05:41:18.837+0000] {logging_mixin.py:188} INFO - [2026-07-16T05:41:18.837+0000] {dag.py:3823} INFO - Setting next_dagrun for example_params_trigger_ui to None, run_after=None
[2026-07-16T05:41:18.852+0000] {processor.py:183} INFO - Processing /home/airflow/.local/lib/python3.8/site-packages/airflow/example_dags/example_params_trigger_ui.py took 0.084 seconds
[2026-07-16T05:41:49.604+0000] {processor.py:161} INFO - Started process (PID=2276) to work on /home/airflow/.local/lib/python3.8/site-packages/airflow/example_dags/example_params_trigger_ui.py
[2026-07-16T05:41:49.605+0000] {processor.py:830} INFO - Processing file /home/airflow/.local/lib/python3.8/site-packages/airflow/example_dags/example_params_trigger_ui.py for tasks to queue
[2026-07-16T05:41:49.607+0000] {logging_mixin.py:188} INFO - [2026-07-16T05:41:49.606+0000] {dagbag.py:538} INFO - Filling up the DagBag from /home/airflow/.local/lib/python3.8/site-packages/airflow/example_dags/example_params_trigger_ui.py
[2026-07-16T05:41:49.618+0000] {processor.py:840} INFO - DAG(s) 'example_params_trigger_ui' retrieved from /home/airflow/.local/lib/python3.8/site-packages/airflow/example_dags/example_params_trigger_ui.py
[2026-07-16T05:41:49.654+0000] {logging_mixin.py:188} INFO - [2026-07-16T05:41:49.653+0000] {dag.py:3036} INFO - Sync 1 DAGs
[2026-07-16T05:41:49.663+0000] {logging_mixin.py:188} INFO - [2026-07-16T05:41:49.662+0000] {dag.py:3823} INFO - Setting next_dagrun for example_params_trigger_ui to None, run_after=None
[2026-07-16T05:41:49.679+0000] {processor.py:183} INFO - Processing /home/airflow/.local/lib/python3.8/site-packages/airflow/example_dags/example_params_trigger_ui.py took 0.079 seconds
[2026-07-16T05:42:19.813+0000] {processor.py:161} INFO - Started process (PID=2332) to work on /home/airflow/.local/lib/python3.8/site-packages/airflow/example_dags/example_params_trigger_ui.py
[2026-07-16T05:42:19.815+0000] {processor.py:830} INFO - Processing file /home/airflow/.local/lib/python3.8/site-packages/airflow/example_dags/example_params_trigger_ui.py for tasks to queue
[2026-07-16T05:42:19.817+0000] {logging_mixin.py:188} INFO - [2026-07-16T05:42:19.816+0000] {dagbag.py:538} INFO - Filling up the DagBag from /home/airflow/.local/lib/python3.8/site-packages/airflow/example_dags/example_params_trigger_ui.py
[2026-07-16T05:42:19.829+0000] {processor.py:840} INFO - DAG(s) 'example_params_trigger_ui' retrieved from /home/airflow/.local/lib/python3.8/site-packages/airflow/example_dags/example_params_trigger_ui.py
[2026-07-16T05:42:19.866+0000] {logging_mixin.py:188} INFO - [2026-07-16T05:42:19.865+0000] {dag.py:3036} INFO - Sync 1 DAGs
[2026-07-16T05:42:19.875+0000] {logging_mixin.py:188} INFO - [2026-07-16T05:42:19.874+0000] {dag.py:3823} INFO - Setting next_dagrun for example_params_trigger_ui to None, run_after=None
[2026-07-16T05:42:19.891+0000] {processor.py:183} INFO - Processing /home/airflow/.local/lib/python3.8/site-packages/airflow/example_dags/example_params_trigger_ui.py took 0.082 seconds
[2026-07-16T05:42:49.945+0000] {processor.py:161} INFO - Started process (PID=2388) to work on /home/airflow/.local/lib/python3.8/site-packages/airflow/example_dags/example_params_trigger_ui.py
[2026-07-16T05:42:49.948+0000] {processor.py:830} INFO - Processing file /home/airflow/.local/lib/python3.8/site-packages/airflow/example_dags/example_params_trigger_ui.py for tasks to queue
[2026-07-16T05:42:49.950+0000] {logging_mixin.py:188} INFO - [2026-07-16T05:42:49.950+0000] {dagbag.py:538} INFO - Filling up the DagBag from /home/airflow/.local/lib/python3.8/site-packages/airflow/example_dags/example_params_trigger_ui.py
[2026-07-16T05:42:49.963+0000] {processor.py:840} INFO - DAG(s) 'example_params_trigger_ui' retrieved from /home/airflow/.local/lib/python3.8/site-packages/airflow/example_dags/example_params_trigger_ui.py
[2026-07-16T05:42:50.004+0000] {logging_mixin.py:188} INFO - [2026-07-16T05:42:50.004+0000] {dag.py:3036} INFO - Sync 1 DAGs
[2026-07-16T05:42:50.033+0000] {logging_mixin.py:188} INFO - [2026-07-16T05:42:50.033+0000] {dag.py:3823} INFO - Setting next_dagrun for example_params_trigger_ui to None, run_after=None
[2026-07-16T05:42:50.063+0000] {processor.py:183} INFO - Processing /home/airflow/.local/lib/python3.8/site-packages/airflow/example_dags/example_params_trigger_ui.py took 0.125 seconds
[2026-07-16T05:43:20.544+0000] {processor.py:161} INFO - Started process (PID=2444) to work on /home/airflow/.local/lib/python3.8/site-packages/airflow/example_dags/example_params_trigger_ui.py
[2026-07-16T05:43:20.550+0000] {processor.py:830} INFO - Processing file /home/airflow/.local/lib/python3.8/site-packages/airflow/example_dags/example_params_trigger_ui.py for tasks to queue
[2026-07-16T05:43:20.553+0000] {logging_mixin.py:188} INFO - [2026-07-16T05:43:20.553+0000] {dagbag.py:538} INFO - Filling up the DagBag from /home/airflow/.local/lib/python3.8/site-packages/airflow/example_dags/example_params_trigger_ui.py
[2026-07-16T05:43:20.571+0000] {processor.py:840} INFO - DAG(s) 'example_params_trigger_ui' retrieved from /home/airflow/.local/lib/python3.8/site-packages/airflow/example_dags/example_params_trigger_ui.py
[2026-07-16T05:43:20.640+0000] {logging_mixin.py:188} INFO - [2026-07-16T05:43:20.640+0000] {dag.py:3036} INFO - Sync 1 DAGs
[2026-07-16T05:43:20.653+0000] {logging_mixin.py:188} INFO - [2026-07-16T05:43:20.653+0000] {dag.py:3823} INFO - Setting next_dagrun for example_params_trigger_ui to None, run_after=None
[2026-07-16T05:43:20.682+0000] {processor.py:183} INFO - Processing /home/airflow/.local/lib/python3.8/site-packages/airflow/example_dags/example_params_trigger_ui.py took 0.146 seconds
[2026-07-16T05:43:50.967+0000] {processor.py:161} INFO - Started process (PID=2500) to work on /home/airflow/.local/lib/python3.8/site-packages/airflow/example_dags/example_params_trigger_ui.py
[2026-07-16T05:43:50.968+0000] {processor.py:830} INFO - Processing file /home/airflow/.local/lib/python3.8/site-packages/airflow/example_dags/example_params_trigger_ui.py for tasks to queue
[2026-07-16T05:43:50.970+0000] {logging_mixin.py:188} INFO - [2026-07-16T05:43:50.970+0000] {dagbag.py:538} INFO - Filling up the DagBag from /home/airflow/.local/lib/python3.8/site-packages/airflow/example_dags/example_params_trigger_ui.py
[2026-07-16T05:43:50.982+0000] {processor.py:840} INFO - DAG(s) 'example_params_trigger_ui' retrieved from /home/airflow/.local/lib/python3.8/site-packages/airflow/example_dags/example_params_trigger_ui.py
[2026-07-16T05:43:51.020+0000] {logging_mixin.py:188} INFO - [2026-07-16T05:43:51.020+0000] {dag.py:3036} INFO - Sync 1 DAGs
[2026-07-16T05:43:51.032+0000] {logging_mixin.py:188} INFO - [2026-07-16T05:43:51.032+0000] {dag.py:3823} INFO - Setting next_dagrun for example_params_trigger_ui to None, run_after=None
[2026-07-16T05:43:51.054+0000] {processor.py:183} INFO - Processing /home/airflow/.local/lib/python3.8/site-packages/airflow/example_dags/example_params_trigger_ui.py took 0.090 seconds
[2026-07-16T05:44:21.435+0000] {processor.py:161} INFO - Started process (PID=2556) to work on /home/airflow/.local/lib/python3.8/site-packages/airflow/example_dags/example_params_trigger_ui.py
[2026-07-16T05:44:21.436+0000] {processor.py:830} INFO - Processing file /home/airflow/.local/lib/python3.8/site-packages/airflow/example_dags/example_params_trigger_ui.py for tasks to queue
[2026-07-16T05:44:21.438+0000] {logging_mixin.py:188} INFO - [2026-07-16T05:44:21.437+0000] {dagbag.py:538} INFO - Filling up the DagBag from /home/airflow/.local/lib/python3.8/site-packages/airflow/example_dags/example_params_trigger_ui.py
[2026-07-16T05:44:21.451+0000] {processor.py:840} INFO - DAG(s) 'example_params_trigger_ui' retrieved from /home/airflow/.local/lib/python3.8/site-packages/airflow/example_dags/example_params_trigger_ui.py
[2026-07-16T05:44:21.497+0000] {logging_mixin.py:188} INFO - [2026-07-16T05:44:21.496+0000] {dag.py:3036} INFO - Sync 1 DAGs
[2026-07-16T05:44:21.509+0000] {logging_mixin.py:188} INFO - [2026-07-16T05:44:21.508+0000] {dag.py:3823} INFO - Setting next_dagrun for example_params_trigger_ui to None, run_after=None
[2026-07-16T05:44:21.530+0000] {processor.py:183} INFO - Processing /home/airflow/.local/lib/python3.8/site-packages/airflow/example_dags/example_params_trigger_ui.py took 0.098 seconds
[2026-07-16T05:44:51.679+0000] {processor.py:161} INFO - Started process (PID=2612) to work on /home/airflow/.local/lib/python3.8/site-packages/airflow/example_dags/example_params_trigger_ui.py
[2026-07-16T05:44:51.680+0000] {processor.py:830} INFO - Processing file /home/airflow/.local/lib/python3.8/site-packages/airflow/example_dags/example_params_trigger_ui.py for tasks to queue
[2026-07-16T05:44:51.682+0000] {logging_mixin.py:188} INFO - [2026-07-16T05:44:51.681+0000] {dagbag.py:538} INFO - Filling up the DagBag from /home/airflow/.local/lib/python3.8/site-packages/airflow/example_dags/example_params_trigger_ui.py
[2026-07-16T05:44:51.694+0000] {processor.py:840} INFO - DAG(s) 'example_params_trigger_ui' retrieved from /home/airflow/.local/lib/python3.8/site-packages/airflow/example_dags/example_params_trigger_ui.py
[2026-07-16T05:44:51.730+0000] {logging_mixin.py:188} INFO - [2026-07-16T05:44:51.730+0000] {dag.py:3036} INFO - Sync 1 DAGs
[2026-07-16T05:44:51.739+0000] {logging_mixin.py:188} INFO - [2026-07-16T05:44:51.739+0000] {dag.py:3823} INFO - Setting next_dagrun for example_params_trigger_ui to None, run_after=None
[2026-07-16T05:44:51.756+0000] {processor.py:183} INFO - Processing /home/airflow/.local/lib/python3.8/site-packages/airflow/example_dags/example_params_trigger_ui.py took 0.080 seconds
[2026-07-16T05:45:21.829+0000] {processor.py:161} INFO - Started process (PID=2668) to work on /home/airflow/.local/lib/python3.8/site-packages/airflow/example_dags/example_params_trigger_ui.py
[2026-07-16T05:45:21.830+0000] {processor.py:830} INFO - Processing file /home/airflow/.local/lib/python3.8/site-packages/airflow/example_dags/example_params_trigger_ui.py for tasks to queue
[2026-07-16T05:45:21.832+0000] {logging_mixin.py:188} INFO - [2026-07-16T05:45:21.831+0000] {dagbag.py:538} INFO - Filling up the DagBag from /home/airflow/.local/lib/python3.8/site-packages/airflow/example_dags/example_params_trigger_ui.py
[2026-07-16T05:45:21.842+0000] {processor.py:840} INFO - DAG(s) 'example_params_trigger_ui' retrieved from /home/airflow/.local/lib/python3.8/site-packages/airflow/example_dags/example_params_trigger_ui.py
[2026-07-16T05:45:21.873+0000] {logging_mixin.py:188} INFO - [2026-07-16T05:45:21.873+0000] {dag.py:3036} INFO - Sync 1 DAGs
[2026-07-16T05:45:21.881+0000] {logging_mixin.py:188} INFO - [2026-07-16T05:45:21.881+0000] {dag.py:3823} INFO - Setting next_dagrun for example_params_trigger_ui to None, run_after=None
[2026-07-16T05:45:21.894+0000] {processor.py:183} INFO - Processing /home/airflow/.local/lib/python3.8/site-packages/airflow/example_dags/example_params_trigger_ui.py took 0.067 seconds
[2026-07-16T05:45:52.667+0000] {processor.py:161} INFO - Started process (PID=2724) to work on /home/airflow/.local/lib/python3.8/site-packages/airflow/example_dags/example_params_trigger_ui.py
[2026-07-16T05:45:52.668+0000] {processor.py:830} INFO - Processing file /home/airflow/.local/lib/python3.8/site-packages/airflow/example_dags/example_params_trigger_ui.py for tasks to queue
[2026-07-16T05:45:52.669+0000] {logging_mixin.py:188} INFO - [2026-07-16T05:45:52.669+0000] {dagbag.py:538} INFO - Filling up the DagBag from /home/airflow/.local/lib/python3.8/site-packages/airflow/example_dags/example_params_trigger_ui.py
[2026-07-16T05:45:52.678+0000] {processor.py:840} INFO - DAG(s) 'example_params_trigger_ui' retrieved from /home/airflow/.local/lib/python3.8/site-packages/airflow/example_dags/example_params_trigger_ui.py
[2026-07-16T05:45:52.708+0000] {logging_mixin.py:188} INFO - [2026-07-16T05:45:52.708+0000] {dag.py:3036} INFO - Sync 1 DAGs
[2026-07-16T05:45:52.717+0000] {logging_mixin.py:188} INFO - [2026-07-16T05:45:52.717+0000] {dag.py:3823} INFO - Setting next_dagrun for example_params_trigger_ui to None, run_after=None
[2026-07-16T05:45:52.729+0000] {processor.py:183} INFO - Processing /home/airflow/.local/lib/python3.8/site-packages/airflow/example_dags/example_params_trigger_ui.py took 0.065 seconds
[2026-07-16T05:46:23.700+0000] {processor.py:161} INFO - Started process (PID=2780) to work on /home/airflow/.local/lib/python3.8/site-packages/airflow/example_dags/example_params_trigger_ui.py
[2026-07-16T05:46:23.702+0000] {processor.py:830} INFO - Processing file /home/airflow/.local/lib/python3.8/site-packages/airflow/example_dags/example_params_trigger_ui.py for tasks to queue
[2026-07-16T05:46:23.704+0000] {logging_mixin.py:188} INFO - [2026-07-16T05:46:23.704+0000] {dagbag.py:538} INFO - Filling up the DagBag from /home/airflow/.local/lib/python3.8/site-packages/airflow/example_dags/example_params_trigger_ui.py
[2026-07-16T05:46:23.718+0000] {processor.py:840} INFO - DAG(s) 'example_params_trigger_ui' retrieved from /home/airflow/.local/lib/python3.8/site-packages/airflow/example_dags/example_params_trigger_ui.py
[2026-07-16T05:46:23.757+0000] {logging_mixin.py:188} INFO - [2026-07-16T05:46:23.757+0000] {dag.py:3036} INFO - Sync 1 DAGs
[2026-07-16T05:46:23.769+0000] {logging_mixin.py:188} INFO - [2026-07-16T05:46:23.769+0000] {dag.py:3823} INFO - Setting next_dagrun for example_params_trigger_ui to None, run_after=None
[2026-07-16T05:46:23.793+0000] {processor.py:183} INFO - Processing /home/airflow/.local/lib/python3.8/site-packages/airflow/example_dags/example_params_trigger_ui.py took 0.096 seconds
[2026-07-16T05:46:53.948+0000] {processor.py:161} INFO - Started process (PID=2836) to work on /home/airflow/.local/lib/python3.8/site-packages/airflow/example_dags/example_params_trigger_ui.py
[2026-07-16T05:46:53.949+0000] {processor.py:830} INFO - Processing file /home/airflow/.local/lib/python3.8/site-packages/airflow/example_dags/example_params_trigger_ui.py for tasks to queue
[2026-07-16T05:46:53.950+0000] {logging_mixin.py:188} INFO - [2026-07-16T05:46:53.950+0000] {dagbag.py:538} INFO - Filling up the DagBag from /home/airflow/.local/lib/python3.8/site-packages/airflow/example_dags/example_params_trigger_ui.py
[2026-07-16T05:46:53.961+0000] {processor.py:840} INFO - DAG(s) 'example_params_trigger_ui' retrieved from /home/airflow/.local/lib/python3.8/site-packages/airflow/example_dags/example_params_trigger_ui.py
[2026-07-16T05:46:53.994+0000] {logging_mixin.py:188} INFO - [2026-07-16T05:46:53.994+0000] {dag.py:3036} INFO - Sync 1 DAGs
[2026-07-16T05:46:54.004+0000] {logging_mixin.py:188} INFO - [2026-07-16T05:46:54.004+0000] {dag.py:3823} INFO - Setting next_dagrun for example_params_trigger_ui to None, run_after=None
[2026-07-16T05:46:54.141+0000] {processor.py:183} INFO - Processing /home/airflow/.local/lib/python3.8/site-packages/airflow/example_dags/example_params_trigger_ui.py took 0.196 seconds
[2026-07-16T05:47:24.715+0000] {processor.py:161} INFO - Started process (PID=2892) to work on /home/airflow/.local/lib/python3.8/site-packages/airflow/example_dags/example_params_trigger_ui.py
[2026-07-16T05:47:24.717+0000] {processor.py:830} INFO - Processing file /home/airflow/.local/lib/python3.8/site-packages/airflow/example_dags/example_params_trigger_ui.py for tasks to queue
[2026-07-16T05:47:24.719+0000] {logging_mixin.py:188} INFO - [2026-07-16T05:47:24.719+0000] {dagbag.py:538} INFO - Filling up the DagBag from /home/airflow/.local/lib/python3.8/site-packages/airflow/example_dags/example_params_trigger_ui.py
[2026-07-16T05:47:24.728+0000] {processor.py:840} INFO - DAG(s) 'example_params_trigger_ui' retrieved from /home/airflow/.local/lib/python3.8/site-packages/airflow/example_dags/example_params_trigger_ui.py
[2026-07-16T05:47:24.759+0000] {logging_mixin.py:188} INFO - [2026-07-16T05:47:24.758+0000] {dag.py:3036} INFO - Sync 1 DAGs
[2026-07-16T05:47:24.767+0000] {logging_mixin.py:188} INFO - [2026-07-16T05:47:24.767+0000] {dag.py:3823} INFO - Setting next_dagrun for example_params_trigger_ui to None, run_after=None
[2026-07-16T05:47:24.784+0000] {processor.py:183} INFO - Processing /home/airflow/.local/lib/python3.8/site-packages/airflow/example_dags/example_params_trigger_ui.py took 0.071 seconds
[2026-07-16T05:47:54.904+0000] {processor.py:161} INFO - Started process (PID=2948) to work on /home/airflow/.local/lib/python3.8/site-packages/airflow/example_dags/example_params_trigger_ui.py
[2026-07-16T05:47:54.905+0000] {processor.py:830} INFO - Processing file /home/airflow/.local/lib/python3.8/site-packages/airflow/example_dags/example_params_trigger_ui.py for tasks to queue
[2026-07-16T05:47:54.907+0000] {logging_mixin.py:188} INFO - [2026-07-16T05:47:54.907+0000] {dagbag.py:538} INFO - Filling up the DagBag from /home/airflow/.local/lib/python3.8/site-packages/airflow/example_dags/example_params_trigger_ui.py
[2026-07-16T05:47:54.921+0000] {processor.py:840} INFO - DAG(s) 'example_params_trigger_ui' retrieved from /home/airflow/.local/lib/python3.8/site-packages/airflow/example_dags/example_params_trigger_ui.py
[2026-07-16T05:47:54.976+0000] {logging_mixin.py:188} INFO - [2026-07-16T05:47:54.976+0000] {dag.py:3036} INFO - Sync 1 DAGs
[2026-07-16T05:47:54.990+0000] {logging_mixin.py:188} INFO - [2026-07-16T05:47:54.990+0000] {dag.py:3823} INFO - Setting next_dagrun for example_params_trigger_ui to None, run_after=None
[2026-07-16T05:47:55.011+0000] {processor.py:183} INFO - Processing /home/airflow/.local/lib/python3.8/site-packages/airflow/example_dags/example_params_trigger_ui.py took 0.111 seconds
[2026-07-16T05:48:25.609+0000] {processor.py:161} INFO - Started process (PID=3004) to work on /home/airflow/.local/lib/python3.8/site-packages/airflow/example_dags/example_params_trigger_ui.py
[2026-07-16T05:48:25.611+0000] {processor.py:830} INFO - Processing file /home/airflow/.local/lib/python3.8/site-packages/airflow/example_dags/example_params_trigger_ui.py for tasks to queue
[2026-07-16T05:48:25.612+0000] {logging_mixin.py:188} INFO - [2026-07-16T05:48:25.612+0000] {dagbag.py:538} INFO - Filling up the DagBag from /home/airflow/.local/lib/python3.8/site-packages/airflow/example_dags/example_params_trigger_ui.py
[2026-07-16T05:48:25.627+0000] {processor.py:840} INFO - DAG(s) 'example_params_trigger_ui' retrieved from /home/airflow/.local/lib/python3.8/site-packages/airflow/example_dags/example_params_trigger_ui.py
[2026-07-16T05:48:25.679+0000] {logging_mixin.py:188} INFO - [2026-07-16T05:48:25.678+0000] {dag.py:3036} INFO - Sync 1 DAGs
[2026-07-16T05:48:25.692+0000] {logging_mixin.py:188} INFO - [2026-07-16T05:48:25.692+0000] {dag.py:3823} INFO - Setting next_dagrun for example_params_trigger_ui to None, run_after=None
[2026-07-16T05:48:25.713+0000] {processor.py:183} INFO - Processing /home/airflow/.local/lib/python3.8/site-packages/airflow/example_dags/example_params_trigger_ui.py took 0.108 seconds
