[2026-07-16T05:21:57.223+0000] {processor.py:161} INFO - Started process (PID=82) to work on /home/airflow/.local/lib/python3.8/site-packages/airflow/example_dags/example_setup_teardown.py
[2026-07-16T05:21:57.224+0000] {processor.py:830} INFO - Processing file /home/airflow/.local/lib/python3.8/site-packages/airflow/example_dags/example_setup_teardown.py for tasks to queue
[2026-07-16T05:21:57.227+0000] {logging_mixin.py:188} INFO - [2026-07-16T05:21:57.226+0000] {dagbag.py:538} INFO - Filling up the DagBag from /home/airflow/.local/lib/python3.8/site-packages/airflow/example_dags/example_setup_teardown.py
[2026-07-16T05:21:57.240+0000] {processor.py:840} INFO - DAG(s) 'example_setup_teardown' retrieved from /home/airflow/.local/lib/python3.8/site-packages/airflow/example_dags/example_setup_teardown.py
[2026-07-16T05:21:57.402+0000] {logging_mixin.py:188} INFO - [2026-07-16T05:21:57.401+0000] {dag.py:3036} INFO - Sync 1 DAGs
[2026-07-16T05:21:57.443+0000] {logging_mixin.py:188} INFO - [2026-07-16T05:21:57.442+0000] {dag.py:3823} INFO - Setting next_dagrun for example_setup_teardown to 2026-07-15 00:00:00+00:00, run_after=2026-07-16 00:00:00+00:00
[2026-07-16T05:21:57.483+0000] {processor.py:183} INFO - Processing /home/airflow/.local/lib/python3.8/site-packages/airflow/example_dags/example_setup_teardown.py took 0.264 seconds
[2026-07-16T05:22:27.626+0000] {processor.py:161} INFO - Started process (PID=138) to work on /home/airflow/.local/lib/python3.8/site-packages/airflow/example_dags/example_setup_teardown.py
[2026-07-16T05:22:27.631+0000] {processor.py:830} INFO - Processing file /home/airflow/.local/lib/python3.8/site-packages/airflow/example_dags/example_setup_teardown.py for tasks to queue
[2026-07-16T05:22:27.635+0000] {logging_mixin.py:188} INFO - [2026-07-16T05:22:27.634+0000] {dagbag.py:538} INFO - Filling up the DagBag from /home/airflow/.local/lib/python3.8/site-packages/airflow/example_dags/example_setup_teardown.py
[2026-07-16T05:22:27.659+0000] {processor.py:840} INFO - DAG(s) 'example_setup_teardown' retrieved from /home/airflow/.local/lib/python3.8/site-packages/airflow/example_dags/example_setup_teardown.py
[2026-07-16T05:22:27.726+0000] {logging_mixin.py:188} INFO - [2026-07-16T05:22:27.725+0000] {dag.py:3036} INFO - Sync 1 DAGs
[2026-07-16T05:22:27.774+0000] {logging_mixin.py:188} INFO - [2026-07-16T05:22:27.773+0000] {dag.py:3823} INFO - Setting next_dagrun for example_setup_teardown to 2026-07-15 00:00:00+00:00, run_after=2026-07-16 00:00:00+00:00
[2026-07-16T05:22:27.832+0000] {processor.py:183} INFO - Processing /home/airflow/.local/lib/python3.8/site-packages/airflow/example_dags/example_setup_teardown.py took 0.215 seconds
[2026-07-16T05:22:59.443+0000] {processor.py:161} INFO - Started process (PID=197) to work on /home/airflow/.local/lib/python3.8/site-packages/airflow/example_dags/example_setup_teardown.py
[2026-07-16T05:22:59.449+0000] {processor.py:830} INFO - Processing file /home/airflow/.local/lib/python3.8/site-packages/airflow/example_dags/example_setup_teardown.py for tasks to queue
[2026-07-16T05:22:59.461+0000] {logging_mixin.py:188} INFO - [2026-07-16T05:22:59.459+0000] {dagbag.py:538} INFO - Filling up the DagBag from /home/airflow/.local/lib/python3.8/site-packages/airflow/example_dags/example_setup_teardown.py
[2026-07-16T05:22:59.518+0000] {processor.py:840} INFO - DAG(s) 'example_setup_teardown' retrieved from /home/airflow/.local/lib/python3.8/site-packages/airflow/example_dags/example_setup_teardown.py
[2026-07-16T05:22:59.664+0000] {logging_mixin.py:188} INFO - [2026-07-16T05:22:59.659+0000] {dag.py:3036} INFO - Sync 1 DAGs
[2026-07-16T05:22:59.742+0000] {logging_mixin.py:188} INFO - [2026-07-16T05:22:59.742+0000] {dag.py:3823} INFO - Setting next_dagrun for example_setup_teardown to 2026-07-15 00:00:00+00:00, run_after=2026-07-16 00:00:00+00:00
[2026-07-16T05:22:59.807+0000] {processor.py:183} INFO - Processing /home/airflow/.local/lib/python3.8/site-packages/airflow/example_dags/example_setup_teardown.py took 0.386 seconds
[2026-07-16T05:23:30.271+0000] {processor.py:161} INFO - Started process (PID=252) to work on /home/airflow/.local/lib/python3.8/site-packages/airflow/example_dags/example_setup_teardown.py
[2026-07-16T05:23:30.272+0000] {processor.py:830} INFO - Processing file /home/airflow/.local/lib/python3.8/site-packages/airflow/example_dags/example_setup_teardown.py for tasks to queue
[2026-07-16T05:23:30.275+0000] {logging_mixin.py:188} INFO - [2026-07-16T05:23:30.275+0000] {dagbag.py:538} INFO - Filling up the DagBag from /home/airflow/.local/lib/python3.8/site-packages/airflow/example_dags/example_setup_teardown.py
[2026-07-16T05:23:30.284+0000] {processor.py:840} INFO - DAG(s) 'example_setup_teardown' retrieved from /home/airflow/.local/lib/python3.8/site-packages/airflow/example_dags/example_setup_teardown.py
[2026-07-16T05:23:30.313+0000] {logging_mixin.py:188} INFO - [2026-07-16T05:23:30.312+0000] {dag.py:3036} INFO - Sync 1 DAGs
[2026-07-16T05:23:30.345+0000] {logging_mixin.py:188} INFO - [2026-07-16T05:23:30.345+0000] {dag.py:3823} INFO - Setting next_dagrun for example_setup_teardown to 2026-07-15 00:00:00+00:00, run_after=2026-07-16 00:00:00+00:00
[2026-07-16T05:23:30.371+0000] {processor.py:183} INFO - Processing /home/airflow/.local/lib/python3.8/site-packages/airflow/example_dags/example_setup_teardown.py took 0.105 seconds
[2026-07-16T05:24:01.708+0000] {processor.py:161} INFO - Started process (PID=319) to work on /home/airflow/.local/lib/python3.8/site-packages/airflow/example_dags/example_setup_teardown.py
[2026-07-16T05:24:01.715+0000] {processor.py:830} INFO - Processing file /home/airflow/.local/lib/python3.8/site-packages/airflow/example_dags/example_setup_teardown.py for tasks to queue
[2026-07-16T05:24:01.725+0000] {logging_mixin.py:188} INFO - [2026-07-16T05:24:01.724+0000] {dagbag.py:538} INFO - Filling up the DagBag from /home/airflow/.local/lib/python3.8/site-packages/airflow/example_dags/example_setup_teardown.py
[2026-07-16T05:24:01.763+0000] {processor.py:840} INFO - DAG(s) 'example_setup_teardown' retrieved from /home/airflow/.local/lib/python3.8/site-packages/airflow/example_dags/example_setup_teardown.py
[2026-07-16T05:24:01.886+0000] {logging_mixin.py:188} INFO - [2026-07-16T05:24:01.884+0000] {dag.py:3036} INFO - Sync 1 DAGs
[2026-07-16T05:24:02.086+0000] {logging_mixin.py:188} INFO - [2026-07-16T05:24:02.084+0000] {dag.py:3823} INFO - Setting next_dagrun for example_setup_teardown to 2026-07-15 00:00:00+00:00, run_after=2026-07-16 00:00:00+00:00
[2026-07-16T05:24:02.191+0000] {processor.py:183} INFO - Processing /home/airflow/.local/lib/python3.8/site-packages/airflow/example_dags/example_setup_teardown.py took 0.498 seconds
[2026-07-16T05:24:32.593+0000] {processor.py:161} INFO - Started process (PID=375) to work on /home/airflow/.local/lib/python3.8/site-packages/airflow/example_dags/example_setup_teardown.py
[2026-07-16T05:24:32.595+0000] {processor.py:830} INFO - Processing file /home/airflow/.local/lib/python3.8/site-packages/airflow/example_dags/example_setup_teardown.py for tasks to queue
[2026-07-16T05:24:32.600+0000] {logging_mixin.py:188} INFO - [2026-07-16T05:24:32.600+0000] {dagbag.py:538} INFO - Filling up the DagBag from /home/airflow/.local/lib/python3.8/site-packages/airflow/example_dags/example_setup_teardown.py
[2026-07-16T05:24:32.616+0000] {processor.py:840} INFO - DAG(s) 'example_setup_teardown' retrieved from /home/airflow/.local/lib/python3.8/site-packages/airflow/example_dags/example_setup_teardown.py
[2026-07-16T05:24:32.658+0000] {logging_mixin.py:188} INFO - [2026-07-16T05:24:32.658+0000] {dag.py:3036} INFO - Sync 1 DAGs
[2026-07-16T05:24:32.704+0000] {logging_mixin.py:188} INFO - [2026-07-16T05:24:32.704+0000] {dag.py:3823} INFO - Setting next_dagrun for example_setup_teardown to 2026-07-15 00:00:00+00:00, run_after=2026-07-16 00:00:00+00:00
[2026-07-16T05:24:32.759+0000] {processor.py:183} INFO - Processing /home/airflow/.local/lib/python3.8/site-packages/airflow/example_dags/example_setup_teardown.py took 0.172 seconds
[2026-07-16T05:25:02.850+0000] {processor.py:161} INFO - Started process (PID=431) to work on /home/airflow/.local/lib/python3.8/site-packages/airflow/example_dags/example_setup_teardown.py
[2026-07-16T05:25:02.852+0000] {processor.py:830} INFO - Processing file /home/airflow/.local/lib/python3.8/site-packages/airflow/example_dags/example_setup_teardown.py for tasks to queue
[2026-07-16T05:25:02.855+0000] {logging_mixin.py:188} INFO - [2026-07-16T05:25:02.855+0000] {dagbag.py:538} INFO - Filling up the DagBag from /home/airflow/.local/lib/python3.8/site-packages/airflow/example_dags/example_setup_teardown.py
[2026-07-16T05:25:02.866+0000] {processor.py:840} INFO - DAG(s) 'example_setup_teardown' retrieved from /home/airflow/.local/lib/python3.8/site-packages/airflow/example_dags/example_setup_teardown.py
[2026-07-16T05:25:02.895+0000] {logging_mixin.py:188} INFO - [2026-07-16T05:25:02.894+0000] {dag.py:3036} INFO - Sync 1 DAGs
[2026-07-16T05:25:02.930+0000] {logging_mixin.py:188} INFO - [2026-07-16T05:25:02.930+0000] {dag.py:3823} INFO - Setting next_dagrun for example_setup_teardown to 2026-07-15 00:00:00+00:00, run_after=2026-07-16 00:00:00+00:00
[2026-07-16T05:25:02.957+0000] {processor.py:183} INFO - Processing /home/airflow/.local/lib/python3.8/site-packages/airflow/example_dags/example_setup_teardown.py took 0.113 seconds
[2026-07-16T05:25:33.278+0000] {processor.py:161} INFO - Started process (PID=481) to work on /home/airflow/.local/lib/python3.8/site-packages/airflow/example_dags/example_setup_teardown.py
[2026-07-16T05:25:33.280+0000] {processor.py:830} INFO - Processing file /home/airflow/.local/lib/python3.8/site-packages/airflow/example_dags/example_setup_teardown.py for tasks to queue
[2026-07-16T05:25:33.286+0000] {logging_mixin.py:188} INFO - [2026-07-16T05:25:33.284+0000] {dagbag.py:538} INFO - Filling up the DagBag from /home/airflow/.local/lib/python3.8/site-packages/airflow/example_dags/example_setup_teardown.py
[2026-07-16T05:25:33.298+0000] {processor.py:840} INFO - DAG(s) 'example_setup_teardown' retrieved from /home/airflow/.local/lib/python3.8/site-packages/airflow/example_dags/example_setup_teardown.py
[2026-07-16T05:25:33.327+0000] {logging_mixin.py:188} INFO - [2026-07-16T05:25:33.326+0000] {dag.py:3036} INFO - Sync 1 DAGs
[2026-07-16T05:25:33.357+0000] {logging_mixin.py:188} INFO - [2026-07-16T05:25:33.357+0000] {dag.py:3823} INFO - Setting next_dagrun for example_setup_teardown to 2026-07-15 00:00:00+00:00, run_after=2026-07-16 00:00:00+00:00
[2026-07-16T05:25:33.388+0000] {processor.py:183} INFO - Processing /home/airflow/.local/lib/python3.8/site-packages/airflow/example_dags/example_setup_teardown.py took 0.117 seconds
[2026-07-16T05:26:03.551+0000] {processor.py:161} INFO - Started process (PID=537) to work on /home/airflow/.local/lib/python3.8/site-packages/airflow/example_dags/example_setup_teardown.py
[2026-07-16T05:26:03.553+0000] {processor.py:830} INFO - Processing file /home/airflow/.local/lib/python3.8/site-packages/airflow/example_dags/example_setup_teardown.py for tasks to queue
[2026-07-16T05:26:03.556+0000] {logging_mixin.py:188} INFO - [2026-07-16T05:26:03.556+0000] {dagbag.py:538} INFO - Filling up the DagBag from /home/airflow/.local/lib/python3.8/site-packages/airflow/example_dags/example_setup_teardown.py
[2026-07-16T05:26:03.564+0000] {processor.py:840} INFO - DAG(s) 'example_setup_teardown' retrieved from /home/airflow/.local/lib/python3.8/site-packages/airflow/example_dags/example_setup_teardown.py
[2026-07-16T05:26:03.591+0000] {logging_mixin.py:188} INFO - [2026-07-16T05:26:03.591+0000] {dag.py:3036} INFO - Sync 1 DAGs
[2026-07-16T05:26:03.619+0000] {logging_mixin.py:188} INFO - [2026-07-16T05:26:03.618+0000] {dag.py:3823} INFO - Setting next_dagrun for example_setup_teardown to 2026-07-15 00:00:00+00:00, run_after=2026-07-16 00:00:00+00:00
[2026-07-16T05:26:03.646+0000] {processor.py:183} INFO - Processing /home/airflow/.local/lib/python3.8/site-packages/airflow/example_dags/example_setup_teardown.py took 0.101 seconds
[2026-07-16T05:26:33.749+0000] {processor.py:161} INFO - Started process (PID=593) to work on /home/airflow/.local/lib/python3.8/site-packages/airflow/example_dags/example_setup_teardown.py
[2026-07-16T05:26:33.750+0000] {processor.py:830} INFO - Processing file /home/airflow/.local/lib/python3.8/site-packages/airflow/example_dags/example_setup_teardown.py for tasks to queue
[2026-07-16T05:26:33.753+0000] {logging_mixin.py:188} INFO - [2026-07-16T05:26:33.753+0000] {dagbag.py:538} INFO - Filling up the DagBag from /home/airflow/.local/lib/python3.8/site-packages/airflow/example_dags/example_setup_teardown.py
[2026-07-16T05:26:33.761+0000] {processor.py:840} INFO - DAG(s) 'example_setup_teardown' retrieved from /home/airflow/.local/lib/python3.8/site-packages/airflow/example_dags/example_setup_teardown.py
[2026-07-16T05:26:33.789+0000] {logging_mixin.py:188} INFO - [2026-07-16T05:26:33.789+0000] {dag.py:3036} INFO - Sync 1 DAGs
[2026-07-16T05:26:33.818+0000] {logging_mixin.py:188} INFO - [2026-07-16T05:26:33.818+0000] {dag.py:3823} INFO - Setting next_dagrun for example_setup_teardown to 2026-07-15 00:00:00+00:00, run_after=2026-07-16 00:00:00+00:00
[2026-07-16T05:26:33.853+0000] {processor.py:183} INFO - Processing /home/airflow/.local/lib/python3.8/site-packages/airflow/example_dags/example_setup_teardown.py took 0.110 seconds
[2026-07-16T05:27:04.064+0000] {processor.py:161} INFO - Started process (PID=649) to work on /home/airflow/.local/lib/python3.8/site-packages/airflow/example_dags/example_setup_teardown.py
[2026-07-16T05:27:04.066+0000] {processor.py:830} INFO - Processing file /home/airflow/.local/lib/python3.8/site-packages/airflow/example_dags/example_setup_teardown.py for tasks to queue
[2026-07-16T05:27:04.068+0000] {logging_mixin.py:188} INFO - [2026-07-16T05:27:04.067+0000] {dagbag.py:538} INFO - Filling up the DagBag from /home/airflow/.local/lib/python3.8/site-packages/airflow/example_dags/example_setup_teardown.py
[2026-07-16T05:27:04.078+0000] {processor.py:840} INFO - DAG(s) 'example_setup_teardown' retrieved from /home/airflow/.local/lib/python3.8/site-packages/airflow/example_dags/example_setup_teardown.py
[2026-07-16T05:27:04.105+0000] {logging_mixin.py:188} INFO - [2026-07-16T05:27:04.105+0000] {dag.py:3036} INFO - Sync 1 DAGs
[2026-07-16T05:27:04.134+0000] {logging_mixin.py:188} INFO - [2026-07-16T05:27:04.134+0000] {dag.py:3823} INFO - Setting next_dagrun for example_setup_teardown to 2026-07-15 00:00:00+00:00, run_after=2026-07-16 00:00:00+00:00
[2026-07-16T05:27:04.161+0000] {processor.py:183} INFO - Processing /home/airflow/.local/lib/python3.8/site-packages/airflow/example_dags/example_setup_teardown.py took 0.101 seconds
[2026-07-16T05:27:34.257+0000] {processor.py:161} INFO - Started process (PID=705) to work on /home/airflow/.local/lib/python3.8/site-packages/airflow/example_dags/example_setup_teardown.py
[2026-07-16T05:27:34.258+0000] {processor.py:830} INFO - Processing file /home/airflow/.local/lib/python3.8/site-packages/airflow/example_dags/example_setup_teardown.py for tasks to queue
[2026-07-16T05:27:34.262+0000] {logging_mixin.py:188} INFO - [2026-07-16T05:27:34.261+0000] {dagbag.py:538} INFO - Filling up the DagBag from /home/airflow/.local/lib/python3.8/site-packages/airflow/example_dags/example_setup_teardown.py
[2026-07-16T05:27:34.271+0000] {processor.py:840} INFO - DAG(s) 'example_setup_teardown' retrieved from /home/airflow/.local/lib/python3.8/site-packages/airflow/example_dags/example_setup_teardown.py
[2026-07-16T05:27:34.300+0000] {logging_mixin.py:188} INFO - [2026-07-16T05:27:34.299+0000] {dag.py:3036} INFO - Sync 1 DAGs
[2026-07-16T05:27:34.332+0000] {logging_mixin.py:188} INFO - [2026-07-16T05:27:34.331+0000] {dag.py:3823} INFO - Setting next_dagrun for example_setup_teardown to 2026-07-15 00:00:00+00:00, run_after=2026-07-16 00:00:00+00:00
[2026-07-16T05:27:34.384+0000] {processor.py:183} INFO - Processing /home/airflow/.local/lib/python3.8/site-packages/airflow/example_dags/example_setup_teardown.py took 0.132 seconds
[2026-07-16T05:28:04.533+0000] {processor.py:161} INFO - Started process (PID=761) to work on /home/airflow/.local/lib/python3.8/site-packages/airflow/example_dags/example_setup_teardown.py
[2026-07-16T05:28:04.535+0000] {processor.py:830} INFO - Processing file /home/airflow/.local/lib/python3.8/site-packages/airflow/example_dags/example_setup_teardown.py for tasks to queue
[2026-07-16T05:28:04.537+0000] {logging_mixin.py:188} INFO - [2026-07-16T05:28:04.537+0000] {dagbag.py:538} INFO - Filling up the DagBag from /home/airflow/.local/lib/python3.8/site-packages/airflow/example_dags/example_setup_teardown.py
[2026-07-16T05:28:04.545+0000] {processor.py:840} INFO - DAG(s) 'example_setup_teardown' retrieved from /home/airflow/.local/lib/python3.8/site-packages/airflow/example_dags/example_setup_teardown.py
[2026-07-16T05:28:04.572+0000] {logging_mixin.py:188} INFO - [2026-07-16T05:28:04.571+0000] {dag.py:3036} INFO - Sync 1 DAGs
[2026-07-16T05:28:04.596+0000] {logging_mixin.py:188} INFO - [2026-07-16T05:28:04.596+0000] {dag.py:3823} INFO - Setting next_dagrun for example_setup_teardown to 2026-07-15 00:00:00+00:00, run_after=2026-07-16 00:00:00+00:00
[2026-07-16T05:28:04.630+0000] {processor.py:183} INFO - Processing /home/airflow/.local/lib/python3.8/site-packages/airflow/example_dags/example_setup_teardown.py took 0.100 seconds
[2026-07-16T05:28:35.465+0000] {processor.py:161} INFO - Started process (PID=817) to work on /home/airflow/.local/lib/python3.8/site-packages/airflow/example_dags/example_setup_teardown.py
[2026-07-16T05:28:35.469+0000] {processor.py:830} INFO - Processing file /home/airflow/.local/lib/python3.8/site-packages/airflow/example_dags/example_setup_teardown.py for tasks to queue
[2026-07-16T05:28:35.473+0000] {logging_mixin.py:188} INFO - [2026-07-16T05:28:35.472+0000] {dagbag.py:538} INFO - Filling up the DagBag from /home/airflow/.local/lib/python3.8/site-packages/airflow/example_dags/example_setup_teardown.py
[2026-07-16T05:28:35.490+0000] {processor.py:840} INFO - DAG(s) 'example_setup_teardown' retrieved from /home/airflow/.local/lib/python3.8/site-packages/airflow/example_dags/example_setup_teardown.py
[2026-07-16T05:28:35.541+0000] {logging_mixin.py:188} INFO - [2026-07-16T05:28:35.540+0000] {dag.py:3036} INFO - Sync 1 DAGs
[2026-07-16T05:28:35.589+0000] {logging_mixin.py:188} INFO - [2026-07-16T05:28:35.589+0000] {dag.py:3823} INFO - Setting next_dagrun for example_setup_teardown to 2026-07-15 00:00:00+00:00, run_after=2026-07-16 00:00:00+00:00
[2026-07-16T05:28:35.651+0000] {processor.py:183} INFO - Processing /home/airflow/.local/lib/python3.8/site-packages/airflow/example_dags/example_setup_teardown.py took 0.197 seconds
[2026-07-16T05:29:06.257+0000] {processor.py:161} INFO - Started process (PID=873) to work on /home/airflow/.local/lib/python3.8/site-packages/airflow/example_dags/example_setup_teardown.py
[2026-07-16T05:29:06.259+0000] {processor.py:830} INFO - Processing file /home/airflow/.local/lib/python3.8/site-packages/airflow/example_dags/example_setup_teardown.py for tasks to queue
[2026-07-16T05:29:06.264+0000] {logging_mixin.py:188} INFO - [2026-07-16T05:29:06.263+0000] {dagbag.py:538} INFO - Filling up the DagBag from /home/airflow/.local/lib/python3.8/site-packages/airflow/example_dags/example_setup_teardown.py
[2026-07-16T05:29:06.293+0000] {processor.py:840} INFO - DAG(s) 'example_setup_teardown' retrieved from /home/airflow/.local/lib/python3.8/site-packages/airflow/example_dags/example_setup_teardown.py
[2026-07-16T05:29:06.338+0000] {logging_mixin.py:188} INFO - [2026-07-16T05:29:06.338+0000] {dag.py:3036} INFO - Sync 1 DAGs
[2026-07-16T05:29:06.369+0000] {logging_mixin.py:188} INFO - [2026-07-16T05:29:06.368+0000] {dag.py:3823} INFO - Setting next_dagrun for example_setup_teardown to 2026-07-15 00:00:00+00:00, run_after=2026-07-16 00:00:00+00:00
[2026-07-16T05:29:06.399+0000] {processor.py:183} INFO - Processing /home/airflow/.local/lib/python3.8/site-packages/airflow/example_dags/example_setup_teardown.py took 0.147 seconds
[2026-07-16T05:29:36.914+0000] {processor.py:161} INFO - Started process (PID=929) to work on /home/airflow/.local/lib/python3.8/site-packages/airflow/example_dags/example_setup_teardown.py
[2026-07-16T05:29:36.917+0000] {processor.py:830} INFO - Processing file /home/airflow/.local/lib/python3.8/site-packages/airflow/example_dags/example_setup_teardown.py for tasks to queue
[2026-07-16T05:29:36.925+0000] {logging_mixin.py:188} INFO - [2026-07-16T05:29:36.923+0000] {dagbag.py:538} INFO - Filling up the DagBag from /home/airflow/.local/lib/python3.8/site-packages/airflow/example_dags/example_setup_teardown.py
[2026-07-16T05:29:36.946+0000] {processor.py:840} INFO - DAG(s) 'example_setup_teardown' retrieved from /home/airflow/.local/lib/python3.8/site-packages/airflow/example_dags/example_setup_teardown.py
[2026-07-16T05:29:37.018+0000] {logging_mixin.py:188} INFO - [2026-07-16T05:29:37.017+0000] {dag.py:3036} INFO - Sync 1 DAGs
[2026-07-16T05:29:37.091+0000] {logging_mixin.py:188} INFO - [2026-07-16T05:29:37.090+0000] {dag.py:3823} INFO - Setting next_dagrun for example_setup_teardown to 2026-07-15 00:00:00+00:00, run_after=2026-07-16 00:00:00+00:00
[2026-07-16T05:29:37.142+0000] {processor.py:183} INFO - Processing /home/airflow/.local/lib/python3.8/site-packages/airflow/example_dags/example_setup_teardown.py took 0.237 seconds
[2026-07-16T05:30:07.764+0000] {processor.py:161} INFO - Started process (PID=985) to work on /home/airflow/.local/lib/python3.8/site-packages/airflow/example_dags/example_setup_teardown.py
[2026-07-16T05:30:07.768+0000] {processor.py:830} INFO - Processing file /home/airflow/.local/lib/python3.8/site-packages/airflow/example_dags/example_setup_teardown.py for tasks to queue
[2026-07-16T05:30:07.772+0000] {logging_mixin.py:188} INFO - [2026-07-16T05:30:07.771+0000] {dagbag.py:538} INFO - Filling up the DagBag from /home/airflow/.local/lib/python3.8/site-packages/airflow/example_dags/example_setup_teardown.py
[2026-07-16T05:30:07.787+0000] {processor.py:840} INFO - DAG(s) 'example_setup_teardown' retrieved from /home/airflow/.local/lib/python3.8/site-packages/airflow/example_dags/example_setup_teardown.py
[2026-07-16T05:30:07.832+0000] {logging_mixin.py:188} INFO - [2026-07-16T05:30:07.831+0000] {dag.py:3036} INFO - Sync 1 DAGs
[2026-07-16T05:30:07.875+0000] {logging_mixin.py:188} INFO - [2026-07-16T05:30:07.875+0000] {dag.py:3823} INFO - Setting next_dagrun for example_setup_teardown to 2026-07-15 00:00:00+00:00, run_after=2026-07-16 00:00:00+00:00
[2026-07-16T05:30:07.915+0000] {processor.py:183} INFO - Processing /home/airflow/.local/lib/python3.8/site-packages/airflow/example_dags/example_setup_teardown.py took 0.162 seconds
[2026-07-16T05:30:38.212+0000] {processor.py:161} INFO - Started process (PID=1041) to work on /home/airflow/.local/lib/python3.8/site-packages/airflow/example_dags/example_setup_teardown.py
[2026-07-16T05:30:38.213+0000] {processor.py:830} INFO - Processing file /home/airflow/.local/lib/python3.8/site-packages/airflow/example_dags/example_setup_teardown.py for tasks to queue
[2026-07-16T05:30:38.216+0000] {logging_mixin.py:188} INFO - [2026-07-16T05:30:38.215+0000] {dagbag.py:538} INFO - Filling up the DagBag from /home/airflow/.local/lib/python3.8/site-packages/airflow/example_dags/example_setup_teardown.py
[2026-07-16T05:30:38.224+0000] {processor.py:840} INFO - DAG(s) 'example_setup_teardown' retrieved from /home/airflow/.local/lib/python3.8/site-packages/airflow/example_dags/example_setup_teardown.py
[2026-07-16T05:30:38.256+0000] {logging_mixin.py:188} INFO - [2026-07-16T05:30:38.256+0000] {dag.py:3036} INFO - Sync 1 DAGs
[2026-07-16T05:30:38.287+0000] {logging_mixin.py:188} INFO - [2026-07-16T05:30:38.286+0000] {dag.py:3823} INFO - Setting next_dagrun for example_setup_teardown to 2026-07-15 00:00:00+00:00, run_after=2026-07-16 00:00:00+00:00
[2026-07-16T05:30:38.317+0000] {processor.py:183} INFO - Processing /home/airflow/.local/lib/python3.8/site-packages/airflow/example_dags/example_setup_teardown.py took 0.110 seconds
[2026-07-16T05:31:09.212+0000] {processor.py:161} INFO - Started process (PID=1097) to work on /home/airflow/.local/lib/python3.8/site-packages/airflow/example_dags/example_setup_teardown.py
[2026-07-16T05:31:09.214+0000] {processor.py:830} INFO - Processing file /home/airflow/.local/lib/python3.8/site-packages/airflow/example_dags/example_setup_teardown.py for tasks to queue
[2026-07-16T05:31:09.217+0000] {logging_mixin.py:188} INFO - [2026-07-16T05:31:09.216+0000] {dagbag.py:538} INFO - Filling up the DagBag from /home/airflow/.local/lib/python3.8/site-packages/airflow/example_dags/example_setup_teardown.py
[2026-07-16T05:31:09.227+0000] {processor.py:840} INFO - DAG(s) 'example_setup_teardown' retrieved from /home/airflow/.local/lib/python3.8/site-packages/airflow/example_dags/example_setup_teardown.py
[2026-07-16T05:31:09.262+0000] {logging_mixin.py:188} INFO - [2026-07-16T05:31:09.262+0000] {dag.py:3036} INFO - Sync 1 DAGs
[2026-07-16T05:31:09.305+0000] {logging_mixin.py:188} INFO - [2026-07-16T05:31:09.304+0000] {dag.py:3823} INFO - Setting next_dagrun for example_setup_teardown to 2026-07-15 00:00:00+00:00, run_after=2026-07-16 00:00:00+00:00
[2026-07-16T05:31:09.343+0000] {processor.py:183} INFO - Processing /home/airflow/.local/lib/python3.8/site-packages/airflow/example_dags/example_setup_teardown.py took 0.136 seconds
[2026-07-16T05:31:39.558+0000] {processor.py:161} INFO - Started process (PID=1153) to work on /home/airflow/.local/lib/python3.8/site-packages/airflow/example_dags/example_setup_teardown.py
[2026-07-16T05:31:39.560+0000] {processor.py:830} INFO - Processing file /home/airflow/.local/lib/python3.8/site-packages/airflow/example_dags/example_setup_teardown.py for tasks to queue
[2026-07-16T05:31:39.562+0000] {logging_mixin.py:188} INFO - [2026-07-16T05:31:39.562+0000] {dagbag.py:538} INFO - Filling up the DagBag from /home/airflow/.local/lib/python3.8/site-packages/airflow/example_dags/example_setup_teardown.py
[2026-07-16T05:31:39.570+0000] {processor.py:840} INFO - DAG(s) 'example_setup_teardown' retrieved from /home/airflow/.local/lib/python3.8/site-packages/airflow/example_dags/example_setup_teardown.py
[2026-07-16T05:31:39.598+0000] {logging_mixin.py:188} INFO - [2026-07-16T05:31:39.598+0000] {dag.py:3036} INFO - Sync 1 DAGs
[2026-07-16T05:31:39.628+0000] {logging_mixin.py:188} INFO - [2026-07-16T05:31:39.628+0000] {dag.py:3823} INFO - Setting next_dagrun for example_setup_teardown to 2026-07-15 00:00:00+00:00, run_after=2026-07-16 00:00:00+00:00
[2026-07-16T05:31:39.658+0000] {processor.py:183} INFO - Processing /home/airflow/.local/lib/python3.8/site-packages/airflow/example_dags/example_setup_teardown.py took 0.103 seconds
[2026-07-16T05:32:10.217+0000] {processor.py:161} INFO - Started process (PID=1209) to work on /home/airflow/.local/lib/python3.8/site-packages/airflow/example_dags/example_setup_teardown.py
[2026-07-16T05:32:10.218+0000] {processor.py:830} INFO - Processing file /home/airflow/.local/lib/python3.8/site-packages/airflow/example_dags/example_setup_teardown.py for tasks to queue
[2026-07-16T05:32:10.220+0000] {logging_mixin.py:188} INFO - [2026-07-16T05:32:10.219+0000] {dagbag.py:538} INFO - Filling up the DagBag from /home/airflow/.local/lib/python3.8/site-packages/airflow/example_dags/example_setup_teardown.py
[2026-07-16T05:32:10.225+0000] {processor.py:840} INFO - DAG(s) 'example_setup_teardown' retrieved from /home/airflow/.local/lib/python3.8/site-packages/airflow/example_dags/example_setup_teardown.py
[2026-07-16T05:32:10.242+0000] {logging_mixin.py:188} INFO - [2026-07-16T05:32:10.242+0000] {dag.py:3036} INFO - Sync 1 DAGs
[2026-07-16T05:32:10.258+0000] {logging_mixin.py:188} INFO - [2026-07-16T05:32:10.258+0000] {dag.py:3823} INFO - Setting next_dagrun for example_setup_teardown to 2026-07-15 00:00:00+00:00, run_after=2026-07-16 00:00:00+00:00
[2026-07-16T05:32:10.271+0000] {processor.py:183} INFO - Processing /home/airflow/.local/lib/python3.8/site-packages/airflow/example_dags/example_setup_teardown.py took 0.057 seconds
[2026-07-16T05:32:40.779+0000] {processor.py:161} INFO - Started process (PID=1265) to work on /home/airflow/.local/lib/python3.8/site-packages/airflow/example_dags/example_setup_teardown.py
[2026-07-16T05:32:40.780+0000] {processor.py:830} INFO - Processing file /home/airflow/.local/lib/python3.8/site-packages/airflow/example_dags/example_setup_teardown.py for tasks to queue
[2026-07-16T05:32:40.782+0000] {logging_mixin.py:188} INFO - [2026-07-16T05:32:40.782+0000] {dagbag.py:538} INFO - Filling up the DagBag from /home/airflow/.local/lib/python3.8/site-packages/airflow/example_dags/example_setup_teardown.py
[2026-07-16T05:32:40.787+0000] {processor.py:840} INFO - DAG(s) 'example_setup_teardown' retrieved from /home/airflow/.local/lib/python3.8/site-packages/airflow/example_dags/example_setup_teardown.py
[2026-07-16T05:32:40.805+0000] {logging_mixin.py:188} INFO - [2026-07-16T05:32:40.805+0000] {dag.py:3036} INFO - Sync 1 DAGs
[2026-07-16T05:32:40.821+0000] {logging_mixin.py:188} INFO - [2026-07-16T05:32:40.821+0000] {dag.py:3823} INFO - Setting next_dagrun for example_setup_teardown to 2026-07-15 00:00:00+00:00, run_after=2026-07-16 00:00:00+00:00
[2026-07-16T05:32:40.834+0000] {processor.py:183} INFO - Processing /home/airflow/.local/lib/python3.8/site-packages/airflow/example_dags/example_setup_teardown.py took 0.058 seconds
[2026-07-16T05:33:11.657+0000] {processor.py:161} INFO - Started process (PID=1321) to work on /home/airflow/.local/lib/python3.8/site-packages/airflow/example_dags/example_setup_teardown.py
[2026-07-16T05:33:11.661+0000] {processor.py:830} INFO - Processing file /home/airflow/.local/lib/python3.8/site-packages/airflow/example_dags/example_setup_teardown.py for tasks to queue
[2026-07-16T05:33:11.667+0000] {logging_mixin.py:188} INFO - [2026-07-16T05:33:11.665+0000] {dagbag.py:538} INFO - Filling up the DagBag from /home/airflow/.local/lib/python3.8/site-packages/airflow/example_dags/example_setup_teardown.py
[2026-07-16T05:33:11.675+0000] {processor.py:840} INFO - DAG(s) 'example_setup_teardown' retrieved from /home/airflow/.local/lib/python3.8/site-packages/airflow/example_dags/example_setup_teardown.py
[2026-07-16T05:33:11.702+0000] {logging_mixin.py:188} INFO - [2026-07-16T05:33:11.701+0000] {dag.py:3036} INFO - Sync 1 DAGs
[2026-07-16T05:33:11.725+0000] {logging_mixin.py:188} INFO - [2026-07-16T05:33:11.725+0000] {dag.py:3823} INFO - Setting next_dagrun for example_setup_teardown to 2026-07-15 00:00:00+00:00, run_after=2026-07-16 00:00:00+00:00
[2026-07-16T05:33:11.747+0000] {processor.py:183} INFO - Processing /home/airflow/.local/lib/python3.8/site-packages/airflow/example_dags/example_setup_teardown.py took 0.101 seconds
[2026-07-16T05:33:42.185+0000] {processor.py:161} INFO - Started process (PID=1377) to work on /home/airflow/.local/lib/python3.8/site-packages/airflow/example_dags/example_setup_teardown.py
[2026-07-16T05:33:42.186+0000] {processor.py:830} INFO - Processing file /home/airflow/.local/lib/python3.8/site-packages/airflow/example_dags/example_setup_teardown.py for tasks to queue
[2026-07-16T05:33:42.188+0000] {logging_mixin.py:188} INFO - [2026-07-16T05:33:42.187+0000] {dagbag.py:538} INFO - Filling up the DagBag from /home/airflow/.local/lib/python3.8/site-packages/airflow/example_dags/example_setup_teardown.py
[2026-07-16T05:33:42.194+0000] {processor.py:840} INFO - DAG(s) 'example_setup_teardown' retrieved from /home/airflow/.local/lib/python3.8/site-packages/airflow/example_dags/example_setup_teardown.py
[2026-07-16T05:33:42.214+0000] {logging_mixin.py:188} INFO - [2026-07-16T05:33:42.214+0000] {dag.py:3036} INFO - Sync 1 DAGs
[2026-07-16T05:33:42.234+0000] {logging_mixin.py:188} INFO - [2026-07-16T05:33:42.234+0000] {dag.py:3823} INFO - Setting next_dagrun for example_setup_teardown to 2026-07-15 00:00:00+00:00, run_after=2026-07-16 00:00:00+00:00
[2026-07-16T05:33:42.250+0000] {processor.py:183} INFO - Processing /home/airflow/.local/lib/python3.8/site-packages/airflow/example_dags/example_setup_teardown.py took 0.069 seconds
[2026-07-16T05:34:12.711+0000] {processor.py:161} INFO - Started process (PID=1433) to work on /home/airflow/.local/lib/python3.8/site-packages/airflow/example_dags/example_setup_teardown.py
[2026-07-16T05:34:12.713+0000] {processor.py:830} INFO - Processing file /home/airflow/.local/lib/python3.8/site-packages/airflow/example_dags/example_setup_teardown.py for tasks to queue
[2026-07-16T05:34:12.715+0000] {logging_mixin.py:188} INFO - [2026-07-16T05:34:12.714+0000] {dagbag.py:538} INFO - Filling up the DagBag from /home/airflow/.local/lib/python3.8/site-packages/airflow/example_dags/example_setup_teardown.py
[2026-07-16T05:34:12.722+0000] {processor.py:840} INFO - DAG(s) 'example_setup_teardown' retrieved from /home/airflow/.local/lib/python3.8/site-packages/airflow/example_dags/example_setup_teardown.py
[2026-07-16T05:34:12.745+0000] {logging_mixin.py:188} INFO - [2026-07-16T05:34:12.744+0000] {dag.py:3036} INFO - Sync 1 DAGs
[2026-07-16T05:34:12.765+0000] {logging_mixin.py:188} INFO - [2026-07-16T05:34:12.765+0000] {dag.py:3823} INFO - Setting next_dagrun for example_setup_teardown to 2026-07-15 00:00:00+00:00, run_after=2026-07-16 00:00:00+00:00
[2026-07-16T05:34:12.786+0000] {processor.py:183} INFO - Processing /home/airflow/.local/lib/python3.8/site-packages/airflow/example_dags/example_setup_teardown.py took 0.078 seconds
[2026-07-16T05:34:43.032+0000] {processor.py:161} INFO - Started process (PID=1489) to work on /home/airflow/.local/lib/python3.8/site-packages/airflow/example_dags/example_setup_teardown.py
[2026-07-16T05:34:43.033+0000] {processor.py:830} INFO - Processing file /home/airflow/.local/lib/python3.8/site-packages/airflow/example_dags/example_setup_teardown.py for tasks to queue
[2026-07-16T05:34:43.036+0000] {logging_mixin.py:188} INFO - [2026-07-16T05:34:43.035+0000] {dagbag.py:538} INFO - Filling up the DagBag from /home/airflow/.local/lib/python3.8/site-packages/airflow/example_dags/example_setup_teardown.py
[2026-07-16T05:34:43.045+0000] {processor.py:840} INFO - DAG(s) 'example_setup_teardown' retrieved from /home/airflow/.local/lib/python3.8/site-packages/airflow/example_dags/example_setup_teardown.py
[2026-07-16T05:34:43.069+0000] {logging_mixin.py:188} INFO - [2026-07-16T05:34:43.068+0000] {dag.py:3036} INFO - Sync 1 DAGs
[2026-07-16T05:34:43.089+0000] {logging_mixin.py:188} INFO - [2026-07-16T05:34:43.089+0000] {dag.py:3823} INFO - Setting next_dagrun for example_setup_teardown to 2026-07-15 00:00:00+00:00, run_after=2026-07-16 00:00:00+00:00
[2026-07-16T05:34:43.104+0000] {processor.py:183} INFO - Processing /home/airflow/.local/lib/python3.8/site-packages/airflow/example_dags/example_setup_teardown.py took 0.076 seconds
[2026-07-16T05:35:13.514+0000] {processor.py:161} INFO - Started process (PID=1545) to work on /home/airflow/.local/lib/python3.8/site-packages/airflow/example_dags/example_setup_teardown.py
[2026-07-16T05:35:13.515+0000] {processor.py:830} INFO - Processing file /home/airflow/.local/lib/python3.8/site-packages/airflow/example_dags/example_setup_teardown.py for tasks to queue
[2026-07-16T05:35:13.517+0000] {logging_mixin.py:188} INFO - [2026-07-16T05:35:13.517+0000] {dagbag.py:538} INFO - Filling up the DagBag from /home/airflow/.local/lib/python3.8/site-packages/airflow/example_dags/example_setup_teardown.py
[2026-07-16T05:35:13.523+0000] {processor.py:840} INFO - DAG(s) 'example_setup_teardown' retrieved from /home/airflow/.local/lib/python3.8/site-packages/airflow/example_dags/example_setup_teardown.py
[2026-07-16T05:35:13.539+0000] {logging_mixin.py:188} INFO - [2026-07-16T05:35:13.539+0000] {dag.py:3036} INFO - Sync 1 DAGs
[2026-07-16T05:35:13.554+0000] {logging_mixin.py:188} INFO - [2026-07-16T05:35:13.554+0000] {dag.py:3823} INFO - Setting next_dagrun for example_setup_teardown to 2026-07-15 00:00:00+00:00, run_after=2026-07-16 00:00:00+00:00
[2026-07-16T05:35:13.568+0000] {processor.py:183} INFO - Processing /home/airflow/.local/lib/python3.8/site-packages/airflow/example_dags/example_setup_teardown.py took 0.057 seconds
[2026-07-16T05:35:44.215+0000] {processor.py:161} INFO - Started process (PID=1601) to work on /home/airflow/.local/lib/python3.8/site-packages/airflow/example_dags/example_setup_teardown.py
[2026-07-16T05:35:44.216+0000] {processor.py:830} INFO - Processing file /home/airflow/.local/lib/python3.8/site-packages/airflow/example_dags/example_setup_teardown.py for tasks to queue
[2026-07-16T05:35:44.218+0000] {logging_mixin.py:188} INFO - [2026-07-16T05:35:44.217+0000] {dagbag.py:538} INFO - Filling up the DagBag from /home/airflow/.local/lib/python3.8/site-packages/airflow/example_dags/example_setup_teardown.py
[2026-07-16T05:35:44.223+0000] {processor.py:840} INFO - DAG(s) 'example_setup_teardown' retrieved from /home/airflow/.local/lib/python3.8/site-packages/airflow/example_dags/example_setup_teardown.py
[2026-07-16T05:35:44.243+0000] {logging_mixin.py:188} INFO - [2026-07-16T05:35:44.242+0000] {dag.py:3036} INFO - Sync 1 DAGs
[2026-07-16T05:35:44.259+0000] {logging_mixin.py:188} INFO - [2026-07-16T05:35:44.259+0000] {dag.py:3823} INFO - Setting next_dagrun for example_setup_teardown to 2026-07-15 00:00:00+00:00, run_after=2026-07-16 00:00:00+00:00
[2026-07-16T05:35:44.276+0000] {processor.py:183} INFO - Processing /home/airflow/.local/lib/python3.8/site-packages/airflow/example_dags/example_setup_teardown.py took 0.064 seconds
[2026-07-16T05:36:14.466+0000] {processor.py:161} INFO - Started process (PID=1657) to work on /home/airflow/.local/lib/python3.8/site-packages/airflow/example_dags/example_setup_teardown.py
[2026-07-16T05:36:14.467+0000] {processor.py:830} INFO - Processing file /home/airflow/.local/lib/python3.8/site-packages/airflow/example_dags/example_setup_teardown.py for tasks to queue
[2026-07-16T05:36:14.469+0000] {logging_mixin.py:188} INFO - [2026-07-16T05:36:14.469+0000] {dagbag.py:538} INFO - Filling up the DagBag from /home/airflow/.local/lib/python3.8/site-packages/airflow/example_dags/example_setup_teardown.py
[2026-07-16T05:36:14.478+0000] {processor.py:840} INFO - DAG(s) 'example_setup_teardown' retrieved from /home/airflow/.local/lib/python3.8/site-packages/airflow/example_dags/example_setup_teardown.py
[2026-07-16T05:36:14.500+0000] {logging_mixin.py:188} INFO - [2026-07-16T05:36:14.500+0000] {dag.py:3036} INFO - Sync 1 DAGs
[2026-07-16T05:36:14.521+0000] {logging_mixin.py:188} INFO - [2026-07-16T05:36:14.521+0000] {dag.py:3823} INFO - Setting next_dagrun for example_setup_teardown to 2026-07-15 00:00:00+00:00, run_after=2026-07-16 00:00:00+00:00
[2026-07-16T05:36:14.541+0000] {processor.py:183} INFO - Processing /home/airflow/.local/lib/python3.8/site-packages/airflow/example_dags/example_setup_teardown.py took 0.078 seconds
[2026-07-16T05:36:44.878+0000] {processor.py:161} INFO - Started process (PID=1714) to work on /home/airflow/.local/lib/python3.8/site-packages/airflow/example_dags/example_setup_teardown.py
[2026-07-16T05:36:44.880+0000] {processor.py:830} INFO - Processing file /home/airflow/.local/lib/python3.8/site-packages/airflow/example_dags/example_setup_teardown.py for tasks to queue
[2026-07-16T05:36:44.882+0000] {logging_mixin.py:188} INFO - [2026-07-16T05:36:44.881+0000] {dagbag.py:538} INFO - Filling up the DagBag from /home/airflow/.local/lib/python3.8/site-packages/airflow/example_dags/example_setup_teardown.py
[2026-07-16T05:36:44.889+0000] {processor.py:840} INFO - DAG(s) 'example_setup_teardown' retrieved from /home/airflow/.local/lib/python3.8/site-packages/airflow/example_dags/example_setup_teardown.py
[2026-07-16T05:36:44.908+0000] {logging_mixin.py:188} INFO - [2026-07-16T05:36:44.908+0000] {dag.py:3036} INFO - Sync 1 DAGs
[2026-07-16T05:36:44.929+0000] {logging_mixin.py:188} INFO - [2026-07-16T05:36:44.928+0000] {dag.py:3823} INFO - Setting next_dagrun for example_setup_teardown to 2026-07-15 00:00:00+00:00, run_after=2026-07-16 00:00:00+00:00
[2026-07-16T05:36:44.944+0000] {processor.py:183} INFO - Processing /home/airflow/.local/lib/python3.8/site-packages/airflow/example_dags/example_setup_teardown.py took 0.068 seconds
[2026-07-16T05:37:15.183+0000] {processor.py:161} INFO - Started process (PID=1770) to work on /home/airflow/.local/lib/python3.8/site-packages/airflow/example_dags/example_setup_teardown.py
[2026-07-16T05:37:15.185+0000] {processor.py:830} INFO - Processing file /home/airflow/.local/lib/python3.8/site-packages/airflow/example_dags/example_setup_teardown.py for tasks to queue
[2026-07-16T05:37:15.187+0000] {logging_mixin.py:188} INFO - [2026-07-16T05:37:15.187+0000] {dagbag.py:538} INFO - Filling up the DagBag from /home/airflow/.local/lib/python3.8/site-packages/airflow/example_dags/example_setup_teardown.py
[2026-07-16T05:37:15.198+0000] {processor.py:840} INFO - DAG(s) 'example_setup_teardown' retrieved from /home/airflow/.local/lib/python3.8/site-packages/airflow/example_dags/example_setup_teardown.py
[2026-07-16T05:37:15.233+0000] {logging_mixin.py:188} INFO - [2026-07-16T05:37:15.233+0000] {dag.py:3036} INFO - Sync 1 DAGs
[2026-07-16T05:37:15.272+0000] {logging_mixin.py:188} INFO - [2026-07-16T05:37:15.272+0000] {dag.py:3823} INFO - Setting next_dagrun for example_setup_teardown to 2026-07-15 00:00:00+00:00, run_after=2026-07-16 00:00:00+00:00
[2026-07-16T05:37:15.309+0000] {processor.py:183} INFO - Processing /home/airflow/.local/lib/python3.8/site-packages/airflow/example_dags/example_setup_teardown.py took 0.130 seconds
[2026-07-16T05:37:45.646+0000] {processor.py:161} INFO - Started process (PID=1826) to work on /home/airflow/.local/lib/python3.8/site-packages/airflow/example_dags/example_setup_teardown.py
[2026-07-16T05:37:45.648+0000] {processor.py:830} INFO - Processing file /home/airflow/.local/lib/python3.8/site-packages/airflow/example_dags/example_setup_teardown.py for tasks to queue
[2026-07-16T05:37:45.650+0000] {logging_mixin.py:188} INFO - [2026-07-16T05:37:45.650+0000] {dagbag.py:538} INFO - Filling up the DagBag from /home/airflow/.local/lib/python3.8/site-packages/airflow/example_dags/example_setup_teardown.py
[2026-07-16T05:37:45.656+0000] {processor.py:840} INFO - DAG(s) 'example_setup_teardown' retrieved from /home/airflow/.local/lib/python3.8/site-packages/airflow/example_dags/example_setup_teardown.py
[2026-07-16T05:37:45.677+0000] {logging_mixin.py:188} INFO - [2026-07-16T05:37:45.676+0000] {dag.py:3036} INFO - Sync 1 DAGs
[2026-07-16T05:37:45.697+0000] {logging_mixin.py:188} INFO - [2026-07-16T05:37:45.697+0000] {dag.py:3823} INFO - Setting next_dagrun for example_setup_teardown to 2026-07-15 00:00:00+00:00, run_after=2026-07-16 00:00:00+00:00
[2026-07-16T05:37:45.717+0000] {processor.py:183} INFO - Processing /home/airflow/.local/lib/python3.8/site-packages/airflow/example_dags/example_setup_teardown.py took 0.074 seconds
[2026-07-16T05:38:15.902+0000] {processor.py:161} INFO - Started process (PID=1882) to work on /home/airflow/.local/lib/python3.8/site-packages/airflow/example_dags/example_setup_teardown.py
[2026-07-16T05:38:15.904+0000] {processor.py:830} INFO - Processing file /home/airflow/.local/lib/python3.8/site-packages/airflow/example_dags/example_setup_teardown.py for tasks to queue
[2026-07-16T05:38:15.905+0000] {logging_mixin.py:188} INFO - [2026-07-16T05:38:15.905+0000] {dagbag.py:538} INFO - Filling up the DagBag from /home/airflow/.local/lib/python3.8/site-packages/airflow/example_dags/example_setup_teardown.py
[2026-07-16T05:38:15.911+0000] {processor.py:840} INFO - DAG(s) 'example_setup_teardown' retrieved from /home/airflow/.local/lib/python3.8/site-packages/airflow/example_dags/example_setup_teardown.py
[2026-07-16T05:38:15.929+0000] {logging_mixin.py:188} INFO - [2026-07-16T05:38:15.929+0000] {dag.py:3036} INFO - Sync 1 DAGs
[2026-07-16T05:38:15.947+0000] {logging_mixin.py:188} INFO - [2026-07-16T05:38:15.947+0000] {dag.py:3823} INFO - Setting next_dagrun for example_setup_teardown to 2026-07-15 00:00:00+00:00, run_after=2026-07-16 00:00:00+00:00
[2026-07-16T05:38:15.962+0000] {processor.py:183} INFO - Processing /home/airflow/.local/lib/python3.8/site-packages/airflow/example_dags/example_setup_teardown.py took 0.065 seconds
[2026-07-16T05:38:46.058+0000] {processor.py:161} INFO - Started process (PID=1936) to work on /home/airflow/.local/lib/python3.8/site-packages/airflow/example_dags/example_setup_teardown.py
[2026-07-16T05:38:46.059+0000] {processor.py:830} INFO - Processing file /home/airflow/.local/lib/python3.8/site-packages/airflow/example_dags/example_setup_teardown.py for tasks to queue
[2026-07-16T05:38:46.061+0000] {logging_mixin.py:188} INFO - [2026-07-16T05:38:46.060+0000] {dagbag.py:538} INFO - Filling up the DagBag from /home/airflow/.local/lib/python3.8/site-packages/airflow/example_dags/example_setup_teardown.py
[2026-07-16T05:38:46.067+0000] {processor.py:840} INFO - DAG(s) 'example_setup_teardown' retrieved from /home/airflow/.local/lib/python3.8/site-packages/airflow/example_dags/example_setup_teardown.py
[2026-07-16T05:38:46.086+0000] {logging_mixin.py:188} INFO - [2026-07-16T05:38:46.086+0000] {dag.py:3036} INFO - Sync 1 DAGs
[2026-07-16T05:38:46.102+0000] {logging_mixin.py:188} INFO - [2026-07-16T05:38:46.102+0000] {dag.py:3823} INFO - Setting next_dagrun for example_setup_teardown to 2026-07-15 00:00:00+00:00, run_after=2026-07-16 00:00:00+00:00
[2026-07-16T05:38:46.118+0000] {processor.py:183} INFO - Processing /home/airflow/.local/lib/python3.8/site-packages/airflow/example_dags/example_setup_teardown.py took 0.064 seconds
[2026-07-16T05:39:16.467+0000] {processor.py:161} INFO - Started process (PID=1992) to work on /home/airflow/.local/lib/python3.8/site-packages/airflow/example_dags/example_setup_teardown.py
[2026-07-16T05:39:16.469+0000] {processor.py:830} INFO - Processing file /home/airflow/.local/lib/python3.8/site-packages/airflow/example_dags/example_setup_teardown.py for tasks to queue
[2026-07-16T05:39:16.470+0000] {logging_mixin.py:188} INFO - [2026-07-16T05:39:16.470+0000] {dagbag.py:538} INFO - Filling up the DagBag from /home/airflow/.local/lib/python3.8/site-packages/airflow/example_dags/example_setup_teardown.py
[2026-07-16T05:39:16.477+0000] {processor.py:840} INFO - DAG(s) 'example_setup_teardown' retrieved from /home/airflow/.local/lib/python3.8/site-packages/airflow/example_dags/example_setup_teardown.py
[2026-07-16T05:39:16.496+0000] {logging_mixin.py:188} INFO - [2026-07-16T05:39:16.496+0000] {dag.py:3036} INFO - Sync 1 DAGs
[2026-07-16T05:39:16.515+0000] {logging_mixin.py:188} INFO - [2026-07-16T05:39:16.515+0000] {dag.py:3823} INFO - Setting next_dagrun for example_setup_teardown to 2026-07-15 00:00:00+00:00, run_after=2026-07-16 00:00:00+00:00
[2026-07-16T05:39:16.533+0000] {processor.py:183} INFO - Processing /home/airflow/.local/lib/python3.8/site-packages/airflow/example_dags/example_setup_teardown.py took 0.069 seconds
[2026-07-16T05:39:46.687+0000] {processor.py:161} INFO - Started process (PID=2048) to work on /home/airflow/.local/lib/python3.8/site-packages/airflow/example_dags/example_setup_teardown.py
[2026-07-16T05:39:46.688+0000] {processor.py:830} INFO - Processing file /home/airflow/.local/lib/python3.8/site-packages/airflow/example_dags/example_setup_teardown.py for tasks to queue
[2026-07-16T05:39:46.690+0000] {logging_mixin.py:188} INFO - [2026-07-16T05:39:46.690+0000] {dagbag.py:538} INFO - Filling up the DagBag from /home/airflow/.local/lib/python3.8/site-packages/airflow/example_dags/example_setup_teardown.py
[2026-07-16T05:39:46.697+0000] {processor.py:840} INFO - DAG(s) 'example_setup_teardown' retrieved from /home/airflow/.local/lib/python3.8/site-packages/airflow/example_dags/example_setup_teardown.py
[2026-07-16T05:39:46.717+0000] {logging_mixin.py:188} INFO - [2026-07-16T05:39:46.717+0000] {dag.py:3036} INFO - Sync 1 DAGs
[2026-07-16T05:39:46.737+0000] {logging_mixin.py:188} INFO - [2026-07-16T05:39:46.737+0000] {dag.py:3823} INFO - Setting next_dagrun for example_setup_teardown to 2026-07-15 00:00:00+00:00, run_after=2026-07-16 00:00:00+00:00
[2026-07-16T05:39:46.756+0000] {processor.py:183} INFO - Processing /home/airflow/.local/lib/python3.8/site-packages/airflow/example_dags/example_setup_teardown.py took 0.074 seconds
[2026-07-16T05:40:16.902+0000] {processor.py:161} INFO - Started process (PID=2104) to work on /home/airflow/.local/lib/python3.8/site-packages/airflow/example_dags/example_setup_teardown.py
[2026-07-16T05:40:16.903+0000] {processor.py:830} INFO - Processing file /home/airflow/.local/lib/python3.8/site-packages/airflow/example_dags/example_setup_teardown.py for tasks to queue
[2026-07-16T05:40:16.906+0000] {logging_mixin.py:188} INFO - [2026-07-16T05:40:16.905+0000] {dagbag.py:538} INFO - Filling up the DagBag from /home/airflow/.local/lib/python3.8/site-packages/airflow/example_dags/example_setup_teardown.py
[2026-07-16T05:40:16.914+0000] {processor.py:840} INFO - DAG(s) 'example_setup_teardown' retrieved from /home/airflow/.local/lib/python3.8/site-packages/airflow/example_dags/example_setup_teardown.py
[2026-07-16T05:40:16.935+0000] {logging_mixin.py:188} INFO - [2026-07-16T05:40:16.935+0000] {dag.py:3036} INFO - Sync 1 DAGs
[2026-07-16T05:40:16.957+0000] {logging_mixin.py:188} INFO - [2026-07-16T05:40:16.956+0000] {dag.py:3823} INFO - Setting next_dagrun for example_setup_teardown to 2026-07-15 00:00:00+00:00, run_after=2026-07-16 00:00:00+00:00
[2026-07-16T05:40:16.977+0000] {processor.py:183} INFO - Processing /home/airflow/.local/lib/python3.8/site-packages/airflow/example_dags/example_setup_teardown.py took 0.079 seconds
[2026-07-16T05:40:47.264+0000] {processor.py:161} INFO - Started process (PID=2160) to work on /home/airflow/.local/lib/python3.8/site-packages/airflow/example_dags/example_setup_teardown.py
[2026-07-16T05:40:47.266+0000] {processor.py:830} INFO - Processing file /home/airflow/.local/lib/python3.8/site-packages/airflow/example_dags/example_setup_teardown.py for tasks to queue
[2026-07-16T05:40:47.268+0000] {logging_mixin.py:188} INFO - [2026-07-16T05:40:47.268+0000] {dagbag.py:538} INFO - Filling up the DagBag from /home/airflow/.local/lib/python3.8/site-packages/airflow/example_dags/example_setup_teardown.py
[2026-07-16T05:40:47.275+0000] {processor.py:840} INFO - DAG(s) 'example_setup_teardown' retrieved from /home/airflow/.local/lib/python3.8/site-packages/airflow/example_dags/example_setup_teardown.py
[2026-07-16T05:40:47.300+0000] {logging_mixin.py:188} INFO - [2026-07-16T05:40:47.300+0000] {dag.py:3036} INFO - Sync 1 DAGs
[2026-07-16T05:40:47.337+0000] {logging_mixin.py:188} INFO - [2026-07-16T05:40:47.337+0000] {dag.py:3823} INFO - Setting next_dagrun for example_setup_teardown to 2026-07-15 00:00:00+00:00, run_after=2026-07-16 00:00:00+00:00
[2026-07-16T05:40:47.364+0000] {processor.py:183} INFO - Processing /home/airflow/.local/lib/python3.8/site-packages/airflow/example_dags/example_setup_teardown.py took 0.104 seconds
[2026-07-16T05:41:17.572+0000] {processor.py:161} INFO - Started process (PID=2216) to work on /home/airflow/.local/lib/python3.8/site-packages/airflow/example_dags/example_setup_teardown.py
[2026-07-16T05:41:17.574+0000] {processor.py:830} INFO - Processing file /home/airflow/.local/lib/python3.8/site-packages/airflow/example_dags/example_setup_teardown.py for tasks to queue
[2026-07-16T05:41:17.575+0000] {logging_mixin.py:188} INFO - [2026-07-16T05:41:17.575+0000] {dagbag.py:538} INFO - Filling up the DagBag from /home/airflow/.local/lib/python3.8/site-packages/airflow/example_dags/example_setup_teardown.py
[2026-07-16T05:41:17.580+0000] {processor.py:840} INFO - DAG(s) 'example_setup_teardown' retrieved from /home/airflow/.local/lib/python3.8/site-packages/airflow/example_dags/example_setup_teardown.py
[2026-07-16T05:41:17.596+0000] {logging_mixin.py:188} INFO - [2026-07-16T05:41:17.596+0000] {dag.py:3036} INFO - Sync 1 DAGs
[2026-07-16T05:41:17.613+0000] {logging_mixin.py:188} INFO - [2026-07-16T05:41:17.613+0000] {dag.py:3823} INFO - Setting next_dagrun for example_setup_teardown to 2026-07-15 00:00:00+00:00, run_after=2026-07-16 00:00:00+00:00
[2026-07-16T05:41:17.627+0000] {processor.py:183} INFO - Processing /home/airflow/.local/lib/python3.8/site-packages/airflow/example_dags/example_setup_teardown.py took 0.058 seconds
[2026-07-16T05:41:48.499+0000] {processor.py:161} INFO - Started process (PID=2272) to work on /home/airflow/.local/lib/python3.8/site-packages/airflow/example_dags/example_setup_teardown.py
[2026-07-16T05:41:48.500+0000] {processor.py:830} INFO - Processing file /home/airflow/.local/lib/python3.8/site-packages/airflow/example_dags/example_setup_teardown.py for tasks to queue
[2026-07-16T05:41:48.502+0000] {logging_mixin.py:188} INFO - [2026-07-16T05:41:48.502+0000] {dagbag.py:538} INFO - Filling up the DagBag from /home/airflow/.local/lib/python3.8/site-packages/airflow/example_dags/example_setup_teardown.py
[2026-07-16T05:41:48.507+0000] {processor.py:840} INFO - DAG(s) 'example_setup_teardown' retrieved from /home/airflow/.local/lib/python3.8/site-packages/airflow/example_dags/example_setup_teardown.py
[2026-07-16T05:41:48.525+0000] {logging_mixin.py:188} INFO - [2026-07-16T05:41:48.525+0000] {dag.py:3036} INFO - Sync 1 DAGs
[2026-07-16T05:41:48.541+0000] {logging_mixin.py:188} INFO - [2026-07-16T05:41:48.541+0000] {dag.py:3823} INFO - Setting next_dagrun for example_setup_teardown to 2026-07-15 00:00:00+00:00, run_after=2026-07-16 00:00:00+00:00
[2026-07-16T05:41:48.557+0000] {processor.py:183} INFO - Processing /home/airflow/.local/lib/python3.8/site-packages/airflow/example_dags/example_setup_teardown.py took 0.061 seconds
[2026-07-16T05:42:19.435+0000] {processor.py:161} INFO - Started process (PID=2328) to work on /home/airflow/.local/lib/python3.8/site-packages/airflow/example_dags/example_setup_teardown.py
[2026-07-16T05:42:19.436+0000] {processor.py:830} INFO - Processing file /home/airflow/.local/lib/python3.8/site-packages/airflow/example_dags/example_setup_teardown.py for tasks to queue
[2026-07-16T05:42:19.440+0000] {logging_mixin.py:188} INFO - [2026-07-16T05:42:19.439+0000] {dagbag.py:538} INFO - Filling up the DagBag from /home/airflow/.local/lib/python3.8/site-packages/airflow/example_dags/example_setup_teardown.py
[2026-07-16T05:42:19.454+0000] {processor.py:840} INFO - DAG(s) 'example_setup_teardown' retrieved from /home/airflow/.local/lib/python3.8/site-packages/airflow/example_dags/example_setup_teardown.py
[2026-07-16T05:42:19.491+0000] {logging_mixin.py:188} INFO - [2026-07-16T05:42:19.491+0000] {dag.py:3036} INFO - Sync 1 DAGs
[2026-07-16T05:42:19.523+0000] {logging_mixin.py:188} INFO - [2026-07-16T05:42:19.522+0000] {dag.py:3823} INFO - Setting next_dagrun for example_setup_teardown to 2026-07-15 00:00:00+00:00, run_after=2026-07-16 00:00:00+00:00
[2026-07-16T05:42:19.561+0000] {processor.py:183} INFO - Processing /home/airflow/.local/lib/python3.8/site-packages/airflow/example_dags/example_setup_teardown.py took 0.129 seconds
[2026-07-16T05:42:49.660+0000] {processor.py:161} INFO - Started process (PID=2384) to work on /home/airflow/.local/lib/python3.8/site-packages/airflow/example_dags/example_setup_teardown.py
[2026-07-16T05:42:49.661+0000] {processor.py:830} INFO - Processing file /home/airflow/.local/lib/python3.8/site-packages/airflow/example_dags/example_setup_teardown.py for tasks to queue
[2026-07-16T05:42:49.663+0000] {logging_mixin.py:188} INFO - [2026-07-16T05:42:49.662+0000] {dagbag.py:538} INFO - Filling up the DagBag from /home/airflow/.local/lib/python3.8/site-packages/airflow/example_dags/example_setup_teardown.py
[2026-07-16T05:42:49.668+0000] {processor.py:840} INFO - DAG(s) 'example_setup_teardown' retrieved from /home/airflow/.local/lib/python3.8/site-packages/airflow/example_dags/example_setup_teardown.py
[2026-07-16T05:42:49.685+0000] {logging_mixin.py:188} INFO - [2026-07-16T05:42:49.685+0000] {dag.py:3036} INFO - Sync 1 DAGs
[2026-07-16T05:42:49.701+0000] {logging_mixin.py:188} INFO - [2026-07-16T05:42:49.701+0000] {dag.py:3823} INFO - Setting next_dagrun for example_setup_teardown to 2026-07-15 00:00:00+00:00, run_after=2026-07-16 00:00:00+00:00
[2026-07-16T05:42:49.717+0000] {processor.py:183} INFO - Processing /home/airflow/.local/lib/python3.8/site-packages/airflow/example_dags/example_setup_teardown.py took 0.060 seconds
[2026-07-16T05:43:20.258+0000] {processor.py:161} INFO - Started process (PID=2440) to work on /home/airflow/.local/lib/python3.8/site-packages/airflow/example_dags/example_setup_teardown.py
[2026-07-16T05:43:20.260+0000] {processor.py:830} INFO - Processing file /home/airflow/.local/lib/python3.8/site-packages/airflow/example_dags/example_setup_teardown.py for tasks to queue
[2026-07-16T05:43:20.264+0000] {logging_mixin.py:188} INFO - [2026-07-16T05:43:20.264+0000] {dagbag.py:538} INFO - Filling up the DagBag from /home/airflow/.local/lib/python3.8/site-packages/airflow/example_dags/example_setup_teardown.py
[2026-07-16T05:43:20.277+0000] {processor.py:840} INFO - DAG(s) 'example_setup_teardown' retrieved from /home/airflow/.local/lib/python3.8/site-packages/airflow/example_dags/example_setup_teardown.py
[2026-07-16T05:43:20.311+0000] {logging_mixin.py:188} INFO - [2026-07-16T05:43:20.311+0000] {dag.py:3036} INFO - Sync 1 DAGs
[2026-07-16T05:43:20.349+0000] {logging_mixin.py:188} INFO - [2026-07-16T05:43:20.349+0000] {dag.py:3823} INFO - Setting next_dagrun for example_setup_teardown to 2026-07-15 00:00:00+00:00, run_after=2026-07-16 00:00:00+00:00
[2026-07-16T05:43:20.376+0000] {processor.py:183} INFO - Processing /home/airflow/.local/lib/python3.8/site-packages/airflow/example_dags/example_setup_teardown.py took 0.122 seconds
[2026-07-16T05:43:50.673+0000] {processor.py:161} INFO - Started process (PID=2496) to work on /home/airflow/.local/lib/python3.8/site-packages/airflow/example_dags/example_setup_teardown.py
[2026-07-16T05:43:50.675+0000] {processor.py:830} INFO - Processing file /home/airflow/.local/lib/python3.8/site-packages/airflow/example_dags/example_setup_teardown.py for tasks to queue
[2026-07-16T05:43:50.676+0000] {logging_mixin.py:188} INFO - [2026-07-16T05:43:50.676+0000] {dagbag.py:538} INFO - Filling up the DagBag from /home/airflow/.local/lib/python3.8/site-packages/airflow/example_dags/example_setup_teardown.py
[2026-07-16T05:43:50.684+0000] {processor.py:840} INFO - DAG(s) 'example_setup_teardown' retrieved from /home/airflow/.local/lib/python3.8/site-packages/airflow/example_dags/example_setup_teardown.py
[2026-07-16T05:43:50.708+0000] {logging_mixin.py:188} INFO - [2026-07-16T05:43:50.708+0000] {dag.py:3036} INFO - Sync 1 DAGs
[2026-07-16T05:43:50.729+0000] {logging_mixin.py:188} INFO - [2026-07-16T05:43:50.729+0000] {dag.py:3823} INFO - Setting next_dagrun for example_setup_teardown to 2026-07-15 00:00:00+00:00, run_after=2026-07-16 00:00:00+00:00
[2026-07-16T05:43:50.755+0000] {processor.py:183} INFO - Processing /home/airflow/.local/lib/python3.8/site-packages/airflow/example_dags/example_setup_teardown.py took 0.088 seconds
[2026-07-16T05:44:21.218+0000] {processor.py:161} INFO - Started process (PID=2552) to work on /home/airflow/.local/lib/python3.8/site-packages/airflow/example_dags/example_setup_teardown.py
[2026-07-16T05:44:21.219+0000] {processor.py:830} INFO - Processing file /home/airflow/.local/lib/python3.8/site-packages/airflow/example_dags/example_setup_teardown.py for tasks to queue
[2026-07-16T05:44:21.221+0000] {logging_mixin.py:188} INFO - [2026-07-16T05:44:21.221+0000] {dagbag.py:538} INFO - Filling up the DagBag from /home/airflow/.local/lib/python3.8/site-packages/airflow/example_dags/example_setup_teardown.py
[2026-07-16T05:44:21.228+0000] {processor.py:840} INFO - DAG(s) 'example_setup_teardown' retrieved from /home/airflow/.local/lib/python3.8/site-packages/airflow/example_dags/example_setup_teardown.py
[2026-07-16T05:44:21.253+0000] {logging_mixin.py:188} INFO - [2026-07-16T05:44:21.253+0000] {dag.py:3036} INFO - Sync 1 DAGs
[2026-07-16T05:44:21.283+0000] {logging_mixin.py:188} INFO - [2026-07-16T05:44:21.283+0000] {dag.py:3823} INFO - Setting next_dagrun for example_setup_teardown to 2026-07-15 00:00:00+00:00, run_after=2026-07-16 00:00:00+00:00
[2026-07-16T05:44:21.313+0000] {processor.py:183} INFO - Processing /home/airflow/.local/lib/python3.8/site-packages/airflow/example_dags/example_setup_teardown.py took 0.099 seconds
[2026-07-16T05:44:51.515+0000] {processor.py:161} INFO - Started process (PID=2608) to work on /home/airflow/.local/lib/python3.8/site-packages/airflow/example_dags/example_setup_teardown.py
[2026-07-16T05:44:51.517+0000] {processor.py:830} INFO - Processing file /home/airflow/.local/lib/python3.8/site-packages/airflow/example_dags/example_setup_teardown.py for tasks to queue
[2026-07-16T05:44:51.519+0000] {logging_mixin.py:188} INFO - [2026-07-16T05:44:51.519+0000] {dagbag.py:538} INFO - Filling up the DagBag from /home/airflow/.local/lib/python3.8/site-packages/airflow/example_dags/example_setup_teardown.py
[2026-07-16T05:44:51.525+0000] {processor.py:840} INFO - DAG(s) 'example_setup_teardown' retrieved from /home/airflow/.local/lib/python3.8/site-packages/airflow/example_dags/example_setup_teardown.py
[2026-07-16T05:44:51.545+0000] {logging_mixin.py:188} INFO - [2026-07-16T05:44:51.545+0000] {dag.py:3036} INFO - Sync 1 DAGs
[2026-07-16T05:44:51.564+0000] {logging_mixin.py:188} INFO - [2026-07-16T05:44:51.564+0000] {dag.py:3823} INFO - Setting next_dagrun for example_setup_teardown to 2026-07-15 00:00:00+00:00, run_after=2026-07-16 00:00:00+00:00
[2026-07-16T05:44:51.581+0000] {processor.py:183} INFO - Processing /home/airflow/.local/lib/python3.8/site-packages/airflow/example_dags/example_setup_teardown.py took 0.069 seconds
[2026-07-16T05:45:21.700+0000] {processor.py:161} INFO - Started process (PID=2664) to work on /home/airflow/.local/lib/python3.8/site-packages/airflow/example_dags/example_setup_teardown.py
[2026-07-16T05:45:21.700+0000] {processor.py:830} INFO - Processing file /home/airflow/.local/lib/python3.8/site-packages/airflow/example_dags/example_setup_teardown.py for tasks to queue
[2026-07-16T05:45:21.702+0000] {logging_mixin.py:188} INFO - [2026-07-16T05:45:21.701+0000] {dagbag.py:538} INFO - Filling up the DagBag from /home/airflow/.local/lib/python3.8/site-packages/airflow/example_dags/example_setup_teardown.py
[2026-07-16T05:45:21.706+0000] {processor.py:840} INFO - DAG(s) 'example_setup_teardown' retrieved from /home/airflow/.local/lib/python3.8/site-packages/airflow/example_dags/example_setup_teardown.py
[2026-07-16T05:45:21.721+0000] {logging_mixin.py:188} INFO - [2026-07-16T05:45:21.721+0000] {dag.py:3036} INFO - Sync 1 DAGs
[2026-07-16T05:45:21.735+0000] {logging_mixin.py:188} INFO - [2026-07-16T05:45:21.735+0000] {dag.py:3823} INFO - Setting next_dagrun for example_setup_teardown to 2026-07-15 00:00:00+00:00, run_after=2026-07-16 00:00:00+00:00
[2026-07-16T05:45:21.749+0000] {processor.py:183} INFO - Processing /home/airflow/.local/lib/python3.8/site-packages/airflow/example_dags/example_setup_teardown.py took 0.051 seconds
[2026-07-16T05:45:52.423+0000] {processor.py:161} INFO - Started process (PID=2720) to work on /home/airflow/.local/lib/python3.8/site-packages/airflow/example_dags/example_setup_teardown.py
[2026-07-16T05:45:52.424+0000] {processor.py:830} INFO - Processing file /home/airflow/.local/lib/python3.8/site-packages/airflow/example_dags/example_setup_teardown.py for tasks to queue
[2026-07-16T05:45:52.425+0000] {logging_mixin.py:188} INFO - [2026-07-16T05:45:52.425+0000] {dagbag.py:538} INFO - Filling up the DagBag from /home/airflow/.local/lib/python3.8/site-packages/airflow/example_dags/example_setup_teardown.py
[2026-07-16T05:45:52.430+0000] {processor.py:840} INFO - DAG(s) 'example_setup_teardown' retrieved from /home/airflow/.local/lib/python3.8/site-packages/airflow/example_dags/example_setup_teardown.py
[2026-07-16T05:45:52.445+0000] {logging_mixin.py:188} INFO - [2026-07-16T05:45:52.444+0000] {dag.py:3036} INFO - Sync 1 DAGs
[2026-07-16T05:45:52.460+0000] {logging_mixin.py:188} INFO - [2026-07-16T05:45:52.459+0000] {dag.py:3823} INFO - Setting next_dagrun for example_setup_teardown to 2026-07-15 00:00:00+00:00, run_after=2026-07-16 00:00:00+00:00
[2026-07-16T05:45:52.576+0000] {processor.py:183} INFO - Processing /home/airflow/.local/lib/python3.8/site-packages/airflow/example_dags/example_setup_teardown.py took 0.155 seconds
[2026-07-16T05:46:23.545+0000] {processor.py:161} INFO - Started process (PID=2776) to work on /home/airflow/.local/lib/python3.8/site-packages/airflow/example_dags/example_setup_teardown.py
[2026-07-16T05:46:23.548+0000] {processor.py:830} INFO - Processing file /home/airflow/.local/lib/python3.8/site-packages/airflow/example_dags/example_setup_teardown.py for tasks to queue
[2026-07-16T05:46:23.550+0000] {logging_mixin.py:188} INFO - [2026-07-16T05:46:23.550+0000] {dagbag.py:538} INFO - Filling up the DagBag from /home/airflow/.local/lib/python3.8/site-packages/airflow/example_dags/example_setup_teardown.py
[2026-07-16T05:46:23.559+0000] {processor.py:840} INFO - DAG(s) 'example_setup_teardown' retrieved from /home/airflow/.local/lib/python3.8/site-packages/airflow/example_dags/example_setup_teardown.py
[2026-07-16T05:46:23.578+0000] {logging_mixin.py:188} INFO - [2026-07-16T05:46:23.578+0000] {dag.py:3036} INFO - Sync 1 DAGs
[2026-07-16T05:46:23.598+0000] {logging_mixin.py:188} INFO - [2026-07-16T05:46:23.598+0000] {dag.py:3823} INFO - Setting next_dagrun for example_setup_teardown to 2026-07-15 00:00:00+00:00, run_after=2026-07-16 00:00:00+00:00
[2026-07-16T05:46:23.615+0000] {processor.py:183} INFO - Processing /home/airflow/.local/lib/python3.8/site-packages/airflow/example_dags/example_setup_teardown.py took 0.072 seconds
[2026-07-16T05:46:53.808+0000] {processor.py:161} INFO - Started process (PID=2832) to work on /home/airflow/.local/lib/python3.8/site-packages/airflow/example_dags/example_setup_teardown.py
[2026-07-16T05:46:53.810+0000] {processor.py:830} INFO - Processing file /home/airflow/.local/lib/python3.8/site-packages/airflow/example_dags/example_setup_teardown.py for tasks to queue
[2026-07-16T05:46:53.812+0000] {logging_mixin.py:188} INFO - [2026-07-16T05:46:53.811+0000] {dagbag.py:538} INFO - Filling up the DagBag from /home/airflow/.local/lib/python3.8/site-packages/airflow/example_dags/example_setup_teardown.py
[2026-07-16T05:46:53.817+0000] {processor.py:840} INFO - DAG(s) 'example_setup_teardown' retrieved from /home/airflow/.local/lib/python3.8/site-packages/airflow/example_dags/example_setup_teardown.py
[2026-07-16T05:46:53.833+0000] {logging_mixin.py:188} INFO - [2026-07-16T05:46:53.833+0000] {dag.py:3036} INFO - Sync 1 DAGs
[2026-07-16T05:46:53.848+0000] {logging_mixin.py:188} INFO - [2026-07-16T05:46:53.847+0000] {dag.py:3823} INFO - Setting next_dagrun for example_setup_teardown to 2026-07-15 00:00:00+00:00, run_after=2026-07-16 00:00:00+00:00
[2026-07-16T05:46:53.862+0000] {processor.py:183} INFO - Processing /home/airflow/.local/lib/python3.8/site-packages/airflow/example_dags/example_setup_teardown.py took 0.057 seconds
[2026-07-16T05:47:24.577+0000] {processor.py:161} INFO - Started process (PID=2888) to work on /home/airflow/.local/lib/python3.8/site-packages/airflow/example_dags/example_setup_teardown.py
[2026-07-16T05:47:24.579+0000] {processor.py:830} INFO - Processing file /home/airflow/.local/lib/python3.8/site-packages/airflow/example_dags/example_setup_teardown.py for tasks to queue
[2026-07-16T05:47:24.586+0000] {logging_mixin.py:188} INFO - [2026-07-16T05:47:24.585+0000] {dagbag.py:538} INFO - Filling up the DagBag from /home/airflow/.local/lib/python3.8/site-packages/airflow/example_dags/example_setup_teardown.py
[2026-07-16T05:47:24.591+0000] {processor.py:840} INFO - DAG(s) 'example_setup_teardown' retrieved from /home/airflow/.local/lib/python3.8/site-packages/airflow/example_dags/example_setup_teardown.py
[2026-07-16T05:47:24.606+0000] {logging_mixin.py:188} INFO - [2026-07-16T05:47:24.606+0000] {dag.py:3036} INFO - Sync 1 DAGs
[2026-07-16T05:47:24.620+0000] {logging_mixin.py:188} INFO - [2026-07-16T05:47:24.620+0000] {dag.py:3823} INFO - Setting next_dagrun for example_setup_teardown to 2026-07-15 00:00:00+00:00, run_after=2026-07-16 00:00:00+00:00
[2026-07-16T05:47:24.634+0000] {processor.py:183} INFO - Processing /home/airflow/.local/lib/python3.8/site-packages/airflow/example_dags/example_setup_teardown.py took 0.062 seconds
[2026-07-16T05:47:54.682+0000] {processor.py:161} INFO - Started process (PID=2944) to work on /home/airflow/.local/lib/python3.8/site-packages/airflow/example_dags/example_setup_teardown.py
[2026-07-16T05:47:54.687+0000] {processor.py:830} INFO - Processing file /home/airflow/.local/lib/python3.8/site-packages/airflow/example_dags/example_setup_teardown.py for tasks to queue
[2026-07-16T05:47:54.690+0000] {logging_mixin.py:188} INFO - [2026-07-16T05:47:54.689+0000] {dagbag.py:538} INFO - Filling up the DagBag from /home/airflow/.local/lib/python3.8/site-packages/airflow/example_dags/example_setup_teardown.py
[2026-07-16T05:47:54.698+0000] {processor.py:840} INFO - DAG(s) 'example_setup_teardown' retrieved from /home/airflow/.local/lib/python3.8/site-packages/airflow/example_dags/example_setup_teardown.py
[2026-07-16T05:47:54.728+0000] {logging_mixin.py:188} INFO - [2026-07-16T05:47:54.728+0000] {dag.py:3036} INFO - Sync 1 DAGs
[2026-07-16T05:47:54.755+0000] {logging_mixin.py:188} INFO - [2026-07-16T05:47:54.754+0000] {dag.py:3823} INFO - Setting next_dagrun for example_setup_teardown to 2026-07-15 00:00:00+00:00, run_after=2026-07-16 00:00:00+00:00
[2026-07-16T05:47:54.784+0000] {processor.py:183} INFO - Processing /home/airflow/.local/lib/python3.8/site-packages/airflow/example_dags/example_setup_teardown.py took 0.108 seconds
[2026-07-16T05:48:25.416+0000] {processor.py:161} INFO - Started process (PID=3000) to work on /home/airflow/.local/lib/python3.8/site-packages/airflow/example_dags/example_setup_teardown.py
[2026-07-16T05:48:25.419+0000] {processor.py:830} INFO - Processing file /home/airflow/.local/lib/python3.8/site-packages/airflow/example_dags/example_setup_teardown.py for tasks to queue
[2026-07-16T05:48:25.421+0000] {logging_mixin.py:188} INFO - [2026-07-16T05:48:25.421+0000] {dagbag.py:538} INFO - Filling up the DagBag from /home/airflow/.local/lib/python3.8/site-packages/airflow/example_dags/example_setup_teardown.py
[2026-07-16T05:48:25.430+0000] {processor.py:840} INFO - DAG(s) 'example_setup_teardown' retrieved from /home/airflow/.local/lib/python3.8/site-packages/airflow/example_dags/example_setup_teardown.py
[2026-07-16T05:48:25.456+0000] {logging_mixin.py:188} INFO - [2026-07-16T05:48:25.455+0000] {dag.py:3036} INFO - Sync 1 DAGs
[2026-07-16T05:48:25.476+0000] {logging_mixin.py:188} INFO - [2026-07-16T05:48:25.476+0000] {dag.py:3823} INFO - Setting next_dagrun for example_setup_teardown to 2026-07-15 00:00:00+00:00, run_after=2026-07-16 00:00:00+00:00
[2026-07-16T05:48:25.494+0000] {processor.py:183} INFO - Processing /home/airflow/.local/lib/python3.8/site-packages/airflow/example_dags/example_setup_teardown.py took 0.082 seconds
