[2026-07-16T05:21:56.954+0000] {processor.py:161} INFO - Started process (PID=80) to work on /home/airflow/.local/lib/python3.8/site-packages/airflow/example_dags/example_sla_dag.py
[2026-07-16T05:21:56.956+0000] {processor.py:830} INFO - Processing file /home/airflow/.local/lib/python3.8/site-packages/airflow/example_dags/example_sla_dag.py for tasks to queue
[2026-07-16T05:21:56.960+0000] {logging_mixin.py:188} INFO - [2026-07-16T05:21:56.960+0000] {dagbag.py:538} INFO - Filling up the DagBag from /home/airflow/.local/lib/python3.8/site-packages/airflow/example_dags/example_sla_dag.py
[2026-07-16T05:21:56.979+0000] {processor.py:840} INFO - DAG(s) 'example_sla_dag' retrieved from /home/airflow/.local/lib/python3.8/site-packages/airflow/example_dags/example_sla_dag.py
[2026-07-16T05:21:57.130+0000] {logging_mixin.py:188} INFO - [2026-07-16T05:21:57.130+0000] {dag.py:3036} INFO - Sync 1 DAGs
[2026-07-16T05:21:57.165+0000] {logging_mixin.py:188} INFO - [2026-07-16T05:21:57.164+0000] {dag.py:3823} INFO - Setting next_dagrun for example_sla_dag to 2026-07-16 05:18:00+00:00, run_after=2026-07-16 05:20:00+00:00
[2026-07-16T05:21:57.196+0000] {processor.py:183} INFO - Processing /home/airflow/.local/lib/python3.8/site-packages/airflow/example_dags/example_sla_dag.py took 0.250 seconds
[2026-07-16T05:22:27.334+0000] {processor.py:161} INFO - Started process (PID=136) to work on /home/airflow/.local/lib/python3.8/site-packages/airflow/example_dags/example_sla_dag.py
[2026-07-16T05:22:27.340+0000] {processor.py:830} INFO - Processing file /home/airflow/.local/lib/python3.8/site-packages/airflow/example_dags/example_sla_dag.py for tasks to queue
[2026-07-16T05:22:27.345+0000] {logging_mixin.py:188} INFO - [2026-07-16T05:22:27.344+0000] {dagbag.py:538} INFO - Filling up the DagBag from /home/airflow/.local/lib/python3.8/site-packages/airflow/example_dags/example_sla_dag.py
[2026-07-16T05:22:27.365+0000] {processor.py:840} INFO - DAG(s) 'example_sla_dag' retrieved from /home/airflow/.local/lib/python3.8/site-packages/airflow/example_dags/example_sla_dag.py
[2026-07-16T05:22:27.420+0000] {logging_mixin.py:188} INFO - [2026-07-16T05:22:27.420+0000] {dag.py:3036} INFO - Sync 1 DAGs
[2026-07-16T05:22:27.495+0000] {logging_mixin.py:188} INFO - [2026-07-16T05:22:27.494+0000] {dag.py:3823} INFO - Setting next_dagrun for example_sla_dag to 2026-07-16 05:20:00+00:00, run_after=2026-07-16 05:22:00+00:00
[2026-07-16T05:22:27.556+0000] {processor.py:183} INFO - Processing /home/airflow/.local/lib/python3.8/site-packages/airflow/example_dags/example_sla_dag.py took 0.230 seconds
[2026-07-16T05:22:58.716+0000] {processor.py:161} INFO - Started process (PID=194) to work on /home/airflow/.local/lib/python3.8/site-packages/airflow/example_dags/example_sla_dag.py
[2026-07-16T05:22:58.722+0000] {processor.py:830} INFO - Processing file /home/airflow/.local/lib/python3.8/site-packages/airflow/example_dags/example_sla_dag.py for tasks to queue
[2026-07-16T05:22:58.732+0000] {logging_mixin.py:188} INFO - [2026-07-16T05:22:58.730+0000] {dagbag.py:538} INFO - Filling up the DagBag from /home/airflow/.local/lib/python3.8/site-packages/airflow/example_dags/example_sla_dag.py
[2026-07-16T05:22:58.789+0000] {processor.py:840} INFO - DAG(s) 'example_sla_dag' retrieved from /home/airflow/.local/lib/python3.8/site-packages/airflow/example_dags/example_sla_dag.py
[2026-07-16T05:22:58.948+0000] {logging_mixin.py:188} INFO - [2026-07-16T05:22:58.947+0000] {dag.py:3036} INFO - Sync 1 DAGs
[2026-07-16T05:22:59.142+0000] {logging_mixin.py:188} INFO - [2026-07-16T05:22:59.141+0000] {dag.py:3823} INFO - Setting next_dagrun for example_sla_dag to 2026-07-16 05:20:00+00:00, run_after=2026-07-16 05:22:00+00:00
[2026-07-16T05:22:59.320+0000] {processor.py:183} INFO - Processing /home/airflow/.local/lib/python3.8/site-packages/airflow/example_dags/example_sla_dag.py took 0.620 seconds
[2026-07-16T05:23:30.124+0000] {processor.py:161} INFO - Started process (PID=250) to work on /home/airflow/.local/lib/python3.8/site-packages/airflow/example_dags/example_sla_dag.py
[2026-07-16T05:23:30.127+0000] {processor.py:830} INFO - Processing file /home/airflow/.local/lib/python3.8/site-packages/airflow/example_dags/example_sla_dag.py for tasks to queue
[2026-07-16T05:23:30.131+0000] {logging_mixin.py:188} INFO - [2026-07-16T05:23:30.131+0000] {dagbag.py:538} INFO - Filling up the DagBag from /home/airflow/.local/lib/python3.8/site-packages/airflow/example_dags/example_sla_dag.py
[2026-07-16T05:23:30.151+0000] {processor.py:840} INFO - DAG(s) 'example_sla_dag' retrieved from /home/airflow/.local/lib/python3.8/site-packages/airflow/example_dags/example_sla_dag.py
[2026-07-16T05:23:30.179+0000] {logging_mixin.py:188} INFO - [2026-07-16T05:23:30.178+0000] {dag.py:3036} INFO - Sync 1 DAGs
[2026-07-16T05:23:30.216+0000] {logging_mixin.py:188} INFO - [2026-07-16T05:23:30.215+0000] {dag.py:3823} INFO - Setting next_dagrun for example_sla_dag to 2026-07-16 05:20:00+00:00, run_after=2026-07-16 05:22:00+00:00
[2026-07-16T05:23:30.246+0000] {processor.py:183} INFO - Processing /home/airflow/.local/lib/python3.8/site-packages/airflow/example_dags/example_sla_dag.py took 0.128 seconds
[2026-07-16T05:24:01.207+0000] {processor.py:161} INFO - Started process (PID=317) to work on /home/airflow/.local/lib/python3.8/site-packages/airflow/example_dags/example_sla_dag.py
[2026-07-16T05:24:01.212+0000] {processor.py:830} INFO - Processing file /home/airflow/.local/lib/python3.8/site-packages/airflow/example_dags/example_sla_dag.py for tasks to queue
[2026-07-16T05:24:01.220+0000] {logging_mixin.py:188} INFO - [2026-07-16T05:24:01.218+0000] {dagbag.py:538} INFO - Filling up the DagBag from /home/airflow/.local/lib/python3.8/site-packages/airflow/example_dags/example_sla_dag.py
[2026-07-16T05:24:01.272+0000] {processor.py:840} INFO - DAG(s) 'example_sla_dag' retrieved from /home/airflow/.local/lib/python3.8/site-packages/airflow/example_dags/example_sla_dag.py
[2026-07-16T05:24:01.375+0000] {logging_mixin.py:188} INFO - [2026-07-16T05:24:01.374+0000] {dag.py:3036} INFO - Sync 1 DAGs
[2026-07-16T05:24:01.509+0000] {logging_mixin.py:188} INFO - [2026-07-16T05:24:01.504+0000] {dag.py:3823} INFO - Setting next_dagrun for example_sla_dag to 2026-07-16 05:22:00+00:00, run_after=2026-07-16 05:24:00+00:00
[2026-07-16T05:24:01.627+0000] {processor.py:183} INFO - Processing /home/airflow/.local/lib/python3.8/site-packages/airflow/example_dags/example_sla_dag.py took 0.445 seconds
[2026-07-16T05:24:32.438+0000] {processor.py:161} INFO - Started process (PID=373) to work on /home/airflow/.local/lib/python3.8/site-packages/airflow/example_dags/example_sla_dag.py
[2026-07-16T05:24:32.440+0000] {processor.py:830} INFO - Processing file /home/airflow/.local/lib/python3.8/site-packages/airflow/example_dags/example_sla_dag.py for tasks to queue
[2026-07-16T05:24:32.442+0000] {logging_mixin.py:188} INFO - [2026-07-16T05:24:32.442+0000] {dagbag.py:538} INFO - Filling up the DagBag from /home/airflow/.local/lib/python3.8/site-packages/airflow/example_dags/example_sla_dag.py
[2026-07-16T05:24:32.456+0000] {processor.py:840} INFO - DAG(s) 'example_sla_dag' retrieved from /home/airflow/.local/lib/python3.8/site-packages/airflow/example_dags/example_sla_dag.py
[2026-07-16T05:24:32.486+0000] {logging_mixin.py:188} INFO - [2026-07-16T05:24:32.486+0000] {dag.py:3036} INFO - Sync 1 DAGs
[2026-07-16T05:24:32.522+0000] {logging_mixin.py:188} INFO - [2026-07-16T05:24:32.522+0000] {dag.py:3823} INFO - Setting next_dagrun for example_sla_dag to 2026-07-16 05:22:00+00:00, run_after=2026-07-16 05:24:00+00:00
[2026-07-16T05:24:32.558+0000] {processor.py:183} INFO - Processing /home/airflow/.local/lib/python3.8/site-packages/airflow/example_dags/example_sla_dag.py took 0.125 seconds
[2026-07-16T05:25:02.697+0000] {processor.py:161} INFO - Started process (PID=429) to work on /home/airflow/.local/lib/python3.8/site-packages/airflow/example_dags/example_sla_dag.py
[2026-07-16T05:25:02.700+0000] {processor.py:830} INFO - Processing file /home/airflow/.local/lib/python3.8/site-packages/airflow/example_dags/example_sla_dag.py for tasks to queue
[2026-07-16T05:25:02.705+0000] {logging_mixin.py:188} INFO - [2026-07-16T05:25:02.704+0000] {dagbag.py:538} INFO - Filling up the DagBag from /home/airflow/.local/lib/python3.8/site-packages/airflow/example_dags/example_sla_dag.py
[2026-07-16T05:25:02.720+0000] {processor.py:840} INFO - DAG(s) 'example_sla_dag' retrieved from /home/airflow/.local/lib/python3.8/site-packages/airflow/example_dags/example_sla_dag.py
[2026-07-16T05:25:02.753+0000] {logging_mixin.py:188} INFO - [2026-07-16T05:25:02.753+0000] {dag.py:3036} INFO - Sync 1 DAGs
[2026-07-16T05:25:02.792+0000] {logging_mixin.py:188} INFO - [2026-07-16T05:25:02.791+0000] {dag.py:3823} INFO - Setting next_dagrun for example_sla_dag to 2026-07-16 05:22:00+00:00, run_after=2026-07-16 05:24:00+00:00
[2026-07-16T05:25:02.819+0000] {processor.py:183} INFO - Processing /home/airflow/.local/lib/python3.8/site-packages/airflow/example_dags/example_sla_dag.py took 0.128 seconds
[2026-07-16T05:25:33.130+0000] {processor.py:161} INFO - Started process (PID=479) to work on /home/airflow/.local/lib/python3.8/site-packages/airflow/example_dags/example_sla_dag.py
[2026-07-16T05:25:33.134+0000] {processor.py:830} INFO - Processing file /home/airflow/.local/lib/python3.8/site-packages/airflow/example_dags/example_sla_dag.py for tasks to queue
[2026-07-16T05:25:33.139+0000] {logging_mixin.py:188} INFO - [2026-07-16T05:25:33.138+0000] {dagbag.py:538} INFO - Filling up the DagBag from /home/airflow/.local/lib/python3.8/site-packages/airflow/example_dags/example_sla_dag.py
[2026-07-16T05:25:33.153+0000] {processor.py:840} INFO - DAG(s) 'example_sla_dag' retrieved from /home/airflow/.local/lib/python3.8/site-packages/airflow/example_dags/example_sla_dag.py
[2026-07-16T05:25:33.188+0000] {logging_mixin.py:188} INFO - [2026-07-16T05:25:33.186+0000] {dag.py:3036} INFO - Sync 1 DAGs
[2026-07-16T05:25:33.218+0000] {logging_mixin.py:188} INFO - [2026-07-16T05:25:33.218+0000] {dag.py:3823} INFO - Setting next_dagrun for example_sla_dag to 2026-07-16 05:22:00+00:00, run_after=2026-07-16 05:24:00+00:00
[2026-07-16T05:25:33.247+0000] {processor.py:183} INFO - Processing /home/airflow/.local/lib/python3.8/site-packages/airflow/example_dags/example_sla_dag.py took 0.127 seconds
[2026-07-16T05:26:03.443+0000] {processor.py:161} INFO - Started process (PID=535) to work on /home/airflow/.local/lib/python3.8/site-packages/airflow/example_dags/example_sla_dag.py
[2026-07-16T05:26:03.446+0000] {processor.py:830} INFO - Processing file /home/airflow/.local/lib/python3.8/site-packages/airflow/example_dags/example_sla_dag.py for tasks to queue
[2026-07-16T05:26:03.448+0000] {logging_mixin.py:188} INFO - [2026-07-16T05:26:03.447+0000] {dagbag.py:538} INFO - Filling up the DagBag from /home/airflow/.local/lib/python3.8/site-packages/airflow/example_dags/example_sla_dag.py
[2026-07-16T05:26:03.457+0000] {processor.py:840} INFO - DAG(s) 'example_sla_dag' retrieved from /home/airflow/.local/lib/python3.8/site-packages/airflow/example_dags/example_sla_dag.py
[2026-07-16T05:26:03.479+0000] {logging_mixin.py:188} INFO - [2026-07-16T05:26:03.479+0000] {dag.py:3036} INFO - Sync 1 DAGs
[2026-07-16T05:26:03.502+0000] {logging_mixin.py:188} INFO - [2026-07-16T05:26:03.502+0000] {dag.py:3823} INFO - Setting next_dagrun for example_sla_dag to 2026-07-16 05:24:00+00:00, run_after=2026-07-16 05:26:00+00:00
[2026-07-16T05:26:03.526+0000] {processor.py:183} INFO - Processing /home/airflow/.local/lib/python3.8/site-packages/airflow/example_dags/example_sla_dag.py took 0.086 seconds
[2026-07-16T05:26:33.603+0000] {processor.py:161} INFO - Started process (PID=591) to work on /home/airflow/.local/lib/python3.8/site-packages/airflow/example_dags/example_sla_dag.py
[2026-07-16T05:26:33.607+0000] {processor.py:830} INFO - Processing file /home/airflow/.local/lib/python3.8/site-packages/airflow/example_dags/example_sla_dag.py for tasks to queue
[2026-07-16T05:26:33.610+0000] {logging_mixin.py:188} INFO - [2026-07-16T05:26:33.610+0000] {dagbag.py:538} INFO - Filling up the DagBag from /home/airflow/.local/lib/python3.8/site-packages/airflow/example_dags/example_sla_dag.py
[2026-07-16T05:26:33.620+0000] {processor.py:840} INFO - DAG(s) 'example_sla_dag' retrieved from /home/airflow/.local/lib/python3.8/site-packages/airflow/example_dags/example_sla_dag.py
[2026-07-16T05:26:33.656+0000] {logging_mixin.py:188} INFO - [2026-07-16T05:26:33.656+0000] {dag.py:3036} INFO - Sync 1 DAGs
[2026-07-16T05:26:33.688+0000] {logging_mixin.py:188} INFO - [2026-07-16T05:26:33.688+0000] {dag.py:3823} INFO - Setting next_dagrun for example_sla_dag to 2026-07-16 05:24:00+00:00, run_after=2026-07-16 05:26:00+00:00
[2026-07-16T05:26:33.718+0000] {processor.py:183} INFO - Processing /home/airflow/.local/lib/python3.8/site-packages/airflow/example_dags/example_sla_dag.py took 0.130 seconds
[2026-07-16T05:27:03.923+0000] {processor.py:161} INFO - Started process (PID=647) to work on /home/airflow/.local/lib/python3.8/site-packages/airflow/example_dags/example_sla_dag.py
[2026-07-16T05:27:03.926+0000] {processor.py:830} INFO - Processing file /home/airflow/.local/lib/python3.8/site-packages/airflow/example_dags/example_sla_dag.py for tasks to queue
[2026-07-16T05:27:03.931+0000] {logging_mixin.py:188} INFO - [2026-07-16T05:27:03.930+0000] {dagbag.py:538} INFO - Filling up the DagBag from /home/airflow/.local/lib/python3.8/site-packages/airflow/example_dags/example_sla_dag.py
[2026-07-16T05:27:03.950+0000] {processor.py:840} INFO - DAG(s) 'example_sla_dag' retrieved from /home/airflow/.local/lib/python3.8/site-packages/airflow/example_dags/example_sla_dag.py
[2026-07-16T05:27:03.979+0000] {logging_mixin.py:188} INFO - [2026-07-16T05:27:03.978+0000] {dag.py:3036} INFO - Sync 1 DAGs
[2026-07-16T05:27:04.013+0000] {logging_mixin.py:188} INFO - [2026-07-16T05:27:04.013+0000] {dag.py:3823} INFO - Setting next_dagrun for example_sla_dag to 2026-07-16 05:24:00+00:00, run_after=2026-07-16 05:26:00+00:00
[2026-07-16T05:27:04.040+0000] {processor.py:183} INFO - Processing /home/airflow/.local/lib/python3.8/site-packages/airflow/example_dags/example_sla_dag.py took 0.123 seconds
[2026-07-16T05:27:34.105+0000] {processor.py:161} INFO - Started process (PID=703) to work on /home/airflow/.local/lib/python3.8/site-packages/airflow/example_dags/example_sla_dag.py
[2026-07-16T05:27:34.107+0000] {processor.py:830} INFO - Processing file /home/airflow/.local/lib/python3.8/site-packages/airflow/example_dags/example_sla_dag.py for tasks to queue
[2026-07-16T05:27:34.111+0000] {logging_mixin.py:188} INFO - [2026-07-16T05:27:34.110+0000] {dagbag.py:538} INFO - Filling up the DagBag from /home/airflow/.local/lib/python3.8/site-packages/airflow/example_dags/example_sla_dag.py
[2026-07-16T05:27:34.128+0000] {processor.py:840} INFO - DAG(s) 'example_sla_dag' retrieved from /home/airflow/.local/lib/python3.8/site-packages/airflow/example_dags/example_sla_dag.py
[2026-07-16T05:27:34.159+0000] {logging_mixin.py:188} INFO - [2026-07-16T05:27:34.159+0000] {dag.py:3036} INFO - Sync 1 DAGs
[2026-07-16T05:27:34.201+0000] {logging_mixin.py:188} INFO - [2026-07-16T05:27:34.201+0000] {dag.py:3823} INFO - Setting next_dagrun for example_sla_dag to 2026-07-16 05:24:00+00:00, run_after=2026-07-16 05:26:00+00:00
[2026-07-16T05:27:34.229+0000] {processor.py:183} INFO - Processing /home/airflow/.local/lib/python3.8/site-packages/airflow/example_dags/example_sla_dag.py took 0.132 seconds
[2026-07-16T05:28:04.389+0000] {processor.py:161} INFO - Started process (PID=759) to work on /home/airflow/.local/lib/python3.8/site-packages/airflow/example_dags/example_sla_dag.py
[2026-07-16T05:28:04.398+0000] {processor.py:830} INFO - Processing file /home/airflow/.local/lib/python3.8/site-packages/airflow/example_dags/example_sla_dag.py for tasks to queue
[2026-07-16T05:28:04.401+0000] {logging_mixin.py:188} INFO - [2026-07-16T05:28:04.401+0000] {dagbag.py:538} INFO - Filling up the DagBag from /home/airflow/.local/lib/python3.8/site-packages/airflow/example_dags/example_sla_dag.py
[2026-07-16T05:28:04.413+0000] {processor.py:840} INFO - DAG(s) 'example_sla_dag' retrieved from /home/airflow/.local/lib/python3.8/site-packages/airflow/example_dags/example_sla_dag.py
[2026-07-16T05:28:04.442+0000] {logging_mixin.py:188} INFO - [2026-07-16T05:28:04.442+0000] {dag.py:3036} INFO - Sync 1 DAGs
[2026-07-16T05:28:04.477+0000] {logging_mixin.py:188} INFO - [2026-07-16T05:28:04.476+0000] {dag.py:3823} INFO - Setting next_dagrun for example_sla_dag to 2026-07-16 05:26:00+00:00, run_after=2026-07-16 05:28:00+00:00
[2026-07-16T05:28:04.509+0000] {processor.py:183} INFO - Processing /home/airflow/.local/lib/python3.8/site-packages/airflow/example_dags/example_sla_dag.py took 0.125 seconds
[2026-07-16T05:28:35.063+0000] {processor.py:161} INFO - Started process (PID=815) to work on /home/airflow/.local/lib/python3.8/site-packages/airflow/example_dags/example_sla_dag.py
[2026-07-16T05:28:35.075+0000] {processor.py:830} INFO - Processing file /home/airflow/.local/lib/python3.8/site-packages/airflow/example_dags/example_sla_dag.py for tasks to queue
[2026-07-16T05:28:35.080+0000] {logging_mixin.py:188} INFO - [2026-07-16T05:28:35.079+0000] {dagbag.py:538} INFO - Filling up the DagBag from /home/airflow/.local/lib/python3.8/site-packages/airflow/example_dags/example_sla_dag.py
[2026-07-16T05:28:35.124+0000] {processor.py:840} INFO - DAG(s) 'example_sla_dag' retrieved from /home/airflow/.local/lib/python3.8/site-packages/airflow/example_dags/example_sla_dag.py
[2026-07-16T05:28:35.206+0000] {logging_mixin.py:188} INFO - [2026-07-16T05:28:35.205+0000] {dag.py:3036} INFO - Sync 1 DAGs
[2026-07-16T05:28:35.299+0000] {logging_mixin.py:188} INFO - [2026-07-16T05:28:35.299+0000] {dag.py:3823} INFO - Setting next_dagrun for example_sla_dag to 2026-07-16 05:26:00+00:00, run_after=2026-07-16 05:28:00+00:00
[2026-07-16T05:28:35.375+0000] {processor.py:183} INFO - Processing /home/airflow/.local/lib/python3.8/site-packages/airflow/example_dags/example_sla_dag.py took 0.333 seconds
[2026-07-16T05:29:05.990+0000] {processor.py:161} INFO - Started process (PID=871) to work on /home/airflow/.local/lib/python3.8/site-packages/airflow/example_dags/example_sla_dag.py
[2026-07-16T05:29:06.000+0000] {processor.py:830} INFO - Processing file /home/airflow/.local/lib/python3.8/site-packages/airflow/example_dags/example_sla_dag.py for tasks to queue
[2026-07-16T05:29:06.007+0000] {logging_mixin.py:188} INFO - [2026-07-16T05:29:06.006+0000] {dagbag.py:538} INFO - Filling up the DagBag from /home/airflow/.local/lib/python3.8/site-packages/airflow/example_dags/example_sla_dag.py
[2026-07-16T05:29:06.042+0000] {processor.py:840} INFO - DAG(s) 'example_sla_dag' retrieved from /home/airflow/.local/lib/python3.8/site-packages/airflow/example_dags/example_sla_dag.py
[2026-07-16T05:29:06.126+0000] {logging_mixin.py:188} INFO - [2026-07-16T05:29:06.125+0000] {dag.py:3036} INFO - Sync 1 DAGs
[2026-07-16T05:29:06.184+0000] {logging_mixin.py:188} INFO - [2026-07-16T05:29:06.183+0000] {dag.py:3823} INFO - Setting next_dagrun for example_sla_dag to 2026-07-16 05:26:00+00:00, run_after=2026-07-16 05:28:00+00:00
[2026-07-16T05:29:06.223+0000] {processor.py:183} INFO - Processing /home/airflow/.local/lib/python3.8/site-packages/airflow/example_dags/example_sla_dag.py took 0.249 seconds
[2026-07-16T05:29:36.595+0000] {processor.py:161} INFO - Started process (PID=927) to work on /home/airflow/.local/lib/python3.8/site-packages/airflow/example_dags/example_sla_dag.py
[2026-07-16T05:29:36.598+0000] {processor.py:830} INFO - Processing file /home/airflow/.local/lib/python3.8/site-packages/airflow/example_dags/example_sla_dag.py for tasks to queue
[2026-07-16T05:29:36.605+0000] {logging_mixin.py:188} INFO - [2026-07-16T05:29:36.604+0000] {dagbag.py:538} INFO - Filling up the DagBag from /home/airflow/.local/lib/python3.8/site-packages/airflow/example_dags/example_sla_dag.py
[2026-07-16T05:29:36.637+0000] {processor.py:840} INFO - DAG(s) 'example_sla_dag' retrieved from /home/airflow/.local/lib/python3.8/site-packages/airflow/example_dags/example_sla_dag.py
[2026-07-16T05:29:36.715+0000] {logging_mixin.py:188} INFO - [2026-07-16T05:29:36.714+0000] {dag.py:3036} INFO - Sync 1 DAGs
[2026-07-16T05:29:36.792+0000] {logging_mixin.py:188} INFO - [2026-07-16T05:29:36.792+0000] {dag.py:3823} INFO - Setting next_dagrun for example_sla_dag to 2026-07-16 05:26:00+00:00, run_after=2026-07-16 05:28:00+00:00
[2026-07-16T05:29:36.858+0000] {processor.py:183} INFO - Processing /home/airflow/.local/lib/python3.8/site-packages/airflow/example_dags/example_sla_dag.py took 0.276 seconds
[2026-07-16T05:30:06.926+0000] {processor.py:161} INFO - Started process (PID=983) to work on /home/airflow/.local/lib/python3.8/site-packages/airflow/example_dags/example_sla_dag.py
[2026-07-16T05:30:06.930+0000] {processor.py:830} INFO - Processing file /home/airflow/.local/lib/python3.8/site-packages/airflow/example_dags/example_sla_dag.py for tasks to queue
[2026-07-16T05:30:06.937+0000] {logging_mixin.py:188} INFO - [2026-07-16T05:30:06.936+0000] {dagbag.py:538} INFO - Filling up the DagBag from /home/airflow/.local/lib/python3.8/site-packages/airflow/example_dags/example_sla_dag.py
[2026-07-16T05:30:06.956+0000] {processor.py:840} INFO - DAG(s) 'example_sla_dag' retrieved from /home/airflow/.local/lib/python3.8/site-packages/airflow/example_dags/example_sla_dag.py
[2026-07-16T05:30:07.012+0000] {logging_mixin.py:188} INFO - [2026-07-16T05:30:07.012+0000] {dag.py:3036} INFO - Sync 1 DAGs
[2026-07-16T05:30:07.080+0000] {logging_mixin.py:188} INFO - [2026-07-16T05:30:07.080+0000] {dag.py:3823} INFO - Setting next_dagrun for example_sla_dag to 2026-07-16 05:28:00+00:00, run_after=2026-07-16 05:30:00+00:00
[2026-07-16T05:30:07.123+0000] {processor.py:183} INFO - Processing /home/airflow/.local/lib/python3.8/site-packages/airflow/example_dags/example_sla_dag.py took 0.210 seconds
[2026-07-16T05:30:38.064+0000] {processor.py:161} INFO - Started process (PID=1039) to work on /home/airflow/.local/lib/python3.8/site-packages/airflow/example_dags/example_sla_dag.py
[2026-07-16T05:30:38.068+0000] {processor.py:830} INFO - Processing file /home/airflow/.local/lib/python3.8/site-packages/airflow/example_dags/example_sla_dag.py for tasks to queue
[2026-07-16T05:30:38.073+0000] {logging_mixin.py:188} INFO - [2026-07-16T05:30:38.072+0000] {dagbag.py:538} INFO - Filling up the DagBag from /home/airflow/.local/lib/python3.8/site-packages/airflow/example_dags/example_sla_dag.py
[2026-07-16T05:30:38.091+0000] {processor.py:840} INFO - DAG(s) 'example_sla_dag' retrieved from /home/airflow/.local/lib/python3.8/site-packages/airflow/example_dags/example_sla_dag.py
[2026-07-16T05:30:38.129+0000] {logging_mixin.py:188} INFO - [2026-07-16T05:30:38.129+0000] {dag.py:3036} INFO - Sync 1 DAGs
[2026-07-16T05:30:38.159+0000] {logging_mixin.py:188} INFO - [2026-07-16T05:30:38.158+0000] {dag.py:3823} INFO - Setting next_dagrun for example_sla_dag to 2026-07-16 05:28:00+00:00, run_after=2026-07-16 05:30:00+00:00
[2026-07-16T05:30:38.185+0000] {processor.py:183} INFO - Processing /home/airflow/.local/lib/python3.8/site-packages/airflow/example_dags/example_sla_dag.py took 0.130 seconds
[2026-07-16T05:31:09.002+0000] {processor.py:161} INFO - Started process (PID=1095) to work on /home/airflow/.local/lib/python3.8/site-packages/airflow/example_dags/example_sla_dag.py
[2026-07-16T05:31:09.005+0000] {processor.py:830} INFO - Processing file /home/airflow/.local/lib/python3.8/site-packages/airflow/example_dags/example_sla_dag.py for tasks to queue
[2026-07-16T05:31:09.009+0000] {logging_mixin.py:188} INFO - [2026-07-16T05:31:09.008+0000] {dagbag.py:538} INFO - Filling up the DagBag from /home/airflow/.local/lib/python3.8/site-packages/airflow/example_dags/example_sla_dag.py
[2026-07-16T05:31:09.024+0000] {processor.py:840} INFO - DAG(s) 'example_sla_dag' retrieved from /home/airflow/.local/lib/python3.8/site-packages/airflow/example_dags/example_sla_dag.py
[2026-07-16T05:31:09.056+0000] {logging_mixin.py:188} INFO - [2026-07-16T05:31:09.055+0000] {dag.py:3036} INFO - Sync 1 DAGs
[2026-07-16T05:31:09.098+0000] {logging_mixin.py:188} INFO - [2026-07-16T05:31:09.098+0000] {dag.py:3823} INFO - Setting next_dagrun for example_sla_dag to 2026-07-16 05:28:00+00:00, run_after=2026-07-16 05:30:00+00:00
[2026-07-16T05:31:09.179+0000] {processor.py:183} INFO - Processing /home/airflow/.local/lib/python3.8/site-packages/airflow/example_dags/example_sla_dag.py took 0.182 seconds
[2026-07-16T05:31:39.451+0000] {processor.py:161} INFO - Started process (PID=1151) to work on /home/airflow/.local/lib/python3.8/site-packages/airflow/example_dags/example_sla_dag.py
[2026-07-16T05:31:39.454+0000] {processor.py:830} INFO - Processing file /home/airflow/.local/lib/python3.8/site-packages/airflow/example_dags/example_sla_dag.py for tasks to queue
[2026-07-16T05:31:39.456+0000] {logging_mixin.py:188} INFO - [2026-07-16T05:31:39.456+0000] {dagbag.py:538} INFO - Filling up the DagBag from /home/airflow/.local/lib/python3.8/site-packages/airflow/example_dags/example_sla_dag.py
[2026-07-16T05:31:39.466+0000] {processor.py:840} INFO - DAG(s) 'example_sla_dag' retrieved from /home/airflow/.local/lib/python3.8/site-packages/airflow/example_dags/example_sla_dag.py
[2026-07-16T05:31:39.489+0000] {logging_mixin.py:188} INFO - [2026-07-16T05:31:39.488+0000] {dag.py:3036} INFO - Sync 1 DAGs
[2026-07-16T05:31:39.513+0000] {logging_mixin.py:188} INFO - [2026-07-16T05:31:39.512+0000] {dag.py:3823} INFO - Setting next_dagrun for example_sla_dag to 2026-07-16 05:28:00+00:00, run_after=2026-07-16 05:30:00+00:00
[2026-07-16T05:31:39.534+0000] {processor.py:183} INFO - Processing /home/airflow/.local/lib/python3.8/site-packages/airflow/example_dags/example_sla_dag.py took 0.086 seconds
[2026-07-16T05:32:10.129+0000] {processor.py:161} INFO - Started process (PID=1207) to work on /home/airflow/.local/lib/python3.8/site-packages/airflow/example_dags/example_sla_dag.py
[2026-07-16T05:32:10.132+0000] {processor.py:830} INFO - Processing file /home/airflow/.local/lib/python3.8/site-packages/airflow/example_dags/example_sla_dag.py for tasks to queue
[2026-07-16T05:32:10.134+0000] {logging_mixin.py:188} INFO - [2026-07-16T05:32:10.134+0000] {dagbag.py:538} INFO - Filling up the DagBag from /home/airflow/.local/lib/python3.8/site-packages/airflow/example_dags/example_sla_dag.py
[2026-07-16T05:32:10.141+0000] {processor.py:840} INFO - DAG(s) 'example_sla_dag' retrieved from /home/airflow/.local/lib/python3.8/site-packages/airflow/example_dags/example_sla_dag.py
[2026-07-16T05:32:10.159+0000] {logging_mixin.py:188} INFO - [2026-07-16T05:32:10.159+0000] {dag.py:3036} INFO - Sync 1 DAGs
[2026-07-16T05:32:10.185+0000] {logging_mixin.py:188} INFO - [2026-07-16T05:32:10.185+0000] {dag.py:3823} INFO - Setting next_dagrun for example_sla_dag to 2026-07-16 05:30:00+00:00, run_after=2026-07-16 05:32:00+00:00
[2026-07-16T05:32:10.200+0000] {processor.py:183} INFO - Processing /home/airflow/.local/lib/python3.8/site-packages/airflow/example_dags/example_sla_dag.py took 0.074 seconds
[2026-07-16T05:32:40.695+0000] {processor.py:161} INFO - Started process (PID=1263) to work on /home/airflow/.local/lib/python3.8/site-packages/airflow/example_dags/example_sla_dag.py
[2026-07-16T05:32:40.697+0000] {processor.py:830} INFO - Processing file /home/airflow/.local/lib/python3.8/site-packages/airflow/example_dags/example_sla_dag.py for tasks to queue
[2026-07-16T05:32:40.701+0000] {logging_mixin.py:188} INFO - [2026-07-16T05:32:40.701+0000] {dagbag.py:538} INFO - Filling up the DagBag from /home/airflow/.local/lib/python3.8/site-packages/airflow/example_dags/example_sla_dag.py
[2026-07-16T05:32:40.711+0000] {processor.py:840} INFO - DAG(s) 'example_sla_dag' retrieved from /home/airflow/.local/lib/python3.8/site-packages/airflow/example_dags/example_sla_dag.py
[2026-07-16T05:32:40.729+0000] {logging_mixin.py:188} INFO - [2026-07-16T05:32:40.729+0000] {dag.py:3036} INFO - Sync 1 DAGs
[2026-07-16T05:32:40.746+0000] {logging_mixin.py:188} INFO - [2026-07-16T05:32:40.746+0000] {dag.py:3823} INFO - Setting next_dagrun for example_sla_dag to 2026-07-16 05:30:00+00:00, run_after=2026-07-16 05:32:00+00:00
[2026-07-16T05:32:40.762+0000] {processor.py:183} INFO - Processing /home/airflow/.local/lib/python3.8/site-packages/airflow/example_dags/example_sla_dag.py took 0.071 seconds
[2026-07-16T05:33:11.408+0000] {processor.py:161} INFO - Started process (PID=1319) to work on /home/airflow/.local/lib/python3.8/site-packages/airflow/example_dags/example_sla_dag.py
[2026-07-16T05:33:11.413+0000] {processor.py:830} INFO - Processing file /home/airflow/.local/lib/python3.8/site-packages/airflow/example_dags/example_sla_dag.py for tasks to queue
[2026-07-16T05:33:11.418+0000] {logging_mixin.py:188} INFO - [2026-07-16T05:33:11.417+0000] {dagbag.py:538} INFO - Filling up the DagBag from /home/airflow/.local/lib/python3.8/site-packages/airflow/example_dags/example_sla_dag.py
[2026-07-16T05:33:11.446+0000] {processor.py:840} INFO - DAG(s) 'example_sla_dag' retrieved from /home/airflow/.local/lib/python3.8/site-packages/airflow/example_dags/example_sla_dag.py
[2026-07-16T05:33:11.482+0000] {logging_mixin.py:188} INFO - [2026-07-16T05:33:11.481+0000] {dag.py:3036} INFO - Sync 1 DAGs
[2026-07-16T05:33:11.549+0000] {logging_mixin.py:188} INFO - [2026-07-16T05:33:11.548+0000] {dag.py:3823} INFO - Setting next_dagrun for example_sla_dag to 2026-07-16 05:30:00+00:00, run_after=2026-07-16 05:32:00+00:00
[2026-07-16T05:33:11.604+0000] {processor.py:183} INFO - Processing /home/airflow/.local/lib/python3.8/site-packages/airflow/example_dags/example_sla_dag.py took 0.208 seconds
[2026-07-16T05:33:42.093+0000] {processor.py:161} INFO - Started process (PID=1375) to work on /home/airflow/.local/lib/python3.8/site-packages/airflow/example_dags/example_sla_dag.py
[2026-07-16T05:33:42.095+0000] {processor.py:830} INFO - Processing file /home/airflow/.local/lib/python3.8/site-packages/airflow/example_dags/example_sla_dag.py for tasks to queue
[2026-07-16T05:33:42.098+0000] {logging_mixin.py:188} INFO - [2026-07-16T05:33:42.097+0000] {dagbag.py:538} INFO - Filling up the DagBag from /home/airflow/.local/lib/python3.8/site-packages/airflow/example_dags/example_sla_dag.py
[2026-07-16T05:33:42.105+0000] {processor.py:840} INFO - DAG(s) 'example_sla_dag' retrieved from /home/airflow/.local/lib/python3.8/site-packages/airflow/example_dags/example_sla_dag.py
[2026-07-16T05:33:42.124+0000] {logging_mixin.py:188} INFO - [2026-07-16T05:33:42.124+0000] {dag.py:3036} INFO - Sync 1 DAGs
[2026-07-16T05:33:42.146+0000] {logging_mixin.py:188} INFO - [2026-07-16T05:33:42.146+0000] {dag.py:3823} INFO - Setting next_dagrun for example_sla_dag to 2026-07-16 05:30:00+00:00, run_after=2026-07-16 05:32:00+00:00
[2026-07-16T05:33:42.166+0000] {processor.py:183} INFO - Processing /home/airflow/.local/lib/python3.8/site-packages/airflow/example_dags/example_sla_dag.py took 0.076 seconds
[2026-07-16T05:34:12.593+0000] {processor.py:161} INFO - Started process (PID=1431) to work on /home/airflow/.local/lib/python3.8/site-packages/airflow/example_dags/example_sla_dag.py
[2026-07-16T05:34:12.595+0000] {processor.py:830} INFO - Processing file /home/airflow/.local/lib/python3.8/site-packages/airflow/example_dags/example_sla_dag.py for tasks to queue
[2026-07-16T05:34:12.599+0000] {logging_mixin.py:188} INFO - [2026-07-16T05:34:12.598+0000] {dagbag.py:538} INFO - Filling up the DagBag from /home/airflow/.local/lib/python3.8/site-packages/airflow/example_dags/example_sla_dag.py
[2026-07-16T05:34:12.609+0000] {processor.py:840} INFO - DAG(s) 'example_sla_dag' retrieved from /home/airflow/.local/lib/python3.8/site-packages/airflow/example_dags/example_sla_dag.py
[2026-07-16T05:34:12.635+0000] {logging_mixin.py:188} INFO - [2026-07-16T05:34:12.634+0000] {dag.py:3036} INFO - Sync 1 DAGs
[2026-07-16T05:34:12.664+0000] {logging_mixin.py:188} INFO - [2026-07-16T05:34:12.663+0000] {dag.py:3823} INFO - Setting next_dagrun for example_sla_dag to 2026-07-16 05:32:00+00:00, run_after=2026-07-16 05:34:00+00:00
[2026-07-16T05:34:12.689+0000] {processor.py:183} INFO - Processing /home/airflow/.local/lib/python3.8/site-packages/airflow/example_dags/example_sla_dag.py took 0.103 seconds
[2026-07-16T05:34:42.894+0000] {processor.py:161} INFO - Started process (PID=1487) to work on /home/airflow/.local/lib/python3.8/site-packages/airflow/example_dags/example_sla_dag.py
[2026-07-16T05:34:42.897+0000] {processor.py:830} INFO - Processing file /home/airflow/.local/lib/python3.8/site-packages/airflow/example_dags/example_sla_dag.py for tasks to queue
[2026-07-16T05:34:42.899+0000] {logging_mixin.py:188} INFO - [2026-07-16T05:34:42.898+0000] {dagbag.py:538} INFO - Filling up the DagBag from /home/airflow/.local/lib/python3.8/site-packages/airflow/example_dags/example_sla_dag.py
[2026-07-16T05:34:42.910+0000] {processor.py:840} INFO - DAG(s) 'example_sla_dag' retrieved from /home/airflow/.local/lib/python3.8/site-packages/airflow/example_dags/example_sla_dag.py
[2026-07-16T05:34:42.942+0000] {logging_mixin.py:188} INFO - [2026-07-16T05:34:42.942+0000] {dag.py:3036} INFO - Sync 1 DAGs
[2026-07-16T05:34:42.978+0000] {logging_mixin.py:188} INFO - [2026-07-16T05:34:42.978+0000] {dag.py:3823} INFO - Setting next_dagrun for example_sla_dag to 2026-07-16 05:32:00+00:00, run_after=2026-07-16 05:34:00+00:00
[2026-07-16T05:34:43.006+0000] {processor.py:183} INFO - Processing /home/airflow/.local/lib/python3.8/site-packages/airflow/example_dags/example_sla_dag.py took 0.116 seconds
[2026-07-16T05:35:13.437+0000] {processor.py:161} INFO - Started process (PID=1543) to work on /home/airflow/.local/lib/python3.8/site-packages/airflow/example_dags/example_sla_dag.py
[2026-07-16T05:35:13.438+0000] {processor.py:830} INFO - Processing file /home/airflow/.local/lib/python3.8/site-packages/airflow/example_dags/example_sla_dag.py for tasks to queue
[2026-07-16T05:35:13.439+0000] {logging_mixin.py:188} INFO - [2026-07-16T05:35:13.439+0000] {dagbag.py:538} INFO - Filling up the DagBag from /home/airflow/.local/lib/python3.8/site-packages/airflow/example_dags/example_sla_dag.py
[2026-07-16T05:35:13.448+0000] {processor.py:840} INFO - DAG(s) 'example_sla_dag' retrieved from /home/airflow/.local/lib/python3.8/site-packages/airflow/example_dags/example_sla_dag.py
[2026-07-16T05:35:13.466+0000] {logging_mixin.py:188} INFO - [2026-07-16T05:35:13.466+0000] {dag.py:3036} INFO - Sync 1 DAGs
[2026-07-16T05:35:13.483+0000] {logging_mixin.py:188} INFO - [2026-07-16T05:35:13.483+0000] {dag.py:3823} INFO - Setting next_dagrun for example_sla_dag to 2026-07-16 05:32:00+00:00, run_after=2026-07-16 05:34:00+00:00
[2026-07-16T05:35:13.499+0000] {processor.py:183} INFO - Processing /home/airflow/.local/lib/python3.8/site-packages/airflow/example_dags/example_sla_dag.py took 0.065 seconds
[2026-07-16T05:35:44.129+0000] {processor.py:161} INFO - Started process (PID=1599) to work on /home/airflow/.local/lib/python3.8/site-packages/airflow/example_dags/example_sla_dag.py
[2026-07-16T05:35:44.132+0000] {processor.py:830} INFO - Processing file /home/airflow/.local/lib/python3.8/site-packages/airflow/example_dags/example_sla_dag.py for tasks to queue
[2026-07-16T05:35:44.133+0000] {logging_mixin.py:188} INFO - [2026-07-16T05:35:44.133+0000] {dagbag.py:538} INFO - Filling up the DagBag from /home/airflow/.local/lib/python3.8/site-packages/airflow/example_dags/example_sla_dag.py
[2026-07-16T05:35:44.142+0000] {processor.py:840} INFO - DAG(s) 'example_sla_dag' retrieved from /home/airflow/.local/lib/python3.8/site-packages/airflow/example_dags/example_sla_dag.py
[2026-07-16T05:35:44.160+0000] {logging_mixin.py:188} INFO - [2026-07-16T05:35:44.159+0000] {dag.py:3036} INFO - Sync 1 DAGs
[2026-07-16T05:35:44.180+0000] {logging_mixin.py:188} INFO - [2026-07-16T05:35:44.179+0000] {dag.py:3823} INFO - Setting next_dagrun for example_sla_dag to 2026-07-16 05:32:00+00:00, run_after=2026-07-16 05:34:00+00:00
[2026-07-16T05:35:44.198+0000] {processor.py:183} INFO - Processing /home/airflow/.local/lib/python3.8/site-packages/airflow/example_dags/example_sla_dag.py took 0.071 seconds
[2026-07-16T05:36:14.356+0000] {processor.py:161} INFO - Started process (PID=1655) to work on /home/airflow/.local/lib/python3.8/site-packages/airflow/example_dags/example_sla_dag.py
[2026-07-16T05:36:14.359+0000] {processor.py:830} INFO - Processing file /home/airflow/.local/lib/python3.8/site-packages/airflow/example_dags/example_sla_dag.py for tasks to queue
[2026-07-16T05:36:14.361+0000] {logging_mixin.py:188} INFO - [2026-07-16T05:36:14.361+0000] {dagbag.py:538} INFO - Filling up the DagBag from /home/airflow/.local/lib/python3.8/site-packages/airflow/example_dags/example_sla_dag.py
[2026-07-16T05:36:14.373+0000] {processor.py:840} INFO - DAG(s) 'example_sla_dag' retrieved from /home/airflow/.local/lib/python3.8/site-packages/airflow/example_dags/example_sla_dag.py
[2026-07-16T05:36:14.400+0000] {logging_mixin.py:188} INFO - [2026-07-16T05:36:14.400+0000] {dag.py:3036} INFO - Sync 1 DAGs
[2026-07-16T05:36:14.424+0000] {logging_mixin.py:188} INFO - [2026-07-16T05:36:14.424+0000] {dag.py:3823} INFO - Setting next_dagrun for example_sla_dag to 2026-07-16 05:34:00+00:00, run_after=2026-07-16 05:36:00+00:00
[2026-07-16T05:36:14.446+0000] {processor.py:183} INFO - Processing /home/airflow/.local/lib/python3.8/site-packages/airflow/example_dags/example_sla_dag.py took 0.094 seconds
[2026-07-16T05:36:44.765+0000] {processor.py:161} INFO - Started process (PID=1712) to work on /home/airflow/.local/lib/python3.8/site-packages/airflow/example_dags/example_sla_dag.py
[2026-07-16T05:36:44.767+0000] {processor.py:830} INFO - Processing file /home/airflow/.local/lib/python3.8/site-packages/airflow/example_dags/example_sla_dag.py for tasks to queue
[2026-07-16T05:36:44.770+0000] {logging_mixin.py:188} INFO - [2026-07-16T05:36:44.770+0000] {dagbag.py:538} INFO - Filling up the DagBag from /home/airflow/.local/lib/python3.8/site-packages/airflow/example_dags/example_sla_dag.py
[2026-07-16T05:36:44.780+0000] {processor.py:840} INFO - DAG(s) 'example_sla_dag' retrieved from /home/airflow/.local/lib/python3.8/site-packages/airflow/example_dags/example_sla_dag.py
[2026-07-16T05:36:44.805+0000] {logging_mixin.py:188} INFO - [2026-07-16T05:36:44.805+0000] {dag.py:3036} INFO - Sync 1 DAGs
[2026-07-16T05:36:44.829+0000] {logging_mixin.py:188} INFO - [2026-07-16T05:36:44.829+0000] {dag.py:3823} INFO - Setting next_dagrun for example_sla_dag to 2026-07-16 05:34:00+00:00, run_after=2026-07-16 05:36:00+00:00
[2026-07-16T05:36:44.856+0000] {processor.py:183} INFO - Processing /home/airflow/.local/lib/python3.8/site-packages/airflow/example_dags/example_sla_dag.py took 0.095 seconds
[2026-07-16T05:37:15.073+0000] {processor.py:161} INFO - Started process (PID=1768) to work on /home/airflow/.local/lib/python3.8/site-packages/airflow/example_dags/example_sla_dag.py
[2026-07-16T05:37:15.076+0000] {processor.py:830} INFO - Processing file /home/airflow/.local/lib/python3.8/site-packages/airflow/example_dags/example_sla_dag.py for tasks to queue
[2026-07-16T05:37:15.079+0000] {logging_mixin.py:188} INFO - [2026-07-16T05:37:15.078+0000] {dagbag.py:538} INFO - Filling up the DagBag from /home/airflow/.local/lib/python3.8/site-packages/airflow/example_dags/example_sla_dag.py
[2026-07-16T05:37:15.091+0000] {processor.py:840} INFO - DAG(s) 'example_sla_dag' retrieved from /home/airflow/.local/lib/python3.8/site-packages/airflow/example_dags/example_sla_dag.py
[2026-07-16T05:37:15.114+0000] {logging_mixin.py:188} INFO - [2026-07-16T05:37:15.114+0000] {dag.py:3036} INFO - Sync 1 DAGs
[2026-07-16T05:37:15.139+0000] {logging_mixin.py:188} INFO - [2026-07-16T05:37:15.138+0000] {dag.py:3823} INFO - Setting next_dagrun for example_sla_dag to 2026-07-16 05:34:00+00:00, run_after=2026-07-16 05:36:00+00:00
[2026-07-16T05:37:15.160+0000] {processor.py:183} INFO - Processing /home/airflow/.local/lib/python3.8/site-packages/airflow/example_dags/example_sla_dag.py took 0.092 seconds
[2026-07-16T05:37:45.551+0000] {processor.py:161} INFO - Started process (PID=1824) to work on /home/airflow/.local/lib/python3.8/site-packages/airflow/example_dags/example_sla_dag.py
[2026-07-16T05:37:45.554+0000] {processor.py:830} INFO - Processing file /home/airflow/.local/lib/python3.8/site-packages/airflow/example_dags/example_sla_dag.py for tasks to queue
[2026-07-16T05:37:45.557+0000] {logging_mixin.py:188} INFO - [2026-07-16T05:37:45.556+0000] {dagbag.py:538} INFO - Filling up the DagBag from /home/airflow/.local/lib/python3.8/site-packages/airflow/example_dags/example_sla_dag.py
[2026-07-16T05:37:45.565+0000] {processor.py:840} INFO - DAG(s) 'example_sla_dag' retrieved from /home/airflow/.local/lib/python3.8/site-packages/airflow/example_dags/example_sla_dag.py
[2026-07-16T05:37:45.587+0000] {logging_mixin.py:188} INFO - [2026-07-16T05:37:45.586+0000] {dag.py:3036} INFO - Sync 1 DAGs
[2026-07-16T05:37:45.609+0000] {logging_mixin.py:188} INFO - [2026-07-16T05:37:45.609+0000] {dag.py:3823} INFO - Setting next_dagrun for example_sla_dag to 2026-07-16 05:34:00+00:00, run_after=2026-07-16 05:36:00+00:00
[2026-07-16T05:37:45.627+0000] {processor.py:183} INFO - Processing /home/airflow/.local/lib/python3.8/site-packages/airflow/example_dags/example_sla_dag.py took 0.082 seconds
[2026-07-16T05:38:15.704+0000] {processor.py:161} INFO - Started process (PID=1879) to work on /home/airflow/.local/lib/python3.8/site-packages/airflow/example_dags/example_sla_dag.py
[2026-07-16T05:38:15.706+0000] {processor.py:830} INFO - Processing file /home/airflow/.local/lib/python3.8/site-packages/airflow/example_dags/example_sla_dag.py for tasks to queue
[2026-07-16T05:38:15.708+0000] {logging_mixin.py:188} INFO - [2026-07-16T05:38:15.708+0000] {dagbag.py:538} INFO - Filling up the DagBag from /home/airflow/.local/lib/python3.8/site-packages/airflow/example_dags/example_sla_dag.py
[2026-07-16T05:38:15.717+0000] {processor.py:840} INFO - DAG(s) 'example_sla_dag' retrieved from /home/airflow/.local/lib/python3.8/site-packages/airflow/example_dags/example_sla_dag.py
[2026-07-16T05:38:15.737+0000] {logging_mixin.py:188} INFO - [2026-07-16T05:38:15.737+0000] {dag.py:3036} INFO - Sync 1 DAGs
[2026-07-16T05:38:15.759+0000] {logging_mixin.py:188} INFO - [2026-07-16T05:38:15.758+0000] {dag.py:3823} INFO - Setting next_dagrun for example_sla_dag to 2026-07-16 05:36:00+00:00, run_after=2026-07-16 05:38:00+00:00
[2026-07-16T05:38:15.779+0000] {processor.py:183} INFO - Processing /home/airflow/.local/lib/python3.8/site-packages/airflow/example_dags/example_sla_dag.py took 0.079 seconds
[2026-07-16T05:38:45.977+0000] {processor.py:161} INFO - Started process (PID=1934) to work on /home/airflow/.local/lib/python3.8/site-packages/airflow/example_dags/example_sla_dag.py
[2026-07-16T05:38:45.981+0000] {processor.py:830} INFO - Processing file /home/airflow/.local/lib/python3.8/site-packages/airflow/example_dags/example_sla_dag.py for tasks to queue
[2026-07-16T05:38:45.982+0000] {logging_mixin.py:188} INFO - [2026-07-16T05:38:45.982+0000] {dagbag.py:538} INFO - Filling up the DagBag from /home/airflow/.local/lib/python3.8/site-packages/airflow/example_dags/example_sla_dag.py
[2026-07-16T05:38:45.990+0000] {processor.py:840} INFO - DAG(s) 'example_sla_dag' retrieved from /home/airflow/.local/lib/python3.8/site-packages/airflow/example_dags/example_sla_dag.py
[2026-07-16T05:38:46.008+0000] {logging_mixin.py:188} INFO - [2026-07-16T05:38:46.008+0000] {dag.py:3036} INFO - Sync 1 DAGs
[2026-07-16T05:38:46.027+0000] {logging_mixin.py:188} INFO - [2026-07-16T05:38:46.026+0000] {dag.py:3823} INFO - Setting next_dagrun for example_sla_dag to 2026-07-16 05:36:00+00:00, run_after=2026-07-16 05:38:00+00:00
[2026-07-16T05:38:46.042+0000] {processor.py:183} INFO - Processing /home/airflow/.local/lib/python3.8/site-packages/airflow/example_dags/example_sla_dag.py took 0.068 seconds
[2026-07-16T05:39:16.376+0000] {processor.py:161} INFO - Started process (PID=1990) to work on /home/airflow/.local/lib/python3.8/site-packages/airflow/example_dags/example_sla_dag.py
[2026-07-16T05:39:16.379+0000] {processor.py:830} INFO - Processing file /home/airflow/.local/lib/python3.8/site-packages/airflow/example_dags/example_sla_dag.py for tasks to queue
[2026-07-16T05:39:16.381+0000] {logging_mixin.py:188} INFO - [2026-07-16T05:39:16.381+0000] {dagbag.py:538} INFO - Filling up the DagBag from /home/airflow/.local/lib/python3.8/site-packages/airflow/example_dags/example_sla_dag.py
[2026-07-16T05:39:16.390+0000] {processor.py:840} INFO - DAG(s) 'example_sla_dag' retrieved from /home/airflow/.local/lib/python3.8/site-packages/airflow/example_dags/example_sla_dag.py
[2026-07-16T05:39:16.410+0000] {logging_mixin.py:188} INFO - [2026-07-16T05:39:16.409+0000] {dag.py:3036} INFO - Sync 1 DAGs
[2026-07-16T05:39:16.430+0000] {logging_mixin.py:188} INFO - [2026-07-16T05:39:16.430+0000] {dag.py:3823} INFO - Setting next_dagrun for example_sla_dag to 2026-07-16 05:36:00+00:00, run_after=2026-07-16 05:38:00+00:00
[2026-07-16T05:39:16.449+0000] {processor.py:183} INFO - Processing /home/airflow/.local/lib/python3.8/site-packages/airflow/example_dags/example_sla_dag.py took 0.076 seconds
[2026-07-16T05:39:46.566+0000] {processor.py:161} INFO - Started process (PID=2046) to work on /home/airflow/.local/lib/python3.8/site-packages/airflow/example_dags/example_sla_dag.py
[2026-07-16T05:39:46.569+0000] {processor.py:830} INFO - Processing file /home/airflow/.local/lib/python3.8/site-packages/airflow/example_dags/example_sla_dag.py for tasks to queue
[2026-07-16T05:39:46.572+0000] {logging_mixin.py:188} INFO - [2026-07-16T05:39:46.571+0000] {dagbag.py:538} INFO - Filling up the DagBag from /home/airflow/.local/lib/python3.8/site-packages/airflow/example_dags/example_sla_dag.py
[2026-07-16T05:39:46.582+0000] {processor.py:840} INFO - DAG(s) 'example_sla_dag' retrieved from /home/airflow/.local/lib/python3.8/site-packages/airflow/example_dags/example_sla_dag.py
[2026-07-16T05:39:46.606+0000] {logging_mixin.py:188} INFO - [2026-07-16T05:39:46.606+0000] {dag.py:3036} INFO - Sync 1 DAGs
[2026-07-16T05:39:46.637+0000] {logging_mixin.py:188} INFO - [2026-07-16T05:39:46.637+0000] {dag.py:3823} INFO - Setting next_dagrun for example_sla_dag to 2026-07-16 05:36:00+00:00, run_after=2026-07-16 05:38:00+00:00
[2026-07-16T05:39:46.664+0000] {processor.py:183} INFO - Processing /home/airflow/.local/lib/python3.8/site-packages/airflow/example_dags/example_sla_dag.py took 0.103 seconds
[2026-07-16T05:40:16.787+0000] {processor.py:161} INFO - Started process (PID=2102) to work on /home/airflow/.local/lib/python3.8/site-packages/airflow/example_dags/example_sla_dag.py
[2026-07-16T05:40:16.790+0000] {processor.py:830} INFO - Processing file /home/airflow/.local/lib/python3.8/site-packages/airflow/example_dags/example_sla_dag.py for tasks to queue
[2026-07-16T05:40:16.795+0000] {logging_mixin.py:188} INFO - [2026-07-16T05:40:16.794+0000] {dagbag.py:538} INFO - Filling up the DagBag from /home/airflow/.local/lib/python3.8/site-packages/airflow/example_dags/example_sla_dag.py
[2026-07-16T05:40:16.805+0000] {processor.py:840} INFO - DAG(s) 'example_sla_dag' retrieved from /home/airflow/.local/lib/python3.8/site-packages/airflow/example_dags/example_sla_dag.py
[2026-07-16T05:40:16.829+0000] {logging_mixin.py:188} INFO - [2026-07-16T05:40:16.829+0000] {dag.py:3036} INFO - Sync 1 DAGs
[2026-07-16T05:40:16.854+0000] {logging_mixin.py:188} INFO - [2026-07-16T05:40:16.854+0000] {dag.py:3823} INFO - Setting next_dagrun for example_sla_dag to 2026-07-16 05:38:00+00:00, run_after=2026-07-16 05:40:00+00:00
[2026-07-16T05:40:16.878+0000] {processor.py:183} INFO - Processing /home/airflow/.local/lib/python3.8/site-packages/airflow/example_dags/example_sla_dag.py took 0.096 seconds
[2026-07-16T05:40:47.121+0000] {processor.py:161} INFO - Started process (PID=2158) to work on /home/airflow/.local/lib/python3.8/site-packages/airflow/example_dags/example_sla_dag.py
[2026-07-16T05:40:47.126+0000] {processor.py:830} INFO - Processing file /home/airflow/.local/lib/python3.8/site-packages/airflow/example_dags/example_sla_dag.py for tasks to queue
[2026-07-16T05:40:47.130+0000] {logging_mixin.py:188} INFO - [2026-07-16T05:40:47.129+0000] {dagbag.py:538} INFO - Filling up the DagBag from /home/airflow/.local/lib/python3.8/site-packages/airflow/example_dags/example_sla_dag.py
[2026-07-16T05:40:47.144+0000] {processor.py:840} INFO - DAG(s) 'example_sla_dag' retrieved from /home/airflow/.local/lib/python3.8/site-packages/airflow/example_dags/example_sla_dag.py
[2026-07-16T05:40:47.173+0000] {logging_mixin.py:188} INFO - [2026-07-16T05:40:47.173+0000] {dag.py:3036} INFO - Sync 1 DAGs
[2026-07-16T05:40:47.205+0000] {logging_mixin.py:188} INFO - [2026-07-16T05:40:47.204+0000] {dag.py:3823} INFO - Setting next_dagrun for example_sla_dag to 2026-07-16 05:38:00+00:00, run_after=2026-07-16 05:40:00+00:00
[2026-07-16T05:40:47.239+0000] {processor.py:183} INFO - Processing /home/airflow/.local/lib/python3.8/site-packages/airflow/example_dags/example_sla_dag.py took 0.123 seconds
[2026-07-16T05:41:17.494+0000] {processor.py:161} INFO - Started process (PID=2214) to work on /home/airflow/.local/lib/python3.8/site-packages/airflow/example_dags/example_sla_dag.py
[2026-07-16T05:41:17.497+0000] {processor.py:830} INFO - Processing file /home/airflow/.local/lib/python3.8/site-packages/airflow/example_dags/example_sla_dag.py for tasks to queue
[2026-07-16T05:41:17.499+0000] {logging_mixin.py:188} INFO - [2026-07-16T05:41:17.499+0000] {dagbag.py:538} INFO - Filling up the DagBag from /home/airflow/.local/lib/python3.8/site-packages/airflow/example_dags/example_sla_dag.py
[2026-07-16T05:41:17.506+0000] {processor.py:840} INFO - DAG(s) 'example_sla_dag' retrieved from /home/airflow/.local/lib/python3.8/site-packages/airflow/example_dags/example_sla_dag.py
[2026-07-16T05:41:17.523+0000] {logging_mixin.py:188} INFO - [2026-07-16T05:41:17.523+0000] {dag.py:3036} INFO - Sync 1 DAGs
[2026-07-16T05:41:17.541+0000] {logging_mixin.py:188} INFO - [2026-07-16T05:41:17.541+0000] {dag.py:3823} INFO - Setting next_dagrun for example_sla_dag to 2026-07-16 05:38:00+00:00, run_after=2026-07-16 05:40:00+00:00
[2026-07-16T05:41:17.555+0000] {processor.py:183} INFO - Processing /home/airflow/.local/lib/python3.8/site-packages/airflow/example_dags/example_sla_dag.py took 0.063 seconds
[2026-07-16T05:41:48.417+0000] {processor.py:161} INFO - Started process (PID=2270) to work on /home/airflow/.local/lib/python3.8/site-packages/airflow/example_dags/example_sla_dag.py
[2026-07-16T05:41:48.418+0000] {processor.py:830} INFO - Processing file /home/airflow/.local/lib/python3.8/site-packages/airflow/example_dags/example_sla_dag.py for tasks to queue
[2026-07-16T05:41:48.421+0000] {logging_mixin.py:188} INFO - [2026-07-16T05:41:48.420+0000] {dagbag.py:538} INFO - Filling up the DagBag from /home/airflow/.local/lib/python3.8/site-packages/airflow/example_dags/example_sla_dag.py
[2026-07-16T05:41:48.428+0000] {processor.py:840} INFO - DAG(s) 'example_sla_dag' retrieved from /home/airflow/.local/lib/python3.8/site-packages/airflow/example_dags/example_sla_dag.py
[2026-07-16T05:41:48.447+0000] {logging_mixin.py:188} INFO - [2026-07-16T05:41:48.447+0000] {dag.py:3036} INFO - Sync 1 DAGs
[2026-07-16T05:41:48.467+0000] {logging_mixin.py:188} INFO - [2026-07-16T05:41:48.467+0000] {dag.py:3823} INFO - Setting next_dagrun for example_sla_dag to 2026-07-16 05:38:00+00:00, run_after=2026-07-16 05:40:00+00:00
[2026-07-16T05:41:48.483+0000] {processor.py:183} INFO - Processing /home/airflow/.local/lib/python3.8/site-packages/airflow/example_dags/example_sla_dag.py took 0.068 seconds
[2026-07-16T05:42:19.342+0000] {processor.py:161} INFO - Started process (PID=2326) to work on /home/airflow/.local/lib/python3.8/site-packages/airflow/example_dags/example_sla_dag.py
[2026-07-16T05:42:19.345+0000] {processor.py:830} INFO - Processing file /home/airflow/.local/lib/python3.8/site-packages/airflow/example_dags/example_sla_dag.py for tasks to queue
[2026-07-16T05:42:19.347+0000] {logging_mixin.py:188} INFO - [2026-07-16T05:42:19.346+0000] {dagbag.py:538} INFO - Filling up the DagBag from /home/airflow/.local/lib/python3.8/site-packages/airflow/example_dags/example_sla_dag.py
[2026-07-16T05:42:19.355+0000] {processor.py:840} INFO - DAG(s) 'example_sla_dag' retrieved from /home/airflow/.local/lib/python3.8/site-packages/airflow/example_dags/example_sla_dag.py
[2026-07-16T05:42:19.379+0000] {logging_mixin.py:188} INFO - [2026-07-16T05:42:19.378+0000] {dag.py:3036} INFO - Sync 1 DAGs
[2026-07-16T05:42:19.398+0000] {logging_mixin.py:188} INFO - [2026-07-16T05:42:19.398+0000] {dag.py:3823} INFO - Setting next_dagrun for example_sla_dag to 2026-07-16 05:40:00+00:00, run_after=2026-07-16 05:42:00+00:00
[2026-07-16T05:42:19.416+0000] {processor.py:183} INFO - Processing /home/airflow/.local/lib/python3.8/site-packages/airflow/example_dags/example_sla_dag.py took 0.078 seconds
[2026-07-16T05:42:49.576+0000] {processor.py:161} INFO - Started process (PID=2382) to work on /home/airflow/.local/lib/python3.8/site-packages/airflow/example_dags/example_sla_dag.py
[2026-07-16T05:42:49.579+0000] {processor.py:830} INFO - Processing file /home/airflow/.local/lib/python3.8/site-packages/airflow/example_dags/example_sla_dag.py for tasks to queue
[2026-07-16T05:42:49.581+0000] {logging_mixin.py:188} INFO - [2026-07-16T05:42:49.581+0000] {dagbag.py:538} INFO - Filling up the DagBag from /home/airflow/.local/lib/python3.8/site-packages/airflow/example_dags/example_sla_dag.py
[2026-07-16T05:42:49.590+0000] {processor.py:840} INFO - DAG(s) 'example_sla_dag' retrieved from /home/airflow/.local/lib/python3.8/site-packages/airflow/example_dags/example_sla_dag.py
[2026-07-16T05:42:49.609+0000] {logging_mixin.py:188} INFO - [2026-07-16T05:42:49.608+0000] {dag.py:3036} INFO - Sync 1 DAGs
[2026-07-16T05:42:49.629+0000] {logging_mixin.py:188} INFO - [2026-07-16T05:42:49.628+0000] {dag.py:3823} INFO - Setting next_dagrun for example_sla_dag to 2026-07-16 05:40:00+00:00, run_after=2026-07-16 05:42:00+00:00
[2026-07-16T05:42:49.644+0000] {processor.py:183} INFO - Processing /home/airflow/.local/lib/python3.8/site-packages/airflow/example_dags/example_sla_dag.py took 0.072 seconds
[2026-07-16T05:43:20.116+0000] {processor.py:161} INFO - Started process (PID=2438) to work on /home/airflow/.local/lib/python3.8/site-packages/airflow/example_dags/example_sla_dag.py
[2026-07-16T05:43:20.118+0000] {processor.py:830} INFO - Processing file /home/airflow/.local/lib/python3.8/site-packages/airflow/example_dags/example_sla_dag.py for tasks to queue
[2026-07-16T05:43:20.121+0000] {logging_mixin.py:188} INFO - [2026-07-16T05:43:20.119+0000] {dagbag.py:538} INFO - Filling up the DagBag from /home/airflow/.local/lib/python3.8/site-packages/airflow/example_dags/example_sla_dag.py
[2026-07-16T05:43:20.131+0000] {processor.py:840} INFO - DAG(s) 'example_sla_dag' retrieved from /home/airflow/.local/lib/python3.8/site-packages/airflow/example_dags/example_sla_dag.py
[2026-07-16T05:43:20.162+0000] {logging_mixin.py:188} INFO - [2026-07-16T05:43:20.162+0000] {dag.py:3036} INFO - Sync 1 DAGs
[2026-07-16T05:43:20.198+0000] {logging_mixin.py:188} INFO - [2026-07-16T05:43:20.198+0000] {dag.py:3823} INFO - Setting next_dagrun for example_sla_dag to 2026-07-16 05:40:00+00:00, run_after=2026-07-16 05:42:00+00:00
[2026-07-16T05:43:20.233+0000] {processor.py:183} INFO - Processing /home/airflow/.local/lib/python3.8/site-packages/airflow/example_dags/example_sla_dag.py took 0.121 seconds
[2026-07-16T05:43:50.552+0000] {processor.py:161} INFO - Started process (PID=2494) to work on /home/airflow/.local/lib/python3.8/site-packages/airflow/example_dags/example_sla_dag.py
[2026-07-16T05:43:50.554+0000] {processor.py:830} INFO - Processing file /home/airflow/.local/lib/python3.8/site-packages/airflow/example_dags/example_sla_dag.py for tasks to queue
[2026-07-16T05:43:50.556+0000] {logging_mixin.py:188} INFO - [2026-07-16T05:43:50.556+0000] {dagbag.py:538} INFO - Filling up the DagBag from /home/airflow/.local/lib/python3.8/site-packages/airflow/example_dags/example_sla_dag.py
[2026-07-16T05:43:50.568+0000] {processor.py:840} INFO - DAG(s) 'example_sla_dag' retrieved from /home/airflow/.local/lib/python3.8/site-packages/airflow/example_dags/example_sla_dag.py
[2026-07-16T05:43:50.599+0000] {logging_mixin.py:188} INFO - [2026-07-16T05:43:50.599+0000] {dag.py:3036} INFO - Sync 1 DAGs
[2026-07-16T05:43:50.628+0000] {logging_mixin.py:188} INFO - [2026-07-16T05:43:50.627+0000] {dag.py:3823} INFO - Setting next_dagrun for example_sla_dag to 2026-07-16 05:40:00+00:00, run_after=2026-07-16 05:42:00+00:00
[2026-07-16T05:43:50.651+0000] {processor.py:183} INFO - Processing /home/airflow/.local/lib/python3.8/site-packages/airflow/example_dags/example_sla_dag.py took 0.103 seconds
[2026-07-16T05:44:21.105+0000] {processor.py:161} INFO - Started process (PID=2550) to work on /home/airflow/.local/lib/python3.8/site-packages/airflow/example_dags/example_sla_dag.py
[2026-07-16T05:44:21.106+0000] {processor.py:830} INFO - Processing file /home/airflow/.local/lib/python3.8/site-packages/airflow/example_dags/example_sla_dag.py for tasks to queue
[2026-07-16T05:44:21.107+0000] {logging_mixin.py:188} INFO - [2026-07-16T05:44:21.107+0000] {dagbag.py:538} INFO - Filling up the DagBag from /home/airflow/.local/lib/python3.8/site-packages/airflow/example_dags/example_sla_dag.py
[2026-07-16T05:44:21.118+0000] {processor.py:840} INFO - DAG(s) 'example_sla_dag' retrieved from /home/airflow/.local/lib/python3.8/site-packages/airflow/example_dags/example_sla_dag.py
[2026-07-16T05:44:21.144+0000] {logging_mixin.py:188} INFO - [2026-07-16T05:44:21.144+0000] {dag.py:3036} INFO - Sync 1 DAGs
[2026-07-16T05:44:21.169+0000] {logging_mixin.py:188} INFO - [2026-07-16T05:44:21.169+0000] {dag.py:3823} INFO - Setting next_dagrun for example_sla_dag to 2026-07-16 05:42:00+00:00, run_after=2026-07-16 05:44:00+00:00
[2026-07-16T05:44:21.195+0000] {processor.py:183} INFO - Processing /home/airflow/.local/lib/python3.8/site-packages/airflow/example_dags/example_sla_dag.py took 0.093 seconds
[2026-07-16T05:44:51.421+0000] {processor.py:161} INFO - Started process (PID=2606) to work on /home/airflow/.local/lib/python3.8/site-packages/airflow/example_dags/example_sla_dag.py
[2026-07-16T05:44:51.424+0000] {processor.py:830} INFO - Processing file /home/airflow/.local/lib/python3.8/site-packages/airflow/example_dags/example_sla_dag.py for tasks to queue
[2026-07-16T05:44:51.427+0000] {logging_mixin.py:188} INFO - [2026-07-16T05:44:51.426+0000] {dagbag.py:538} INFO - Filling up the DagBag from /home/airflow/.local/lib/python3.8/site-packages/airflow/example_dags/example_sla_dag.py
[2026-07-16T05:44:51.435+0000] {processor.py:840} INFO - DAG(s) 'example_sla_dag' retrieved from /home/airflow/.local/lib/python3.8/site-packages/airflow/example_dags/example_sla_dag.py
[2026-07-16T05:44:51.454+0000] {logging_mixin.py:188} INFO - [2026-07-16T05:44:51.454+0000] {dag.py:3036} INFO - Sync 1 DAGs
[2026-07-16T05:44:51.480+0000] {logging_mixin.py:188} INFO - [2026-07-16T05:44:51.480+0000] {dag.py:3823} INFO - Setting next_dagrun for example_sla_dag to 2026-07-16 05:42:00+00:00, run_after=2026-07-16 05:44:00+00:00
[2026-07-16T05:44:51.497+0000] {processor.py:183} INFO - Processing /home/airflow/.local/lib/python3.8/site-packages/airflow/example_dags/example_sla_dag.py took 0.078 seconds
[2026-07-16T05:45:21.629+0000] {processor.py:161} INFO - Started process (PID=2662) to work on /home/airflow/.local/lib/python3.8/site-packages/airflow/example_dags/example_sla_dag.py
[2026-07-16T05:45:21.629+0000] {processor.py:830} INFO - Processing file /home/airflow/.local/lib/python3.8/site-packages/airflow/example_dags/example_sla_dag.py for tasks to queue
[2026-07-16T05:45:21.631+0000] {logging_mixin.py:188} INFO - [2026-07-16T05:45:21.631+0000] {dagbag.py:538} INFO - Filling up the DagBag from /home/airflow/.local/lib/python3.8/site-packages/airflow/example_dags/example_sla_dag.py
[2026-07-16T05:45:21.637+0000] {processor.py:840} INFO - DAG(s) 'example_sla_dag' retrieved from /home/airflow/.local/lib/python3.8/site-packages/airflow/example_dags/example_sla_dag.py
[2026-07-16T05:45:21.652+0000] {logging_mixin.py:188} INFO - [2026-07-16T05:45:21.652+0000] {dag.py:3036} INFO - Sync 1 DAGs
[2026-07-16T05:45:21.671+0000] {logging_mixin.py:188} INFO - [2026-07-16T05:45:21.670+0000] {dag.py:3823} INFO - Setting next_dagrun for example_sla_dag to 2026-07-16 05:42:00+00:00, run_after=2026-07-16 05:44:00+00:00
[2026-07-16T05:45:21.685+0000] {processor.py:183} INFO - Processing /home/airflow/.local/lib/python3.8/site-packages/airflow/example_dags/example_sla_dag.py took 0.059 seconds
[2026-07-16T05:45:52.229+0000] {processor.py:161} INFO - Started process (PID=2718) to work on /home/airflow/.local/lib/python3.8/site-packages/airflow/example_dags/example_sla_dag.py
[2026-07-16T05:45:52.231+0000] {processor.py:830} INFO - Processing file /home/airflow/.local/lib/python3.8/site-packages/airflow/example_dags/example_sla_dag.py for tasks to queue
[2026-07-16T05:45:52.233+0000] {logging_mixin.py:188} INFO - [2026-07-16T05:45:52.232+0000] {dagbag.py:538} INFO - Filling up the DagBag from /home/airflow/.local/lib/python3.8/site-packages/airflow/example_dags/example_sla_dag.py
[2026-07-16T05:45:52.239+0000] {processor.py:840} INFO - DAG(s) 'example_sla_dag' retrieved from /home/airflow/.local/lib/python3.8/site-packages/airflow/example_dags/example_sla_dag.py
[2026-07-16T05:45:52.255+0000] {logging_mixin.py:188} INFO - [2026-07-16T05:45:52.255+0000] {dag.py:3036} INFO - Sync 1 DAGs
[2026-07-16T05:45:52.276+0000] {logging_mixin.py:188} INFO - [2026-07-16T05:45:52.276+0000] {dag.py:3823} INFO - Setting next_dagrun for example_sla_dag to 2026-07-16 05:42:00+00:00, run_after=2026-07-16 05:44:00+00:00
[2026-07-16T05:45:52.405+0000] {processor.py:183} INFO - Processing /home/airflow/.local/lib/python3.8/site-packages/airflow/example_dags/example_sla_dag.py took 0.180 seconds
[2026-07-16T05:46:22.456+0000] {processor.py:161} INFO - Started process (PID=2774) to work on /home/airflow/.local/lib/python3.8/site-packages/airflow/example_dags/example_sla_dag.py
[2026-07-16T05:46:22.458+0000] {processor.py:830} INFO - Processing file /home/airflow/.local/lib/python3.8/site-packages/airflow/example_dags/example_sla_dag.py for tasks to queue
[2026-07-16T05:46:22.460+0000] {logging_mixin.py:188} INFO - [2026-07-16T05:46:22.460+0000] {dagbag.py:538} INFO - Filling up the DagBag from /home/airflow/.local/lib/python3.8/site-packages/airflow/example_dags/example_sla_dag.py
[2026-07-16T05:46:22.470+0000] {processor.py:840} INFO - DAG(s) 'example_sla_dag' retrieved from /home/airflow/.local/lib/python3.8/site-packages/airflow/example_dags/example_sla_dag.py
[2026-07-16T05:46:22.486+0000] {logging_mixin.py:188} INFO - [2026-07-16T05:46:22.486+0000] {dag.py:3036} INFO - Sync 1 DAGs
[2026-07-16T05:46:22.507+0000] {logging_mixin.py:188} INFO - [2026-07-16T05:46:22.507+0000] {dag.py:3823} INFO - Setting next_dagrun for example_sla_dag to 2026-07-16 05:44:00+00:00, run_after=2026-07-16 05:46:00+00:00
[2026-07-16T05:46:22.524+0000] {processor.py:183} INFO - Processing /home/airflow/.local/lib/python3.8/site-packages/airflow/example_dags/example_sla_dag.py took 0.072 seconds
[2026-07-16T05:46:52.673+0000] {processor.py:161} INFO - Started process (PID=2830) to work on /home/airflow/.local/lib/python3.8/site-packages/airflow/example_dags/example_sla_dag.py
[2026-07-16T05:46:52.680+0000] {processor.py:830} INFO - Processing file /home/airflow/.local/lib/python3.8/site-packages/airflow/example_dags/example_sla_dag.py for tasks to queue
[2026-07-16T05:46:52.686+0000] {logging_mixin.py:188} INFO - [2026-07-16T05:46:52.685+0000] {dagbag.py:538} INFO - Filling up the DagBag from /home/airflow/.local/lib/python3.8/site-packages/airflow/example_dags/example_sla_dag.py
[2026-07-16T05:46:52.705+0000] {processor.py:840} INFO - DAG(s) 'example_sla_dag' retrieved from /home/airflow/.local/lib/python3.8/site-packages/airflow/example_dags/example_sla_dag.py
[2026-07-16T05:46:52.744+0000] {logging_mixin.py:188} INFO - [2026-07-16T05:46:52.744+0000] {dag.py:3036} INFO - Sync 1 DAGs
[2026-07-16T05:46:52.767+0000] {logging_mixin.py:188} INFO - [2026-07-16T05:46:52.767+0000] {dag.py:3823} INFO - Setting next_dagrun for example_sla_dag to 2026-07-16 05:44:00+00:00, run_after=2026-07-16 05:46:00+00:00
[2026-07-16T05:46:52.783+0000] {processor.py:183} INFO - Processing /home/airflow/.local/lib/python3.8/site-packages/airflow/example_dags/example_sla_dag.py took 0.123 seconds
[2026-07-16T05:47:23.488+0000] {processor.py:161} INFO - Started process (PID=2886) to work on /home/airflow/.local/lib/python3.8/site-packages/airflow/example_dags/example_sla_dag.py
[2026-07-16T05:47:23.490+0000] {processor.py:830} INFO - Processing file /home/airflow/.local/lib/python3.8/site-packages/airflow/example_dags/example_sla_dag.py for tasks to queue
[2026-07-16T05:47:23.492+0000] {logging_mixin.py:188} INFO - [2026-07-16T05:47:23.492+0000] {dagbag.py:538} INFO - Filling up the DagBag from /home/airflow/.local/lib/python3.8/site-packages/airflow/example_dags/example_sla_dag.py
[2026-07-16T05:47:23.499+0000] {processor.py:840} INFO - DAG(s) 'example_sla_dag' retrieved from /home/airflow/.local/lib/python3.8/site-packages/airflow/example_dags/example_sla_dag.py
[2026-07-16T05:47:23.514+0000] {logging_mixin.py:188} INFO - [2026-07-16T05:47:23.514+0000] {dag.py:3036} INFO - Sync 1 DAGs
[2026-07-16T05:47:23.531+0000] {logging_mixin.py:188} INFO - [2026-07-16T05:47:23.531+0000] {dag.py:3823} INFO - Setting next_dagrun for example_sla_dag to 2026-07-16 05:44:00+00:00, run_after=2026-07-16 05:46:00+00:00
[2026-07-16T05:47:23.546+0000] {processor.py:183} INFO - Processing /home/airflow/.local/lib/python3.8/site-packages/airflow/example_dags/example_sla_dag.py took 0.062 seconds
[2026-07-16T05:47:53.609+0000] {processor.py:161} INFO - Started process (PID=2942) to work on /home/airflow/.local/lib/python3.8/site-packages/airflow/example_dags/example_sla_dag.py
[2026-07-16T05:47:53.612+0000] {processor.py:830} INFO - Processing file /home/airflow/.local/lib/python3.8/site-packages/airflow/example_dags/example_sla_dag.py for tasks to queue
[2026-07-16T05:47:53.615+0000] {logging_mixin.py:188} INFO - [2026-07-16T05:47:53.614+0000] {dagbag.py:538} INFO - Filling up the DagBag from /home/airflow/.local/lib/python3.8/site-packages/airflow/example_dags/example_sla_dag.py
[2026-07-16T05:47:53.624+0000] {processor.py:840} INFO - DAG(s) 'example_sla_dag' retrieved from /home/airflow/.local/lib/python3.8/site-packages/airflow/example_dags/example_sla_dag.py
[2026-07-16T05:47:53.648+0000] {logging_mixin.py:188} INFO - [2026-07-16T05:47:53.648+0000] {dag.py:3036} INFO - Sync 1 DAGs
[2026-07-16T05:47:53.676+0000] {logging_mixin.py:188} INFO - [2026-07-16T05:47:53.675+0000] {dag.py:3823} INFO - Setting next_dagrun for example_sla_dag to 2026-07-16 05:44:00+00:00, run_after=2026-07-16 05:46:00+00:00
[2026-07-16T05:47:53.702+0000] {processor.py:183} INFO - Processing /home/airflow/.local/lib/python3.8/site-packages/airflow/example_dags/example_sla_dag.py took 0.101 seconds
[2026-07-16T05:48:24.287+0000] {processor.py:161} INFO - Started process (PID=2998) to work on /home/airflow/.local/lib/python3.8/site-packages/airflow/example_dags/example_sla_dag.py
[2026-07-16T05:48:24.291+0000] {processor.py:830} INFO - Processing file /home/airflow/.local/lib/python3.8/site-packages/airflow/example_dags/example_sla_dag.py for tasks to queue
[2026-07-16T05:48:24.295+0000] {logging_mixin.py:188} INFO - [2026-07-16T05:48:24.294+0000] {dagbag.py:538} INFO - Filling up the DagBag from /home/airflow/.local/lib/python3.8/site-packages/airflow/example_dags/example_sla_dag.py
[2026-07-16T05:48:24.307+0000] {processor.py:840} INFO - DAG(s) 'example_sla_dag' retrieved from /home/airflow/.local/lib/python3.8/site-packages/airflow/example_dags/example_sla_dag.py
[2026-07-16T05:48:24.335+0000] {logging_mixin.py:188} INFO - [2026-07-16T05:48:24.334+0000] {dag.py:3036} INFO - Sync 1 DAGs
[2026-07-16T05:48:24.361+0000] {logging_mixin.py:188} INFO - [2026-07-16T05:48:24.361+0000] {dag.py:3823} INFO - Setting next_dagrun for example_sla_dag to 2026-07-16 05:46:00+00:00, run_after=2026-07-16 05:48:00+00:00
[2026-07-16T05:48:24.386+0000] {processor.py:183} INFO - Processing /home/airflow/.local/lib/python3.8/site-packages/airflow/example_dags/example_sla_dag.py took 0.105 seconds
