[2026-07-16T05:22:02.266+0000] {processor.py:161} INFO - Started process (PID=114) to work on /home/airflow/.local/lib/python3.8/site-packages/airflow/example_dags/example_local_kubernetes_executor.py
[2026-07-16T05:22:02.267+0000] {processor.py:830} INFO - Processing file /home/airflow/.local/lib/python3.8/site-packages/airflow/example_dags/example_local_kubernetes_executor.py for tasks to queue
[2026-07-16T05:22:02.271+0000] {logging_mixin.py:188} INFO - [2026-07-16T05:22:02.270+0000] {dagbag.py:538} INFO - Filling up the DagBag from /home/airflow/.local/lib/python3.8/site-packages/airflow/example_dags/example_local_kubernetes_executor.py
[2026-07-16T05:22:02.288+0000] {processor.py:840} INFO - DAG(s) 'example_local_kubernetes_executor' retrieved from /home/airflow/.local/lib/python3.8/site-packages/airflow/example_dags/example_local_kubernetes_executor.py
[2026-07-16T05:22:02.594+0000] {logging_mixin.py:188} INFO - [2026-07-16T05:22:02.594+0000] {dag.py:3036} INFO - Sync 1 DAGs
[2026-07-16T05:22:02.625+0000] {logging_mixin.py:188} INFO - [2026-07-16T05:22:02.624+0000] {dag.py:3823} INFO - Setting next_dagrun for example_local_kubernetes_executor to None, run_after=None
[2026-07-16T05:22:02.674+0000] {processor.py:183} INFO - Processing /home/airflow/.local/lib/python3.8/site-packages/airflow/example_dags/example_local_kubernetes_executor.py took 0.414 seconds
[2026-07-16T05:22:33.464+0000] {processor.py:161} INFO - Started process (PID=172) to work on /home/airflow/.local/lib/python3.8/site-packages/airflow/example_dags/example_local_kubernetes_executor.py
[2026-07-16T05:22:33.466+0000] {processor.py:830} INFO - Processing file /home/airflow/.local/lib/python3.8/site-packages/airflow/example_dags/example_local_kubernetes_executor.py for tasks to queue
[2026-07-16T05:22:33.473+0000] {logging_mixin.py:188} INFO - [2026-07-16T05:22:33.471+0000] {dagbag.py:538} INFO - Filling up the DagBag from /home/airflow/.local/lib/python3.8/site-packages/airflow/example_dags/example_local_kubernetes_executor.py
[2026-07-16T05:22:33.505+0000] {processor.py:840} INFO - DAG(s) 'example_local_kubernetes_executor' retrieved from /home/airflow/.local/lib/python3.8/site-packages/airflow/example_dags/example_local_kubernetes_executor.py
[2026-07-16T05:22:33.580+0000] {logging_mixin.py:188} INFO - [2026-07-16T05:22:33.579+0000] {dag.py:3036} INFO - Sync 1 DAGs
[2026-07-16T05:22:33.600+0000] {logging_mixin.py:188} INFO - [2026-07-16T05:22:33.599+0000] {dag.py:3823} INFO - Setting next_dagrun for example_local_kubernetes_executor to None, run_after=None
[2026-07-16T05:22:33.642+0000] {processor.py:183} INFO - Processing /home/airflow/.local/lib/python3.8/site-packages/airflow/example_dags/example_local_kubernetes_executor.py took 0.185 seconds
[2026-07-16T05:23:03.919+0000] {processor.py:161} INFO - Started process (PID=228) to work on /home/airflow/.local/lib/python3.8/site-packages/airflow/example_dags/example_local_kubernetes_executor.py
[2026-07-16T05:23:03.921+0000] {processor.py:830} INFO - Processing file /home/airflow/.local/lib/python3.8/site-packages/airflow/example_dags/example_local_kubernetes_executor.py for tasks to queue
[2026-07-16T05:23:03.926+0000] {logging_mixin.py:188} INFO - [2026-07-16T05:23:03.925+0000] {dagbag.py:538} INFO - Filling up the DagBag from /home/airflow/.local/lib/python3.8/site-packages/airflow/example_dags/example_local_kubernetes_executor.py
[2026-07-16T05:23:03.948+0000] {processor.py:840} INFO - DAG(s) 'example_local_kubernetes_executor' retrieved from /home/airflow/.local/lib/python3.8/site-packages/airflow/example_dags/example_local_kubernetes_executor.py
[2026-07-16T05:23:04.051+0000] {logging_mixin.py:188} INFO - [2026-07-16T05:23:04.050+0000] {dag.py:3036} INFO - Sync 1 DAGs
[2026-07-16T05:23:04.078+0000] {logging_mixin.py:188} INFO - [2026-07-16T05:23:04.077+0000] {dag.py:3823} INFO - Setting next_dagrun for example_local_kubernetes_executor to None, run_after=None
[2026-07-16T05:23:04.123+0000] {processor.py:183} INFO - Processing /home/airflow/.local/lib/python3.8/site-packages/airflow/example_dags/example_local_kubernetes_executor.py took 0.213 seconds
[2026-07-16T05:23:34.538+0000] {processor.py:161} INFO - Started process (PID=284) to work on /home/airflow/.local/lib/python3.8/site-packages/airflow/example_dags/example_local_kubernetes_executor.py
[2026-07-16T05:23:34.539+0000] {processor.py:830} INFO - Processing file /home/airflow/.local/lib/python3.8/site-packages/airflow/example_dags/example_local_kubernetes_executor.py for tasks to queue
[2026-07-16T05:23:34.542+0000] {logging_mixin.py:188} INFO - [2026-07-16T05:23:34.541+0000] {dagbag.py:538} INFO - Filling up the DagBag from /home/airflow/.local/lib/python3.8/site-packages/airflow/example_dags/example_local_kubernetes_executor.py
[2026-07-16T05:23:34.558+0000] {processor.py:840} INFO - DAG(s) 'example_local_kubernetes_executor' retrieved from /home/airflow/.local/lib/python3.8/site-packages/airflow/example_dags/example_local_kubernetes_executor.py
[2026-07-16T05:23:34.617+0000] {logging_mixin.py:188} INFO - [2026-07-16T05:23:34.617+0000] {dag.py:3036} INFO - Sync 1 DAGs
[2026-07-16T05:23:34.637+0000] {logging_mixin.py:188} INFO - [2026-07-16T05:23:34.636+0000] {dag.py:3823} INFO - Setting next_dagrun for example_local_kubernetes_executor to None, run_after=None
[2026-07-16T05:23:34.688+0000] {processor.py:183} INFO - Processing /home/airflow/.local/lib/python3.8/site-packages/airflow/example_dags/example_local_kubernetes_executor.py took 0.155 seconds
[2026-07-16T05:24:09.104+0000] {processor.py:161} INFO - Started process (PID=345) to work on /home/airflow/.local/lib/python3.8/site-packages/airflow/example_dags/example_local_kubernetes_executor.py
[2026-07-16T05:24:09.116+0000] {processor.py:830} INFO - Processing file /home/airflow/.local/lib/python3.8/site-packages/airflow/example_dags/example_local_kubernetes_executor.py for tasks to queue
[2026-07-16T05:24:09.139+0000] {logging_mixin.py:188} INFO - [2026-07-16T05:24:09.135+0000] {dagbag.py:538} INFO - Filling up the DagBag from /home/airflow/.local/lib/python3.8/site-packages/airflow/example_dags/example_local_kubernetes_executor.py
[2026-07-16T05:24:09.194+0000] {processor.py:840} INFO - DAG(s) 'example_local_kubernetes_executor' retrieved from /home/airflow/.local/lib/python3.8/site-packages/airflow/example_dags/example_local_kubernetes_executor.py
[2026-07-16T05:24:09.412+0000] {logging_mixin.py:188} INFO - [2026-07-16T05:24:09.411+0000] {dag.py:3036} INFO - Sync 1 DAGs
[2026-07-16T05:24:09.479+0000] {logging_mixin.py:188} INFO - [2026-07-16T05:24:09.478+0000] {dag.py:3823} INFO - Setting next_dagrun for example_local_kubernetes_executor to None, run_after=None
[2026-07-16T05:24:09.663+0000] {processor.py:183} INFO - Processing /home/airflow/.local/lib/python3.8/site-packages/airflow/example_dags/example_local_kubernetes_executor.py took 0.619 seconds
[2026-07-16T05:24:40.017+0000] {processor.py:161} INFO - Started process (PID=401) to work on /home/airflow/.local/lib/python3.8/site-packages/airflow/example_dags/example_local_kubernetes_executor.py
[2026-07-16T05:24:40.021+0000] {processor.py:830} INFO - Processing file /home/airflow/.local/lib/python3.8/site-packages/airflow/example_dags/example_local_kubernetes_executor.py for tasks to queue
[2026-07-16T05:24:40.029+0000] {logging_mixin.py:188} INFO - [2026-07-16T05:24:40.028+0000] {dagbag.py:538} INFO - Filling up the DagBag from /home/airflow/.local/lib/python3.8/site-packages/airflow/example_dags/example_local_kubernetes_executor.py
[2026-07-16T05:24:40.051+0000] {processor.py:840} INFO - DAG(s) 'example_local_kubernetes_executor' retrieved from /home/airflow/.local/lib/python3.8/site-packages/airflow/example_dags/example_local_kubernetes_executor.py
[2026-07-16T05:24:40.158+0000] {logging_mixin.py:188} INFO - [2026-07-16T05:24:40.157+0000] {dag.py:3036} INFO - Sync 1 DAGs
[2026-07-16T05:24:40.196+0000] {logging_mixin.py:188} INFO - [2026-07-16T05:24:40.195+0000] {dag.py:3823} INFO - Setting next_dagrun for example_local_kubernetes_executor to None, run_after=None
[2026-07-16T05:24:40.275+0000] {processor.py:183} INFO - Processing /home/airflow/.local/lib/python3.8/site-packages/airflow/example_dags/example_local_kubernetes_executor.py took 0.265 seconds
[2026-07-16T05:25:11.176+0000] {processor.py:161} INFO - Started process (PID=457) to work on /home/airflow/.local/lib/python3.8/site-packages/airflow/example_dags/example_local_kubernetes_executor.py
[2026-07-16T05:25:11.178+0000] {processor.py:830} INFO - Processing file /home/airflow/.local/lib/python3.8/site-packages/airflow/example_dags/example_local_kubernetes_executor.py for tasks to queue
[2026-07-16T05:25:11.181+0000] {logging_mixin.py:188} INFO - [2026-07-16T05:25:11.181+0000] {dagbag.py:538} INFO - Filling up the DagBag from /home/airflow/.local/lib/python3.8/site-packages/airflow/example_dags/example_local_kubernetes_executor.py
[2026-07-16T05:25:11.195+0000] {processor.py:840} INFO - DAG(s) 'example_local_kubernetes_executor' retrieved from /home/airflow/.local/lib/python3.8/site-packages/airflow/example_dags/example_local_kubernetes_executor.py
[2026-07-16T05:25:11.247+0000] {logging_mixin.py:188} INFO - [2026-07-16T05:25:11.247+0000] {dag.py:3036} INFO - Sync 1 DAGs
[2026-07-16T05:25:11.264+0000] {logging_mixin.py:188} INFO - [2026-07-16T05:25:11.264+0000] {dag.py:3823} INFO - Setting next_dagrun for example_local_kubernetes_executor to None, run_after=None
[2026-07-16T05:25:11.292+0000] {processor.py:183} INFO - Processing /home/airflow/.local/lib/python3.8/site-packages/airflow/example_dags/example_local_kubernetes_executor.py took 0.122 seconds
[2026-07-16T05:25:41.435+0000] {processor.py:161} INFO - Started process (PID=513) to work on /home/airflow/.local/lib/python3.8/site-packages/airflow/example_dags/example_local_kubernetes_executor.py
[2026-07-16T05:25:41.437+0000] {processor.py:830} INFO - Processing file /home/airflow/.local/lib/python3.8/site-packages/airflow/example_dags/example_local_kubernetes_executor.py for tasks to queue
[2026-07-16T05:25:41.441+0000] {logging_mixin.py:188} INFO - [2026-07-16T05:25:41.440+0000] {dagbag.py:538} INFO - Filling up the DagBag from /home/airflow/.local/lib/python3.8/site-packages/airflow/example_dags/example_local_kubernetes_executor.py
[2026-07-16T05:25:41.453+0000] {processor.py:840} INFO - DAG(s) 'example_local_kubernetes_executor' retrieved from /home/airflow/.local/lib/python3.8/site-packages/airflow/example_dags/example_local_kubernetes_executor.py
[2026-07-16T05:25:41.504+0000] {logging_mixin.py:188} INFO - [2026-07-16T05:25:41.504+0000] {dag.py:3036} INFO - Sync 1 DAGs
[2026-07-16T05:25:41.524+0000] {logging_mixin.py:188} INFO - [2026-07-16T05:25:41.523+0000] {dag.py:3823} INFO - Setting next_dagrun for example_local_kubernetes_executor to None, run_after=None
[2026-07-16T05:25:41.555+0000] {processor.py:183} INFO - Processing /home/airflow/.local/lib/python3.8/site-packages/airflow/example_dags/example_local_kubernetes_executor.py took 0.128 seconds
[2026-07-16T05:26:11.653+0000] {processor.py:161} INFO - Started process (PID=569) to work on /home/airflow/.local/lib/python3.8/site-packages/airflow/example_dags/example_local_kubernetes_executor.py
[2026-07-16T05:26:11.655+0000] {processor.py:830} INFO - Processing file /home/airflow/.local/lib/python3.8/site-packages/airflow/example_dags/example_local_kubernetes_executor.py for tasks to queue
[2026-07-16T05:26:11.659+0000] {logging_mixin.py:188} INFO - [2026-07-16T05:26:11.658+0000] {dagbag.py:538} INFO - Filling up the DagBag from /home/airflow/.local/lib/python3.8/site-packages/airflow/example_dags/example_local_kubernetes_executor.py
[2026-07-16T05:26:11.672+0000] {processor.py:840} INFO - DAG(s) 'example_local_kubernetes_executor' retrieved from /home/airflow/.local/lib/python3.8/site-packages/airflow/example_dags/example_local_kubernetes_executor.py
[2026-07-16T05:26:11.717+0000] {logging_mixin.py:188} INFO - [2026-07-16T05:26:11.717+0000] {dag.py:3036} INFO - Sync 1 DAGs
[2026-07-16T05:26:11.734+0000] {logging_mixin.py:188} INFO - [2026-07-16T05:26:11.734+0000] {dag.py:3823} INFO - Setting next_dagrun for example_local_kubernetes_executor to None, run_after=None
[2026-07-16T05:26:11.763+0000] {processor.py:183} INFO - Processing /home/airflow/.local/lib/python3.8/site-packages/airflow/example_dags/example_local_kubernetes_executor.py took 0.118 seconds
[2026-07-16T05:26:42.105+0000] {processor.py:161} INFO - Started process (PID=625) to work on /home/airflow/.local/lib/python3.8/site-packages/airflow/example_dags/example_local_kubernetes_executor.py
[2026-07-16T05:26:42.107+0000] {processor.py:830} INFO - Processing file /home/airflow/.local/lib/python3.8/site-packages/airflow/example_dags/example_local_kubernetes_executor.py for tasks to queue
[2026-07-16T05:26:42.110+0000] {logging_mixin.py:188} INFO - [2026-07-16T05:26:42.110+0000] {dagbag.py:538} INFO - Filling up the DagBag from /home/airflow/.local/lib/python3.8/site-packages/airflow/example_dags/example_local_kubernetes_executor.py
[2026-07-16T05:26:42.125+0000] {processor.py:840} INFO - DAG(s) 'example_local_kubernetes_executor' retrieved from /home/airflow/.local/lib/python3.8/site-packages/airflow/example_dags/example_local_kubernetes_executor.py
[2026-07-16T05:26:42.173+0000] {logging_mixin.py:188} INFO - [2026-07-16T05:26:42.173+0000] {dag.py:3036} INFO - Sync 1 DAGs
[2026-07-16T05:26:42.188+0000] {logging_mixin.py:188} INFO - [2026-07-16T05:26:42.188+0000] {dag.py:3823} INFO - Setting next_dagrun for example_local_kubernetes_executor to None, run_after=None
[2026-07-16T05:26:42.224+0000] {processor.py:183} INFO - Processing /home/airflow/.local/lib/python3.8/site-packages/airflow/example_dags/example_local_kubernetes_executor.py took 0.125 seconds
[2026-07-16T05:27:12.295+0000] {processor.py:161} INFO - Started process (PID=681) to work on /home/airflow/.local/lib/python3.8/site-packages/airflow/example_dags/example_local_kubernetes_executor.py
[2026-07-16T05:27:12.297+0000] {processor.py:830} INFO - Processing file /home/airflow/.local/lib/python3.8/site-packages/airflow/example_dags/example_local_kubernetes_executor.py for tasks to queue
[2026-07-16T05:27:12.299+0000] {logging_mixin.py:188} INFO - [2026-07-16T05:27:12.299+0000] {dagbag.py:538} INFO - Filling up the DagBag from /home/airflow/.local/lib/python3.8/site-packages/airflow/example_dags/example_local_kubernetes_executor.py
[2026-07-16T05:27:12.310+0000] {processor.py:840} INFO - DAG(s) 'example_local_kubernetes_executor' retrieved from /home/airflow/.local/lib/python3.8/site-packages/airflow/example_dags/example_local_kubernetes_executor.py
[2026-07-16T05:27:12.354+0000] {logging_mixin.py:188} INFO - [2026-07-16T05:27:12.354+0000] {dag.py:3036} INFO - Sync 1 DAGs
[2026-07-16T05:27:12.372+0000] {logging_mixin.py:188} INFO - [2026-07-16T05:27:12.372+0000] {dag.py:3823} INFO - Setting next_dagrun for example_local_kubernetes_executor to None, run_after=None
[2026-07-16T05:27:12.404+0000] {processor.py:183} INFO - Processing /home/airflow/.local/lib/python3.8/site-packages/airflow/example_dags/example_local_kubernetes_executor.py took 0.113 seconds
[2026-07-16T05:27:43.276+0000] {processor.py:161} INFO - Started process (PID=737) to work on /home/airflow/.local/lib/python3.8/site-packages/airflow/example_dags/example_local_kubernetes_executor.py
[2026-07-16T05:27:43.279+0000] {processor.py:830} INFO - Processing file /home/airflow/.local/lib/python3.8/site-packages/airflow/example_dags/example_local_kubernetes_executor.py for tasks to queue
[2026-07-16T05:27:43.282+0000] {logging_mixin.py:188} INFO - [2026-07-16T05:27:43.282+0000] {dagbag.py:538} INFO - Filling up the DagBag from /home/airflow/.local/lib/python3.8/site-packages/airflow/example_dags/example_local_kubernetes_executor.py
[2026-07-16T05:27:43.300+0000] {processor.py:840} INFO - DAG(s) 'example_local_kubernetes_executor' retrieved from /home/airflow/.local/lib/python3.8/site-packages/airflow/example_dags/example_local_kubernetes_executor.py
[2026-07-16T05:27:43.349+0000] {logging_mixin.py:188} INFO - [2026-07-16T05:27:43.349+0000] {dag.py:3036} INFO - Sync 1 DAGs
[2026-07-16T05:27:43.365+0000] {logging_mixin.py:188} INFO - [2026-07-16T05:27:43.365+0000] {dag.py:3823} INFO - Setting next_dagrun for example_local_kubernetes_executor to None, run_after=None
[2026-07-16T05:27:43.395+0000] {processor.py:183} INFO - Processing /home/airflow/.local/lib/python3.8/site-packages/airflow/example_dags/example_local_kubernetes_executor.py took 0.124 seconds
[2026-07-16T05:28:14.231+0000] {processor.py:161} INFO - Started process (PID=793) to work on /home/airflow/.local/lib/python3.8/site-packages/airflow/example_dags/example_local_kubernetes_executor.py
[2026-07-16T05:28:14.234+0000] {processor.py:830} INFO - Processing file /home/airflow/.local/lib/python3.8/site-packages/airflow/example_dags/example_local_kubernetes_executor.py for tasks to queue
[2026-07-16T05:28:14.239+0000] {logging_mixin.py:188} INFO - [2026-07-16T05:28:14.238+0000] {dagbag.py:538} INFO - Filling up the DagBag from /home/airflow/.local/lib/python3.8/site-packages/airflow/example_dags/example_local_kubernetes_executor.py
[2026-07-16T05:28:14.276+0000] {processor.py:840} INFO - DAG(s) 'example_local_kubernetes_executor' retrieved from /home/airflow/.local/lib/python3.8/site-packages/airflow/example_dags/example_local_kubernetes_executor.py
[2026-07-16T05:28:14.415+0000] {logging_mixin.py:188} INFO - [2026-07-16T05:28:14.414+0000] {dag.py:3036} INFO - Sync 1 DAGs
[2026-07-16T05:28:14.448+0000] {logging_mixin.py:188} INFO - [2026-07-16T05:28:14.447+0000] {dag.py:3823} INFO - Setting next_dagrun for example_local_kubernetes_executor to None, run_after=None
[2026-07-16T05:28:14.495+0000] {processor.py:183} INFO - Processing /home/airflow/.local/lib/python3.8/site-packages/airflow/example_dags/example_local_kubernetes_executor.py took 0.272 seconds
[2026-07-16T05:28:44.833+0000] {processor.py:161} INFO - Started process (PID=849) to work on /home/airflow/.local/lib/python3.8/site-packages/airflow/example_dags/example_local_kubernetes_executor.py
[2026-07-16T05:28:44.838+0000] {processor.py:830} INFO - Processing file /home/airflow/.local/lib/python3.8/site-packages/airflow/example_dags/example_local_kubernetes_executor.py for tasks to queue
[2026-07-16T05:28:44.846+0000] {logging_mixin.py:188} INFO - [2026-07-16T05:28:44.844+0000] {dagbag.py:538} INFO - Filling up the DagBag from /home/airflow/.local/lib/python3.8/site-packages/airflow/example_dags/example_local_kubernetes_executor.py
[2026-07-16T05:28:44.875+0000] {processor.py:840} INFO - DAG(s) 'example_local_kubernetes_executor' retrieved from /home/airflow/.local/lib/python3.8/site-packages/airflow/example_dags/example_local_kubernetes_executor.py
[2026-07-16T05:28:44.953+0000] {logging_mixin.py:188} INFO - [2026-07-16T05:28:44.953+0000] {dag.py:3036} INFO - Sync 1 DAGs
[2026-07-16T05:28:44.979+0000] {logging_mixin.py:188} INFO - [2026-07-16T05:28:44.978+0000] {dag.py:3823} INFO - Setting next_dagrun for example_local_kubernetes_executor to None, run_after=None
[2026-07-16T05:28:45.011+0000] {processor.py:183} INFO - Processing /home/airflow/.local/lib/python3.8/site-packages/airflow/example_dags/example_local_kubernetes_executor.py took 0.190 seconds
[2026-07-16T05:29:15.132+0000] {processor.py:161} INFO - Started process (PID=905) to work on /home/airflow/.local/lib/python3.8/site-packages/airflow/example_dags/example_local_kubernetes_executor.py
[2026-07-16T05:29:15.135+0000] {processor.py:830} INFO - Processing file /home/airflow/.local/lib/python3.8/site-packages/airflow/example_dags/example_local_kubernetes_executor.py for tasks to queue
[2026-07-16T05:29:15.139+0000] {logging_mixin.py:188} INFO - [2026-07-16T05:29:15.138+0000] {dagbag.py:538} INFO - Filling up the DagBag from /home/airflow/.local/lib/python3.8/site-packages/airflow/example_dags/example_local_kubernetes_executor.py
[2026-07-16T05:29:15.162+0000] {processor.py:840} INFO - DAG(s) 'example_local_kubernetes_executor' retrieved from /home/airflow/.local/lib/python3.8/site-packages/airflow/example_dags/example_local_kubernetes_executor.py
[2026-07-16T05:29:15.265+0000] {logging_mixin.py:188} INFO - [2026-07-16T05:29:15.262+0000] {dag.py:3036} INFO - Sync 1 DAGs
[2026-07-16T05:29:15.299+0000] {logging_mixin.py:188} INFO - [2026-07-16T05:29:15.299+0000] {dag.py:3823} INFO - Setting next_dagrun for example_local_kubernetes_executor to None, run_after=None
[2026-07-16T05:29:15.366+0000] {processor.py:183} INFO - Processing /home/airflow/.local/lib/python3.8/site-packages/airflow/example_dags/example_local_kubernetes_executor.py took 0.242 seconds
[2026-07-16T05:29:45.535+0000] {processor.py:161} INFO - Started process (PID=961) to work on /home/airflow/.local/lib/python3.8/site-packages/airflow/example_dags/example_local_kubernetes_executor.py
[2026-07-16T05:29:45.538+0000] {processor.py:830} INFO - Processing file /home/airflow/.local/lib/python3.8/site-packages/airflow/example_dags/example_local_kubernetes_executor.py for tasks to queue
[2026-07-16T05:29:45.544+0000] {logging_mixin.py:188} INFO - [2026-07-16T05:29:45.543+0000] {dagbag.py:538} INFO - Filling up the DagBag from /home/airflow/.local/lib/python3.8/site-packages/airflow/example_dags/example_local_kubernetes_executor.py
[2026-07-16T05:29:45.567+0000] {processor.py:840} INFO - DAG(s) 'example_local_kubernetes_executor' retrieved from /home/airflow/.local/lib/python3.8/site-packages/airflow/example_dags/example_local_kubernetes_executor.py
[2026-07-16T05:29:45.629+0000] {logging_mixin.py:188} INFO - [2026-07-16T05:29:45.629+0000] {dag.py:3036} INFO - Sync 1 DAGs
[2026-07-16T05:29:45.653+0000] {logging_mixin.py:188} INFO - [2026-07-16T05:29:45.653+0000] {dag.py:3823} INFO - Setting next_dagrun for example_local_kubernetes_executor to None, run_after=None
[2026-07-16T05:29:45.700+0000] {processor.py:183} INFO - Processing /home/airflow/.local/lib/python3.8/site-packages/airflow/example_dags/example_local_kubernetes_executor.py took 0.175 seconds
[2026-07-16T05:30:16.684+0000] {processor.py:161} INFO - Started process (PID=1017) to work on /home/airflow/.local/lib/python3.8/site-packages/airflow/example_dags/example_local_kubernetes_executor.py
[2026-07-16T05:30:16.687+0000] {processor.py:830} INFO - Processing file /home/airflow/.local/lib/python3.8/site-packages/airflow/example_dags/example_local_kubernetes_executor.py for tasks to queue
[2026-07-16T05:30:16.692+0000] {logging_mixin.py:188} INFO - [2026-07-16T05:30:16.691+0000] {dagbag.py:538} INFO - Filling up the DagBag from /home/airflow/.local/lib/python3.8/site-packages/airflow/example_dags/example_local_kubernetes_executor.py
[2026-07-16T05:30:16.706+0000] {processor.py:840} INFO - DAG(s) 'example_local_kubernetes_executor' retrieved from /home/airflow/.local/lib/python3.8/site-packages/airflow/example_dags/example_local_kubernetes_executor.py
[2026-07-16T05:30:16.750+0000] {logging_mixin.py:188} INFO - [2026-07-16T05:30:16.750+0000] {dag.py:3036} INFO - Sync 1 DAGs
[2026-07-16T05:30:16.765+0000] {logging_mixin.py:188} INFO - [2026-07-16T05:30:16.765+0000] {dag.py:3823} INFO - Setting next_dagrun for example_local_kubernetes_executor to None, run_after=None
[2026-07-16T05:30:16.796+0000] {processor.py:183} INFO - Processing /home/airflow/.local/lib/python3.8/site-packages/airflow/example_dags/example_local_kubernetes_executor.py took 0.121 seconds
[2026-07-16T05:30:47.162+0000] {processor.py:161} INFO - Started process (PID=1073) to work on /home/airflow/.local/lib/python3.8/site-packages/airflow/example_dags/example_local_kubernetes_executor.py
[2026-07-16T05:30:47.165+0000] {processor.py:830} INFO - Processing file /home/airflow/.local/lib/python3.8/site-packages/airflow/example_dags/example_local_kubernetes_executor.py for tasks to queue
[2026-07-16T05:30:47.168+0000] {logging_mixin.py:188} INFO - [2026-07-16T05:30:47.167+0000] {dagbag.py:538} INFO - Filling up the DagBag from /home/airflow/.local/lib/python3.8/site-packages/airflow/example_dags/example_local_kubernetes_executor.py
[2026-07-16T05:30:47.187+0000] {processor.py:840} INFO - DAG(s) 'example_local_kubernetes_executor' retrieved from /home/airflow/.local/lib/python3.8/site-packages/airflow/example_dags/example_local_kubernetes_executor.py
[2026-07-16T05:30:47.235+0000] {logging_mixin.py:188} INFO - [2026-07-16T05:30:47.235+0000] {dag.py:3036} INFO - Sync 1 DAGs
[2026-07-16T05:30:47.252+0000] {logging_mixin.py:188} INFO - [2026-07-16T05:30:47.252+0000] {dag.py:3823} INFO - Setting next_dagrun for example_local_kubernetes_executor to None, run_after=None
[2026-07-16T05:30:47.281+0000] {processor.py:183} INFO - Processing /home/airflow/.local/lib/python3.8/site-packages/airflow/example_dags/example_local_kubernetes_executor.py took 0.126 seconds
[2026-07-16T05:31:18.180+0000] {processor.py:161} INFO - Started process (PID=1129) to work on /home/airflow/.local/lib/python3.8/site-packages/airflow/example_dags/example_local_kubernetes_executor.py
[2026-07-16T05:31:18.182+0000] {processor.py:830} INFO - Processing file /home/airflow/.local/lib/python3.8/site-packages/airflow/example_dags/example_local_kubernetes_executor.py for tasks to queue
[2026-07-16T05:31:18.184+0000] {logging_mixin.py:188} INFO - [2026-07-16T05:31:18.184+0000] {dagbag.py:538} INFO - Filling up the DagBag from /home/airflow/.local/lib/python3.8/site-packages/airflow/example_dags/example_local_kubernetes_executor.py
[2026-07-16T05:31:18.196+0000] {processor.py:840} INFO - DAG(s) 'example_local_kubernetes_executor' retrieved from /home/airflow/.local/lib/python3.8/site-packages/airflow/example_dags/example_local_kubernetes_executor.py
[2026-07-16T05:31:18.241+0000] {logging_mixin.py:188} INFO - [2026-07-16T05:31:18.241+0000] {dag.py:3036} INFO - Sync 1 DAGs
[2026-07-16T05:31:18.263+0000] {logging_mixin.py:188} INFO - [2026-07-16T05:31:18.262+0000] {dag.py:3823} INFO - Setting next_dagrun for example_local_kubernetes_executor to None, run_after=None
[2026-07-16T05:31:18.298+0000] {processor.py:183} INFO - Processing /home/airflow/.local/lib/python3.8/site-packages/airflow/example_dags/example_local_kubernetes_executor.py took 0.122 seconds
[2026-07-16T05:31:48.473+0000] {processor.py:161} INFO - Started process (PID=1185) to work on /home/airflow/.local/lib/python3.8/site-packages/airflow/example_dags/example_local_kubernetes_executor.py
[2026-07-16T05:31:48.475+0000] {processor.py:830} INFO - Processing file /home/airflow/.local/lib/python3.8/site-packages/airflow/example_dags/example_local_kubernetes_executor.py for tasks to queue
[2026-07-16T05:31:48.479+0000] {logging_mixin.py:188} INFO - [2026-07-16T05:31:48.479+0000] {dagbag.py:538} INFO - Filling up the DagBag from /home/airflow/.local/lib/python3.8/site-packages/airflow/example_dags/example_local_kubernetes_executor.py
[2026-07-16T05:31:48.494+0000] {processor.py:840} INFO - DAG(s) 'example_local_kubernetes_executor' retrieved from /home/airflow/.local/lib/python3.8/site-packages/airflow/example_dags/example_local_kubernetes_executor.py
[2026-07-16T05:31:48.562+0000] {logging_mixin.py:188} INFO - [2026-07-16T05:31:48.562+0000] {dag.py:3036} INFO - Sync 1 DAGs
[2026-07-16T05:31:48.589+0000] {logging_mixin.py:188} INFO - [2026-07-16T05:31:48.588+0000] {dag.py:3823} INFO - Setting next_dagrun for example_local_kubernetes_executor to None, run_after=None
[2026-07-16T05:31:48.633+0000] {processor.py:183} INFO - Processing /home/airflow/.local/lib/python3.8/site-packages/airflow/example_dags/example_local_kubernetes_executor.py took 0.169 seconds
[2026-07-16T05:32:18.937+0000] {processor.py:161} INFO - Started process (PID=1241) to work on /home/airflow/.local/lib/python3.8/site-packages/airflow/example_dags/example_local_kubernetes_executor.py
[2026-07-16T05:32:18.938+0000] {processor.py:830} INFO - Processing file /home/airflow/.local/lib/python3.8/site-packages/airflow/example_dags/example_local_kubernetes_executor.py for tasks to queue
[2026-07-16T05:32:18.940+0000] {logging_mixin.py:188} INFO - [2026-07-16T05:32:18.939+0000] {dagbag.py:538} INFO - Filling up the DagBag from /home/airflow/.local/lib/python3.8/site-packages/airflow/example_dags/example_local_kubernetes_executor.py
[2026-07-16T05:32:18.946+0000] {processor.py:840} INFO - DAG(s) 'example_local_kubernetes_executor' retrieved from /home/airflow/.local/lib/python3.8/site-packages/airflow/example_dags/example_local_kubernetes_executor.py
[2026-07-16T05:32:18.973+0000] {logging_mixin.py:188} INFO - [2026-07-16T05:32:18.972+0000] {dag.py:3036} INFO - Sync 1 DAGs
[2026-07-16T05:32:18.982+0000] {logging_mixin.py:188} INFO - [2026-07-16T05:32:18.982+0000] {dag.py:3823} INFO - Setting next_dagrun for example_local_kubernetes_executor to None, run_after=None
[2026-07-16T05:32:18.997+0000] {processor.py:183} INFO - Processing /home/airflow/.local/lib/python3.8/site-packages/airflow/example_dags/example_local_kubernetes_executor.py took 0.063 seconds
[2026-07-16T05:32:49.120+0000] {processor.py:161} INFO - Started process (PID=1297) to work on /home/airflow/.local/lib/python3.8/site-packages/airflow/example_dags/example_local_kubernetes_executor.py
[2026-07-16T05:32:49.123+0000] {processor.py:830} INFO - Processing file /home/airflow/.local/lib/python3.8/site-packages/airflow/example_dags/example_local_kubernetes_executor.py for tasks to queue
[2026-07-16T05:32:49.124+0000] {logging_mixin.py:188} INFO - [2026-07-16T05:32:49.124+0000] {dagbag.py:538} INFO - Filling up the DagBag from /home/airflow/.local/lib/python3.8/site-packages/airflow/example_dags/example_local_kubernetes_executor.py
[2026-07-16T05:32:49.132+0000] {processor.py:840} INFO - DAG(s) 'example_local_kubernetes_executor' retrieved from /home/airflow/.local/lib/python3.8/site-packages/airflow/example_dags/example_local_kubernetes_executor.py
[2026-07-16T05:32:49.158+0000] {logging_mixin.py:188} INFO - [2026-07-16T05:32:49.158+0000] {dag.py:3036} INFO - Sync 1 DAGs
[2026-07-16T05:32:49.166+0000] {logging_mixin.py:188} INFO - [2026-07-16T05:32:49.166+0000] {dag.py:3823} INFO - Setting next_dagrun for example_local_kubernetes_executor to None, run_after=None
[2026-07-16T05:32:49.185+0000] {processor.py:183} INFO - Processing /home/airflow/.local/lib/python3.8/site-packages/airflow/example_dags/example_local_kubernetes_executor.py took 0.067 seconds
[2026-07-16T05:33:19.391+0000] {processor.py:161} INFO - Started process (PID=1353) to work on /home/airflow/.local/lib/python3.8/site-packages/airflow/example_dags/example_local_kubernetes_executor.py
[2026-07-16T05:33:19.393+0000] {processor.py:830} INFO - Processing file /home/airflow/.local/lib/python3.8/site-packages/airflow/example_dags/example_local_kubernetes_executor.py for tasks to queue
[2026-07-16T05:33:19.395+0000] {logging_mixin.py:188} INFO - [2026-07-16T05:33:19.394+0000] {dagbag.py:538} INFO - Filling up the DagBag from /home/airflow/.local/lib/python3.8/site-packages/airflow/example_dags/example_local_kubernetes_executor.py
[2026-07-16T05:33:19.406+0000] {processor.py:840} INFO - DAG(s) 'example_local_kubernetes_executor' retrieved from /home/airflow/.local/lib/python3.8/site-packages/airflow/example_dags/example_local_kubernetes_executor.py
[2026-07-16T05:33:19.446+0000] {logging_mixin.py:188} INFO - [2026-07-16T05:33:19.445+0000] {dag.py:3036} INFO - Sync 1 DAGs
[2026-07-16T05:33:19.460+0000] {logging_mixin.py:188} INFO - [2026-07-16T05:33:19.460+0000] {dag.py:3823} INFO - Setting next_dagrun for example_local_kubernetes_executor to None, run_after=None
[2026-07-16T05:33:19.479+0000] {processor.py:183} INFO - Processing /home/airflow/.local/lib/python3.8/site-packages/airflow/example_dags/example_local_kubernetes_executor.py took 0.092 seconds
[2026-07-16T05:33:50.422+0000] {processor.py:161} INFO - Started process (PID=1409) to work on /home/airflow/.local/lib/python3.8/site-packages/airflow/example_dags/example_local_kubernetes_executor.py
[2026-07-16T05:33:50.425+0000] {processor.py:830} INFO - Processing file /home/airflow/.local/lib/python3.8/site-packages/airflow/example_dags/example_local_kubernetes_executor.py for tasks to queue
[2026-07-16T05:33:50.430+0000] {logging_mixin.py:188} INFO - [2026-07-16T05:33:50.429+0000] {dagbag.py:538} INFO - Filling up the DagBag from /home/airflow/.local/lib/python3.8/site-packages/airflow/example_dags/example_local_kubernetes_executor.py
[2026-07-16T05:33:50.442+0000] {processor.py:840} INFO - DAG(s) 'example_local_kubernetes_executor' retrieved from /home/airflow/.local/lib/python3.8/site-packages/airflow/example_dags/example_local_kubernetes_executor.py
[2026-07-16T05:33:50.479+0000] {logging_mixin.py:188} INFO - [2026-07-16T05:33:50.478+0000] {dag.py:3036} INFO - Sync 1 DAGs
[2026-07-16T05:33:50.490+0000] {logging_mixin.py:188} INFO - [2026-07-16T05:33:50.490+0000] {dag.py:3823} INFO - Setting next_dagrun for example_local_kubernetes_executor to None, run_after=None
[2026-07-16T05:33:50.511+0000] {processor.py:183} INFO - Processing /home/airflow/.local/lib/python3.8/site-packages/airflow/example_dags/example_local_kubernetes_executor.py took 0.094 seconds
[2026-07-16T05:34:21.299+0000] {processor.py:161} INFO - Started process (PID=1465) to work on /home/airflow/.local/lib/python3.8/site-packages/airflow/example_dags/example_local_kubernetes_executor.py
[2026-07-16T05:34:21.301+0000] {processor.py:830} INFO - Processing file /home/airflow/.local/lib/python3.8/site-packages/airflow/example_dags/example_local_kubernetes_executor.py for tasks to queue
[2026-07-16T05:34:21.304+0000] {logging_mixin.py:188} INFO - [2026-07-16T05:34:21.303+0000] {dagbag.py:538} INFO - Filling up the DagBag from /home/airflow/.local/lib/python3.8/site-packages/airflow/example_dags/example_local_kubernetes_executor.py
[2026-07-16T05:34:21.317+0000] {processor.py:840} INFO - DAG(s) 'example_local_kubernetes_executor' retrieved from /home/airflow/.local/lib/python3.8/site-packages/airflow/example_dags/example_local_kubernetes_executor.py
[2026-07-16T05:34:21.373+0000] {logging_mixin.py:188} INFO - [2026-07-16T05:34:21.371+0000] {dag.py:3036} INFO - Sync 1 DAGs
[2026-07-16T05:34:21.396+0000] {logging_mixin.py:188} INFO - [2026-07-16T05:34:21.396+0000] {dag.py:3823} INFO - Setting next_dagrun for example_local_kubernetes_executor to None, run_after=None
[2026-07-16T05:34:21.432+0000] {processor.py:183} INFO - Processing /home/airflow/.local/lib/python3.8/site-packages/airflow/example_dags/example_local_kubernetes_executor.py took 0.138 seconds
[2026-07-16T05:34:51.687+0000] {processor.py:161} INFO - Started process (PID=1521) to work on /home/airflow/.local/lib/python3.8/site-packages/airflow/example_dags/example_local_kubernetes_executor.py
[2026-07-16T05:34:51.689+0000] {processor.py:830} INFO - Processing file /home/airflow/.local/lib/python3.8/site-packages/airflow/example_dags/example_local_kubernetes_executor.py for tasks to queue
[2026-07-16T05:34:51.692+0000] {logging_mixin.py:188} INFO - [2026-07-16T05:34:51.691+0000] {dagbag.py:538} INFO - Filling up the DagBag from /home/airflow/.local/lib/python3.8/site-packages/airflow/example_dags/example_local_kubernetes_executor.py
[2026-07-16T05:34:51.703+0000] {processor.py:840} INFO - DAG(s) 'example_local_kubernetes_executor' retrieved from /home/airflow/.local/lib/python3.8/site-packages/airflow/example_dags/example_local_kubernetes_executor.py
[2026-07-16T05:34:51.743+0000] {logging_mixin.py:188} INFO - [2026-07-16T05:34:51.743+0000] {dag.py:3036} INFO - Sync 1 DAGs
[2026-07-16T05:34:51.757+0000] {logging_mixin.py:188} INFO - [2026-07-16T05:34:51.757+0000] {dag.py:3823} INFO - Setting next_dagrun for example_local_kubernetes_executor to None, run_after=None
[2026-07-16T05:34:51.779+0000] {processor.py:183} INFO - Processing /home/airflow/.local/lib/python3.8/site-packages/airflow/example_dags/example_local_kubernetes_executor.py took 0.097 seconds
[2026-07-16T05:35:22.629+0000] {processor.py:161} INFO - Started process (PID=1577) to work on /home/airflow/.local/lib/python3.8/site-packages/airflow/example_dags/example_local_kubernetes_executor.py
[2026-07-16T05:35:22.630+0000] {processor.py:830} INFO - Processing file /home/airflow/.local/lib/python3.8/site-packages/airflow/example_dags/example_local_kubernetes_executor.py for tasks to queue
[2026-07-16T05:35:22.632+0000] {logging_mixin.py:188} INFO - [2026-07-16T05:35:22.631+0000] {dagbag.py:538} INFO - Filling up the DagBag from /home/airflow/.local/lib/python3.8/site-packages/airflow/example_dags/example_local_kubernetes_executor.py
[2026-07-16T05:35:22.639+0000] {processor.py:840} INFO - DAG(s) 'example_local_kubernetes_executor' retrieved from /home/airflow/.local/lib/python3.8/site-packages/airflow/example_dags/example_local_kubernetes_executor.py
[2026-07-16T05:35:22.665+0000] {logging_mixin.py:188} INFO - [2026-07-16T05:35:22.665+0000] {dag.py:3036} INFO - Sync 1 DAGs
[2026-07-16T05:35:22.674+0000] {logging_mixin.py:188} INFO - [2026-07-16T05:35:22.674+0000] {dag.py:3823} INFO - Setting next_dagrun for example_local_kubernetes_executor to None, run_after=None
[2026-07-16T05:35:22.691+0000] {processor.py:183} INFO - Processing /home/airflow/.local/lib/python3.8/site-packages/airflow/example_dags/example_local_kubernetes_executor.py took 0.065 seconds
[2026-07-16T05:35:53.602+0000] {processor.py:161} INFO - Started process (PID=1633) to work on /home/airflow/.local/lib/python3.8/site-packages/airflow/example_dags/example_local_kubernetes_executor.py
[2026-07-16T05:35:53.603+0000] {processor.py:830} INFO - Processing file /home/airflow/.local/lib/python3.8/site-packages/airflow/example_dags/example_local_kubernetes_executor.py for tasks to queue
[2026-07-16T05:35:53.605+0000] {logging_mixin.py:188} INFO - [2026-07-16T05:35:53.605+0000] {dagbag.py:538} INFO - Filling up the DagBag from /home/airflow/.local/lib/python3.8/site-packages/airflow/example_dags/example_local_kubernetes_executor.py
[2026-07-16T05:35:53.615+0000] {processor.py:840} INFO - DAG(s) 'example_local_kubernetes_executor' retrieved from /home/airflow/.local/lib/python3.8/site-packages/airflow/example_dags/example_local_kubernetes_executor.py
[2026-07-16T05:35:53.650+0000] {logging_mixin.py:188} INFO - [2026-07-16T05:35:53.650+0000] {dag.py:3036} INFO - Sync 1 DAGs
[2026-07-16T05:35:53.663+0000] {logging_mixin.py:188} INFO - [2026-07-16T05:35:53.663+0000] {dag.py:3823} INFO - Setting next_dagrun for example_local_kubernetes_executor to None, run_after=None
[2026-07-16T05:35:53.687+0000] {processor.py:183} INFO - Processing /home/airflow/.local/lib/python3.8/site-packages/airflow/example_dags/example_local_kubernetes_executor.py took 0.089 seconds
[2026-07-16T05:36:24.059+0000] {processor.py:161} INFO - Started process (PID=1690) to work on /home/airflow/.local/lib/python3.8/site-packages/airflow/example_dags/example_local_kubernetes_executor.py
[2026-07-16T05:36:24.061+0000] {processor.py:830} INFO - Processing file /home/airflow/.local/lib/python3.8/site-packages/airflow/example_dags/example_local_kubernetes_executor.py for tasks to queue
[2026-07-16T05:36:24.063+0000] {logging_mixin.py:188} INFO - [2026-07-16T05:36:24.063+0000] {dagbag.py:538} INFO - Filling up the DagBag from /home/airflow/.local/lib/python3.8/site-packages/airflow/example_dags/example_local_kubernetes_executor.py
[2026-07-16T05:36:24.072+0000] {processor.py:840} INFO - DAG(s) 'example_local_kubernetes_executor' retrieved from /home/airflow/.local/lib/python3.8/site-packages/airflow/example_dags/example_local_kubernetes_executor.py
[2026-07-16T05:36:24.106+0000] {logging_mixin.py:188} INFO - [2026-07-16T05:36:24.106+0000] {dag.py:3036} INFO - Sync 1 DAGs
[2026-07-16T05:36:24.119+0000] {logging_mixin.py:188} INFO - [2026-07-16T05:36:24.118+0000] {dag.py:3823} INFO - Setting next_dagrun for example_local_kubernetes_executor to None, run_after=None
[2026-07-16T05:36:24.139+0000] {processor.py:183} INFO - Processing /home/airflow/.local/lib/python3.8/site-packages/airflow/example_dags/example_local_kubernetes_executor.py took 0.083 seconds
[2026-07-16T05:36:54.249+0000] {processor.py:161} INFO - Started process (PID=1746) to work on /home/airflow/.local/lib/python3.8/site-packages/airflow/example_dags/example_local_kubernetes_executor.py
[2026-07-16T05:36:54.250+0000] {processor.py:830} INFO - Processing file /home/airflow/.local/lib/python3.8/site-packages/airflow/example_dags/example_local_kubernetes_executor.py for tasks to queue
[2026-07-16T05:36:54.252+0000] {logging_mixin.py:188} INFO - [2026-07-16T05:36:54.252+0000] {dagbag.py:538} INFO - Filling up the DagBag from /home/airflow/.local/lib/python3.8/site-packages/airflow/example_dags/example_local_kubernetes_executor.py
[2026-07-16T05:36:54.262+0000] {processor.py:840} INFO - DAG(s) 'example_local_kubernetes_executor' retrieved from /home/airflow/.local/lib/python3.8/site-packages/airflow/example_dags/example_local_kubernetes_executor.py
[2026-07-16T05:36:54.295+0000] {logging_mixin.py:188} INFO - [2026-07-16T05:36:54.295+0000] {dag.py:3036} INFO - Sync 1 DAGs
[2026-07-16T05:36:54.307+0000] {logging_mixin.py:188} INFO - [2026-07-16T05:36:54.307+0000] {dag.py:3823} INFO - Setting next_dagrun for example_local_kubernetes_executor to None, run_after=None
[2026-07-16T05:36:54.334+0000] {processor.py:183} INFO - Processing /home/airflow/.local/lib/python3.8/site-packages/airflow/example_dags/example_local_kubernetes_executor.py took 0.089 seconds
[2026-07-16T05:37:24.621+0000] {processor.py:161} INFO - Started process (PID=1802) to work on /home/airflow/.local/lib/python3.8/site-packages/airflow/example_dags/example_local_kubernetes_executor.py
[2026-07-16T05:37:24.622+0000] {processor.py:830} INFO - Processing file /home/airflow/.local/lib/python3.8/site-packages/airflow/example_dags/example_local_kubernetes_executor.py for tasks to queue
[2026-07-16T05:37:24.624+0000] {logging_mixin.py:188} INFO - [2026-07-16T05:37:24.624+0000] {dagbag.py:538} INFO - Filling up the DagBag from /home/airflow/.local/lib/python3.8/site-packages/airflow/example_dags/example_local_kubernetes_executor.py
[2026-07-16T05:37:24.633+0000] {processor.py:840} INFO - DAG(s) 'example_local_kubernetes_executor' retrieved from /home/airflow/.local/lib/python3.8/site-packages/airflow/example_dags/example_local_kubernetes_executor.py
[2026-07-16T05:37:24.671+0000] {logging_mixin.py:188} INFO - [2026-07-16T05:37:24.670+0000] {dag.py:3036} INFO - Sync 1 DAGs
[2026-07-16T05:37:24.683+0000] {logging_mixin.py:188} INFO - [2026-07-16T05:37:24.683+0000] {dag.py:3823} INFO - Setting next_dagrun for example_local_kubernetes_executor to None, run_after=None
[2026-07-16T05:37:24.703+0000] {processor.py:183} INFO - Processing /home/airflow/.local/lib/python3.8/site-packages/airflow/example_dags/example_local_kubernetes_executor.py took 0.086 seconds
[2026-07-16T05:37:54.953+0000] {processor.py:161} INFO - Started process (PID=1858) to work on /home/airflow/.local/lib/python3.8/site-packages/airflow/example_dags/example_local_kubernetes_executor.py
[2026-07-16T05:37:54.955+0000] {processor.py:830} INFO - Processing file /home/airflow/.local/lib/python3.8/site-packages/airflow/example_dags/example_local_kubernetes_executor.py for tasks to queue
[2026-07-16T05:37:54.957+0000] {logging_mixin.py:188} INFO - [2026-07-16T05:37:54.957+0000] {dagbag.py:538} INFO - Filling up the DagBag from /home/airflow/.local/lib/python3.8/site-packages/airflow/example_dags/example_local_kubernetes_executor.py
[2026-07-16T05:37:54.967+0000] {processor.py:840} INFO - DAG(s) 'example_local_kubernetes_executor' retrieved from /home/airflow/.local/lib/python3.8/site-packages/airflow/example_dags/example_local_kubernetes_executor.py
[2026-07-16T05:37:55.019+0000] {logging_mixin.py:188} INFO - [2026-07-16T05:37:55.019+0000] {dag.py:3036} INFO - Sync 1 DAGs
[2026-07-16T05:37:55.037+0000] {logging_mixin.py:188} INFO - [2026-07-16T05:37:55.037+0000] {dag.py:3823} INFO - Setting next_dagrun for example_local_kubernetes_executor to None, run_after=None
[2026-07-16T05:37:55.065+0000] {processor.py:183} INFO - Processing /home/airflow/.local/lib/python3.8/site-packages/airflow/example_dags/example_local_kubernetes_executor.py took 0.118 seconds
[2026-07-16T05:38:25.240+0000] {processor.py:161} INFO - Started process (PID=1914) to work on /home/airflow/.local/lib/python3.8/site-packages/airflow/example_dags/example_local_kubernetes_executor.py
[2026-07-16T05:38:25.241+0000] {processor.py:830} INFO - Processing file /home/airflow/.local/lib/python3.8/site-packages/airflow/example_dags/example_local_kubernetes_executor.py for tasks to queue
[2026-07-16T05:38:25.244+0000] {logging_mixin.py:188} INFO - [2026-07-16T05:38:25.244+0000] {dagbag.py:538} INFO - Filling up the DagBag from /home/airflow/.local/lib/python3.8/site-packages/airflow/example_dags/example_local_kubernetes_executor.py
[2026-07-16T05:38:25.253+0000] {processor.py:840} INFO - DAG(s) 'example_local_kubernetes_executor' retrieved from /home/airflow/.local/lib/python3.8/site-packages/airflow/example_dags/example_local_kubernetes_executor.py
[2026-07-16T05:38:25.287+0000] {logging_mixin.py:188} INFO - [2026-07-16T05:38:25.287+0000] {dag.py:3036} INFO - Sync 1 DAGs
[2026-07-16T05:38:25.301+0000] {logging_mixin.py:188} INFO - [2026-07-16T05:38:25.301+0000] {dag.py:3823} INFO - Setting next_dagrun for example_local_kubernetes_executor to None, run_after=None
[2026-07-16T05:38:25.321+0000] {processor.py:183} INFO - Processing /home/airflow/.local/lib/python3.8/site-packages/airflow/example_dags/example_local_kubernetes_executor.py took 0.085 seconds
[2026-07-16T05:38:55.715+0000] {processor.py:161} INFO - Started process (PID=1970) to work on /home/airflow/.local/lib/python3.8/site-packages/airflow/example_dags/example_local_kubernetes_executor.py
[2026-07-16T05:38:55.716+0000] {processor.py:830} INFO - Processing file /home/airflow/.local/lib/python3.8/site-packages/airflow/example_dags/example_local_kubernetes_executor.py for tasks to queue
[2026-07-16T05:38:55.718+0000] {logging_mixin.py:188} INFO - [2026-07-16T05:38:55.718+0000] {dagbag.py:538} INFO - Filling up the DagBag from /home/airflow/.local/lib/python3.8/site-packages/airflow/example_dags/example_local_kubernetes_executor.py
[2026-07-16T05:38:55.726+0000] {processor.py:840} INFO - DAG(s) 'example_local_kubernetes_executor' retrieved from /home/airflow/.local/lib/python3.8/site-packages/airflow/example_dags/example_local_kubernetes_executor.py
[2026-07-16T05:38:55.758+0000] {logging_mixin.py:188} INFO - [2026-07-16T05:38:55.757+0000] {dag.py:3036} INFO - Sync 1 DAGs
[2026-07-16T05:38:55.769+0000] {logging_mixin.py:188} INFO - [2026-07-16T05:38:55.769+0000] {dag.py:3823} INFO - Setting next_dagrun for example_local_kubernetes_executor to None, run_after=None
[2026-07-16T05:38:55.788+0000] {processor.py:183} INFO - Processing /home/airflow/.local/lib/python3.8/site-packages/airflow/example_dags/example_local_kubernetes_executor.py took 0.077 seconds
[2026-07-16T05:39:25.887+0000] {processor.py:161} INFO - Started process (PID=2026) to work on /home/airflow/.local/lib/python3.8/site-packages/airflow/example_dags/example_local_kubernetes_executor.py
[2026-07-16T05:39:25.888+0000] {processor.py:830} INFO - Processing file /home/airflow/.local/lib/python3.8/site-packages/airflow/example_dags/example_local_kubernetes_executor.py for tasks to queue
[2026-07-16T05:39:25.891+0000] {logging_mixin.py:188} INFO - [2026-07-16T05:39:25.891+0000] {dagbag.py:538} INFO - Filling up the DagBag from /home/airflow/.local/lib/python3.8/site-packages/airflow/example_dags/example_local_kubernetes_executor.py
[2026-07-16T05:39:25.899+0000] {processor.py:840} INFO - DAG(s) 'example_local_kubernetes_executor' retrieved from /home/airflow/.local/lib/python3.8/site-packages/airflow/example_dags/example_local_kubernetes_executor.py
[2026-07-16T05:39:25.927+0000] {logging_mixin.py:188} INFO - [2026-07-16T05:39:25.927+0000] {dag.py:3036} INFO - Sync 1 DAGs
[2026-07-16T05:39:25.937+0000] {logging_mixin.py:188} INFO - [2026-07-16T05:39:25.936+0000] {dag.py:3823} INFO - Setting next_dagrun for example_local_kubernetes_executor to None, run_after=None
[2026-07-16T05:39:25.954+0000] {processor.py:183} INFO - Processing /home/airflow/.local/lib/python3.8/site-packages/airflow/example_dags/example_local_kubernetes_executor.py took 0.070 seconds
[2026-07-16T05:39:56.170+0000] {processor.py:161} INFO - Started process (PID=2082) to work on /home/airflow/.local/lib/python3.8/site-packages/airflow/example_dags/example_local_kubernetes_executor.py
[2026-07-16T05:39:56.172+0000] {processor.py:830} INFO - Processing file /home/airflow/.local/lib/python3.8/site-packages/airflow/example_dags/example_local_kubernetes_executor.py for tasks to queue
[2026-07-16T05:39:56.174+0000] {logging_mixin.py:188} INFO - [2026-07-16T05:39:56.174+0000] {dagbag.py:538} INFO - Filling up the DagBag from /home/airflow/.local/lib/python3.8/site-packages/airflow/example_dags/example_local_kubernetes_executor.py
[2026-07-16T05:39:56.182+0000] {processor.py:840} INFO - DAG(s) 'example_local_kubernetes_executor' retrieved from /home/airflow/.local/lib/python3.8/site-packages/airflow/example_dags/example_local_kubernetes_executor.py
[2026-07-16T05:39:56.214+0000] {logging_mixin.py:188} INFO - [2026-07-16T05:39:56.214+0000] {dag.py:3036} INFO - Sync 1 DAGs
[2026-07-16T05:39:56.226+0000] {logging_mixin.py:188} INFO - [2026-07-16T05:39:56.226+0000] {dag.py:3823} INFO - Setting next_dagrun for example_local_kubernetes_executor to None, run_after=None
[2026-07-16T05:39:56.246+0000] {processor.py:183} INFO - Processing /home/airflow/.local/lib/python3.8/site-packages/airflow/example_dags/example_local_kubernetes_executor.py took 0.080 seconds
[2026-07-16T05:40:26.331+0000] {processor.py:161} INFO - Started process (PID=2132) to work on /home/airflow/.local/lib/python3.8/site-packages/airflow/example_dags/example_local_kubernetes_executor.py
[2026-07-16T05:40:26.333+0000] {processor.py:830} INFO - Processing file /home/airflow/.local/lib/python3.8/site-packages/airflow/example_dags/example_local_kubernetes_executor.py for tasks to queue
[2026-07-16T05:40:26.335+0000] {logging_mixin.py:188} INFO - [2026-07-16T05:40:26.335+0000] {dagbag.py:538} INFO - Filling up the DagBag from /home/airflow/.local/lib/python3.8/site-packages/airflow/example_dags/example_local_kubernetes_executor.py
[2026-07-16T05:40:26.345+0000] {processor.py:840} INFO - DAG(s) 'example_local_kubernetes_executor' retrieved from /home/airflow/.local/lib/python3.8/site-packages/airflow/example_dags/example_local_kubernetes_executor.py
[2026-07-16T05:40:26.385+0000] {logging_mixin.py:188} INFO - [2026-07-16T05:40:26.385+0000] {dag.py:3036} INFO - Sync 1 DAGs
[2026-07-16T05:40:26.400+0000] {logging_mixin.py:188} INFO - [2026-07-16T05:40:26.400+0000] {dag.py:3823} INFO - Setting next_dagrun for example_local_kubernetes_executor to None, run_after=None
[2026-07-16T05:40:26.427+0000] {processor.py:183} INFO - Processing /home/airflow/.local/lib/python3.8/site-packages/airflow/example_dags/example_local_kubernetes_executor.py took 0.100 seconds
[2026-07-16T05:40:56.755+0000] {processor.py:161} INFO - Started process (PID=2187) to work on /home/airflow/.local/lib/python3.8/site-packages/airflow/example_dags/example_local_kubernetes_executor.py
[2026-07-16T05:40:56.756+0000] {processor.py:830} INFO - Processing file /home/airflow/.local/lib/python3.8/site-packages/airflow/example_dags/example_local_kubernetes_executor.py for tasks to queue
[2026-07-16T05:40:56.758+0000] {logging_mixin.py:188} INFO - [2026-07-16T05:40:56.758+0000] {dagbag.py:538} INFO - Filling up the DagBag from /home/airflow/.local/lib/python3.8/site-packages/airflow/example_dags/example_local_kubernetes_executor.py
[2026-07-16T05:40:56.769+0000] {processor.py:840} INFO - DAG(s) 'example_local_kubernetes_executor' retrieved from /home/airflow/.local/lib/python3.8/site-packages/airflow/example_dags/example_local_kubernetes_executor.py
[2026-07-16T05:40:56.810+0000] {logging_mixin.py:188} INFO - [2026-07-16T05:40:56.809+0000] {dag.py:3036} INFO - Sync 1 DAGs
[2026-07-16T05:40:56.819+0000] {logging_mixin.py:188} INFO - [2026-07-16T05:40:56.819+0000] {dag.py:3823} INFO - Setting next_dagrun for example_local_kubernetes_executor to None, run_after=None
[2026-07-16T05:40:56.834+0000] {processor.py:183} INFO - Processing /home/airflow/.local/lib/python3.8/site-packages/airflow/example_dags/example_local_kubernetes_executor.py took 0.084 seconds
[2026-07-16T05:41:27.862+0000] {processor.py:161} INFO - Started process (PID=2244) to work on /home/airflow/.local/lib/python3.8/site-packages/airflow/example_dags/example_local_kubernetes_executor.py
[2026-07-16T05:41:27.863+0000] {processor.py:830} INFO - Processing file /home/airflow/.local/lib/python3.8/site-packages/airflow/example_dags/example_local_kubernetes_executor.py for tasks to queue
[2026-07-16T05:41:27.865+0000] {logging_mixin.py:188} INFO - [2026-07-16T05:41:27.864+0000] {dagbag.py:538} INFO - Filling up the DagBag from /home/airflow/.local/lib/python3.8/site-packages/airflow/example_dags/example_local_kubernetes_executor.py
[2026-07-16T05:41:27.872+0000] {processor.py:840} INFO - DAG(s) 'example_local_kubernetes_executor' retrieved from /home/airflow/.local/lib/python3.8/site-packages/airflow/example_dags/example_local_kubernetes_executor.py
[2026-07-16T05:41:27.901+0000] {logging_mixin.py:188} INFO - [2026-07-16T05:41:27.901+0000] {dag.py:3036} INFO - Sync 1 DAGs
[2026-07-16T05:41:27.912+0000] {logging_mixin.py:188} INFO - [2026-07-16T05:41:27.912+0000] {dag.py:3823} INFO - Setting next_dagrun for example_local_kubernetes_executor to None, run_after=None
[2026-07-16T05:41:27.927+0000] {processor.py:183} INFO - Processing /home/airflow/.local/lib/python3.8/site-packages/airflow/example_dags/example_local_kubernetes_executor.py took 0.068 seconds
[2026-07-16T05:41:58.691+0000] {processor.py:161} INFO - Started process (PID=2300) to work on /home/airflow/.local/lib/python3.8/site-packages/airflow/example_dags/example_local_kubernetes_executor.py
[2026-07-16T05:41:58.693+0000] {processor.py:830} INFO - Processing file /home/airflow/.local/lib/python3.8/site-packages/airflow/example_dags/example_local_kubernetes_executor.py for tasks to queue
[2026-07-16T05:41:58.695+0000] {logging_mixin.py:188} INFO - [2026-07-16T05:41:58.694+0000] {dagbag.py:538} INFO - Filling up the DagBag from /home/airflow/.local/lib/python3.8/site-packages/airflow/example_dags/example_local_kubernetes_executor.py
[2026-07-16T05:41:58.702+0000] {processor.py:840} INFO - DAG(s) 'example_local_kubernetes_executor' retrieved from /home/airflow/.local/lib/python3.8/site-packages/airflow/example_dags/example_local_kubernetes_executor.py
[2026-07-16T05:41:58.729+0000] {logging_mixin.py:188} INFO - [2026-07-16T05:41:58.729+0000] {dag.py:3036} INFO - Sync 1 DAGs
[2026-07-16T05:41:58.740+0000] {logging_mixin.py:188} INFO - [2026-07-16T05:41:58.740+0000] {dag.py:3823} INFO - Setting next_dagrun for example_local_kubernetes_executor to None, run_after=None
[2026-07-16T05:41:58.757+0000] {processor.py:183} INFO - Processing /home/airflow/.local/lib/python3.8/site-packages/airflow/example_dags/example_local_kubernetes_executor.py took 0.068 seconds
[2026-07-16T05:42:29.003+0000] {processor.py:161} INFO - Started process (PID=2356) to work on /home/airflow/.local/lib/python3.8/site-packages/airflow/example_dags/example_local_kubernetes_executor.py
[2026-07-16T05:42:29.004+0000] {processor.py:830} INFO - Processing file /home/airflow/.local/lib/python3.8/site-packages/airflow/example_dags/example_local_kubernetes_executor.py for tasks to queue
[2026-07-16T05:42:29.006+0000] {logging_mixin.py:188} INFO - [2026-07-16T05:42:29.005+0000] {dagbag.py:538} INFO - Filling up the DagBag from /home/airflow/.local/lib/python3.8/site-packages/airflow/example_dags/example_local_kubernetes_executor.py
[2026-07-16T05:42:29.015+0000] {processor.py:840} INFO - DAG(s) 'example_local_kubernetes_executor' retrieved from /home/airflow/.local/lib/python3.8/site-packages/airflow/example_dags/example_local_kubernetes_executor.py
[2026-07-16T05:42:29.043+0000] {logging_mixin.py:188} INFO - [2026-07-16T05:42:29.043+0000] {dag.py:3036} INFO - Sync 1 DAGs
[2026-07-16T05:42:29.054+0000] {logging_mixin.py:188} INFO - [2026-07-16T05:42:29.053+0000] {dag.py:3823} INFO - Setting next_dagrun for example_local_kubernetes_executor to None, run_after=None
[2026-07-16T05:42:29.071+0000] {processor.py:183} INFO - Processing /home/airflow/.local/lib/python3.8/site-packages/airflow/example_dags/example_local_kubernetes_executor.py took 0.072 seconds
[2026-07-16T05:42:59.324+0000] {processor.py:161} INFO - Started process (PID=2412) to work on /home/airflow/.local/lib/python3.8/site-packages/airflow/example_dags/example_local_kubernetes_executor.py
[2026-07-16T05:42:59.326+0000] {processor.py:830} INFO - Processing file /home/airflow/.local/lib/python3.8/site-packages/airflow/example_dags/example_local_kubernetes_executor.py for tasks to queue
[2026-07-16T05:42:59.327+0000] {logging_mixin.py:188} INFO - [2026-07-16T05:42:59.327+0000] {dagbag.py:538} INFO - Filling up the DagBag from /home/airflow/.local/lib/python3.8/site-packages/airflow/example_dags/example_local_kubernetes_executor.py
[2026-07-16T05:42:59.336+0000] {processor.py:840} INFO - DAG(s) 'example_local_kubernetes_executor' retrieved from /home/airflow/.local/lib/python3.8/site-packages/airflow/example_dags/example_local_kubernetes_executor.py
[2026-07-16T05:42:59.366+0000] {logging_mixin.py:188} INFO - [2026-07-16T05:42:59.366+0000] {dag.py:3036} INFO - Sync 1 DAGs
[2026-07-16T05:42:59.377+0000] {logging_mixin.py:188} INFO - [2026-07-16T05:42:59.376+0000] {dag.py:3823} INFO - Setting next_dagrun for example_local_kubernetes_executor to None, run_after=None
[2026-07-16T05:42:59.401+0000] {processor.py:183} INFO - Processing /home/airflow/.local/lib/python3.8/site-packages/airflow/example_dags/example_local_kubernetes_executor.py took 0.080 seconds
[2026-07-16T05:43:29.797+0000] {processor.py:161} INFO - Started process (PID=2468) to work on /home/airflow/.local/lib/python3.8/site-packages/airflow/example_dags/example_local_kubernetes_executor.py
[2026-07-16T05:43:29.799+0000] {processor.py:830} INFO - Processing file /home/airflow/.local/lib/python3.8/site-packages/airflow/example_dags/example_local_kubernetes_executor.py for tasks to queue
[2026-07-16T05:43:29.801+0000] {logging_mixin.py:188} INFO - [2026-07-16T05:43:29.801+0000] {dagbag.py:538} INFO - Filling up the DagBag from /home/airflow/.local/lib/python3.8/site-packages/airflow/example_dags/example_local_kubernetes_executor.py
[2026-07-16T05:43:29.811+0000] {processor.py:840} INFO - DAG(s) 'example_local_kubernetes_executor' retrieved from /home/airflow/.local/lib/python3.8/site-packages/airflow/example_dags/example_local_kubernetes_executor.py
[2026-07-16T05:43:29.856+0000] {logging_mixin.py:188} INFO - [2026-07-16T05:43:29.856+0000] {dag.py:3036} INFO - Sync 1 DAGs
[2026-07-16T05:43:29.874+0000] {logging_mixin.py:188} INFO - [2026-07-16T05:43:29.873+0000] {dag.py:3823} INFO - Setting next_dagrun for example_local_kubernetes_executor to None, run_after=None
[2026-07-16T05:43:29.904+0000] {processor.py:183} INFO - Processing /home/airflow/.local/lib/python3.8/site-packages/airflow/example_dags/example_local_kubernetes_executor.py took 0.111 seconds
[2026-07-16T05:44:00.382+0000] {processor.py:161} INFO - Started process (PID=2524) to work on /home/airflow/.local/lib/python3.8/site-packages/airflow/example_dags/example_local_kubernetes_executor.py
[2026-07-16T05:44:00.383+0000] {processor.py:830} INFO - Processing file /home/airflow/.local/lib/python3.8/site-packages/airflow/example_dags/example_local_kubernetes_executor.py for tasks to queue
[2026-07-16T05:44:00.385+0000] {logging_mixin.py:188} INFO - [2026-07-16T05:44:00.385+0000] {dagbag.py:538} INFO - Filling up the DagBag from /home/airflow/.local/lib/python3.8/site-packages/airflow/example_dags/example_local_kubernetes_executor.py
[2026-07-16T05:44:00.393+0000] {processor.py:840} INFO - DAG(s) 'example_local_kubernetes_executor' retrieved from /home/airflow/.local/lib/python3.8/site-packages/airflow/example_dags/example_local_kubernetes_executor.py
[2026-07-16T05:44:00.423+0000] {logging_mixin.py:188} INFO - [2026-07-16T05:44:00.423+0000] {dag.py:3036} INFO - Sync 1 DAGs
[2026-07-16T05:44:00.432+0000] {logging_mixin.py:188} INFO - [2026-07-16T05:44:00.432+0000] {dag.py:3823} INFO - Setting next_dagrun for example_local_kubernetes_executor to None, run_after=None
[2026-07-16T05:44:00.449+0000] {processor.py:183} INFO - Processing /home/airflow/.local/lib/python3.8/site-packages/airflow/example_dags/example_local_kubernetes_executor.py took 0.070 seconds
[2026-07-16T05:44:30.744+0000] {processor.py:161} INFO - Started process (PID=2580) to work on /home/airflow/.local/lib/python3.8/site-packages/airflow/example_dags/example_local_kubernetes_executor.py
[2026-07-16T05:44:30.745+0000] {processor.py:830} INFO - Processing file /home/airflow/.local/lib/python3.8/site-packages/airflow/example_dags/example_local_kubernetes_executor.py for tasks to queue
[2026-07-16T05:44:30.747+0000] {logging_mixin.py:188} INFO - [2026-07-16T05:44:30.746+0000] {dagbag.py:538} INFO - Filling up the DagBag from /home/airflow/.local/lib/python3.8/site-packages/airflow/example_dags/example_local_kubernetes_executor.py
[2026-07-16T05:44:30.754+0000] {processor.py:840} INFO - DAG(s) 'example_local_kubernetes_executor' retrieved from /home/airflow/.local/lib/python3.8/site-packages/airflow/example_dags/example_local_kubernetes_executor.py
[2026-07-16T05:44:30.782+0000] {logging_mixin.py:188} INFO - [2026-07-16T05:44:30.782+0000] {dag.py:3036} INFO - Sync 1 DAGs
[2026-07-16T05:44:30.792+0000] {logging_mixin.py:188} INFO - [2026-07-16T05:44:30.791+0000] {dag.py:3823} INFO - Setting next_dagrun for example_local_kubernetes_executor to None, run_after=None
[2026-07-16T05:44:30.808+0000] {processor.py:183} INFO - Processing /home/airflow/.local/lib/python3.8/site-packages/airflow/example_dags/example_local_kubernetes_executor.py took 0.068 seconds
[2026-07-16T05:45:00.952+0000] {processor.py:161} INFO - Started process (PID=2636) to work on /home/airflow/.local/lib/python3.8/site-packages/airflow/example_dags/example_local_kubernetes_executor.py
[2026-07-16T05:45:00.953+0000] {processor.py:830} INFO - Processing file /home/airflow/.local/lib/python3.8/site-packages/airflow/example_dags/example_local_kubernetes_executor.py for tasks to queue
[2026-07-16T05:45:00.955+0000] {logging_mixin.py:188} INFO - [2026-07-16T05:45:00.955+0000] {dagbag.py:538} INFO - Filling up the DagBag from /home/airflow/.local/lib/python3.8/site-packages/airflow/example_dags/example_local_kubernetes_executor.py
[2026-07-16T05:45:00.962+0000] {processor.py:840} INFO - DAG(s) 'example_local_kubernetes_executor' retrieved from /home/airflow/.local/lib/python3.8/site-packages/airflow/example_dags/example_local_kubernetes_executor.py
[2026-07-16T05:45:00.988+0000] {logging_mixin.py:188} INFO - [2026-07-16T05:45:00.988+0000] {dag.py:3036} INFO - Sync 1 DAGs
[2026-07-16T05:45:00.997+0000] {logging_mixin.py:188} INFO - [2026-07-16T05:45:00.997+0000] {dag.py:3823} INFO - Setting next_dagrun for example_local_kubernetes_executor to None, run_after=None
[2026-07-16T05:45:01.014+0000] {processor.py:183} INFO - Processing /home/airflow/.local/lib/python3.8/site-packages/airflow/example_dags/example_local_kubernetes_executor.py took 0.064 seconds
[2026-07-16T05:45:31.081+0000] {processor.py:161} INFO - Started process (PID=2691) to work on /home/airflow/.local/lib/python3.8/site-packages/airflow/example_dags/example_local_kubernetes_executor.py
[2026-07-16T05:45:31.082+0000] {processor.py:830} INFO - Processing file /home/airflow/.local/lib/python3.8/site-packages/airflow/example_dags/example_local_kubernetes_executor.py for tasks to queue
[2026-07-16T05:45:31.084+0000] {logging_mixin.py:188} INFO - [2026-07-16T05:45:31.084+0000] {dagbag.py:538} INFO - Filling up the DagBag from /home/airflow/.local/lib/python3.8/site-packages/airflow/example_dags/example_local_kubernetes_executor.py
[2026-07-16T05:45:31.090+0000] {processor.py:840} INFO - DAG(s) 'example_local_kubernetes_executor' retrieved from /home/airflow/.local/lib/python3.8/site-packages/airflow/example_dags/example_local_kubernetes_executor.py
[2026-07-16T05:45:31.114+0000] {logging_mixin.py:188} INFO - [2026-07-16T05:45:31.114+0000] {dag.py:3036} INFO - Sync 1 DAGs
[2026-07-16T05:45:31.123+0000] {logging_mixin.py:188} INFO - [2026-07-16T05:45:31.123+0000] {dag.py:3823} INFO - Setting next_dagrun for example_local_kubernetes_executor to None, run_after=None
[2026-07-16T05:45:31.137+0000] {processor.py:183} INFO - Processing /home/airflow/.local/lib/python3.8/site-packages/airflow/example_dags/example_local_kubernetes_executor.py took 0.058 seconds
[2026-07-16T05:46:01.805+0000] {processor.py:161} INFO - Started process (PID=2748) to work on /home/airflow/.local/lib/python3.8/site-packages/airflow/example_dags/example_local_kubernetes_executor.py
[2026-07-16T05:46:01.805+0000] {processor.py:830} INFO - Processing file /home/airflow/.local/lib/python3.8/site-packages/airflow/example_dags/example_local_kubernetes_executor.py for tasks to queue
[2026-07-16T05:46:01.807+0000] {logging_mixin.py:188} INFO - [2026-07-16T05:46:01.807+0000] {dagbag.py:538} INFO - Filling up the DagBag from /home/airflow/.local/lib/python3.8/site-packages/airflow/example_dags/example_local_kubernetes_executor.py
[2026-07-16T05:46:01.813+0000] {processor.py:840} INFO - DAG(s) 'example_local_kubernetes_executor' retrieved from /home/airflow/.local/lib/python3.8/site-packages/airflow/example_dags/example_local_kubernetes_executor.py
[2026-07-16T05:46:01.837+0000] {logging_mixin.py:188} INFO - [2026-07-16T05:46:01.836+0000] {dag.py:3036} INFO - Sync 1 DAGs
[2026-07-16T05:46:01.845+0000] {logging_mixin.py:188} INFO - [2026-07-16T05:46:01.845+0000] {dag.py:3823} INFO - Setting next_dagrun for example_local_kubernetes_executor to None, run_after=None
[2026-07-16T05:46:01.858+0000] {processor.py:183} INFO - Processing /home/airflow/.local/lib/python3.8/site-packages/airflow/example_dags/example_local_kubernetes_executor.py took 0.056 seconds
[2026-07-16T05:46:31.964+0000] {processor.py:161} INFO - Started process (PID=2804) to work on /home/airflow/.local/lib/python3.8/site-packages/airflow/example_dags/example_local_kubernetes_executor.py
[2026-07-16T05:46:31.965+0000] {processor.py:830} INFO - Processing file /home/airflow/.local/lib/python3.8/site-packages/airflow/example_dags/example_local_kubernetes_executor.py for tasks to queue
[2026-07-16T05:46:31.967+0000] {logging_mixin.py:188} INFO - [2026-07-16T05:46:31.967+0000] {dagbag.py:538} INFO - Filling up the DagBag from /home/airflow/.local/lib/python3.8/site-packages/airflow/example_dags/example_local_kubernetes_executor.py
[2026-07-16T05:46:31.978+0000] {processor.py:840} INFO - DAG(s) 'example_local_kubernetes_executor' retrieved from /home/airflow/.local/lib/python3.8/site-packages/airflow/example_dags/example_local_kubernetes_executor.py
[2026-07-16T05:46:32.014+0000] {logging_mixin.py:188} INFO - [2026-07-16T05:46:32.014+0000] {dag.py:3036} INFO - Sync 1 DAGs
[2026-07-16T05:46:32.025+0000] {logging_mixin.py:188} INFO - [2026-07-16T05:46:32.025+0000] {dag.py:3823} INFO - Setting next_dagrun for example_local_kubernetes_executor to None, run_after=None
[2026-07-16T05:46:32.045+0000] {processor.py:183} INFO - Processing /home/airflow/.local/lib/python3.8/site-packages/airflow/example_dags/example_local_kubernetes_executor.py took 0.084 seconds
[2026-07-16T05:47:02.693+0000] {processor.py:161} INFO - Started process (PID=2860) to work on /home/airflow/.local/lib/python3.8/site-packages/airflow/example_dags/example_local_kubernetes_executor.py
[2026-07-16T05:47:02.695+0000] {processor.py:830} INFO - Processing file /home/airflow/.local/lib/python3.8/site-packages/airflow/example_dags/example_local_kubernetes_executor.py for tasks to queue
[2026-07-16T05:47:02.696+0000] {logging_mixin.py:188} INFO - [2026-07-16T05:47:02.696+0000] {dagbag.py:538} INFO - Filling up the DagBag from /home/airflow/.local/lib/python3.8/site-packages/airflow/example_dags/example_local_kubernetes_executor.py
[2026-07-16T05:47:02.705+0000] {processor.py:840} INFO - DAG(s) 'example_local_kubernetes_executor' retrieved from /home/airflow/.local/lib/python3.8/site-packages/airflow/example_dags/example_local_kubernetes_executor.py
[2026-07-16T05:47:02.735+0000] {logging_mixin.py:188} INFO - [2026-07-16T05:47:02.734+0000] {dag.py:3036} INFO - Sync 1 DAGs
[2026-07-16T05:47:02.748+0000] {logging_mixin.py:188} INFO - [2026-07-16T05:47:02.748+0000] {dag.py:3823} INFO - Setting next_dagrun for example_local_kubernetes_executor to None, run_after=None
[2026-07-16T05:47:02.767+0000] {processor.py:183} INFO - Processing /home/airflow/.local/lib/python3.8/site-packages/airflow/example_dags/example_local_kubernetes_executor.py took 0.077 seconds
[2026-07-16T05:47:33.512+0000] {processor.py:161} INFO - Started process (PID=2916) to work on /home/airflow/.local/lib/python3.8/site-packages/airflow/example_dags/example_local_kubernetes_executor.py
[2026-07-16T05:47:33.513+0000] {processor.py:830} INFO - Processing file /home/airflow/.local/lib/python3.8/site-packages/airflow/example_dags/example_local_kubernetes_executor.py for tasks to queue
[2026-07-16T05:47:33.515+0000] {logging_mixin.py:188} INFO - [2026-07-16T05:47:33.515+0000] {dagbag.py:538} INFO - Filling up the DagBag from /home/airflow/.local/lib/python3.8/site-packages/airflow/example_dags/example_local_kubernetes_executor.py
[2026-07-16T05:47:33.522+0000] {processor.py:840} INFO - DAG(s) 'example_local_kubernetes_executor' retrieved from /home/airflow/.local/lib/python3.8/site-packages/airflow/example_dags/example_local_kubernetes_executor.py
[2026-07-16T05:47:33.548+0000] {logging_mixin.py:188} INFO - [2026-07-16T05:47:33.548+0000] {dag.py:3036} INFO - Sync 1 DAGs
[2026-07-16T05:47:33.659+0000] {logging_mixin.py:188} INFO - [2026-07-16T05:47:33.658+0000] {dag.py:3823} INFO - Setting next_dagrun for example_local_kubernetes_executor to None, run_after=None
[2026-07-16T05:47:33.671+0000] {processor.py:183} INFO - Processing /home/airflow/.local/lib/python3.8/site-packages/airflow/example_dags/example_local_kubernetes_executor.py took 0.161 seconds
[2026-07-16T05:48:04.410+0000] {processor.py:161} INFO - Started process (PID=2972) to work on /home/airflow/.local/lib/python3.8/site-packages/airflow/example_dags/example_local_kubernetes_executor.py
[2026-07-16T05:48:04.411+0000] {processor.py:830} INFO - Processing file /home/airflow/.local/lib/python3.8/site-packages/airflow/example_dags/example_local_kubernetes_executor.py for tasks to queue
[2026-07-16T05:48:04.413+0000] {logging_mixin.py:188} INFO - [2026-07-16T05:48:04.413+0000] {dagbag.py:538} INFO - Filling up the DagBag from /home/airflow/.local/lib/python3.8/site-packages/airflow/example_dags/example_local_kubernetes_executor.py
[2026-07-16T05:48:04.422+0000] {processor.py:840} INFO - DAG(s) 'example_local_kubernetes_executor' retrieved from /home/airflow/.local/lib/python3.8/site-packages/airflow/example_dags/example_local_kubernetes_executor.py
[2026-07-16T05:48:04.462+0000] {logging_mixin.py:188} INFO - [2026-07-16T05:48:04.462+0000] {dag.py:3036} INFO - Sync 1 DAGs
[2026-07-16T05:48:04.478+0000] {logging_mixin.py:188} INFO - [2026-07-16T05:48:04.478+0000] {dag.py:3823} INFO - Setting next_dagrun for example_local_kubernetes_executor to None, run_after=None
[2026-07-16T05:48:04.639+0000] {processor.py:183} INFO - Processing /home/airflow/.local/lib/python3.8/site-packages/airflow/example_dags/example_local_kubernetes_executor.py took 0.234 seconds
[2026-07-16T05:48:35.359+0000] {processor.py:161} INFO - Started process (PID=3028) to work on /home/airflow/.local/lib/python3.8/site-packages/airflow/example_dags/example_local_kubernetes_executor.py
[2026-07-16T05:48:35.361+0000] {processor.py:830} INFO - Processing file /home/airflow/.local/lib/python3.8/site-packages/airflow/example_dags/example_local_kubernetes_executor.py for tasks to queue
[2026-07-16T05:48:35.363+0000] {logging_mixin.py:188} INFO - [2026-07-16T05:48:35.363+0000] {dagbag.py:538} INFO - Filling up the DagBag from /home/airflow/.local/lib/python3.8/site-packages/airflow/example_dags/example_local_kubernetes_executor.py
[2026-07-16T05:48:35.373+0000] {processor.py:840} INFO - DAG(s) 'example_local_kubernetes_executor' retrieved from /home/airflow/.local/lib/python3.8/site-packages/airflow/example_dags/example_local_kubernetes_executor.py
[2026-07-16T05:48:35.408+0000] {logging_mixin.py:188} INFO - [2026-07-16T05:48:35.408+0000] {dag.py:3036} INFO - Sync 1 DAGs
[2026-07-16T05:48:35.423+0000] {logging_mixin.py:188} INFO - [2026-07-16T05:48:35.423+0000] {dag.py:3823} INFO - Setting next_dagrun for example_local_kubernetes_executor to None, run_after=None
[2026-07-16T05:48:35.448+0000] {processor.py:183} INFO - Processing /home/airflow/.local/lib/python3.8/site-packages/airflow/example_dags/example_local_kubernetes_executor.py took 0.092 seconds
