[2026-07-16T05:22:00.101+0000] {processor.py:161} INFO - Started process (PID=102) to work on /home/airflow/.local/lib/python3.8/site-packages/airflow/example_dags/example_branch_day_of_week_operator.py
[2026-07-16T05:22:00.103+0000] {processor.py:830} INFO - Processing file /home/airflow/.local/lib/python3.8/site-packages/airflow/example_dags/example_branch_day_of_week_operator.py for tasks to queue
[2026-07-16T05:22:00.106+0000] {logging_mixin.py:188} INFO - [2026-07-16T05:22:00.106+0000] {dagbag.py:538} INFO - Filling up the DagBag from /home/airflow/.local/lib/python3.8/site-packages/airflow/example_dags/example_branch_day_of_week_operator.py
[2026-07-16T05:22:00.126+0000] {processor.py:840} INFO - DAG(s) 'example_weekday_branch_operator' retrieved from /home/airflow/.local/lib/python3.8/site-packages/airflow/example_dags/example_branch_day_of_week_operator.py
[2026-07-16T05:22:00.390+0000] {logging_mixin.py:188} INFO - [2026-07-16T05:22:00.389+0000] {dag.py:3036} INFO - Sync 1 DAGs
[2026-07-16T05:22:00.437+0000] {logging_mixin.py:188} INFO - [2026-07-16T05:22:00.437+0000] {dag.py:3823} INFO - Setting next_dagrun for example_weekday_branch_operator to 2026-07-15 00:00:00+00:00, run_after=2026-07-16 00:00:00+00:00
[2026-07-16T05:22:00.480+0000] {processor.py:183} INFO - Processing /home/airflow/.local/lib/python3.8/site-packages/airflow/example_dags/example_branch_day_of_week_operator.py took 0.387 seconds
[2026-07-16T05:22:31.130+0000] {processor.py:161} INFO - Started process (PID=160) to work on /home/airflow/.local/lib/python3.8/site-packages/airflow/example_dags/example_branch_day_of_week_operator.py
[2026-07-16T05:22:31.132+0000] {processor.py:830} INFO - Processing file /home/airflow/.local/lib/python3.8/site-packages/airflow/example_dags/example_branch_day_of_week_operator.py for tasks to queue
[2026-07-16T05:22:31.134+0000] {logging_mixin.py:188} INFO - [2026-07-16T05:22:31.134+0000] {dagbag.py:538} INFO - Filling up the DagBag from /home/airflow/.local/lib/python3.8/site-packages/airflow/example_dags/example_branch_day_of_week_operator.py
[2026-07-16T05:22:31.144+0000] {processor.py:840} INFO - DAG(s) 'example_weekday_branch_operator' retrieved from /home/airflow/.local/lib/python3.8/site-packages/airflow/example_dags/example_branch_day_of_week_operator.py
[2026-07-16T05:22:31.181+0000] {logging_mixin.py:188} INFO - [2026-07-16T05:22:31.181+0000] {dag.py:3036} INFO - Sync 1 DAGs
[2026-07-16T05:22:31.218+0000] {logging_mixin.py:188} INFO - [2026-07-16T05:22:31.218+0000] {dag.py:3823} INFO - Setting next_dagrun for example_weekday_branch_operator to 2026-07-15 00:00:00+00:00, run_after=2026-07-16 00:00:00+00:00
[2026-07-16T05:22:31.245+0000] {processor.py:183} INFO - Processing /home/airflow/.local/lib/python3.8/site-packages/airflow/example_dags/example_branch_day_of_week_operator.py took 0.122 seconds
[2026-07-16T05:23:02.094+0000] {processor.py:161} INFO - Started process (PID=216) to work on /home/airflow/.local/lib/python3.8/site-packages/airflow/example_dags/example_branch_day_of_week_operator.py
[2026-07-16T05:23:02.105+0000] {processor.py:830} INFO - Processing file /home/airflow/.local/lib/python3.8/site-packages/airflow/example_dags/example_branch_day_of_week_operator.py for tasks to queue
[2026-07-16T05:23:02.111+0000] {logging_mixin.py:188} INFO - [2026-07-16T05:23:02.110+0000] {dagbag.py:538} INFO - Filling up the DagBag from /home/airflow/.local/lib/python3.8/site-packages/airflow/example_dags/example_branch_day_of_week_operator.py
[2026-07-16T05:23:02.134+0000] {processor.py:840} INFO - DAG(s) 'example_weekday_branch_operator' retrieved from /home/airflow/.local/lib/python3.8/site-packages/airflow/example_dags/example_branch_day_of_week_operator.py
[2026-07-16T05:23:02.245+0000] {logging_mixin.py:188} INFO - [2026-07-16T05:23:02.245+0000] {dag.py:3036} INFO - Sync 1 DAGs
[2026-07-16T05:23:02.303+0000] {logging_mixin.py:188} INFO - [2026-07-16T05:23:02.302+0000] {dag.py:3823} INFO - Setting next_dagrun for example_weekday_branch_operator to 2026-07-15 00:00:00+00:00, run_after=2026-07-16 00:00:00+00:00
[2026-07-16T05:23:02.352+0000] {processor.py:183} INFO - Processing /home/airflow/.local/lib/python3.8/site-packages/airflow/example_dags/example_branch_day_of_week_operator.py took 0.273 seconds
[2026-07-16T05:23:32.459+0000] {processor.py:161} INFO - Started process (PID=272) to work on /home/airflow/.local/lib/python3.8/site-packages/airflow/example_dags/example_branch_day_of_week_operator.py
[2026-07-16T05:23:32.461+0000] {processor.py:830} INFO - Processing file /home/airflow/.local/lib/python3.8/site-packages/airflow/example_dags/example_branch_day_of_week_operator.py for tasks to queue
[2026-07-16T05:23:32.463+0000] {logging_mixin.py:188} INFO - [2026-07-16T05:23:32.463+0000] {dagbag.py:538} INFO - Filling up the DagBag from /home/airflow/.local/lib/python3.8/site-packages/airflow/example_dags/example_branch_day_of_week_operator.py
[2026-07-16T05:23:32.473+0000] {processor.py:840} INFO - DAG(s) 'example_weekday_branch_operator' retrieved from /home/airflow/.local/lib/python3.8/site-packages/airflow/example_dags/example_branch_day_of_week_operator.py
[2026-07-16T05:23:32.504+0000] {logging_mixin.py:188} INFO - [2026-07-16T05:23:32.504+0000] {dag.py:3036} INFO - Sync 1 DAGs
[2026-07-16T05:23:32.538+0000] {logging_mixin.py:188} INFO - [2026-07-16T05:23:32.538+0000] {dag.py:3823} INFO - Setting next_dagrun for example_weekday_branch_operator to 2026-07-15 00:00:00+00:00, run_after=2026-07-16 00:00:00+00:00
[2026-07-16T05:23:32.569+0000] {processor.py:183} INFO - Processing /home/airflow/.local/lib/python3.8/site-packages/airflow/example_dags/example_branch_day_of_week_operator.py took 0.114 seconds
[2026-07-16T05:24:06.605+0000] {processor.py:161} INFO - Started process (PID=333) to work on /home/airflow/.local/lib/python3.8/site-packages/airflow/example_dags/example_branch_day_of_week_operator.py
[2026-07-16T05:24:06.608+0000] {processor.py:830} INFO - Processing file /home/airflow/.local/lib/python3.8/site-packages/airflow/example_dags/example_branch_day_of_week_operator.py for tasks to queue
[2026-07-16T05:24:06.614+0000] {logging_mixin.py:188} INFO - [2026-07-16T05:24:06.613+0000] {dagbag.py:538} INFO - Filling up the DagBag from /home/airflow/.local/lib/python3.8/site-packages/airflow/example_dags/example_branch_day_of_week_operator.py
[2026-07-16T05:24:06.635+0000] {processor.py:840} INFO - DAG(s) 'example_weekday_branch_operator' retrieved from /home/airflow/.local/lib/python3.8/site-packages/airflow/example_dags/example_branch_day_of_week_operator.py
[2026-07-16T05:24:06.690+0000] {logging_mixin.py:188} INFO - [2026-07-16T05:24:06.689+0000] {dag.py:3036} INFO - Sync 1 DAGs
[2026-07-16T05:24:06.760+0000] {logging_mixin.py:188} INFO - [2026-07-16T05:24:06.759+0000] {dag.py:3823} INFO - Setting next_dagrun for example_weekday_branch_operator to 2026-07-15 00:00:00+00:00, run_after=2026-07-16 00:00:00+00:00
[2026-07-16T05:24:06.815+0000] {processor.py:183} INFO - Processing /home/airflow/.local/lib/python3.8/site-packages/airflow/example_dags/example_branch_day_of_week_operator.py took 0.221 seconds
[2026-07-16T05:24:37.584+0000] {processor.py:161} INFO - Started process (PID=389) to work on /home/airflow/.local/lib/python3.8/site-packages/airflow/example_dags/example_branch_day_of_week_operator.py
[2026-07-16T05:24:37.588+0000] {processor.py:830} INFO - Processing file /home/airflow/.local/lib/python3.8/site-packages/airflow/example_dags/example_branch_day_of_week_operator.py for tasks to queue
[2026-07-16T05:24:37.598+0000] {logging_mixin.py:188} INFO - [2026-07-16T05:24:37.597+0000] {dagbag.py:538} INFO - Filling up the DagBag from /home/airflow/.local/lib/python3.8/site-packages/airflow/example_dags/example_branch_day_of_week_operator.py
[2026-07-16T05:24:37.622+0000] {processor.py:840} INFO - DAG(s) 'example_weekday_branch_operator' retrieved from /home/airflow/.local/lib/python3.8/site-packages/airflow/example_dags/example_branch_day_of_week_operator.py
[2026-07-16T05:24:37.691+0000] {logging_mixin.py:188} INFO - [2026-07-16T05:24:37.690+0000] {dag.py:3036} INFO - Sync 1 DAGs
[2026-07-16T05:24:37.757+0000] {logging_mixin.py:188} INFO - [2026-07-16T05:24:37.756+0000] {dag.py:3823} INFO - Setting next_dagrun for example_weekday_branch_operator to 2026-07-15 00:00:00+00:00, run_after=2026-07-16 00:00:00+00:00
[2026-07-16T05:24:37.814+0000] {processor.py:183} INFO - Processing /home/airflow/.local/lib/python3.8/site-packages/airflow/example_dags/example_branch_day_of_week_operator.py took 0.241 seconds
[2026-07-16T05:25:08.161+0000] {processor.py:161} INFO - Started process (PID=445) to work on /home/airflow/.local/lib/python3.8/site-packages/airflow/example_dags/example_branch_day_of_week_operator.py
[2026-07-16T05:25:08.162+0000] {processor.py:830} INFO - Processing file /home/airflow/.local/lib/python3.8/site-packages/airflow/example_dags/example_branch_day_of_week_operator.py for tasks to queue
[2026-07-16T05:25:08.165+0000] {logging_mixin.py:188} INFO - [2026-07-16T05:25:08.164+0000] {dagbag.py:538} INFO - Filling up the DagBag from /home/airflow/.local/lib/python3.8/site-packages/airflow/example_dags/example_branch_day_of_week_operator.py
[2026-07-16T05:25:08.176+0000] {processor.py:840} INFO - DAG(s) 'example_weekday_branch_operator' retrieved from /home/airflow/.local/lib/python3.8/site-packages/airflow/example_dags/example_branch_day_of_week_operator.py
[2026-07-16T05:25:08.204+0000] {logging_mixin.py:188} INFO - [2026-07-16T05:25:08.204+0000] {dag.py:3036} INFO - Sync 1 DAGs
[2026-07-16T05:25:08.240+0000] {logging_mixin.py:188} INFO - [2026-07-16T05:25:08.239+0000] {dag.py:3823} INFO - Setting next_dagrun for example_weekday_branch_operator to 2026-07-15 00:00:00+00:00, run_after=2026-07-16 00:00:00+00:00
[2026-07-16T05:25:08.270+0000] {processor.py:183} INFO - Processing /home/airflow/.local/lib/python3.8/site-packages/airflow/example_dags/example_branch_day_of_week_operator.py took 0.114 seconds
[2026-07-16T05:25:38.360+0000] {processor.py:161} INFO - Started process (PID=501) to work on /home/airflow/.local/lib/python3.8/site-packages/airflow/example_dags/example_branch_day_of_week_operator.py
[2026-07-16T05:25:38.363+0000] {processor.py:830} INFO - Processing file /home/airflow/.local/lib/python3.8/site-packages/airflow/example_dags/example_branch_day_of_week_operator.py for tasks to queue
[2026-07-16T05:25:38.366+0000] {logging_mixin.py:188} INFO - [2026-07-16T05:25:38.366+0000] {dagbag.py:538} INFO - Filling up the DagBag from /home/airflow/.local/lib/python3.8/site-packages/airflow/example_dags/example_branch_day_of_week_operator.py
[2026-07-16T05:25:38.382+0000] {processor.py:840} INFO - DAG(s) 'example_weekday_branch_operator' retrieved from /home/airflow/.local/lib/python3.8/site-packages/airflow/example_dags/example_branch_day_of_week_operator.py
[2026-07-16T05:25:38.422+0000] {logging_mixin.py:188} INFO - [2026-07-16T05:25:38.422+0000] {dag.py:3036} INFO - Sync 1 DAGs
[2026-07-16T05:25:38.460+0000] {logging_mixin.py:188} INFO - [2026-07-16T05:25:38.459+0000] {dag.py:3823} INFO - Setting next_dagrun for example_weekday_branch_operator to 2026-07-15 00:00:00+00:00, run_after=2026-07-16 00:00:00+00:00
[2026-07-16T05:25:38.489+0000] {processor.py:183} INFO - Processing /home/airflow/.local/lib/python3.8/site-packages/airflow/example_dags/example_branch_day_of_week_operator.py took 0.136 seconds
[2026-07-16T05:26:08.571+0000] {processor.py:161} INFO - Started process (PID=557) to work on /home/airflow/.local/lib/python3.8/site-packages/airflow/example_dags/example_branch_day_of_week_operator.py
[2026-07-16T05:26:08.573+0000] {processor.py:830} INFO - Processing file /home/airflow/.local/lib/python3.8/site-packages/airflow/example_dags/example_branch_day_of_week_operator.py for tasks to queue
[2026-07-16T05:26:08.575+0000] {logging_mixin.py:188} INFO - [2026-07-16T05:26:08.575+0000] {dagbag.py:538} INFO - Filling up the DagBag from /home/airflow/.local/lib/python3.8/site-packages/airflow/example_dags/example_branch_day_of_week_operator.py
[2026-07-16T05:26:08.585+0000] {processor.py:840} INFO - DAG(s) 'example_weekday_branch_operator' retrieved from /home/airflow/.local/lib/python3.8/site-packages/airflow/example_dags/example_branch_day_of_week_operator.py
[2026-07-16T05:26:08.617+0000] {logging_mixin.py:188} INFO - [2026-07-16T05:26:08.617+0000] {dag.py:3036} INFO - Sync 1 DAGs
[2026-07-16T05:26:08.661+0000] {logging_mixin.py:188} INFO - [2026-07-16T05:26:08.660+0000] {dag.py:3823} INFO - Setting next_dagrun for example_weekday_branch_operator to 2026-07-15 00:00:00+00:00, run_after=2026-07-16 00:00:00+00:00
[2026-07-16T05:26:08.696+0000] {processor.py:183} INFO - Processing /home/airflow/.local/lib/python3.8/site-packages/airflow/example_dags/example_branch_day_of_week_operator.py took 0.130 seconds
[2026-07-16T05:26:39.018+0000] {processor.py:161} INFO - Started process (PID=613) to work on /home/airflow/.local/lib/python3.8/site-packages/airflow/example_dags/example_branch_day_of_week_operator.py
[2026-07-16T05:26:39.020+0000] {processor.py:830} INFO - Processing file /home/airflow/.local/lib/python3.8/site-packages/airflow/example_dags/example_branch_day_of_week_operator.py for tasks to queue
[2026-07-16T05:26:39.023+0000] {logging_mixin.py:188} INFO - [2026-07-16T05:26:39.022+0000] {dagbag.py:538} INFO - Filling up the DagBag from /home/airflow/.local/lib/python3.8/site-packages/airflow/example_dags/example_branch_day_of_week_operator.py
[2026-07-16T05:26:39.033+0000] {processor.py:840} INFO - DAG(s) 'example_weekday_branch_operator' retrieved from /home/airflow/.local/lib/python3.8/site-packages/airflow/example_dags/example_branch_day_of_week_operator.py
[2026-07-16T05:26:39.066+0000] {logging_mixin.py:188} INFO - [2026-07-16T05:26:39.065+0000] {dag.py:3036} INFO - Sync 1 DAGs
[2026-07-16T05:26:39.096+0000] {logging_mixin.py:188} INFO - [2026-07-16T05:26:39.095+0000] {dag.py:3823} INFO - Setting next_dagrun for example_weekday_branch_operator to 2026-07-15 00:00:00+00:00, run_after=2026-07-16 00:00:00+00:00
[2026-07-16T05:26:39.125+0000] {processor.py:183} INFO - Processing /home/airflow/.local/lib/python3.8/site-packages/airflow/example_dags/example_branch_day_of_week_operator.py took 0.113 seconds
[2026-07-16T05:27:09.414+0000] {processor.py:161} INFO - Started process (PID=669) to work on /home/airflow/.local/lib/python3.8/site-packages/airflow/example_dags/example_branch_day_of_week_operator.py
[2026-07-16T05:27:09.416+0000] {processor.py:830} INFO - Processing file /home/airflow/.local/lib/python3.8/site-packages/airflow/example_dags/example_branch_day_of_week_operator.py for tasks to queue
[2026-07-16T05:27:09.420+0000] {logging_mixin.py:188} INFO - [2026-07-16T05:27:09.419+0000] {dagbag.py:538} INFO - Filling up the DagBag from /home/airflow/.local/lib/python3.8/site-packages/airflow/example_dags/example_branch_day_of_week_operator.py
[2026-07-16T05:27:09.431+0000] {processor.py:840} INFO - DAG(s) 'example_weekday_branch_operator' retrieved from /home/airflow/.local/lib/python3.8/site-packages/airflow/example_dags/example_branch_day_of_week_operator.py
[2026-07-16T05:27:09.467+0000] {logging_mixin.py:188} INFO - [2026-07-16T05:27:09.467+0000] {dag.py:3036} INFO - Sync 1 DAGs
[2026-07-16T05:27:09.495+0000] {logging_mixin.py:188} INFO - [2026-07-16T05:27:09.494+0000] {dag.py:3823} INFO - Setting next_dagrun for example_weekday_branch_operator to 2026-07-15 00:00:00+00:00, run_after=2026-07-16 00:00:00+00:00
[2026-07-16T05:27:09.527+0000] {processor.py:183} INFO - Processing /home/airflow/.local/lib/python3.8/site-packages/airflow/example_dags/example_branch_day_of_week_operator.py took 0.118 seconds
[2026-07-16T05:27:40.455+0000] {processor.py:161} INFO - Started process (PID=725) to work on /home/airflow/.local/lib/python3.8/site-packages/airflow/example_dags/example_branch_day_of_week_operator.py
[2026-07-16T05:27:40.457+0000] {processor.py:830} INFO - Processing file /home/airflow/.local/lib/python3.8/site-packages/airflow/example_dags/example_branch_day_of_week_operator.py for tasks to queue
[2026-07-16T05:27:40.460+0000] {logging_mixin.py:188} INFO - [2026-07-16T05:27:40.459+0000] {dagbag.py:538} INFO - Filling up the DagBag from /home/airflow/.local/lib/python3.8/site-packages/airflow/example_dags/example_branch_day_of_week_operator.py
[2026-07-16T05:27:40.471+0000] {processor.py:840} INFO - DAG(s) 'example_weekday_branch_operator' retrieved from /home/airflow/.local/lib/python3.8/site-packages/airflow/example_dags/example_branch_day_of_week_operator.py
[2026-07-16T05:27:40.501+0000] {logging_mixin.py:188} INFO - [2026-07-16T05:27:40.500+0000] {dag.py:3036} INFO - Sync 1 DAGs
[2026-07-16T05:27:40.532+0000] {logging_mixin.py:188} INFO - [2026-07-16T05:27:40.531+0000] {dag.py:3823} INFO - Setting next_dagrun for example_weekday_branch_operator to 2026-07-15 00:00:00+00:00, run_after=2026-07-16 00:00:00+00:00
[2026-07-16T05:27:40.557+0000] {processor.py:183} INFO - Processing /home/airflow/.local/lib/python3.8/site-packages/airflow/example_dags/example_branch_day_of_week_operator.py took 0.108 seconds
[2026-07-16T05:28:10.959+0000] {processor.py:161} INFO - Started process (PID=781) to work on /home/airflow/.local/lib/python3.8/site-packages/airflow/example_dags/example_branch_day_of_week_operator.py
[2026-07-16T05:28:10.963+0000] {processor.py:830} INFO - Processing file /home/airflow/.local/lib/python3.8/site-packages/airflow/example_dags/example_branch_day_of_week_operator.py for tasks to queue
[2026-07-16T05:28:10.972+0000] {logging_mixin.py:188} INFO - [2026-07-16T05:28:10.970+0000] {dagbag.py:538} INFO - Filling up the DagBag from /home/airflow/.local/lib/python3.8/site-packages/airflow/example_dags/example_branch_day_of_week_operator.py
[2026-07-16T05:28:11.003+0000] {processor.py:840} INFO - DAG(s) 'example_weekday_branch_operator' retrieved from /home/airflow/.local/lib/python3.8/site-packages/airflow/example_dags/example_branch_day_of_week_operator.py
[2026-07-16T05:28:11.047+0000] {logging_mixin.py:188} INFO - [2026-07-16T05:28:11.047+0000] {dag.py:3036} INFO - Sync 1 DAGs
[2026-07-16T05:28:11.096+0000] {logging_mixin.py:188} INFO - [2026-07-16T05:28:11.094+0000] {dag.py:3823} INFO - Setting next_dagrun for example_weekday_branch_operator to 2026-07-15 00:00:00+00:00, run_after=2026-07-16 00:00:00+00:00
[2026-07-16T05:28:11.140+0000] {processor.py:183} INFO - Processing /home/airflow/.local/lib/python3.8/site-packages/airflow/example_dags/example_branch_day_of_week_operator.py took 0.197 seconds
[2026-07-16T05:28:41.385+0000] {processor.py:161} INFO - Started process (PID=836) to work on /home/airflow/.local/lib/python3.8/site-packages/airflow/example_dags/example_branch_day_of_week_operator.py
[2026-07-16T05:28:41.388+0000] {processor.py:830} INFO - Processing file /home/airflow/.local/lib/python3.8/site-packages/airflow/example_dags/example_branch_day_of_week_operator.py for tasks to queue
[2026-07-16T05:28:41.392+0000] {logging_mixin.py:188} INFO - [2026-07-16T05:28:41.391+0000] {dagbag.py:538} INFO - Filling up the DagBag from /home/airflow/.local/lib/python3.8/site-packages/airflow/example_dags/example_branch_day_of_week_operator.py
[2026-07-16T05:28:41.419+0000] {processor.py:840} INFO - DAG(s) 'example_weekday_branch_operator' retrieved from /home/airflow/.local/lib/python3.8/site-packages/airflow/example_dags/example_branch_day_of_week_operator.py
[2026-07-16T05:28:41.464+0000] {logging_mixin.py:188} INFO - [2026-07-16T05:28:41.464+0000] {dag.py:3036} INFO - Sync 1 DAGs
[2026-07-16T05:28:41.544+0000] {logging_mixin.py:188} INFO - [2026-07-16T05:28:41.543+0000] {dag.py:3823} INFO - Setting next_dagrun for example_weekday_branch_operator to 2026-07-15 00:00:00+00:00, run_after=2026-07-16 00:00:00+00:00
[2026-07-16T05:28:41.596+0000] {processor.py:183} INFO - Processing /home/airflow/.local/lib/python3.8/site-packages/airflow/example_dags/example_branch_day_of_week_operator.py took 0.219 seconds
[2026-07-16T05:29:11.702+0000] {processor.py:161} INFO - Started process (PID=892) to work on /home/airflow/.local/lib/python3.8/site-packages/airflow/example_dags/example_branch_day_of_week_operator.py
[2026-07-16T05:29:11.711+0000] {processor.py:830} INFO - Processing file /home/airflow/.local/lib/python3.8/site-packages/airflow/example_dags/example_branch_day_of_week_operator.py for tasks to queue
[2026-07-16T05:29:11.717+0000] {logging_mixin.py:188} INFO - [2026-07-16T05:29:11.715+0000] {dagbag.py:538} INFO - Filling up the DagBag from /home/airflow/.local/lib/python3.8/site-packages/airflow/example_dags/example_branch_day_of_week_operator.py
[2026-07-16T05:29:11.746+0000] {processor.py:840} INFO - DAG(s) 'example_weekday_branch_operator' retrieved from /home/airflow/.local/lib/python3.8/site-packages/airflow/example_dags/example_branch_day_of_week_operator.py
[2026-07-16T05:29:11.804+0000] {logging_mixin.py:188} INFO - [2026-07-16T05:29:11.803+0000] {dag.py:3036} INFO - Sync 1 DAGs
[2026-07-16T05:29:11.873+0000] {logging_mixin.py:188} INFO - [2026-07-16T05:29:11.872+0000] {dag.py:3823} INFO - Setting next_dagrun for example_weekday_branch_operator to 2026-07-15 00:00:00+00:00, run_after=2026-07-16 00:00:00+00:00
[2026-07-16T05:29:11.926+0000] {processor.py:183} INFO - Processing /home/airflow/.local/lib/python3.8/site-packages/airflow/example_dags/example_branch_day_of_week_operator.py took 0.236 seconds
[2026-07-16T05:29:42.465+0000] {processor.py:161} INFO - Started process (PID=948) to work on /home/airflow/.local/lib/python3.8/site-packages/airflow/example_dags/example_branch_day_of_week_operator.py
[2026-07-16T05:29:42.469+0000] {processor.py:830} INFO - Processing file /home/airflow/.local/lib/python3.8/site-packages/airflow/example_dags/example_branch_day_of_week_operator.py for tasks to queue
[2026-07-16T05:29:42.475+0000] {logging_mixin.py:188} INFO - [2026-07-16T05:29:42.473+0000] {dagbag.py:538} INFO - Filling up the DagBag from /home/airflow/.local/lib/python3.8/site-packages/airflow/example_dags/example_branch_day_of_week_operator.py
[2026-07-16T05:29:42.498+0000] {processor.py:840} INFO - DAG(s) 'example_weekday_branch_operator' retrieved from /home/airflow/.local/lib/python3.8/site-packages/airflow/example_dags/example_branch_day_of_week_operator.py
[2026-07-16T05:29:42.559+0000] {logging_mixin.py:188} INFO - [2026-07-16T05:29:42.558+0000] {dag.py:3036} INFO - Sync 1 DAGs
[2026-07-16T05:29:42.626+0000] {logging_mixin.py:188} INFO - [2026-07-16T05:29:42.626+0000] {dag.py:3823} INFO - Setting next_dagrun for example_weekday_branch_operator to 2026-07-15 00:00:00+00:00, run_after=2026-07-16 00:00:00+00:00
[2026-07-16T05:29:42.670+0000] {processor.py:183} INFO - Processing /home/airflow/.local/lib/python3.8/site-packages/airflow/example_dags/example_branch_day_of_week_operator.py took 0.214 seconds
[2026-07-16T05:30:13.202+0000] {processor.py:161} INFO - Started process (PID=1004) to work on /home/airflow/.local/lib/python3.8/site-packages/airflow/example_dags/example_branch_day_of_week_operator.py
[2026-07-16T05:30:13.206+0000] {processor.py:830} INFO - Processing file /home/airflow/.local/lib/python3.8/site-packages/airflow/example_dags/example_branch_day_of_week_operator.py for tasks to queue
[2026-07-16T05:30:13.210+0000] {logging_mixin.py:188} INFO - [2026-07-16T05:30:13.209+0000] {dagbag.py:538} INFO - Filling up the DagBag from /home/airflow/.local/lib/python3.8/site-packages/airflow/example_dags/example_branch_day_of_week_operator.py
[2026-07-16T05:30:13.231+0000] {processor.py:840} INFO - DAG(s) 'example_weekday_branch_operator' retrieved from /home/airflow/.local/lib/python3.8/site-packages/airflow/example_dags/example_branch_day_of_week_operator.py
[2026-07-16T05:30:13.288+0000] {logging_mixin.py:188} INFO - [2026-07-16T05:30:13.288+0000] {dag.py:3036} INFO - Sync 1 DAGs
[2026-07-16T05:30:13.345+0000] {logging_mixin.py:188} INFO - [2026-07-16T05:30:13.345+0000] {dag.py:3823} INFO - Setting next_dagrun for example_weekday_branch_operator to 2026-07-15 00:00:00+00:00, run_after=2026-07-16 00:00:00+00:00
[2026-07-16T05:30:13.390+0000] {processor.py:183} INFO - Processing /home/airflow/.local/lib/python3.8/site-packages/airflow/example_dags/example_branch_day_of_week_operator.py took 0.196 seconds
[2026-07-16T05:30:44.348+0000] {processor.py:161} INFO - Started process (PID=1061) to work on /home/airflow/.local/lib/python3.8/site-packages/airflow/example_dags/example_branch_day_of_week_operator.py
[2026-07-16T05:30:44.350+0000] {processor.py:830} INFO - Processing file /home/airflow/.local/lib/python3.8/site-packages/airflow/example_dags/example_branch_day_of_week_operator.py for tasks to queue
[2026-07-16T05:30:44.352+0000] {logging_mixin.py:188} INFO - [2026-07-16T05:30:44.352+0000] {dagbag.py:538} INFO - Filling up the DagBag from /home/airflow/.local/lib/python3.8/site-packages/airflow/example_dags/example_branch_day_of_week_operator.py
[2026-07-16T05:30:44.363+0000] {processor.py:840} INFO - DAG(s) 'example_weekday_branch_operator' retrieved from /home/airflow/.local/lib/python3.8/site-packages/airflow/example_dags/example_branch_day_of_week_operator.py
[2026-07-16T05:30:44.396+0000] {logging_mixin.py:188} INFO - [2026-07-16T05:30:44.396+0000] {dag.py:3036} INFO - Sync 1 DAGs
[2026-07-16T05:30:44.424+0000] {logging_mixin.py:188} INFO - [2026-07-16T05:30:44.423+0000] {dag.py:3823} INFO - Setting next_dagrun for example_weekday_branch_operator to 2026-07-15 00:00:00+00:00, run_after=2026-07-16 00:00:00+00:00
[2026-07-16T05:30:44.453+0000] {processor.py:183} INFO - Processing /home/airflow/.local/lib/python3.8/site-packages/airflow/example_dags/example_branch_day_of_week_operator.py took 0.110 seconds
[2026-07-16T05:31:15.266+0000] {processor.py:161} INFO - Started process (PID=1117) to work on /home/airflow/.local/lib/python3.8/site-packages/airflow/example_dags/example_branch_day_of_week_operator.py
[2026-07-16T05:31:15.268+0000] {processor.py:830} INFO - Processing file /home/airflow/.local/lib/python3.8/site-packages/airflow/example_dags/example_branch_day_of_week_operator.py for tasks to queue
[2026-07-16T05:31:15.271+0000] {logging_mixin.py:188} INFO - [2026-07-16T05:31:15.271+0000] {dagbag.py:538} INFO - Filling up the DagBag from /home/airflow/.local/lib/python3.8/site-packages/airflow/example_dags/example_branch_day_of_week_operator.py
[2026-07-16T05:31:15.279+0000] {processor.py:840} INFO - DAG(s) 'example_weekday_branch_operator' retrieved from /home/airflow/.local/lib/python3.8/site-packages/airflow/example_dags/example_branch_day_of_week_operator.py
[2026-07-16T05:31:15.302+0000] {logging_mixin.py:188} INFO - [2026-07-16T05:31:15.302+0000] {dag.py:3036} INFO - Sync 1 DAGs
[2026-07-16T05:31:15.327+0000] {logging_mixin.py:188} INFO - [2026-07-16T05:31:15.326+0000] {dag.py:3823} INFO - Setting next_dagrun for example_weekday_branch_operator to 2026-07-15 00:00:00+00:00, run_after=2026-07-16 00:00:00+00:00
[2026-07-16T05:31:15.356+0000] {processor.py:183} INFO - Processing /home/airflow/.local/lib/python3.8/site-packages/airflow/example_dags/example_branch_day_of_week_operator.py took 0.095 seconds
[2026-07-16T05:31:46.476+0000] {processor.py:161} INFO - Started process (PID=1173) to work on /home/airflow/.local/lib/python3.8/site-packages/airflow/example_dags/example_branch_day_of_week_operator.py
[2026-07-16T05:31:46.479+0000] {processor.py:830} INFO - Processing file /home/airflow/.local/lib/python3.8/site-packages/airflow/example_dags/example_branch_day_of_week_operator.py for tasks to queue
[2026-07-16T05:31:46.483+0000] {logging_mixin.py:188} INFO - [2026-07-16T05:31:46.482+0000] {dagbag.py:538} INFO - Filling up the DagBag from /home/airflow/.local/lib/python3.8/site-packages/airflow/example_dags/example_branch_day_of_week_operator.py
[2026-07-16T05:31:46.500+0000] {processor.py:840} INFO - DAG(s) 'example_weekday_branch_operator' retrieved from /home/airflow/.local/lib/python3.8/site-packages/airflow/example_dags/example_branch_day_of_week_operator.py
[2026-07-16T05:31:46.541+0000] {logging_mixin.py:188} INFO - [2026-07-16T05:31:46.541+0000] {dag.py:3036} INFO - Sync 1 DAGs
[2026-07-16T05:31:46.570+0000] {logging_mixin.py:188} INFO - [2026-07-16T05:31:46.570+0000] {dag.py:3823} INFO - Setting next_dagrun for example_weekday_branch_operator to 2026-07-15 00:00:00+00:00, run_after=2026-07-16 00:00:00+00:00
[2026-07-16T05:31:46.597+0000] {processor.py:183} INFO - Processing /home/airflow/.local/lib/python3.8/site-packages/airflow/example_dags/example_branch_day_of_week_operator.py took 0.128 seconds
[2026-07-16T05:32:17.154+0000] {processor.py:161} INFO - Started process (PID=1229) to work on /home/airflow/.local/lib/python3.8/site-packages/airflow/example_dags/example_branch_day_of_week_operator.py
[2026-07-16T05:32:17.156+0000] {processor.py:830} INFO - Processing file /home/airflow/.local/lib/python3.8/site-packages/airflow/example_dags/example_branch_day_of_week_operator.py for tasks to queue
[2026-07-16T05:32:17.159+0000] {logging_mixin.py:188} INFO - [2026-07-16T05:32:17.158+0000] {dagbag.py:538} INFO - Filling up the DagBag from /home/airflow/.local/lib/python3.8/site-packages/airflow/example_dags/example_branch_day_of_week_operator.py
[2026-07-16T05:32:17.168+0000] {processor.py:840} INFO - DAG(s) 'example_weekday_branch_operator' retrieved from /home/airflow/.local/lib/python3.8/site-packages/airflow/example_dags/example_branch_day_of_week_operator.py
[2026-07-16T05:32:17.194+0000] {logging_mixin.py:188} INFO - [2026-07-16T05:32:17.194+0000] {dag.py:3036} INFO - Sync 1 DAGs
[2026-07-16T05:32:17.217+0000] {logging_mixin.py:188} INFO - [2026-07-16T05:32:17.217+0000] {dag.py:3823} INFO - Setting next_dagrun for example_weekday_branch_operator to 2026-07-15 00:00:00+00:00, run_after=2026-07-16 00:00:00+00:00
[2026-07-16T05:32:17.244+0000] {processor.py:183} INFO - Processing /home/airflow/.local/lib/python3.8/site-packages/airflow/example_dags/example_branch_day_of_week_operator.py took 0.095 seconds
[2026-07-16T05:32:47.331+0000] {processor.py:161} INFO - Started process (PID=1284) to work on /home/airflow/.local/lib/python3.8/site-packages/airflow/example_dags/example_branch_day_of_week_operator.py
[2026-07-16T05:32:47.332+0000] {processor.py:830} INFO - Processing file /home/airflow/.local/lib/python3.8/site-packages/airflow/example_dags/example_branch_day_of_week_operator.py for tasks to queue
[2026-07-16T05:32:47.335+0000] {logging_mixin.py:188} INFO - [2026-07-16T05:32:47.334+0000] {dagbag.py:538} INFO - Filling up the DagBag from /home/airflow/.local/lib/python3.8/site-packages/airflow/example_dags/example_branch_day_of_week_operator.py
[2026-07-16T05:32:47.342+0000] {processor.py:840} INFO - DAG(s) 'example_weekday_branch_operator' retrieved from /home/airflow/.local/lib/python3.8/site-packages/airflow/example_dags/example_branch_day_of_week_operator.py
[2026-07-16T05:32:47.366+0000] {logging_mixin.py:188} INFO - [2026-07-16T05:32:47.365+0000] {dag.py:3036} INFO - Sync 1 DAGs
[2026-07-16T05:32:47.385+0000] {logging_mixin.py:188} INFO - [2026-07-16T05:32:47.385+0000] {dag.py:3823} INFO - Setting next_dagrun for example_weekday_branch_operator to 2026-07-15 00:00:00+00:00, run_after=2026-07-16 00:00:00+00:00
[2026-07-16T05:32:47.419+0000] {processor.py:183} INFO - Processing /home/airflow/.local/lib/python3.8/site-packages/airflow/example_dags/example_branch_day_of_week_operator.py took 0.092 seconds
[2026-07-16T05:33:17.443+0000] {processor.py:161} INFO - Started process (PID=1340) to work on /home/airflow/.local/lib/python3.8/site-packages/airflow/example_dags/example_branch_day_of_week_operator.py
[2026-07-16T05:33:17.444+0000] {processor.py:830} INFO - Processing file /home/airflow/.local/lib/python3.8/site-packages/airflow/example_dags/example_branch_day_of_week_operator.py for tasks to queue
[2026-07-16T05:33:17.446+0000] {logging_mixin.py:188} INFO - [2026-07-16T05:33:17.445+0000] {dagbag.py:538} INFO - Filling up the DagBag from /home/airflow/.local/lib/python3.8/site-packages/airflow/example_dags/example_branch_day_of_week_operator.py
[2026-07-16T05:33:17.453+0000] {processor.py:840} INFO - DAG(s) 'example_weekday_branch_operator' retrieved from /home/airflow/.local/lib/python3.8/site-packages/airflow/example_dags/example_branch_day_of_week_operator.py
[2026-07-16T05:33:17.474+0000] {logging_mixin.py:188} INFO - [2026-07-16T05:33:17.474+0000] {dag.py:3036} INFO - Sync 1 DAGs
[2026-07-16T05:33:17.492+0000] {logging_mixin.py:188} INFO - [2026-07-16T05:33:17.491+0000] {dag.py:3823} INFO - Setting next_dagrun for example_weekday_branch_operator to 2026-07-15 00:00:00+00:00, run_after=2026-07-16 00:00:00+00:00
[2026-07-16T05:33:17.509+0000] {processor.py:183} INFO - Processing /home/airflow/.local/lib/python3.8/site-packages/airflow/example_dags/example_branch_day_of_week_operator.py took 0.070 seconds
[2026-07-16T05:33:47.736+0000] {processor.py:161} INFO - Started process (PID=1396) to work on /home/airflow/.local/lib/python3.8/site-packages/airflow/example_dags/example_branch_day_of_week_operator.py
[2026-07-16T05:33:47.737+0000] {processor.py:830} INFO - Processing file /home/airflow/.local/lib/python3.8/site-packages/airflow/example_dags/example_branch_day_of_week_operator.py for tasks to queue
[2026-07-16T05:33:47.739+0000] {logging_mixin.py:188} INFO - [2026-07-16T05:33:47.738+0000] {dagbag.py:538} INFO - Filling up the DagBag from /home/airflow/.local/lib/python3.8/site-packages/airflow/example_dags/example_branch_day_of_week_operator.py
[2026-07-16T05:33:47.746+0000] {processor.py:840} INFO - DAG(s) 'example_weekday_branch_operator' retrieved from /home/airflow/.local/lib/python3.8/site-packages/airflow/example_dags/example_branch_day_of_week_operator.py
[2026-07-16T05:33:47.766+0000] {logging_mixin.py:188} INFO - [2026-07-16T05:33:47.766+0000] {dag.py:3036} INFO - Sync 1 DAGs
[2026-07-16T05:33:47.783+0000] {logging_mixin.py:188} INFO - [2026-07-16T05:33:47.783+0000] {dag.py:3823} INFO - Setting next_dagrun for example_weekday_branch_operator to 2026-07-15 00:00:00+00:00, run_after=2026-07-16 00:00:00+00:00
[2026-07-16T05:33:47.799+0000] {processor.py:183} INFO - Processing /home/airflow/.local/lib/python3.8/site-packages/airflow/example_dags/example_branch_day_of_week_operator.py took 0.066 seconds
[2026-07-16T05:34:18.407+0000] {processor.py:161} INFO - Started process (PID=1452) to work on /home/airflow/.local/lib/python3.8/site-packages/airflow/example_dags/example_branch_day_of_week_operator.py
[2026-07-16T05:34:18.409+0000] {processor.py:830} INFO - Processing file /home/airflow/.local/lib/python3.8/site-packages/airflow/example_dags/example_branch_day_of_week_operator.py for tasks to queue
[2026-07-16T05:34:18.414+0000] {logging_mixin.py:188} INFO - [2026-07-16T05:34:18.414+0000] {dagbag.py:538} INFO - Filling up the DagBag from /home/airflow/.local/lib/python3.8/site-packages/airflow/example_dags/example_branch_day_of_week_operator.py
[2026-07-16T05:34:18.428+0000] {processor.py:840} INFO - DAG(s) 'example_weekday_branch_operator' retrieved from /home/airflow/.local/lib/python3.8/site-packages/airflow/example_dags/example_branch_day_of_week_operator.py
[2026-07-16T05:34:18.465+0000] {logging_mixin.py:188} INFO - [2026-07-16T05:34:18.464+0000] {dag.py:3036} INFO - Sync 1 DAGs
[2026-07-16T05:34:18.501+0000] {logging_mixin.py:188} INFO - [2026-07-16T05:34:18.500+0000] {dag.py:3823} INFO - Setting next_dagrun for example_weekday_branch_operator to 2026-07-15 00:00:00+00:00, run_after=2026-07-16 00:00:00+00:00
[2026-07-16T05:34:18.543+0000] {processor.py:183} INFO - Processing /home/airflow/.local/lib/python3.8/site-packages/airflow/example_dags/example_branch_day_of_week_operator.py took 0.145 seconds
[2026-07-16T05:34:48.749+0000] {processor.py:161} INFO - Started process (PID=1508) to work on /home/airflow/.local/lib/python3.8/site-packages/airflow/example_dags/example_branch_day_of_week_operator.py
[2026-07-16T05:34:48.751+0000] {processor.py:830} INFO - Processing file /home/airflow/.local/lib/python3.8/site-packages/airflow/example_dags/example_branch_day_of_week_operator.py for tasks to queue
[2026-07-16T05:34:48.753+0000] {logging_mixin.py:188} INFO - [2026-07-16T05:34:48.753+0000] {dagbag.py:538} INFO - Filling up the DagBag from /home/airflow/.local/lib/python3.8/site-packages/airflow/example_dags/example_branch_day_of_week_operator.py
[2026-07-16T05:34:48.761+0000] {processor.py:840} INFO - DAG(s) 'example_weekday_branch_operator' retrieved from /home/airflow/.local/lib/python3.8/site-packages/airflow/example_dags/example_branch_day_of_week_operator.py
[2026-07-16T05:34:48.783+0000] {logging_mixin.py:188} INFO - [2026-07-16T05:34:48.783+0000] {dag.py:3036} INFO - Sync 1 DAGs
[2026-07-16T05:34:48.805+0000] {logging_mixin.py:188} INFO - [2026-07-16T05:34:48.805+0000] {dag.py:3823} INFO - Setting next_dagrun for example_weekday_branch_operator to 2026-07-15 00:00:00+00:00, run_after=2026-07-16 00:00:00+00:00
[2026-07-16T05:34:48.827+0000] {processor.py:183} INFO - Processing /home/airflow/.local/lib/python3.8/site-packages/airflow/example_dags/example_branch_day_of_week_operator.py took 0.084 seconds
[2026-07-16T05:35:18.984+0000] {processor.py:161} INFO - Started process (PID=1564) to work on /home/airflow/.local/lib/python3.8/site-packages/airflow/example_dags/example_branch_day_of_week_operator.py
[2026-07-16T05:35:18.987+0000] {processor.py:830} INFO - Processing file /home/airflow/.local/lib/python3.8/site-packages/airflow/example_dags/example_branch_day_of_week_operator.py for tasks to queue
[2026-07-16T05:35:18.989+0000] {logging_mixin.py:188} INFO - [2026-07-16T05:35:18.989+0000] {dagbag.py:538} INFO - Filling up the DagBag from /home/airflow/.local/lib/python3.8/site-packages/airflow/example_dags/example_branch_day_of_week_operator.py
[2026-07-16T05:35:18.996+0000] {processor.py:840} INFO - DAG(s) 'example_weekday_branch_operator' retrieved from /home/airflow/.local/lib/python3.8/site-packages/airflow/example_dags/example_branch_day_of_week_operator.py
[2026-07-16T05:35:19.015+0000] {logging_mixin.py:188} INFO - [2026-07-16T05:35:19.015+0000] {dag.py:3036} INFO - Sync 1 DAGs
[2026-07-16T05:35:19.032+0000] {logging_mixin.py:188} INFO - [2026-07-16T05:35:19.032+0000] {dag.py:3823} INFO - Setting next_dagrun for example_weekday_branch_operator to 2026-07-15 00:00:00+00:00, run_after=2026-07-16 00:00:00+00:00
[2026-07-16T05:35:19.048+0000] {processor.py:183} INFO - Processing /home/airflow/.local/lib/python3.8/site-packages/airflow/example_dags/example_branch_day_of_week_operator.py took 0.066 seconds
[2026-07-16T05:35:49.802+0000] {processor.py:161} INFO - Started process (PID=1620) to work on /home/airflow/.local/lib/python3.8/site-packages/airflow/example_dags/example_branch_day_of_week_operator.py
[2026-07-16T05:35:49.804+0000] {processor.py:830} INFO - Processing file /home/airflow/.local/lib/python3.8/site-packages/airflow/example_dags/example_branch_day_of_week_operator.py for tasks to queue
[2026-07-16T05:35:49.806+0000] {logging_mixin.py:188} INFO - [2026-07-16T05:35:49.806+0000] {dagbag.py:538} INFO - Filling up the DagBag from /home/airflow/.local/lib/python3.8/site-packages/airflow/example_dags/example_branch_day_of_week_operator.py
[2026-07-16T05:35:49.813+0000] {processor.py:840} INFO - DAG(s) 'example_weekday_branch_operator' retrieved from /home/airflow/.local/lib/python3.8/site-packages/airflow/example_dags/example_branch_day_of_week_operator.py
[2026-07-16T05:35:49.835+0000] {logging_mixin.py:188} INFO - [2026-07-16T05:35:49.835+0000] {dag.py:3036} INFO - Sync 1 DAGs
[2026-07-16T05:35:49.854+0000] {logging_mixin.py:188} INFO - [2026-07-16T05:35:49.854+0000] {dag.py:3823} INFO - Setting next_dagrun for example_weekday_branch_operator to 2026-07-15 00:00:00+00:00, run_after=2026-07-16 00:00:00+00:00
[2026-07-16T05:35:49.875+0000] {processor.py:183} INFO - Processing /home/airflow/.local/lib/python3.8/site-packages/airflow/example_dags/example_branch_day_of_week_operator.py took 0.076 seconds
[2026-07-16T05:36:20.103+0000] {processor.py:161} INFO - Started process (PID=1677) to work on /home/airflow/.local/lib/python3.8/site-packages/airflow/example_dags/example_branch_day_of_week_operator.py
[2026-07-16T05:36:20.104+0000] {processor.py:830} INFO - Processing file /home/airflow/.local/lib/python3.8/site-packages/airflow/example_dags/example_branch_day_of_week_operator.py for tasks to queue
[2026-07-16T05:36:20.106+0000] {logging_mixin.py:188} INFO - [2026-07-16T05:36:20.106+0000] {dagbag.py:538} INFO - Filling up the DagBag from /home/airflow/.local/lib/python3.8/site-packages/airflow/example_dags/example_branch_day_of_week_operator.py
[2026-07-16T05:36:20.114+0000] {processor.py:840} INFO - DAG(s) 'example_weekday_branch_operator' retrieved from /home/airflow/.local/lib/python3.8/site-packages/airflow/example_dags/example_branch_day_of_week_operator.py
[2026-07-16T05:36:20.138+0000] {logging_mixin.py:188} INFO - [2026-07-16T05:36:20.138+0000] {dag.py:3036} INFO - Sync 1 DAGs
[2026-07-16T05:36:20.160+0000] {logging_mixin.py:188} INFO - [2026-07-16T05:36:20.159+0000] {dag.py:3823} INFO - Setting next_dagrun for example_weekday_branch_operator to 2026-07-15 00:00:00+00:00, run_after=2026-07-16 00:00:00+00:00
[2026-07-16T05:36:20.181+0000] {processor.py:183} INFO - Processing /home/airflow/.local/lib/python3.8/site-packages/airflow/example_dags/example_branch_day_of_week_operator.py took 0.083 seconds
[2026-07-16T05:36:50.505+0000] {processor.py:161} INFO - Started process (PID=1733) to work on /home/airflow/.local/lib/python3.8/site-packages/airflow/example_dags/example_branch_day_of_week_operator.py
[2026-07-16T05:36:50.506+0000] {processor.py:830} INFO - Processing file /home/airflow/.local/lib/python3.8/site-packages/airflow/example_dags/example_branch_day_of_week_operator.py for tasks to queue
[2026-07-16T05:36:50.508+0000] {logging_mixin.py:188} INFO - [2026-07-16T05:36:50.507+0000] {dagbag.py:538} INFO - Filling up the DagBag from /home/airflow/.local/lib/python3.8/site-packages/airflow/example_dags/example_branch_day_of_week_operator.py
[2026-07-16T05:36:50.515+0000] {processor.py:840} INFO - DAG(s) 'example_weekday_branch_operator' retrieved from /home/airflow/.local/lib/python3.8/site-packages/airflow/example_dags/example_branch_day_of_week_operator.py
[2026-07-16T05:36:50.538+0000] {logging_mixin.py:188} INFO - [2026-07-16T05:36:50.537+0000] {dag.py:3036} INFO - Sync 1 DAGs
[2026-07-16T05:36:50.562+0000] {logging_mixin.py:188} INFO - [2026-07-16T05:36:50.562+0000] {dag.py:3823} INFO - Setting next_dagrun for example_weekday_branch_operator to 2026-07-15 00:00:00+00:00, run_after=2026-07-16 00:00:00+00:00
[2026-07-16T05:36:50.578+0000] {processor.py:183} INFO - Processing /home/airflow/.local/lib/python3.8/site-packages/airflow/example_dags/example_branch_day_of_week_operator.py took 0.076 seconds
[2026-07-16T05:37:20.967+0000] {processor.py:161} INFO - Started process (PID=1783) to work on /home/airflow/.local/lib/python3.8/site-packages/airflow/example_dags/example_branch_day_of_week_operator.py
[2026-07-16T05:37:20.968+0000] {processor.py:830} INFO - Processing file /home/airflow/.local/lib/python3.8/site-packages/airflow/example_dags/example_branch_day_of_week_operator.py for tasks to queue
[2026-07-16T05:37:20.970+0000] {logging_mixin.py:188} INFO - [2026-07-16T05:37:20.970+0000] {dagbag.py:538} INFO - Filling up the DagBag from /home/airflow/.local/lib/python3.8/site-packages/airflow/example_dags/example_branch_day_of_week_operator.py
[2026-07-16T05:37:20.976+0000] {processor.py:840} INFO - DAG(s) 'example_weekday_branch_operator' retrieved from /home/airflow/.local/lib/python3.8/site-packages/airflow/example_dags/example_branch_day_of_week_operator.py
[2026-07-16T05:37:20.994+0000] {logging_mixin.py:188} INFO - [2026-07-16T05:37:20.994+0000] {dag.py:3036} INFO - Sync 1 DAGs
[2026-07-16T05:37:21.011+0000] {logging_mixin.py:188} INFO - [2026-07-16T05:37:21.011+0000] {dag.py:3823} INFO - Setting next_dagrun for example_weekday_branch_operator to 2026-07-15 00:00:00+00:00, run_after=2026-07-16 00:00:00+00:00
[2026-07-16T05:37:21.026+0000] {processor.py:183} INFO - Processing /home/airflow/.local/lib/python3.8/site-packages/airflow/example_dags/example_branch_day_of_week_operator.py took 0.062 seconds
[2026-07-16T05:37:51.255+0000] {processor.py:161} INFO - Started process (PID=1839) to work on /home/airflow/.local/lib/python3.8/site-packages/airflow/example_dags/example_branch_day_of_week_operator.py
[2026-07-16T05:37:51.256+0000] {processor.py:830} INFO - Processing file /home/airflow/.local/lib/python3.8/site-packages/airflow/example_dags/example_branch_day_of_week_operator.py for tasks to queue
[2026-07-16T05:37:51.258+0000] {logging_mixin.py:188} INFO - [2026-07-16T05:37:51.257+0000] {dagbag.py:538} INFO - Filling up the DagBag from /home/airflow/.local/lib/python3.8/site-packages/airflow/example_dags/example_branch_day_of_week_operator.py
[2026-07-16T05:37:51.267+0000] {processor.py:840} INFO - DAG(s) 'example_weekday_branch_operator' retrieved from /home/airflow/.local/lib/python3.8/site-packages/airflow/example_dags/example_branch_day_of_week_operator.py
[2026-07-16T05:37:51.291+0000] {logging_mixin.py:188} INFO - [2026-07-16T05:37:51.291+0000] {dag.py:3036} INFO - Sync 1 DAGs
[2026-07-16T05:37:51.314+0000] {logging_mixin.py:188} INFO - [2026-07-16T05:37:51.314+0000] {dag.py:3823} INFO - Setting next_dagrun for example_weekday_branch_operator to 2026-07-15 00:00:00+00:00, run_after=2026-07-16 00:00:00+00:00
[2026-07-16T05:37:51.336+0000] {processor.py:183} INFO - Processing /home/airflow/.local/lib/python3.8/site-packages/airflow/example_dags/example_branch_day_of_week_operator.py took 0.085 seconds
[2026-07-16T05:38:21.550+0000] {processor.py:161} INFO - Started process (PID=1895) to work on /home/airflow/.local/lib/python3.8/site-packages/airflow/example_dags/example_branch_day_of_week_operator.py
[2026-07-16T05:38:21.554+0000] {processor.py:830} INFO - Processing file /home/airflow/.local/lib/python3.8/site-packages/airflow/example_dags/example_branch_day_of_week_operator.py for tasks to queue
[2026-07-16T05:38:21.558+0000] {logging_mixin.py:188} INFO - [2026-07-16T05:38:21.558+0000] {dagbag.py:538} INFO - Filling up the DagBag from /home/airflow/.local/lib/python3.8/site-packages/airflow/example_dags/example_branch_day_of_week_operator.py
[2026-07-16T05:38:21.568+0000] {processor.py:840} INFO - DAG(s) 'example_weekday_branch_operator' retrieved from /home/airflow/.local/lib/python3.8/site-packages/airflow/example_dags/example_branch_day_of_week_operator.py
[2026-07-16T05:38:21.593+0000] {logging_mixin.py:188} INFO - [2026-07-16T05:38:21.593+0000] {dag.py:3036} INFO - Sync 1 DAGs
[2026-07-16T05:38:21.617+0000] {logging_mixin.py:188} INFO - [2026-07-16T05:38:21.617+0000] {dag.py:3823} INFO - Setting next_dagrun for example_weekday_branch_operator to 2026-07-15 00:00:00+00:00, run_after=2026-07-16 00:00:00+00:00
[2026-07-16T05:38:21.639+0000] {processor.py:183} INFO - Processing /home/airflow/.local/lib/python3.8/site-packages/airflow/example_dags/example_branch_day_of_week_operator.py took 0.097 seconds
[2026-07-16T05:38:51.868+0000] {processor.py:161} INFO - Started process (PID=1951) to work on /home/airflow/.local/lib/python3.8/site-packages/airflow/example_dags/example_branch_day_of_week_operator.py
[2026-07-16T05:38:51.871+0000] {processor.py:830} INFO - Processing file /home/airflow/.local/lib/python3.8/site-packages/airflow/example_dags/example_branch_day_of_week_operator.py for tasks to queue
[2026-07-16T05:38:51.873+0000] {logging_mixin.py:188} INFO - [2026-07-16T05:38:51.873+0000] {dagbag.py:538} INFO - Filling up the DagBag from /home/airflow/.local/lib/python3.8/site-packages/airflow/example_dags/example_branch_day_of_week_operator.py
[2026-07-16T05:38:51.880+0000] {processor.py:840} INFO - DAG(s) 'example_weekday_branch_operator' retrieved from /home/airflow/.local/lib/python3.8/site-packages/airflow/example_dags/example_branch_day_of_week_operator.py
[2026-07-16T05:38:51.900+0000] {logging_mixin.py:188} INFO - [2026-07-16T05:38:51.900+0000] {dag.py:3036} INFO - Sync 1 DAGs
[2026-07-16T05:38:51.919+0000] {logging_mixin.py:188} INFO - [2026-07-16T05:38:51.919+0000] {dag.py:3823} INFO - Setting next_dagrun for example_weekday_branch_operator to 2026-07-15 00:00:00+00:00, run_after=2026-07-16 00:00:00+00:00
[2026-07-16T05:38:51.937+0000] {processor.py:183} INFO - Processing /home/airflow/.local/lib/python3.8/site-packages/airflow/example_dags/example_branch_day_of_week_operator.py took 0.071 seconds
[2026-07-16T05:39:22.171+0000] {processor.py:161} INFO - Started process (PID=2007) to work on /home/airflow/.local/lib/python3.8/site-packages/airflow/example_dags/example_branch_day_of_week_operator.py
[2026-07-16T05:39:22.173+0000] {processor.py:830} INFO - Processing file /home/airflow/.local/lib/python3.8/site-packages/airflow/example_dags/example_branch_day_of_week_operator.py for tasks to queue
[2026-07-16T05:39:22.175+0000] {logging_mixin.py:188} INFO - [2026-07-16T05:39:22.175+0000] {dagbag.py:538} INFO - Filling up the DagBag from /home/airflow/.local/lib/python3.8/site-packages/airflow/example_dags/example_branch_day_of_week_operator.py
[2026-07-16T05:39:22.182+0000] {processor.py:840} INFO - DAG(s) 'example_weekday_branch_operator' retrieved from /home/airflow/.local/lib/python3.8/site-packages/airflow/example_dags/example_branch_day_of_week_operator.py
[2026-07-16T05:39:22.204+0000] {logging_mixin.py:188} INFO - [2026-07-16T05:39:22.204+0000] {dag.py:3036} INFO - Sync 1 DAGs
[2026-07-16T05:39:22.227+0000] {logging_mixin.py:188} INFO - [2026-07-16T05:39:22.227+0000] {dag.py:3823} INFO - Setting next_dagrun for example_weekday_branch_operator to 2026-07-15 00:00:00+00:00, run_after=2026-07-16 00:00:00+00:00
[2026-07-16T05:39:22.247+0000] {processor.py:183} INFO - Processing /home/airflow/.local/lib/python3.8/site-packages/airflow/example_dags/example_branch_day_of_week_operator.py took 0.079 seconds
[2026-07-16T05:39:52.381+0000] {processor.py:161} INFO - Started process (PID=2063) to work on /home/airflow/.local/lib/python3.8/site-packages/airflow/example_dags/example_branch_day_of_week_operator.py
[2026-07-16T05:39:52.382+0000] {processor.py:830} INFO - Processing file /home/airflow/.local/lib/python3.8/site-packages/airflow/example_dags/example_branch_day_of_week_operator.py for tasks to queue
[2026-07-16T05:39:52.384+0000] {logging_mixin.py:188} INFO - [2026-07-16T05:39:52.384+0000] {dagbag.py:538} INFO - Filling up the DagBag from /home/airflow/.local/lib/python3.8/site-packages/airflow/example_dags/example_branch_day_of_week_operator.py
[2026-07-16T05:39:52.392+0000] {processor.py:840} INFO - DAG(s) 'example_weekday_branch_operator' retrieved from /home/airflow/.local/lib/python3.8/site-packages/airflow/example_dags/example_branch_day_of_week_operator.py
[2026-07-16T05:39:52.415+0000] {logging_mixin.py:188} INFO - [2026-07-16T05:39:52.414+0000] {dag.py:3036} INFO - Sync 1 DAGs
[2026-07-16T05:39:52.438+0000] {logging_mixin.py:188} INFO - [2026-07-16T05:39:52.437+0000] {dag.py:3823} INFO - Setting next_dagrun for example_weekday_branch_operator to 2026-07-15 00:00:00+00:00, run_after=2026-07-16 00:00:00+00:00
[2026-07-16T05:39:52.457+0000] {processor.py:183} INFO - Processing /home/airflow/.local/lib/python3.8/site-packages/airflow/example_dags/example_branch_day_of_week_operator.py took 0.079 seconds
[2026-07-16T05:40:22.530+0000] {processor.py:161} INFO - Started process (PID=2119) to work on /home/airflow/.local/lib/python3.8/site-packages/airflow/example_dags/example_branch_day_of_week_operator.py
[2026-07-16T05:40:22.532+0000] {processor.py:830} INFO - Processing file /home/airflow/.local/lib/python3.8/site-packages/airflow/example_dags/example_branch_day_of_week_operator.py for tasks to queue
[2026-07-16T05:40:22.534+0000] {logging_mixin.py:188} INFO - [2026-07-16T05:40:22.533+0000] {dagbag.py:538} INFO - Filling up the DagBag from /home/airflow/.local/lib/python3.8/site-packages/airflow/example_dags/example_branch_day_of_week_operator.py
[2026-07-16T05:40:22.545+0000] {processor.py:840} INFO - DAG(s) 'example_weekday_branch_operator' retrieved from /home/airflow/.local/lib/python3.8/site-packages/airflow/example_dags/example_branch_day_of_week_operator.py
[2026-07-16T05:40:22.571+0000] {logging_mixin.py:188} INFO - [2026-07-16T05:40:22.571+0000] {dag.py:3036} INFO - Sync 1 DAGs
[2026-07-16T05:40:22.593+0000] {logging_mixin.py:188} INFO - [2026-07-16T05:40:22.593+0000] {dag.py:3823} INFO - Setting next_dagrun for example_weekday_branch_operator to 2026-07-15 00:00:00+00:00, run_after=2026-07-16 00:00:00+00:00
[2026-07-16T05:40:22.630+0000] {processor.py:183} INFO - Processing /home/airflow/.local/lib/python3.8/site-packages/airflow/example_dags/example_branch_day_of_week_operator.py took 0.103 seconds
[2026-07-16T05:40:52.749+0000] {processor.py:161} INFO - Started process (PID=2175) to work on /home/airflow/.local/lib/python3.8/site-packages/airflow/example_dags/example_branch_day_of_week_operator.py
[2026-07-16T05:40:52.751+0000] {processor.py:830} INFO - Processing file /home/airflow/.local/lib/python3.8/site-packages/airflow/example_dags/example_branch_day_of_week_operator.py for tasks to queue
[2026-07-16T05:40:52.756+0000] {logging_mixin.py:188} INFO - [2026-07-16T05:40:52.755+0000] {dagbag.py:538} INFO - Filling up the DagBag from /home/airflow/.local/lib/python3.8/site-packages/airflow/example_dags/example_branch_day_of_week_operator.py
[2026-07-16T05:40:52.775+0000] {processor.py:840} INFO - DAG(s) 'example_weekday_branch_operator' retrieved from /home/airflow/.local/lib/python3.8/site-packages/airflow/example_dags/example_branch_day_of_week_operator.py
[2026-07-16T05:40:52.822+0000] {logging_mixin.py:188} INFO - [2026-07-16T05:40:52.822+0000] {dag.py:3036} INFO - Sync 1 DAGs
[2026-07-16T05:40:52.859+0000] {logging_mixin.py:188} INFO - [2026-07-16T05:40:52.859+0000] {dag.py:3823} INFO - Setting next_dagrun for example_weekday_branch_operator to 2026-07-15 00:00:00+00:00, run_after=2026-07-16 00:00:00+00:00
[2026-07-16T05:40:52.902+0000] {processor.py:183} INFO - Processing /home/airflow/.local/lib/python3.8/site-packages/airflow/example_dags/example_branch_day_of_week_operator.py took 0.164 seconds
[2026-07-16T05:41:23.219+0000] {processor.py:161} INFO - Started process (PID=2231) to work on /home/airflow/.local/lib/python3.8/site-packages/airflow/example_dags/example_branch_day_of_week_operator.py
[2026-07-16T05:41:23.221+0000] {processor.py:830} INFO - Processing file /home/airflow/.local/lib/python3.8/site-packages/airflow/example_dags/example_branch_day_of_week_operator.py for tasks to queue
[2026-07-16T05:41:23.222+0000] {logging_mixin.py:188} INFO - [2026-07-16T05:41:23.222+0000] {dagbag.py:538} INFO - Filling up the DagBag from /home/airflow/.local/lib/python3.8/site-packages/airflow/example_dags/example_branch_day_of_week_operator.py
[2026-07-16T05:41:23.228+0000] {processor.py:840} INFO - DAG(s) 'example_weekday_branch_operator' retrieved from /home/airflow/.local/lib/python3.8/site-packages/airflow/example_dags/example_branch_day_of_week_operator.py
[2026-07-16T05:41:23.246+0000] {logging_mixin.py:188} INFO - [2026-07-16T05:41:23.246+0000] {dag.py:3036} INFO - Sync 1 DAGs
[2026-07-16T05:41:23.264+0000] {logging_mixin.py:188} INFO - [2026-07-16T05:41:23.263+0000] {dag.py:3823} INFO - Setting next_dagrun for example_weekday_branch_operator to 2026-07-15 00:00:00+00:00, run_after=2026-07-16 00:00:00+00:00
[2026-07-16T05:41:23.279+0000] {processor.py:183} INFO - Processing /home/airflow/.local/lib/python3.8/site-packages/airflow/example_dags/example_branch_day_of_week_operator.py took 0.063 seconds
[2026-07-16T05:41:53.973+0000] {processor.py:161} INFO - Started process (PID=2287) to work on /home/airflow/.local/lib/python3.8/site-packages/airflow/example_dags/example_branch_day_of_week_operator.py
[2026-07-16T05:41:53.974+0000] {processor.py:830} INFO - Processing file /home/airflow/.local/lib/python3.8/site-packages/airflow/example_dags/example_branch_day_of_week_operator.py for tasks to queue
[2026-07-16T05:41:53.976+0000] {logging_mixin.py:188} INFO - [2026-07-16T05:41:53.975+0000] {dagbag.py:538} INFO - Filling up the DagBag from /home/airflow/.local/lib/python3.8/site-packages/airflow/example_dags/example_branch_day_of_week_operator.py
[2026-07-16T05:41:53.982+0000] {processor.py:840} INFO - DAG(s) 'example_weekday_branch_operator' retrieved from /home/airflow/.local/lib/python3.8/site-packages/airflow/example_dags/example_branch_day_of_week_operator.py
[2026-07-16T05:41:54.003+0000] {logging_mixin.py:188} INFO - [2026-07-16T05:41:54.003+0000] {dag.py:3036} INFO - Sync 1 DAGs
[2026-07-16T05:41:54.022+0000] {logging_mixin.py:188} INFO - [2026-07-16T05:41:54.021+0000] {dag.py:3823} INFO - Setting next_dagrun for example_weekday_branch_operator to 2026-07-15 00:00:00+00:00, run_after=2026-07-16 00:00:00+00:00
[2026-07-16T05:41:54.038+0000] {processor.py:183} INFO - Processing /home/airflow/.local/lib/python3.8/site-packages/airflow/example_dags/example_branch_day_of_week_operator.py took 0.069 seconds
[2026-07-16T05:42:24.351+0000] {processor.py:161} INFO - Started process (PID=2343) to work on /home/airflow/.local/lib/python3.8/site-packages/airflow/example_dags/example_branch_day_of_week_operator.py
[2026-07-16T05:42:24.352+0000] {processor.py:830} INFO - Processing file /home/airflow/.local/lib/python3.8/site-packages/airflow/example_dags/example_branch_day_of_week_operator.py for tasks to queue
[2026-07-16T05:42:24.354+0000] {logging_mixin.py:188} INFO - [2026-07-16T05:42:24.354+0000] {dagbag.py:538} INFO - Filling up the DagBag from /home/airflow/.local/lib/python3.8/site-packages/airflow/example_dags/example_branch_day_of_week_operator.py
[2026-07-16T05:42:24.362+0000] {processor.py:840} INFO - DAG(s) 'example_weekday_branch_operator' retrieved from /home/airflow/.local/lib/python3.8/site-packages/airflow/example_dags/example_branch_day_of_week_operator.py
[2026-07-16T05:42:24.383+0000] {logging_mixin.py:188} INFO - [2026-07-16T05:42:24.382+0000] {dag.py:3036} INFO - Sync 1 DAGs
[2026-07-16T05:42:24.401+0000] {logging_mixin.py:188} INFO - [2026-07-16T05:42:24.401+0000] {dag.py:3823} INFO - Setting next_dagrun for example_weekday_branch_operator to 2026-07-15 00:00:00+00:00, run_after=2026-07-16 00:00:00+00:00
[2026-07-16T05:42:24.416+0000] {processor.py:183} INFO - Processing /home/airflow/.local/lib/python3.8/site-packages/airflow/example_dags/example_branch_day_of_week_operator.py took 0.069 seconds
[2026-07-16T05:42:54.499+0000] {processor.py:161} INFO - Started process (PID=2399) to work on /home/airflow/.local/lib/python3.8/site-packages/airflow/example_dags/example_branch_day_of_week_operator.py
[2026-07-16T05:42:54.500+0000] {processor.py:830} INFO - Processing file /home/airflow/.local/lib/python3.8/site-packages/airflow/example_dags/example_branch_day_of_week_operator.py for tasks to queue
[2026-07-16T05:42:54.502+0000] {logging_mixin.py:188} INFO - [2026-07-16T05:42:54.502+0000] {dagbag.py:538} INFO - Filling up the DagBag from /home/airflow/.local/lib/python3.8/site-packages/airflow/example_dags/example_branch_day_of_week_operator.py
[2026-07-16T05:42:54.510+0000] {processor.py:840} INFO - DAG(s) 'example_weekday_branch_operator' retrieved from /home/airflow/.local/lib/python3.8/site-packages/airflow/example_dags/example_branch_day_of_week_operator.py
[2026-07-16T05:42:54.532+0000] {logging_mixin.py:188} INFO - [2026-07-16T05:42:54.532+0000] {dag.py:3036} INFO - Sync 1 DAGs
[2026-07-16T05:42:54.553+0000] {logging_mixin.py:188} INFO - [2026-07-16T05:42:54.552+0000] {dag.py:3823} INFO - Setting next_dagrun for example_weekday_branch_operator to 2026-07-15 00:00:00+00:00, run_after=2026-07-16 00:00:00+00:00
[2026-07-16T05:42:54.571+0000] {processor.py:183} INFO - Processing /home/airflow/.local/lib/python3.8/site-packages/airflow/example_dags/example_branch_day_of_week_operator.py took 0.075 seconds
[2026-07-16T05:43:24.980+0000] {processor.py:161} INFO - Started process (PID=2455) to work on /home/airflow/.local/lib/python3.8/site-packages/airflow/example_dags/example_branch_day_of_week_operator.py
[2026-07-16T05:43:24.981+0000] {processor.py:830} INFO - Processing file /home/airflow/.local/lib/python3.8/site-packages/airflow/example_dags/example_branch_day_of_week_operator.py for tasks to queue
[2026-07-16T05:43:24.983+0000] {logging_mixin.py:188} INFO - [2026-07-16T05:43:24.983+0000] {dagbag.py:538} INFO - Filling up the DagBag from /home/airflow/.local/lib/python3.8/site-packages/airflow/example_dags/example_branch_day_of_week_operator.py
[2026-07-16T05:43:24.989+0000] {processor.py:840} INFO - DAG(s) 'example_weekday_branch_operator' retrieved from /home/airflow/.local/lib/python3.8/site-packages/airflow/example_dags/example_branch_day_of_week_operator.py
[2026-07-16T05:43:25.010+0000] {logging_mixin.py:188} INFO - [2026-07-16T05:43:25.010+0000] {dag.py:3036} INFO - Sync 1 DAGs
[2026-07-16T05:43:25.027+0000] {logging_mixin.py:188} INFO - [2026-07-16T05:43:25.027+0000] {dag.py:3823} INFO - Setting next_dagrun for example_weekday_branch_operator to 2026-07-15 00:00:00+00:00, run_after=2026-07-16 00:00:00+00:00
[2026-07-16T05:43:25.042+0000] {processor.py:183} INFO - Processing /home/airflow/.local/lib/python3.8/site-packages/airflow/example_dags/example_branch_day_of_week_operator.py took 0.065 seconds
[2026-07-16T05:43:55.379+0000] {processor.py:161} INFO - Started process (PID=2511) to work on /home/airflow/.local/lib/python3.8/site-packages/airflow/example_dags/example_branch_day_of_week_operator.py
[2026-07-16T05:43:55.380+0000] {processor.py:830} INFO - Processing file /home/airflow/.local/lib/python3.8/site-packages/airflow/example_dags/example_branch_day_of_week_operator.py for tasks to queue
[2026-07-16T05:43:55.382+0000] {logging_mixin.py:188} INFO - [2026-07-16T05:43:55.382+0000] {dagbag.py:538} INFO - Filling up the DagBag from /home/airflow/.local/lib/python3.8/site-packages/airflow/example_dags/example_branch_day_of_week_operator.py
[2026-07-16T05:43:55.389+0000] {processor.py:840} INFO - DAG(s) 'example_weekday_branch_operator' retrieved from /home/airflow/.local/lib/python3.8/site-packages/airflow/example_dags/example_branch_day_of_week_operator.py
[2026-07-16T05:43:55.410+0000] {logging_mixin.py:188} INFO - [2026-07-16T05:43:55.410+0000] {dag.py:3036} INFO - Sync 1 DAGs
[2026-07-16T05:43:55.428+0000] {logging_mixin.py:188} INFO - [2026-07-16T05:43:55.428+0000] {dag.py:3823} INFO - Setting next_dagrun for example_weekday_branch_operator to 2026-07-15 00:00:00+00:00, run_after=2026-07-16 00:00:00+00:00
[2026-07-16T05:43:55.444+0000] {processor.py:183} INFO - Processing /home/airflow/.local/lib/python3.8/site-packages/airflow/example_dags/example_branch_day_of_week_operator.py took 0.068 seconds
[2026-07-16T05:44:25.879+0000] {processor.py:161} INFO - Started process (PID=2567) to work on /home/airflow/.local/lib/python3.8/site-packages/airflow/example_dags/example_branch_day_of_week_operator.py
[2026-07-16T05:44:25.880+0000] {processor.py:830} INFO - Processing file /home/airflow/.local/lib/python3.8/site-packages/airflow/example_dags/example_branch_day_of_week_operator.py for tasks to queue
[2026-07-16T05:44:25.881+0000] {logging_mixin.py:188} INFO - [2026-07-16T05:44:25.881+0000] {dagbag.py:538} INFO - Filling up the DagBag from /home/airflow/.local/lib/python3.8/site-packages/airflow/example_dags/example_branch_day_of_week_operator.py
[2026-07-16T05:44:25.888+0000] {processor.py:840} INFO - DAG(s) 'example_weekday_branch_operator' retrieved from /home/airflow/.local/lib/python3.8/site-packages/airflow/example_dags/example_branch_day_of_week_operator.py
[2026-07-16T05:44:25.907+0000] {logging_mixin.py:188} INFO - [2026-07-16T05:44:25.906+0000] {dag.py:3036} INFO - Sync 1 DAGs
[2026-07-16T05:44:25.924+0000] {logging_mixin.py:188} INFO - [2026-07-16T05:44:25.923+0000] {dag.py:3823} INFO - Setting next_dagrun for example_weekday_branch_operator to 2026-07-15 00:00:00+00:00, run_after=2026-07-16 00:00:00+00:00
[2026-07-16T05:44:25.938+0000] {processor.py:183} INFO - Processing /home/airflow/.local/lib/python3.8/site-packages/airflow/example_dags/example_branch_day_of_week_operator.py took 0.063 seconds
[2026-07-16T05:44:55.982+0000] {processor.py:161} INFO - Started process (PID=2621) to work on /home/airflow/.local/lib/python3.8/site-packages/airflow/example_dags/example_branch_day_of_week_operator.py
[2026-07-16T05:44:55.983+0000] {processor.py:830} INFO - Processing file /home/airflow/.local/lib/python3.8/site-packages/airflow/example_dags/example_branch_day_of_week_operator.py for tasks to queue
[2026-07-16T05:44:55.985+0000] {logging_mixin.py:188} INFO - [2026-07-16T05:44:55.985+0000] {dagbag.py:538} INFO - Filling up the DagBag from /home/airflow/.local/lib/python3.8/site-packages/airflow/example_dags/example_branch_day_of_week_operator.py
[2026-07-16T05:44:55.992+0000] {processor.py:840} INFO - DAG(s) 'example_weekday_branch_operator' retrieved from /home/airflow/.local/lib/python3.8/site-packages/airflow/example_dags/example_branch_day_of_week_operator.py
[2026-07-16T05:44:56.011+0000] {logging_mixin.py:188} INFO - [2026-07-16T05:44:56.010+0000] {dag.py:3036} INFO - Sync 1 DAGs
[2026-07-16T05:44:56.030+0000] {logging_mixin.py:188} INFO - [2026-07-16T05:44:56.030+0000] {dag.py:3823} INFO - Setting next_dagrun for example_weekday_branch_operator to 2026-07-15 00:00:00+00:00, run_after=2026-07-16 00:00:00+00:00
[2026-07-16T05:44:56.065+0000] {processor.py:183} INFO - Processing /home/airflow/.local/lib/python3.8/site-packages/airflow/example_dags/example_branch_day_of_week_operator.py took 0.086 seconds
[2026-07-16T05:45:26.126+0000] {processor.py:161} INFO - Started process (PID=2676) to work on /home/airflow/.local/lib/python3.8/site-packages/airflow/example_dags/example_branch_day_of_week_operator.py
[2026-07-16T05:45:26.126+0000] {processor.py:830} INFO - Processing file /home/airflow/.local/lib/python3.8/site-packages/airflow/example_dags/example_branch_day_of_week_operator.py for tasks to queue
[2026-07-16T05:45:26.128+0000] {logging_mixin.py:188} INFO - [2026-07-16T05:45:26.128+0000] {dagbag.py:538} INFO - Filling up the DagBag from /home/airflow/.local/lib/python3.8/site-packages/airflow/example_dags/example_branch_day_of_week_operator.py
[2026-07-16T05:45:26.134+0000] {processor.py:840} INFO - DAG(s) 'example_weekday_branch_operator' retrieved from /home/airflow/.local/lib/python3.8/site-packages/airflow/example_dags/example_branch_day_of_week_operator.py
[2026-07-16T05:45:26.150+0000] {logging_mixin.py:188} INFO - [2026-07-16T05:45:26.150+0000] {dag.py:3036} INFO - Sync 1 DAGs
[2026-07-16T05:45:26.165+0000] {logging_mixin.py:188} INFO - [2026-07-16T05:45:26.165+0000] {dag.py:3823} INFO - Setting next_dagrun for example_weekday_branch_operator to 2026-07-15 00:00:00+00:00, run_after=2026-07-16 00:00:00+00:00
[2026-07-16T05:45:26.181+0000] {processor.py:183} INFO - Processing /home/airflow/.local/lib/python3.8/site-packages/airflow/example_dags/example_branch_day_of_week_operator.py took 0.058 seconds
[2026-07-16T05:45:57.092+0000] {processor.py:161} INFO - Started process (PID=2732) to work on /home/airflow/.local/lib/python3.8/site-packages/airflow/example_dags/example_branch_day_of_week_operator.py
[2026-07-16T05:45:57.095+0000] {processor.py:830} INFO - Processing file /home/airflow/.local/lib/python3.8/site-packages/airflow/example_dags/example_branch_day_of_week_operator.py for tasks to queue
[2026-07-16T05:45:57.096+0000] {logging_mixin.py:188} INFO - [2026-07-16T05:45:57.096+0000] {dagbag.py:538} INFO - Filling up the DagBag from /home/airflow/.local/lib/python3.8/site-packages/airflow/example_dags/example_branch_day_of_week_operator.py
[2026-07-16T05:45:57.102+0000] {processor.py:840} INFO - DAG(s) 'example_weekday_branch_operator' retrieved from /home/airflow/.local/lib/python3.8/site-packages/airflow/example_dags/example_branch_day_of_week_operator.py
[2026-07-16T05:45:57.119+0000] {logging_mixin.py:188} INFO - [2026-07-16T05:45:57.119+0000] {dag.py:3036} INFO - Sync 1 DAGs
[2026-07-16T05:45:57.136+0000] {logging_mixin.py:188} INFO - [2026-07-16T05:45:57.136+0000] {dag.py:3823} INFO - Setting next_dagrun for example_weekday_branch_operator to 2026-07-15 00:00:00+00:00, run_after=2026-07-16 00:00:00+00:00
[2026-07-16T05:45:57.155+0000] {processor.py:183} INFO - Processing /home/airflow/.local/lib/python3.8/site-packages/airflow/example_dags/example_branch_day_of_week_operator.py took 0.065 seconds
[2026-07-16T05:46:27.330+0000] {processor.py:161} INFO - Started process (PID=2788) to work on /home/airflow/.local/lib/python3.8/site-packages/airflow/example_dags/example_branch_day_of_week_operator.py
[2026-07-16T05:46:27.332+0000] {processor.py:830} INFO - Processing file /home/airflow/.local/lib/python3.8/site-packages/airflow/example_dags/example_branch_day_of_week_operator.py for tasks to queue
[2026-07-16T05:46:27.335+0000] {logging_mixin.py:188} INFO - [2026-07-16T05:46:27.334+0000] {dagbag.py:538} INFO - Filling up the DagBag from /home/airflow/.local/lib/python3.8/site-packages/airflow/example_dags/example_branch_day_of_week_operator.py
[2026-07-16T05:46:27.342+0000] {processor.py:840} INFO - DAG(s) 'example_weekday_branch_operator' retrieved from /home/airflow/.local/lib/python3.8/site-packages/airflow/example_dags/example_branch_day_of_week_operator.py
[2026-07-16T05:46:27.361+0000] {logging_mixin.py:188} INFO - [2026-07-16T05:46:27.361+0000] {dag.py:3036} INFO - Sync 1 DAGs
[2026-07-16T05:46:27.380+0000] {logging_mixin.py:188} INFO - [2026-07-16T05:46:27.380+0000] {dag.py:3823} INFO - Setting next_dagrun for example_weekday_branch_operator to 2026-07-15 00:00:00+00:00, run_after=2026-07-16 00:00:00+00:00
[2026-07-16T05:46:27.399+0000] {processor.py:183} INFO - Processing /home/airflow/.local/lib/python3.8/site-packages/airflow/example_dags/example_branch_day_of_week_operator.py took 0.073 seconds
[2026-07-16T05:46:57.751+0000] {processor.py:161} INFO - Started process (PID=2844) to work on /home/airflow/.local/lib/python3.8/site-packages/airflow/example_dags/example_branch_day_of_week_operator.py
[2026-07-16T05:46:57.754+0000] {processor.py:830} INFO - Processing file /home/airflow/.local/lib/python3.8/site-packages/airflow/example_dags/example_branch_day_of_week_operator.py for tasks to queue
[2026-07-16T05:46:57.756+0000] {logging_mixin.py:188} INFO - [2026-07-16T05:46:57.755+0000] {dagbag.py:538} INFO - Filling up the DagBag from /home/airflow/.local/lib/python3.8/site-packages/airflow/example_dags/example_branch_day_of_week_operator.py
[2026-07-16T05:46:57.763+0000] {processor.py:840} INFO - DAG(s) 'example_weekday_branch_operator' retrieved from /home/airflow/.local/lib/python3.8/site-packages/airflow/example_dags/example_branch_day_of_week_operator.py
[2026-07-16T05:46:57.779+0000] {logging_mixin.py:188} INFO - [2026-07-16T05:46:57.779+0000] {dag.py:3036} INFO - Sync 1 DAGs
[2026-07-16T05:46:57.902+0000] {logging_mixin.py:188} INFO - [2026-07-16T05:46:57.902+0000] {dag.py:3823} INFO - Setting next_dagrun for example_weekday_branch_operator to 2026-07-15 00:00:00+00:00, run_after=2026-07-16 00:00:00+00:00
[2026-07-16T05:46:57.921+0000] {processor.py:183} INFO - Processing /home/airflow/.local/lib/python3.8/site-packages/airflow/example_dags/example_branch_day_of_week_operator.py took 0.174 seconds
[2026-07-16T05:47:28.337+0000] {processor.py:161} INFO - Started process (PID=2900) to work on /home/airflow/.local/lib/python3.8/site-packages/airflow/example_dags/example_branch_day_of_week_operator.py
[2026-07-16T05:47:28.338+0000] {processor.py:830} INFO - Processing file /home/airflow/.local/lib/python3.8/site-packages/airflow/example_dags/example_branch_day_of_week_operator.py for tasks to queue
[2026-07-16T05:47:28.340+0000] {logging_mixin.py:188} INFO - [2026-07-16T05:47:28.339+0000] {dagbag.py:538} INFO - Filling up the DagBag from /home/airflow/.local/lib/python3.8/site-packages/airflow/example_dags/example_branch_day_of_week_operator.py
[2026-07-16T05:47:28.346+0000] {processor.py:840} INFO - DAG(s) 'example_weekday_branch_operator' retrieved from /home/airflow/.local/lib/python3.8/site-packages/airflow/example_dags/example_branch_day_of_week_operator.py
[2026-07-16T05:47:28.364+0000] {logging_mixin.py:188} INFO - [2026-07-16T05:47:28.364+0000] {dag.py:3036} INFO - Sync 1 DAGs
[2026-07-16T05:47:28.381+0000] {logging_mixin.py:188} INFO - [2026-07-16T05:47:28.381+0000] {dag.py:3823} INFO - Setting next_dagrun for example_weekday_branch_operator to 2026-07-15 00:00:00+00:00, run_after=2026-07-16 00:00:00+00:00
[2026-07-16T05:47:28.509+0000] {processor.py:183} INFO - Processing /home/airflow/.local/lib/python3.8/site-packages/airflow/example_dags/example_branch_day_of_week_operator.py took 0.175 seconds
[2026-07-16T05:47:59.534+0000] {processor.py:161} INFO - Started process (PID=2956) to work on /home/airflow/.local/lib/python3.8/site-packages/airflow/example_dags/example_branch_day_of_week_operator.py
[2026-07-16T05:47:59.537+0000] {processor.py:830} INFO - Processing file /home/airflow/.local/lib/python3.8/site-packages/airflow/example_dags/example_branch_day_of_week_operator.py for tasks to queue
[2026-07-16T05:47:59.539+0000] {logging_mixin.py:188} INFO - [2026-07-16T05:47:59.538+0000] {dagbag.py:538} INFO - Filling up the DagBag from /home/airflow/.local/lib/python3.8/site-packages/airflow/example_dags/example_branch_day_of_week_operator.py
[2026-07-16T05:47:59.548+0000] {processor.py:840} INFO - DAG(s) 'example_weekday_branch_operator' retrieved from /home/airflow/.local/lib/python3.8/site-packages/airflow/example_dags/example_branch_day_of_week_operator.py
[2026-07-16T05:47:59.568+0000] {logging_mixin.py:188} INFO - [2026-07-16T05:47:59.568+0000] {dag.py:3036} INFO - Sync 1 DAGs
[2026-07-16T05:47:59.589+0000] {logging_mixin.py:188} INFO - [2026-07-16T05:47:59.589+0000] {dag.py:3823} INFO - Setting next_dagrun for example_weekday_branch_operator to 2026-07-15 00:00:00+00:00, run_after=2026-07-16 00:00:00+00:00
[2026-07-16T05:47:59.609+0000] {processor.py:183} INFO - Processing /home/airflow/.local/lib/python3.8/site-packages/airflow/example_dags/example_branch_day_of_week_operator.py took 0.084 seconds
[2026-07-16T05:48:30.059+0000] {processor.py:161} INFO - Started process (PID=3013) to work on /home/airflow/.local/lib/python3.8/site-packages/airflow/example_dags/example_branch_day_of_week_operator.py
[2026-07-16T05:48:30.060+0000] {processor.py:830} INFO - Processing file /home/airflow/.local/lib/python3.8/site-packages/airflow/example_dags/example_branch_day_of_week_operator.py for tasks to queue
[2026-07-16T05:48:30.063+0000] {logging_mixin.py:188} INFO - [2026-07-16T05:48:30.062+0000] {dagbag.py:538} INFO - Filling up the DagBag from /home/airflow/.local/lib/python3.8/site-packages/airflow/example_dags/example_branch_day_of_week_operator.py
[2026-07-16T05:48:30.072+0000] {processor.py:840} INFO - DAG(s) 'example_weekday_branch_operator' retrieved from /home/airflow/.local/lib/python3.8/site-packages/airflow/example_dags/example_branch_day_of_week_operator.py
[2026-07-16T05:48:30.096+0000] {logging_mixin.py:188} INFO - [2026-07-16T05:48:30.096+0000] {dag.py:3036} INFO - Sync 1 DAGs
[2026-07-16T05:48:30.121+0000] {logging_mixin.py:188} INFO - [2026-07-16T05:48:30.121+0000] {dag.py:3823} INFO - Setting next_dagrun for example_weekday_branch_operator to 2026-07-15 00:00:00+00:00, run_after=2026-07-16 00:00:00+00:00
[2026-07-16T05:48:30.143+0000] {processor.py:183} INFO - Processing /home/airflow/.local/lib/python3.8/site-packages/airflow/example_dags/example_branch_day_of_week_operator.py took 0.091 seconds
