[2026-07-16T05:21:56.408+0000] {processor.py:161} INFO - Started process (PID=76) to work on /home/airflow/.local/lib/python3.8/site-packages/airflow/example_dags/example_trigger_target_dag.py
[2026-07-16T05:21:56.409+0000] {processor.py:830} INFO - Processing file /home/airflow/.local/lib/python3.8/site-packages/airflow/example_dags/example_trigger_target_dag.py for tasks to queue
[2026-07-16T05:21:56.413+0000] {logging_mixin.py:188} INFO - [2026-07-16T05:21:56.412+0000] {dagbag.py:538} INFO - Filling up the DagBag from /home/airflow/.local/lib/python3.8/site-packages/airflow/example_dags/example_trigger_target_dag.py
[2026-07-16T05:21:56.427+0000] {processor.py:840} INFO - DAG(s) 'example_trigger_target_dag' retrieved from /home/airflow/.local/lib/python3.8/site-packages/airflow/example_dags/example_trigger_target_dag.py
[2026-07-16T05:21:56.589+0000] {logging_mixin.py:188} INFO - [2026-07-16T05:21:56.589+0000] {dag.py:3036} INFO - Sync 1 DAGs
[2026-07-16T05:21:56.603+0000] {logging_mixin.py:188} INFO - [2026-07-16T05:21:56.603+0000] {dag.py:3823} INFO - Setting next_dagrun for example_trigger_target_dag to None, run_after=None
[2026-07-16T05:21:56.634+0000] {processor.py:183} INFO - Processing /home/airflow/.local/lib/python3.8/site-packages/airflow/example_dags/example_trigger_target_dag.py took 0.232 seconds
[2026-07-16T05:22:26.790+0000] {processor.py:161} INFO - Started process (PID=132) to work on /home/airflow/.local/lib/python3.8/site-packages/airflow/example_dags/example_trigger_target_dag.py
[2026-07-16T05:22:26.793+0000] {processor.py:830} INFO - Processing file /home/airflow/.local/lib/python3.8/site-packages/airflow/example_dags/example_trigger_target_dag.py for tasks to queue
[2026-07-16T05:22:26.801+0000] {logging_mixin.py:188} INFO - [2026-07-16T05:22:26.800+0000] {dagbag.py:538} INFO - Filling up the DagBag from /home/airflow/.local/lib/python3.8/site-packages/airflow/example_dags/example_trigger_target_dag.py
[2026-07-16T05:22:26.820+0000] {processor.py:840} INFO - DAG(s) 'example_trigger_target_dag' retrieved from /home/airflow/.local/lib/python3.8/site-packages/airflow/example_dags/example_trigger_target_dag.py
[2026-07-16T05:22:26.893+0000] {logging_mixin.py:188} INFO - [2026-07-16T05:22:26.890+0000] {dag.py:3036} INFO - Sync 1 DAGs
[2026-07-16T05:22:26.924+0000] {logging_mixin.py:188} INFO - [2026-07-16T05:22:26.923+0000] {dag.py:3823} INFO - Setting next_dagrun for example_trigger_target_dag to None, run_after=None
[2026-07-16T05:22:26.982+0000] {processor.py:183} INFO - Processing /home/airflow/.local/lib/python3.8/site-packages/airflow/example_dags/example_trigger_target_dag.py took 0.202 seconds
[2026-07-16T05:22:57.576+0000] {processor.py:161} INFO - Started process (PID=190) to work on /home/airflow/.local/lib/python3.8/site-packages/airflow/example_dags/example_trigger_target_dag.py
[2026-07-16T05:22:57.579+0000] {processor.py:830} INFO - Processing file /home/airflow/.local/lib/python3.8/site-packages/airflow/example_dags/example_trigger_target_dag.py for tasks to queue
[2026-07-16T05:22:57.585+0000] {logging_mixin.py:188} INFO - [2026-07-16T05:22:57.584+0000] {dagbag.py:538} INFO - Filling up the DagBag from /home/airflow/.local/lib/python3.8/site-packages/airflow/example_dags/example_trigger_target_dag.py
[2026-07-16T05:22:57.604+0000] {processor.py:840} INFO - DAG(s) 'example_trigger_target_dag' retrieved from /home/airflow/.local/lib/python3.8/site-packages/airflow/example_dags/example_trigger_target_dag.py
[2026-07-16T05:22:57.688+0000] {logging_mixin.py:188} INFO - [2026-07-16T05:22:57.687+0000] {dag.py:3036} INFO - Sync 1 DAGs
[2026-07-16T05:22:57.735+0000] {logging_mixin.py:188} INFO - [2026-07-16T05:22:57.734+0000] {dag.py:3823} INFO - Setting next_dagrun for example_trigger_target_dag to None, run_after=None
[2026-07-16T05:22:57.796+0000] {processor.py:183} INFO - Processing /home/airflow/.local/lib/python3.8/site-packages/airflow/example_dags/example_trigger_target_dag.py took 0.228 seconds
[2026-07-16T05:23:27.918+0000] {processor.py:161} INFO - Started process (PID=246) to work on /home/airflow/.local/lib/python3.8/site-packages/airflow/example_dags/example_trigger_target_dag.py
[2026-07-16T05:23:27.920+0000] {processor.py:830} INFO - Processing file /home/airflow/.local/lib/python3.8/site-packages/airflow/example_dags/example_trigger_target_dag.py for tasks to queue
[2026-07-16T05:23:27.923+0000] {logging_mixin.py:188} INFO - [2026-07-16T05:23:27.922+0000] {dagbag.py:538} INFO - Filling up the DagBag from /home/airflow/.local/lib/python3.8/site-packages/airflow/example_dags/example_trigger_target_dag.py
[2026-07-16T05:23:27.933+0000] {processor.py:840} INFO - DAG(s) 'example_trigger_target_dag' retrieved from /home/airflow/.local/lib/python3.8/site-packages/airflow/example_dags/example_trigger_target_dag.py
[2026-07-16T05:23:27.967+0000] {logging_mixin.py:188} INFO - [2026-07-16T05:23:27.966+0000] {dag.py:3036} INFO - Sync 1 DAGs
[2026-07-16T05:23:27.988+0000] {logging_mixin.py:188} INFO - [2026-07-16T05:23:27.988+0000] {dag.py:3823} INFO - Setting next_dagrun for example_trigger_target_dag to None, run_after=None
[2026-07-16T05:23:28.020+0000] {processor.py:183} INFO - Processing /home/airflow/.local/lib/python3.8/site-packages/airflow/example_dags/example_trigger_target_dag.py took 0.109 seconds
[2026-07-16T05:23:58.586+0000] {processor.py:161} INFO - Started process (PID=306) to work on /home/airflow/.local/lib/python3.8/site-packages/airflow/example_dags/example_trigger_target_dag.py
[2026-07-16T05:23:58.590+0000] {processor.py:830} INFO - Processing file /home/airflow/.local/lib/python3.8/site-packages/airflow/example_dags/example_trigger_target_dag.py for tasks to queue
[2026-07-16T05:23:58.595+0000] {logging_mixin.py:188} INFO - [2026-07-16T05:23:58.594+0000] {dagbag.py:538} INFO - Filling up the DagBag from /home/airflow/.local/lib/python3.8/site-packages/airflow/example_dags/example_trigger_target_dag.py
[2026-07-16T05:23:58.608+0000] {processor.py:840} INFO - DAG(s) 'example_trigger_target_dag' retrieved from /home/airflow/.local/lib/python3.8/site-packages/airflow/example_dags/example_trigger_target_dag.py
[2026-07-16T05:23:58.657+0000] {logging_mixin.py:188} INFO - [2026-07-16T05:23:58.657+0000] {dag.py:3036} INFO - Sync 1 DAGs
[2026-07-16T05:23:58.689+0000] {logging_mixin.py:188} INFO - [2026-07-16T05:23:58.689+0000] {dag.py:3823} INFO - Setting next_dagrun for example_trigger_target_dag to None, run_after=None
[2026-07-16T05:23:58.735+0000] {processor.py:183} INFO - Processing /home/airflow/.local/lib/python3.8/site-packages/airflow/example_dags/example_trigger_target_dag.py took 0.155 seconds
[2026-07-16T05:24:30.036+0000] {processor.py:161} INFO - Started process (PID=363) to work on /home/airflow/.local/lib/python3.8/site-packages/airflow/example_dags/example_trigger_target_dag.py
[2026-07-16T05:24:30.038+0000] {processor.py:830} INFO - Processing file /home/airflow/.local/lib/python3.8/site-packages/airflow/example_dags/example_trigger_target_dag.py for tasks to queue
[2026-07-16T05:24:30.043+0000] {logging_mixin.py:188} INFO - [2026-07-16T05:24:30.042+0000] {dagbag.py:538} INFO - Filling up the DagBag from /home/airflow/.local/lib/python3.8/site-packages/airflow/example_dags/example_trigger_target_dag.py
[2026-07-16T05:24:30.056+0000] {processor.py:840} INFO - DAG(s) 'example_trigger_target_dag' retrieved from /home/airflow/.local/lib/python3.8/site-packages/airflow/example_dags/example_trigger_target_dag.py
[2026-07-16T05:24:30.101+0000] {logging_mixin.py:188} INFO - [2026-07-16T05:24:30.101+0000] {dag.py:3036} INFO - Sync 1 DAGs
[2026-07-16T05:24:30.125+0000] {logging_mixin.py:188} INFO - [2026-07-16T05:24:30.124+0000] {dag.py:3823} INFO - Setting next_dagrun for example_trigger_target_dag to None, run_after=None
[2026-07-16T05:24:30.174+0000] {processor.py:183} INFO - Processing /home/airflow/.local/lib/python3.8/site-packages/airflow/example_dags/example_trigger_target_dag.py took 0.145 seconds
[2026-07-16T05:25:00.374+0000] {processor.py:161} INFO - Started process (PID=419) to work on /home/airflow/.local/lib/python3.8/site-packages/airflow/example_dags/example_trigger_target_dag.py
[2026-07-16T05:25:00.376+0000] {processor.py:830} INFO - Processing file /home/airflow/.local/lib/python3.8/site-packages/airflow/example_dags/example_trigger_target_dag.py for tasks to queue
[2026-07-16T05:25:00.380+0000] {logging_mixin.py:188} INFO - [2026-07-16T05:25:00.379+0000] {dagbag.py:538} INFO - Filling up the DagBag from /home/airflow/.local/lib/python3.8/site-packages/airflow/example_dags/example_trigger_target_dag.py
[2026-07-16T05:25:00.392+0000] {processor.py:840} INFO - DAG(s) 'example_trigger_target_dag' retrieved from /home/airflow/.local/lib/python3.8/site-packages/airflow/example_dags/example_trigger_target_dag.py
[2026-07-16T05:25:00.430+0000] {logging_mixin.py:188} INFO - [2026-07-16T05:25:00.429+0000] {dag.py:3036} INFO - Sync 1 DAGs
[2026-07-16T05:25:00.450+0000] {logging_mixin.py:188} INFO - [2026-07-16T05:25:00.449+0000] {dag.py:3823} INFO - Setting next_dagrun for example_trigger_target_dag to None, run_after=None
[2026-07-16T05:25:00.484+0000] {processor.py:183} INFO - Processing /home/airflow/.local/lib/python3.8/site-packages/airflow/example_dags/example_trigger_target_dag.py took 0.116 seconds
[2026-07-16T05:25:30.825+0000] {processor.py:161} INFO - Started process (PID=475) to work on /home/airflow/.local/lib/python3.8/site-packages/airflow/example_dags/example_trigger_target_dag.py
[2026-07-16T05:25:30.827+0000] {processor.py:830} INFO - Processing file /home/airflow/.local/lib/python3.8/site-packages/airflow/example_dags/example_trigger_target_dag.py for tasks to queue
[2026-07-16T05:25:30.830+0000] {logging_mixin.py:188} INFO - [2026-07-16T05:25:30.830+0000] {dagbag.py:538} INFO - Filling up the DagBag from /home/airflow/.local/lib/python3.8/site-packages/airflow/example_dags/example_trigger_target_dag.py
[2026-07-16T05:25:30.839+0000] {processor.py:840} INFO - DAG(s) 'example_trigger_target_dag' retrieved from /home/airflow/.local/lib/python3.8/site-packages/airflow/example_dags/example_trigger_target_dag.py
[2026-07-16T05:25:30.868+0000] {logging_mixin.py:188} INFO - [2026-07-16T05:25:30.868+0000] {dag.py:3036} INFO - Sync 1 DAGs
[2026-07-16T05:25:30.883+0000] {logging_mixin.py:188} INFO - [2026-07-16T05:25:30.883+0000] {dag.py:3823} INFO - Setting next_dagrun for example_trigger_target_dag to None, run_after=None
[2026-07-16T05:25:30.911+0000] {processor.py:183} INFO - Processing /home/airflow/.local/lib/python3.8/site-packages/airflow/example_dags/example_trigger_target_dag.py took 0.091 seconds
[2026-07-16T05:26:01.216+0000] {processor.py:161} INFO - Started process (PID=531) to work on /home/airflow/.local/lib/python3.8/site-packages/airflow/example_dags/example_trigger_target_dag.py
[2026-07-16T05:26:01.218+0000] {processor.py:830} INFO - Processing file /home/airflow/.local/lib/python3.8/site-packages/airflow/example_dags/example_trigger_target_dag.py for tasks to queue
[2026-07-16T05:26:01.221+0000] {logging_mixin.py:188} INFO - [2026-07-16T05:26:01.220+0000] {dagbag.py:538} INFO - Filling up the DagBag from /home/airflow/.local/lib/python3.8/site-packages/airflow/example_dags/example_trigger_target_dag.py
[2026-07-16T05:26:01.228+0000] {processor.py:840} INFO - DAG(s) 'example_trigger_target_dag' retrieved from /home/airflow/.local/lib/python3.8/site-packages/airflow/example_dags/example_trigger_target_dag.py
[2026-07-16T05:26:01.253+0000] {logging_mixin.py:188} INFO - [2026-07-16T05:26:01.252+0000] {dag.py:3036} INFO - Sync 1 DAGs
[2026-07-16T05:26:01.265+0000] {logging_mixin.py:188} INFO - [2026-07-16T05:26:01.265+0000] {dag.py:3823} INFO - Setting next_dagrun for example_trigger_target_dag to None, run_after=None
[2026-07-16T05:26:01.286+0000] {processor.py:183} INFO - Processing /home/airflow/.local/lib/python3.8/site-packages/airflow/example_dags/example_trigger_target_dag.py took 0.074 seconds
[2026-07-16T05:26:31.335+0000] {processor.py:161} INFO - Started process (PID=587) to work on /home/airflow/.local/lib/python3.8/site-packages/airflow/example_dags/example_trigger_target_dag.py
[2026-07-16T05:26:31.336+0000] {processor.py:830} INFO - Processing file /home/airflow/.local/lib/python3.8/site-packages/airflow/example_dags/example_trigger_target_dag.py for tasks to queue
[2026-07-16T05:26:31.339+0000] {logging_mixin.py:188} INFO - [2026-07-16T05:26:31.338+0000] {dagbag.py:538} INFO - Filling up the DagBag from /home/airflow/.local/lib/python3.8/site-packages/airflow/example_dags/example_trigger_target_dag.py
[2026-07-16T05:26:31.349+0000] {processor.py:840} INFO - DAG(s) 'example_trigger_target_dag' retrieved from /home/airflow/.local/lib/python3.8/site-packages/airflow/example_dags/example_trigger_target_dag.py
[2026-07-16T05:26:31.379+0000] {logging_mixin.py:188} INFO - [2026-07-16T05:26:31.379+0000] {dag.py:3036} INFO - Sync 1 DAGs
[2026-07-16T05:26:31.393+0000] {logging_mixin.py:188} INFO - [2026-07-16T05:26:31.392+0000] {dag.py:3823} INFO - Setting next_dagrun for example_trigger_target_dag to None, run_after=None
[2026-07-16T05:26:31.420+0000] {processor.py:183} INFO - Processing /home/airflow/.local/lib/python3.8/site-packages/airflow/example_dags/example_trigger_target_dag.py took 0.091 seconds
[2026-07-16T05:27:01.662+0000] {processor.py:161} INFO - Started process (PID=643) to work on /home/airflow/.local/lib/python3.8/site-packages/airflow/example_dags/example_trigger_target_dag.py
[2026-07-16T05:27:01.665+0000] {processor.py:830} INFO - Processing file /home/airflow/.local/lib/python3.8/site-packages/airflow/example_dags/example_trigger_target_dag.py for tasks to queue
[2026-07-16T05:27:01.668+0000] {logging_mixin.py:188} INFO - [2026-07-16T05:27:01.667+0000] {dagbag.py:538} INFO - Filling up the DagBag from /home/airflow/.local/lib/python3.8/site-packages/airflow/example_dags/example_trigger_target_dag.py
[2026-07-16T05:27:01.676+0000] {processor.py:840} INFO - DAG(s) 'example_trigger_target_dag' retrieved from /home/airflow/.local/lib/python3.8/site-packages/airflow/example_dags/example_trigger_target_dag.py
[2026-07-16T05:27:01.707+0000] {logging_mixin.py:188} INFO - [2026-07-16T05:27:01.706+0000] {dag.py:3036} INFO - Sync 1 DAGs
[2026-07-16T05:27:01.724+0000] {logging_mixin.py:188} INFO - [2026-07-16T05:27:01.724+0000] {dag.py:3823} INFO - Setting next_dagrun for example_trigger_target_dag to None, run_after=None
[2026-07-16T05:27:01.751+0000] {processor.py:183} INFO - Processing /home/airflow/.local/lib/python3.8/site-packages/airflow/example_dags/example_trigger_target_dag.py took 0.095 seconds
[2026-07-16T05:27:31.824+0000] {processor.py:161} INFO - Started process (PID=699) to work on /home/airflow/.local/lib/python3.8/site-packages/airflow/example_dags/example_trigger_target_dag.py
[2026-07-16T05:27:31.826+0000] {processor.py:830} INFO - Processing file /home/airflow/.local/lib/python3.8/site-packages/airflow/example_dags/example_trigger_target_dag.py for tasks to queue
[2026-07-16T05:27:31.829+0000] {logging_mixin.py:188} INFO - [2026-07-16T05:27:31.829+0000] {dagbag.py:538} INFO - Filling up the DagBag from /home/airflow/.local/lib/python3.8/site-packages/airflow/example_dags/example_trigger_target_dag.py
[2026-07-16T05:27:31.844+0000] {processor.py:840} INFO - DAG(s) 'example_trigger_target_dag' retrieved from /home/airflow/.local/lib/python3.8/site-packages/airflow/example_dags/example_trigger_target_dag.py
[2026-07-16T05:27:31.879+0000] {logging_mixin.py:188} INFO - [2026-07-16T05:27:31.878+0000] {dag.py:3036} INFO - Sync 1 DAGs
[2026-07-16T05:27:31.897+0000] {logging_mixin.py:188} INFO - [2026-07-16T05:27:31.897+0000] {dag.py:3823} INFO - Setting next_dagrun for example_trigger_target_dag to None, run_after=None
[2026-07-16T05:27:31.929+0000] {processor.py:183} INFO - Processing /home/airflow/.local/lib/python3.8/site-packages/airflow/example_dags/example_trigger_target_dag.py took 0.116 seconds
[2026-07-16T05:28:02.144+0000] {processor.py:161} INFO - Started process (PID=755) to work on /home/airflow/.local/lib/python3.8/site-packages/airflow/example_dags/example_trigger_target_dag.py
[2026-07-16T05:28:02.146+0000] {processor.py:830} INFO - Processing file /home/airflow/.local/lib/python3.8/site-packages/airflow/example_dags/example_trigger_target_dag.py for tasks to queue
[2026-07-16T05:28:02.149+0000] {logging_mixin.py:188} INFO - [2026-07-16T05:28:02.148+0000] {dagbag.py:538} INFO - Filling up the DagBag from /home/airflow/.local/lib/python3.8/site-packages/airflow/example_dags/example_trigger_target_dag.py
[2026-07-16T05:28:02.158+0000] {processor.py:840} INFO - DAG(s) 'example_trigger_target_dag' retrieved from /home/airflow/.local/lib/python3.8/site-packages/airflow/example_dags/example_trigger_target_dag.py
[2026-07-16T05:28:02.184+0000] {logging_mixin.py:188} INFO - [2026-07-16T05:28:02.184+0000] {dag.py:3036} INFO - Sync 1 DAGs
[2026-07-16T05:28:02.199+0000] {logging_mixin.py:188} INFO - [2026-07-16T05:28:02.198+0000] {dag.py:3823} INFO - Setting next_dagrun for example_trigger_target_dag to None, run_after=None
[2026-07-16T05:28:02.223+0000] {processor.py:183} INFO - Processing /home/airflow/.local/lib/python3.8/site-packages/airflow/example_dags/example_trigger_target_dag.py took 0.084 seconds
[2026-07-16T05:28:33.447+0000] {processor.py:161} INFO - Started process (PID=811) to work on /home/airflow/.local/lib/python3.8/site-packages/airflow/example_dags/example_trigger_target_dag.py
[2026-07-16T05:28:33.450+0000] {processor.py:830} INFO - Processing file /home/airflow/.local/lib/python3.8/site-packages/airflow/example_dags/example_trigger_target_dag.py for tasks to queue
[2026-07-16T05:28:33.461+0000] {logging_mixin.py:188} INFO - [2026-07-16T05:28:33.458+0000] {dagbag.py:538} INFO - Filling up the DagBag from /home/airflow/.local/lib/python3.8/site-packages/airflow/example_dags/example_trigger_target_dag.py
[2026-07-16T05:28:33.481+0000] {processor.py:840} INFO - DAG(s) 'example_trigger_target_dag' retrieved from /home/airflow/.local/lib/python3.8/site-packages/airflow/example_dags/example_trigger_target_dag.py
[2026-07-16T05:28:33.559+0000] {logging_mixin.py:188} INFO - [2026-07-16T05:28:33.558+0000] {dag.py:3036} INFO - Sync 1 DAGs
[2026-07-16T05:28:33.604+0000] {logging_mixin.py:188} INFO - [2026-07-16T05:28:33.604+0000] {dag.py:3823} INFO - Setting next_dagrun for example_trigger_target_dag to None, run_after=None
[2026-07-16T05:28:33.672+0000] {processor.py:183} INFO - Processing /home/airflow/.local/lib/python3.8/site-packages/airflow/example_dags/example_trigger_target_dag.py took 0.237 seconds
[2026-07-16T05:29:03.715+0000] {processor.py:161} INFO - Started process (PID=867) to work on /home/airflow/.local/lib/python3.8/site-packages/airflow/example_dags/example_trigger_target_dag.py
[2026-07-16T05:29:03.717+0000] {processor.py:830} INFO - Processing file /home/airflow/.local/lib/python3.8/site-packages/airflow/example_dags/example_trigger_target_dag.py for tasks to queue
[2026-07-16T05:29:03.721+0000] {logging_mixin.py:188} INFO - [2026-07-16T05:29:03.720+0000] {dagbag.py:538} INFO - Filling up the DagBag from /home/airflow/.local/lib/python3.8/site-packages/airflow/example_dags/example_trigger_target_dag.py
[2026-07-16T05:29:03.730+0000] {processor.py:840} INFO - DAG(s) 'example_trigger_target_dag' retrieved from /home/airflow/.local/lib/python3.8/site-packages/airflow/example_dags/example_trigger_target_dag.py
[2026-07-16T05:29:03.766+0000] {logging_mixin.py:188} INFO - [2026-07-16T05:29:03.766+0000] {dag.py:3036} INFO - Sync 1 DAGs
[2026-07-16T05:29:03.787+0000] {logging_mixin.py:188} INFO - [2026-07-16T05:29:03.786+0000] {dag.py:3823} INFO - Setting next_dagrun for example_trigger_target_dag to None, run_after=None
[2026-07-16T05:29:03.848+0000] {processor.py:183} INFO - Processing /home/airflow/.local/lib/python3.8/site-packages/airflow/example_dags/example_trigger_target_dag.py took 0.140 seconds
[2026-07-16T05:29:34.119+0000] {processor.py:161} INFO - Started process (PID=923) to work on /home/airflow/.local/lib/python3.8/site-packages/airflow/example_dags/example_trigger_target_dag.py
[2026-07-16T05:29:34.122+0000] {processor.py:830} INFO - Processing file /home/airflow/.local/lib/python3.8/site-packages/airflow/example_dags/example_trigger_target_dag.py for tasks to queue
[2026-07-16T05:29:34.127+0000] {logging_mixin.py:188} INFO - [2026-07-16T05:29:34.126+0000] {dagbag.py:538} INFO - Filling up the DagBag from /home/airflow/.local/lib/python3.8/site-packages/airflow/example_dags/example_trigger_target_dag.py
[2026-07-16T05:29:34.144+0000] {processor.py:840} INFO - DAG(s) 'example_trigger_target_dag' retrieved from /home/airflow/.local/lib/python3.8/site-packages/airflow/example_dags/example_trigger_target_dag.py
[2026-07-16T05:29:34.201+0000] {logging_mixin.py:188} INFO - [2026-07-16T05:29:34.200+0000] {dag.py:3036} INFO - Sync 1 DAGs
[2026-07-16T05:29:34.229+0000] {logging_mixin.py:188} INFO - [2026-07-16T05:29:34.228+0000] {dag.py:3823} INFO - Setting next_dagrun for example_trigger_target_dag to None, run_after=None
[2026-07-16T05:29:34.282+0000] {processor.py:183} INFO - Processing /home/airflow/.local/lib/python3.8/site-packages/airflow/example_dags/example_trigger_target_dag.py took 0.172 seconds
[2026-07-16T05:30:04.506+0000] {processor.py:161} INFO - Started process (PID=979) to work on /home/airflow/.local/lib/python3.8/site-packages/airflow/example_dags/example_trigger_target_dag.py
[2026-07-16T05:30:04.508+0000] {processor.py:830} INFO - Processing file /home/airflow/.local/lib/python3.8/site-packages/airflow/example_dags/example_trigger_target_dag.py for tasks to queue
[2026-07-16T05:30:04.511+0000] {logging_mixin.py:188} INFO - [2026-07-16T05:30:04.510+0000] {dagbag.py:538} INFO - Filling up the DagBag from /home/airflow/.local/lib/python3.8/site-packages/airflow/example_dags/example_trigger_target_dag.py
[2026-07-16T05:30:04.522+0000] {processor.py:840} INFO - DAG(s) 'example_trigger_target_dag' retrieved from /home/airflow/.local/lib/python3.8/site-packages/airflow/example_dags/example_trigger_target_dag.py
[2026-07-16T05:30:04.575+0000] {logging_mixin.py:188} INFO - [2026-07-16T05:30:04.574+0000] {dag.py:3036} INFO - Sync 1 DAGs
[2026-07-16T05:30:04.612+0000] {logging_mixin.py:188} INFO - [2026-07-16T05:30:04.611+0000] {dag.py:3823} INFO - Setting next_dagrun for example_trigger_target_dag to None, run_after=None
[2026-07-16T05:30:04.664+0000] {processor.py:183} INFO - Processing /home/airflow/.local/lib/python3.8/site-packages/airflow/example_dags/example_trigger_target_dag.py took 0.164 seconds
[2026-07-16T05:30:34.779+0000] {processor.py:161} INFO - Started process (PID=1035) to work on /home/airflow/.local/lib/python3.8/site-packages/airflow/example_dags/example_trigger_target_dag.py
[2026-07-16T05:30:34.782+0000] {processor.py:830} INFO - Processing file /home/airflow/.local/lib/python3.8/site-packages/airflow/example_dags/example_trigger_target_dag.py for tasks to queue
[2026-07-16T05:30:34.785+0000] {logging_mixin.py:188} INFO - [2026-07-16T05:30:34.784+0000] {dagbag.py:538} INFO - Filling up the DagBag from /home/airflow/.local/lib/python3.8/site-packages/airflow/example_dags/example_trigger_target_dag.py
[2026-07-16T05:30:34.794+0000] {processor.py:840} INFO - DAG(s) 'example_trigger_target_dag' retrieved from /home/airflow/.local/lib/python3.8/site-packages/airflow/example_dags/example_trigger_target_dag.py
[2026-07-16T05:30:34.824+0000] {logging_mixin.py:188} INFO - [2026-07-16T05:30:34.823+0000] {dag.py:3036} INFO - Sync 1 DAGs
[2026-07-16T05:30:34.840+0000] {logging_mixin.py:188} INFO - [2026-07-16T05:30:34.839+0000] {dag.py:3823} INFO - Setting next_dagrun for example_trigger_target_dag to None, run_after=None
[2026-07-16T05:30:34.864+0000] {processor.py:183} INFO - Processing /home/airflow/.local/lib/python3.8/site-packages/airflow/example_dags/example_trigger_target_dag.py took 0.090 seconds
[2026-07-16T05:31:05.848+0000] {processor.py:161} INFO - Started process (PID=1091) to work on /home/airflow/.local/lib/python3.8/site-packages/airflow/example_dags/example_trigger_target_dag.py
[2026-07-16T05:31:05.851+0000] {processor.py:830} INFO - Processing file /home/airflow/.local/lib/python3.8/site-packages/airflow/example_dags/example_trigger_target_dag.py for tasks to queue
[2026-07-16T05:31:05.854+0000] {logging_mixin.py:188} INFO - [2026-07-16T05:31:05.854+0000] {dagbag.py:538} INFO - Filling up the DagBag from /home/airflow/.local/lib/python3.8/site-packages/airflow/example_dags/example_trigger_target_dag.py
[2026-07-16T05:31:05.867+0000] {processor.py:840} INFO - DAG(s) 'example_trigger_target_dag' retrieved from /home/airflow/.local/lib/python3.8/site-packages/airflow/example_dags/example_trigger_target_dag.py
[2026-07-16T05:31:05.901+0000] {logging_mixin.py:188} INFO - [2026-07-16T05:31:05.901+0000] {dag.py:3036} INFO - Sync 1 DAGs
[2026-07-16T05:31:05.922+0000] {logging_mixin.py:188} INFO - [2026-07-16T05:31:05.921+0000] {dag.py:3823} INFO - Setting next_dagrun for example_trigger_target_dag to None, run_after=None
[2026-07-16T05:31:05.960+0000] {processor.py:183} INFO - Processing /home/airflow/.local/lib/python3.8/site-packages/airflow/example_dags/example_trigger_target_dag.py took 0.118 seconds
[2026-07-16T05:31:36.309+0000] {processor.py:161} INFO - Started process (PID=1147) to work on /home/airflow/.local/lib/python3.8/site-packages/airflow/example_dags/example_trigger_target_dag.py
[2026-07-16T05:31:36.311+0000] {processor.py:830} INFO - Processing file /home/airflow/.local/lib/python3.8/site-packages/airflow/example_dags/example_trigger_target_dag.py for tasks to queue
[2026-07-16T05:31:36.313+0000] {logging_mixin.py:188} INFO - [2026-07-16T05:31:36.312+0000] {dagbag.py:538} INFO - Filling up the DagBag from /home/airflow/.local/lib/python3.8/site-packages/airflow/example_dags/example_trigger_target_dag.py
[2026-07-16T05:31:36.318+0000] {processor.py:840} INFO - DAG(s) 'example_trigger_target_dag' retrieved from /home/airflow/.local/lib/python3.8/site-packages/airflow/example_dags/example_trigger_target_dag.py
[2026-07-16T05:31:36.339+0000] {logging_mixin.py:188} INFO - [2026-07-16T05:31:36.339+0000] {dag.py:3036} INFO - Sync 1 DAGs
[2026-07-16T05:31:36.348+0000] {logging_mixin.py:188} INFO - [2026-07-16T05:31:36.348+0000] {dag.py:3823} INFO - Setting next_dagrun for example_trigger_target_dag to None, run_after=None
[2026-07-16T05:31:36.363+0000] {processor.py:183} INFO - Processing /home/airflow/.local/lib/python3.8/site-packages/airflow/example_dags/example_trigger_target_dag.py took 0.057 seconds
[2026-07-16T05:32:06.962+0000] {processor.py:161} INFO - Started process (PID=1203) to work on /home/airflow/.local/lib/python3.8/site-packages/airflow/example_dags/example_trigger_target_dag.py
[2026-07-16T05:32:06.963+0000] {processor.py:830} INFO - Processing file /home/airflow/.local/lib/python3.8/site-packages/airflow/example_dags/example_trigger_target_dag.py for tasks to queue
[2026-07-16T05:32:06.967+0000] {logging_mixin.py:188} INFO - [2026-07-16T05:32:06.966+0000] {dagbag.py:538} INFO - Filling up the DagBag from /home/airflow/.local/lib/python3.8/site-packages/airflow/example_dags/example_trigger_target_dag.py
[2026-07-16T05:32:06.975+0000] {processor.py:840} INFO - DAG(s) 'example_trigger_target_dag' retrieved from /home/airflow/.local/lib/python3.8/site-packages/airflow/example_dags/example_trigger_target_dag.py
[2026-07-16T05:32:07.007+0000] {logging_mixin.py:188} INFO - [2026-07-16T05:32:07.007+0000] {dag.py:3036} INFO - Sync 1 DAGs
[2026-07-16T05:32:07.027+0000] {logging_mixin.py:188} INFO - [2026-07-16T05:32:07.027+0000] {dag.py:3823} INFO - Setting next_dagrun for example_trigger_target_dag to None, run_after=None
[2026-07-16T05:32:07.057+0000] {processor.py:183} INFO - Processing /home/airflow/.local/lib/python3.8/site-packages/airflow/example_dags/example_trigger_target_dag.py took 0.099 seconds
[2026-07-16T05:32:37.595+0000] {processor.py:161} INFO - Started process (PID=1259) to work on /home/airflow/.local/lib/python3.8/site-packages/airflow/example_dags/example_trigger_target_dag.py
[2026-07-16T05:32:37.596+0000] {processor.py:830} INFO - Processing file /home/airflow/.local/lib/python3.8/site-packages/airflow/example_dags/example_trigger_target_dag.py for tasks to queue
[2026-07-16T05:32:37.598+0000] {logging_mixin.py:188} INFO - [2026-07-16T05:32:37.597+0000] {dagbag.py:538} INFO - Filling up the DagBag from /home/airflow/.local/lib/python3.8/site-packages/airflow/example_dags/example_trigger_target_dag.py
[2026-07-16T05:32:37.603+0000] {processor.py:840} INFO - DAG(s) 'example_trigger_target_dag' retrieved from /home/airflow/.local/lib/python3.8/site-packages/airflow/example_dags/example_trigger_target_dag.py
[2026-07-16T05:32:37.621+0000] {logging_mixin.py:188} INFO - [2026-07-16T05:32:37.621+0000] {dag.py:3036} INFO - Sync 1 DAGs
[2026-07-16T05:32:37.630+0000] {logging_mixin.py:188} INFO - [2026-07-16T05:32:37.630+0000] {dag.py:3823} INFO - Setting next_dagrun for example_trigger_target_dag to None, run_after=None
[2026-07-16T05:32:37.645+0000] {processor.py:183} INFO - Processing /home/airflow/.local/lib/python3.8/site-packages/airflow/example_dags/example_trigger_target_dag.py took 0.053 seconds
[2026-07-16T05:33:08.255+0000] {processor.py:161} INFO - Started process (PID=1315) to work on /home/airflow/.local/lib/python3.8/site-packages/airflow/example_dags/example_trigger_target_dag.py
[2026-07-16T05:33:08.259+0000] {processor.py:830} INFO - Processing file /home/airflow/.local/lib/python3.8/site-packages/airflow/example_dags/example_trigger_target_dag.py for tasks to queue
[2026-07-16T05:33:08.262+0000] {logging_mixin.py:188} INFO - [2026-07-16T05:33:08.261+0000] {dagbag.py:538} INFO - Filling up the DagBag from /home/airflow/.local/lib/python3.8/site-packages/airflow/example_dags/example_trigger_target_dag.py
[2026-07-16T05:33:08.276+0000] {processor.py:840} INFO - DAG(s) 'example_trigger_target_dag' retrieved from /home/airflow/.local/lib/python3.8/site-packages/airflow/example_dags/example_trigger_target_dag.py
[2026-07-16T05:33:08.318+0000] {logging_mixin.py:188} INFO - [2026-07-16T05:33:08.317+0000] {dag.py:3036} INFO - Sync 1 DAGs
[2026-07-16T05:33:08.340+0000] {logging_mixin.py:188} INFO - [2026-07-16T05:33:08.339+0000] {dag.py:3823} INFO - Setting next_dagrun for example_trigger_target_dag to None, run_after=None
[2026-07-16T05:33:08.367+0000] {processor.py:183} INFO - Processing /home/airflow/.local/lib/python3.8/site-packages/airflow/example_dags/example_trigger_target_dag.py took 0.118 seconds
[2026-07-16T05:33:38.925+0000] {processor.py:161} INFO - Started process (PID=1371) to work on /home/airflow/.local/lib/python3.8/site-packages/airflow/example_dags/example_trigger_target_dag.py
[2026-07-16T05:33:38.927+0000] {processor.py:830} INFO - Processing file /home/airflow/.local/lib/python3.8/site-packages/airflow/example_dags/example_trigger_target_dag.py for tasks to queue
[2026-07-16T05:33:38.928+0000] {logging_mixin.py:188} INFO - [2026-07-16T05:33:38.928+0000] {dagbag.py:538} INFO - Filling up the DagBag from /home/airflow/.local/lib/python3.8/site-packages/airflow/example_dags/example_trigger_target_dag.py
[2026-07-16T05:33:38.935+0000] {processor.py:840} INFO - DAG(s) 'example_trigger_target_dag' retrieved from /home/airflow/.local/lib/python3.8/site-packages/airflow/example_dags/example_trigger_target_dag.py
[2026-07-16T05:33:38.954+0000] {logging_mixin.py:188} INFO - [2026-07-16T05:33:38.954+0000] {dag.py:3036} INFO - Sync 1 DAGs
[2026-07-16T05:33:38.967+0000] {logging_mixin.py:188} INFO - [2026-07-16T05:33:38.966+0000] {dag.py:3823} INFO - Setting next_dagrun for example_trigger_target_dag to None, run_after=None
[2026-07-16T05:33:38.986+0000] {processor.py:183} INFO - Processing /home/airflow/.local/lib/python3.8/site-packages/airflow/example_dags/example_trigger_target_dag.py took 0.065 seconds
[2026-07-16T05:34:09.448+0000] {processor.py:161} INFO - Started process (PID=1427) to work on /home/airflow/.local/lib/python3.8/site-packages/airflow/example_dags/example_trigger_target_dag.py
[2026-07-16T05:34:09.451+0000] {processor.py:830} INFO - Processing file /home/airflow/.local/lib/python3.8/site-packages/airflow/example_dags/example_trigger_target_dag.py for tasks to queue
[2026-07-16T05:34:09.453+0000] {logging_mixin.py:188} INFO - [2026-07-16T05:34:09.452+0000] {dagbag.py:538} INFO - Filling up the DagBag from /home/airflow/.local/lib/python3.8/site-packages/airflow/example_dags/example_trigger_target_dag.py
[2026-07-16T05:34:09.459+0000] {processor.py:840} INFO - DAG(s) 'example_trigger_target_dag' retrieved from /home/airflow/.local/lib/python3.8/site-packages/airflow/example_dags/example_trigger_target_dag.py
[2026-07-16T05:34:09.477+0000] {logging_mixin.py:188} INFO - [2026-07-16T05:34:09.477+0000] {dag.py:3036} INFO - Sync 1 DAGs
[2026-07-16T05:34:09.486+0000] {logging_mixin.py:188} INFO - [2026-07-16T05:34:09.486+0000] {dag.py:3823} INFO - Setting next_dagrun for example_trigger_target_dag to None, run_after=None
[2026-07-16T05:34:09.502+0000] {processor.py:183} INFO - Processing /home/airflow/.local/lib/python3.8/site-packages/airflow/example_dags/example_trigger_target_dag.py took 0.057 seconds
[2026-07-16T05:34:39.760+0000] {processor.py:161} INFO - Started process (PID=1481) to work on /home/airflow/.local/lib/python3.8/site-packages/airflow/example_dags/example_trigger_target_dag.py
[2026-07-16T05:34:39.761+0000] {processor.py:830} INFO - Processing file /home/airflow/.local/lib/python3.8/site-packages/airflow/example_dags/example_trigger_target_dag.py for tasks to queue
[2026-07-16T05:34:39.763+0000] {logging_mixin.py:188} INFO - [2026-07-16T05:34:39.763+0000] {dagbag.py:538} INFO - Filling up the DagBag from /home/airflow/.local/lib/python3.8/site-packages/airflow/example_dags/example_trigger_target_dag.py
[2026-07-16T05:34:39.769+0000] {processor.py:840} INFO - DAG(s) 'example_trigger_target_dag' retrieved from /home/airflow/.local/lib/python3.8/site-packages/airflow/example_dags/example_trigger_target_dag.py
[2026-07-16T05:34:39.789+0000] {logging_mixin.py:188} INFO - [2026-07-16T05:34:39.789+0000] {dag.py:3036} INFO - Sync 1 DAGs
[2026-07-16T05:34:39.801+0000] {logging_mixin.py:188} INFO - [2026-07-16T05:34:39.800+0000] {dag.py:3823} INFO - Setting next_dagrun for example_trigger_target_dag to None, run_after=None
[2026-07-16T05:34:39.817+0000] {processor.py:183} INFO - Processing /home/airflow/.local/lib/python3.8/site-packages/airflow/example_dags/example_trigger_target_dag.py took 0.060 seconds
[2026-07-16T05:35:10.262+0000] {processor.py:161} INFO - Started process (PID=1537) to work on /home/airflow/.local/lib/python3.8/site-packages/airflow/example_dags/example_trigger_target_dag.py
[2026-07-16T05:35:10.263+0000] {processor.py:830} INFO - Processing file /home/airflow/.local/lib/python3.8/site-packages/airflow/example_dags/example_trigger_target_dag.py for tasks to queue
[2026-07-16T05:35:10.265+0000] {logging_mixin.py:188} INFO - [2026-07-16T05:35:10.265+0000] {dagbag.py:538} INFO - Filling up the DagBag from /home/airflow/.local/lib/python3.8/site-packages/airflow/example_dags/example_trigger_target_dag.py
[2026-07-16T05:35:10.270+0000] {processor.py:840} INFO - DAG(s) 'example_trigger_target_dag' retrieved from /home/airflow/.local/lib/python3.8/site-packages/airflow/example_dags/example_trigger_target_dag.py
[2026-07-16T05:35:10.287+0000] {logging_mixin.py:188} INFO - [2026-07-16T05:35:10.286+0000] {dag.py:3036} INFO - Sync 1 DAGs
[2026-07-16T05:35:10.296+0000] {logging_mixin.py:188} INFO - [2026-07-16T05:35:10.296+0000] {dag.py:3823} INFO - Setting next_dagrun for example_trigger_target_dag to None, run_after=None
[2026-07-16T05:35:10.312+0000] {processor.py:183} INFO - Processing /home/airflow/.local/lib/python3.8/site-packages/airflow/example_dags/example_trigger_target_dag.py took 0.053 seconds
[2026-07-16T05:35:40.945+0000] {processor.py:161} INFO - Started process (PID=1593) to work on /home/airflow/.local/lib/python3.8/site-packages/airflow/example_dags/example_trigger_target_dag.py
[2026-07-16T05:35:40.946+0000] {processor.py:830} INFO - Processing file /home/airflow/.local/lib/python3.8/site-packages/airflow/example_dags/example_trigger_target_dag.py for tasks to queue
[2026-07-16T05:35:40.948+0000] {logging_mixin.py:188} INFO - [2026-07-16T05:35:40.948+0000] {dagbag.py:538} INFO - Filling up the DagBag from /home/airflow/.local/lib/python3.8/site-packages/airflow/example_dags/example_trigger_target_dag.py
[2026-07-16T05:35:40.954+0000] {processor.py:840} INFO - DAG(s) 'example_trigger_target_dag' retrieved from /home/airflow/.local/lib/python3.8/site-packages/airflow/example_dags/example_trigger_target_dag.py
[2026-07-16T05:35:40.972+0000] {logging_mixin.py:188} INFO - [2026-07-16T05:35:40.971+0000] {dag.py:3036} INFO - Sync 1 DAGs
[2026-07-16T05:35:40.981+0000] {logging_mixin.py:188} INFO - [2026-07-16T05:35:40.981+0000] {dag.py:3823} INFO - Setting next_dagrun for example_trigger_target_dag to None, run_after=None
[2026-07-16T05:35:40.996+0000] {processor.py:183} INFO - Processing /home/airflow/.local/lib/python3.8/site-packages/airflow/example_dags/example_trigger_target_dag.py took 0.055 seconds
[2026-07-16T05:36:11.214+0000] {processor.py:161} INFO - Started process (PID=1649) to work on /home/airflow/.local/lib/python3.8/site-packages/airflow/example_dags/example_trigger_target_dag.py
[2026-07-16T05:36:11.215+0000] {processor.py:830} INFO - Processing file /home/airflow/.local/lib/python3.8/site-packages/airflow/example_dags/example_trigger_target_dag.py for tasks to queue
[2026-07-16T05:36:11.218+0000] {logging_mixin.py:188} INFO - [2026-07-16T05:36:11.218+0000] {dagbag.py:538} INFO - Filling up the DagBag from /home/airflow/.local/lib/python3.8/site-packages/airflow/example_dags/example_trigger_target_dag.py
[2026-07-16T05:36:11.224+0000] {processor.py:840} INFO - DAG(s) 'example_trigger_target_dag' retrieved from /home/airflow/.local/lib/python3.8/site-packages/airflow/example_dags/example_trigger_target_dag.py
[2026-07-16T05:36:11.247+0000] {logging_mixin.py:188} INFO - [2026-07-16T05:36:11.247+0000] {dag.py:3036} INFO - Sync 1 DAGs
[2026-07-16T05:36:11.259+0000] {logging_mixin.py:188} INFO - [2026-07-16T05:36:11.259+0000] {dag.py:3823} INFO - Setting next_dagrun for example_trigger_target_dag to None, run_after=None
[2026-07-16T05:36:11.282+0000] {processor.py:183} INFO - Processing /home/airflow/.local/lib/python3.8/site-packages/airflow/example_dags/example_trigger_target_dag.py took 0.071 seconds
[2026-07-16T05:36:41.629+0000] {processor.py:161} INFO - Started process (PID=1706) to work on /home/airflow/.local/lib/python3.8/site-packages/airflow/example_dags/example_trigger_target_dag.py
[2026-07-16T05:36:41.631+0000] {processor.py:830} INFO - Processing file /home/airflow/.local/lib/python3.8/site-packages/airflow/example_dags/example_trigger_target_dag.py for tasks to queue
[2026-07-16T05:36:41.633+0000] {logging_mixin.py:188} INFO - [2026-07-16T05:36:41.632+0000] {dagbag.py:538} INFO - Filling up the DagBag from /home/airflow/.local/lib/python3.8/site-packages/airflow/example_dags/example_trigger_target_dag.py
[2026-07-16T05:36:41.643+0000] {processor.py:840} INFO - DAG(s) 'example_trigger_target_dag' retrieved from /home/airflow/.local/lib/python3.8/site-packages/airflow/example_dags/example_trigger_target_dag.py
[2026-07-16T05:36:41.664+0000] {logging_mixin.py:188} INFO - [2026-07-16T05:36:41.664+0000] {dag.py:3036} INFO - Sync 1 DAGs
[2026-07-16T05:36:41.677+0000] {logging_mixin.py:188} INFO - [2026-07-16T05:36:41.677+0000] {dag.py:3823} INFO - Setting next_dagrun for example_trigger_target_dag to None, run_after=None
[2026-07-16T05:36:41.697+0000] {processor.py:183} INFO - Processing /home/airflow/.local/lib/python3.8/site-packages/airflow/example_dags/example_trigger_target_dag.py took 0.072 seconds
[2026-07-16T05:37:11.788+0000] {processor.py:161} INFO - Started process (PID=1762) to work on /home/airflow/.local/lib/python3.8/site-packages/airflow/example_dags/example_trigger_target_dag.py
[2026-07-16T05:37:11.789+0000] {processor.py:830} INFO - Processing file /home/airflow/.local/lib/python3.8/site-packages/airflow/example_dags/example_trigger_target_dag.py for tasks to queue
[2026-07-16T05:37:11.791+0000] {logging_mixin.py:188} INFO - [2026-07-16T05:37:11.791+0000] {dagbag.py:538} INFO - Filling up the DagBag from /home/airflow/.local/lib/python3.8/site-packages/airflow/example_dags/example_trigger_target_dag.py
[2026-07-16T05:37:11.797+0000] {processor.py:840} INFO - DAG(s) 'example_trigger_target_dag' retrieved from /home/airflow/.local/lib/python3.8/site-packages/airflow/example_dags/example_trigger_target_dag.py
[2026-07-16T05:37:11.816+0000] {logging_mixin.py:188} INFO - [2026-07-16T05:37:11.816+0000] {dag.py:3036} INFO - Sync 1 DAGs
[2026-07-16T05:37:11.826+0000] {logging_mixin.py:188} INFO - [2026-07-16T05:37:11.826+0000] {dag.py:3823} INFO - Setting next_dagrun for example_trigger_target_dag to None, run_after=None
[2026-07-16T05:37:11.842+0000] {processor.py:183} INFO - Processing /home/airflow/.local/lib/python3.8/site-packages/airflow/example_dags/example_trigger_target_dag.py took 0.058 seconds
[2026-07-16T05:37:42.328+0000] {processor.py:161} INFO - Started process (PID=1818) to work on /home/airflow/.local/lib/python3.8/site-packages/airflow/example_dags/example_trigger_target_dag.py
[2026-07-16T05:37:42.330+0000] {processor.py:830} INFO - Processing file /home/airflow/.local/lib/python3.8/site-packages/airflow/example_dags/example_trigger_target_dag.py for tasks to queue
[2026-07-16T05:37:42.331+0000] {logging_mixin.py:188} INFO - [2026-07-16T05:37:42.331+0000] {dagbag.py:538} INFO - Filling up the DagBag from /home/airflow/.local/lib/python3.8/site-packages/airflow/example_dags/example_trigger_target_dag.py
[2026-07-16T05:37:42.336+0000] {processor.py:840} INFO - DAG(s) 'example_trigger_target_dag' retrieved from /home/airflow/.local/lib/python3.8/site-packages/airflow/example_dags/example_trigger_target_dag.py
[2026-07-16T05:37:42.352+0000] {logging_mixin.py:188} INFO - [2026-07-16T05:37:42.352+0000] {dag.py:3036} INFO - Sync 1 DAGs
[2026-07-16T05:37:42.364+0000] {logging_mixin.py:188} INFO - [2026-07-16T05:37:42.364+0000] {dag.py:3823} INFO - Setting next_dagrun for example_trigger_target_dag to None, run_after=None
[2026-07-16T05:37:42.380+0000] {processor.py:183} INFO - Processing /home/airflow/.local/lib/python3.8/site-packages/airflow/example_dags/example_trigger_target_dag.py took 0.055 seconds
[2026-07-16T05:38:12.524+0000] {processor.py:161} INFO - Started process (PID=1874) to work on /home/airflow/.local/lib/python3.8/site-packages/airflow/example_dags/example_trigger_target_dag.py
[2026-07-16T05:38:12.525+0000] {processor.py:830} INFO - Processing file /home/airflow/.local/lib/python3.8/site-packages/airflow/example_dags/example_trigger_target_dag.py for tasks to queue
[2026-07-16T05:38:12.527+0000] {logging_mixin.py:188} INFO - [2026-07-16T05:38:12.527+0000] {dagbag.py:538} INFO - Filling up the DagBag from /home/airflow/.local/lib/python3.8/site-packages/airflow/example_dags/example_trigger_target_dag.py
[2026-07-16T05:38:12.532+0000] {processor.py:840} INFO - DAG(s) 'example_trigger_target_dag' retrieved from /home/airflow/.local/lib/python3.8/site-packages/airflow/example_dags/example_trigger_target_dag.py
[2026-07-16T05:38:12.551+0000] {logging_mixin.py:188} INFO - [2026-07-16T05:38:12.551+0000] {dag.py:3036} INFO - Sync 1 DAGs
[2026-07-16T05:38:12.561+0000] {logging_mixin.py:188} INFO - [2026-07-16T05:38:12.561+0000] {dag.py:3823} INFO - Setting next_dagrun for example_trigger_target_dag to None, run_after=None
[2026-07-16T05:38:12.579+0000] {processor.py:183} INFO - Processing /home/airflow/.local/lib/python3.8/site-packages/airflow/example_dags/example_trigger_target_dag.py took 0.058 seconds
[2026-07-16T05:38:42.830+0000] {processor.py:161} INFO - Started process (PID=1930) to work on /home/airflow/.local/lib/python3.8/site-packages/airflow/example_dags/example_trigger_target_dag.py
[2026-07-16T05:38:42.831+0000] {processor.py:830} INFO - Processing file /home/airflow/.local/lib/python3.8/site-packages/airflow/example_dags/example_trigger_target_dag.py for tasks to queue
[2026-07-16T05:38:42.837+0000] {logging_mixin.py:188} INFO - [2026-07-16T05:38:42.836+0000] {dagbag.py:538} INFO - Filling up the DagBag from /home/airflow/.local/lib/python3.8/site-packages/airflow/example_dags/example_trigger_target_dag.py
[2026-07-16T05:38:42.843+0000] {processor.py:840} INFO - DAG(s) 'example_trigger_target_dag' retrieved from /home/airflow/.local/lib/python3.8/site-packages/airflow/example_dags/example_trigger_target_dag.py
[2026-07-16T05:38:42.864+0000] {logging_mixin.py:188} INFO - [2026-07-16T05:38:42.863+0000] {dag.py:3036} INFO - Sync 1 DAGs
[2026-07-16T05:38:42.875+0000] {logging_mixin.py:188} INFO - [2026-07-16T05:38:42.875+0000] {dag.py:3823} INFO - Setting next_dagrun for example_trigger_target_dag to None, run_after=None
[2026-07-16T05:38:42.894+0000] {processor.py:183} INFO - Processing /home/airflow/.local/lib/python3.8/site-packages/airflow/example_dags/example_trigger_target_dag.py took 0.068 seconds
[2026-07-16T05:39:13.264+0000] {processor.py:161} INFO - Started process (PID=1986) to work on /home/airflow/.local/lib/python3.8/site-packages/airflow/example_dags/example_trigger_target_dag.py
[2026-07-16T05:39:13.265+0000] {processor.py:830} INFO - Processing file /home/airflow/.local/lib/python3.8/site-packages/airflow/example_dags/example_trigger_target_dag.py for tasks to queue
[2026-07-16T05:39:13.267+0000] {logging_mixin.py:188} INFO - [2026-07-16T05:39:13.266+0000] {dagbag.py:538} INFO - Filling up the DagBag from /home/airflow/.local/lib/python3.8/site-packages/airflow/example_dags/example_trigger_target_dag.py
[2026-07-16T05:39:13.272+0000] {processor.py:840} INFO - DAG(s) 'example_trigger_target_dag' retrieved from /home/airflow/.local/lib/python3.8/site-packages/airflow/example_dags/example_trigger_target_dag.py
[2026-07-16T05:39:13.289+0000] {logging_mixin.py:188} INFO - [2026-07-16T05:39:13.288+0000] {dag.py:3036} INFO - Sync 1 DAGs
[2026-07-16T05:39:13.298+0000] {logging_mixin.py:188} INFO - [2026-07-16T05:39:13.298+0000] {dag.py:3823} INFO - Setting next_dagrun for example_trigger_target_dag to None, run_after=None
[2026-07-16T05:39:13.312+0000] {processor.py:183} INFO - Processing /home/airflow/.local/lib/python3.8/site-packages/airflow/example_dags/example_trigger_target_dag.py took 0.052 seconds
[2026-07-16T05:39:43.416+0000] {processor.py:161} INFO - Started process (PID=2042) to work on /home/airflow/.local/lib/python3.8/site-packages/airflow/example_dags/example_trigger_target_dag.py
[2026-07-16T05:39:43.417+0000] {processor.py:830} INFO - Processing file /home/airflow/.local/lib/python3.8/site-packages/airflow/example_dags/example_trigger_target_dag.py for tasks to queue
[2026-07-16T05:39:43.419+0000] {logging_mixin.py:188} INFO - [2026-07-16T05:39:43.418+0000] {dagbag.py:538} INFO - Filling up the DagBag from /home/airflow/.local/lib/python3.8/site-packages/airflow/example_dags/example_trigger_target_dag.py
[2026-07-16T05:39:43.425+0000] {processor.py:840} INFO - DAG(s) 'example_trigger_target_dag' retrieved from /home/airflow/.local/lib/python3.8/site-packages/airflow/example_dags/example_trigger_target_dag.py
[2026-07-16T05:39:43.444+0000] {logging_mixin.py:188} INFO - [2026-07-16T05:39:43.443+0000] {dag.py:3036} INFO - Sync 1 DAGs
[2026-07-16T05:39:43.454+0000] {logging_mixin.py:188} INFO - [2026-07-16T05:39:43.454+0000] {dag.py:3823} INFO - Setting next_dagrun for example_trigger_target_dag to None, run_after=None
[2026-07-16T05:39:43.471+0000] {processor.py:183} INFO - Processing /home/airflow/.local/lib/python3.8/site-packages/airflow/example_dags/example_trigger_target_dag.py took 0.059 seconds
[2026-07-16T05:40:13.645+0000] {processor.py:161} INFO - Started process (PID=2098) to work on /home/airflow/.local/lib/python3.8/site-packages/airflow/example_dags/example_trigger_target_dag.py
[2026-07-16T05:40:13.646+0000] {processor.py:830} INFO - Processing file /home/airflow/.local/lib/python3.8/site-packages/airflow/example_dags/example_trigger_target_dag.py for tasks to queue
[2026-07-16T05:40:13.648+0000] {logging_mixin.py:188} INFO - [2026-07-16T05:40:13.648+0000] {dagbag.py:538} INFO - Filling up the DagBag from /home/airflow/.local/lib/python3.8/site-packages/airflow/example_dags/example_trigger_target_dag.py
[2026-07-16T05:40:13.654+0000] {processor.py:840} INFO - DAG(s) 'example_trigger_target_dag' retrieved from /home/airflow/.local/lib/python3.8/site-packages/airflow/example_dags/example_trigger_target_dag.py
[2026-07-16T05:40:13.674+0000] {logging_mixin.py:188} INFO - [2026-07-16T05:40:13.673+0000] {dag.py:3036} INFO - Sync 1 DAGs
[2026-07-16T05:40:13.684+0000] {logging_mixin.py:188} INFO - [2026-07-16T05:40:13.684+0000] {dag.py:3823} INFO - Setting next_dagrun for example_trigger_target_dag to None, run_after=None
[2026-07-16T05:40:13.703+0000] {processor.py:183} INFO - Processing /home/airflow/.local/lib/python3.8/site-packages/airflow/example_dags/example_trigger_target_dag.py took 0.061 seconds
[2026-07-16T05:40:43.993+0000] {processor.py:161} INFO - Started process (PID=2154) to work on /home/airflow/.local/lib/python3.8/site-packages/airflow/example_dags/example_trigger_target_dag.py
[2026-07-16T05:40:43.994+0000] {processor.py:830} INFO - Processing file /home/airflow/.local/lib/python3.8/site-packages/airflow/example_dags/example_trigger_target_dag.py for tasks to queue
[2026-07-16T05:40:43.996+0000] {logging_mixin.py:188} INFO - [2026-07-16T05:40:43.995+0000] {dagbag.py:538} INFO - Filling up the DagBag from /home/airflow/.local/lib/python3.8/site-packages/airflow/example_dags/example_trigger_target_dag.py
[2026-07-16T05:40:44.001+0000] {processor.py:840} INFO - DAG(s) 'example_trigger_target_dag' retrieved from /home/airflow/.local/lib/python3.8/site-packages/airflow/example_dags/example_trigger_target_dag.py
[2026-07-16T05:40:44.018+0000] {logging_mixin.py:188} INFO - [2026-07-16T05:40:44.018+0000] {dag.py:3036} INFO - Sync 1 DAGs
[2026-07-16T05:40:44.027+0000] {logging_mixin.py:188} INFO - [2026-07-16T05:40:44.027+0000] {dag.py:3823} INFO - Setting next_dagrun for example_trigger_target_dag to None, run_after=None
[2026-07-16T05:40:44.043+0000] {processor.py:183} INFO - Processing /home/airflow/.local/lib/python3.8/site-packages/airflow/example_dags/example_trigger_target_dag.py took 0.053 seconds
[2026-07-16T05:41:14.372+0000] {processor.py:161} INFO - Started process (PID=2210) to work on /home/airflow/.local/lib/python3.8/site-packages/airflow/example_dags/example_trigger_target_dag.py
[2026-07-16T05:41:14.373+0000] {processor.py:830} INFO - Processing file /home/airflow/.local/lib/python3.8/site-packages/airflow/example_dags/example_trigger_target_dag.py for tasks to queue
[2026-07-16T05:41:14.375+0000] {logging_mixin.py:188} INFO - [2026-07-16T05:41:14.375+0000] {dagbag.py:538} INFO - Filling up the DagBag from /home/airflow/.local/lib/python3.8/site-packages/airflow/example_dags/example_trigger_target_dag.py
[2026-07-16T05:41:14.379+0000] {processor.py:840} INFO - DAG(s) 'example_trigger_target_dag' retrieved from /home/airflow/.local/lib/python3.8/site-packages/airflow/example_dags/example_trigger_target_dag.py
[2026-07-16T05:41:14.395+0000] {logging_mixin.py:188} INFO - [2026-07-16T05:41:14.395+0000] {dag.py:3036} INFO - Sync 1 DAGs
[2026-07-16T05:41:14.404+0000] {logging_mixin.py:188} INFO - [2026-07-16T05:41:14.404+0000] {dag.py:3823} INFO - Setting next_dagrun for example_trigger_target_dag to None, run_after=None
[2026-07-16T05:41:14.419+0000] {processor.py:183} INFO - Processing /home/airflow/.local/lib/python3.8/site-packages/airflow/example_dags/example_trigger_target_dag.py took 0.050 seconds
[2026-07-16T05:41:45.306+0000] {processor.py:161} INFO - Started process (PID=2266) to work on /home/airflow/.local/lib/python3.8/site-packages/airflow/example_dags/example_trigger_target_dag.py
[2026-07-16T05:41:45.307+0000] {processor.py:830} INFO - Processing file /home/airflow/.local/lib/python3.8/site-packages/airflow/example_dags/example_trigger_target_dag.py for tasks to queue
[2026-07-16T05:41:45.309+0000] {logging_mixin.py:188} INFO - [2026-07-16T05:41:45.309+0000] {dagbag.py:538} INFO - Filling up the DagBag from /home/airflow/.local/lib/python3.8/site-packages/airflow/example_dags/example_trigger_target_dag.py
[2026-07-16T05:41:45.315+0000] {processor.py:840} INFO - DAG(s) 'example_trigger_target_dag' retrieved from /home/airflow/.local/lib/python3.8/site-packages/airflow/example_dags/example_trigger_target_dag.py
[2026-07-16T05:41:45.332+0000] {logging_mixin.py:188} INFO - [2026-07-16T05:41:45.331+0000] {dag.py:3036} INFO - Sync 1 DAGs
[2026-07-16T05:41:45.341+0000] {logging_mixin.py:188} INFO - [2026-07-16T05:41:45.341+0000] {dag.py:3823} INFO - Setting next_dagrun for example_trigger_target_dag to None, run_after=None
[2026-07-16T05:41:45.356+0000] {processor.py:183} INFO - Processing /home/airflow/.local/lib/python3.8/site-packages/airflow/example_dags/example_trigger_target_dag.py took 0.053 seconds
[2026-07-16T05:42:16.212+0000] {processor.py:161} INFO - Started process (PID=2322) to work on /home/airflow/.local/lib/python3.8/site-packages/airflow/example_dags/example_trigger_target_dag.py
[2026-07-16T05:42:16.214+0000] {processor.py:830} INFO - Processing file /home/airflow/.local/lib/python3.8/site-packages/airflow/example_dags/example_trigger_target_dag.py for tasks to queue
[2026-07-16T05:42:16.215+0000] {logging_mixin.py:188} INFO - [2026-07-16T05:42:16.215+0000] {dagbag.py:538} INFO - Filling up the DagBag from /home/airflow/.local/lib/python3.8/site-packages/airflow/example_dags/example_trigger_target_dag.py
[2026-07-16T05:42:16.221+0000] {processor.py:840} INFO - DAG(s) 'example_trigger_target_dag' retrieved from /home/airflow/.local/lib/python3.8/site-packages/airflow/example_dags/example_trigger_target_dag.py
[2026-07-16T05:42:16.238+0000] {logging_mixin.py:188} INFO - [2026-07-16T05:42:16.237+0000] {dag.py:3036} INFO - Sync 1 DAGs
[2026-07-16T05:42:16.247+0000] {logging_mixin.py:188} INFO - [2026-07-16T05:42:16.247+0000] {dag.py:3823} INFO - Setting next_dagrun for example_trigger_target_dag to None, run_after=None
[2026-07-16T05:42:16.261+0000] {processor.py:183} INFO - Processing /home/airflow/.local/lib/python3.8/site-packages/airflow/example_dags/example_trigger_target_dag.py took 0.052 seconds
[2026-07-16T05:42:46.464+0000] {processor.py:161} INFO - Started process (PID=2378) to work on /home/airflow/.local/lib/python3.8/site-packages/airflow/example_dags/example_trigger_target_dag.py
[2026-07-16T05:42:46.465+0000] {processor.py:830} INFO - Processing file /home/airflow/.local/lib/python3.8/site-packages/airflow/example_dags/example_trigger_target_dag.py for tasks to queue
[2026-07-16T05:42:46.467+0000] {logging_mixin.py:188} INFO - [2026-07-16T05:42:46.467+0000] {dagbag.py:538} INFO - Filling up the DagBag from /home/airflow/.local/lib/python3.8/site-packages/airflow/example_dags/example_trigger_target_dag.py
[2026-07-16T05:42:46.472+0000] {processor.py:840} INFO - DAG(s) 'example_trigger_target_dag' retrieved from /home/airflow/.local/lib/python3.8/site-packages/airflow/example_dags/example_trigger_target_dag.py
[2026-07-16T05:42:46.489+0000] {logging_mixin.py:188} INFO - [2026-07-16T05:42:46.488+0000] {dag.py:3036} INFO - Sync 1 DAGs
[2026-07-16T05:42:46.498+0000] {logging_mixin.py:188} INFO - [2026-07-16T05:42:46.498+0000] {dag.py:3823} INFO - Setting next_dagrun for example_trigger_target_dag to None, run_after=None
[2026-07-16T05:42:46.513+0000] {processor.py:183} INFO - Processing /home/airflow/.local/lib/python3.8/site-packages/airflow/example_dags/example_trigger_target_dag.py took 0.052 seconds
[2026-07-16T05:43:16.982+0000] {processor.py:161} INFO - Started process (PID=2434) to work on /home/airflow/.local/lib/python3.8/site-packages/airflow/example_dags/example_trigger_target_dag.py
[2026-07-16T05:43:16.983+0000] {processor.py:830} INFO - Processing file /home/airflow/.local/lib/python3.8/site-packages/airflow/example_dags/example_trigger_target_dag.py for tasks to queue
[2026-07-16T05:43:16.986+0000] {logging_mixin.py:188} INFO - [2026-07-16T05:43:16.985+0000] {dagbag.py:538} INFO - Filling up the DagBag from /home/airflow/.local/lib/python3.8/site-packages/airflow/example_dags/example_trigger_target_dag.py
[2026-07-16T05:43:16.991+0000] {processor.py:840} INFO - DAG(s) 'example_trigger_target_dag' retrieved from /home/airflow/.local/lib/python3.8/site-packages/airflow/example_dags/example_trigger_target_dag.py
[2026-07-16T05:43:17.015+0000] {logging_mixin.py:188} INFO - [2026-07-16T05:43:17.015+0000] {dag.py:3036} INFO - Sync 1 DAGs
[2026-07-16T05:43:17.026+0000] {logging_mixin.py:188} INFO - [2026-07-16T05:43:17.026+0000] {dag.py:3823} INFO - Setting next_dagrun for example_trigger_target_dag to None, run_after=None
[2026-07-16T05:43:17.043+0000] {processor.py:183} INFO - Processing /home/airflow/.local/lib/python3.8/site-packages/airflow/example_dags/example_trigger_target_dag.py took 0.065 seconds
[2026-07-16T05:43:47.430+0000] {processor.py:161} INFO - Started process (PID=2490) to work on /home/airflow/.local/lib/python3.8/site-packages/airflow/example_dags/example_trigger_target_dag.py
[2026-07-16T05:43:47.432+0000] {processor.py:830} INFO - Processing file /home/airflow/.local/lib/python3.8/site-packages/airflow/example_dags/example_trigger_target_dag.py for tasks to queue
[2026-07-16T05:43:47.434+0000] {logging_mixin.py:188} INFO - [2026-07-16T05:43:47.433+0000] {dagbag.py:538} INFO - Filling up the DagBag from /home/airflow/.local/lib/python3.8/site-packages/airflow/example_dags/example_trigger_target_dag.py
[2026-07-16T05:43:47.439+0000] {processor.py:840} INFO - DAG(s) 'example_trigger_target_dag' retrieved from /home/airflow/.local/lib/python3.8/site-packages/airflow/example_dags/example_trigger_target_dag.py
[2026-07-16T05:43:47.455+0000] {logging_mixin.py:188} INFO - [2026-07-16T05:43:47.455+0000] {dag.py:3036} INFO - Sync 1 DAGs
[2026-07-16T05:43:47.464+0000] {logging_mixin.py:188} INFO - [2026-07-16T05:43:47.464+0000] {dag.py:3823} INFO - Setting next_dagrun for example_trigger_target_dag to None, run_after=None
[2026-07-16T05:43:47.480+0000] {processor.py:183} INFO - Processing /home/airflow/.local/lib/python3.8/site-packages/airflow/example_dags/example_trigger_target_dag.py took 0.053 seconds
[2026-07-16T05:44:17.973+0000] {processor.py:161} INFO - Started process (PID=2546) to work on /home/airflow/.local/lib/python3.8/site-packages/airflow/example_dags/example_trigger_target_dag.py
[2026-07-16T05:44:17.974+0000] {processor.py:830} INFO - Processing file /home/airflow/.local/lib/python3.8/site-packages/airflow/example_dags/example_trigger_target_dag.py for tasks to queue
[2026-07-16T05:44:17.976+0000] {logging_mixin.py:188} INFO - [2026-07-16T05:44:17.976+0000] {dagbag.py:538} INFO - Filling up the DagBag from /home/airflow/.local/lib/python3.8/site-packages/airflow/example_dags/example_trigger_target_dag.py
[2026-07-16T05:44:17.985+0000] {processor.py:840} INFO - DAG(s) 'example_trigger_target_dag' retrieved from /home/airflow/.local/lib/python3.8/site-packages/airflow/example_dags/example_trigger_target_dag.py
[2026-07-16T05:44:18.005+0000] {logging_mixin.py:188} INFO - [2026-07-16T05:44:18.004+0000] {dag.py:3036} INFO - Sync 1 DAGs
[2026-07-16T05:44:18.015+0000] {logging_mixin.py:188} INFO - [2026-07-16T05:44:18.015+0000] {dag.py:3823} INFO - Setting next_dagrun for example_trigger_target_dag to None, run_after=None
[2026-07-16T05:44:18.032+0000] {processor.py:183} INFO - Processing /home/airflow/.local/lib/python3.8/site-packages/airflow/example_dags/example_trigger_target_dag.py took 0.065 seconds
[2026-07-16T05:44:48.309+0000] {processor.py:161} INFO - Started process (PID=2602) to work on /home/airflow/.local/lib/python3.8/site-packages/airflow/example_dags/example_trigger_target_dag.py
[2026-07-16T05:44:48.311+0000] {processor.py:830} INFO - Processing file /home/airflow/.local/lib/python3.8/site-packages/airflow/example_dags/example_trigger_target_dag.py for tasks to queue
[2026-07-16T05:44:48.313+0000] {logging_mixin.py:188} INFO - [2026-07-16T05:44:48.313+0000] {dagbag.py:538} INFO - Filling up the DagBag from /home/airflow/.local/lib/python3.8/site-packages/airflow/example_dags/example_trigger_target_dag.py
[2026-07-16T05:44:48.318+0000] {processor.py:840} INFO - DAG(s) 'example_trigger_target_dag' retrieved from /home/airflow/.local/lib/python3.8/site-packages/airflow/example_dags/example_trigger_target_dag.py
[2026-07-16T05:44:48.337+0000] {logging_mixin.py:188} INFO - [2026-07-16T05:44:48.337+0000] {dag.py:3036} INFO - Sync 1 DAGs
[2026-07-16T05:44:48.346+0000] {logging_mixin.py:188} INFO - [2026-07-16T05:44:48.345+0000] {dag.py:3823} INFO - Setting next_dagrun for example_trigger_target_dag to None, run_after=None
[2026-07-16T05:44:48.362+0000] {processor.py:183} INFO - Processing /home/airflow/.local/lib/python3.8/site-packages/airflow/example_dags/example_trigger_target_dag.py took 0.056 seconds
[2026-07-16T05:45:18.519+0000] {processor.py:161} INFO - Started process (PID=2658) to work on /home/airflow/.local/lib/python3.8/site-packages/airflow/example_dags/example_trigger_target_dag.py
[2026-07-16T05:45:18.520+0000] {processor.py:830} INFO - Processing file /home/airflow/.local/lib/python3.8/site-packages/airflow/example_dags/example_trigger_target_dag.py for tasks to queue
[2026-07-16T05:45:18.521+0000] {logging_mixin.py:188} INFO - [2026-07-16T05:45:18.521+0000] {dagbag.py:538} INFO - Filling up the DagBag from /home/airflow/.local/lib/python3.8/site-packages/airflow/example_dags/example_trigger_target_dag.py
[2026-07-16T05:45:18.526+0000] {processor.py:840} INFO - DAG(s) 'example_trigger_target_dag' retrieved from /home/airflow/.local/lib/python3.8/site-packages/airflow/example_dags/example_trigger_target_dag.py
[2026-07-16T05:45:18.540+0000] {logging_mixin.py:188} INFO - [2026-07-16T05:45:18.540+0000] {dag.py:3036} INFO - Sync 1 DAGs
[2026-07-16T05:45:18.548+0000] {logging_mixin.py:188} INFO - [2026-07-16T05:45:18.548+0000] {dag.py:3823} INFO - Setting next_dagrun for example_trigger_target_dag to None, run_after=None
[2026-07-16T05:45:18.561+0000] {processor.py:183} INFO - Processing /home/airflow/.local/lib/python3.8/site-packages/airflow/example_dags/example_trigger_target_dag.py took 0.044 seconds
[2026-07-16T05:45:49.002+0000] {processor.py:161} INFO - Started process (PID=2714) to work on /home/airflow/.local/lib/python3.8/site-packages/airflow/example_dags/example_trigger_target_dag.py
[2026-07-16T05:45:49.003+0000] {processor.py:830} INFO - Processing file /home/airflow/.local/lib/python3.8/site-packages/airflow/example_dags/example_trigger_target_dag.py for tasks to queue
[2026-07-16T05:45:49.007+0000] {logging_mixin.py:188} INFO - [2026-07-16T05:45:49.007+0000] {dagbag.py:538} INFO - Filling up the DagBag from /home/airflow/.local/lib/python3.8/site-packages/airflow/example_dags/example_trigger_target_dag.py
[2026-07-16T05:45:49.013+0000] {processor.py:840} INFO - DAG(s) 'example_trigger_target_dag' retrieved from /home/airflow/.local/lib/python3.8/site-packages/airflow/example_dags/example_trigger_target_dag.py
[2026-07-16T05:45:49.028+0000] {logging_mixin.py:188} INFO - [2026-07-16T05:45:49.028+0000] {dag.py:3036} INFO - Sync 1 DAGs
[2026-07-16T05:45:49.036+0000] {logging_mixin.py:188} INFO - [2026-07-16T05:45:49.036+0000] {dag.py:3823} INFO - Setting next_dagrun for example_trigger_target_dag to None, run_after=None
[2026-07-16T05:45:49.049+0000] {processor.py:183} INFO - Processing /home/airflow/.local/lib/python3.8/site-packages/airflow/example_dags/example_trigger_target_dag.py took 0.050 seconds
[2026-07-16T05:46:19.275+0000] {processor.py:161} INFO - Started process (PID=2770) to work on /home/airflow/.local/lib/python3.8/site-packages/airflow/example_dags/example_trigger_target_dag.py
[2026-07-16T05:46:19.276+0000] {processor.py:830} INFO - Processing file /home/airflow/.local/lib/python3.8/site-packages/airflow/example_dags/example_trigger_target_dag.py for tasks to queue
[2026-07-16T05:46:19.277+0000] {logging_mixin.py:188} INFO - [2026-07-16T05:46:19.277+0000] {dagbag.py:538} INFO - Filling up the DagBag from /home/airflow/.local/lib/python3.8/site-packages/airflow/example_dags/example_trigger_target_dag.py
[2026-07-16T05:46:19.283+0000] {processor.py:840} INFO - DAG(s) 'example_trigger_target_dag' retrieved from /home/airflow/.local/lib/python3.8/site-packages/airflow/example_dags/example_trigger_target_dag.py
[2026-07-16T05:46:19.298+0000] {logging_mixin.py:188} INFO - [2026-07-16T05:46:19.298+0000] {dag.py:3036} INFO - Sync 1 DAGs
[2026-07-16T05:46:19.307+0000] {logging_mixin.py:188} INFO - [2026-07-16T05:46:19.306+0000] {dag.py:3823} INFO - Setting next_dagrun for example_trigger_target_dag to None, run_after=None
[2026-07-16T05:46:19.321+0000] {processor.py:183} INFO - Processing /home/airflow/.local/lib/python3.8/site-packages/airflow/example_dags/example_trigger_target_dag.py took 0.049 seconds
[2026-07-16T05:46:49.538+0000] {processor.py:161} INFO - Started process (PID=2826) to work on /home/airflow/.local/lib/python3.8/site-packages/airflow/example_dags/example_trigger_target_dag.py
[2026-07-16T05:46:49.539+0000] {processor.py:830} INFO - Processing file /home/airflow/.local/lib/python3.8/site-packages/airflow/example_dags/example_trigger_target_dag.py for tasks to queue
[2026-07-16T05:46:49.542+0000] {logging_mixin.py:188} INFO - [2026-07-16T05:46:49.542+0000] {dagbag.py:538} INFO - Filling up the DagBag from /home/airflow/.local/lib/python3.8/site-packages/airflow/example_dags/example_trigger_target_dag.py
[2026-07-16T05:46:49.546+0000] {processor.py:840} INFO - DAG(s) 'example_trigger_target_dag' retrieved from /home/airflow/.local/lib/python3.8/site-packages/airflow/example_dags/example_trigger_target_dag.py
[2026-07-16T05:46:49.563+0000] {logging_mixin.py:188} INFO - [2026-07-16T05:46:49.563+0000] {dag.py:3036} INFO - Sync 1 DAGs
[2026-07-16T05:46:49.571+0000] {logging_mixin.py:188} INFO - [2026-07-16T05:46:49.571+0000] {dag.py:3823} INFO - Setting next_dagrun for example_trigger_target_dag to None, run_after=None
[2026-07-16T05:46:49.585+0000] {processor.py:183} INFO - Processing /home/airflow/.local/lib/python3.8/site-packages/airflow/example_dags/example_trigger_target_dag.py took 0.049 seconds
[2026-07-16T05:47:20.323+0000] {processor.py:161} INFO - Started process (PID=2882) to work on /home/airflow/.local/lib/python3.8/site-packages/airflow/example_dags/example_trigger_target_dag.py
[2026-07-16T05:47:20.325+0000] {processor.py:830} INFO - Processing file /home/airflow/.local/lib/python3.8/site-packages/airflow/example_dags/example_trigger_target_dag.py for tasks to queue
[2026-07-16T05:47:20.326+0000] {logging_mixin.py:188} INFO - [2026-07-16T05:47:20.326+0000] {dagbag.py:538} INFO - Filling up the DagBag from /home/airflow/.local/lib/python3.8/site-packages/airflow/example_dags/example_trigger_target_dag.py
[2026-07-16T05:47:20.331+0000] {processor.py:840} INFO - DAG(s) 'example_trigger_target_dag' retrieved from /home/airflow/.local/lib/python3.8/site-packages/airflow/example_dags/example_trigger_target_dag.py
[2026-07-16T05:47:20.345+0000] {logging_mixin.py:188} INFO - [2026-07-16T05:47:20.345+0000] {dag.py:3036} INFO - Sync 1 DAGs
[2026-07-16T05:47:20.355+0000] {logging_mixin.py:188} INFO - [2026-07-16T05:47:20.355+0000] {dag.py:3823} INFO - Setting next_dagrun for example_trigger_target_dag to None, run_after=None
[2026-07-16T05:47:20.371+0000] {processor.py:183} INFO - Processing /home/airflow/.local/lib/python3.8/site-packages/airflow/example_dags/example_trigger_target_dag.py took 0.050 seconds
[2026-07-16T05:47:50.451+0000] {processor.py:161} INFO - Started process (PID=2938) to work on /home/airflow/.local/lib/python3.8/site-packages/airflow/example_dags/example_trigger_target_dag.py
[2026-07-16T05:47:50.452+0000] {processor.py:830} INFO - Processing file /home/airflow/.local/lib/python3.8/site-packages/airflow/example_dags/example_trigger_target_dag.py for tasks to queue
[2026-07-16T05:47:50.455+0000] {logging_mixin.py:188} INFO - [2026-07-16T05:47:50.454+0000] {dagbag.py:538} INFO - Filling up the DagBag from /home/airflow/.local/lib/python3.8/site-packages/airflow/example_dags/example_trigger_target_dag.py
[2026-07-16T05:47:50.461+0000] {processor.py:840} INFO - DAG(s) 'example_trigger_target_dag' retrieved from /home/airflow/.local/lib/python3.8/site-packages/airflow/example_dags/example_trigger_target_dag.py
[2026-07-16T05:47:50.482+0000] {logging_mixin.py:188} INFO - [2026-07-16T05:47:50.481+0000] {dag.py:3036} INFO - Sync 1 DAGs
[2026-07-16T05:47:50.492+0000] {logging_mixin.py:188} INFO - [2026-07-16T05:47:50.492+0000] {dag.py:3823} INFO - Setting next_dagrun for example_trigger_target_dag to None, run_after=None
[2026-07-16T05:47:50.513+0000] {processor.py:183} INFO - Processing /home/airflow/.local/lib/python3.8/site-packages/airflow/example_dags/example_trigger_target_dag.py took 0.065 seconds
[2026-07-16T05:48:21.883+0000] {processor.py:161} INFO - Started process (PID=2994) to work on /home/airflow/.local/lib/python3.8/site-packages/airflow/example_dags/example_trigger_target_dag.py
[2026-07-16T05:48:21.885+0000] {processor.py:830} INFO - Processing file /home/airflow/.local/lib/python3.8/site-packages/airflow/example_dags/example_trigger_target_dag.py for tasks to queue
[2026-07-16T05:48:21.888+0000] {logging_mixin.py:188} INFO - [2026-07-16T05:48:21.887+0000] {dagbag.py:538} INFO - Filling up the DagBag from /home/airflow/.local/lib/python3.8/site-packages/airflow/example_dags/example_trigger_target_dag.py
[2026-07-16T05:48:21.895+0000] {processor.py:840} INFO - DAG(s) 'example_trigger_target_dag' retrieved from /home/airflow/.local/lib/python3.8/site-packages/airflow/example_dags/example_trigger_target_dag.py
[2026-07-16T05:48:21.918+0000] {logging_mixin.py:188} INFO - [2026-07-16T05:48:21.918+0000] {dag.py:3036} INFO - Sync 1 DAGs
[2026-07-16T05:48:22.103+0000] {logging_mixin.py:188} INFO - [2026-07-16T05:48:22.103+0000] {dag.py:3823} INFO - Setting next_dagrun for example_trigger_target_dag to None, run_after=None
[2026-07-16T05:48:22.130+0000] {processor.py:183} INFO - Processing /home/airflow/.local/lib/python3.8/site-packages/airflow/example_dags/example_trigger_target_dag.py took 0.251 seconds
