[2026-07-16T05:21:57.955+0000] {processor.py:161} INFO - Started process (PID=93) to work on /home/airflow/.local/lib/python3.8/site-packages/airflow/example_dags/example_external_task_marker_dag.py
[2026-07-16T05:21:57.957+0000] {processor.py:830} INFO - Processing file /home/airflow/.local/lib/python3.8/site-packages/airflow/example_dags/example_external_task_marker_dag.py for tasks to queue
[2026-07-16T05:21:57.960+0000] {logging_mixin.py:188} INFO - [2026-07-16T05:21:57.960+0000] {dagbag.py:538} INFO - Filling up the DagBag from /home/airflow/.local/lib/python3.8/site-packages/airflow/example_dags/example_external_task_marker_dag.py
[2026-07-16T05:21:57.972+0000] {processor.py:840} INFO - DAG(s) 'example_external_task_marker_parent', 'example_external_task_marker_child' retrieved from /home/airflow/.local/lib/python3.8/site-packages/airflow/example_dags/example_external_task_marker_dag.py
[2026-07-16T05:21:58.130+0000] {logging_mixin.py:188} INFO - [2026-07-16T05:21:58.130+0000] {dag.py:3036} INFO - Sync 2 DAGs
[2026-07-16T05:21:58.158+0000] {logging_mixin.py:188} INFO - [2026-07-16T05:21:58.157+0000] {dag.py:3823} INFO - Setting next_dagrun for example_external_task_marker_child to None, run_after=None
[2026-07-16T05:21:58.163+0000] {logging_mixin.py:188} INFO - [2026-07-16T05:21:58.163+0000] {dag.py:3823} INFO - Setting next_dagrun for example_external_task_marker_parent to None, run_after=None
[2026-07-16T05:21:58.222+0000] {processor.py:183} INFO - Processing /home/airflow/.local/lib/python3.8/site-packages/airflow/example_dags/example_external_task_marker_dag.py took 0.272 seconds
[2026-07-16T05:22:28.549+0000] {processor.py:161} INFO - Started process (PID=151) to work on /home/airflow/.local/lib/python3.8/site-packages/airflow/example_dags/example_external_task_marker_dag.py
[2026-07-16T05:22:28.552+0000] {processor.py:830} INFO - Processing file /home/airflow/.local/lib/python3.8/site-packages/airflow/example_dags/example_external_task_marker_dag.py for tasks to queue
[2026-07-16T05:22:28.557+0000] {logging_mixin.py:188} INFO - [2026-07-16T05:22:28.555+0000] {dagbag.py:538} INFO - Filling up the DagBag from /home/airflow/.local/lib/python3.8/site-packages/airflow/example_dags/example_external_task_marker_dag.py
[2026-07-16T05:22:28.575+0000] {processor.py:840} INFO - DAG(s) 'example_external_task_marker_parent', 'example_external_task_marker_child' retrieved from /home/airflow/.local/lib/python3.8/site-packages/airflow/example_dags/example_external_task_marker_dag.py
[2026-07-16T05:22:28.640+0000] {logging_mixin.py:188} INFO - [2026-07-16T05:22:28.640+0000] {dag.py:3036} INFO - Sync 2 DAGs
[2026-07-16T05:22:28.674+0000] {logging_mixin.py:188} INFO - [2026-07-16T05:22:28.673+0000] {dag.py:3823} INFO - Setting next_dagrun for example_external_task_marker_child to None, run_after=None
[2026-07-16T05:22:28.681+0000] {logging_mixin.py:188} INFO - [2026-07-16T05:22:28.681+0000] {dag.py:3823} INFO - Setting next_dagrun for example_external_task_marker_parent to None, run_after=None
[2026-07-16T05:22:28.722+0000] {processor.py:183} INFO - Processing /home/airflow/.local/lib/python3.8/site-packages/airflow/example_dags/example_external_task_marker_dag.py took 0.180 seconds
[2026-07-16T05:23:00.498+0000] {processor.py:161} INFO - Started process (PID=207) to work on /home/airflow/.local/lib/python3.8/site-packages/airflow/example_dags/example_external_task_marker_dag.py
[2026-07-16T05:23:00.501+0000] {processor.py:830} INFO - Processing file /home/airflow/.local/lib/python3.8/site-packages/airflow/example_dags/example_external_task_marker_dag.py for tasks to queue
[2026-07-16T05:23:00.505+0000] {logging_mixin.py:188} INFO - [2026-07-16T05:23:00.505+0000] {dagbag.py:538} INFO - Filling up the DagBag from /home/airflow/.local/lib/python3.8/site-packages/airflow/example_dags/example_external_task_marker_dag.py
[2026-07-16T05:23:00.519+0000] {processor.py:840} INFO - DAG(s) 'example_external_task_marker_child', 'example_external_task_marker_parent' retrieved from /home/airflow/.local/lib/python3.8/site-packages/airflow/example_dags/example_external_task_marker_dag.py
[2026-07-16T05:23:00.584+0000] {logging_mixin.py:188} INFO - [2026-07-16T05:23:00.583+0000] {dag.py:3036} INFO - Sync 2 DAGs
[2026-07-16T05:23:00.629+0000] {logging_mixin.py:188} INFO - [2026-07-16T05:23:00.628+0000] {dag.py:3823} INFO - Setting next_dagrun for example_external_task_marker_child to None, run_after=None
[2026-07-16T05:23:00.637+0000] {logging_mixin.py:188} INFO - [2026-07-16T05:23:00.636+0000] {dag.py:3823} INFO - Setting next_dagrun for example_external_task_marker_parent to None, run_after=None
[2026-07-16T05:23:00.687+0000] {processor.py:183} INFO - Processing /home/airflow/.local/lib/python3.8/site-packages/airflow/example_dags/example_external_task_marker_dag.py took 0.202 seconds
[2026-07-16T05:23:30.772+0000] {processor.py:161} INFO - Started process (PID=263) to work on /home/airflow/.local/lib/python3.8/site-packages/airflow/example_dags/example_external_task_marker_dag.py
[2026-07-16T05:23:30.774+0000] {processor.py:830} INFO - Processing file /home/airflow/.local/lib/python3.8/site-packages/airflow/example_dags/example_external_task_marker_dag.py for tasks to queue
[2026-07-16T05:23:30.777+0000] {logging_mixin.py:188} INFO - [2026-07-16T05:23:30.776+0000] {dagbag.py:538} INFO - Filling up the DagBag from /home/airflow/.local/lib/python3.8/site-packages/airflow/example_dags/example_external_task_marker_dag.py
[2026-07-16T05:23:30.785+0000] {processor.py:840} INFO - DAG(s) 'example_external_task_marker_child', 'example_external_task_marker_parent' retrieved from /home/airflow/.local/lib/python3.8/site-packages/airflow/example_dags/example_external_task_marker_dag.py
[2026-07-16T05:23:30.818+0000] {logging_mixin.py:188} INFO - [2026-07-16T05:23:30.817+0000] {dag.py:3036} INFO - Sync 2 DAGs
[2026-07-16T05:23:30.833+0000] {logging_mixin.py:188} INFO - [2026-07-16T05:23:30.833+0000] {dag.py:3823} INFO - Setting next_dagrun for example_external_task_marker_child to None, run_after=None
[2026-07-16T05:23:30.837+0000] {logging_mixin.py:188} INFO - [2026-07-16T05:23:30.837+0000] {dag.py:3823} INFO - Setting next_dagrun for example_external_task_marker_parent to None, run_after=None
[2026-07-16T05:23:30.865+0000] {processor.py:183} INFO - Processing /home/airflow/.local/lib/python3.8/site-packages/airflow/example_dags/example_external_task_marker_dag.py took 0.097 seconds
[2026-07-16T05:24:03.424+0000] {processor.py:161} INFO - Started process (PID=324) to work on /home/airflow/.local/lib/python3.8/site-packages/airflow/example_dags/example_external_task_marker_dag.py
[2026-07-16T05:24:03.429+0000] {processor.py:830} INFO - Processing file /home/airflow/.local/lib/python3.8/site-packages/airflow/example_dags/example_external_task_marker_dag.py for tasks to queue
[2026-07-16T05:24:03.439+0000] {logging_mixin.py:188} INFO - [2026-07-16T05:24:03.437+0000] {dagbag.py:538} INFO - Filling up the DagBag from /home/airflow/.local/lib/python3.8/site-packages/airflow/example_dags/example_external_task_marker_dag.py
[2026-07-16T05:24:03.460+0000] {processor.py:840} INFO - DAG(s) 'example_external_task_marker_child', 'example_external_task_marker_parent' retrieved from /home/airflow/.local/lib/python3.8/site-packages/airflow/example_dags/example_external_task_marker_dag.py
[2026-07-16T05:24:03.575+0000] {logging_mixin.py:188} INFO - [2026-07-16T05:24:03.574+0000] {dag.py:3036} INFO - Sync 2 DAGs
[2026-07-16T05:24:03.622+0000] {logging_mixin.py:188} INFO - [2026-07-16T05:24:03.621+0000] {dag.py:3823} INFO - Setting next_dagrun for example_external_task_marker_child to None, run_after=None
[2026-07-16T05:24:03.636+0000] {logging_mixin.py:188} INFO - [2026-07-16T05:24:03.635+0000] {dag.py:3823} INFO - Setting next_dagrun for example_external_task_marker_parent to None, run_after=None
[2026-07-16T05:24:03.697+0000] {processor.py:183} INFO - Processing /home/airflow/.local/lib/python3.8/site-packages/airflow/example_dags/example_external_task_marker_dag.py took 0.287 seconds
[2026-07-16T05:24:34.070+0000] {processor.py:161} INFO - Started process (PID=380) to work on /home/airflow/.local/lib/python3.8/site-packages/airflow/example_dags/example_external_task_marker_dag.py
[2026-07-16T05:24:34.072+0000] {processor.py:830} INFO - Processing file /home/airflow/.local/lib/python3.8/site-packages/airflow/example_dags/example_external_task_marker_dag.py for tasks to queue
[2026-07-16T05:24:34.076+0000] {logging_mixin.py:188} INFO - [2026-07-16T05:24:34.075+0000] {dagbag.py:538} INFO - Filling up the DagBag from /home/airflow/.local/lib/python3.8/site-packages/airflow/example_dags/example_external_task_marker_dag.py
[2026-07-16T05:24:34.084+0000] {processor.py:840} INFO - DAG(s) 'example_external_task_marker_parent', 'example_external_task_marker_child' retrieved from /home/airflow/.local/lib/python3.8/site-packages/airflow/example_dags/example_external_task_marker_dag.py
[2026-07-16T05:24:34.127+0000] {logging_mixin.py:188} INFO - [2026-07-16T05:24:34.127+0000] {dag.py:3036} INFO - Sync 2 DAGs
[2026-07-16T05:24:34.143+0000] {logging_mixin.py:188} INFO - [2026-07-16T05:24:34.142+0000] {dag.py:3823} INFO - Setting next_dagrun for example_external_task_marker_child to None, run_after=None
[2026-07-16T05:24:34.150+0000] {logging_mixin.py:188} INFO - [2026-07-16T05:24:34.150+0000] {dag.py:3823} INFO - Setting next_dagrun for example_external_task_marker_parent to None, run_after=None
[2026-07-16T05:24:34.185+0000] {processor.py:183} INFO - Processing /home/airflow/.local/lib/python3.8/site-packages/airflow/example_dags/example_external_task_marker_dag.py took 0.120 seconds
[2026-07-16T05:25:04.322+0000] {processor.py:161} INFO - Started process (PID=436) to work on /home/airflow/.local/lib/python3.8/site-packages/airflow/example_dags/example_external_task_marker_dag.py
[2026-07-16T05:25:04.323+0000] {processor.py:830} INFO - Processing file /home/airflow/.local/lib/python3.8/site-packages/airflow/example_dags/example_external_task_marker_dag.py for tasks to queue
[2026-07-16T05:25:04.326+0000] {logging_mixin.py:188} INFO - [2026-07-16T05:25:04.325+0000] {dagbag.py:538} INFO - Filling up the DagBag from /home/airflow/.local/lib/python3.8/site-packages/airflow/example_dags/example_external_task_marker_dag.py
[2026-07-16T05:25:04.334+0000] {processor.py:840} INFO - DAG(s) 'example_external_task_marker_child', 'example_external_task_marker_parent' retrieved from /home/airflow/.local/lib/python3.8/site-packages/airflow/example_dags/example_external_task_marker_dag.py
[2026-07-16T05:25:04.374+0000] {logging_mixin.py:188} INFO - [2026-07-16T05:25:04.374+0000] {dag.py:3036} INFO - Sync 2 DAGs
[2026-07-16T05:25:04.394+0000] {logging_mixin.py:188} INFO - [2026-07-16T05:25:04.394+0000] {dag.py:3823} INFO - Setting next_dagrun for example_external_task_marker_child to None, run_after=None
[2026-07-16T05:25:04.400+0000] {logging_mixin.py:188} INFO - [2026-07-16T05:25:04.400+0000] {dag.py:3823} INFO - Setting next_dagrun for example_external_task_marker_parent to None, run_after=None
[2026-07-16T05:25:04.425+0000] {processor.py:183} INFO - Processing /home/airflow/.local/lib/python3.8/site-packages/airflow/example_dags/example_external_task_marker_dag.py took 0.108 seconds
[2026-07-16T05:25:34.639+0000] {processor.py:161} INFO - Started process (PID=492) to work on /home/airflow/.local/lib/python3.8/site-packages/airflow/example_dags/example_external_task_marker_dag.py
[2026-07-16T05:25:34.643+0000] {processor.py:830} INFO - Processing file /home/airflow/.local/lib/python3.8/site-packages/airflow/example_dags/example_external_task_marker_dag.py for tasks to queue
[2026-07-16T05:25:34.649+0000] {logging_mixin.py:188} INFO - [2026-07-16T05:25:34.647+0000] {dagbag.py:538} INFO - Filling up the DagBag from /home/airflow/.local/lib/python3.8/site-packages/airflow/example_dags/example_external_task_marker_dag.py
[2026-07-16T05:25:34.663+0000] {processor.py:840} INFO - DAG(s) 'example_external_task_marker_child', 'example_external_task_marker_parent' retrieved from /home/airflow/.local/lib/python3.8/site-packages/airflow/example_dags/example_external_task_marker_dag.py
[2026-07-16T05:25:34.712+0000] {logging_mixin.py:188} INFO - [2026-07-16T05:25:34.712+0000] {dag.py:3036} INFO - Sync 2 DAGs
[2026-07-16T05:25:34.737+0000] {logging_mixin.py:188} INFO - [2026-07-16T05:25:34.737+0000] {dag.py:3823} INFO - Setting next_dagrun for example_external_task_marker_child to None, run_after=None
[2026-07-16T05:25:34.742+0000] {logging_mixin.py:188} INFO - [2026-07-16T05:25:34.742+0000] {dag.py:3823} INFO - Setting next_dagrun for example_external_task_marker_parent to None, run_after=None
[2026-07-16T05:25:34.773+0000] {processor.py:183} INFO - Processing /home/airflow/.local/lib/python3.8/site-packages/airflow/example_dags/example_external_task_marker_dag.py took 0.140 seconds
[2026-07-16T05:26:04.976+0000] {processor.py:161} INFO - Started process (PID=548) to work on /home/airflow/.local/lib/python3.8/site-packages/airflow/example_dags/example_external_task_marker_dag.py
[2026-07-16T05:26:04.977+0000] {processor.py:830} INFO - Processing file /home/airflow/.local/lib/python3.8/site-packages/airflow/example_dags/example_external_task_marker_dag.py for tasks to queue
[2026-07-16T05:26:04.980+0000] {logging_mixin.py:188} INFO - [2026-07-16T05:26:04.979+0000] {dagbag.py:538} INFO - Filling up the DagBag from /home/airflow/.local/lib/python3.8/site-packages/airflow/example_dags/example_external_task_marker_dag.py
[2026-07-16T05:26:04.988+0000] {processor.py:840} INFO - DAG(s) 'example_external_task_marker_parent', 'example_external_task_marker_child' retrieved from /home/airflow/.local/lib/python3.8/site-packages/airflow/example_dags/example_external_task_marker_dag.py
[2026-07-16T05:26:05.019+0000] {logging_mixin.py:188} INFO - [2026-07-16T05:26:05.019+0000] {dag.py:3036} INFO - Sync 2 DAGs
[2026-07-16T05:26:05.042+0000] {logging_mixin.py:188} INFO - [2026-07-16T05:26:05.041+0000] {dag.py:3823} INFO - Setting next_dagrun for example_external_task_marker_child to None, run_after=None
[2026-07-16T05:26:05.049+0000] {logging_mixin.py:188} INFO - [2026-07-16T05:26:05.049+0000] {dag.py:3823} INFO - Setting next_dagrun for example_external_task_marker_parent to None, run_after=None
[2026-07-16T05:26:05.096+0000] {processor.py:183} INFO - Processing /home/airflow/.local/lib/python3.8/site-packages/airflow/example_dags/example_external_task_marker_dag.py took 0.125 seconds
[2026-07-16T05:26:35.225+0000] {processor.py:161} INFO - Started process (PID=604) to work on /home/airflow/.local/lib/python3.8/site-packages/airflow/example_dags/example_external_task_marker_dag.py
[2026-07-16T05:26:35.227+0000] {processor.py:830} INFO - Processing file /home/airflow/.local/lib/python3.8/site-packages/airflow/example_dags/example_external_task_marker_dag.py for tasks to queue
[2026-07-16T05:26:35.229+0000] {logging_mixin.py:188} INFO - [2026-07-16T05:26:35.229+0000] {dagbag.py:538} INFO - Filling up the DagBag from /home/airflow/.local/lib/python3.8/site-packages/airflow/example_dags/example_external_task_marker_dag.py
[2026-07-16T05:26:35.237+0000] {processor.py:840} INFO - DAG(s) 'example_external_task_marker_parent', 'example_external_task_marker_child' retrieved from /home/airflow/.local/lib/python3.8/site-packages/airflow/example_dags/example_external_task_marker_dag.py
[2026-07-16T05:26:35.266+0000] {logging_mixin.py:188} INFO - [2026-07-16T05:26:35.265+0000] {dag.py:3036} INFO - Sync 2 DAGs
[2026-07-16T05:26:35.283+0000] {logging_mixin.py:188} INFO - [2026-07-16T05:26:35.283+0000] {dag.py:3823} INFO - Setting next_dagrun for example_external_task_marker_child to None, run_after=None
[2026-07-16T05:26:35.289+0000] {logging_mixin.py:188} INFO - [2026-07-16T05:26:35.289+0000] {dag.py:3823} INFO - Setting next_dagrun for example_external_task_marker_parent to None, run_after=None
[2026-07-16T05:26:35.319+0000] {processor.py:183} INFO - Processing /home/airflow/.local/lib/python3.8/site-packages/airflow/example_dags/example_external_task_marker_dag.py took 0.100 seconds
[2026-07-16T05:27:05.423+0000] {processor.py:161} INFO - Started process (PID=660) to work on /home/airflow/.local/lib/python3.8/site-packages/airflow/example_dags/example_external_task_marker_dag.py
[2026-07-16T05:27:05.425+0000] {processor.py:830} INFO - Processing file /home/airflow/.local/lib/python3.8/site-packages/airflow/example_dags/example_external_task_marker_dag.py for tasks to queue
[2026-07-16T05:27:05.428+0000] {logging_mixin.py:188} INFO - [2026-07-16T05:27:05.427+0000] {dagbag.py:538} INFO - Filling up the DagBag from /home/airflow/.local/lib/python3.8/site-packages/airflow/example_dags/example_external_task_marker_dag.py
[2026-07-16T05:27:05.436+0000] {processor.py:840} INFO - DAG(s) 'example_external_task_marker_child', 'example_external_task_marker_parent' retrieved from /home/airflow/.local/lib/python3.8/site-packages/airflow/example_dags/example_external_task_marker_dag.py
[2026-07-16T05:27:05.467+0000] {logging_mixin.py:188} INFO - [2026-07-16T05:27:05.466+0000] {dag.py:3036} INFO - Sync 2 DAGs
[2026-07-16T05:27:05.485+0000] {logging_mixin.py:188} INFO - [2026-07-16T05:27:05.484+0000] {dag.py:3823} INFO - Setting next_dagrun for example_external_task_marker_child to None, run_after=None
[2026-07-16T05:27:05.489+0000] {logging_mixin.py:188} INFO - [2026-07-16T05:27:05.489+0000] {dag.py:3823} INFO - Setting next_dagrun for example_external_task_marker_parent to None, run_after=None
[2026-07-16T05:27:05.515+0000] {processor.py:183} INFO - Processing /home/airflow/.local/lib/python3.8/site-packages/airflow/example_dags/example_external_task_marker_dag.py took 0.097 seconds
[2026-07-16T05:27:35.716+0000] {processor.py:161} INFO - Started process (PID=710) to work on /home/airflow/.local/lib/python3.8/site-packages/airflow/example_dags/example_external_task_marker_dag.py
[2026-07-16T05:27:35.718+0000] {processor.py:830} INFO - Processing file /home/airflow/.local/lib/python3.8/site-packages/airflow/example_dags/example_external_task_marker_dag.py for tasks to queue
[2026-07-16T05:27:35.720+0000] {logging_mixin.py:188} INFO - [2026-07-16T05:27:35.720+0000] {dagbag.py:538} INFO - Filling up the DagBag from /home/airflow/.local/lib/python3.8/site-packages/airflow/example_dags/example_external_task_marker_dag.py
[2026-07-16T05:27:35.728+0000] {processor.py:840} INFO - DAG(s) 'example_external_task_marker_child', 'example_external_task_marker_parent' retrieved from /home/airflow/.local/lib/python3.8/site-packages/airflow/example_dags/example_external_task_marker_dag.py
[2026-07-16T05:27:35.754+0000] {logging_mixin.py:188} INFO - [2026-07-16T05:27:35.754+0000] {dag.py:3036} INFO - Sync 2 DAGs
[2026-07-16T05:27:35.771+0000] {logging_mixin.py:188} INFO - [2026-07-16T05:27:35.771+0000] {dag.py:3823} INFO - Setting next_dagrun for example_external_task_marker_child to None, run_after=None
[2026-07-16T05:27:35.777+0000] {logging_mixin.py:188} INFO - [2026-07-16T05:27:35.776+0000] {dag.py:3823} INFO - Setting next_dagrun for example_external_task_marker_parent to None, run_after=None
[2026-07-16T05:27:35.803+0000] {processor.py:183} INFO - Processing /home/airflow/.local/lib/python3.8/site-packages/airflow/example_dags/example_external_task_marker_dag.py took 0.093 seconds
[2026-07-16T05:28:05.997+0000] {processor.py:161} INFO - Started process (PID=766) to work on /home/airflow/.local/lib/python3.8/site-packages/airflow/example_dags/example_external_task_marker_dag.py
[2026-07-16T05:28:05.998+0000] {processor.py:830} INFO - Processing file /home/airflow/.local/lib/python3.8/site-packages/airflow/example_dags/example_external_task_marker_dag.py for tasks to queue
[2026-07-16T05:28:06.001+0000] {logging_mixin.py:188} INFO - [2026-07-16T05:28:06.001+0000] {dagbag.py:538} INFO - Filling up the DagBag from /home/airflow/.local/lib/python3.8/site-packages/airflow/example_dags/example_external_task_marker_dag.py
[2026-07-16T05:28:06.011+0000] {processor.py:840} INFO - DAG(s) 'example_external_task_marker_child', 'example_external_task_marker_parent' retrieved from /home/airflow/.local/lib/python3.8/site-packages/airflow/example_dags/example_external_task_marker_dag.py
[2026-07-16T05:28:06.041+0000] {logging_mixin.py:188} INFO - [2026-07-16T05:28:06.041+0000] {dag.py:3036} INFO - Sync 2 DAGs
[2026-07-16T05:28:06.056+0000] {logging_mixin.py:188} INFO - [2026-07-16T05:28:06.056+0000] {dag.py:3823} INFO - Setting next_dagrun for example_external_task_marker_child to None, run_after=None
[2026-07-16T05:28:06.061+0000] {logging_mixin.py:188} INFO - [2026-07-16T05:28:06.060+0000] {dag.py:3823} INFO - Setting next_dagrun for example_external_task_marker_parent to None, run_after=None
[2026-07-16T05:28:06.085+0000] {processor.py:183} INFO - Processing /home/airflow/.local/lib/python3.8/site-packages/airflow/example_dags/example_external_task_marker_dag.py took 0.095 seconds
[2026-07-16T05:28:37.128+0000] {processor.py:161} INFO - Started process (PID=822) to work on /home/airflow/.local/lib/python3.8/site-packages/airflow/example_dags/example_external_task_marker_dag.py
[2026-07-16T05:28:37.131+0000] {processor.py:830} INFO - Processing file /home/airflow/.local/lib/python3.8/site-packages/airflow/example_dags/example_external_task_marker_dag.py for tasks to queue
[2026-07-16T05:28:37.135+0000] {logging_mixin.py:188} INFO - [2026-07-16T05:28:37.134+0000] {dagbag.py:538} INFO - Filling up the DagBag from /home/airflow/.local/lib/python3.8/site-packages/airflow/example_dags/example_external_task_marker_dag.py
[2026-07-16T05:28:37.161+0000] {processor.py:840} INFO - DAG(s) 'example_external_task_marker_child', 'example_external_task_marker_parent' retrieved from /home/airflow/.local/lib/python3.8/site-packages/airflow/example_dags/example_external_task_marker_dag.py
[2026-07-16T05:28:37.231+0000] {logging_mixin.py:188} INFO - [2026-07-16T05:28:37.230+0000] {dag.py:3036} INFO - Sync 2 DAGs
[2026-07-16T05:28:37.276+0000] {logging_mixin.py:188} INFO - [2026-07-16T05:28:37.275+0000] {dag.py:3823} INFO - Setting next_dagrun for example_external_task_marker_child to None, run_after=None
[2026-07-16T05:28:37.290+0000] {logging_mixin.py:188} INFO - [2026-07-16T05:28:37.290+0000] {dag.py:3823} INFO - Setting next_dagrun for example_external_task_marker_parent to None, run_after=None
[2026-07-16T05:28:37.349+0000] {processor.py:183} INFO - Processing /home/airflow/.local/lib/python3.8/site-packages/airflow/example_dags/example_external_task_marker_dag.py took 0.233 seconds
[2026-07-16T05:29:07.904+0000] {processor.py:161} INFO - Started process (PID=878) to work on /home/airflow/.local/lib/python3.8/site-packages/airflow/example_dags/example_external_task_marker_dag.py
[2026-07-16T05:29:07.906+0000] {processor.py:830} INFO - Processing file /home/airflow/.local/lib/python3.8/site-packages/airflow/example_dags/example_external_task_marker_dag.py for tasks to queue
[2026-07-16T05:29:07.910+0000] {logging_mixin.py:188} INFO - [2026-07-16T05:29:07.909+0000] {dagbag.py:538} INFO - Filling up the DagBag from /home/airflow/.local/lib/python3.8/site-packages/airflow/example_dags/example_external_task_marker_dag.py
[2026-07-16T05:29:07.919+0000] {processor.py:840} INFO - DAG(s) 'example_external_task_marker_child', 'example_external_task_marker_parent' retrieved from /home/airflow/.local/lib/python3.8/site-packages/airflow/example_dags/example_external_task_marker_dag.py
[2026-07-16T05:29:07.961+0000] {logging_mixin.py:188} INFO - [2026-07-16T05:29:07.960+0000] {dag.py:3036} INFO - Sync 2 DAGs
[2026-07-16T05:29:07.978+0000] {logging_mixin.py:188} INFO - [2026-07-16T05:29:07.978+0000] {dag.py:3823} INFO - Setting next_dagrun for example_external_task_marker_child to None, run_after=None
[2026-07-16T05:29:07.984+0000] {logging_mixin.py:188} INFO - [2026-07-16T05:29:07.984+0000] {dag.py:3823} INFO - Setting next_dagrun for example_external_task_marker_parent to None, run_after=None
[2026-07-16T05:29:08.015+0000] {processor.py:183} INFO - Processing /home/airflow/.local/lib/python3.8/site-packages/airflow/example_dags/example_external_task_marker_dag.py took 0.116 seconds
[2026-07-16T05:29:38.556+0000] {processor.py:161} INFO - Started process (PID=934) to work on /home/airflow/.local/lib/python3.8/site-packages/airflow/example_dags/example_external_task_marker_dag.py
[2026-07-16T05:29:38.558+0000] {processor.py:830} INFO - Processing file /home/airflow/.local/lib/python3.8/site-packages/airflow/example_dags/example_external_task_marker_dag.py for tasks to queue
[2026-07-16T05:29:38.565+0000] {logging_mixin.py:188} INFO - [2026-07-16T05:29:38.563+0000] {dagbag.py:538} INFO - Filling up the DagBag from /home/airflow/.local/lib/python3.8/site-packages/airflow/example_dags/example_external_task_marker_dag.py
[2026-07-16T05:29:38.585+0000] {processor.py:840} INFO - DAG(s) 'example_external_task_marker_child', 'example_external_task_marker_parent' retrieved from /home/airflow/.local/lib/python3.8/site-packages/airflow/example_dags/example_external_task_marker_dag.py
[2026-07-16T05:29:38.660+0000] {logging_mixin.py:188} INFO - [2026-07-16T05:29:38.659+0000] {dag.py:3036} INFO - Sync 2 DAGs
[2026-07-16T05:29:38.693+0000] {logging_mixin.py:188} INFO - [2026-07-16T05:29:38.692+0000] {dag.py:3823} INFO - Setting next_dagrun for example_external_task_marker_child to None, run_after=None
[2026-07-16T05:29:38.702+0000] {logging_mixin.py:188} INFO - [2026-07-16T05:29:38.702+0000] {dag.py:3823} INFO - Setting next_dagrun for example_external_task_marker_parent to None, run_after=None
[2026-07-16T05:29:38.749+0000] {processor.py:183} INFO - Processing /home/airflow/.local/lib/python3.8/site-packages/airflow/example_dags/example_external_task_marker_dag.py took 0.206 seconds
[2026-07-16T05:30:09.218+0000] {processor.py:161} INFO - Started process (PID=990) to work on /home/airflow/.local/lib/python3.8/site-packages/airflow/example_dags/example_external_task_marker_dag.py
[2026-07-16T05:30:09.222+0000] {processor.py:830} INFO - Processing file /home/airflow/.local/lib/python3.8/site-packages/airflow/example_dags/example_external_task_marker_dag.py for tasks to queue
[2026-07-16T05:30:09.226+0000] {logging_mixin.py:188} INFO - [2026-07-16T05:30:09.226+0000] {dagbag.py:538} INFO - Filling up the DagBag from /home/airflow/.local/lib/python3.8/site-packages/airflow/example_dags/example_external_task_marker_dag.py
[2026-07-16T05:30:09.238+0000] {processor.py:840} INFO - DAG(s) 'example_external_task_marker_parent', 'example_external_task_marker_child' retrieved from /home/airflow/.local/lib/python3.8/site-packages/airflow/example_dags/example_external_task_marker_dag.py
[2026-07-16T05:30:09.283+0000] {logging_mixin.py:188} INFO - [2026-07-16T05:30:09.283+0000] {dag.py:3036} INFO - Sync 2 DAGs
[2026-07-16T05:30:09.304+0000] {logging_mixin.py:188} INFO - [2026-07-16T05:30:09.304+0000] {dag.py:3823} INFO - Setting next_dagrun for example_external_task_marker_child to None, run_after=None
[2026-07-16T05:30:09.310+0000] {logging_mixin.py:188} INFO - [2026-07-16T05:30:09.309+0000] {dag.py:3823} INFO - Setting next_dagrun for example_external_task_marker_parent to None, run_after=None
[2026-07-16T05:30:09.349+0000] {processor.py:183} INFO - Processing /home/airflow/.local/lib/python3.8/site-packages/airflow/example_dags/example_external_task_marker_dag.py took 0.137 seconds
[2026-07-16T05:30:39.679+0000] {processor.py:161} INFO - Started process (PID=1046) to work on /home/airflow/.local/lib/python3.8/site-packages/airflow/example_dags/example_external_task_marker_dag.py
[2026-07-16T05:30:39.681+0000] {processor.py:830} INFO - Processing file /home/airflow/.local/lib/python3.8/site-packages/airflow/example_dags/example_external_task_marker_dag.py for tasks to queue
[2026-07-16T05:30:39.683+0000] {logging_mixin.py:188} INFO - [2026-07-16T05:30:39.683+0000] {dagbag.py:538} INFO - Filling up the DagBag from /home/airflow/.local/lib/python3.8/site-packages/airflow/example_dags/example_external_task_marker_dag.py
[2026-07-16T05:30:39.692+0000] {processor.py:840} INFO - DAG(s) 'example_external_task_marker_parent', 'example_external_task_marker_child' retrieved from /home/airflow/.local/lib/python3.8/site-packages/airflow/example_dags/example_external_task_marker_dag.py
[2026-07-16T05:30:39.729+0000] {logging_mixin.py:188} INFO - [2026-07-16T05:30:39.728+0000] {dag.py:3036} INFO - Sync 2 DAGs
[2026-07-16T05:30:39.744+0000] {logging_mixin.py:188} INFO - [2026-07-16T05:30:39.744+0000] {dag.py:3823} INFO - Setting next_dagrun for example_external_task_marker_child to None, run_after=None
[2026-07-16T05:30:39.749+0000] {logging_mixin.py:188} INFO - [2026-07-16T05:30:39.749+0000] {dag.py:3823} INFO - Setting next_dagrun for example_external_task_marker_parent to None, run_after=None
[2026-07-16T05:30:39.774+0000] {processor.py:183} INFO - Processing /home/airflow/.local/lib/python3.8/site-packages/airflow/example_dags/example_external_task_marker_dag.py took 0.101 seconds
[2026-07-16T05:31:10.574+0000] {processor.py:161} INFO - Started process (PID=1102) to work on /home/airflow/.local/lib/python3.8/site-packages/airflow/example_dags/example_external_task_marker_dag.py
[2026-07-16T05:31:10.576+0000] {processor.py:830} INFO - Processing file /home/airflow/.local/lib/python3.8/site-packages/airflow/example_dags/example_external_task_marker_dag.py for tasks to queue
[2026-07-16T05:31:10.580+0000] {logging_mixin.py:188} INFO - [2026-07-16T05:31:10.579+0000] {dagbag.py:538} INFO - Filling up the DagBag from /home/airflow/.local/lib/python3.8/site-packages/airflow/example_dags/example_external_task_marker_dag.py
[2026-07-16T05:31:10.589+0000] {processor.py:840} INFO - DAG(s) 'example_external_task_marker_parent', 'example_external_task_marker_child' retrieved from /home/airflow/.local/lib/python3.8/site-packages/airflow/example_dags/example_external_task_marker_dag.py
[2026-07-16T05:31:10.630+0000] {logging_mixin.py:188} INFO - [2026-07-16T05:31:10.629+0000] {dag.py:3036} INFO - Sync 2 DAGs
[2026-07-16T05:31:10.648+0000] {logging_mixin.py:188} INFO - [2026-07-16T05:31:10.648+0000] {dag.py:3823} INFO - Setting next_dagrun for example_external_task_marker_child to None, run_after=None
[2026-07-16T05:31:10.655+0000] {logging_mixin.py:188} INFO - [2026-07-16T05:31:10.655+0000] {dag.py:3823} INFO - Setting next_dagrun for example_external_task_marker_parent to None, run_after=None
[2026-07-16T05:31:10.691+0000] {processor.py:183} INFO - Processing /home/airflow/.local/lib/python3.8/site-packages/airflow/example_dags/example_external_task_marker_dag.py took 0.123 seconds
[2026-07-16T05:31:40.792+0000] {processor.py:161} INFO - Started process (PID=1158) to work on /home/airflow/.local/lib/python3.8/site-packages/airflow/example_dags/example_external_task_marker_dag.py
[2026-07-16T05:31:40.793+0000] {processor.py:830} INFO - Processing file /home/airflow/.local/lib/python3.8/site-packages/airflow/example_dags/example_external_task_marker_dag.py for tasks to queue
[2026-07-16T05:31:40.795+0000] {logging_mixin.py:188} INFO - [2026-07-16T05:31:40.795+0000] {dagbag.py:538} INFO - Filling up the DagBag from /home/airflow/.local/lib/python3.8/site-packages/airflow/example_dags/example_external_task_marker_dag.py
[2026-07-16T05:31:40.800+0000] {processor.py:840} INFO - DAG(s) 'example_external_task_marker_child', 'example_external_task_marker_parent' retrieved from /home/airflow/.local/lib/python3.8/site-packages/airflow/example_dags/example_external_task_marker_dag.py
[2026-07-16T05:31:40.818+0000] {logging_mixin.py:188} INFO - [2026-07-16T05:31:40.818+0000] {dag.py:3036} INFO - Sync 2 DAGs
[2026-07-16T05:31:40.827+0000] {logging_mixin.py:188} INFO - [2026-07-16T05:31:40.827+0000] {dag.py:3823} INFO - Setting next_dagrun for example_external_task_marker_child to None, run_after=None
[2026-07-16T05:31:40.830+0000] {logging_mixin.py:188} INFO - [2026-07-16T05:31:40.830+0000] {dag.py:3823} INFO - Setting next_dagrun for example_external_task_marker_parent to None, run_after=None
[2026-07-16T05:31:40.844+0000] {processor.py:183} INFO - Processing /home/airflow/.local/lib/python3.8/site-packages/airflow/example_dags/example_external_task_marker_dag.py took 0.054 seconds
[2026-07-16T05:32:11.450+0000] {processor.py:161} INFO - Started process (PID=1214) to work on /home/airflow/.local/lib/python3.8/site-packages/airflow/example_dags/example_external_task_marker_dag.py
[2026-07-16T05:32:11.452+0000] {processor.py:830} INFO - Processing file /home/airflow/.local/lib/python3.8/site-packages/airflow/example_dags/example_external_task_marker_dag.py for tasks to queue
[2026-07-16T05:32:11.454+0000] {logging_mixin.py:188} INFO - [2026-07-16T05:32:11.453+0000] {dagbag.py:538} INFO - Filling up the DagBag from /home/airflow/.local/lib/python3.8/site-packages/airflow/example_dags/example_external_task_marker_dag.py
[2026-07-16T05:32:11.459+0000] {processor.py:840} INFO - DAG(s) 'example_external_task_marker_parent', 'example_external_task_marker_child' retrieved from /home/airflow/.local/lib/python3.8/site-packages/airflow/example_dags/example_external_task_marker_dag.py
[2026-07-16T05:32:11.484+0000] {logging_mixin.py:188} INFO - [2026-07-16T05:32:11.483+0000] {dag.py:3036} INFO - Sync 2 DAGs
[2026-07-16T05:32:11.495+0000] {logging_mixin.py:188} INFO - [2026-07-16T05:32:11.494+0000] {dag.py:3823} INFO - Setting next_dagrun for example_external_task_marker_child to None, run_after=None
[2026-07-16T05:32:11.498+0000] {logging_mixin.py:188} INFO - [2026-07-16T05:32:11.497+0000] {dag.py:3823} INFO - Setting next_dagrun for example_external_task_marker_parent to None, run_after=None
[2026-07-16T05:32:11.512+0000] {processor.py:183} INFO - Processing /home/airflow/.local/lib/python3.8/site-packages/airflow/example_dags/example_external_task_marker_dag.py took 0.064 seconds
[2026-07-16T05:32:41.952+0000] {processor.py:161} INFO - Started process (PID=1270) to work on /home/airflow/.local/lib/python3.8/site-packages/airflow/example_dags/example_external_task_marker_dag.py
[2026-07-16T05:32:41.953+0000] {processor.py:830} INFO - Processing file /home/airflow/.local/lib/python3.8/site-packages/airflow/example_dags/example_external_task_marker_dag.py for tasks to queue
[2026-07-16T05:32:41.954+0000] {logging_mixin.py:188} INFO - [2026-07-16T05:32:41.954+0000] {dagbag.py:538} INFO - Filling up the DagBag from /home/airflow/.local/lib/python3.8/site-packages/airflow/example_dags/example_external_task_marker_dag.py
[2026-07-16T05:32:41.959+0000] {processor.py:840} INFO - DAG(s) 'example_external_task_marker_child', 'example_external_task_marker_parent' retrieved from /home/airflow/.local/lib/python3.8/site-packages/airflow/example_dags/example_external_task_marker_dag.py
[2026-07-16T05:32:41.978+0000] {logging_mixin.py:188} INFO - [2026-07-16T05:32:41.978+0000] {dag.py:3036} INFO - Sync 2 DAGs
[2026-07-16T05:32:41.987+0000] {logging_mixin.py:188} INFO - [2026-07-16T05:32:41.987+0000] {dag.py:3823} INFO - Setting next_dagrun for example_external_task_marker_child to None, run_after=None
[2026-07-16T05:32:41.990+0000] {logging_mixin.py:188} INFO - [2026-07-16T05:32:41.989+0000] {dag.py:3823} INFO - Setting next_dagrun for example_external_task_marker_parent to None, run_after=None
[2026-07-16T05:32:42.002+0000] {processor.py:183} INFO - Processing /home/airflow/.local/lib/python3.8/site-packages/airflow/example_dags/example_external_task_marker_dag.py took 0.053 seconds
[2026-07-16T05:33:12.984+0000] {processor.py:161} INFO - Started process (PID=1326) to work on /home/airflow/.local/lib/python3.8/site-packages/airflow/example_dags/example_external_task_marker_dag.py
[2026-07-16T05:33:12.987+0000] {processor.py:830} INFO - Processing file /home/airflow/.local/lib/python3.8/site-packages/airflow/example_dags/example_external_task_marker_dag.py for tasks to queue
[2026-07-16T05:33:12.991+0000] {logging_mixin.py:188} INFO - [2026-07-16T05:33:12.990+0000] {dagbag.py:538} INFO - Filling up the DagBag from /home/airflow/.local/lib/python3.8/site-packages/airflow/example_dags/example_external_task_marker_dag.py
[2026-07-16T05:33:13.003+0000] {processor.py:840} INFO - DAG(s) 'example_external_task_marker_child', 'example_external_task_marker_parent' retrieved from /home/airflow/.local/lib/python3.8/site-packages/airflow/example_dags/example_external_task_marker_dag.py
[2026-07-16T05:33:13.040+0000] {logging_mixin.py:188} INFO - [2026-07-16T05:33:13.040+0000] {dag.py:3036} INFO - Sync 2 DAGs
[2026-07-16T05:33:13.057+0000] {logging_mixin.py:188} INFO - [2026-07-16T05:33:13.057+0000] {dag.py:3823} INFO - Setting next_dagrun for example_external_task_marker_child to None, run_after=None
[2026-07-16T05:33:13.062+0000] {logging_mixin.py:188} INFO - [2026-07-16T05:33:13.062+0000] {dag.py:3823} INFO - Setting next_dagrun for example_external_task_marker_parent to None, run_after=None
[2026-07-16T05:33:13.088+0000] {processor.py:183} INFO - Processing /home/airflow/.local/lib/python3.8/site-packages/airflow/example_dags/example_external_task_marker_dag.py took 0.109 seconds
[2026-07-16T05:33:43.392+0000] {processor.py:161} INFO - Started process (PID=1382) to work on /home/airflow/.local/lib/python3.8/site-packages/airflow/example_dags/example_external_task_marker_dag.py
[2026-07-16T05:33:43.393+0000] {processor.py:830} INFO - Processing file /home/airflow/.local/lib/python3.8/site-packages/airflow/example_dags/example_external_task_marker_dag.py for tasks to queue
[2026-07-16T05:33:43.395+0000] {logging_mixin.py:188} INFO - [2026-07-16T05:33:43.395+0000] {dagbag.py:538} INFO - Filling up the DagBag from /home/airflow/.local/lib/python3.8/site-packages/airflow/example_dags/example_external_task_marker_dag.py
[2026-07-16T05:33:43.401+0000] {processor.py:840} INFO - DAG(s) 'example_external_task_marker_parent', 'example_external_task_marker_child' retrieved from /home/airflow/.local/lib/python3.8/site-packages/airflow/example_dags/example_external_task_marker_dag.py
[2026-07-16T05:33:43.422+0000] {logging_mixin.py:188} INFO - [2026-07-16T05:33:43.421+0000] {dag.py:3036} INFO - Sync 2 DAGs
[2026-07-16T05:33:43.432+0000] {logging_mixin.py:188} INFO - [2026-07-16T05:33:43.432+0000] {dag.py:3823} INFO - Setting next_dagrun for example_external_task_marker_child to None, run_after=None
[2026-07-16T05:33:43.435+0000] {logging_mixin.py:188} INFO - [2026-07-16T05:33:43.435+0000] {dag.py:3823} INFO - Setting next_dagrun for example_external_task_marker_parent to None, run_after=None
[2026-07-16T05:33:43.453+0000] {processor.py:183} INFO - Processing /home/airflow/.local/lib/python3.8/site-packages/airflow/example_dags/example_external_task_marker_dag.py took 0.064 seconds
[2026-07-16T05:34:13.963+0000] {processor.py:161} INFO - Started process (PID=1438) to work on /home/airflow/.local/lib/python3.8/site-packages/airflow/example_dags/example_external_task_marker_dag.py
[2026-07-16T05:34:13.965+0000] {processor.py:830} INFO - Processing file /home/airflow/.local/lib/python3.8/site-packages/airflow/example_dags/example_external_task_marker_dag.py for tasks to queue
[2026-07-16T05:34:13.968+0000] {logging_mixin.py:188} INFO - [2026-07-16T05:34:13.967+0000] {dagbag.py:538} INFO - Filling up the DagBag from /home/airflow/.local/lib/python3.8/site-packages/airflow/example_dags/example_external_task_marker_dag.py
[2026-07-16T05:34:13.975+0000] {processor.py:840} INFO - DAG(s) 'example_external_task_marker_parent', 'example_external_task_marker_child' retrieved from /home/airflow/.local/lib/python3.8/site-packages/airflow/example_dags/example_external_task_marker_dag.py
[2026-07-16T05:34:14.004+0000] {logging_mixin.py:188} INFO - [2026-07-16T05:34:14.004+0000] {dag.py:3036} INFO - Sync 2 DAGs
[2026-07-16T05:34:14.020+0000] {logging_mixin.py:188} INFO - [2026-07-16T05:34:14.020+0000] {dag.py:3823} INFO - Setting next_dagrun for example_external_task_marker_child to None, run_after=None
[2026-07-16T05:34:14.025+0000] {logging_mixin.py:188} INFO - [2026-07-16T05:34:14.025+0000] {dag.py:3823} INFO - Setting next_dagrun for example_external_task_marker_parent to None, run_after=None
[2026-07-16T05:34:14.047+0000] {processor.py:183} INFO - Processing /home/airflow/.local/lib/python3.8/site-packages/airflow/example_dags/example_external_task_marker_dag.py took 0.089 seconds
[2026-07-16T05:34:44.274+0000] {processor.py:161} INFO - Started process (PID=1494) to work on /home/airflow/.local/lib/python3.8/site-packages/airflow/example_dags/example_external_task_marker_dag.py
[2026-07-16T05:34:44.275+0000] {processor.py:830} INFO - Processing file /home/airflow/.local/lib/python3.8/site-packages/airflow/example_dags/example_external_task_marker_dag.py for tasks to queue
[2026-07-16T05:34:44.277+0000] {logging_mixin.py:188} INFO - [2026-07-16T05:34:44.277+0000] {dagbag.py:538} INFO - Filling up the DagBag from /home/airflow/.local/lib/python3.8/site-packages/airflow/example_dags/example_external_task_marker_dag.py
[2026-07-16T05:34:44.283+0000] {processor.py:840} INFO - DAG(s) 'example_external_task_marker_child', 'example_external_task_marker_parent' retrieved from /home/airflow/.local/lib/python3.8/site-packages/airflow/example_dags/example_external_task_marker_dag.py
[2026-07-16T05:34:44.309+0000] {logging_mixin.py:188} INFO - [2026-07-16T05:34:44.309+0000] {dag.py:3036} INFO - Sync 2 DAGs
[2026-07-16T05:34:44.321+0000] {logging_mixin.py:188} INFO - [2026-07-16T05:34:44.320+0000] {dag.py:3823} INFO - Setting next_dagrun for example_external_task_marker_child to None, run_after=None
[2026-07-16T05:34:44.324+0000] {logging_mixin.py:188} INFO - [2026-07-16T05:34:44.324+0000] {dag.py:3823} INFO - Setting next_dagrun for example_external_task_marker_parent to None, run_after=None
[2026-07-16T05:34:44.341+0000] {processor.py:183} INFO - Processing /home/airflow/.local/lib/python3.8/site-packages/airflow/example_dags/example_external_task_marker_dag.py took 0.072 seconds
[2026-07-16T05:35:14.725+0000] {processor.py:161} INFO - Started process (PID=1550) to work on /home/airflow/.local/lib/python3.8/site-packages/airflow/example_dags/example_external_task_marker_dag.py
[2026-07-16T05:35:14.726+0000] {processor.py:830} INFO - Processing file /home/airflow/.local/lib/python3.8/site-packages/airflow/example_dags/example_external_task_marker_dag.py for tasks to queue
[2026-07-16T05:35:14.727+0000] {logging_mixin.py:188} INFO - [2026-07-16T05:35:14.727+0000] {dagbag.py:538} INFO - Filling up the DagBag from /home/airflow/.local/lib/python3.8/site-packages/airflow/example_dags/example_external_task_marker_dag.py
[2026-07-16T05:35:14.733+0000] {processor.py:840} INFO - DAG(s) 'example_external_task_marker_parent', 'example_external_task_marker_child' retrieved from /home/airflow/.local/lib/python3.8/site-packages/airflow/example_dags/example_external_task_marker_dag.py
[2026-07-16T05:35:14.752+0000] {logging_mixin.py:188} INFO - [2026-07-16T05:35:14.752+0000] {dag.py:3036} INFO - Sync 2 DAGs
[2026-07-16T05:35:14.762+0000] {logging_mixin.py:188} INFO - [2026-07-16T05:35:14.761+0000] {dag.py:3823} INFO - Setting next_dagrun for example_external_task_marker_child to None, run_after=None
[2026-07-16T05:35:14.764+0000] {logging_mixin.py:188} INFO - [2026-07-16T05:35:14.764+0000] {dag.py:3823} INFO - Setting next_dagrun for example_external_task_marker_parent to None, run_after=None
[2026-07-16T05:35:14.778+0000] {processor.py:183} INFO - Processing /home/airflow/.local/lib/python3.8/site-packages/airflow/example_dags/example_external_task_marker_dag.py took 0.056 seconds
[2026-07-16T05:35:45.422+0000] {processor.py:161} INFO - Started process (PID=1606) to work on /home/airflow/.local/lib/python3.8/site-packages/airflow/example_dags/example_external_task_marker_dag.py
[2026-07-16T05:35:45.425+0000] {processor.py:830} INFO - Processing file /home/airflow/.local/lib/python3.8/site-packages/airflow/example_dags/example_external_task_marker_dag.py for tasks to queue
[2026-07-16T05:35:45.427+0000] {logging_mixin.py:188} INFO - [2026-07-16T05:35:45.426+0000] {dagbag.py:538} INFO - Filling up the DagBag from /home/airflow/.local/lib/python3.8/site-packages/airflow/example_dags/example_external_task_marker_dag.py
[2026-07-16T05:35:45.433+0000] {processor.py:840} INFO - DAG(s) 'example_external_task_marker_parent', 'example_external_task_marker_child' retrieved from /home/airflow/.local/lib/python3.8/site-packages/airflow/example_dags/example_external_task_marker_dag.py
[2026-07-16T05:35:45.456+0000] {logging_mixin.py:188} INFO - [2026-07-16T05:35:45.456+0000] {dag.py:3036} INFO - Sync 2 DAGs
[2026-07-16T05:35:45.468+0000] {logging_mixin.py:188} INFO - [2026-07-16T05:35:45.468+0000] {dag.py:3823} INFO - Setting next_dagrun for example_external_task_marker_child to None, run_after=None
[2026-07-16T05:35:45.471+0000] {logging_mixin.py:188} INFO - [2026-07-16T05:35:45.471+0000] {dag.py:3823} INFO - Setting next_dagrun for example_external_task_marker_parent to None, run_after=None
[2026-07-16T05:35:45.489+0000] {processor.py:183} INFO - Processing /home/airflow/.local/lib/python3.8/site-packages/airflow/example_dags/example_external_task_marker_dag.py took 0.070 seconds
[2026-07-16T05:36:15.713+0000] {processor.py:161} INFO - Started process (PID=1662) to work on /home/airflow/.local/lib/python3.8/site-packages/airflow/example_dags/example_external_task_marker_dag.py
[2026-07-16T05:36:15.715+0000] {processor.py:830} INFO - Processing file /home/airflow/.local/lib/python3.8/site-packages/airflow/example_dags/example_external_task_marker_dag.py for tasks to queue
[2026-07-16T05:36:15.717+0000] {logging_mixin.py:188} INFO - [2026-07-16T05:36:15.717+0000] {dagbag.py:538} INFO - Filling up the DagBag from /home/airflow/.local/lib/python3.8/site-packages/airflow/example_dags/example_external_task_marker_dag.py
[2026-07-16T05:36:15.724+0000] {processor.py:840} INFO - DAG(s) 'example_external_task_marker_parent', 'example_external_task_marker_child' retrieved from /home/airflow/.local/lib/python3.8/site-packages/airflow/example_dags/example_external_task_marker_dag.py
[2026-07-16T05:36:15.750+0000] {logging_mixin.py:188} INFO - [2026-07-16T05:36:15.750+0000] {dag.py:3036} INFO - Sync 2 DAGs
[2026-07-16T05:36:15.763+0000] {logging_mixin.py:188} INFO - [2026-07-16T05:36:15.763+0000] {dag.py:3823} INFO - Setting next_dagrun for example_external_task_marker_child to None, run_after=None
[2026-07-16T05:36:15.766+0000] {logging_mixin.py:188} INFO - [2026-07-16T05:36:15.766+0000] {dag.py:3823} INFO - Setting next_dagrun for example_external_task_marker_parent to None, run_after=None
[2026-07-16T05:36:15.785+0000] {processor.py:183} INFO - Processing /home/airflow/.local/lib/python3.8/site-packages/airflow/example_dags/example_external_task_marker_dag.py took 0.076 seconds
[2026-07-16T05:36:46.092+0000] {processor.py:161} INFO - Started process (PID=1719) to work on /home/airflow/.local/lib/python3.8/site-packages/airflow/example_dags/example_external_task_marker_dag.py
[2026-07-16T05:36:46.095+0000] {processor.py:830} INFO - Processing file /home/airflow/.local/lib/python3.8/site-packages/airflow/example_dags/example_external_task_marker_dag.py for tasks to queue
[2026-07-16T05:36:46.099+0000] {logging_mixin.py:188} INFO - [2026-07-16T05:36:46.098+0000] {dagbag.py:538} INFO - Filling up the DagBag from /home/airflow/.local/lib/python3.8/site-packages/airflow/example_dags/example_external_task_marker_dag.py
[2026-07-16T05:36:46.113+0000] {processor.py:840} INFO - DAG(s) 'example_external_task_marker_parent', 'example_external_task_marker_child' retrieved from /home/airflow/.local/lib/python3.8/site-packages/airflow/example_dags/example_external_task_marker_dag.py
[2026-07-16T05:36:46.154+0000] {logging_mixin.py:188} INFO - [2026-07-16T05:36:46.153+0000] {dag.py:3036} INFO - Sync 2 DAGs
[2026-07-16T05:36:46.173+0000] {logging_mixin.py:188} INFO - [2026-07-16T05:36:46.173+0000] {dag.py:3823} INFO - Setting next_dagrun for example_external_task_marker_child to None, run_after=None
[2026-07-16T05:36:46.179+0000] {logging_mixin.py:188} INFO - [2026-07-16T05:36:46.178+0000] {dag.py:3823} INFO - Setting next_dagrun for example_external_task_marker_parent to None, run_after=None
[2026-07-16T05:36:46.215+0000] {processor.py:183} INFO - Processing /home/airflow/.local/lib/python3.8/site-packages/airflow/example_dags/example_external_task_marker_dag.py took 0.126 seconds
[2026-07-16T05:37:16.517+0000] {processor.py:161} INFO - Started process (PID=1775) to work on /home/airflow/.local/lib/python3.8/site-packages/airflow/example_dags/example_external_task_marker_dag.py
[2026-07-16T05:37:16.519+0000] {processor.py:830} INFO - Processing file /home/airflow/.local/lib/python3.8/site-packages/airflow/example_dags/example_external_task_marker_dag.py for tasks to queue
[2026-07-16T05:37:16.521+0000] {logging_mixin.py:188} INFO - [2026-07-16T05:37:16.521+0000] {dagbag.py:538} INFO - Filling up the DagBag from /home/airflow/.local/lib/python3.8/site-packages/airflow/example_dags/example_external_task_marker_dag.py
[2026-07-16T05:37:16.529+0000] {processor.py:840} INFO - DAG(s) 'example_external_task_marker_parent', 'example_external_task_marker_child' retrieved from /home/airflow/.local/lib/python3.8/site-packages/airflow/example_dags/example_external_task_marker_dag.py
[2026-07-16T05:37:16.557+0000] {logging_mixin.py:188} INFO - [2026-07-16T05:37:16.557+0000] {dag.py:3036} INFO - Sync 2 DAGs
[2026-07-16T05:37:16.573+0000] {logging_mixin.py:188} INFO - [2026-07-16T05:37:16.572+0000] {dag.py:3823} INFO - Setting next_dagrun for example_external_task_marker_child to None, run_after=None
[2026-07-16T05:37:16.577+0000] {logging_mixin.py:188} INFO - [2026-07-16T05:37:16.576+0000] {dag.py:3823} INFO - Setting next_dagrun for example_external_task_marker_parent to None, run_after=None
[2026-07-16T05:37:16.597+0000] {processor.py:183} INFO - Processing /home/airflow/.local/lib/python3.8/site-packages/airflow/example_dags/example_external_task_marker_dag.py took 0.083 seconds
[2026-07-16T05:37:46.894+0000] {processor.py:161} INFO - Started process (PID=1831) to work on /home/airflow/.local/lib/python3.8/site-packages/airflow/example_dags/example_external_task_marker_dag.py
[2026-07-16T05:37:46.895+0000] {processor.py:830} INFO - Processing file /home/airflow/.local/lib/python3.8/site-packages/airflow/example_dags/example_external_task_marker_dag.py for tasks to queue
[2026-07-16T05:37:46.898+0000] {logging_mixin.py:188} INFO - [2026-07-16T05:37:46.897+0000] {dagbag.py:538} INFO - Filling up the DagBag from /home/airflow/.local/lib/python3.8/site-packages/airflow/example_dags/example_external_task_marker_dag.py
[2026-07-16T05:37:46.905+0000] {processor.py:840} INFO - DAG(s) 'example_external_task_marker_child', 'example_external_task_marker_parent' retrieved from /home/airflow/.local/lib/python3.8/site-packages/airflow/example_dags/example_external_task_marker_dag.py
[2026-07-16T05:37:46.936+0000] {logging_mixin.py:188} INFO - [2026-07-16T05:37:46.935+0000] {dag.py:3036} INFO - Sync 2 DAGs
[2026-07-16T05:37:46.948+0000] {logging_mixin.py:188} INFO - [2026-07-16T05:37:46.948+0000] {dag.py:3823} INFO - Setting next_dagrun for example_external_task_marker_child to None, run_after=None
[2026-07-16T05:37:46.953+0000] {logging_mixin.py:188} INFO - [2026-07-16T05:37:46.952+0000] {dag.py:3823} INFO - Setting next_dagrun for example_external_task_marker_parent to None, run_after=None
[2026-07-16T05:37:46.973+0000] {processor.py:183} INFO - Processing /home/airflow/.local/lib/python3.8/site-packages/airflow/example_dags/example_external_task_marker_dag.py took 0.083 seconds
[2026-07-16T05:38:17.174+0000] {processor.py:161} INFO - Started process (PID=1887) to work on /home/airflow/.local/lib/python3.8/site-packages/airflow/example_dags/example_external_task_marker_dag.py
[2026-07-16T05:38:17.175+0000] {processor.py:830} INFO - Processing file /home/airflow/.local/lib/python3.8/site-packages/airflow/example_dags/example_external_task_marker_dag.py for tasks to queue
[2026-07-16T05:38:17.178+0000] {logging_mixin.py:188} INFO - [2026-07-16T05:38:17.177+0000] {dagbag.py:538} INFO - Filling up the DagBag from /home/airflow/.local/lib/python3.8/site-packages/airflow/example_dags/example_external_task_marker_dag.py
[2026-07-16T05:38:17.184+0000] {processor.py:840} INFO - DAG(s) 'example_external_task_marker_child', 'example_external_task_marker_parent' retrieved from /home/airflow/.local/lib/python3.8/site-packages/airflow/example_dags/example_external_task_marker_dag.py
[2026-07-16T05:38:17.206+0000] {logging_mixin.py:188} INFO - [2026-07-16T05:38:17.206+0000] {dag.py:3036} INFO - Sync 2 DAGs
[2026-07-16T05:38:17.218+0000] {logging_mixin.py:188} INFO - [2026-07-16T05:38:17.218+0000] {dag.py:3823} INFO - Setting next_dagrun for example_external_task_marker_child to None, run_after=None
[2026-07-16T05:38:17.221+0000] {logging_mixin.py:188} INFO - [2026-07-16T05:38:17.221+0000] {dag.py:3823} INFO - Setting next_dagrun for example_external_task_marker_parent to None, run_after=None
[2026-07-16T05:38:17.238+0000] {processor.py:183} INFO - Processing /home/airflow/.local/lib/python3.8/site-packages/airflow/example_dags/example_external_task_marker_dag.py took 0.067 seconds
[2026-07-16T05:38:47.431+0000] {processor.py:161} INFO - Started process (PID=1943) to work on /home/airflow/.local/lib/python3.8/site-packages/airflow/example_dags/example_external_task_marker_dag.py
[2026-07-16T05:38:47.432+0000] {processor.py:830} INFO - Processing file /home/airflow/.local/lib/python3.8/site-packages/airflow/example_dags/example_external_task_marker_dag.py for tasks to queue
[2026-07-16T05:38:47.434+0000] {logging_mixin.py:188} INFO - [2026-07-16T05:38:47.434+0000] {dagbag.py:538} INFO - Filling up the DagBag from /home/airflow/.local/lib/python3.8/site-packages/airflow/example_dags/example_external_task_marker_dag.py
[2026-07-16T05:38:47.440+0000] {processor.py:840} INFO - DAG(s) 'example_external_task_marker_parent', 'example_external_task_marker_child' retrieved from /home/airflow/.local/lib/python3.8/site-packages/airflow/example_dags/example_external_task_marker_dag.py
[2026-07-16T05:38:47.463+0000] {logging_mixin.py:188} INFO - [2026-07-16T05:38:47.463+0000] {dag.py:3036} INFO - Sync 2 DAGs
[2026-07-16T05:38:47.474+0000] {logging_mixin.py:188} INFO - [2026-07-16T05:38:47.474+0000] {dag.py:3823} INFO - Setting next_dagrun for example_external_task_marker_child to None, run_after=None
[2026-07-16T05:38:47.478+0000] {logging_mixin.py:188} INFO - [2026-07-16T05:38:47.477+0000] {dag.py:3823} INFO - Setting next_dagrun for example_external_task_marker_parent to None, run_after=None
[2026-07-16T05:38:47.495+0000] {processor.py:183} INFO - Processing /home/airflow/.local/lib/python3.8/site-packages/airflow/example_dags/example_external_task_marker_dag.py took 0.068 seconds
[2026-07-16T05:39:17.677+0000] {processor.py:161} INFO - Started process (PID=1997) to work on /home/airflow/.local/lib/python3.8/site-packages/airflow/example_dags/example_external_task_marker_dag.py
[2026-07-16T05:39:17.678+0000] {processor.py:830} INFO - Processing file /home/airflow/.local/lib/python3.8/site-packages/airflow/example_dags/example_external_task_marker_dag.py for tasks to queue
[2026-07-16T05:39:17.680+0000] {logging_mixin.py:188} INFO - [2026-07-16T05:39:17.679+0000] {dagbag.py:538} INFO - Filling up the DagBag from /home/airflow/.local/lib/python3.8/site-packages/airflow/example_dags/example_external_task_marker_dag.py
[2026-07-16T05:39:17.686+0000] {processor.py:840} INFO - DAG(s) 'example_external_task_marker_parent', 'example_external_task_marker_child' retrieved from /home/airflow/.local/lib/python3.8/site-packages/airflow/example_dags/example_external_task_marker_dag.py
[2026-07-16T05:39:17.709+0000] {logging_mixin.py:188} INFO - [2026-07-16T05:39:17.709+0000] {dag.py:3036} INFO - Sync 2 DAGs
[2026-07-16T05:39:17.722+0000] {logging_mixin.py:188} INFO - [2026-07-16T05:39:17.722+0000] {dag.py:3823} INFO - Setting next_dagrun for example_external_task_marker_child to None, run_after=None
[2026-07-16T05:39:17.725+0000] {logging_mixin.py:188} INFO - [2026-07-16T05:39:17.725+0000] {dag.py:3823} INFO - Setting next_dagrun for example_external_task_marker_parent to None, run_after=None
[2026-07-16T05:39:17.742+0000] {processor.py:183} INFO - Processing /home/airflow/.local/lib/python3.8/site-packages/airflow/example_dags/example_external_task_marker_dag.py took 0.069 seconds
[2026-07-16T05:39:47.926+0000] {processor.py:161} INFO - Started process (PID=2053) to work on /home/airflow/.local/lib/python3.8/site-packages/airflow/example_dags/example_external_task_marker_dag.py
[2026-07-16T05:39:47.928+0000] {processor.py:830} INFO - Processing file /home/airflow/.local/lib/python3.8/site-packages/airflow/example_dags/example_external_task_marker_dag.py for tasks to queue
[2026-07-16T05:39:47.931+0000] {logging_mixin.py:188} INFO - [2026-07-16T05:39:47.930+0000] {dagbag.py:538} INFO - Filling up the DagBag from /home/airflow/.local/lib/python3.8/site-packages/airflow/example_dags/example_external_task_marker_dag.py
[2026-07-16T05:39:47.938+0000] {processor.py:840} INFO - DAG(s) 'example_external_task_marker_parent', 'example_external_task_marker_child' retrieved from /home/airflow/.local/lib/python3.8/site-packages/airflow/example_dags/example_external_task_marker_dag.py
[2026-07-16T05:39:47.971+0000] {logging_mixin.py:188} INFO - [2026-07-16T05:39:47.971+0000] {dag.py:3036} INFO - Sync 2 DAGs
[2026-07-16T05:39:47.985+0000] {logging_mixin.py:188} INFO - [2026-07-16T05:39:47.984+0000] {dag.py:3823} INFO - Setting next_dagrun for example_external_task_marker_child to None, run_after=None
[2026-07-16T05:39:47.988+0000] {logging_mixin.py:188} INFO - [2026-07-16T05:39:47.987+0000] {dag.py:3823} INFO - Setting next_dagrun for example_external_task_marker_parent to None, run_after=None
[2026-07-16T05:39:48.008+0000] {processor.py:183} INFO - Processing /home/airflow/.local/lib/python3.8/site-packages/airflow/example_dags/example_external_task_marker_dag.py took 0.086 seconds
[2026-07-16T05:40:18.115+0000] {processor.py:161} INFO - Started process (PID=2109) to work on /home/airflow/.local/lib/python3.8/site-packages/airflow/example_dags/example_external_task_marker_dag.py
[2026-07-16T05:40:18.116+0000] {processor.py:830} INFO - Processing file /home/airflow/.local/lib/python3.8/site-packages/airflow/example_dags/example_external_task_marker_dag.py for tasks to queue
[2026-07-16T05:40:18.118+0000] {logging_mixin.py:188} INFO - [2026-07-16T05:40:18.118+0000] {dagbag.py:538} INFO - Filling up the DagBag from /home/airflow/.local/lib/python3.8/site-packages/airflow/example_dags/example_external_task_marker_dag.py
[2026-07-16T05:40:18.124+0000] {processor.py:840} INFO - DAG(s) 'example_external_task_marker_parent', 'example_external_task_marker_child' retrieved from /home/airflow/.local/lib/python3.8/site-packages/airflow/example_dags/example_external_task_marker_dag.py
[2026-07-16T05:40:18.150+0000] {logging_mixin.py:188} INFO - [2026-07-16T05:40:18.150+0000] {dag.py:3036} INFO - Sync 2 DAGs
[2026-07-16T05:40:18.162+0000] {logging_mixin.py:188} INFO - [2026-07-16T05:40:18.161+0000] {dag.py:3823} INFO - Setting next_dagrun for example_external_task_marker_child to None, run_after=None
[2026-07-16T05:40:18.164+0000] {logging_mixin.py:188} INFO - [2026-07-16T05:40:18.164+0000] {dag.py:3823} INFO - Setting next_dagrun for example_external_task_marker_parent to None, run_after=None
[2026-07-16T05:40:18.179+0000] {processor.py:183} INFO - Processing /home/airflow/.local/lib/python3.8/site-packages/airflow/example_dags/example_external_task_marker_dag.py took 0.067 seconds
[2026-07-16T05:40:48.590+0000] {processor.py:161} INFO - Started process (PID=2165) to work on /home/airflow/.local/lib/python3.8/site-packages/airflow/example_dags/example_external_task_marker_dag.py
[2026-07-16T05:40:48.593+0000] {processor.py:830} INFO - Processing file /home/airflow/.local/lib/python3.8/site-packages/airflow/example_dags/example_external_task_marker_dag.py for tasks to queue
[2026-07-16T05:40:48.596+0000] {logging_mixin.py:188} INFO - [2026-07-16T05:40:48.596+0000] {dagbag.py:538} INFO - Filling up the DagBag from /home/airflow/.local/lib/python3.8/site-packages/airflow/example_dags/example_external_task_marker_dag.py
[2026-07-16T05:40:48.604+0000] {processor.py:840} INFO - DAG(s) 'example_external_task_marker_parent', 'example_external_task_marker_child' retrieved from /home/airflow/.local/lib/python3.8/site-packages/airflow/example_dags/example_external_task_marker_dag.py
[2026-07-16T05:40:48.643+0000] {logging_mixin.py:188} INFO - [2026-07-16T05:40:48.643+0000] {dag.py:3036} INFO - Sync 2 DAGs
[2026-07-16T05:40:48.669+0000] {logging_mixin.py:188} INFO - [2026-07-16T05:40:48.669+0000] {dag.py:3823} INFO - Setting next_dagrun for example_external_task_marker_child to None, run_after=None
[2026-07-16T05:40:48.675+0000] {logging_mixin.py:188} INFO - [2026-07-16T05:40:48.674+0000] {dag.py:3823} INFO - Setting next_dagrun for example_external_task_marker_parent to None, run_after=None
[2026-07-16T05:40:48.707+0000] {processor.py:183} INFO - Processing /home/airflow/.local/lib/python3.8/site-packages/airflow/example_dags/example_external_task_marker_dag.py took 0.124 seconds
[2026-07-16T05:41:18.864+0000] {processor.py:161} INFO - Started process (PID=2221) to work on /home/airflow/.local/lib/python3.8/site-packages/airflow/example_dags/example_external_task_marker_dag.py
[2026-07-16T05:41:18.865+0000] {processor.py:830} INFO - Processing file /home/airflow/.local/lib/python3.8/site-packages/airflow/example_dags/example_external_task_marker_dag.py for tasks to queue
[2026-07-16T05:41:18.866+0000] {logging_mixin.py:188} INFO - [2026-07-16T05:41:18.866+0000] {dagbag.py:538} INFO - Filling up the DagBag from /home/airflow/.local/lib/python3.8/site-packages/airflow/example_dags/example_external_task_marker_dag.py
[2026-07-16T05:41:18.872+0000] {processor.py:840} INFO - DAG(s) 'example_external_task_marker_child', 'example_external_task_marker_parent' retrieved from /home/airflow/.local/lib/python3.8/site-packages/airflow/example_dags/example_external_task_marker_dag.py
[2026-07-16T05:41:18.891+0000] {logging_mixin.py:188} INFO - [2026-07-16T05:41:18.890+0000] {dag.py:3036} INFO - Sync 2 DAGs
[2026-07-16T05:41:18.900+0000] {logging_mixin.py:188} INFO - [2026-07-16T05:41:18.900+0000] {dag.py:3823} INFO - Setting next_dagrun for example_external_task_marker_child to None, run_after=None
[2026-07-16T05:41:18.902+0000] {logging_mixin.py:188} INFO - [2026-07-16T05:41:18.902+0000] {dag.py:3823} INFO - Setting next_dagrun for example_external_task_marker_parent to None, run_after=None
[2026-07-16T05:41:18.915+0000] {processor.py:183} INFO - Processing /home/airflow/.local/lib/python3.8/site-packages/airflow/example_dags/example_external_task_marker_dag.py took 0.054 seconds
[2026-07-16T05:41:49.686+0000] {processor.py:161} INFO - Started process (PID=2277) to work on /home/airflow/.local/lib/python3.8/site-packages/airflow/example_dags/example_external_task_marker_dag.py
[2026-07-16T05:41:49.687+0000] {processor.py:830} INFO - Processing file /home/airflow/.local/lib/python3.8/site-packages/airflow/example_dags/example_external_task_marker_dag.py for tasks to queue
[2026-07-16T05:41:49.689+0000] {logging_mixin.py:188} INFO - [2026-07-16T05:41:49.689+0000] {dagbag.py:538} INFO - Filling up the DagBag from /home/airflow/.local/lib/python3.8/site-packages/airflow/example_dags/example_external_task_marker_dag.py
[2026-07-16T05:41:49.695+0000] {processor.py:840} INFO - DAG(s) 'example_external_task_marker_parent', 'example_external_task_marker_child' retrieved from /home/airflow/.local/lib/python3.8/site-packages/airflow/example_dags/example_external_task_marker_dag.py
[2026-07-16T05:41:49.715+0000] {logging_mixin.py:188} INFO - [2026-07-16T05:41:49.715+0000] {dag.py:3036} INFO - Sync 2 DAGs
[2026-07-16T05:41:49.725+0000] {logging_mixin.py:188} INFO - [2026-07-16T05:41:49.725+0000] {dag.py:3823} INFO - Setting next_dagrun for example_external_task_marker_child to None, run_after=None
[2026-07-16T05:41:49.728+0000] {logging_mixin.py:188} INFO - [2026-07-16T05:41:49.728+0000] {dag.py:3823} INFO - Setting next_dagrun for example_external_task_marker_parent to None, run_after=None
[2026-07-16T05:41:49.743+0000] {processor.py:183} INFO - Processing /home/airflow/.local/lib/python3.8/site-packages/airflow/example_dags/example_external_task_marker_dag.py took 0.060 seconds
[2026-07-16T05:42:19.909+0000] {processor.py:161} INFO - Started process (PID=2333) to work on /home/airflow/.local/lib/python3.8/site-packages/airflow/example_dags/example_external_task_marker_dag.py
[2026-07-16T05:42:19.910+0000] {processor.py:830} INFO - Processing file /home/airflow/.local/lib/python3.8/site-packages/airflow/example_dags/example_external_task_marker_dag.py for tasks to queue
[2026-07-16T05:42:19.912+0000] {logging_mixin.py:188} INFO - [2026-07-16T05:42:19.912+0000] {dagbag.py:538} INFO - Filling up the DagBag from /home/airflow/.local/lib/python3.8/site-packages/airflow/example_dags/example_external_task_marker_dag.py
[2026-07-16T05:42:19.918+0000] {processor.py:840} INFO - DAG(s) 'example_external_task_marker_child', 'example_external_task_marker_parent' retrieved from /home/airflow/.local/lib/python3.8/site-packages/airflow/example_dags/example_external_task_marker_dag.py
[2026-07-16T05:42:19.942+0000] {logging_mixin.py:188} INFO - [2026-07-16T05:42:19.941+0000] {dag.py:3036} INFO - Sync 2 DAGs
[2026-07-16T05:42:19.952+0000] {logging_mixin.py:188} INFO - [2026-07-16T05:42:19.952+0000] {dag.py:3823} INFO - Setting next_dagrun for example_external_task_marker_child to None, run_after=None
[2026-07-16T05:42:19.955+0000] {logging_mixin.py:188} INFO - [2026-07-16T05:42:19.955+0000] {dag.py:3823} INFO - Setting next_dagrun for example_external_task_marker_parent to None, run_after=None
[2026-07-16T05:42:19.971+0000] {processor.py:183} INFO - Processing /home/airflow/.local/lib/python3.8/site-packages/airflow/example_dags/example_external_task_marker_dag.py took 0.065 seconds
[2026-07-16T05:42:50.082+0000] {processor.py:161} INFO - Started process (PID=2389) to work on /home/airflow/.local/lib/python3.8/site-packages/airflow/example_dags/example_external_task_marker_dag.py
[2026-07-16T05:42:50.084+0000] {processor.py:830} INFO - Processing file /home/airflow/.local/lib/python3.8/site-packages/airflow/example_dags/example_external_task_marker_dag.py for tasks to queue
[2026-07-16T05:42:50.085+0000] {logging_mixin.py:188} INFO - [2026-07-16T05:42:50.085+0000] {dagbag.py:538} INFO - Filling up the DagBag from /home/airflow/.local/lib/python3.8/site-packages/airflow/example_dags/example_external_task_marker_dag.py
[2026-07-16T05:42:50.093+0000] {processor.py:840} INFO - DAG(s) 'example_external_task_marker_parent', 'example_external_task_marker_child' retrieved from /home/airflow/.local/lib/python3.8/site-packages/airflow/example_dags/example_external_task_marker_dag.py
[2026-07-16T05:42:50.115+0000] {logging_mixin.py:188} INFO - [2026-07-16T05:42:50.115+0000] {dag.py:3036} INFO - Sync 2 DAGs
[2026-07-16T05:42:50.125+0000] {logging_mixin.py:188} INFO - [2026-07-16T05:42:50.125+0000] {dag.py:3823} INFO - Setting next_dagrun for example_external_task_marker_child to None, run_after=None
[2026-07-16T05:42:50.128+0000] {logging_mixin.py:188} INFO - [2026-07-16T05:42:50.128+0000] {dag.py:3823} INFO - Setting next_dagrun for example_external_task_marker_parent to None, run_after=None
[2026-07-16T05:42:50.146+0000] {processor.py:183} INFO - Processing /home/airflow/.local/lib/python3.8/site-packages/airflow/example_dags/example_external_task_marker_dag.py took 0.068 seconds
[2026-07-16T05:43:20.602+0000] {processor.py:161} INFO - Started process (PID=2445) to work on /home/airflow/.local/lib/python3.8/site-packages/airflow/example_dags/example_external_task_marker_dag.py
[2026-07-16T05:43:20.606+0000] {processor.py:830} INFO - Processing file /home/airflow/.local/lib/python3.8/site-packages/airflow/example_dags/example_external_task_marker_dag.py for tasks to queue
[2026-07-16T05:43:20.609+0000] {logging_mixin.py:188} INFO - [2026-07-16T05:43:20.609+0000] {dagbag.py:538} INFO - Filling up the DagBag from /home/airflow/.local/lib/python3.8/site-packages/airflow/example_dags/example_external_task_marker_dag.py
[2026-07-16T05:43:20.617+0000] {processor.py:840} INFO - DAG(s) 'example_external_task_marker_parent', 'example_external_task_marker_child' retrieved from /home/airflow/.local/lib/python3.8/site-packages/airflow/example_dags/example_external_task_marker_dag.py
[2026-07-16T05:43:20.649+0000] {logging_mixin.py:188} INFO - [2026-07-16T05:43:20.648+0000] {dag.py:3036} INFO - Sync 2 DAGs
[2026-07-16T05:43:20.664+0000] {logging_mixin.py:188} INFO - [2026-07-16T05:43:20.663+0000] {dag.py:3823} INFO - Setting next_dagrun for example_external_task_marker_child to None, run_after=None
[2026-07-16T05:43:20.668+0000] {logging_mixin.py:188} INFO - [2026-07-16T05:43:20.667+0000] {dag.py:3823} INFO - Setting next_dagrun for example_external_task_marker_parent to None, run_after=None
[2026-07-16T05:43:20.701+0000] {processor.py:183} INFO - Processing /home/airflow/.local/lib/python3.8/site-packages/airflow/example_dags/example_external_task_marker_dag.py took 0.104 seconds
[2026-07-16T05:43:50.973+0000] {processor.py:161} INFO - Started process (PID=2501) to work on /home/airflow/.local/lib/python3.8/site-packages/airflow/example_dags/example_external_task_marker_dag.py
[2026-07-16T05:43:50.974+0000] {processor.py:830} INFO - Processing file /home/airflow/.local/lib/python3.8/site-packages/airflow/example_dags/example_external_task_marker_dag.py for tasks to queue
[2026-07-16T05:43:50.975+0000] {logging_mixin.py:188} INFO - [2026-07-16T05:43:50.975+0000] {dagbag.py:538} INFO - Filling up the DagBag from /home/airflow/.local/lib/python3.8/site-packages/airflow/example_dags/example_external_task_marker_dag.py
[2026-07-16T05:43:50.981+0000] {processor.py:840} INFO - DAG(s) 'example_external_task_marker_child', 'example_external_task_marker_parent' retrieved from /home/airflow/.local/lib/python3.8/site-packages/airflow/example_dags/example_external_task_marker_dag.py
[2026-07-16T05:43:51.003+0000] {logging_mixin.py:188} INFO - [2026-07-16T05:43:51.003+0000] {dag.py:3036} INFO - Sync 2 DAGs
[2026-07-16T05:43:51.014+0000] {logging_mixin.py:188} INFO - [2026-07-16T05:43:51.014+0000] {dag.py:3823} INFO - Setting next_dagrun for example_external_task_marker_child to None, run_after=None
[2026-07-16T05:43:51.017+0000] {logging_mixin.py:188} INFO - [2026-07-16T05:43:51.017+0000] {dag.py:3823} INFO - Setting next_dagrun for example_external_task_marker_parent to None, run_after=None
[2026-07-16T05:43:51.036+0000] {processor.py:183} INFO - Processing /home/airflow/.local/lib/python3.8/site-packages/airflow/example_dags/example_external_task_marker_dag.py took 0.066 seconds
[2026-07-16T05:44:21.472+0000] {processor.py:161} INFO - Started process (PID=2557) to work on /home/airflow/.local/lib/python3.8/site-packages/airflow/example_dags/example_external_task_marker_dag.py
[2026-07-16T05:44:21.473+0000] {processor.py:830} INFO - Processing file /home/airflow/.local/lib/python3.8/site-packages/airflow/example_dags/example_external_task_marker_dag.py for tasks to queue
[2026-07-16T05:44:21.475+0000] {logging_mixin.py:188} INFO - [2026-07-16T05:44:21.475+0000] {dagbag.py:538} INFO - Filling up the DagBag from /home/airflow/.local/lib/python3.8/site-packages/airflow/example_dags/example_external_task_marker_dag.py
[2026-07-16T05:44:21.481+0000] {processor.py:840} INFO - DAG(s) 'example_external_task_marker_parent', 'example_external_task_marker_child' retrieved from /home/airflow/.local/lib/python3.8/site-packages/airflow/example_dags/example_external_task_marker_dag.py
[2026-07-16T05:44:21.509+0000] {logging_mixin.py:188} INFO - [2026-07-16T05:44:21.509+0000] {dag.py:3036} INFO - Sync 2 DAGs
[2026-07-16T05:44:21.523+0000] {logging_mixin.py:188} INFO - [2026-07-16T05:44:21.522+0000] {dag.py:3823} INFO - Setting next_dagrun for example_external_task_marker_child to None, run_after=None
[2026-07-16T05:44:21.527+0000] {logging_mixin.py:188} INFO - [2026-07-16T05:44:21.526+0000] {dag.py:3823} INFO - Setting next_dagrun for example_external_task_marker_parent to None, run_after=None
[2026-07-16T05:44:21.544+0000] {processor.py:183} INFO - Processing /home/airflow/.local/lib/python3.8/site-packages/airflow/example_dags/example_external_task_marker_dag.py took 0.074 seconds
[2026-07-16T05:44:51.712+0000] {processor.py:161} INFO - Started process (PID=2613) to work on /home/airflow/.local/lib/python3.8/site-packages/airflow/example_dags/example_external_task_marker_dag.py
[2026-07-16T05:44:51.714+0000] {processor.py:830} INFO - Processing file /home/airflow/.local/lib/python3.8/site-packages/airflow/example_dags/example_external_task_marker_dag.py for tasks to queue
[2026-07-16T05:44:51.716+0000] {logging_mixin.py:188} INFO - [2026-07-16T05:44:51.715+0000] {dagbag.py:538} INFO - Filling up the DagBag from /home/airflow/.local/lib/python3.8/site-packages/airflow/example_dags/example_external_task_marker_dag.py
[2026-07-16T05:44:51.722+0000] {processor.py:840} INFO - DAG(s) 'example_external_task_marker_child', 'example_external_task_marker_parent' retrieved from /home/airflow/.local/lib/python3.8/site-packages/airflow/example_dags/example_external_task_marker_dag.py
[2026-07-16T05:44:51.744+0000] {logging_mixin.py:188} INFO - [2026-07-16T05:44:51.743+0000] {dag.py:3036} INFO - Sync 2 DAGs
[2026-07-16T05:44:51.753+0000] {logging_mixin.py:188} INFO - [2026-07-16T05:44:51.753+0000] {dag.py:3823} INFO - Setting next_dagrun for example_external_task_marker_child to None, run_after=None
[2026-07-16T05:44:51.756+0000] {logging_mixin.py:188} INFO - [2026-07-16T05:44:51.756+0000] {dag.py:3823} INFO - Setting next_dagrun for example_external_task_marker_parent to None, run_after=None
[2026-07-16T05:44:51.771+0000] {processor.py:183} INFO - Processing /home/airflow/.local/lib/python3.8/site-packages/airflow/example_dags/example_external_task_marker_dag.py took 0.062 seconds
[2026-07-16T05:45:21.857+0000] {processor.py:161} INFO - Started process (PID=2669) to work on /home/airflow/.local/lib/python3.8/site-packages/airflow/example_dags/example_external_task_marker_dag.py
[2026-07-16T05:45:21.858+0000] {processor.py:830} INFO - Processing file /home/airflow/.local/lib/python3.8/site-packages/airflow/example_dags/example_external_task_marker_dag.py for tasks to queue
[2026-07-16T05:45:21.859+0000] {logging_mixin.py:188} INFO - [2026-07-16T05:45:21.859+0000] {dagbag.py:538} INFO - Filling up the DagBag from /home/airflow/.local/lib/python3.8/site-packages/airflow/example_dags/example_external_task_marker_dag.py
[2026-07-16T05:45:21.864+0000] {processor.py:840} INFO - DAG(s) 'example_external_task_marker_parent', 'example_external_task_marker_child' retrieved from /home/airflow/.local/lib/python3.8/site-packages/airflow/example_dags/example_external_task_marker_dag.py
[2026-07-16T05:45:21.882+0000] {logging_mixin.py:188} INFO - [2026-07-16T05:45:21.882+0000] {dag.py:3036} INFO - Sync 2 DAGs
[2026-07-16T05:45:21.890+0000] {logging_mixin.py:188} INFO - [2026-07-16T05:45:21.890+0000] {dag.py:3823} INFO - Setting next_dagrun for example_external_task_marker_child to None, run_after=None
[2026-07-16T05:45:21.892+0000] {logging_mixin.py:188} INFO - [2026-07-16T05:45:21.892+0000] {dag.py:3823} INFO - Setting next_dagrun for example_external_task_marker_parent to None, run_after=None
[2026-07-16T05:45:21.904+0000] {processor.py:183} INFO - Processing /home/airflow/.local/lib/python3.8/site-packages/airflow/example_dags/example_external_task_marker_dag.py took 0.049 seconds
[2026-07-16T05:45:52.743+0000] {processor.py:161} INFO - Started process (PID=2725) to work on /home/airflow/.local/lib/python3.8/site-packages/airflow/example_dags/example_external_task_marker_dag.py
[2026-07-16T05:45:52.744+0000] {processor.py:830} INFO - Processing file /home/airflow/.local/lib/python3.8/site-packages/airflow/example_dags/example_external_task_marker_dag.py for tasks to queue
[2026-07-16T05:45:52.745+0000] {logging_mixin.py:188} INFO - [2026-07-16T05:45:52.745+0000] {dagbag.py:538} INFO - Filling up the DagBag from /home/airflow/.local/lib/python3.8/site-packages/airflow/example_dags/example_external_task_marker_dag.py
[2026-07-16T05:45:52.750+0000] {processor.py:840} INFO - DAG(s) 'example_external_task_marker_child', 'example_external_task_marker_parent' retrieved from /home/airflow/.local/lib/python3.8/site-packages/airflow/example_dags/example_external_task_marker_dag.py
[2026-07-16T05:45:52.766+0000] {logging_mixin.py:188} INFO - [2026-07-16T05:45:52.766+0000] {dag.py:3036} INFO - Sync 2 DAGs
[2026-07-16T05:45:52.774+0000] {logging_mixin.py:188} INFO - [2026-07-16T05:45:52.774+0000] {dag.py:3823} INFO - Setting next_dagrun for example_external_task_marker_child to None, run_after=None
[2026-07-16T05:45:52.777+0000] {logging_mixin.py:188} INFO - [2026-07-16T05:45:52.776+0000] {dag.py:3823} INFO - Setting next_dagrun for example_external_task_marker_parent to None, run_after=None
[2026-07-16T05:45:52.788+0000] {processor.py:183} INFO - Processing /home/airflow/.local/lib/python3.8/site-packages/airflow/example_dags/example_external_task_marker_dag.py took 0.048 seconds
[2026-07-16T05:46:23.812+0000] {processor.py:161} INFO - Started process (PID=2781) to work on /home/airflow/.local/lib/python3.8/site-packages/airflow/example_dags/example_external_task_marker_dag.py
[2026-07-16T05:46:23.815+0000] {processor.py:830} INFO - Processing file /home/airflow/.local/lib/python3.8/site-packages/airflow/example_dags/example_external_task_marker_dag.py for tasks to queue
[2026-07-16T05:46:23.823+0000] {logging_mixin.py:188} INFO - [2026-07-16T05:46:23.822+0000] {dagbag.py:538} INFO - Filling up the DagBag from /home/airflow/.local/lib/python3.8/site-packages/airflow/example_dags/example_external_task_marker_dag.py
[2026-07-16T05:46:23.836+0000] {processor.py:840} INFO - DAG(s) 'example_external_task_marker_parent', 'example_external_task_marker_child' retrieved from /home/airflow/.local/lib/python3.8/site-packages/airflow/example_dags/example_external_task_marker_dag.py
[2026-07-16T05:46:23.872+0000] {logging_mixin.py:188} INFO - [2026-07-16T05:46:23.872+0000] {dag.py:3036} INFO - Sync 2 DAGs
[2026-07-16T05:46:23.886+0000] {logging_mixin.py:188} INFO - [2026-07-16T05:46:23.885+0000] {dag.py:3823} INFO - Setting next_dagrun for example_external_task_marker_child to None, run_after=None
[2026-07-16T05:46:23.890+0000] {logging_mixin.py:188} INFO - [2026-07-16T05:46:23.889+0000] {dag.py:3823} INFO - Setting next_dagrun for example_external_task_marker_parent to None, run_after=None
[2026-07-16T05:46:23.907+0000] {processor.py:183} INFO - Processing /home/airflow/.local/lib/python3.8/site-packages/airflow/example_dags/example_external_task_marker_dag.py took 0.098 seconds
[2026-07-16T05:46:54.172+0000] {processor.py:161} INFO - Started process (PID=2837) to work on /home/airflow/.local/lib/python3.8/site-packages/airflow/example_dags/example_external_task_marker_dag.py
[2026-07-16T05:46:54.173+0000] {processor.py:830} INFO - Processing file /home/airflow/.local/lib/python3.8/site-packages/airflow/example_dags/example_external_task_marker_dag.py for tasks to queue
[2026-07-16T05:46:54.175+0000] {logging_mixin.py:188} INFO - [2026-07-16T05:46:54.174+0000] {dagbag.py:538} INFO - Filling up the DagBag from /home/airflow/.local/lib/python3.8/site-packages/airflow/example_dags/example_external_task_marker_dag.py
[2026-07-16T05:46:54.181+0000] {processor.py:840} INFO - DAG(s) 'example_external_task_marker_child', 'example_external_task_marker_parent' retrieved from /home/airflow/.local/lib/python3.8/site-packages/airflow/example_dags/example_external_task_marker_dag.py
[2026-07-16T05:46:54.201+0000] {logging_mixin.py:188} INFO - [2026-07-16T05:46:54.200+0000] {dag.py:3036} INFO - Sync 2 DAGs
[2026-07-16T05:46:54.210+0000] {logging_mixin.py:188} INFO - [2026-07-16T05:46:54.209+0000] {dag.py:3823} INFO - Setting next_dagrun for example_external_task_marker_child to None, run_after=None
[2026-07-16T05:46:54.213+0000] {logging_mixin.py:188} INFO - [2026-07-16T05:46:54.213+0000] {dag.py:3823} INFO - Setting next_dagrun for example_external_task_marker_parent to None, run_after=None
[2026-07-16T05:46:54.227+0000] {processor.py:183} INFO - Processing /home/airflow/.local/lib/python3.8/site-packages/airflow/example_dags/example_external_task_marker_dag.py took 0.057 seconds
[2026-07-16T05:47:24.792+0000] {processor.py:161} INFO - Started process (PID=2893) to work on /home/airflow/.local/lib/python3.8/site-packages/airflow/example_dags/example_external_task_marker_dag.py
[2026-07-16T05:47:24.793+0000] {processor.py:830} INFO - Processing file /home/airflow/.local/lib/python3.8/site-packages/airflow/example_dags/example_external_task_marker_dag.py for tasks to queue
[2026-07-16T05:47:24.795+0000] {logging_mixin.py:188} INFO - [2026-07-16T05:47:24.794+0000] {dagbag.py:538} INFO - Filling up the DagBag from /home/airflow/.local/lib/python3.8/site-packages/airflow/example_dags/example_external_task_marker_dag.py
[2026-07-16T05:47:24.799+0000] {processor.py:840} INFO - DAG(s) 'example_external_task_marker_parent', 'example_external_task_marker_child' retrieved from /home/airflow/.local/lib/python3.8/site-packages/airflow/example_dags/example_external_task_marker_dag.py
[2026-07-16T05:47:24.817+0000] {logging_mixin.py:188} INFO - [2026-07-16T05:47:24.817+0000] {dag.py:3036} INFO - Sync 2 DAGs
[2026-07-16T05:47:24.826+0000] {logging_mixin.py:188} INFO - [2026-07-16T05:47:24.826+0000] {dag.py:3823} INFO - Setting next_dagrun for example_external_task_marker_child to None, run_after=None
[2026-07-16T05:47:24.829+0000] {logging_mixin.py:188} INFO - [2026-07-16T05:47:24.828+0000] {dag.py:3823} INFO - Setting next_dagrun for example_external_task_marker_parent to None, run_after=None
[2026-07-16T05:47:24.842+0000] {processor.py:183} INFO - Processing /home/airflow/.local/lib/python3.8/site-packages/airflow/example_dags/example_external_task_marker_dag.py took 0.052 seconds
[2026-07-16T05:47:55.016+0000] {processor.py:161} INFO - Started process (PID=2949) to work on /home/airflow/.local/lib/python3.8/site-packages/airflow/example_dags/example_external_task_marker_dag.py
[2026-07-16T05:47:55.017+0000] {processor.py:830} INFO - Processing file /home/airflow/.local/lib/python3.8/site-packages/airflow/example_dags/example_external_task_marker_dag.py for tasks to queue
[2026-07-16T05:47:55.019+0000] {logging_mixin.py:188} INFO - [2026-07-16T05:47:55.019+0000] {dagbag.py:538} INFO - Filling up the DagBag from /home/airflow/.local/lib/python3.8/site-packages/airflow/example_dags/example_external_task_marker_dag.py
[2026-07-16T05:47:55.026+0000] {processor.py:840} INFO - DAG(s) 'example_external_task_marker_child', 'example_external_task_marker_parent' retrieved from /home/airflow/.local/lib/python3.8/site-packages/airflow/example_dags/example_external_task_marker_dag.py
[2026-07-16T05:47:55.055+0000] {logging_mixin.py:188} INFO - [2026-07-16T05:47:55.055+0000] {dag.py:3036} INFO - Sync 2 DAGs
[2026-07-16T05:47:55.071+0000] {logging_mixin.py:188} INFO - [2026-07-16T05:47:55.070+0000] {dag.py:3823} INFO - Setting next_dagrun for example_external_task_marker_child to None, run_after=None
[2026-07-16T05:47:55.074+0000] {logging_mixin.py:188} INFO - [2026-07-16T05:47:55.074+0000] {dag.py:3823} INFO - Setting next_dagrun for example_external_task_marker_parent to None, run_after=None
[2026-07-16T05:47:55.096+0000] {processor.py:183} INFO - Processing /home/airflow/.local/lib/python3.8/site-packages/airflow/example_dags/example_external_task_marker_dag.py took 0.084 seconds
[2026-07-16T05:48:25.649+0000] {processor.py:161} INFO - Started process (PID=3005) to work on /home/airflow/.local/lib/python3.8/site-packages/airflow/example_dags/example_external_task_marker_dag.py
[2026-07-16T05:48:25.651+0000] {processor.py:830} INFO - Processing file /home/airflow/.local/lib/python3.8/site-packages/airflow/example_dags/example_external_task_marker_dag.py for tasks to queue
[2026-07-16T05:48:25.653+0000] {logging_mixin.py:188} INFO - [2026-07-16T05:48:25.653+0000] {dagbag.py:538} INFO - Filling up the DagBag from /home/airflow/.local/lib/python3.8/site-packages/airflow/example_dags/example_external_task_marker_dag.py
[2026-07-16T05:48:25.660+0000] {processor.py:840} INFO - DAG(s) 'example_external_task_marker_parent', 'example_external_task_marker_child' retrieved from /home/airflow/.local/lib/python3.8/site-packages/airflow/example_dags/example_external_task_marker_dag.py
[2026-07-16T05:48:25.688+0000] {logging_mixin.py:188} INFO - [2026-07-16T05:48:25.688+0000] {dag.py:3036} INFO - Sync 2 DAGs
[2026-07-16T05:48:25.703+0000] {logging_mixin.py:188} INFO - [2026-07-16T05:48:25.703+0000] {dag.py:3823} INFO - Setting next_dagrun for example_external_task_marker_child to None, run_after=None
[2026-07-16T05:48:25.707+0000] {logging_mixin.py:188} INFO - [2026-07-16T05:48:25.707+0000] {dag.py:3823} INFO - Setting next_dagrun for example_external_task_marker_parent to None, run_after=None
[2026-07-16T05:48:25.725+0000] {processor.py:183} INFO - Processing /home/airflow/.local/lib/python3.8/site-packages/airflow/example_dags/example_external_task_marker_dag.py took 0.080 seconds
