[2026-07-16T05:21:55.797+0000] {processor.py:161} INFO - Started process (PID=68) to work on /home/airflow/.local/lib/python3.8/site-packages/airflow/example_dags/example_xcom.py
[2026-07-16T05:21:55.799+0000] {processor.py:830} INFO - Processing file /home/airflow/.local/lib/python3.8/site-packages/airflow/example_dags/example_xcom.py for tasks to queue
[2026-07-16T05:21:55.802+0000] {logging_mixin.py:188} INFO - [2026-07-16T05:21:55.801+0000] {dagbag.py:538} INFO - Filling up the DagBag from /home/airflow/.local/lib/python3.8/site-packages/airflow/example_dags/example_xcom.py
[2026-07-16T05:21:55.816+0000] {processor.py:840} INFO - DAG(s) 'example_xcom' retrieved from /home/airflow/.local/lib/python3.8/site-packages/airflow/example_dags/example_xcom.py
[2026-07-16T05:21:56.002+0000] {logging_mixin.py:188} INFO - [2026-07-16T05:21:56.002+0000] {dag.py:3036} INFO - Sync 1 DAGs
[2026-07-16T05:21:56.038+0000] {logging_mixin.py:188} INFO - [2026-07-16T05:21:56.038+0000] {dag.py:3823} INFO - Setting next_dagrun for example_xcom to 2021-01-01 00:00:00+00:00, run_after=2021-01-01 00:00:00+00:00
[2026-07-16T05:21:56.078+0000] {processor.py:183} INFO - Processing /home/airflow/.local/lib/python3.8/site-packages/airflow/example_dags/example_xcom.py took 0.287 seconds
[2026-07-16T05:22:26.296+0000] {processor.py:161} INFO - Started process (PID=128) to work on /home/airflow/.local/lib/python3.8/site-packages/airflow/example_dags/example_xcom.py
[2026-07-16T05:22:26.299+0000] {processor.py:830} INFO - Processing file /home/airflow/.local/lib/python3.8/site-packages/airflow/example_dags/example_xcom.py for tasks to queue
[2026-07-16T05:22:26.304+0000] {logging_mixin.py:188} INFO - [2026-07-16T05:22:26.303+0000] {dagbag.py:538} INFO - Filling up the DagBag from /home/airflow/.local/lib/python3.8/site-packages/airflow/example_dags/example_xcom.py
[2026-07-16T05:22:26.327+0000] {processor.py:840} INFO - DAG(s) 'example_xcom' retrieved from /home/airflow/.local/lib/python3.8/site-packages/airflow/example_dags/example_xcom.py
[2026-07-16T05:22:26.383+0000] {logging_mixin.py:188} INFO - [2026-07-16T05:22:26.383+0000] {dag.py:3036} INFO - Sync 1 DAGs
[2026-07-16T05:22:26.435+0000] {logging_mixin.py:188} INFO - [2026-07-16T05:22:26.434+0000] {dag.py:3823} INFO - Setting next_dagrun for example_xcom to 2021-01-01 00:00:00+00:00, run_after=2021-01-01 00:00:00+00:00
[2026-07-16T05:22:26.490+0000] {processor.py:183} INFO - Processing /home/airflow/.local/lib/python3.8/site-packages/airflow/example_dags/example_xcom.py took 0.209 seconds
[2026-07-16T05:22:56.990+0000] {processor.py:161} INFO - Started process (PID=186) to work on /home/airflow/.local/lib/python3.8/site-packages/airflow/example_dags/example_xcom.py
[2026-07-16T05:22:56.993+0000] {processor.py:830} INFO - Processing file /home/airflow/.local/lib/python3.8/site-packages/airflow/example_dags/example_xcom.py for tasks to queue
[2026-07-16T05:22:57.000+0000] {logging_mixin.py:188} INFO - [2026-07-16T05:22:56.999+0000] {dagbag.py:538} INFO - Filling up the DagBag from /home/airflow/.local/lib/python3.8/site-packages/airflow/example_dags/example_xcom.py
[2026-07-16T05:22:57.012+0000] {processor.py:840} INFO - DAG(s) 'example_xcom' retrieved from /home/airflow/.local/lib/python3.8/site-packages/airflow/example_dags/example_xcom.py
[2026-07-16T05:22:57.067+0000] {logging_mixin.py:188} INFO - [2026-07-16T05:22:57.066+0000] {dag.py:3036} INFO - Sync 1 DAGs
[2026-07-16T05:22:57.124+0000] {logging_mixin.py:188} INFO - [2026-07-16T05:22:57.124+0000] {dag.py:3823} INFO - Setting next_dagrun for example_xcom to 2021-01-01 00:00:00+00:00, run_after=2021-01-01 00:00:00+00:00
[2026-07-16T05:22:57.191+0000] {processor.py:183} INFO - Processing /home/airflow/.local/lib/python3.8/site-packages/airflow/example_dags/example_xcom.py took 0.209 seconds
[2026-07-16T05:23:27.535+0000] {processor.py:161} INFO - Started process (PID=242) to work on /home/airflow/.local/lib/python3.8/site-packages/airflow/example_dags/example_xcom.py
[2026-07-16T05:23:27.537+0000] {processor.py:830} INFO - Processing file /home/airflow/.local/lib/python3.8/site-packages/airflow/example_dags/example_xcom.py for tasks to queue
[2026-07-16T05:23:27.541+0000] {logging_mixin.py:188} INFO - [2026-07-16T05:23:27.540+0000] {dagbag.py:538} INFO - Filling up the DagBag from /home/airflow/.local/lib/python3.8/site-packages/airflow/example_dags/example_xcom.py
[2026-07-16T05:23:27.557+0000] {processor.py:840} INFO - DAG(s) 'example_xcom' retrieved from /home/airflow/.local/lib/python3.8/site-packages/airflow/example_dags/example_xcom.py
[2026-07-16T05:23:27.598+0000] {logging_mixin.py:188} INFO - [2026-07-16T05:23:27.598+0000] {dag.py:3036} INFO - Sync 1 DAGs
[2026-07-16T05:23:27.635+0000] {logging_mixin.py:188} INFO - [2026-07-16T05:23:27.634+0000] {dag.py:3823} INFO - Setting next_dagrun for example_xcom to 2021-01-01 00:00:00+00:00, run_after=2021-01-01 00:00:00+00:00
[2026-07-16T05:23:27.663+0000] {processor.py:183} INFO - Processing /home/airflow/.local/lib/python3.8/site-packages/airflow/example_dags/example_xcom.py took 0.135 seconds
[2026-07-16T05:23:58.212+0000] {processor.py:161} INFO - Started process (PID=302) to work on /home/airflow/.local/lib/python3.8/site-packages/airflow/example_dags/example_xcom.py
[2026-07-16T05:23:58.215+0000] {processor.py:830} INFO - Processing file /home/airflow/.local/lib/python3.8/site-packages/airflow/example_dags/example_xcom.py for tasks to queue
[2026-07-16T05:23:58.219+0000] {logging_mixin.py:188} INFO - [2026-07-16T05:23:58.219+0000] {dagbag.py:538} INFO - Filling up the DagBag from /home/airflow/.local/lib/python3.8/site-packages/airflow/example_dags/example_xcom.py
[2026-07-16T05:23:58.233+0000] {processor.py:840} INFO - DAG(s) 'example_xcom' retrieved from /home/airflow/.local/lib/python3.8/site-packages/airflow/example_dags/example_xcom.py
[2026-07-16T05:23:58.280+0000] {logging_mixin.py:188} INFO - [2026-07-16T05:23:58.279+0000] {dag.py:3036} INFO - Sync 1 DAGs
[2026-07-16T05:23:58.321+0000] {logging_mixin.py:188} INFO - [2026-07-16T05:23:58.320+0000] {dag.py:3823} INFO - Setting next_dagrun for example_xcom to 2021-01-01 00:00:00+00:00, run_after=2021-01-01 00:00:00+00:00
[2026-07-16T05:23:58.365+0000] {processor.py:183} INFO - Processing /home/airflow/.local/lib/python3.8/site-packages/airflow/example_dags/example_xcom.py took 0.161 seconds
[2026-07-16T05:24:29.392+0000] {processor.py:161} INFO - Started process (PID=359) to work on /home/airflow/.local/lib/python3.8/site-packages/airflow/example_dags/example_xcom.py
[2026-07-16T05:24:29.398+0000] {processor.py:830} INFO - Processing file /home/airflow/.local/lib/python3.8/site-packages/airflow/example_dags/example_xcom.py for tasks to queue
[2026-07-16T05:24:29.409+0000] {logging_mixin.py:188} INFO - [2026-07-16T05:24:29.408+0000] {dagbag.py:538} INFO - Filling up the DagBag from /home/airflow/.local/lib/python3.8/site-packages/airflow/example_dags/example_xcom.py
[2026-07-16T05:24:29.433+0000] {processor.py:840} INFO - DAG(s) 'example_xcom' retrieved from /home/airflow/.local/lib/python3.8/site-packages/airflow/example_dags/example_xcom.py
[2026-07-16T05:24:29.495+0000] {logging_mixin.py:188} INFO - [2026-07-16T05:24:29.494+0000] {dag.py:3036} INFO - Sync 1 DAGs
[2026-07-16T05:24:29.544+0000] {logging_mixin.py:188} INFO - [2026-07-16T05:24:29.544+0000] {dag.py:3823} INFO - Setting next_dagrun for example_xcom to 2021-01-01 00:00:00+00:00, run_after=2021-01-01 00:00:00+00:00
[2026-07-16T05:24:29.587+0000] {processor.py:183} INFO - Processing /home/airflow/.local/lib/python3.8/site-packages/airflow/example_dags/example_xcom.py took 0.208 seconds
[2026-07-16T05:24:59.710+0000] {processor.py:161} INFO - Started process (PID=415) to work on /home/airflow/.local/lib/python3.8/site-packages/airflow/example_dags/example_xcom.py
[2026-07-16T05:24:59.712+0000] {processor.py:830} INFO - Processing file /home/airflow/.local/lib/python3.8/site-packages/airflow/example_dags/example_xcom.py for tasks to queue
[2026-07-16T05:24:59.715+0000] {logging_mixin.py:188} INFO - [2026-07-16T05:24:59.714+0000] {dagbag.py:538} INFO - Filling up the DagBag from /home/airflow/.local/lib/python3.8/site-packages/airflow/example_dags/example_xcom.py
[2026-07-16T05:24:59.725+0000] {processor.py:840} INFO - DAG(s) 'example_xcom' retrieved from /home/airflow/.local/lib/python3.8/site-packages/airflow/example_dags/example_xcom.py
[2026-07-16T05:24:59.757+0000] {logging_mixin.py:188} INFO - [2026-07-16T05:24:59.757+0000] {dag.py:3036} INFO - Sync 1 DAGs
[2026-07-16T05:24:59.786+0000] {logging_mixin.py:188} INFO - [2026-07-16T05:24:59.786+0000] {dag.py:3823} INFO - Setting next_dagrun for example_xcom to 2021-01-01 00:00:00+00:00, run_after=2021-01-01 00:00:00+00:00
[2026-07-16T05:24:59.816+0000] {processor.py:183} INFO - Processing /home/airflow/.local/lib/python3.8/site-packages/airflow/example_dags/example_xcom.py took 0.112 seconds
[2026-07-16T05:25:30.402+0000] {processor.py:161} INFO - Started process (PID=471) to work on /home/airflow/.local/lib/python3.8/site-packages/airflow/example_dags/example_xcom.py
[2026-07-16T05:25:30.404+0000] {processor.py:830} INFO - Processing file /home/airflow/.local/lib/python3.8/site-packages/airflow/example_dags/example_xcom.py for tasks to queue
[2026-07-16T05:25:30.407+0000] {logging_mixin.py:188} INFO - [2026-07-16T05:25:30.406+0000] {dagbag.py:538} INFO - Filling up the DagBag from /home/airflow/.local/lib/python3.8/site-packages/airflow/example_dags/example_xcom.py
[2026-07-16T05:25:30.418+0000] {processor.py:840} INFO - DAG(s) 'example_xcom' retrieved from /home/airflow/.local/lib/python3.8/site-packages/airflow/example_dags/example_xcom.py
[2026-07-16T05:25:30.449+0000] {logging_mixin.py:188} INFO - [2026-07-16T05:25:30.448+0000] {dag.py:3036} INFO - Sync 1 DAGs
[2026-07-16T05:25:30.476+0000] {logging_mixin.py:188} INFO - [2026-07-16T05:25:30.476+0000] {dag.py:3823} INFO - Setting next_dagrun for example_xcom to 2021-01-01 00:00:00+00:00, run_after=2021-01-01 00:00:00+00:00
[2026-07-16T05:25:30.509+0000] {processor.py:183} INFO - Processing /home/airflow/.local/lib/python3.8/site-packages/airflow/example_dags/example_xcom.py took 0.112 seconds
[2026-07-16T05:26:00.768+0000] {processor.py:161} INFO - Started process (PID=527) to work on /home/airflow/.local/lib/python3.8/site-packages/airflow/example_dags/example_xcom.py
[2026-07-16T05:26:00.770+0000] {processor.py:830} INFO - Processing file /home/airflow/.local/lib/python3.8/site-packages/airflow/example_dags/example_xcom.py for tasks to queue
[2026-07-16T05:26:00.775+0000] {logging_mixin.py:188} INFO - [2026-07-16T05:26:00.774+0000] {dagbag.py:538} INFO - Filling up the DagBag from /home/airflow/.local/lib/python3.8/site-packages/airflow/example_dags/example_xcom.py
[2026-07-16T05:26:00.788+0000] {processor.py:840} INFO - DAG(s) 'example_xcom' retrieved from /home/airflow/.local/lib/python3.8/site-packages/airflow/example_dags/example_xcom.py
[2026-07-16T05:26:00.818+0000] {logging_mixin.py:188} INFO - [2026-07-16T05:26:00.818+0000] {dag.py:3036} INFO - Sync 1 DAGs
[2026-07-16T05:26:00.861+0000] {logging_mixin.py:188} INFO - [2026-07-16T05:26:00.860+0000] {dag.py:3823} INFO - Setting next_dagrun for example_xcom to 2021-01-01 00:00:00+00:00, run_after=2021-01-01 00:00:00+00:00
[2026-07-16T05:26:00.903+0000] {processor.py:183} INFO - Processing /home/airflow/.local/lib/python3.8/site-packages/airflow/example_dags/example_xcom.py took 0.141 seconds
[2026-07-16T05:26:31.005+0000] {processor.py:161} INFO - Started process (PID=583) to work on /home/airflow/.local/lib/python3.8/site-packages/airflow/example_dags/example_xcom.py
[2026-07-16T05:26:31.007+0000] {processor.py:830} INFO - Processing file /home/airflow/.local/lib/python3.8/site-packages/airflow/example_dags/example_xcom.py for tasks to queue
[2026-07-16T05:26:31.010+0000] {logging_mixin.py:188} INFO - [2026-07-16T05:26:31.010+0000] {dagbag.py:538} INFO - Filling up the DagBag from /home/airflow/.local/lib/python3.8/site-packages/airflow/example_dags/example_xcom.py
[2026-07-16T05:26:31.021+0000] {processor.py:840} INFO - DAG(s) 'example_xcom' retrieved from /home/airflow/.local/lib/python3.8/site-packages/airflow/example_dags/example_xcom.py
[2026-07-16T05:26:31.054+0000] {logging_mixin.py:188} INFO - [2026-07-16T05:26:31.054+0000] {dag.py:3036} INFO - Sync 1 DAGs
[2026-07-16T05:26:31.079+0000] {logging_mixin.py:188} INFO - [2026-07-16T05:26:31.079+0000] {dag.py:3823} INFO - Setting next_dagrun for example_xcom to 2021-01-01 00:00:00+00:00, run_after=2021-01-01 00:00:00+00:00
[2026-07-16T05:26:31.109+0000] {processor.py:183} INFO - Processing /home/airflow/.local/lib/python3.8/site-packages/airflow/example_dags/example_xcom.py took 0.114 seconds
[2026-07-16T05:27:01.289+0000] {processor.py:161} INFO - Started process (PID=639) to work on /home/airflow/.local/lib/python3.8/site-packages/airflow/example_dags/example_xcom.py
[2026-07-16T05:27:01.290+0000] {processor.py:830} INFO - Processing file /home/airflow/.local/lib/python3.8/site-packages/airflow/example_dags/example_xcom.py for tasks to queue
[2026-07-16T05:27:01.293+0000] {logging_mixin.py:188} INFO - [2026-07-16T05:27:01.292+0000] {dagbag.py:538} INFO - Filling up the DagBag from /home/airflow/.local/lib/python3.8/site-packages/airflow/example_dags/example_xcom.py
[2026-07-16T05:27:01.304+0000] {processor.py:840} INFO - DAG(s) 'example_xcom' retrieved from /home/airflow/.local/lib/python3.8/site-packages/airflow/example_dags/example_xcom.py
[2026-07-16T05:27:01.332+0000] {logging_mixin.py:188} INFO - [2026-07-16T05:27:01.332+0000] {dag.py:3036} INFO - Sync 1 DAGs
[2026-07-16T05:27:01.357+0000] {logging_mixin.py:188} INFO - [2026-07-16T05:27:01.357+0000] {dag.py:3823} INFO - Setting next_dagrun for example_xcom to 2021-01-01 00:00:00+00:00, run_after=2021-01-01 00:00:00+00:00
[2026-07-16T05:27:01.387+0000] {processor.py:183} INFO - Processing /home/airflow/.local/lib/python3.8/site-packages/airflow/example_dags/example_xcom.py took 0.105 seconds
[2026-07-16T05:27:31.465+0000] {processor.py:161} INFO - Started process (PID=695) to work on /home/airflow/.local/lib/python3.8/site-packages/airflow/example_dags/example_xcom.py
[2026-07-16T05:27:31.467+0000] {processor.py:830} INFO - Processing file /home/airflow/.local/lib/python3.8/site-packages/airflow/example_dags/example_xcom.py for tasks to queue
[2026-07-16T05:27:31.470+0000] {logging_mixin.py:188} INFO - [2026-07-16T05:27:31.469+0000] {dagbag.py:538} INFO - Filling up the DagBag from /home/airflow/.local/lib/python3.8/site-packages/airflow/example_dags/example_xcom.py
[2026-07-16T05:27:31.482+0000] {processor.py:840} INFO - DAG(s) 'example_xcom' retrieved from /home/airflow/.local/lib/python3.8/site-packages/airflow/example_dags/example_xcom.py
[2026-07-16T05:27:31.511+0000] {logging_mixin.py:188} INFO - [2026-07-16T05:27:31.511+0000] {dag.py:3036} INFO - Sync 1 DAGs
[2026-07-16T05:27:31.539+0000] {logging_mixin.py:188} INFO - [2026-07-16T05:27:31.539+0000] {dag.py:3823} INFO - Setting next_dagrun for example_xcom to 2021-01-01 00:00:00+00:00, run_after=2021-01-01 00:00:00+00:00
[2026-07-16T05:27:31.565+0000] {processor.py:183} INFO - Processing /home/airflow/.local/lib/python3.8/site-packages/airflow/example_dags/example_xcom.py took 0.105 seconds
[2026-07-16T05:28:01.882+0000] {processor.py:161} INFO - Started process (PID=751) to work on /home/airflow/.local/lib/python3.8/site-packages/airflow/example_dags/example_xcom.py
[2026-07-16T05:28:01.884+0000] {processor.py:830} INFO - Processing file /home/airflow/.local/lib/python3.8/site-packages/airflow/example_dags/example_xcom.py for tasks to queue
[2026-07-16T05:28:01.886+0000] {logging_mixin.py:188} INFO - [2026-07-16T05:28:01.885+0000] {dagbag.py:538} INFO - Filling up the DagBag from /home/airflow/.local/lib/python3.8/site-packages/airflow/example_dags/example_xcom.py
[2026-07-16T05:28:01.897+0000] {processor.py:840} INFO - DAG(s) 'example_xcom' retrieved from /home/airflow/.local/lib/python3.8/site-packages/airflow/example_dags/example_xcom.py
[2026-07-16T05:28:01.926+0000] {logging_mixin.py:188} INFO - [2026-07-16T05:28:01.926+0000] {dag.py:3036} INFO - Sync 1 DAGs
[2026-07-16T05:28:01.956+0000] {logging_mixin.py:188} INFO - [2026-07-16T05:28:01.956+0000] {dag.py:3823} INFO - Setting next_dagrun for example_xcom to 2021-01-01 00:00:00+00:00, run_after=2021-01-01 00:00:00+00:00
[2026-07-16T05:28:01.986+0000] {processor.py:183} INFO - Processing /home/airflow/.local/lib/python3.8/site-packages/airflow/example_dags/example_xcom.py took 0.111 seconds
[2026-07-16T05:28:32.795+0000] {processor.py:161} INFO - Started process (PID=807) to work on /home/airflow/.local/lib/python3.8/site-packages/airflow/example_dags/example_xcom.py
[2026-07-16T05:28:32.801+0000] {processor.py:830} INFO - Processing file /home/airflow/.local/lib/python3.8/site-packages/airflow/example_dags/example_xcom.py for tasks to queue
[2026-07-16T05:28:32.806+0000] {logging_mixin.py:188} INFO - [2026-07-16T05:28:32.805+0000] {dagbag.py:538} INFO - Filling up the DagBag from /home/airflow/.local/lib/python3.8/site-packages/airflow/example_dags/example_xcom.py
[2026-07-16T05:28:32.833+0000] {processor.py:840} INFO - DAG(s) 'example_xcom' retrieved from /home/airflow/.local/lib/python3.8/site-packages/airflow/example_dags/example_xcom.py
[2026-07-16T05:28:32.906+0000] {logging_mixin.py:188} INFO - [2026-07-16T05:28:32.905+0000] {dag.py:3036} INFO - Sync 1 DAGs
[2026-07-16T05:28:32.967+0000] {logging_mixin.py:188} INFO - [2026-07-16T05:28:32.966+0000] {dag.py:3823} INFO - Setting next_dagrun for example_xcom to 2021-01-01 00:00:00+00:00, run_after=2021-01-01 00:00:00+00:00
[2026-07-16T05:28:33.032+0000] {processor.py:183} INFO - Processing /home/airflow/.local/lib/python3.8/site-packages/airflow/example_dags/example_xcom.py took 0.246 seconds
[2026-07-16T05:29:03.245+0000] {processor.py:161} INFO - Started process (PID=863) to work on /home/airflow/.local/lib/python3.8/site-packages/airflow/example_dags/example_xcom.py
[2026-07-16T05:29:03.247+0000] {processor.py:830} INFO - Processing file /home/airflow/.local/lib/python3.8/site-packages/airflow/example_dags/example_xcom.py for tasks to queue
[2026-07-16T05:29:03.251+0000] {logging_mixin.py:188} INFO - [2026-07-16T05:29:03.250+0000] {dagbag.py:538} INFO - Filling up the DagBag from /home/airflow/.local/lib/python3.8/site-packages/airflow/example_dags/example_xcom.py
[2026-07-16T05:29:03.266+0000] {processor.py:840} INFO - DAG(s) 'example_xcom' retrieved from /home/airflow/.local/lib/python3.8/site-packages/airflow/example_dags/example_xcom.py
[2026-07-16T05:29:03.324+0000] {logging_mixin.py:188} INFO - [2026-07-16T05:29:03.323+0000] {dag.py:3036} INFO - Sync 1 DAGs
[2026-07-16T05:29:03.368+0000] {logging_mixin.py:188} INFO - [2026-07-16T05:29:03.368+0000] {dag.py:3823} INFO - Setting next_dagrun for example_xcom to 2021-01-01 00:00:00+00:00, run_after=2021-01-01 00:00:00+00:00
[2026-07-16T05:29:03.415+0000] {processor.py:183} INFO - Processing /home/airflow/.local/lib/python3.8/site-packages/airflow/example_dags/example_xcom.py took 0.177 seconds
[2026-07-16T05:29:33.625+0000] {processor.py:161} INFO - Started process (PID=919) to work on /home/airflow/.local/lib/python3.8/site-packages/airflow/example_dags/example_xcom.py
[2026-07-16T05:29:33.627+0000] {processor.py:830} INFO - Processing file /home/airflow/.local/lib/python3.8/site-packages/airflow/example_dags/example_xcom.py for tasks to queue
[2026-07-16T05:29:33.630+0000] {logging_mixin.py:188} INFO - [2026-07-16T05:29:33.630+0000] {dagbag.py:538} INFO - Filling up the DagBag from /home/airflow/.local/lib/python3.8/site-packages/airflow/example_dags/example_xcom.py
[2026-07-16T05:29:33.650+0000] {processor.py:840} INFO - DAG(s) 'example_xcom' retrieved from /home/airflow/.local/lib/python3.8/site-packages/airflow/example_dags/example_xcom.py
[2026-07-16T05:29:33.705+0000] {logging_mixin.py:188} INFO - [2026-07-16T05:29:33.705+0000] {dag.py:3036} INFO - Sync 1 DAGs
[2026-07-16T05:29:33.755+0000] {logging_mixin.py:188} INFO - [2026-07-16T05:29:33.754+0000] {dag.py:3823} INFO - Setting next_dagrun for example_xcom to 2021-01-01 00:00:00+00:00, run_after=2021-01-01 00:00:00+00:00
[2026-07-16T05:29:33.810+0000] {processor.py:183} INFO - Processing /home/airflow/.local/lib/python3.8/site-packages/airflow/example_dags/example_xcom.py took 0.193 seconds
[2026-07-16T05:30:03.992+0000] {processor.py:161} INFO - Started process (PID=975) to work on /home/airflow/.local/lib/python3.8/site-packages/airflow/example_dags/example_xcom.py
[2026-07-16T05:30:03.996+0000] {processor.py:830} INFO - Processing file /home/airflow/.local/lib/python3.8/site-packages/airflow/example_dags/example_xcom.py for tasks to queue
[2026-07-16T05:30:03.999+0000] {logging_mixin.py:188} INFO - [2026-07-16T05:30:03.998+0000] {dagbag.py:538} INFO - Filling up the DagBag from /home/airflow/.local/lib/python3.8/site-packages/airflow/example_dags/example_xcom.py
[2026-07-16T05:30:04.017+0000] {processor.py:840} INFO - DAG(s) 'example_xcom' retrieved from /home/airflow/.local/lib/python3.8/site-packages/airflow/example_dags/example_xcom.py
[2026-07-16T05:30:04.064+0000] {logging_mixin.py:188} INFO - [2026-07-16T05:30:04.064+0000] {dag.py:3036} INFO - Sync 1 DAGs
[2026-07-16T05:30:04.126+0000] {logging_mixin.py:188} INFO - [2026-07-16T05:30:04.125+0000] {dag.py:3823} INFO - Setting next_dagrun for example_xcom to 2021-01-01 00:00:00+00:00, run_after=2021-01-01 00:00:00+00:00
[2026-07-16T05:30:04.187+0000] {processor.py:183} INFO - Processing /home/airflow/.local/lib/python3.8/site-packages/airflow/example_dags/example_xcom.py took 0.203 seconds
[2026-07-16T05:30:34.317+0000] {processor.py:161} INFO - Started process (PID=1031) to work on /home/airflow/.local/lib/python3.8/site-packages/airflow/example_dags/example_xcom.py
[2026-07-16T05:30:34.319+0000] {processor.py:830} INFO - Processing file /home/airflow/.local/lib/python3.8/site-packages/airflow/example_dags/example_xcom.py for tasks to queue
[2026-07-16T05:30:34.323+0000] {logging_mixin.py:188} INFO - [2026-07-16T05:30:34.322+0000] {dagbag.py:538} INFO - Filling up the DagBag from /home/airflow/.local/lib/python3.8/site-packages/airflow/example_dags/example_xcom.py
[2026-07-16T05:30:34.336+0000] {processor.py:840} INFO - DAG(s) 'example_xcom' retrieved from /home/airflow/.local/lib/python3.8/site-packages/airflow/example_dags/example_xcom.py
[2026-07-16T05:30:34.381+0000] {logging_mixin.py:188} INFO - [2026-07-16T05:30:34.381+0000] {dag.py:3036} INFO - Sync 1 DAGs
[2026-07-16T05:30:34.416+0000] {logging_mixin.py:188} INFO - [2026-07-16T05:30:34.416+0000] {dag.py:3823} INFO - Setting next_dagrun for example_xcom to 2021-01-01 00:00:00+00:00, run_after=2021-01-01 00:00:00+00:00
[2026-07-16T05:30:34.453+0000] {processor.py:183} INFO - Processing /home/airflow/.local/lib/python3.8/site-packages/airflow/example_dags/example_xcom.py took 0.142 seconds
[2026-07-16T05:31:04.660+0000] {processor.py:161} INFO - Started process (PID=1087) to work on /home/airflow/.local/lib/python3.8/site-packages/airflow/example_dags/example_xcom.py
[2026-07-16T05:31:04.662+0000] {processor.py:830} INFO - Processing file /home/airflow/.local/lib/python3.8/site-packages/airflow/example_dags/example_xcom.py for tasks to queue
[2026-07-16T05:31:04.665+0000] {logging_mixin.py:188} INFO - [2026-07-16T05:31:04.665+0000] {dagbag.py:538} INFO - Filling up the DagBag from /home/airflow/.local/lib/python3.8/site-packages/airflow/example_dags/example_xcom.py
[2026-07-16T05:31:04.678+0000] {processor.py:840} INFO - DAG(s) 'example_xcom' retrieved from /home/airflow/.local/lib/python3.8/site-packages/airflow/example_dags/example_xcom.py
[2026-07-16T05:31:04.698+0000] {logging_mixin.py:188} INFO - [2026-07-16T05:31:04.698+0000] {dag.py:3036} INFO - Sync 1 DAGs
[2026-07-16T05:31:04.719+0000] {logging_mixin.py:188} INFO - [2026-07-16T05:31:04.718+0000] {dag.py:3823} INFO - Setting next_dagrun for example_xcom to 2021-01-01 00:00:00+00:00, run_after=2021-01-01 00:00:00+00:00
[2026-07-16T05:31:04.741+0000] {processor.py:183} INFO - Processing /home/airflow/.local/lib/python3.8/site-packages/airflow/example_dags/example_xcom.py took 0.089 seconds
[2026-07-16T05:31:35.053+0000] {processor.py:161} INFO - Started process (PID=1143) to work on /home/airflow/.local/lib/python3.8/site-packages/airflow/example_dags/example_xcom.py
[2026-07-16T05:31:35.055+0000] {processor.py:830} INFO - Processing file /home/airflow/.local/lib/python3.8/site-packages/airflow/example_dags/example_xcom.py for tasks to queue
[2026-07-16T05:31:35.063+0000] {logging_mixin.py:188} INFO - [2026-07-16T05:31:35.060+0000] {dagbag.py:538} INFO - Filling up the DagBag from /home/airflow/.local/lib/python3.8/site-packages/airflow/example_dags/example_xcom.py
[2026-07-16T05:31:35.075+0000] {processor.py:840} INFO - DAG(s) 'example_xcom' retrieved from /home/airflow/.local/lib/python3.8/site-packages/airflow/example_dags/example_xcom.py
[2026-07-16T05:31:35.107+0000] {logging_mixin.py:188} INFO - [2026-07-16T05:31:35.106+0000] {dag.py:3036} INFO - Sync 1 DAGs
[2026-07-16T05:31:35.132+0000] {logging_mixin.py:188} INFO - [2026-07-16T05:31:35.131+0000] {dag.py:3823} INFO - Setting next_dagrun for example_xcom to 2021-01-01 00:00:00+00:00, run_after=2021-01-01 00:00:00+00:00
[2026-07-16T05:31:35.159+0000] {processor.py:183} INFO - Processing /home/airflow/.local/lib/python3.8/site-packages/airflow/example_dags/example_xcom.py took 0.110 seconds
[2026-07-16T05:32:05.686+0000] {processor.py:161} INFO - Started process (PID=1199) to work on /home/airflow/.local/lib/python3.8/site-packages/airflow/example_dags/example_xcom.py
[2026-07-16T05:32:05.687+0000] {processor.py:830} INFO - Processing file /home/airflow/.local/lib/python3.8/site-packages/airflow/example_dags/example_xcom.py for tasks to queue
[2026-07-16T05:32:05.689+0000] {logging_mixin.py:188} INFO - [2026-07-16T05:32:05.689+0000] {dagbag.py:538} INFO - Filling up the DagBag from /home/airflow/.local/lib/python3.8/site-packages/airflow/example_dags/example_xcom.py
[2026-07-16T05:32:05.695+0000] {processor.py:840} INFO - DAG(s) 'example_xcom' retrieved from /home/airflow/.local/lib/python3.8/site-packages/airflow/example_dags/example_xcom.py
[2026-07-16T05:32:05.715+0000] {logging_mixin.py:188} INFO - [2026-07-16T05:32:05.714+0000] {dag.py:3036} INFO - Sync 1 DAGs
[2026-07-16T05:32:05.733+0000] {logging_mixin.py:188} INFO - [2026-07-16T05:32:05.733+0000] {dag.py:3823} INFO - Setting next_dagrun for example_xcom to 2021-01-01 00:00:00+00:00, run_after=2021-01-01 00:00:00+00:00
[2026-07-16T05:32:05.751+0000] {processor.py:183} INFO - Processing /home/airflow/.local/lib/python3.8/site-packages/airflow/example_dags/example_xcom.py took 0.068 seconds
[2026-07-16T05:32:36.306+0000] {processor.py:161} INFO - Started process (PID=1253) to work on /home/airflow/.local/lib/python3.8/site-packages/airflow/example_dags/example_xcom.py
[2026-07-16T05:32:36.307+0000] {processor.py:830} INFO - Processing file /home/airflow/.local/lib/python3.8/site-packages/airflow/example_dags/example_xcom.py for tasks to queue
[2026-07-16T05:32:36.308+0000] {logging_mixin.py:188} INFO - [2026-07-16T05:32:36.308+0000] {dagbag.py:538} INFO - Filling up the DagBag from /home/airflow/.local/lib/python3.8/site-packages/airflow/example_dags/example_xcom.py
[2026-07-16T05:32:36.315+0000] {processor.py:840} INFO - DAG(s) 'example_xcom' retrieved from /home/airflow/.local/lib/python3.8/site-packages/airflow/example_dags/example_xcom.py
[2026-07-16T05:32:36.332+0000] {logging_mixin.py:188} INFO - [2026-07-16T05:32:36.332+0000] {dag.py:3036} INFO - Sync 1 DAGs
[2026-07-16T05:32:36.348+0000] {logging_mixin.py:188} INFO - [2026-07-16T05:32:36.348+0000] {dag.py:3823} INFO - Setting next_dagrun for example_xcom to 2021-01-01 00:00:00+00:00, run_after=2021-01-01 00:00:00+00:00
[2026-07-16T05:32:36.370+0000] {processor.py:183} INFO - Processing /home/airflow/.local/lib/python3.8/site-packages/airflow/example_dags/example_xcom.py took 0.067 seconds
[2026-07-16T05:33:06.658+0000] {processor.py:161} INFO - Started process (PID=1309) to work on /home/airflow/.local/lib/python3.8/site-packages/airflow/example_dags/example_xcom.py
[2026-07-16T05:33:06.662+0000] {processor.py:830} INFO - Processing file /home/airflow/.local/lib/python3.8/site-packages/airflow/example_dags/example_xcom.py for tasks to queue
[2026-07-16T05:33:06.666+0000] {logging_mixin.py:188} INFO - [2026-07-16T05:33:06.665+0000] {dagbag.py:538} INFO - Filling up the DagBag from /home/airflow/.local/lib/python3.8/site-packages/airflow/example_dags/example_xcom.py
[2026-07-16T05:33:06.690+0000] {processor.py:840} INFO - DAG(s) 'example_xcom' retrieved from /home/airflow/.local/lib/python3.8/site-packages/airflow/example_dags/example_xcom.py
[2026-07-16T05:33:06.748+0000] {logging_mixin.py:188} INFO - [2026-07-16T05:33:06.747+0000] {dag.py:3036} INFO - Sync 1 DAGs
[2026-07-16T05:33:06.790+0000] {logging_mixin.py:188} INFO - [2026-07-16T05:33:06.789+0000] {dag.py:3823} INFO - Setting next_dagrun for example_xcom to 2021-01-01 00:00:00+00:00, run_after=2021-01-01 00:00:00+00:00
[2026-07-16T05:33:06.849+0000] {processor.py:183} INFO - Processing /home/airflow/.local/lib/python3.8/site-packages/airflow/example_dags/example_xcom.py took 0.200 seconds
[2026-07-16T05:33:37.647+0000] {processor.py:161} INFO - Started process (PID=1365) to work on /home/airflow/.local/lib/python3.8/site-packages/airflow/example_dags/example_xcom.py
[2026-07-16T05:33:37.648+0000] {processor.py:830} INFO - Processing file /home/airflow/.local/lib/python3.8/site-packages/airflow/example_dags/example_xcom.py for tasks to queue
[2026-07-16T05:33:37.649+0000] {logging_mixin.py:188} INFO - [2026-07-16T05:33:37.649+0000] {dagbag.py:538} INFO - Filling up the DagBag from /home/airflow/.local/lib/python3.8/site-packages/airflow/example_dags/example_xcom.py
[2026-07-16T05:33:37.657+0000] {processor.py:840} INFO - DAG(s) 'example_xcom' retrieved from /home/airflow/.local/lib/python3.8/site-packages/airflow/example_dags/example_xcom.py
[2026-07-16T05:33:37.685+0000] {logging_mixin.py:188} INFO - [2026-07-16T05:33:37.684+0000] {dag.py:3036} INFO - Sync 1 DAGs
[2026-07-16T05:33:37.706+0000] {logging_mixin.py:188} INFO - [2026-07-16T05:33:37.705+0000] {dag.py:3823} INFO - Setting next_dagrun for example_xcom to 2021-01-01 00:00:00+00:00, run_after=2021-01-01 00:00:00+00:00
[2026-07-16T05:33:37.728+0000] {processor.py:183} INFO - Processing /home/airflow/.local/lib/python3.8/site-packages/airflow/example_dags/example_xcom.py took 0.084 seconds
[2026-07-16T05:34:07.840+0000] {processor.py:161} INFO - Started process (PID=1421) to work on /home/airflow/.local/lib/python3.8/site-packages/airflow/example_dags/example_xcom.py
[2026-07-16T05:34:07.843+0000] {processor.py:830} INFO - Processing file /home/airflow/.local/lib/python3.8/site-packages/airflow/example_dags/example_xcom.py for tasks to queue
[2026-07-16T05:34:07.846+0000] {logging_mixin.py:188} INFO - [2026-07-16T05:34:07.846+0000] {dagbag.py:538} INFO - Filling up the DagBag from /home/airflow/.local/lib/python3.8/site-packages/airflow/example_dags/example_xcom.py
[2026-07-16T05:34:07.854+0000] {processor.py:840} INFO - DAG(s) 'example_xcom' retrieved from /home/airflow/.local/lib/python3.8/site-packages/airflow/example_dags/example_xcom.py
[2026-07-16T05:34:07.880+0000] {logging_mixin.py:188} INFO - [2026-07-16T05:34:07.879+0000] {dag.py:3036} INFO - Sync 1 DAGs
[2026-07-16T05:34:07.901+0000] {logging_mixin.py:188} INFO - [2026-07-16T05:34:07.901+0000] {dag.py:3823} INFO - Setting next_dagrun for example_xcom to 2021-01-01 00:00:00+00:00, run_after=2021-01-01 00:00:00+00:00
[2026-07-16T05:34:07.923+0000] {processor.py:183} INFO - Processing /home/airflow/.local/lib/python3.8/site-packages/airflow/example_dags/example_xcom.py took 0.088 seconds
[2026-07-16T05:34:38.550+0000] {processor.py:161} INFO - Started process (PID=1477) to work on /home/airflow/.local/lib/python3.8/site-packages/airflow/example_dags/example_xcom.py
[2026-07-16T05:34:38.553+0000] {processor.py:830} INFO - Processing file /home/airflow/.local/lib/python3.8/site-packages/airflow/example_dags/example_xcom.py for tasks to queue
[2026-07-16T05:34:38.555+0000] {logging_mixin.py:188} INFO - [2026-07-16T05:34:38.554+0000] {dagbag.py:538} INFO - Filling up the DagBag from /home/airflow/.local/lib/python3.8/site-packages/airflow/example_dags/example_xcom.py
[2026-07-16T05:34:38.562+0000] {processor.py:840} INFO - DAG(s) 'example_xcom' retrieved from /home/airflow/.local/lib/python3.8/site-packages/airflow/example_dags/example_xcom.py
[2026-07-16T05:34:38.596+0000] {logging_mixin.py:188} INFO - [2026-07-16T05:34:38.595+0000] {dag.py:3036} INFO - Sync 1 DAGs
[2026-07-16T05:34:38.617+0000] {logging_mixin.py:188} INFO - [2026-07-16T05:34:38.617+0000] {dag.py:3823} INFO - Setting next_dagrun for example_xcom to 2021-01-01 00:00:00+00:00, run_after=2021-01-01 00:00:00+00:00
[2026-07-16T05:34:38.639+0000] {processor.py:183} INFO - Processing /home/airflow/.local/lib/python3.8/site-packages/airflow/example_dags/example_xcom.py took 0.094 seconds
[2026-07-16T05:35:09.092+0000] {processor.py:161} INFO - Started process (PID=1533) to work on /home/airflow/.local/lib/python3.8/site-packages/airflow/example_dags/example_xcom.py
[2026-07-16T05:35:09.093+0000] {processor.py:830} INFO - Processing file /home/airflow/.local/lib/python3.8/site-packages/airflow/example_dags/example_xcom.py for tasks to queue
[2026-07-16T05:35:09.095+0000] {logging_mixin.py:188} INFO - [2026-07-16T05:35:09.095+0000] {dagbag.py:538} INFO - Filling up the DagBag from /home/airflow/.local/lib/python3.8/site-packages/airflow/example_dags/example_xcom.py
[2026-07-16T05:35:09.102+0000] {processor.py:840} INFO - DAG(s) 'example_xcom' retrieved from /home/airflow/.local/lib/python3.8/site-packages/airflow/example_dags/example_xcom.py
[2026-07-16T05:35:09.120+0000] {logging_mixin.py:188} INFO - [2026-07-16T05:35:09.119+0000] {dag.py:3036} INFO - Sync 1 DAGs
[2026-07-16T05:35:09.136+0000] {logging_mixin.py:188} INFO - [2026-07-16T05:35:09.135+0000] {dag.py:3823} INFO - Setting next_dagrun for example_xcom to 2021-01-01 00:00:00+00:00, run_after=2021-01-01 00:00:00+00:00
[2026-07-16T05:35:09.150+0000] {processor.py:183} INFO - Processing /home/airflow/.local/lib/python3.8/site-packages/airflow/example_dags/example_xcom.py took 0.063 seconds
[2026-07-16T05:35:39.753+0000] {processor.py:161} INFO - Started process (PID=1589) to work on /home/airflow/.local/lib/python3.8/site-packages/airflow/example_dags/example_xcom.py
[2026-07-16T05:35:39.755+0000] {processor.py:830} INFO - Processing file /home/airflow/.local/lib/python3.8/site-packages/airflow/example_dags/example_xcom.py for tasks to queue
[2026-07-16T05:35:39.757+0000] {logging_mixin.py:188} INFO - [2026-07-16T05:35:39.756+0000] {dagbag.py:538} INFO - Filling up the DagBag from /home/airflow/.local/lib/python3.8/site-packages/airflow/example_dags/example_xcom.py
[2026-07-16T05:35:39.765+0000] {processor.py:840} INFO - DAG(s) 'example_xcom' retrieved from /home/airflow/.local/lib/python3.8/site-packages/airflow/example_dags/example_xcom.py
[2026-07-16T05:35:39.783+0000] {logging_mixin.py:188} INFO - [2026-07-16T05:35:39.782+0000] {dag.py:3036} INFO - Sync 1 DAGs
[2026-07-16T05:35:39.799+0000] {logging_mixin.py:188} INFO - [2026-07-16T05:35:39.799+0000] {dag.py:3823} INFO - Setting next_dagrun for example_xcom to 2021-01-01 00:00:00+00:00, run_after=2021-01-01 00:00:00+00:00
[2026-07-16T05:35:39.816+0000] {processor.py:183} INFO - Processing /home/airflow/.local/lib/python3.8/site-packages/airflow/example_dags/example_xcom.py took 0.066 seconds
[2026-07-16T05:36:09.969+0000] {processor.py:161} INFO - Started process (PID=1645) to work on /home/airflow/.local/lib/python3.8/site-packages/airflow/example_dags/example_xcom.py
[2026-07-16T05:36:09.971+0000] {processor.py:830} INFO - Processing file /home/airflow/.local/lib/python3.8/site-packages/airflow/example_dags/example_xcom.py for tasks to queue
[2026-07-16T05:36:09.973+0000] {logging_mixin.py:188} INFO - [2026-07-16T05:36:09.973+0000] {dagbag.py:538} INFO - Filling up the DagBag from /home/airflow/.local/lib/python3.8/site-packages/airflow/example_dags/example_xcom.py
[2026-07-16T05:36:09.985+0000] {processor.py:840} INFO - DAG(s) 'example_xcom' retrieved from /home/airflow/.local/lib/python3.8/site-packages/airflow/example_dags/example_xcom.py
[2026-07-16T05:36:10.014+0000] {logging_mixin.py:188} INFO - [2026-07-16T05:36:10.014+0000] {dag.py:3036} INFO - Sync 1 DAGs
[2026-07-16T05:36:10.042+0000] {logging_mixin.py:188} INFO - [2026-07-16T05:36:10.042+0000] {dag.py:3823} INFO - Setting next_dagrun for example_xcom to 2021-01-01 00:00:00+00:00, run_after=2021-01-01 00:00:00+00:00
[2026-07-16T05:36:10.069+0000] {processor.py:183} INFO - Processing /home/airflow/.local/lib/python3.8/site-packages/airflow/example_dags/example_xcom.py took 0.107 seconds
[2026-07-16T05:36:40.398+0000] {processor.py:161} INFO - Started process (PID=1702) to work on /home/airflow/.local/lib/python3.8/site-packages/airflow/example_dags/example_xcom.py
[2026-07-16T05:36:40.399+0000] {processor.py:830} INFO - Processing file /home/airflow/.local/lib/python3.8/site-packages/airflow/example_dags/example_xcom.py for tasks to queue
[2026-07-16T05:36:40.401+0000] {logging_mixin.py:188} INFO - [2026-07-16T05:36:40.401+0000] {dagbag.py:538} INFO - Filling up the DagBag from /home/airflow/.local/lib/python3.8/site-packages/airflow/example_dags/example_xcom.py
[2026-07-16T05:36:40.410+0000] {processor.py:840} INFO - DAG(s) 'example_xcom' retrieved from /home/airflow/.local/lib/python3.8/site-packages/airflow/example_dags/example_xcom.py
[2026-07-16T05:36:40.431+0000] {logging_mixin.py:188} INFO - [2026-07-16T05:36:40.431+0000] {dag.py:3036} INFO - Sync 1 DAGs
[2026-07-16T05:36:40.451+0000] {logging_mixin.py:188} INFO - [2026-07-16T05:36:40.451+0000] {dag.py:3823} INFO - Setting next_dagrun for example_xcom to 2021-01-01 00:00:00+00:00, run_after=2021-01-01 00:00:00+00:00
[2026-07-16T05:36:40.472+0000] {processor.py:183} INFO - Processing /home/airflow/.local/lib/python3.8/site-packages/airflow/example_dags/example_xcom.py took 0.078 seconds
[2026-07-16T05:37:10.574+0000] {processor.py:161} INFO - Started process (PID=1758) to work on /home/airflow/.local/lib/python3.8/site-packages/airflow/example_dags/example_xcom.py
[2026-07-16T05:37:10.576+0000] {processor.py:830} INFO - Processing file /home/airflow/.local/lib/python3.8/site-packages/airflow/example_dags/example_xcom.py for tasks to queue
[2026-07-16T05:37:10.577+0000] {logging_mixin.py:188} INFO - [2026-07-16T05:37:10.577+0000] {dagbag.py:538} INFO - Filling up the DagBag from /home/airflow/.local/lib/python3.8/site-packages/airflow/example_dags/example_xcom.py
[2026-07-16T05:37:10.586+0000] {processor.py:840} INFO - DAG(s) 'example_xcom' retrieved from /home/airflow/.local/lib/python3.8/site-packages/airflow/example_dags/example_xcom.py
[2026-07-16T05:37:10.607+0000] {logging_mixin.py:188} INFO - [2026-07-16T05:37:10.606+0000] {dag.py:3036} INFO - Sync 1 DAGs
[2026-07-16T05:37:10.628+0000] {logging_mixin.py:188} INFO - [2026-07-16T05:37:10.628+0000] {dag.py:3823} INFO - Setting next_dagrun for example_xcom to 2021-01-01 00:00:00+00:00, run_after=2021-01-01 00:00:00+00:00
[2026-07-16T05:37:10.654+0000] {processor.py:183} INFO - Processing /home/airflow/.local/lib/python3.8/site-packages/airflow/example_dags/example_xcom.py took 0.085 seconds
[2026-07-16T05:37:41.066+0000] {processor.py:161} INFO - Started process (PID=1814) to work on /home/airflow/.local/lib/python3.8/site-packages/airflow/example_dags/example_xcom.py
[2026-07-16T05:37:41.068+0000] {processor.py:830} INFO - Processing file /home/airflow/.local/lib/python3.8/site-packages/airflow/example_dags/example_xcom.py for tasks to queue
[2026-07-16T05:37:41.071+0000] {logging_mixin.py:188} INFO - [2026-07-16T05:37:41.070+0000] {dagbag.py:538} INFO - Filling up the DagBag from /home/airflow/.local/lib/python3.8/site-packages/airflow/example_dags/example_xcom.py
[2026-07-16T05:37:41.085+0000] {processor.py:840} INFO - DAG(s) 'example_xcom' retrieved from /home/airflow/.local/lib/python3.8/site-packages/airflow/example_dags/example_xcom.py
[2026-07-16T05:37:41.140+0000] {logging_mixin.py:188} INFO - [2026-07-16T05:37:41.139+0000] {dag.py:3036} INFO - Sync 1 DAGs
[2026-07-16T05:37:41.182+0000] {logging_mixin.py:188} INFO - [2026-07-16T05:37:41.181+0000] {dag.py:3823} INFO - Setting next_dagrun for example_xcom to 2021-01-01 00:00:00+00:00, run_after=2021-01-01 00:00:00+00:00
[2026-07-16T05:37:41.207+0000] {processor.py:183} INFO - Processing /home/airflow/.local/lib/python3.8/site-packages/airflow/example_dags/example_xcom.py took 0.147 seconds
[2026-07-16T05:38:11.335+0000] {processor.py:161} INFO - Started process (PID=1870) to work on /home/airflow/.local/lib/python3.8/site-packages/airflow/example_dags/example_xcom.py
[2026-07-16T05:38:11.336+0000] {processor.py:830} INFO - Processing file /home/airflow/.local/lib/python3.8/site-packages/airflow/example_dags/example_xcom.py for tasks to queue
[2026-07-16T05:38:11.338+0000] {logging_mixin.py:188} INFO - [2026-07-16T05:38:11.337+0000] {dagbag.py:538} INFO - Filling up the DagBag from /home/airflow/.local/lib/python3.8/site-packages/airflow/example_dags/example_xcom.py
[2026-07-16T05:38:11.346+0000] {processor.py:840} INFO - DAG(s) 'example_xcom' retrieved from /home/airflow/.local/lib/python3.8/site-packages/airflow/example_dags/example_xcom.py
[2026-07-16T05:38:11.368+0000] {logging_mixin.py:188} INFO - [2026-07-16T05:38:11.368+0000] {dag.py:3036} INFO - Sync 1 DAGs
[2026-07-16T05:38:11.387+0000] {logging_mixin.py:188} INFO - [2026-07-16T05:38:11.387+0000] {dag.py:3823} INFO - Setting next_dagrun for example_xcom to 2021-01-01 00:00:00+00:00, run_after=2021-01-01 00:00:00+00:00
[2026-07-16T05:38:11.405+0000] {processor.py:183} INFO - Processing /home/airflow/.local/lib/python3.8/site-packages/airflow/example_dags/example_xcom.py took 0.072 seconds
[2026-07-16T05:38:41.592+0000] {processor.py:161} INFO - Started process (PID=1926) to work on /home/airflow/.local/lib/python3.8/site-packages/airflow/example_dags/example_xcom.py
[2026-07-16T05:38:41.593+0000] {processor.py:830} INFO - Processing file /home/airflow/.local/lib/python3.8/site-packages/airflow/example_dags/example_xcom.py for tasks to queue
[2026-07-16T05:38:41.596+0000] {logging_mixin.py:188} INFO - [2026-07-16T05:38:41.595+0000] {dagbag.py:538} INFO - Filling up the DagBag from /home/airflow/.local/lib/python3.8/site-packages/airflow/example_dags/example_xcom.py
[2026-07-16T05:38:41.607+0000] {processor.py:840} INFO - DAG(s) 'example_xcom' retrieved from /home/airflow/.local/lib/python3.8/site-packages/airflow/example_dags/example_xcom.py
[2026-07-16T05:38:41.635+0000] {logging_mixin.py:188} INFO - [2026-07-16T05:38:41.634+0000] {dag.py:3036} INFO - Sync 1 DAGs
[2026-07-16T05:38:41.658+0000] {logging_mixin.py:188} INFO - [2026-07-16T05:38:41.658+0000] {dag.py:3823} INFO - Setting next_dagrun for example_xcom to 2021-01-01 00:00:00+00:00, run_after=2021-01-01 00:00:00+00:00
[2026-07-16T05:38:41.681+0000] {processor.py:183} INFO - Processing /home/airflow/.local/lib/python3.8/site-packages/airflow/example_dags/example_xcom.py took 0.093 seconds
[2026-07-16T05:39:12.071+0000] {processor.py:161} INFO - Started process (PID=1982) to work on /home/airflow/.local/lib/python3.8/site-packages/airflow/example_dags/example_xcom.py
[2026-07-16T05:39:12.072+0000] {processor.py:830} INFO - Processing file /home/airflow/.local/lib/python3.8/site-packages/airflow/example_dags/example_xcom.py for tasks to queue
[2026-07-16T05:39:12.075+0000] {logging_mixin.py:188} INFO - [2026-07-16T05:39:12.074+0000] {dagbag.py:538} INFO - Filling up the DagBag from /home/airflow/.local/lib/python3.8/site-packages/airflow/example_dags/example_xcom.py
[2026-07-16T05:39:12.084+0000] {processor.py:840} INFO - DAG(s) 'example_xcom' retrieved from /home/airflow/.local/lib/python3.8/site-packages/airflow/example_dags/example_xcom.py
[2026-07-16T05:39:12.106+0000] {logging_mixin.py:188} INFO - [2026-07-16T05:39:12.106+0000] {dag.py:3036} INFO - Sync 1 DAGs
[2026-07-16T05:39:12.126+0000] {logging_mixin.py:188} INFO - [2026-07-16T05:39:12.125+0000] {dag.py:3823} INFO - Setting next_dagrun for example_xcom to 2021-01-01 00:00:00+00:00, run_after=2021-01-01 00:00:00+00:00
[2026-07-16T05:39:12.148+0000] {processor.py:183} INFO - Processing /home/airflow/.local/lib/python3.8/site-packages/airflow/example_dags/example_xcom.py took 0.081 seconds
[2026-07-16T05:39:42.236+0000] {processor.py:161} INFO - Started process (PID=2038) to work on /home/airflow/.local/lib/python3.8/site-packages/airflow/example_dags/example_xcom.py
[2026-07-16T05:39:42.237+0000] {processor.py:830} INFO - Processing file /home/airflow/.local/lib/python3.8/site-packages/airflow/example_dags/example_xcom.py for tasks to queue
[2026-07-16T05:39:42.239+0000] {logging_mixin.py:188} INFO - [2026-07-16T05:39:42.239+0000] {dagbag.py:538} INFO - Filling up the DagBag from /home/airflow/.local/lib/python3.8/site-packages/airflow/example_dags/example_xcom.py
[2026-07-16T05:39:42.245+0000] {processor.py:840} INFO - DAG(s) 'example_xcom' retrieved from /home/airflow/.local/lib/python3.8/site-packages/airflow/example_dags/example_xcom.py
[2026-07-16T05:39:42.265+0000] {logging_mixin.py:188} INFO - [2026-07-16T05:39:42.265+0000] {dag.py:3036} INFO - Sync 1 DAGs
[2026-07-16T05:39:42.281+0000] {logging_mixin.py:188} INFO - [2026-07-16T05:39:42.281+0000] {dag.py:3823} INFO - Setting next_dagrun for example_xcom to 2021-01-01 00:00:00+00:00, run_after=2021-01-01 00:00:00+00:00
[2026-07-16T05:39:42.297+0000] {processor.py:183} INFO - Processing /home/airflow/.local/lib/python3.8/site-packages/airflow/example_dags/example_xcom.py took 0.064 seconds
[2026-07-16T05:40:12.415+0000] {processor.py:161} INFO - Started process (PID=2094) to work on /home/airflow/.local/lib/python3.8/site-packages/airflow/example_dags/example_xcom.py
[2026-07-16T05:40:12.416+0000] {processor.py:830} INFO - Processing file /home/airflow/.local/lib/python3.8/site-packages/airflow/example_dags/example_xcom.py for tasks to queue
[2026-07-16T05:40:12.418+0000] {logging_mixin.py:188} INFO - [2026-07-16T05:40:12.418+0000] {dagbag.py:538} INFO - Filling up the DagBag from /home/airflow/.local/lib/python3.8/site-packages/airflow/example_dags/example_xcom.py
[2026-07-16T05:40:12.426+0000] {processor.py:840} INFO - DAG(s) 'example_xcom' retrieved from /home/airflow/.local/lib/python3.8/site-packages/airflow/example_dags/example_xcom.py
[2026-07-16T05:40:12.452+0000] {logging_mixin.py:188} INFO - [2026-07-16T05:40:12.451+0000] {dag.py:3036} INFO - Sync 1 DAGs
[2026-07-16T05:40:12.473+0000] {logging_mixin.py:188} INFO - [2026-07-16T05:40:12.473+0000] {dag.py:3823} INFO - Setting next_dagrun for example_xcom to 2021-01-01 00:00:00+00:00, run_after=2021-01-01 00:00:00+00:00
[2026-07-16T05:40:12.502+0000] {processor.py:183} INFO - Processing /home/airflow/.local/lib/python3.8/site-packages/airflow/example_dags/example_xcom.py took 0.090 seconds
[2026-07-16T05:40:42.807+0000] {processor.py:161} INFO - Started process (PID=2150) to work on /home/airflow/.local/lib/python3.8/site-packages/airflow/example_dags/example_xcom.py
[2026-07-16T05:40:42.808+0000] {processor.py:830} INFO - Processing file /home/airflow/.local/lib/python3.8/site-packages/airflow/example_dags/example_xcom.py for tasks to queue
[2026-07-16T05:40:42.809+0000] {logging_mixin.py:188} INFO - [2026-07-16T05:40:42.809+0000] {dagbag.py:538} INFO - Filling up the DagBag from /home/airflow/.local/lib/python3.8/site-packages/airflow/example_dags/example_xcom.py
[2026-07-16T05:40:42.816+0000] {processor.py:840} INFO - DAG(s) 'example_xcom' retrieved from /home/airflow/.local/lib/python3.8/site-packages/airflow/example_dags/example_xcom.py
[2026-07-16T05:40:42.836+0000] {logging_mixin.py:188} INFO - [2026-07-16T05:40:42.836+0000] {dag.py:3036} INFO - Sync 1 DAGs
[2026-07-16T05:40:42.852+0000] {logging_mixin.py:188} INFO - [2026-07-16T05:40:42.851+0000] {dag.py:3823} INFO - Setting next_dagrun for example_xcom to 2021-01-01 00:00:00+00:00, run_after=2021-01-01 00:00:00+00:00
[2026-07-16T05:40:42.871+0000] {processor.py:183} INFO - Processing /home/airflow/.local/lib/python3.8/site-packages/airflow/example_dags/example_xcom.py took 0.067 seconds
[2026-07-16T05:41:13.200+0000] {processor.py:161} INFO - Started process (PID=2206) to work on /home/airflow/.local/lib/python3.8/site-packages/airflow/example_dags/example_xcom.py
[2026-07-16T05:41:13.202+0000] {processor.py:830} INFO - Processing file /home/airflow/.local/lib/python3.8/site-packages/airflow/example_dags/example_xcom.py for tasks to queue
[2026-07-16T05:41:13.203+0000] {logging_mixin.py:188} INFO - [2026-07-16T05:41:13.203+0000] {dagbag.py:538} INFO - Filling up the DagBag from /home/airflow/.local/lib/python3.8/site-packages/airflow/example_dags/example_xcom.py
[2026-07-16T05:41:13.210+0000] {processor.py:840} INFO - DAG(s) 'example_xcom' retrieved from /home/airflow/.local/lib/python3.8/site-packages/airflow/example_dags/example_xcom.py
[2026-07-16T05:41:13.228+0000] {logging_mixin.py:188} INFO - [2026-07-16T05:41:13.228+0000] {dag.py:3036} INFO - Sync 1 DAGs
[2026-07-16T05:41:13.244+0000] {logging_mixin.py:188} INFO - [2026-07-16T05:41:13.244+0000] {dag.py:3823} INFO - Setting next_dagrun for example_xcom to 2021-01-01 00:00:00+00:00, run_after=2021-01-01 00:00:00+00:00
[2026-07-16T05:41:13.260+0000] {processor.py:183} INFO - Processing /home/airflow/.local/lib/python3.8/site-packages/airflow/example_dags/example_xcom.py took 0.062 seconds
[2026-07-16T05:41:44.125+0000] {processor.py:161} INFO - Started process (PID=2262) to work on /home/airflow/.local/lib/python3.8/site-packages/airflow/example_dags/example_xcom.py
[2026-07-16T05:41:44.126+0000] {processor.py:830} INFO - Processing file /home/airflow/.local/lib/python3.8/site-packages/airflow/example_dags/example_xcom.py for tasks to queue
[2026-07-16T05:41:44.128+0000] {logging_mixin.py:188} INFO - [2026-07-16T05:41:44.128+0000] {dagbag.py:538} INFO - Filling up the DagBag from /home/airflow/.local/lib/python3.8/site-packages/airflow/example_dags/example_xcom.py
[2026-07-16T05:41:44.135+0000] {processor.py:840} INFO - DAG(s) 'example_xcom' retrieved from /home/airflow/.local/lib/python3.8/site-packages/airflow/example_dags/example_xcom.py
[2026-07-16T05:41:44.152+0000] {logging_mixin.py:188} INFO - [2026-07-16T05:41:44.151+0000] {dag.py:3036} INFO - Sync 1 DAGs
[2026-07-16T05:41:44.168+0000] {logging_mixin.py:188} INFO - [2026-07-16T05:41:44.168+0000] {dag.py:3823} INFO - Setting next_dagrun for example_xcom to 2021-01-01 00:00:00+00:00, run_after=2021-01-01 00:00:00+00:00
[2026-07-16T05:41:44.184+0000] {processor.py:183} INFO - Processing /home/airflow/.local/lib/python3.8/site-packages/airflow/example_dags/example_xcom.py took 0.061 seconds
[2026-07-16T05:42:15.034+0000] {processor.py:161} INFO - Started process (PID=2318) to work on /home/airflow/.local/lib/python3.8/site-packages/airflow/example_dags/example_xcom.py
[2026-07-16T05:42:15.035+0000] {processor.py:830} INFO - Processing file /home/airflow/.local/lib/python3.8/site-packages/airflow/example_dags/example_xcom.py for tasks to queue
[2026-07-16T05:42:15.037+0000] {logging_mixin.py:188} INFO - [2026-07-16T05:42:15.037+0000] {dagbag.py:538} INFO - Filling up the DagBag from /home/airflow/.local/lib/python3.8/site-packages/airflow/example_dags/example_xcom.py
[2026-07-16T05:42:15.045+0000] {processor.py:840} INFO - DAG(s) 'example_xcom' retrieved from /home/airflow/.local/lib/python3.8/site-packages/airflow/example_dags/example_xcom.py
[2026-07-16T05:42:15.064+0000] {logging_mixin.py:188} INFO - [2026-07-16T05:42:15.064+0000] {dag.py:3036} INFO - Sync 1 DAGs
[2026-07-16T05:42:15.081+0000] {logging_mixin.py:188} INFO - [2026-07-16T05:42:15.081+0000] {dag.py:3823} INFO - Setting next_dagrun for example_xcom to 2021-01-01 00:00:00+00:00, run_after=2021-01-01 00:00:00+00:00
[2026-07-16T05:42:15.098+0000] {processor.py:183} INFO - Processing /home/airflow/.local/lib/python3.8/site-packages/airflow/example_dags/example_xcom.py took 0.068 seconds
[2026-07-16T05:42:45.287+0000] {processor.py:161} INFO - Started process (PID=2374) to work on /home/airflow/.local/lib/python3.8/site-packages/airflow/example_dags/example_xcom.py
[2026-07-16T05:42:45.288+0000] {processor.py:830} INFO - Processing file /home/airflow/.local/lib/python3.8/site-packages/airflow/example_dags/example_xcom.py for tasks to queue
[2026-07-16T05:42:45.290+0000] {logging_mixin.py:188} INFO - [2026-07-16T05:42:45.290+0000] {dagbag.py:538} INFO - Filling up the DagBag from /home/airflow/.local/lib/python3.8/site-packages/airflow/example_dags/example_xcom.py
[2026-07-16T05:42:45.299+0000] {processor.py:840} INFO - DAG(s) 'example_xcom' retrieved from /home/airflow/.local/lib/python3.8/site-packages/airflow/example_dags/example_xcom.py
[2026-07-16T05:42:45.320+0000] {logging_mixin.py:188} INFO - [2026-07-16T05:42:45.320+0000] {dag.py:3036} INFO - Sync 1 DAGs
[2026-07-16T05:42:45.340+0000] {logging_mixin.py:188} INFO - [2026-07-16T05:42:45.340+0000] {dag.py:3823} INFO - Setting next_dagrun for example_xcom to 2021-01-01 00:00:00+00:00, run_after=2021-01-01 00:00:00+00:00
[2026-07-16T05:42:45.361+0000] {processor.py:183} INFO - Processing /home/airflow/.local/lib/python3.8/site-packages/airflow/example_dags/example_xcom.py took 0.078 seconds
[2026-07-16T05:43:15.756+0000] {processor.py:161} INFO - Started process (PID=2430) to work on /home/airflow/.local/lib/python3.8/site-packages/airflow/example_dags/example_xcom.py
[2026-07-16T05:43:15.757+0000] {processor.py:830} INFO - Processing file /home/airflow/.local/lib/python3.8/site-packages/airflow/example_dags/example_xcom.py for tasks to queue
[2026-07-16T05:43:15.760+0000] {logging_mixin.py:188} INFO - [2026-07-16T05:43:15.759+0000] {dagbag.py:538} INFO - Filling up the DagBag from /home/airflow/.local/lib/python3.8/site-packages/airflow/example_dags/example_xcom.py
[2026-07-16T05:43:15.768+0000] {processor.py:840} INFO - DAG(s) 'example_xcom' retrieved from /home/airflow/.local/lib/python3.8/site-packages/airflow/example_dags/example_xcom.py
[2026-07-16T05:43:15.796+0000] {logging_mixin.py:188} INFO - [2026-07-16T05:43:15.796+0000] {dag.py:3036} INFO - Sync 1 DAGs
[2026-07-16T05:43:15.824+0000] {logging_mixin.py:188} INFO - [2026-07-16T05:43:15.823+0000] {dag.py:3823} INFO - Setting next_dagrun for example_xcom to 2021-01-01 00:00:00+00:00, run_after=2021-01-01 00:00:00+00:00
[2026-07-16T05:43:15.849+0000] {processor.py:183} INFO - Processing /home/airflow/.local/lib/python3.8/site-packages/airflow/example_dags/example_xcom.py took 0.099 seconds
[2026-07-16T05:43:46.250+0000] {processor.py:161} INFO - Started process (PID=2486) to work on /home/airflow/.local/lib/python3.8/site-packages/airflow/example_dags/example_xcom.py
[2026-07-16T05:43:46.252+0000] {processor.py:830} INFO - Processing file /home/airflow/.local/lib/python3.8/site-packages/airflow/example_dags/example_xcom.py for tasks to queue
[2026-07-16T05:43:46.255+0000] {logging_mixin.py:188} INFO - [2026-07-16T05:43:46.254+0000] {dagbag.py:538} INFO - Filling up the DagBag from /home/airflow/.local/lib/python3.8/site-packages/airflow/example_dags/example_xcom.py
[2026-07-16T05:43:46.262+0000] {processor.py:840} INFO - DAG(s) 'example_xcom' retrieved from /home/airflow/.local/lib/python3.8/site-packages/airflow/example_dags/example_xcom.py
[2026-07-16T05:43:46.283+0000] {logging_mixin.py:188} INFO - [2026-07-16T05:43:46.283+0000] {dag.py:3036} INFO - Sync 1 DAGs
[2026-07-16T05:43:46.302+0000] {logging_mixin.py:188} INFO - [2026-07-16T05:43:46.301+0000] {dag.py:3823} INFO - Setting next_dagrun for example_xcom to 2021-01-01 00:00:00+00:00, run_after=2021-01-01 00:00:00+00:00
[2026-07-16T05:43:46.319+0000] {processor.py:183} INFO - Processing /home/airflow/.local/lib/python3.8/site-packages/airflow/example_dags/example_xcom.py took 0.071 seconds
[2026-07-16T05:44:16.754+0000] {processor.py:161} INFO - Started process (PID=2542) to work on /home/airflow/.local/lib/python3.8/site-packages/airflow/example_dags/example_xcom.py
[2026-07-16T05:44:16.755+0000] {processor.py:830} INFO - Processing file /home/airflow/.local/lib/python3.8/site-packages/airflow/example_dags/example_xcom.py for tasks to queue
[2026-07-16T05:44:16.757+0000] {logging_mixin.py:188} INFO - [2026-07-16T05:44:16.756+0000] {dagbag.py:538} INFO - Filling up the DagBag from /home/airflow/.local/lib/python3.8/site-packages/airflow/example_dags/example_xcom.py
[2026-07-16T05:44:16.767+0000] {processor.py:840} INFO - DAG(s) 'example_xcom' retrieved from /home/airflow/.local/lib/python3.8/site-packages/airflow/example_dags/example_xcom.py
[2026-07-16T05:44:16.794+0000] {logging_mixin.py:188} INFO - [2026-07-16T05:44:16.794+0000] {dag.py:3036} INFO - Sync 1 DAGs
[2026-07-16T05:44:16.819+0000] {logging_mixin.py:188} INFO - [2026-07-16T05:44:16.818+0000] {dag.py:3823} INFO - Setting next_dagrun for example_xcom to 2021-01-01 00:00:00+00:00, run_after=2021-01-01 00:00:00+00:00
[2026-07-16T05:44:16.842+0000] {processor.py:183} INFO - Processing /home/airflow/.local/lib/python3.8/site-packages/airflow/example_dags/example_xcom.py took 0.093 seconds
[2026-07-16T05:44:47.105+0000] {processor.py:161} INFO - Started process (PID=2598) to work on /home/airflow/.local/lib/python3.8/site-packages/airflow/example_dags/example_xcom.py
[2026-07-16T05:44:47.108+0000] {processor.py:830} INFO - Processing file /home/airflow/.local/lib/python3.8/site-packages/airflow/example_dags/example_xcom.py for tasks to queue
[2026-07-16T05:44:47.111+0000] {logging_mixin.py:188} INFO - [2026-07-16T05:44:47.110+0000] {dagbag.py:538} INFO - Filling up the DagBag from /home/airflow/.local/lib/python3.8/site-packages/airflow/example_dags/example_xcom.py
[2026-07-16T05:44:47.125+0000] {processor.py:840} INFO - DAG(s) 'example_xcom' retrieved from /home/airflow/.local/lib/python3.8/site-packages/airflow/example_dags/example_xcom.py
[2026-07-16T05:44:47.149+0000] {logging_mixin.py:188} INFO - [2026-07-16T05:44:47.149+0000] {dag.py:3036} INFO - Sync 1 DAGs
[2026-07-16T05:44:47.170+0000] {logging_mixin.py:188} INFO - [2026-07-16T05:44:47.170+0000] {dag.py:3823} INFO - Setting next_dagrun for example_xcom to 2021-01-01 00:00:00+00:00, run_after=2021-01-01 00:00:00+00:00
[2026-07-16T05:44:47.190+0000] {processor.py:183} INFO - Processing /home/airflow/.local/lib/python3.8/site-packages/airflow/example_dags/example_xcom.py took 0.089 seconds
[2026-07-16T05:45:17.365+0000] {processor.py:161} INFO - Started process (PID=2654) to work on /home/airflow/.local/lib/python3.8/site-packages/airflow/example_dags/example_xcom.py
[2026-07-16T05:45:17.366+0000] {processor.py:830} INFO - Processing file /home/airflow/.local/lib/python3.8/site-packages/airflow/example_dags/example_xcom.py for tasks to queue
[2026-07-16T05:45:17.368+0000] {logging_mixin.py:188} INFO - [2026-07-16T05:45:17.368+0000] {dagbag.py:538} INFO - Filling up the DagBag from /home/airflow/.local/lib/python3.8/site-packages/airflow/example_dags/example_xcom.py
[2026-07-16T05:45:17.374+0000] {processor.py:840} INFO - DAG(s) 'example_xcom' retrieved from /home/airflow/.local/lib/python3.8/site-packages/airflow/example_dags/example_xcom.py
[2026-07-16T05:45:17.391+0000] {logging_mixin.py:188} INFO - [2026-07-16T05:45:17.391+0000] {dag.py:3036} INFO - Sync 1 DAGs
[2026-07-16T05:45:17.407+0000] {logging_mixin.py:188} INFO - [2026-07-16T05:45:17.407+0000] {dag.py:3823} INFO - Setting next_dagrun for example_xcom to 2021-01-01 00:00:00+00:00, run_after=2021-01-01 00:00:00+00:00
[2026-07-16T05:45:17.421+0000] {processor.py:183} INFO - Processing /home/airflow/.local/lib/python3.8/site-packages/airflow/example_dags/example_xcom.py took 0.058 seconds
[2026-07-16T05:45:47.611+0000] {processor.py:161} INFO - Started process (PID=2710) to work on /home/airflow/.local/lib/python3.8/site-packages/airflow/example_dags/example_xcom.py
[2026-07-16T05:45:47.612+0000] {processor.py:830} INFO - Processing file /home/airflow/.local/lib/python3.8/site-packages/airflow/example_dags/example_xcom.py for tasks to queue
[2026-07-16T05:45:47.614+0000] {logging_mixin.py:188} INFO - [2026-07-16T05:45:47.613+0000] {dagbag.py:538} INFO - Filling up the DagBag from /home/airflow/.local/lib/python3.8/site-packages/airflow/example_dags/example_xcom.py
[2026-07-16T05:45:47.620+0000] {processor.py:840} INFO - DAG(s) 'example_xcom' retrieved from /home/airflow/.local/lib/python3.8/site-packages/airflow/example_dags/example_xcom.py
[2026-07-16T05:45:47.635+0000] {logging_mixin.py:188} INFO - [2026-07-16T05:45:47.635+0000] {dag.py:3036} INFO - Sync 1 DAGs
[2026-07-16T05:45:47.649+0000] {logging_mixin.py:188} INFO - [2026-07-16T05:45:47.648+0000] {dag.py:3823} INFO - Setting next_dagrun for example_xcom to 2021-01-01 00:00:00+00:00, run_after=2021-01-01 00:00:00+00:00
[2026-07-16T05:45:47.769+0000] {processor.py:183} INFO - Processing /home/airflow/.local/lib/python3.8/site-packages/airflow/example_dags/example_xcom.py took 0.162 seconds
[2026-07-16T05:46:18.119+0000] {processor.py:161} INFO - Started process (PID=2766) to work on /home/airflow/.local/lib/python3.8/site-packages/airflow/example_dags/example_xcom.py
[2026-07-16T05:46:18.120+0000] {processor.py:830} INFO - Processing file /home/airflow/.local/lib/python3.8/site-packages/airflow/example_dags/example_xcom.py for tasks to queue
[2026-07-16T05:46:18.122+0000] {logging_mixin.py:188} INFO - [2026-07-16T05:46:18.122+0000] {dagbag.py:538} INFO - Filling up the DagBag from /home/airflow/.local/lib/python3.8/site-packages/airflow/example_dags/example_xcom.py
[2026-07-16T05:46:18.129+0000] {processor.py:840} INFO - DAG(s) 'example_xcom' retrieved from /home/airflow/.local/lib/python3.8/site-packages/airflow/example_dags/example_xcom.py
[2026-07-16T05:46:18.144+0000] {logging_mixin.py:188} INFO - [2026-07-16T05:46:18.144+0000] {dag.py:3036} INFO - Sync 1 DAGs
[2026-07-16T05:46:18.158+0000] {logging_mixin.py:188} INFO - [2026-07-16T05:46:18.157+0000] {dag.py:3823} INFO - Setting next_dagrun for example_xcom to 2021-01-01 00:00:00+00:00, run_after=2021-01-01 00:00:00+00:00
[2026-07-16T05:46:18.173+0000] {processor.py:183} INFO - Processing /home/airflow/.local/lib/python3.8/site-packages/airflow/example_dags/example_xcom.py took 0.058 seconds
[2026-07-16T05:46:48.379+0000] {processor.py:161} INFO - Started process (PID=2822) to work on /home/airflow/.local/lib/python3.8/site-packages/airflow/example_dags/example_xcom.py
[2026-07-16T05:46:48.380+0000] {processor.py:830} INFO - Processing file /home/airflow/.local/lib/python3.8/site-packages/airflow/example_dags/example_xcom.py for tasks to queue
[2026-07-16T05:46:48.382+0000] {logging_mixin.py:188} INFO - [2026-07-16T05:46:48.381+0000] {dagbag.py:538} INFO - Filling up the DagBag from /home/airflow/.local/lib/python3.8/site-packages/airflow/example_dags/example_xcom.py
[2026-07-16T05:46:48.389+0000] {processor.py:840} INFO - DAG(s) 'example_xcom' retrieved from /home/airflow/.local/lib/python3.8/site-packages/airflow/example_dags/example_xcom.py
[2026-07-16T05:46:48.403+0000] {logging_mixin.py:188} INFO - [2026-07-16T05:46:48.403+0000] {dag.py:3036} INFO - Sync 1 DAGs
[2026-07-16T05:46:48.417+0000] {logging_mixin.py:188} INFO - [2026-07-16T05:46:48.417+0000] {dag.py:3823} INFO - Setting next_dagrun for example_xcom to 2021-01-01 00:00:00+00:00, run_after=2021-01-01 00:00:00+00:00
[2026-07-16T05:46:48.430+0000] {processor.py:183} INFO - Processing /home/airflow/.local/lib/python3.8/site-packages/airflow/example_dags/example_xcom.py took 0.053 seconds
[2026-07-16T05:47:19.143+0000] {processor.py:161} INFO - Started process (PID=2878) to work on /home/airflow/.local/lib/python3.8/site-packages/airflow/example_dags/example_xcom.py
[2026-07-16T05:47:19.145+0000] {processor.py:830} INFO - Processing file /home/airflow/.local/lib/python3.8/site-packages/airflow/example_dags/example_xcom.py for tasks to queue
[2026-07-16T05:47:19.150+0000] {logging_mixin.py:188} INFO - [2026-07-16T05:47:19.149+0000] {dagbag.py:538} INFO - Filling up the DagBag from /home/airflow/.local/lib/python3.8/site-packages/airflow/example_dags/example_xcom.py
[2026-07-16T05:47:19.159+0000] {processor.py:840} INFO - DAG(s) 'example_xcom' retrieved from /home/airflow/.local/lib/python3.8/site-packages/airflow/example_dags/example_xcom.py
[2026-07-16T05:47:19.180+0000] {logging_mixin.py:188} INFO - [2026-07-16T05:47:19.180+0000] {dag.py:3036} INFO - Sync 1 DAGs
[2026-07-16T05:47:19.199+0000] {logging_mixin.py:188} INFO - [2026-07-16T05:47:19.199+0000] {dag.py:3823} INFO - Setting next_dagrun for example_xcom to 2021-01-01 00:00:00+00:00, run_after=2021-01-01 00:00:00+00:00
[2026-07-16T05:47:19.219+0000] {processor.py:183} INFO - Processing /home/airflow/.local/lib/python3.8/site-packages/airflow/example_dags/example_xcom.py took 0.081 seconds
[2026-07-16T05:47:50.172+0000] {processor.py:161} INFO - Started process (PID=2934) to work on /home/airflow/.local/lib/python3.8/site-packages/airflow/example_dags/example_xcom.py
[2026-07-16T05:47:50.173+0000] {processor.py:830} INFO - Processing file /home/airflow/.local/lib/python3.8/site-packages/airflow/example_dags/example_xcom.py for tasks to queue
[2026-07-16T05:47:50.176+0000] {logging_mixin.py:188} INFO - [2026-07-16T05:47:50.175+0000] {dagbag.py:538} INFO - Filling up the DagBag from /home/airflow/.local/lib/python3.8/site-packages/airflow/example_dags/example_xcom.py
[2026-07-16T05:47:50.184+0000] {processor.py:840} INFO - DAG(s) 'example_xcom' retrieved from /home/airflow/.local/lib/python3.8/site-packages/airflow/example_dags/example_xcom.py
[2026-07-16T05:47:50.212+0000] {logging_mixin.py:188} INFO - [2026-07-16T05:47:50.211+0000] {dag.py:3036} INFO - Sync 1 DAGs
[2026-07-16T05:47:50.233+0000] {logging_mixin.py:188} INFO - [2026-07-16T05:47:50.233+0000] {dag.py:3823} INFO - Setting next_dagrun for example_xcom to 2021-01-01 00:00:00+00:00, run_after=2021-01-01 00:00:00+00:00
[2026-07-16T05:47:50.258+0000] {processor.py:183} INFO - Processing /home/airflow/.local/lib/python3.8/site-packages/airflow/example_dags/example_xcom.py took 0.091 seconds
[2026-07-16T05:48:21.063+0000] {processor.py:161} INFO - Started process (PID=2990) to work on /home/airflow/.local/lib/python3.8/site-packages/airflow/example_dags/example_xcom.py
[2026-07-16T05:48:21.065+0000] {processor.py:830} INFO - Processing file /home/airflow/.local/lib/python3.8/site-packages/airflow/example_dags/example_xcom.py for tasks to queue
[2026-07-16T05:48:21.067+0000] {logging_mixin.py:188} INFO - [2026-07-16T05:48:21.067+0000] {dagbag.py:538} INFO - Filling up the DagBag from /home/airflow/.local/lib/python3.8/site-packages/airflow/example_dags/example_xcom.py
[2026-07-16T05:48:21.075+0000] {processor.py:840} INFO - DAG(s) 'example_xcom' retrieved from /home/airflow/.local/lib/python3.8/site-packages/airflow/example_dags/example_xcom.py
[2026-07-16T05:48:21.102+0000] {logging_mixin.py:188} INFO - [2026-07-16T05:48:21.102+0000] {dag.py:3036} INFO - Sync 1 DAGs
[2026-07-16T05:48:21.292+0000] {logging_mixin.py:188} INFO - [2026-07-16T05:48:21.292+0000] {dag.py:3823} INFO - Setting next_dagrun for example_xcom to 2021-01-01 00:00:00+00:00, run_after=2021-01-01 00:00:00+00:00
[2026-07-16T05:48:21.313+0000] {processor.py:183} INFO - Processing /home/airflow/.local/lib/python3.8/site-packages/airflow/example_dags/example_xcom.py took 0.260 seconds
