[2026-07-16T05:21:56.460+0000] {processor.py:161} INFO - Started process (PID=77) to work on /home/airflow/.local/lib/python3.8/site-packages/airflow/example_dags/example_latest_only_with_trigger.py
[2026-07-16T05:21:56.462+0000] {processor.py:830} INFO - Processing file /home/airflow/.local/lib/python3.8/site-packages/airflow/example_dags/example_latest_only_with_trigger.py for tasks to queue
[2026-07-16T05:21:56.465+0000] {logging_mixin.py:188} INFO - [2026-07-16T05:21:56.464+0000] {dagbag.py:538} INFO - Filling up the DagBag from /home/airflow/.local/lib/python3.8/site-packages/airflow/example_dags/example_latest_only_with_trigger.py
[2026-07-16T05:21:56.483+0000] {processor.py:840} INFO - DAG(s) 'latest_only_with_trigger' retrieved from /home/airflow/.local/lib/python3.8/site-packages/airflow/example_dags/example_latest_only_with_trigger.py
[2026-07-16T05:21:56.633+0000] {logging_mixin.py:188} INFO - [2026-07-16T05:21:56.633+0000] {dag.py:3036} INFO - Sync 1 DAGs
[2026-07-16T05:21:56.665+0000] {logging_mixin.py:188} INFO - [2026-07-16T05:21:56.665+0000] {dag.py:3823} INFO - Setting next_dagrun for latest_only_with_trigger to 2026-07-16 00:00:00+00:00, run_after=2026-07-16 04:00:00+00:00
[2026-07-16T05:21:56.699+0000] {processor.py:183} INFO - Processing /home/airflow/.local/lib/python3.8/site-packages/airflow/example_dags/example_latest_only_with_trigger.py took 0.244 seconds
[2026-07-16T05:22:27.008+0000] {processor.py:161} INFO - Started process (PID=133) to work on /home/airflow/.local/lib/python3.8/site-packages/airflow/example_dags/example_latest_only_with_trigger.py
[2026-07-16T05:22:27.011+0000] {processor.py:830} INFO - Processing file /home/airflow/.local/lib/python3.8/site-packages/airflow/example_dags/example_latest_only_with_trigger.py for tasks to queue
[2026-07-16T05:22:27.020+0000] {logging_mixin.py:188} INFO - [2026-07-16T05:22:27.020+0000] {dagbag.py:538} INFO - Filling up the DagBag from /home/airflow/.local/lib/python3.8/site-packages/airflow/example_dags/example_latest_only_with_trigger.py
[2026-07-16T05:22:27.035+0000] {processor.py:840} INFO - DAG(s) 'latest_only_with_trigger' retrieved from /home/airflow/.local/lib/python3.8/site-packages/airflow/example_dags/example_latest_only_with_trigger.py
[2026-07-16T05:22:27.092+0000] {logging_mixin.py:188} INFO - [2026-07-16T05:22:27.092+0000] {dag.py:3036} INFO - Sync 1 DAGs
[2026-07-16T05:22:27.142+0000] {logging_mixin.py:188} INFO - [2026-07-16T05:22:27.141+0000] {dag.py:3823} INFO - Setting next_dagrun for latest_only_with_trigger to 2026-07-16 00:00:00+00:00, run_after=2026-07-16 04:00:00+00:00
[2026-07-16T05:22:27.191+0000] {processor.py:183} INFO - Processing /home/airflow/.local/lib/python3.8/site-packages/airflow/example_dags/example_latest_only_with_trigger.py took 0.197 seconds
[2026-07-16T05:22:57.636+0000] {processor.py:161} INFO - Started process (PID=191) to work on /home/airflow/.local/lib/python3.8/site-packages/airflow/example_dags/example_latest_only_with_trigger.py
[2026-07-16T05:22:57.639+0000] {processor.py:830} INFO - Processing file /home/airflow/.local/lib/python3.8/site-packages/airflow/example_dags/example_latest_only_with_trigger.py for tasks to queue
[2026-07-16T05:22:57.643+0000] {logging_mixin.py:188} INFO - [2026-07-16T05:22:57.642+0000] {dagbag.py:538} INFO - Filling up the DagBag from /home/airflow/.local/lib/python3.8/site-packages/airflow/example_dags/example_latest_only_with_trigger.py
[2026-07-16T05:22:57.657+0000] {processor.py:840} INFO - DAG(s) 'latest_only_with_trigger' retrieved from /home/airflow/.local/lib/python3.8/site-packages/airflow/example_dags/example_latest_only_with_trigger.py
[2026-07-16T05:22:57.714+0000] {logging_mixin.py:188} INFO - [2026-07-16T05:22:57.713+0000] {dag.py:3036} INFO - Sync 1 DAGs
[2026-07-16T05:22:57.780+0000] {logging_mixin.py:188} INFO - [2026-07-16T05:22:57.779+0000] {dag.py:3823} INFO - Setting next_dagrun for latest_only_with_trigger to 2026-07-16 00:00:00+00:00, run_after=2026-07-16 04:00:00+00:00
[2026-07-16T05:22:57.836+0000] {processor.py:183} INFO - Processing /home/airflow/.local/lib/python3.8/site-packages/airflow/example_dags/example_latest_only_with_trigger.py took 0.210 seconds
[2026-07-16T05:23:27.927+0000] {processor.py:161} INFO - Started process (PID=247) to work on /home/airflow/.local/lib/python3.8/site-packages/airflow/example_dags/example_latest_only_with_trigger.py
[2026-07-16T05:23:27.929+0000] {processor.py:830} INFO - Processing file /home/airflow/.local/lib/python3.8/site-packages/airflow/example_dags/example_latest_only_with_trigger.py for tasks to queue
[2026-07-16T05:23:27.932+0000] {logging_mixin.py:188} INFO - [2026-07-16T05:23:27.932+0000] {dagbag.py:538} INFO - Filling up the DagBag from /home/airflow/.local/lib/python3.8/site-packages/airflow/example_dags/example_latest_only_with_trigger.py
[2026-07-16T05:23:27.941+0000] {processor.py:840} INFO - DAG(s) 'latest_only_with_trigger' retrieved from /home/airflow/.local/lib/python3.8/site-packages/airflow/example_dags/example_latest_only_with_trigger.py
[2026-07-16T05:23:27.977+0000] {logging_mixin.py:188} INFO - [2026-07-16T05:23:27.977+0000] {dag.py:3036} INFO - Sync 1 DAGs
[2026-07-16T05:23:28.021+0000] {logging_mixin.py:188} INFO - [2026-07-16T05:23:28.020+0000] {dag.py:3823} INFO - Setting next_dagrun for latest_only_with_trigger to 2026-07-16 00:00:00+00:00, run_after=2026-07-16 04:00:00+00:00
[2026-07-16T05:23:28.053+0000] {processor.py:183} INFO - Processing /home/airflow/.local/lib/python3.8/site-packages/airflow/example_dags/example_latest_only_with_trigger.py took 0.133 seconds
[2026-07-16T05:23:58.691+0000] {processor.py:161} INFO - Started process (PID=307) to work on /home/airflow/.local/lib/python3.8/site-packages/airflow/example_dags/example_latest_only_with_trigger.py
[2026-07-16T05:23:58.694+0000] {processor.py:830} INFO - Processing file /home/airflow/.local/lib/python3.8/site-packages/airflow/example_dags/example_latest_only_with_trigger.py for tasks to queue
[2026-07-16T05:23:58.698+0000] {logging_mixin.py:188} INFO - [2026-07-16T05:23:58.697+0000] {dagbag.py:538} INFO - Filling up the DagBag from /home/airflow/.local/lib/python3.8/site-packages/airflow/example_dags/example_latest_only_with_trigger.py
[2026-07-16T05:23:58.710+0000] {processor.py:840} INFO - DAG(s) 'latest_only_with_trigger' retrieved from /home/airflow/.local/lib/python3.8/site-packages/airflow/example_dags/example_latest_only_with_trigger.py
[2026-07-16T05:23:58.761+0000] {logging_mixin.py:188} INFO - [2026-07-16T05:23:58.761+0000] {dag.py:3036} INFO - Sync 1 DAGs
[2026-07-16T05:23:58.802+0000] {logging_mixin.py:188} INFO - [2026-07-16T05:23:58.802+0000] {dag.py:3823} INFO - Setting next_dagrun for latest_only_with_trigger to 2026-07-16 00:00:00+00:00, run_after=2026-07-16 04:00:00+00:00
[2026-07-16T05:23:58.835+0000] {processor.py:183} INFO - Processing /home/airflow/.local/lib/python3.8/site-packages/airflow/example_dags/example_latest_only_with_trigger.py took 0.151 seconds
[2026-07-16T05:24:30.049+0000] {processor.py:161} INFO - Started process (PID=364) to work on /home/airflow/.local/lib/python3.8/site-packages/airflow/example_dags/example_latest_only_with_trigger.py
[2026-07-16T05:24:30.052+0000] {processor.py:830} INFO - Processing file /home/airflow/.local/lib/python3.8/site-packages/airflow/example_dags/example_latest_only_with_trigger.py for tasks to queue
[2026-07-16T05:24:30.056+0000] {logging_mixin.py:188} INFO - [2026-07-16T05:24:30.055+0000] {dagbag.py:538} INFO - Filling up the DagBag from /home/airflow/.local/lib/python3.8/site-packages/airflow/example_dags/example_latest_only_with_trigger.py
[2026-07-16T05:24:30.067+0000] {processor.py:840} INFO - DAG(s) 'latest_only_with_trigger' retrieved from /home/airflow/.local/lib/python3.8/site-packages/airflow/example_dags/example_latest_only_with_trigger.py
[2026-07-16T05:24:30.113+0000] {logging_mixin.py:188} INFO - [2026-07-16T05:24:30.112+0000] {dag.py:3036} INFO - Sync 1 DAGs
[2026-07-16T05:24:30.163+0000] {logging_mixin.py:188} INFO - [2026-07-16T05:24:30.163+0000] {dag.py:3823} INFO - Setting next_dagrun for latest_only_with_trigger to 2026-07-16 00:00:00+00:00, run_after=2026-07-16 04:00:00+00:00
[2026-07-16T05:24:30.205+0000] {processor.py:183} INFO - Processing /home/airflow/.local/lib/python3.8/site-packages/airflow/example_dags/example_latest_only_with_trigger.py took 0.164 seconds
[2026-07-16T05:25:00.385+0000] {processor.py:161} INFO - Started process (PID=420) to work on /home/airflow/.local/lib/python3.8/site-packages/airflow/example_dags/example_latest_only_with_trigger.py
[2026-07-16T05:25:00.387+0000] {processor.py:830} INFO - Processing file /home/airflow/.local/lib/python3.8/site-packages/airflow/example_dags/example_latest_only_with_trigger.py for tasks to queue
[2026-07-16T05:25:00.391+0000] {logging_mixin.py:188} INFO - [2026-07-16T05:25:00.390+0000] {dagbag.py:538} INFO - Filling up the DagBag from /home/airflow/.local/lib/python3.8/site-packages/airflow/example_dags/example_latest_only_with_trigger.py
[2026-07-16T05:25:00.403+0000] {processor.py:840} INFO - DAG(s) 'latest_only_with_trigger' retrieved from /home/airflow/.local/lib/python3.8/site-packages/airflow/example_dags/example_latest_only_with_trigger.py
[2026-07-16T05:25:00.442+0000] {logging_mixin.py:188} INFO - [2026-07-16T05:25:00.441+0000] {dag.py:3036} INFO - Sync 1 DAGs
[2026-07-16T05:25:00.483+0000] {logging_mixin.py:188} INFO - [2026-07-16T05:25:00.483+0000] {dag.py:3823} INFO - Setting next_dagrun for latest_only_with_trigger to 2026-07-16 00:00:00+00:00, run_after=2026-07-16 04:00:00+00:00
[2026-07-16T05:25:00.517+0000] {processor.py:183} INFO - Processing /home/airflow/.local/lib/python3.8/site-packages/airflow/example_dags/example_latest_only_with_trigger.py took 0.139 seconds
[2026-07-16T05:25:30.941+0000] {processor.py:161} INFO - Started process (PID=476) to work on /home/airflow/.local/lib/python3.8/site-packages/airflow/example_dags/example_latest_only_with_trigger.py
[2026-07-16T05:25:30.944+0000] {processor.py:830} INFO - Processing file /home/airflow/.local/lib/python3.8/site-packages/airflow/example_dags/example_latest_only_with_trigger.py for tasks to queue
[2026-07-16T05:25:30.946+0000] {logging_mixin.py:188} INFO - [2026-07-16T05:25:30.946+0000] {dagbag.py:538} INFO - Filling up the DagBag from /home/airflow/.local/lib/python3.8/site-packages/airflow/example_dags/example_latest_only_with_trigger.py
[2026-07-16T05:25:30.959+0000] {processor.py:840} INFO - DAG(s) 'latest_only_with_trigger' retrieved from /home/airflow/.local/lib/python3.8/site-packages/airflow/example_dags/example_latest_only_with_trigger.py
[2026-07-16T05:25:30.996+0000] {logging_mixin.py:188} INFO - [2026-07-16T05:25:30.996+0000] {dag.py:3036} INFO - Sync 1 DAGs
[2026-07-16T05:25:31.026+0000] {logging_mixin.py:188} INFO - [2026-07-16T05:25:31.026+0000] {dag.py:3823} INFO - Setting next_dagrun for latest_only_with_trigger to 2026-07-16 00:00:00+00:00, run_after=2026-07-16 04:00:00+00:00
[2026-07-16T05:25:31.060+0000] {processor.py:183} INFO - Processing /home/airflow/.local/lib/python3.8/site-packages/airflow/example_dags/example_latest_only_with_trigger.py took 0.125 seconds
[2026-07-16T05:26:01.223+0000] {processor.py:161} INFO - Started process (PID=532) to work on /home/airflow/.local/lib/python3.8/site-packages/airflow/example_dags/example_latest_only_with_trigger.py
[2026-07-16T05:26:01.225+0000] {processor.py:830} INFO - Processing file /home/airflow/.local/lib/python3.8/site-packages/airflow/example_dags/example_latest_only_with_trigger.py for tasks to queue
[2026-07-16T05:26:01.227+0000] {logging_mixin.py:188} INFO - [2026-07-16T05:26:01.226+0000] {dagbag.py:538} INFO - Filling up the DagBag from /home/airflow/.local/lib/python3.8/site-packages/airflow/example_dags/example_latest_only_with_trigger.py
[2026-07-16T05:26:01.235+0000] {processor.py:840} INFO - DAG(s) 'latest_only_with_trigger' retrieved from /home/airflow/.local/lib/python3.8/site-packages/airflow/example_dags/example_latest_only_with_trigger.py
[2026-07-16T05:26:01.260+0000] {logging_mixin.py:188} INFO - [2026-07-16T05:26:01.260+0000] {dag.py:3036} INFO - Sync 1 DAGs
[2026-07-16T05:26:01.284+0000] {logging_mixin.py:188} INFO - [2026-07-16T05:26:01.284+0000] {dag.py:3823} INFO - Setting next_dagrun for latest_only_with_trigger to 2026-07-16 00:00:00+00:00, run_after=2026-07-16 04:00:00+00:00
[2026-07-16T05:26:01.308+0000] {processor.py:183} INFO - Processing /home/airflow/.local/lib/python3.8/site-packages/airflow/example_dags/example_latest_only_with_trigger.py took 0.089 seconds
[2026-07-16T05:26:31.345+0000] {processor.py:161} INFO - Started process (PID=588) to work on /home/airflow/.local/lib/python3.8/site-packages/airflow/example_dags/example_latest_only_with_trigger.py
[2026-07-16T05:26:31.347+0000] {processor.py:830} INFO - Processing file /home/airflow/.local/lib/python3.8/site-packages/airflow/example_dags/example_latest_only_with_trigger.py for tasks to queue
[2026-07-16T05:26:31.350+0000] {logging_mixin.py:188} INFO - [2026-07-16T05:26:31.350+0000] {dagbag.py:538} INFO - Filling up the DagBag from /home/airflow/.local/lib/python3.8/site-packages/airflow/example_dags/example_latest_only_with_trigger.py
[2026-07-16T05:26:31.359+0000] {processor.py:840} INFO - DAG(s) 'latest_only_with_trigger' retrieved from /home/airflow/.local/lib/python3.8/site-packages/airflow/example_dags/example_latest_only_with_trigger.py
[2026-07-16T05:26:31.390+0000] {logging_mixin.py:188} INFO - [2026-07-16T05:26:31.390+0000] {dag.py:3036} INFO - Sync 1 DAGs
[2026-07-16T05:26:31.417+0000] {logging_mixin.py:188} INFO - [2026-07-16T05:26:31.417+0000] {dag.py:3823} INFO - Setting next_dagrun for latest_only_with_trigger to 2026-07-16 00:00:00+00:00, run_after=2026-07-16 04:00:00+00:00
[2026-07-16T05:26:31.446+0000] {processor.py:183} INFO - Processing /home/airflow/.local/lib/python3.8/site-packages/airflow/example_dags/example_latest_only_with_trigger.py took 0.106 seconds
[2026-07-16T05:27:01.671+0000] {processor.py:161} INFO - Started process (PID=644) to work on /home/airflow/.local/lib/python3.8/site-packages/airflow/example_dags/example_latest_only_with_trigger.py
[2026-07-16T05:27:01.673+0000] {processor.py:830} INFO - Processing file /home/airflow/.local/lib/python3.8/site-packages/airflow/example_dags/example_latest_only_with_trigger.py for tasks to queue
[2026-07-16T05:27:01.675+0000] {logging_mixin.py:188} INFO - [2026-07-16T05:27:01.675+0000] {dagbag.py:538} INFO - Filling up the DagBag from /home/airflow/.local/lib/python3.8/site-packages/airflow/example_dags/example_latest_only_with_trigger.py
[2026-07-16T05:27:01.683+0000] {processor.py:840} INFO - DAG(s) 'latest_only_with_trigger' retrieved from /home/airflow/.local/lib/python3.8/site-packages/airflow/example_dags/example_latest_only_with_trigger.py
[2026-07-16T05:27:01.715+0000] {logging_mixin.py:188} INFO - [2026-07-16T05:27:01.715+0000] {dag.py:3036} INFO - Sync 1 DAGs
[2026-07-16T05:27:01.742+0000] {logging_mixin.py:188} INFO - [2026-07-16T05:27:01.742+0000] {dag.py:3823} INFO - Setting next_dagrun for latest_only_with_trigger to 2026-07-16 00:00:00+00:00, run_after=2026-07-16 04:00:00+00:00
[2026-07-16T05:27:01.767+0000] {processor.py:183} INFO - Processing /home/airflow/.local/lib/python3.8/site-packages/airflow/example_dags/example_latest_only_with_trigger.py took 0.101 seconds
[2026-07-16T05:27:31.836+0000] {processor.py:161} INFO - Started process (PID=700) to work on /home/airflow/.local/lib/python3.8/site-packages/airflow/example_dags/example_latest_only_with_trigger.py
[2026-07-16T05:27:31.838+0000] {processor.py:830} INFO - Processing file /home/airflow/.local/lib/python3.8/site-packages/airflow/example_dags/example_latest_only_with_trigger.py for tasks to queue
[2026-07-16T05:27:31.840+0000] {logging_mixin.py:188} INFO - [2026-07-16T05:27:31.840+0000] {dagbag.py:538} INFO - Filling up the DagBag from /home/airflow/.local/lib/python3.8/site-packages/airflow/example_dags/example_latest_only_with_trigger.py
[2026-07-16T05:27:31.852+0000] {processor.py:840} INFO - DAG(s) 'latest_only_with_trigger' retrieved from /home/airflow/.local/lib/python3.8/site-packages/airflow/example_dags/example_latest_only_with_trigger.py
[2026-07-16T05:27:31.893+0000] {logging_mixin.py:188} INFO - [2026-07-16T05:27:31.892+0000] {dag.py:3036} INFO - Sync 1 DAGs
[2026-07-16T05:27:31.923+0000] {logging_mixin.py:188} INFO - [2026-07-16T05:27:31.923+0000] {dag.py:3823} INFO - Setting next_dagrun for latest_only_with_trigger to 2026-07-16 00:00:00+00:00, run_after=2026-07-16 04:00:00+00:00
[2026-07-16T05:27:31.953+0000] {processor.py:183} INFO - Processing /home/airflow/.local/lib/python3.8/site-packages/airflow/example_dags/example_latest_only_with_trigger.py took 0.130 seconds
[2026-07-16T05:28:02.237+0000] {processor.py:161} INFO - Started process (PID=756) to work on /home/airflow/.local/lib/python3.8/site-packages/airflow/example_dags/example_latest_only_with_trigger.py
[2026-07-16T05:28:02.238+0000] {processor.py:830} INFO - Processing file /home/airflow/.local/lib/python3.8/site-packages/airflow/example_dags/example_latest_only_with_trigger.py for tasks to queue
[2026-07-16T05:28:02.241+0000] {logging_mixin.py:188} INFO - [2026-07-16T05:28:02.240+0000] {dagbag.py:538} INFO - Filling up the DagBag from /home/airflow/.local/lib/python3.8/site-packages/airflow/example_dags/example_latest_only_with_trigger.py
[2026-07-16T05:28:02.249+0000] {processor.py:840} INFO - DAG(s) 'latest_only_with_trigger' retrieved from /home/airflow/.local/lib/python3.8/site-packages/airflow/example_dags/example_latest_only_with_trigger.py
[2026-07-16T05:28:02.277+0000] {logging_mixin.py:188} INFO - [2026-07-16T05:28:02.277+0000] {dag.py:3036} INFO - Sync 1 DAGs
[2026-07-16T05:28:02.306+0000] {logging_mixin.py:188} INFO - [2026-07-16T05:28:02.306+0000] {dag.py:3823} INFO - Setting next_dagrun for latest_only_with_trigger to 2026-07-16 00:00:00+00:00, run_after=2026-07-16 04:00:00+00:00
[2026-07-16T05:28:02.328+0000] {processor.py:183} INFO - Processing /home/airflow/.local/lib/python3.8/site-packages/airflow/example_dags/example_latest_only_with_trigger.py took 0.096 seconds
[2026-07-16T05:28:33.641+0000] {processor.py:161} INFO - Started process (PID=812) to work on /home/airflow/.local/lib/python3.8/site-packages/airflow/example_dags/example_latest_only_with_trigger.py
[2026-07-16T05:28:33.644+0000] {processor.py:830} INFO - Processing file /home/airflow/.local/lib/python3.8/site-packages/airflow/example_dags/example_latest_only_with_trigger.py for tasks to queue
[2026-07-16T05:28:33.651+0000] {logging_mixin.py:188} INFO - [2026-07-16T05:28:33.650+0000] {dagbag.py:538} INFO - Filling up the DagBag from /home/airflow/.local/lib/python3.8/site-packages/airflow/example_dags/example_latest_only_with_trigger.py
[2026-07-16T05:28:33.672+0000] {processor.py:840} INFO - DAG(s) 'latest_only_with_trigger' retrieved from /home/airflow/.local/lib/python3.8/site-packages/airflow/example_dags/example_latest_only_with_trigger.py
[2026-07-16T05:28:33.744+0000] {logging_mixin.py:188} INFO - [2026-07-16T05:28:33.744+0000] {dag.py:3036} INFO - Sync 1 DAGs
[2026-07-16T05:28:33.835+0000] {logging_mixin.py:188} INFO - [2026-07-16T05:28:33.834+0000] {dag.py:3823} INFO - Setting next_dagrun for latest_only_with_trigger to 2026-07-16 00:00:00+00:00, run_after=2026-07-16 04:00:00+00:00
[2026-07-16T05:28:33.890+0000] {processor.py:183} INFO - Processing /home/airflow/.local/lib/python3.8/site-packages/airflow/example_dags/example_latest_only_with_trigger.py took 0.261 seconds
[2026-07-16T05:29:04.733+0000] {processor.py:161} INFO - Started process (PID=868) to work on /home/airflow/.local/lib/python3.8/site-packages/airflow/example_dags/example_latest_only_with_trigger.py
[2026-07-16T05:29:04.735+0000] {processor.py:830} INFO - Processing file /home/airflow/.local/lib/python3.8/site-packages/airflow/example_dags/example_latest_only_with_trigger.py for tasks to queue
[2026-07-16T05:29:04.737+0000] {logging_mixin.py:188} INFO - [2026-07-16T05:29:04.737+0000] {dagbag.py:538} INFO - Filling up the DagBag from /home/airflow/.local/lib/python3.8/site-packages/airflow/example_dags/example_latest_only_with_trigger.py
[2026-07-16T05:29:04.746+0000] {processor.py:840} INFO - DAG(s) 'latest_only_with_trigger' retrieved from /home/airflow/.local/lib/python3.8/site-packages/airflow/example_dags/example_latest_only_with_trigger.py
[2026-07-16T05:29:04.795+0000] {logging_mixin.py:188} INFO - [2026-07-16T05:29:04.795+0000] {dag.py:3036} INFO - Sync 1 DAGs
[2026-07-16T05:29:04.853+0000] {logging_mixin.py:188} INFO - [2026-07-16T05:29:04.852+0000] {dag.py:3823} INFO - Setting next_dagrun for latest_only_with_trigger to 2026-07-16 00:00:00+00:00, run_after=2026-07-16 04:00:00+00:00
[2026-07-16T05:29:04.906+0000] {processor.py:183} INFO - Processing /home/airflow/.local/lib/python3.8/site-packages/airflow/example_dags/example_latest_only_with_trigger.py took 0.178 seconds
[2026-07-16T05:29:35.321+0000] {processor.py:161} INFO - Started process (PID=924) to work on /home/airflow/.local/lib/python3.8/site-packages/airflow/example_dags/example_latest_only_with_trigger.py
[2026-07-16T05:29:35.323+0000] {processor.py:830} INFO - Processing file /home/airflow/.local/lib/python3.8/site-packages/airflow/example_dags/example_latest_only_with_trigger.py for tasks to queue
[2026-07-16T05:29:35.329+0000] {logging_mixin.py:188} INFO - [2026-07-16T05:29:35.328+0000] {dagbag.py:538} INFO - Filling up the DagBag from /home/airflow/.local/lib/python3.8/site-packages/airflow/example_dags/example_latest_only_with_trigger.py
[2026-07-16T05:29:35.351+0000] {processor.py:840} INFO - DAG(s) 'latest_only_with_trigger' retrieved from /home/airflow/.local/lib/python3.8/site-packages/airflow/example_dags/example_latest_only_with_trigger.py
[2026-07-16T05:29:35.397+0000] {logging_mixin.py:188} INFO - [2026-07-16T05:29:35.396+0000] {dag.py:3036} INFO - Sync 1 DAGs
[2026-07-16T05:29:35.460+0000] {logging_mixin.py:188} INFO - [2026-07-16T05:29:35.459+0000] {dag.py:3823} INFO - Setting next_dagrun for latest_only_with_trigger to 2026-07-16 00:00:00+00:00, run_after=2026-07-16 04:00:00+00:00
[2026-07-16T05:29:35.523+0000] {processor.py:183} INFO - Processing /home/airflow/.local/lib/python3.8/site-packages/airflow/example_dags/example_latest_only_with_trigger.py took 0.215 seconds
[2026-07-16T05:30:05.694+0000] {processor.py:161} INFO - Started process (PID=980) to work on /home/airflow/.local/lib/python3.8/site-packages/airflow/example_dags/example_latest_only_with_trigger.py
[2026-07-16T05:30:05.697+0000] {processor.py:830} INFO - Processing file /home/airflow/.local/lib/python3.8/site-packages/airflow/example_dags/example_latest_only_with_trigger.py for tasks to queue
[2026-07-16T05:30:05.703+0000] {logging_mixin.py:188} INFO - [2026-07-16T05:30:05.703+0000] {dagbag.py:538} INFO - Filling up the DagBag from /home/airflow/.local/lib/python3.8/site-packages/airflow/example_dags/example_latest_only_with_trigger.py
[2026-07-16T05:30:05.716+0000] {processor.py:840} INFO - DAG(s) 'latest_only_with_trigger' retrieved from /home/airflow/.local/lib/python3.8/site-packages/airflow/example_dags/example_latest_only_with_trigger.py
[2026-07-16T05:30:05.769+0000] {logging_mixin.py:188} INFO - [2026-07-16T05:30:05.769+0000] {dag.py:3036} INFO - Sync 1 DAGs
[2026-07-16T05:30:05.813+0000] {logging_mixin.py:188} INFO - [2026-07-16T05:30:05.812+0000] {dag.py:3823} INFO - Setting next_dagrun for latest_only_with_trigger to 2026-07-16 00:00:00+00:00, run_after=2026-07-16 04:00:00+00:00
[2026-07-16T05:30:05.856+0000] {processor.py:183} INFO - Processing /home/airflow/.local/lib/python3.8/site-packages/airflow/example_dags/example_latest_only_with_trigger.py took 0.170 seconds
[2026-07-16T05:30:35.905+0000] {processor.py:161} INFO - Started process (PID=1036) to work on /home/airflow/.local/lib/python3.8/site-packages/airflow/example_dags/example_latest_only_with_trigger.py
[2026-07-16T05:30:35.908+0000] {processor.py:830} INFO - Processing file /home/airflow/.local/lib/python3.8/site-packages/airflow/example_dags/example_latest_only_with_trigger.py for tasks to queue
[2026-07-16T05:30:35.912+0000] {logging_mixin.py:188} INFO - [2026-07-16T05:30:35.911+0000] {dagbag.py:538} INFO - Filling up the DagBag from /home/airflow/.local/lib/python3.8/site-packages/airflow/example_dags/example_latest_only_with_trigger.py
[2026-07-16T05:30:35.920+0000] {processor.py:840} INFO - DAG(s) 'latest_only_with_trigger' retrieved from /home/airflow/.local/lib/python3.8/site-packages/airflow/example_dags/example_latest_only_with_trigger.py
[2026-07-16T05:30:35.955+0000] {logging_mixin.py:188} INFO - [2026-07-16T05:30:35.955+0000] {dag.py:3036} INFO - Sync 1 DAGs
[2026-07-16T05:30:35.986+0000] {logging_mixin.py:188} INFO - [2026-07-16T05:30:35.986+0000] {dag.py:3823} INFO - Setting next_dagrun for latest_only_with_trigger to 2026-07-16 00:00:00+00:00, run_after=2026-07-16 04:00:00+00:00
[2026-07-16T05:30:36.013+0000] {processor.py:183} INFO - Processing /home/airflow/.local/lib/python3.8/site-packages/airflow/example_dags/example_latest_only_with_trigger.py took 0.116 seconds
[2026-07-16T05:31:06.869+0000] {processor.py:161} INFO - Started process (PID=1092) to work on /home/airflow/.local/lib/python3.8/site-packages/airflow/example_dags/example_latest_only_with_trigger.py
[2026-07-16T05:31:06.872+0000] {processor.py:830} INFO - Processing file /home/airflow/.local/lib/python3.8/site-packages/airflow/example_dags/example_latest_only_with_trigger.py for tasks to queue
[2026-07-16T05:31:06.876+0000] {logging_mixin.py:188} INFO - [2026-07-16T05:31:06.875+0000] {dagbag.py:538} INFO - Filling up the DagBag from /home/airflow/.local/lib/python3.8/site-packages/airflow/example_dags/example_latest_only_with_trigger.py
[2026-07-16T05:31:06.884+0000] {processor.py:840} INFO - DAG(s) 'latest_only_with_trigger' retrieved from /home/airflow/.local/lib/python3.8/site-packages/airflow/example_dags/example_latest_only_with_trigger.py
[2026-07-16T05:31:06.923+0000] {logging_mixin.py:188} INFO - [2026-07-16T05:31:06.923+0000] {dag.py:3036} INFO - Sync 1 DAGs
[2026-07-16T05:31:06.948+0000] {logging_mixin.py:188} INFO - [2026-07-16T05:31:06.947+0000] {dag.py:3823} INFO - Setting next_dagrun for latest_only_with_trigger to 2026-07-16 00:00:00+00:00, run_after=2026-07-16 04:00:00+00:00
[2026-07-16T05:31:06.968+0000] {processor.py:183} INFO - Processing /home/airflow/.local/lib/python3.8/site-packages/airflow/example_dags/example_latest_only_with_trigger.py took 0.103 seconds
[2026-07-16T05:31:37.321+0000] {processor.py:161} INFO - Started process (PID=1148) to work on /home/airflow/.local/lib/python3.8/site-packages/airflow/example_dags/example_latest_only_with_trigger.py
[2026-07-16T05:31:37.324+0000] {processor.py:830} INFO - Processing file /home/airflow/.local/lib/python3.8/site-packages/airflow/example_dags/example_latest_only_with_trigger.py for tasks to queue
[2026-07-16T05:31:37.328+0000] {logging_mixin.py:188} INFO - [2026-07-16T05:31:37.327+0000] {dagbag.py:538} INFO - Filling up the DagBag from /home/airflow/.local/lib/python3.8/site-packages/airflow/example_dags/example_latest_only_with_trigger.py
[2026-07-16T05:31:37.335+0000] {processor.py:840} INFO - DAG(s) 'latest_only_with_trigger' retrieved from /home/airflow/.local/lib/python3.8/site-packages/airflow/example_dags/example_latest_only_with_trigger.py
[2026-07-16T05:31:37.358+0000] {logging_mixin.py:188} INFO - [2026-07-16T05:31:37.358+0000] {dag.py:3036} INFO - Sync 1 DAGs
[2026-07-16T05:31:37.384+0000] {logging_mixin.py:188} INFO - [2026-07-16T05:31:37.384+0000] {dag.py:3823} INFO - Setting next_dagrun for latest_only_with_trigger to 2026-07-16 00:00:00+00:00, run_after=2026-07-16 04:00:00+00:00
[2026-07-16T05:31:37.405+0000] {processor.py:183} INFO - Processing /home/airflow/.local/lib/python3.8/site-packages/airflow/example_dags/example_latest_only_with_trigger.py took 0.089 seconds
[2026-07-16T05:32:07.987+0000] {processor.py:161} INFO - Started process (PID=1204) to work on /home/airflow/.local/lib/python3.8/site-packages/airflow/example_dags/example_latest_only_with_trigger.py
[2026-07-16T05:32:07.989+0000] {processor.py:830} INFO - Processing file /home/airflow/.local/lib/python3.8/site-packages/airflow/example_dags/example_latest_only_with_trigger.py for tasks to queue
[2026-07-16T05:32:07.991+0000] {logging_mixin.py:188} INFO - [2026-07-16T05:32:07.991+0000] {dagbag.py:538} INFO - Filling up the DagBag from /home/airflow/.local/lib/python3.8/site-packages/airflow/example_dags/example_latest_only_with_trigger.py
[2026-07-16T05:32:07.999+0000] {processor.py:840} INFO - DAG(s) 'latest_only_with_trigger' retrieved from /home/airflow/.local/lib/python3.8/site-packages/airflow/example_dags/example_latest_only_with_trigger.py
[2026-07-16T05:32:08.025+0000] {logging_mixin.py:188} INFO - [2026-07-16T05:32:08.025+0000] {dag.py:3036} INFO - Sync 1 DAGs
[2026-07-16T05:32:08.059+0000] {logging_mixin.py:188} INFO - [2026-07-16T05:32:08.059+0000] {dag.py:3823} INFO - Setting next_dagrun for latest_only_with_trigger to 2026-07-16 00:00:00+00:00, run_after=2026-07-16 04:00:00+00:00
[2026-07-16T05:32:08.086+0000] {processor.py:183} INFO - Processing /home/airflow/.local/lib/python3.8/site-packages/airflow/example_dags/example_latest_only_with_trigger.py took 0.103 seconds
[2026-07-16T05:32:38.607+0000] {processor.py:161} INFO - Started process (PID=1260) to work on /home/airflow/.local/lib/python3.8/site-packages/airflow/example_dags/example_latest_only_with_trigger.py
[2026-07-16T05:32:38.610+0000] {processor.py:830} INFO - Processing file /home/airflow/.local/lib/python3.8/site-packages/airflow/example_dags/example_latest_only_with_trigger.py for tasks to queue
[2026-07-16T05:32:38.611+0000] {logging_mixin.py:188} INFO - [2026-07-16T05:32:38.611+0000] {dagbag.py:538} INFO - Filling up the DagBag from /home/airflow/.local/lib/python3.8/site-packages/airflow/example_dags/example_latest_only_with_trigger.py
[2026-07-16T05:32:38.616+0000] {processor.py:840} INFO - DAG(s) 'latest_only_with_trigger' retrieved from /home/airflow/.local/lib/python3.8/site-packages/airflow/example_dags/example_latest_only_with_trigger.py
[2026-07-16T05:32:38.635+0000] {logging_mixin.py:188} INFO - [2026-07-16T05:32:38.635+0000] {dag.py:3036} INFO - Sync 1 DAGs
[2026-07-16T05:32:38.651+0000] {logging_mixin.py:188} INFO - [2026-07-16T05:32:38.650+0000] {dag.py:3823} INFO - Setting next_dagrun for latest_only_with_trigger to 2026-07-16 00:00:00+00:00, run_after=2026-07-16 04:00:00+00:00
[2026-07-16T05:32:38.665+0000] {processor.py:183} INFO - Processing /home/airflow/.local/lib/python3.8/site-packages/airflow/example_dags/example_latest_only_with_trigger.py took 0.061 seconds
[2026-07-16T05:33:09.271+0000] {processor.py:161} INFO - Started process (PID=1316) to work on /home/airflow/.local/lib/python3.8/site-packages/airflow/example_dags/example_latest_only_with_trigger.py
[2026-07-16T05:33:09.274+0000] {processor.py:830} INFO - Processing file /home/airflow/.local/lib/python3.8/site-packages/airflow/example_dags/example_latest_only_with_trigger.py for tasks to queue
[2026-07-16T05:33:09.279+0000] {logging_mixin.py:188} INFO - [2026-07-16T05:33:09.277+0000] {dagbag.py:538} INFO - Filling up the DagBag from /home/airflow/.local/lib/python3.8/site-packages/airflow/example_dags/example_latest_only_with_trigger.py
[2026-07-16T05:33:09.293+0000] {processor.py:840} INFO - DAG(s) 'latest_only_with_trigger' retrieved from /home/airflow/.local/lib/python3.8/site-packages/airflow/example_dags/example_latest_only_with_trigger.py
[2026-07-16T05:33:09.320+0000] {logging_mixin.py:188} INFO - [2026-07-16T05:33:09.320+0000] {dag.py:3036} INFO - Sync 1 DAGs
[2026-07-16T05:33:09.340+0000] {logging_mixin.py:188} INFO - [2026-07-16T05:33:09.340+0000] {dag.py:3823} INFO - Setting next_dagrun for latest_only_with_trigger to 2026-07-16 00:00:00+00:00, run_after=2026-07-16 04:00:00+00:00
[2026-07-16T05:33:09.358+0000] {processor.py:183} INFO - Processing /home/airflow/.local/lib/python3.8/site-packages/airflow/example_dags/example_latest_only_with_trigger.py took 0.094 seconds
[2026-07-16T05:33:39.952+0000] {processor.py:161} INFO - Started process (PID=1372) to work on /home/airflow/.local/lib/python3.8/site-packages/airflow/example_dags/example_latest_only_with_trigger.py
[2026-07-16T05:33:39.955+0000] {processor.py:830} INFO - Processing file /home/airflow/.local/lib/python3.8/site-packages/airflow/example_dags/example_latest_only_with_trigger.py for tasks to queue
[2026-07-16T05:33:39.956+0000] {logging_mixin.py:188} INFO - [2026-07-16T05:33:39.956+0000] {dagbag.py:538} INFO - Filling up the DagBag from /home/airflow/.local/lib/python3.8/site-packages/airflow/example_dags/example_latest_only_with_trigger.py
[2026-07-16T05:33:39.966+0000] {processor.py:840} INFO - DAG(s) 'latest_only_with_trigger' retrieved from /home/airflow/.local/lib/python3.8/site-packages/airflow/example_dags/example_latest_only_with_trigger.py
[2026-07-16T05:33:39.998+0000] {logging_mixin.py:188} INFO - [2026-07-16T05:33:39.998+0000] {dag.py:3036} INFO - Sync 1 DAGs
[2026-07-16T05:33:40.022+0000] {logging_mixin.py:188} INFO - [2026-07-16T05:33:40.022+0000] {dag.py:3823} INFO - Setting next_dagrun for latest_only_with_trigger to 2026-07-16 00:00:00+00:00, run_after=2026-07-16 04:00:00+00:00
[2026-07-16T05:33:40.046+0000] {processor.py:183} INFO - Processing /home/airflow/.local/lib/python3.8/site-packages/airflow/example_dags/example_latest_only_with_trigger.py took 0.098 seconds
[2026-07-16T05:34:10.468+0000] {processor.py:161} INFO - Started process (PID=1428) to work on /home/airflow/.local/lib/python3.8/site-packages/airflow/example_dags/example_latest_only_with_trigger.py
[2026-07-16T05:34:10.471+0000] {processor.py:830} INFO - Processing file /home/airflow/.local/lib/python3.8/site-packages/airflow/example_dags/example_latest_only_with_trigger.py for tasks to queue
[2026-07-16T05:34:10.472+0000] {logging_mixin.py:188} INFO - [2026-07-16T05:34:10.472+0000] {dagbag.py:538} INFO - Filling up the DagBag from /home/airflow/.local/lib/python3.8/site-packages/airflow/example_dags/example_latest_only_with_trigger.py
[2026-07-16T05:34:10.479+0000] {processor.py:840} INFO - DAG(s) 'latest_only_with_trigger' retrieved from /home/airflow/.local/lib/python3.8/site-packages/airflow/example_dags/example_latest_only_with_trigger.py
[2026-07-16T05:34:10.503+0000] {logging_mixin.py:188} INFO - [2026-07-16T05:34:10.503+0000] {dag.py:3036} INFO - Sync 1 DAGs
[2026-07-16T05:34:10.524+0000] {logging_mixin.py:188} INFO - [2026-07-16T05:34:10.524+0000] {dag.py:3823} INFO - Setting next_dagrun for latest_only_with_trigger to 2026-07-16 00:00:00+00:00, run_after=2026-07-16 04:00:00+00:00
[2026-07-16T05:34:10.545+0000] {processor.py:183} INFO - Processing /home/airflow/.local/lib/python3.8/site-packages/airflow/example_dags/example_latest_only_with_trigger.py took 0.083 seconds
[2026-07-16T05:34:40.856+0000] {processor.py:161} INFO - Started process (PID=1484) to work on /home/airflow/.local/lib/python3.8/site-packages/airflow/example_dags/example_latest_only_with_trigger.py
[2026-07-16T05:34:40.861+0000] {processor.py:830} INFO - Processing file /home/airflow/.local/lib/python3.8/site-packages/airflow/example_dags/example_latest_only_with_trigger.py for tasks to queue
[2026-07-16T05:34:40.863+0000] {logging_mixin.py:188} INFO - [2026-07-16T05:34:40.863+0000] {dagbag.py:538} INFO - Filling up the DagBag from /home/airflow/.local/lib/python3.8/site-packages/airflow/example_dags/example_latest_only_with_trigger.py
[2026-07-16T05:34:40.876+0000] {processor.py:840} INFO - DAG(s) 'latest_only_with_trigger' retrieved from /home/airflow/.local/lib/python3.8/site-packages/airflow/example_dags/example_latest_only_with_trigger.py
[2026-07-16T05:34:40.911+0000] {logging_mixin.py:188} INFO - [2026-07-16T05:34:40.911+0000] {dag.py:3036} INFO - Sync 1 DAGs
[2026-07-16T05:34:40.943+0000] {logging_mixin.py:188} INFO - [2026-07-16T05:34:40.943+0000] {dag.py:3823} INFO - Setting next_dagrun for latest_only_with_trigger to 2026-07-16 00:00:00+00:00, run_after=2026-07-16 04:00:00+00:00
[2026-07-16T05:34:40.971+0000] {processor.py:183} INFO - Processing /home/airflow/.local/lib/python3.8/site-packages/airflow/example_dags/example_latest_only_with_trigger.py took 0.122 seconds
[2026-07-16T05:35:11.343+0000] {processor.py:161} INFO - Started process (PID=1540) to work on /home/airflow/.local/lib/python3.8/site-packages/airflow/example_dags/example_latest_only_with_trigger.py
[2026-07-16T05:35:11.346+0000] {processor.py:830} INFO - Processing file /home/airflow/.local/lib/python3.8/site-packages/airflow/example_dags/example_latest_only_with_trigger.py for tasks to queue
[2026-07-16T05:35:11.347+0000] {logging_mixin.py:188} INFO - [2026-07-16T05:35:11.347+0000] {dagbag.py:538} INFO - Filling up the DagBag from /home/airflow/.local/lib/python3.8/site-packages/airflow/example_dags/example_latest_only_with_trigger.py
[2026-07-16T05:35:11.352+0000] {processor.py:840} INFO - DAG(s) 'latest_only_with_trigger' retrieved from /home/airflow/.local/lib/python3.8/site-packages/airflow/example_dags/example_latest_only_with_trigger.py
[2026-07-16T05:35:11.371+0000] {logging_mixin.py:188} INFO - [2026-07-16T05:35:11.371+0000] {dag.py:3036} INFO - Sync 1 DAGs
[2026-07-16T05:35:11.389+0000] {logging_mixin.py:188} INFO - [2026-07-16T05:35:11.389+0000] {dag.py:3823} INFO - Setting next_dagrun for latest_only_with_trigger to 2026-07-16 00:00:00+00:00, run_after=2026-07-16 04:00:00+00:00
[2026-07-16T05:35:11.406+0000] {processor.py:183} INFO - Processing /home/airflow/.local/lib/python3.8/site-packages/airflow/example_dags/example_latest_only_with_trigger.py took 0.067 seconds
[2026-07-16T05:35:42.023+0000] {processor.py:161} INFO - Started process (PID=1596) to work on /home/airflow/.local/lib/python3.8/site-packages/airflow/example_dags/example_latest_only_with_trigger.py
[2026-07-16T05:35:42.025+0000] {processor.py:830} INFO - Processing file /home/airflow/.local/lib/python3.8/site-packages/airflow/example_dags/example_latest_only_with_trigger.py for tasks to queue
[2026-07-16T05:35:42.026+0000] {logging_mixin.py:188} INFO - [2026-07-16T05:35:42.026+0000] {dagbag.py:538} INFO - Filling up the DagBag from /home/airflow/.local/lib/python3.8/site-packages/airflow/example_dags/example_latest_only_with_trigger.py
[2026-07-16T05:35:42.031+0000] {processor.py:840} INFO - DAG(s) 'latest_only_with_trigger' retrieved from /home/airflow/.local/lib/python3.8/site-packages/airflow/example_dags/example_latest_only_with_trigger.py
[2026-07-16T05:35:42.049+0000] {logging_mixin.py:188} INFO - [2026-07-16T05:35:42.049+0000] {dag.py:3036} INFO - Sync 1 DAGs
[2026-07-16T05:35:42.065+0000] {logging_mixin.py:188} INFO - [2026-07-16T05:35:42.065+0000] {dag.py:3823} INFO - Setting next_dagrun for latest_only_with_trigger to 2026-07-16 00:00:00+00:00, run_after=2026-07-16 04:00:00+00:00
[2026-07-16T05:35:42.080+0000] {processor.py:183} INFO - Processing /home/airflow/.local/lib/python3.8/site-packages/airflow/example_dags/example_latest_only_with_trigger.py took 0.059 seconds
[2026-07-16T05:36:12.326+0000] {processor.py:161} INFO - Started process (PID=1652) to work on /home/airflow/.local/lib/python3.8/site-packages/airflow/example_dags/example_latest_only_with_trigger.py
[2026-07-16T05:36:12.331+0000] {processor.py:830} INFO - Processing file /home/airflow/.local/lib/python3.8/site-packages/airflow/example_dags/example_latest_only_with_trigger.py for tasks to queue
[2026-07-16T05:36:12.336+0000] {logging_mixin.py:188} INFO - [2026-07-16T05:36:12.335+0000] {dagbag.py:538} INFO - Filling up the DagBag from /home/airflow/.local/lib/python3.8/site-packages/airflow/example_dags/example_latest_only_with_trigger.py
[2026-07-16T05:36:12.349+0000] {processor.py:840} INFO - DAG(s) 'latest_only_with_trigger' retrieved from /home/airflow/.local/lib/python3.8/site-packages/airflow/example_dags/example_latest_only_with_trigger.py
[2026-07-16T05:36:12.391+0000] {logging_mixin.py:188} INFO - [2026-07-16T05:36:12.391+0000] {dag.py:3036} INFO - Sync 1 DAGs
[2026-07-16T05:36:12.425+0000] {logging_mixin.py:188} INFO - [2026-07-16T05:36:12.425+0000] {dag.py:3823} INFO - Setting next_dagrun for latest_only_with_trigger to 2026-07-16 00:00:00+00:00, run_after=2026-07-16 04:00:00+00:00
[2026-07-16T05:36:12.448+0000] {processor.py:183} INFO - Processing /home/airflow/.local/lib/python3.8/site-packages/airflow/example_dags/example_latest_only_with_trigger.py took 0.130 seconds
[2026-07-16T05:36:42.645+0000] {processor.py:161} INFO - Started process (PID=1707) to work on /home/airflow/.local/lib/python3.8/site-packages/airflow/example_dags/example_latest_only_with_trigger.py
[2026-07-16T05:36:42.648+0000] {processor.py:830} INFO - Processing file /home/airflow/.local/lib/python3.8/site-packages/airflow/example_dags/example_latest_only_with_trigger.py for tasks to queue
[2026-07-16T05:36:42.651+0000] {logging_mixin.py:188} INFO - [2026-07-16T05:36:42.650+0000] {dagbag.py:538} INFO - Filling up the DagBag from /home/airflow/.local/lib/python3.8/site-packages/airflow/example_dags/example_latest_only_with_trigger.py
[2026-07-16T05:36:42.657+0000] {processor.py:840} INFO - DAG(s) 'latest_only_with_trigger' retrieved from /home/airflow/.local/lib/python3.8/site-packages/airflow/example_dags/example_latest_only_with_trigger.py
[2026-07-16T05:36:42.681+0000] {logging_mixin.py:188} INFO - [2026-07-16T05:36:42.681+0000] {dag.py:3036} INFO - Sync 1 DAGs
[2026-07-16T05:36:42.702+0000] {logging_mixin.py:188} INFO - [2026-07-16T05:36:42.702+0000] {dag.py:3823} INFO - Setting next_dagrun for latest_only_with_trigger to 2026-07-16 00:00:00+00:00, run_after=2026-07-16 04:00:00+00:00
[2026-07-16T05:36:42.724+0000] {processor.py:183} INFO - Processing /home/airflow/.local/lib/python3.8/site-packages/airflow/example_dags/example_latest_only_with_trigger.py took 0.083 seconds
[2026-07-16T05:37:12.798+0000] {processor.py:161} INFO - Started process (PID=1763) to work on /home/airflow/.local/lib/python3.8/site-packages/airflow/example_dags/example_latest_only_with_trigger.py
[2026-07-16T05:37:12.800+0000] {processor.py:830} INFO - Processing file /home/airflow/.local/lib/python3.8/site-packages/airflow/example_dags/example_latest_only_with_trigger.py for tasks to queue
[2026-07-16T05:37:12.802+0000] {logging_mixin.py:188} INFO - [2026-07-16T05:37:12.802+0000] {dagbag.py:538} INFO - Filling up the DagBag from /home/airflow/.local/lib/python3.8/site-packages/airflow/example_dags/example_latest_only_with_trigger.py
[2026-07-16T05:37:12.807+0000] {processor.py:840} INFO - DAG(s) 'latest_only_with_trigger' retrieved from /home/airflow/.local/lib/python3.8/site-packages/airflow/example_dags/example_latest_only_with_trigger.py
[2026-07-16T05:37:12.832+0000] {logging_mixin.py:188} INFO - [2026-07-16T05:37:12.832+0000] {dag.py:3036} INFO - Sync 1 DAGs
[2026-07-16T05:37:12.851+0000] {logging_mixin.py:188} INFO - [2026-07-16T05:37:12.851+0000] {dag.py:3823} INFO - Setting next_dagrun for latest_only_with_trigger to 2026-07-16 00:00:00+00:00, run_after=2026-07-16 04:00:00+00:00
[2026-07-16T05:37:12.873+0000] {processor.py:183} INFO - Processing /home/airflow/.local/lib/python3.8/site-packages/airflow/example_dags/example_latest_only_with_trigger.py took 0.079 seconds
[2026-07-16T05:37:43.350+0000] {processor.py:161} INFO - Started process (PID=1819) to work on /home/airflow/.local/lib/python3.8/site-packages/airflow/example_dags/example_latest_only_with_trigger.py
[2026-07-16T05:37:43.351+0000] {processor.py:830} INFO - Processing file /home/airflow/.local/lib/python3.8/site-packages/airflow/example_dags/example_latest_only_with_trigger.py for tasks to queue
[2026-07-16T05:37:43.353+0000] {logging_mixin.py:188} INFO - [2026-07-16T05:37:43.353+0000] {dagbag.py:538} INFO - Filling up the DagBag from /home/airflow/.local/lib/python3.8/site-packages/airflow/example_dags/example_latest_only_with_trigger.py
[2026-07-16T05:37:43.359+0000] {processor.py:840} INFO - DAG(s) 'latest_only_with_trigger' retrieved from /home/airflow/.local/lib/python3.8/site-packages/airflow/example_dags/example_latest_only_with_trigger.py
[2026-07-16T05:37:43.381+0000] {logging_mixin.py:188} INFO - [2026-07-16T05:37:43.381+0000] {dag.py:3036} INFO - Sync 1 DAGs
[2026-07-16T05:37:43.400+0000] {logging_mixin.py:188} INFO - [2026-07-16T05:37:43.400+0000] {dag.py:3823} INFO - Setting next_dagrun for latest_only_with_trigger to 2026-07-16 00:00:00+00:00, run_after=2026-07-16 04:00:00+00:00
[2026-07-16T05:37:43.418+0000] {processor.py:183} INFO - Processing /home/airflow/.local/lib/python3.8/site-packages/airflow/example_dags/example_latest_only_with_trigger.py took 0.072 seconds
[2026-07-16T05:38:13.537+0000] {processor.py:161} INFO - Started process (PID=1875) to work on /home/airflow/.local/lib/python3.8/site-packages/airflow/example_dags/example_latest_only_with_trigger.py
[2026-07-16T05:38:13.540+0000] {processor.py:830} INFO - Processing file /home/airflow/.local/lib/python3.8/site-packages/airflow/example_dags/example_latest_only_with_trigger.py for tasks to queue
[2026-07-16T05:38:13.542+0000] {logging_mixin.py:188} INFO - [2026-07-16T05:38:13.542+0000] {dagbag.py:538} INFO - Filling up the DagBag from /home/airflow/.local/lib/python3.8/site-packages/airflow/example_dags/example_latest_only_with_trigger.py
[2026-07-16T05:38:13.548+0000] {processor.py:840} INFO - DAG(s) 'latest_only_with_trigger' retrieved from /home/airflow/.local/lib/python3.8/site-packages/airflow/example_dags/example_latest_only_with_trigger.py
[2026-07-16T05:38:13.569+0000] {logging_mixin.py:188} INFO - [2026-07-16T05:38:13.569+0000] {dag.py:3036} INFO - Sync 1 DAGs
[2026-07-16T05:38:13.589+0000] {logging_mixin.py:188} INFO - [2026-07-16T05:38:13.589+0000] {dag.py:3823} INFO - Setting next_dagrun for latest_only_with_trigger to 2026-07-16 00:00:00+00:00, run_after=2026-07-16 04:00:00+00:00
[2026-07-16T05:38:13.607+0000] {processor.py:183} INFO - Processing /home/airflow/.local/lib/python3.8/site-packages/airflow/example_dags/example_latest_only_with_trigger.py took 0.074 seconds
[2026-07-16T05:38:43.846+0000] {processor.py:161} INFO - Started process (PID=1931) to work on /home/airflow/.local/lib/python3.8/site-packages/airflow/example_dags/example_latest_only_with_trigger.py
[2026-07-16T05:38:43.849+0000] {processor.py:830} INFO - Processing file /home/airflow/.local/lib/python3.8/site-packages/airflow/example_dags/example_latest_only_with_trigger.py for tasks to queue
[2026-07-16T05:38:43.853+0000] {logging_mixin.py:188} INFO - [2026-07-16T05:38:43.852+0000] {dagbag.py:538} INFO - Filling up the DagBag from /home/airflow/.local/lib/python3.8/site-packages/airflow/example_dags/example_latest_only_with_trigger.py
[2026-07-16T05:38:43.859+0000] {processor.py:840} INFO - DAG(s) 'latest_only_with_trigger' retrieved from /home/airflow/.local/lib/python3.8/site-packages/airflow/example_dags/example_latest_only_with_trigger.py
[2026-07-16T05:38:43.885+0000] {logging_mixin.py:188} INFO - [2026-07-16T05:38:43.885+0000] {dag.py:3036} INFO - Sync 1 DAGs
[2026-07-16T05:38:43.911+0000] {logging_mixin.py:188} INFO - [2026-07-16T05:38:43.911+0000] {dag.py:3823} INFO - Setting next_dagrun for latest_only_with_trigger to 2026-07-16 00:00:00+00:00, run_after=2026-07-16 04:00:00+00:00
[2026-07-16T05:38:43.938+0000] {processor.py:183} INFO - Processing /home/airflow/.local/lib/python3.8/site-packages/airflow/example_dags/example_latest_only_with_trigger.py took 0.097 seconds
[2026-07-16T05:39:14.282+0000] {processor.py:161} INFO - Started process (PID=1987) to work on /home/airflow/.local/lib/python3.8/site-packages/airflow/example_dags/example_latest_only_with_trigger.py
[2026-07-16T05:39:14.284+0000] {processor.py:830} INFO - Processing file /home/airflow/.local/lib/python3.8/site-packages/airflow/example_dags/example_latest_only_with_trigger.py for tasks to queue
[2026-07-16T05:39:14.287+0000] {logging_mixin.py:188} INFO - [2026-07-16T05:39:14.287+0000] {dagbag.py:538} INFO - Filling up the DagBag from /home/airflow/.local/lib/python3.8/site-packages/airflow/example_dags/example_latest_only_with_trigger.py
[2026-07-16T05:39:14.292+0000] {processor.py:840} INFO - DAG(s) 'latest_only_with_trigger' retrieved from /home/airflow/.local/lib/python3.8/site-packages/airflow/example_dags/example_latest_only_with_trigger.py
[2026-07-16T05:39:14.311+0000] {logging_mixin.py:188} INFO - [2026-07-16T05:39:14.311+0000] {dag.py:3036} INFO - Sync 1 DAGs
[2026-07-16T05:39:14.328+0000] {logging_mixin.py:188} INFO - [2026-07-16T05:39:14.328+0000] {dag.py:3823} INFO - Setting next_dagrun for latest_only_with_trigger to 2026-07-16 00:00:00+00:00, run_after=2026-07-16 04:00:00+00:00
[2026-07-16T05:39:14.343+0000] {processor.py:183} INFO - Processing /home/airflow/.local/lib/python3.8/site-packages/airflow/example_dags/example_latest_only_with_trigger.py took 0.064 seconds
[2026-07-16T05:39:44.428+0000] {processor.py:161} INFO - Started process (PID=2043) to work on /home/airflow/.local/lib/python3.8/site-packages/airflow/example_dags/example_latest_only_with_trigger.py
[2026-07-16T05:39:44.430+0000] {processor.py:830} INFO - Processing file /home/airflow/.local/lib/python3.8/site-packages/airflow/example_dags/example_latest_only_with_trigger.py for tasks to queue
[2026-07-16T05:39:44.432+0000] {logging_mixin.py:188} INFO - [2026-07-16T05:39:44.432+0000] {dagbag.py:538} INFO - Filling up the DagBag from /home/airflow/.local/lib/python3.8/site-packages/airflow/example_dags/example_latest_only_with_trigger.py
[2026-07-16T05:39:44.439+0000] {processor.py:840} INFO - DAG(s) 'latest_only_with_trigger' retrieved from /home/airflow/.local/lib/python3.8/site-packages/airflow/example_dags/example_latest_only_with_trigger.py
[2026-07-16T05:39:44.461+0000] {logging_mixin.py:188} INFO - [2026-07-16T05:39:44.460+0000] {dag.py:3036} INFO - Sync 1 DAGs
[2026-07-16T05:39:44.486+0000] {logging_mixin.py:188} INFO - [2026-07-16T05:39:44.486+0000] {dag.py:3823} INFO - Setting next_dagrun for latest_only_with_trigger to 2026-07-16 00:00:00+00:00, run_after=2026-07-16 04:00:00+00:00
[2026-07-16T05:39:44.515+0000] {processor.py:183} INFO - Processing /home/airflow/.local/lib/python3.8/site-packages/airflow/example_dags/example_latest_only_with_trigger.py took 0.090 seconds
[2026-07-16T05:40:14.661+0000] {processor.py:161} INFO - Started process (PID=2099) to work on /home/airflow/.local/lib/python3.8/site-packages/airflow/example_dags/example_latest_only_with_trigger.py
[2026-07-16T05:40:14.663+0000] {processor.py:830} INFO - Processing file /home/airflow/.local/lib/python3.8/site-packages/airflow/example_dags/example_latest_only_with_trigger.py for tasks to queue
[2026-07-16T05:40:14.669+0000] {logging_mixin.py:188} INFO - [2026-07-16T05:40:14.669+0000] {dagbag.py:538} INFO - Filling up the DagBag from /home/airflow/.local/lib/python3.8/site-packages/airflow/example_dags/example_latest_only_with_trigger.py
[2026-07-16T05:40:14.675+0000] {processor.py:840} INFO - DAG(s) 'latest_only_with_trigger' retrieved from /home/airflow/.local/lib/python3.8/site-packages/airflow/example_dags/example_latest_only_with_trigger.py
[2026-07-16T05:40:14.700+0000] {logging_mixin.py:188} INFO - [2026-07-16T05:40:14.699+0000] {dag.py:3036} INFO - Sync 1 DAGs
[2026-07-16T05:40:14.722+0000] {logging_mixin.py:188} INFO - [2026-07-16T05:40:14.721+0000] {dag.py:3823} INFO - Setting next_dagrun for latest_only_with_trigger to 2026-07-16 00:00:00+00:00, run_after=2026-07-16 04:00:00+00:00
[2026-07-16T05:40:14.750+0000] {processor.py:183} INFO - Processing /home/airflow/.local/lib/python3.8/site-packages/airflow/example_dags/example_latest_only_with_trigger.py took 0.094 seconds
[2026-07-16T05:40:45.016+0000] {processor.py:161} INFO - Started process (PID=2155) to work on /home/airflow/.local/lib/python3.8/site-packages/airflow/example_dags/example_latest_only_with_trigger.py
[2026-07-16T05:40:45.017+0000] {processor.py:830} INFO - Processing file /home/airflow/.local/lib/python3.8/site-packages/airflow/example_dags/example_latest_only_with_trigger.py for tasks to queue
[2026-07-16T05:40:45.020+0000] {logging_mixin.py:188} INFO - [2026-07-16T05:40:45.019+0000] {dagbag.py:538} INFO - Filling up the DagBag from /home/airflow/.local/lib/python3.8/site-packages/airflow/example_dags/example_latest_only_with_trigger.py
[2026-07-16T05:40:45.025+0000] {processor.py:840} INFO - DAG(s) 'latest_only_with_trigger' retrieved from /home/airflow/.local/lib/python3.8/site-packages/airflow/example_dags/example_latest_only_with_trigger.py
[2026-07-16T05:40:45.046+0000] {logging_mixin.py:188} INFO - [2026-07-16T05:40:45.046+0000] {dag.py:3036} INFO - Sync 1 DAGs
[2026-07-16T05:40:45.064+0000] {logging_mixin.py:188} INFO - [2026-07-16T05:40:45.064+0000] {dag.py:3823} INFO - Setting next_dagrun for latest_only_with_trigger to 2026-07-16 00:00:00+00:00, run_after=2026-07-16 04:00:00+00:00
[2026-07-16T05:40:45.081+0000] {processor.py:183} INFO - Processing /home/airflow/.local/lib/python3.8/site-packages/airflow/example_dags/example_latest_only_with_trigger.py took 0.069 seconds
[2026-07-16T05:41:15.386+0000] {processor.py:161} INFO - Started process (PID=2211) to work on /home/airflow/.local/lib/python3.8/site-packages/airflow/example_dags/example_latest_only_with_trigger.py
[2026-07-16T05:41:15.387+0000] {processor.py:830} INFO - Processing file /home/airflow/.local/lib/python3.8/site-packages/airflow/example_dags/example_latest_only_with_trigger.py for tasks to queue
[2026-07-16T05:41:15.389+0000] {logging_mixin.py:188} INFO - [2026-07-16T05:41:15.389+0000] {dagbag.py:538} INFO - Filling up the DagBag from /home/airflow/.local/lib/python3.8/site-packages/airflow/example_dags/example_latest_only_with_trigger.py
[2026-07-16T05:41:15.393+0000] {processor.py:840} INFO - DAG(s) 'latest_only_with_trigger' retrieved from /home/airflow/.local/lib/python3.8/site-packages/airflow/example_dags/example_latest_only_with_trigger.py
[2026-07-16T05:41:15.412+0000] {logging_mixin.py:188} INFO - [2026-07-16T05:41:15.412+0000] {dag.py:3036} INFO - Sync 1 DAGs
[2026-07-16T05:41:15.429+0000] {logging_mixin.py:188} INFO - [2026-07-16T05:41:15.429+0000] {dag.py:3823} INFO - Setting next_dagrun for latest_only_with_trigger to 2026-07-16 00:00:00+00:00, run_after=2026-07-16 04:00:00+00:00
[2026-07-16T05:41:15.444+0000] {processor.py:183} INFO - Processing /home/airflow/.local/lib/python3.8/site-packages/airflow/example_dags/example_latest_only_with_trigger.py took 0.062 seconds
[2026-07-16T05:41:46.328+0000] {processor.py:161} INFO - Started process (PID=2267) to work on /home/airflow/.local/lib/python3.8/site-packages/airflow/example_dags/example_latest_only_with_trigger.py
[2026-07-16T05:41:46.330+0000] {processor.py:830} INFO - Processing file /home/airflow/.local/lib/python3.8/site-packages/airflow/example_dags/example_latest_only_with_trigger.py for tasks to queue
[2026-07-16T05:41:46.333+0000] {logging_mixin.py:188} INFO - [2026-07-16T05:41:46.333+0000] {dagbag.py:538} INFO - Filling up the DagBag from /home/airflow/.local/lib/python3.8/site-packages/airflow/example_dags/example_latest_only_with_trigger.py
[2026-07-16T05:41:46.338+0000] {processor.py:840} INFO - DAG(s) 'latest_only_with_trigger' retrieved from /home/airflow/.local/lib/python3.8/site-packages/airflow/example_dags/example_latest_only_with_trigger.py
[2026-07-16T05:41:46.357+0000] {logging_mixin.py:188} INFO - [2026-07-16T05:41:46.357+0000] {dag.py:3036} INFO - Sync 1 DAGs
[2026-07-16T05:41:46.376+0000] {logging_mixin.py:188} INFO - [2026-07-16T05:41:46.375+0000] {dag.py:3823} INFO - Setting next_dagrun for latest_only_with_trigger to 2026-07-16 00:00:00+00:00, run_after=2026-07-16 04:00:00+00:00
[2026-07-16T05:41:46.391+0000] {processor.py:183} INFO - Processing /home/airflow/.local/lib/python3.8/site-packages/airflow/example_dags/example_latest_only_with_trigger.py took 0.069 seconds
[2026-07-16T05:42:17.227+0000] {processor.py:161} INFO - Started process (PID=2323) to work on /home/airflow/.local/lib/python3.8/site-packages/airflow/example_dags/example_latest_only_with_trigger.py
[2026-07-16T05:42:17.230+0000] {processor.py:830} INFO - Processing file /home/airflow/.local/lib/python3.8/site-packages/airflow/example_dags/example_latest_only_with_trigger.py for tasks to queue
[2026-07-16T05:42:17.233+0000] {logging_mixin.py:188} INFO - [2026-07-16T05:42:17.232+0000] {dagbag.py:538} INFO - Filling up the DagBag from /home/airflow/.local/lib/python3.8/site-packages/airflow/example_dags/example_latest_only_with_trigger.py
[2026-07-16T05:42:17.238+0000] {processor.py:840} INFO - DAG(s) 'latest_only_with_trigger' retrieved from /home/airflow/.local/lib/python3.8/site-packages/airflow/example_dags/example_latest_only_with_trigger.py
[2026-07-16T05:42:17.264+0000] {logging_mixin.py:188} INFO - [2026-07-16T05:42:17.263+0000] {dag.py:3036} INFO - Sync 1 DAGs
[2026-07-16T05:42:17.289+0000] {logging_mixin.py:188} INFO - [2026-07-16T05:42:17.289+0000] {dag.py:3823} INFO - Setting next_dagrun for latest_only_with_trigger to 2026-07-16 00:00:00+00:00, run_after=2026-07-16 04:00:00+00:00
[2026-07-16T05:42:17.307+0000] {processor.py:183} INFO - Processing /home/airflow/.local/lib/python3.8/site-packages/airflow/example_dags/example_latest_only_with_trigger.py took 0.084 seconds
[2026-07-16T05:42:47.476+0000] {processor.py:161} INFO - Started process (PID=2379) to work on /home/airflow/.local/lib/python3.8/site-packages/airflow/example_dags/example_latest_only_with_trigger.py
[2026-07-16T05:42:47.477+0000] {processor.py:830} INFO - Processing file /home/airflow/.local/lib/python3.8/site-packages/airflow/example_dags/example_latest_only_with_trigger.py for tasks to queue
[2026-07-16T05:42:47.479+0000] {logging_mixin.py:188} INFO - [2026-07-16T05:42:47.479+0000] {dagbag.py:538} INFO - Filling up the DagBag from /home/airflow/.local/lib/python3.8/site-packages/airflow/example_dags/example_latest_only_with_trigger.py
[2026-07-16T05:42:47.485+0000] {processor.py:840} INFO - DAG(s) 'latest_only_with_trigger' retrieved from /home/airflow/.local/lib/python3.8/site-packages/airflow/example_dags/example_latest_only_with_trigger.py
[2026-07-16T05:42:47.502+0000] {logging_mixin.py:188} INFO - [2026-07-16T05:42:47.502+0000] {dag.py:3036} INFO - Sync 1 DAGs
[2026-07-16T05:42:47.519+0000] {logging_mixin.py:188} INFO - [2026-07-16T05:42:47.519+0000] {dag.py:3823} INFO - Setting next_dagrun for latest_only_with_trigger to 2026-07-16 00:00:00+00:00, run_after=2026-07-16 04:00:00+00:00
[2026-07-16T05:42:47.535+0000] {processor.py:183} INFO - Processing /home/airflow/.local/lib/python3.8/site-packages/airflow/example_dags/example_latest_only_with_trigger.py took 0.062 seconds
[2026-07-16T05:43:17.996+0000] {processor.py:161} INFO - Started process (PID=2435) to work on /home/airflow/.local/lib/python3.8/site-packages/airflow/example_dags/example_latest_only_with_trigger.py
[2026-07-16T05:43:17.999+0000] {processor.py:830} INFO - Processing file /home/airflow/.local/lib/python3.8/site-packages/airflow/example_dags/example_latest_only_with_trigger.py for tasks to queue
[2026-07-16T05:43:18.002+0000] {logging_mixin.py:188} INFO - [2026-07-16T05:43:18.002+0000] {dagbag.py:538} INFO - Filling up the DagBag from /home/airflow/.local/lib/python3.8/site-packages/airflow/example_dags/example_latest_only_with_trigger.py
[2026-07-16T05:43:18.011+0000] {processor.py:840} INFO - DAG(s) 'latest_only_with_trigger' retrieved from /home/airflow/.local/lib/python3.8/site-packages/airflow/example_dags/example_latest_only_with_trigger.py
[2026-07-16T05:43:18.037+0000] {logging_mixin.py:188} INFO - [2026-07-16T05:43:18.037+0000] {dag.py:3036} INFO - Sync 1 DAGs
[2026-07-16T05:43:18.060+0000] {logging_mixin.py:188} INFO - [2026-07-16T05:43:18.060+0000] {dag.py:3823} INFO - Setting next_dagrun for latest_only_with_trigger to 2026-07-16 00:00:00+00:00, run_after=2026-07-16 04:00:00+00:00
[2026-07-16T05:43:18.080+0000] {processor.py:183} INFO - Processing /home/airflow/.local/lib/python3.8/site-packages/airflow/example_dags/example_latest_only_with_trigger.py took 0.089 seconds
[2026-07-16T05:43:48.441+0000] {processor.py:161} INFO - Started process (PID=2491) to work on /home/airflow/.local/lib/python3.8/site-packages/airflow/example_dags/example_latest_only_with_trigger.py
[2026-07-16T05:43:48.444+0000] {processor.py:830} INFO - Processing file /home/airflow/.local/lib/python3.8/site-packages/airflow/example_dags/example_latest_only_with_trigger.py for tasks to queue
[2026-07-16T05:43:48.446+0000] {logging_mixin.py:188} INFO - [2026-07-16T05:43:48.446+0000] {dagbag.py:538} INFO - Filling up the DagBag from /home/airflow/.local/lib/python3.8/site-packages/airflow/example_dags/example_latest_only_with_trigger.py
[2026-07-16T05:43:48.453+0000] {processor.py:840} INFO - DAG(s) 'latest_only_with_trigger' retrieved from /home/airflow/.local/lib/python3.8/site-packages/airflow/example_dags/example_latest_only_with_trigger.py
[2026-07-16T05:43:48.475+0000] {logging_mixin.py:188} INFO - [2026-07-16T05:43:48.475+0000] {dag.py:3036} INFO - Sync 1 DAGs
[2026-07-16T05:43:48.496+0000] {logging_mixin.py:188} INFO - [2026-07-16T05:43:48.495+0000] {dag.py:3823} INFO - Setting next_dagrun for latest_only_with_trigger to 2026-07-16 00:00:00+00:00, run_after=2026-07-16 04:00:00+00:00
[2026-07-16T05:43:48.515+0000] {processor.py:183} INFO - Processing /home/airflow/.local/lib/python3.8/site-packages/airflow/example_dags/example_latest_only_with_trigger.py took 0.078 seconds
[2026-07-16T05:44:18.983+0000] {processor.py:161} INFO - Started process (PID=2547) to work on /home/airflow/.local/lib/python3.8/site-packages/airflow/example_dags/example_latest_only_with_trigger.py
[2026-07-16T05:44:18.984+0000] {processor.py:830} INFO - Processing file /home/airflow/.local/lib/python3.8/site-packages/airflow/example_dags/example_latest_only_with_trigger.py for tasks to queue
[2026-07-16T05:44:18.989+0000] {logging_mixin.py:188} INFO - [2026-07-16T05:44:18.988+0000] {dagbag.py:538} INFO - Filling up the DagBag from /home/airflow/.local/lib/python3.8/site-packages/airflow/example_dags/example_latest_only_with_trigger.py
[2026-07-16T05:44:18.996+0000] {processor.py:840} INFO - DAG(s) 'latest_only_with_trigger' retrieved from /home/airflow/.local/lib/python3.8/site-packages/airflow/example_dags/example_latest_only_with_trigger.py
[2026-07-16T05:44:19.021+0000] {logging_mixin.py:188} INFO - [2026-07-16T05:44:19.021+0000] {dag.py:3036} INFO - Sync 1 DAGs
[2026-07-16T05:44:19.043+0000] {logging_mixin.py:188} INFO - [2026-07-16T05:44:19.043+0000] {dag.py:3823} INFO - Setting next_dagrun for latest_only_with_trigger to 2026-07-16 00:00:00+00:00, run_after=2026-07-16 04:00:00+00:00
[2026-07-16T05:44:19.066+0000] {processor.py:183} INFO - Processing /home/airflow/.local/lib/python3.8/site-packages/airflow/example_dags/example_latest_only_with_trigger.py took 0.087 seconds
[2026-07-16T05:44:49.325+0000] {processor.py:161} INFO - Started process (PID=2603) to work on /home/airflow/.local/lib/python3.8/site-packages/airflow/example_dags/example_latest_only_with_trigger.py
[2026-07-16T05:44:49.327+0000] {processor.py:830} INFO - Processing file /home/airflow/.local/lib/python3.8/site-packages/airflow/example_dags/example_latest_only_with_trigger.py for tasks to queue
[2026-07-16T05:44:49.331+0000] {logging_mixin.py:188} INFO - [2026-07-16T05:44:49.330+0000] {dagbag.py:538} INFO - Filling up the DagBag from /home/airflow/.local/lib/python3.8/site-packages/airflow/example_dags/example_latest_only_with_trigger.py
[2026-07-16T05:44:49.337+0000] {processor.py:840} INFO - DAG(s) 'latest_only_with_trigger' retrieved from /home/airflow/.local/lib/python3.8/site-packages/airflow/example_dags/example_latest_only_with_trigger.py
[2026-07-16T05:44:49.357+0000] {logging_mixin.py:188} INFO - [2026-07-16T05:44:49.357+0000] {dag.py:3036} INFO - Sync 1 DAGs
[2026-07-16T05:44:49.374+0000] {logging_mixin.py:188} INFO - [2026-07-16T05:44:49.374+0000] {dag.py:3823} INFO - Setting next_dagrun for latest_only_with_trigger to 2026-07-16 00:00:00+00:00, run_after=2026-07-16 04:00:00+00:00
[2026-07-16T05:44:49.390+0000] {processor.py:183} INFO - Processing /home/airflow/.local/lib/python3.8/site-packages/airflow/example_dags/example_latest_only_with_trigger.py took 0.070 seconds
[2026-07-16T05:45:19.536+0000] {processor.py:161} INFO - Started process (PID=2659) to work on /home/airflow/.local/lib/python3.8/site-packages/airflow/example_dags/example_latest_only_with_trigger.py
[2026-07-16T05:45:19.536+0000] {processor.py:830} INFO - Processing file /home/airflow/.local/lib/python3.8/site-packages/airflow/example_dags/example_latest_only_with_trigger.py for tasks to queue
[2026-07-16T05:45:19.538+0000] {logging_mixin.py:188} INFO - [2026-07-16T05:45:19.538+0000] {dagbag.py:538} INFO - Filling up the DagBag from /home/airflow/.local/lib/python3.8/site-packages/airflow/example_dags/example_latest_only_with_trigger.py
[2026-07-16T05:45:19.542+0000] {processor.py:840} INFO - DAG(s) 'latest_only_with_trigger' retrieved from /home/airflow/.local/lib/python3.8/site-packages/airflow/example_dags/example_latest_only_with_trigger.py
[2026-07-16T05:45:19.558+0000] {logging_mixin.py:188} INFO - [2026-07-16T05:45:19.557+0000] {dag.py:3036} INFO - Sync 1 DAGs
[2026-07-16T05:45:19.574+0000] {logging_mixin.py:188} INFO - [2026-07-16T05:45:19.574+0000] {dag.py:3823} INFO - Setting next_dagrun for latest_only_with_trigger to 2026-07-16 00:00:00+00:00, run_after=2026-07-16 04:00:00+00:00
[2026-07-16T05:45:19.588+0000] {processor.py:183} INFO - Processing /home/airflow/.local/lib/python3.8/site-packages/airflow/example_dags/example_latest_only_with_trigger.py took 0.056 seconds
[2026-07-16T05:45:50.028+0000] {processor.py:161} INFO - Started process (PID=2715) to work on /home/airflow/.local/lib/python3.8/site-packages/airflow/example_dags/example_latest_only_with_trigger.py
[2026-07-16T05:45:50.030+0000] {processor.py:830} INFO - Processing file /home/airflow/.local/lib/python3.8/site-packages/airflow/example_dags/example_latest_only_with_trigger.py for tasks to queue
[2026-07-16T05:45:50.033+0000] {logging_mixin.py:188} INFO - [2026-07-16T05:45:50.032+0000] {dagbag.py:538} INFO - Filling up the DagBag from /home/airflow/.local/lib/python3.8/site-packages/airflow/example_dags/example_latest_only_with_trigger.py
[2026-07-16T05:45:50.037+0000] {processor.py:840} INFO - DAG(s) 'latest_only_with_trigger' retrieved from /home/airflow/.local/lib/python3.8/site-packages/airflow/example_dags/example_latest_only_with_trigger.py
[2026-07-16T05:45:50.053+0000] {logging_mixin.py:188} INFO - [2026-07-16T05:45:50.053+0000] {dag.py:3036} INFO - Sync 1 DAGs
[2026-07-16T05:45:50.069+0000] {logging_mixin.py:188} INFO - [2026-07-16T05:45:50.069+0000] {dag.py:3823} INFO - Setting next_dagrun for latest_only_with_trigger to 2026-07-16 00:00:00+00:00, run_after=2026-07-16 04:00:00+00:00
[2026-07-16T05:45:50.197+0000] {processor.py:183} INFO - Processing /home/airflow/.local/lib/python3.8/site-packages/airflow/example_dags/example_latest_only_with_trigger.py took 0.172 seconds
[2026-07-16T05:46:20.300+0000] {processor.py:161} INFO - Started process (PID=2771) to work on /home/airflow/.local/lib/python3.8/site-packages/airflow/example_dags/example_latest_only_with_trigger.py
[2026-07-16T05:46:20.305+0000] {processor.py:830} INFO - Processing file /home/airflow/.local/lib/python3.8/site-packages/airflow/example_dags/example_latest_only_with_trigger.py for tasks to queue
[2026-07-16T05:46:20.311+0000] {logging_mixin.py:188} INFO - [2026-07-16T05:46:20.310+0000] {dagbag.py:538} INFO - Filling up the DagBag from /home/airflow/.local/lib/python3.8/site-packages/airflow/example_dags/example_latest_only_with_trigger.py
[2026-07-16T05:46:20.325+0000] {processor.py:840} INFO - DAG(s) 'latest_only_with_trigger' retrieved from /home/airflow/.local/lib/python3.8/site-packages/airflow/example_dags/example_latest_only_with_trigger.py
[2026-07-16T05:46:20.363+0000] {logging_mixin.py:188} INFO - [2026-07-16T05:46:20.363+0000] {dag.py:3036} INFO - Sync 1 DAGs
[2026-07-16T05:46:20.388+0000] {logging_mixin.py:188} INFO - [2026-07-16T05:46:20.388+0000] {dag.py:3823} INFO - Setting next_dagrun for latest_only_with_trigger to 2026-07-16 00:00:00+00:00, run_after=2026-07-16 04:00:00+00:00
[2026-07-16T05:46:20.405+0000] {processor.py:183} INFO - Processing /home/airflow/.local/lib/python3.8/site-packages/airflow/example_dags/example_latest_only_with_trigger.py took 0.114 seconds
[2026-07-16T05:46:50.557+0000] {processor.py:161} INFO - Started process (PID=2827) to work on /home/airflow/.local/lib/python3.8/site-packages/airflow/example_dags/example_latest_only_with_trigger.py
[2026-07-16T05:46:50.558+0000] {processor.py:830} INFO - Processing file /home/airflow/.local/lib/python3.8/site-packages/airflow/example_dags/example_latest_only_with_trigger.py for tasks to queue
[2026-07-16T05:46:50.560+0000] {logging_mixin.py:188} INFO - [2026-07-16T05:46:50.560+0000] {dagbag.py:538} INFO - Filling up the DagBag from /home/airflow/.local/lib/python3.8/site-packages/airflow/example_dags/example_latest_only_with_trigger.py
[2026-07-16T05:46:50.565+0000] {processor.py:840} INFO - DAG(s) 'latest_only_with_trigger' retrieved from /home/airflow/.local/lib/python3.8/site-packages/airflow/example_dags/example_latest_only_with_trigger.py
[2026-07-16T05:46:50.581+0000] {logging_mixin.py:188} INFO - [2026-07-16T05:46:50.581+0000] {dag.py:3036} INFO - Sync 1 DAGs
[2026-07-16T05:46:50.595+0000] {logging_mixin.py:188} INFO - [2026-07-16T05:46:50.595+0000] {dag.py:3823} INFO - Setting next_dagrun for latest_only_with_trigger to 2026-07-16 00:00:00+00:00, run_after=2026-07-16 04:00:00+00:00
[2026-07-16T05:46:50.609+0000] {processor.py:183} INFO - Processing /home/airflow/.local/lib/python3.8/site-packages/airflow/example_dags/example_latest_only_with_trigger.py took 0.055 seconds
[2026-07-16T05:47:21.343+0000] {processor.py:161} INFO - Started process (PID=2883) to work on /home/airflow/.local/lib/python3.8/site-packages/airflow/example_dags/example_latest_only_with_trigger.py
[2026-07-16T05:47:21.345+0000] {processor.py:830} INFO - Processing file /home/airflow/.local/lib/python3.8/site-packages/airflow/example_dags/example_latest_only_with_trigger.py for tasks to queue
[2026-07-16T05:47:21.348+0000] {logging_mixin.py:188} INFO - [2026-07-16T05:47:21.347+0000] {dagbag.py:538} INFO - Filling up the DagBag from /home/airflow/.local/lib/python3.8/site-packages/airflow/example_dags/example_latest_only_with_trigger.py
[2026-07-16T05:47:21.355+0000] {processor.py:840} INFO - DAG(s) 'latest_only_with_trigger' retrieved from /home/airflow/.local/lib/python3.8/site-packages/airflow/example_dags/example_latest_only_with_trigger.py
[2026-07-16T05:47:21.377+0000] {logging_mixin.py:188} INFO - [2026-07-16T05:47:21.377+0000] {dag.py:3036} INFO - Sync 1 DAGs
[2026-07-16T05:47:21.408+0000] {logging_mixin.py:188} INFO - [2026-07-16T05:47:21.408+0000] {dag.py:3823} INFO - Setting next_dagrun for latest_only_with_trigger to 2026-07-16 00:00:00+00:00, run_after=2026-07-16 04:00:00+00:00
[2026-07-16T05:47:21.429+0000] {processor.py:183} INFO - Processing /home/airflow/.local/lib/python3.8/site-packages/airflow/example_dags/example_latest_only_with_trigger.py took 0.090 seconds
[2026-07-16T05:47:51.478+0000] {processor.py:161} INFO - Started process (PID=2939) to work on /home/airflow/.local/lib/python3.8/site-packages/airflow/example_dags/example_latest_only_with_trigger.py
[2026-07-16T05:47:51.482+0000] {processor.py:830} INFO - Processing file /home/airflow/.local/lib/python3.8/site-packages/airflow/example_dags/example_latest_only_with_trigger.py for tasks to queue
[2026-07-16T05:47:51.485+0000] {logging_mixin.py:188} INFO - [2026-07-16T05:47:51.485+0000] {dagbag.py:538} INFO - Filling up the DagBag from /home/airflow/.local/lib/python3.8/site-packages/airflow/example_dags/example_latest_only_with_trigger.py
[2026-07-16T05:47:51.491+0000] {processor.py:840} INFO - DAG(s) 'latest_only_with_trigger' retrieved from /home/airflow/.local/lib/python3.8/site-packages/airflow/example_dags/example_latest_only_with_trigger.py
[2026-07-16T05:47:51.515+0000] {logging_mixin.py:188} INFO - [2026-07-16T05:47:51.515+0000] {dag.py:3036} INFO - Sync 1 DAGs
[2026-07-16T05:47:51.539+0000] {logging_mixin.py:188} INFO - [2026-07-16T05:47:51.539+0000] {dag.py:3823} INFO - Setting next_dagrun for latest_only_with_trigger to 2026-07-16 00:00:00+00:00, run_after=2026-07-16 04:00:00+00:00
[2026-07-16T05:47:51.562+0000] {processor.py:183} INFO - Processing /home/airflow/.local/lib/python3.8/site-packages/airflow/example_dags/example_latest_only_with_trigger.py took 0.094 seconds
[2026-07-16T05:48:21.913+0000] {processor.py:161} INFO - Started process (PID=2995) to work on /home/airflow/.local/lib/python3.8/site-packages/airflow/example_dags/example_latest_only_with_trigger.py
[2026-07-16T05:48:21.915+0000] {processor.py:830} INFO - Processing file /home/airflow/.local/lib/python3.8/site-packages/airflow/example_dags/example_latest_only_with_trigger.py for tasks to queue
[2026-07-16T05:48:21.917+0000] {logging_mixin.py:188} INFO - [2026-07-16T05:48:21.917+0000] {dagbag.py:538} INFO - Filling up the DagBag from /home/airflow/.local/lib/python3.8/site-packages/airflow/example_dags/example_latest_only_with_trigger.py
[2026-07-16T05:48:21.926+0000] {processor.py:840} INFO - DAG(s) 'latest_only_with_trigger' retrieved from /home/airflow/.local/lib/python3.8/site-packages/airflow/example_dags/example_latest_only_with_trigger.py
[2026-07-16T05:48:21.957+0000] {logging_mixin.py:188} INFO - [2026-07-16T05:48:21.957+0000] {dag.py:3036} INFO - Sync 1 DAGs
[2026-07-16T05:48:22.140+0000] {logging_mixin.py:188} INFO - [2026-07-16T05:48:22.140+0000] {dag.py:3823} INFO - Setting next_dagrun for latest_only_with_trigger to 2026-07-16 00:00:00+00:00, run_after=2026-07-16 04:00:00+00:00
[2026-07-16T05:48:22.162+0000] {processor.py:183} INFO - Processing /home/airflow/.local/lib/python3.8/site-packages/airflow/example_dags/example_latest_only_with_trigger.py took 0.253 seconds
