[2026-07-16T05:22:01.368+0000] {processor.py:161} INFO - Started process (PID=109) to work on /home/airflow/.local/lib/python3.8/site-packages/airflow/example_dags/example_task_group_decorator.py
[2026-07-16T05:22:01.370+0000] {processor.py:830} INFO - Processing file /home/airflow/.local/lib/python3.8/site-packages/airflow/example_dags/example_task_group_decorator.py for tasks to queue
[2026-07-16T05:22:01.372+0000] {logging_mixin.py:188} INFO - [2026-07-16T05:22:01.372+0000] {dagbag.py:538} INFO - Filling up the DagBag from /home/airflow/.local/lib/python3.8/site-packages/airflow/example_dags/example_task_group_decorator.py
[2026-07-16T05:22:01.397+0000] {processor.py:840} INFO - DAG(s) 'example_task_group_decorator' retrieved from /home/airflow/.local/lib/python3.8/site-packages/airflow/example_dags/example_task_group_decorator.py
[2026-07-16T05:22:01.541+0000] {logging_mixin.py:188} INFO - [2026-07-16T05:22:01.540+0000] {dag.py:3036} INFO - Sync 1 DAGs
[2026-07-16T05:22:01.599+0000] {logging_mixin.py:188} INFO - [2026-07-16T05:22:01.599+0000] {dag.py:3823} INFO - Setting next_dagrun for example_task_group_decorator to 2026-07-15 00:00:00+00:00, run_after=2026-07-16 00:00:00+00:00
[2026-07-16T05:22:01.664+0000] {processor.py:183} INFO - Processing /home/airflow/.local/lib/python3.8/site-packages/airflow/example_dags/example_task_group_decorator.py took 0.300 seconds
[2026-07-16T05:22:31.802+0000] {processor.py:161} INFO - Started process (PID=167) to work on /home/airflow/.local/lib/python3.8/site-packages/airflow/example_dags/example_task_group_decorator.py
[2026-07-16T05:22:31.804+0000] {processor.py:830} INFO - Processing file /home/airflow/.local/lib/python3.8/site-packages/airflow/example_dags/example_task_group_decorator.py for tasks to queue
[2026-07-16T05:22:31.807+0000] {logging_mixin.py:188} INFO - [2026-07-16T05:22:31.807+0000] {dagbag.py:538} INFO - Filling up the DagBag from /home/airflow/.local/lib/python3.8/site-packages/airflow/example_dags/example_task_group_decorator.py
[2026-07-16T05:22:31.833+0000] {processor.py:840} INFO - DAG(s) 'example_task_group_decorator' retrieved from /home/airflow/.local/lib/python3.8/site-packages/airflow/example_dags/example_task_group_decorator.py
[2026-07-16T05:22:31.878+0000] {logging_mixin.py:188} INFO - [2026-07-16T05:22:31.878+0000] {dag.py:3036} INFO - Sync 1 DAGs
[2026-07-16T05:22:31.910+0000] {logging_mixin.py:188} INFO - [2026-07-16T05:22:31.909+0000] {dag.py:3823} INFO - Setting next_dagrun for example_task_group_decorator to 2026-07-15 00:00:00+00:00, run_after=2026-07-16 00:00:00+00:00
[2026-07-16T05:22:31.964+0000] {processor.py:183} INFO - Processing /home/airflow/.local/lib/python3.8/site-packages/airflow/example_dags/example_task_group_decorator.py took 0.167 seconds
[2026-07-16T05:23:03.058+0000] {processor.py:161} INFO - Started process (PID=223) to work on /home/airflow/.local/lib/python3.8/site-packages/airflow/example_dags/example_task_group_decorator.py
[2026-07-16T05:23:03.062+0000] {processor.py:830} INFO - Processing file /home/airflow/.local/lib/python3.8/site-packages/airflow/example_dags/example_task_group_decorator.py for tasks to queue
[2026-07-16T05:23:03.067+0000] {logging_mixin.py:188} INFO - [2026-07-16T05:23:03.066+0000] {dagbag.py:538} INFO - Filling up the DagBag from /home/airflow/.local/lib/python3.8/site-packages/airflow/example_dags/example_task_group_decorator.py
[2026-07-16T05:23:03.097+0000] {processor.py:840} INFO - DAG(s) 'example_task_group_decorator' retrieved from /home/airflow/.local/lib/python3.8/site-packages/airflow/example_dags/example_task_group_decorator.py
[2026-07-16T05:23:03.193+0000] {logging_mixin.py:188} INFO - [2026-07-16T05:23:03.192+0000] {dag.py:3036} INFO - Sync 1 DAGs
[2026-07-16T05:23:03.279+0000] {logging_mixin.py:188} INFO - [2026-07-16T05:23:03.278+0000] {dag.py:3823} INFO - Setting next_dagrun for example_task_group_decorator to 2026-07-15 00:00:00+00:00, run_after=2026-07-16 00:00:00+00:00
[2026-07-16T05:23:03.333+0000] {processor.py:183} INFO - Processing /home/airflow/.local/lib/python3.8/site-packages/airflow/example_dags/example_task_group_decorator.py took 0.280 seconds
[2026-07-16T05:23:34.006+0000] {processor.py:161} INFO - Started process (PID=279) to work on /home/airflow/.local/lib/python3.8/site-packages/airflow/example_dags/example_task_group_decorator.py
[2026-07-16T05:23:34.008+0000] {processor.py:830} INFO - Processing file /home/airflow/.local/lib/python3.8/site-packages/airflow/example_dags/example_task_group_decorator.py for tasks to queue
[2026-07-16T05:23:34.011+0000] {logging_mixin.py:188} INFO - [2026-07-16T05:23:34.010+0000] {dagbag.py:538} INFO - Filling up the DagBag from /home/airflow/.local/lib/python3.8/site-packages/airflow/example_dags/example_task_group_decorator.py
[2026-07-16T05:23:34.033+0000] {processor.py:840} INFO - DAG(s) 'example_task_group_decorator' retrieved from /home/airflow/.local/lib/python3.8/site-packages/airflow/example_dags/example_task_group_decorator.py
[2026-07-16T05:23:34.069+0000] {logging_mixin.py:188} INFO - [2026-07-16T05:23:34.069+0000] {dag.py:3036} INFO - Sync 1 DAGs
[2026-07-16T05:23:34.102+0000] {logging_mixin.py:188} INFO - [2026-07-16T05:23:34.102+0000] {dag.py:3823} INFO - Setting next_dagrun for example_task_group_decorator to 2026-07-15 00:00:00+00:00, run_after=2026-07-16 00:00:00+00:00
[2026-07-16T05:23:34.131+0000] {processor.py:183} INFO - Processing /home/airflow/.local/lib/python3.8/site-packages/airflow/example_dags/example_task_group_decorator.py took 0.130 seconds
[2026-07-16T05:24:07.561+0000] {processor.py:161} INFO - Started process (PID=340) to work on /home/airflow/.local/lib/python3.8/site-packages/airflow/example_dags/example_task_group_decorator.py
[2026-07-16T05:24:07.566+0000] {processor.py:830} INFO - Processing file /home/airflow/.local/lib/python3.8/site-packages/airflow/example_dags/example_task_group_decorator.py for tasks to queue
[2026-07-16T05:24:07.572+0000] {logging_mixin.py:188} INFO - [2026-07-16T05:24:07.571+0000] {dagbag.py:538} INFO - Filling up the DagBag from /home/airflow/.local/lib/python3.8/site-packages/airflow/example_dags/example_task_group_decorator.py
[2026-07-16T05:24:07.623+0000] {processor.py:840} INFO - DAG(s) 'example_task_group_decorator' retrieved from /home/airflow/.local/lib/python3.8/site-packages/airflow/example_dags/example_task_group_decorator.py
[2026-07-16T05:24:07.719+0000] {logging_mixin.py:188} INFO - [2026-07-16T05:24:07.719+0000] {dag.py:3036} INFO - Sync 1 DAGs
[2026-07-16T05:24:07.779+0000] {logging_mixin.py:188} INFO - [2026-07-16T05:24:07.779+0000] {dag.py:3823} INFO - Setting next_dagrun for example_task_group_decorator to 2026-07-15 00:00:00+00:00, run_after=2026-07-16 00:00:00+00:00
[2026-07-16T05:24:07.844+0000] {processor.py:183} INFO - Processing /home/airflow/.local/lib/python3.8/site-packages/airflow/example_dags/example_task_group_decorator.py took 0.297 seconds
[2026-07-16T05:24:38.590+0000] {processor.py:161} INFO - Started process (PID=396) to work on /home/airflow/.local/lib/python3.8/site-packages/airflow/example_dags/example_task_group_decorator.py
[2026-07-16T05:24:38.592+0000] {processor.py:830} INFO - Processing file /home/airflow/.local/lib/python3.8/site-packages/airflow/example_dags/example_task_group_decorator.py for tasks to queue
[2026-07-16T05:24:38.596+0000] {logging_mixin.py:188} INFO - [2026-07-16T05:24:38.595+0000] {dagbag.py:538} INFO - Filling up the DagBag from /home/airflow/.local/lib/python3.8/site-packages/airflow/example_dags/example_task_group_decorator.py
[2026-07-16T05:24:38.623+0000] {processor.py:840} INFO - DAG(s) 'example_task_group_decorator' retrieved from /home/airflow/.local/lib/python3.8/site-packages/airflow/example_dags/example_task_group_decorator.py
[2026-07-16T05:24:38.674+0000] {logging_mixin.py:188} INFO - [2026-07-16T05:24:38.674+0000] {dag.py:3036} INFO - Sync 1 DAGs
[2026-07-16T05:24:38.717+0000] {logging_mixin.py:188} INFO - [2026-07-16T05:24:38.717+0000] {dag.py:3823} INFO - Setting next_dagrun for example_task_group_decorator to 2026-07-15 00:00:00+00:00, run_after=2026-07-16 00:00:00+00:00
[2026-07-16T05:24:38.761+0000] {processor.py:183} INFO - Processing /home/airflow/.local/lib/python3.8/site-packages/airflow/example_dags/example_task_group_decorator.py took 0.179 seconds
[2026-07-16T05:25:08.892+0000] {processor.py:161} INFO - Started process (PID=452) to work on /home/airflow/.local/lib/python3.8/site-packages/airflow/example_dags/example_task_group_decorator.py
[2026-07-16T05:25:08.894+0000] {processor.py:830} INFO - Processing file /home/airflow/.local/lib/python3.8/site-packages/airflow/example_dags/example_task_group_decorator.py for tasks to queue
[2026-07-16T05:25:08.896+0000] {logging_mixin.py:188} INFO - [2026-07-16T05:25:08.896+0000] {dagbag.py:538} INFO - Filling up the DagBag from /home/airflow/.local/lib/python3.8/site-packages/airflow/example_dags/example_task_group_decorator.py
[2026-07-16T05:25:08.915+0000] {processor.py:840} INFO - DAG(s) 'example_task_group_decorator' retrieved from /home/airflow/.local/lib/python3.8/site-packages/airflow/example_dags/example_task_group_decorator.py
[2026-07-16T05:25:08.945+0000] {logging_mixin.py:188} INFO - [2026-07-16T05:25:08.944+0000] {dag.py:3036} INFO - Sync 1 DAGs
[2026-07-16T05:25:08.975+0000] {logging_mixin.py:188} INFO - [2026-07-16T05:25:08.974+0000] {dag.py:3823} INFO - Setting next_dagrun for example_task_group_decorator to 2026-07-15 00:00:00+00:00, run_after=2026-07-16 00:00:00+00:00
[2026-07-16T05:25:09.003+0000] {processor.py:183} INFO - Processing /home/airflow/.local/lib/python3.8/site-packages/airflow/example_dags/example_task_group_decorator.py took 0.116 seconds
[2026-07-16T05:25:39.117+0000] {processor.py:161} INFO - Started process (PID=508) to work on /home/airflow/.local/lib/python3.8/site-packages/airflow/example_dags/example_task_group_decorator.py
[2026-07-16T05:25:39.118+0000] {processor.py:830} INFO - Processing file /home/airflow/.local/lib/python3.8/site-packages/airflow/example_dags/example_task_group_decorator.py for tasks to queue
[2026-07-16T05:25:39.121+0000] {logging_mixin.py:188} INFO - [2026-07-16T05:25:39.121+0000] {dagbag.py:538} INFO - Filling up the DagBag from /home/airflow/.local/lib/python3.8/site-packages/airflow/example_dags/example_task_group_decorator.py
[2026-07-16T05:25:39.143+0000] {processor.py:840} INFO - DAG(s) 'example_task_group_decorator' retrieved from /home/airflow/.local/lib/python3.8/site-packages/airflow/example_dags/example_task_group_decorator.py
[2026-07-16T05:25:39.183+0000] {logging_mixin.py:188} INFO - [2026-07-16T05:25:39.182+0000] {dag.py:3036} INFO - Sync 1 DAGs
[2026-07-16T05:25:39.210+0000] {logging_mixin.py:188} INFO - [2026-07-16T05:25:39.210+0000] {dag.py:3823} INFO - Setting next_dagrun for example_task_group_decorator to 2026-07-15 00:00:00+00:00, run_after=2026-07-16 00:00:00+00:00
[2026-07-16T05:25:39.239+0000] {processor.py:183} INFO - Processing /home/airflow/.local/lib/python3.8/site-packages/airflow/example_dags/example_task_group_decorator.py took 0.129 seconds
[2026-07-16T05:26:09.325+0000] {processor.py:161} INFO - Started process (PID=564) to work on /home/airflow/.local/lib/python3.8/site-packages/airflow/example_dags/example_task_group_decorator.py
[2026-07-16T05:26:09.327+0000] {processor.py:830} INFO - Processing file /home/airflow/.local/lib/python3.8/site-packages/airflow/example_dags/example_task_group_decorator.py for tasks to queue
[2026-07-16T05:26:09.330+0000] {logging_mixin.py:188} INFO - [2026-07-16T05:26:09.330+0000] {dagbag.py:538} INFO - Filling up the DagBag from /home/airflow/.local/lib/python3.8/site-packages/airflow/example_dags/example_task_group_decorator.py
[2026-07-16T05:26:09.361+0000] {processor.py:840} INFO - DAG(s) 'example_task_group_decorator' retrieved from /home/airflow/.local/lib/python3.8/site-packages/airflow/example_dags/example_task_group_decorator.py
[2026-07-16T05:26:09.413+0000] {logging_mixin.py:188} INFO - [2026-07-16T05:26:09.413+0000] {dag.py:3036} INFO - Sync 1 DAGs
[2026-07-16T05:26:09.444+0000] {logging_mixin.py:188} INFO - [2026-07-16T05:26:09.444+0000] {dag.py:3823} INFO - Setting next_dagrun for example_task_group_decorator to 2026-07-15 00:00:00+00:00, run_after=2026-07-16 00:00:00+00:00
[2026-07-16T05:26:09.472+0000] {processor.py:183} INFO - Processing /home/airflow/.local/lib/python3.8/site-packages/airflow/example_dags/example_task_group_decorator.py took 0.152 seconds
[2026-07-16T05:26:39.734+0000] {processor.py:161} INFO - Started process (PID=620) to work on /home/airflow/.local/lib/python3.8/site-packages/airflow/example_dags/example_task_group_decorator.py
[2026-07-16T05:26:39.735+0000] {processor.py:830} INFO - Processing file /home/airflow/.local/lib/python3.8/site-packages/airflow/example_dags/example_task_group_decorator.py for tasks to queue
[2026-07-16T05:26:39.739+0000] {logging_mixin.py:188} INFO - [2026-07-16T05:26:39.738+0000] {dagbag.py:538} INFO - Filling up the DagBag from /home/airflow/.local/lib/python3.8/site-packages/airflow/example_dags/example_task_group_decorator.py
[2026-07-16T05:26:39.779+0000] {processor.py:840} INFO - DAG(s) 'example_task_group_decorator' retrieved from /home/airflow/.local/lib/python3.8/site-packages/airflow/example_dags/example_task_group_decorator.py
[2026-07-16T05:26:39.833+0000] {logging_mixin.py:188} INFO - [2026-07-16T05:26:39.832+0000] {dag.py:3036} INFO - Sync 1 DAGs
[2026-07-16T05:26:39.867+0000] {logging_mixin.py:188} INFO - [2026-07-16T05:26:39.866+0000] {dag.py:3823} INFO - Setting next_dagrun for example_task_group_decorator to 2026-07-15 00:00:00+00:00, run_after=2026-07-16 00:00:00+00:00
[2026-07-16T05:26:39.891+0000] {processor.py:183} INFO - Processing /home/airflow/.local/lib/python3.8/site-packages/airflow/example_dags/example_task_group_decorator.py took 0.163 seconds
[2026-07-16T05:27:09.936+0000] {processor.py:161} INFO - Started process (PID=676) to work on /home/airflow/.local/lib/python3.8/site-packages/airflow/example_dags/example_task_group_decorator.py
[2026-07-16T05:27:09.938+0000] {processor.py:830} INFO - Processing file /home/airflow/.local/lib/python3.8/site-packages/airflow/example_dags/example_task_group_decorator.py for tasks to queue
[2026-07-16T05:27:09.940+0000] {logging_mixin.py:188} INFO - [2026-07-16T05:27:09.940+0000] {dagbag.py:538} INFO - Filling up the DagBag from /home/airflow/.local/lib/python3.8/site-packages/airflow/example_dags/example_task_group_decorator.py
[2026-07-16T05:27:09.959+0000] {processor.py:840} INFO - DAG(s) 'example_task_group_decorator' retrieved from /home/airflow/.local/lib/python3.8/site-packages/airflow/example_dags/example_task_group_decorator.py
[2026-07-16T05:27:09.997+0000] {logging_mixin.py:188} INFO - [2026-07-16T05:27:09.996+0000] {dag.py:3036} INFO - Sync 1 DAGs
[2026-07-16T05:27:10.031+0000] {logging_mixin.py:188} INFO - [2026-07-16T05:27:10.031+0000] {dag.py:3823} INFO - Setting next_dagrun for example_task_group_decorator to 2026-07-15 00:00:00+00:00, run_after=2026-07-16 00:00:00+00:00
[2026-07-16T05:27:10.063+0000] {processor.py:183} INFO - Processing /home/airflow/.local/lib/python3.8/site-packages/airflow/example_dags/example_task_group_decorator.py took 0.132 seconds
[2026-07-16T05:27:40.972+0000] {processor.py:161} INFO - Started process (PID=732) to work on /home/airflow/.local/lib/python3.8/site-packages/airflow/example_dags/example_task_group_decorator.py
[2026-07-16T05:27:40.974+0000] {processor.py:830} INFO - Processing file /home/airflow/.local/lib/python3.8/site-packages/airflow/example_dags/example_task_group_decorator.py for tasks to queue
[2026-07-16T05:27:40.977+0000] {logging_mixin.py:188} INFO - [2026-07-16T05:27:40.976+0000] {dagbag.py:538} INFO - Filling up the DagBag from /home/airflow/.local/lib/python3.8/site-packages/airflow/example_dags/example_task_group_decorator.py
[2026-07-16T05:27:40.992+0000] {processor.py:840} INFO - DAG(s) 'example_task_group_decorator' retrieved from /home/airflow/.local/lib/python3.8/site-packages/airflow/example_dags/example_task_group_decorator.py
[2026-07-16T05:27:41.030+0000] {logging_mixin.py:188} INFO - [2026-07-16T05:27:41.029+0000] {dag.py:3036} INFO - Sync 1 DAGs
[2026-07-16T05:27:41.063+0000] {logging_mixin.py:188} INFO - [2026-07-16T05:27:41.063+0000] {dag.py:3823} INFO - Setting next_dagrun for example_task_group_decorator to 2026-07-15 00:00:00+00:00, run_after=2026-07-16 00:00:00+00:00
[2026-07-16T05:27:41.099+0000] {processor.py:183} INFO - Processing /home/airflow/.local/lib/python3.8/site-packages/airflow/example_dags/example_task_group_decorator.py took 0.132 seconds
[2026-07-16T05:28:11.796+0000] {processor.py:161} INFO - Started process (PID=788) to work on /home/airflow/.local/lib/python3.8/site-packages/airflow/example_dags/example_task_group_decorator.py
[2026-07-16T05:28:11.798+0000] {processor.py:830} INFO - Processing file /home/airflow/.local/lib/python3.8/site-packages/airflow/example_dags/example_task_group_decorator.py for tasks to queue
[2026-07-16T05:28:11.801+0000] {logging_mixin.py:188} INFO - [2026-07-16T05:28:11.801+0000] {dagbag.py:538} INFO - Filling up the DagBag from /home/airflow/.local/lib/python3.8/site-packages/airflow/example_dags/example_task_group_decorator.py
[2026-07-16T05:28:11.835+0000] {processor.py:840} INFO - DAG(s) 'example_task_group_decorator' retrieved from /home/airflow/.local/lib/python3.8/site-packages/airflow/example_dags/example_task_group_decorator.py
[2026-07-16T05:28:11.890+0000] {logging_mixin.py:188} INFO - [2026-07-16T05:28:11.889+0000] {dag.py:3036} INFO - Sync 1 DAGs
[2026-07-16T05:28:11.951+0000] {logging_mixin.py:188} INFO - [2026-07-16T05:28:11.951+0000] {dag.py:3823} INFO - Setting next_dagrun for example_task_group_decorator to 2026-07-15 00:00:00+00:00, run_after=2026-07-16 00:00:00+00:00
[2026-07-16T05:28:11.996+0000] {processor.py:183} INFO - Processing /home/airflow/.local/lib/python3.8/site-packages/airflow/example_dags/example_task_group_decorator.py took 0.207 seconds
[2026-07-16T05:28:42.355+0000] {processor.py:161} INFO - Started process (PID=844) to work on /home/airflow/.local/lib/python3.8/site-packages/airflow/example_dags/example_task_group_decorator.py
[2026-07-16T05:28:42.357+0000] {processor.py:830} INFO - Processing file /home/airflow/.local/lib/python3.8/site-packages/airflow/example_dags/example_task_group_decorator.py for tasks to queue
[2026-07-16T05:28:42.360+0000] {logging_mixin.py:188} INFO - [2026-07-16T05:28:42.360+0000] {dagbag.py:538} INFO - Filling up the DagBag from /home/airflow/.local/lib/python3.8/site-packages/airflow/example_dags/example_task_group_decorator.py
[2026-07-16T05:28:42.394+0000] {processor.py:840} INFO - DAG(s) 'example_task_group_decorator' retrieved from /home/airflow/.local/lib/python3.8/site-packages/airflow/example_dags/example_task_group_decorator.py
[2026-07-16T05:28:42.465+0000] {logging_mixin.py:188} INFO - [2026-07-16T05:28:42.464+0000] {dag.py:3036} INFO - Sync 1 DAGs
[2026-07-16T05:28:42.522+0000] {logging_mixin.py:188} INFO - [2026-07-16T05:28:42.521+0000] {dag.py:3823} INFO - Setting next_dagrun for example_task_group_decorator to 2026-07-15 00:00:00+00:00, run_after=2026-07-16 00:00:00+00:00
[2026-07-16T05:28:42.570+0000] {processor.py:183} INFO - Processing /home/airflow/.local/lib/python3.8/site-packages/airflow/example_dags/example_task_group_decorator.py took 0.221 seconds
[2026-07-16T05:29:13.601+0000] {processor.py:161} INFO - Started process (PID=900) to work on /home/airflow/.local/lib/python3.8/site-packages/airflow/example_dags/example_task_group_decorator.py
[2026-07-16T05:29:13.605+0000] {processor.py:830} INFO - Processing file /home/airflow/.local/lib/python3.8/site-packages/airflow/example_dags/example_task_group_decorator.py for tasks to queue
[2026-07-16T05:29:13.610+0000] {logging_mixin.py:188} INFO - [2026-07-16T05:29:13.609+0000] {dagbag.py:538} INFO - Filling up the DagBag from /home/airflow/.local/lib/python3.8/site-packages/airflow/example_dags/example_task_group_decorator.py
[2026-07-16T05:29:13.653+0000] {processor.py:840} INFO - DAG(s) 'example_task_group_decorator' retrieved from /home/airflow/.local/lib/python3.8/site-packages/airflow/example_dags/example_task_group_decorator.py
[2026-07-16T05:29:13.718+0000] {logging_mixin.py:188} INFO - [2026-07-16T05:29:13.718+0000] {dag.py:3036} INFO - Sync 1 DAGs
[2026-07-16T05:29:13.779+0000] {logging_mixin.py:188} INFO - [2026-07-16T05:29:13.778+0000] {dag.py:3823} INFO - Setting next_dagrun for example_task_group_decorator to 2026-07-15 00:00:00+00:00, run_after=2026-07-16 00:00:00+00:00
[2026-07-16T05:29:13.835+0000] {processor.py:183} INFO - Processing /home/airflow/.local/lib/python3.8/site-packages/airflow/example_dags/example_task_group_decorator.py took 0.246 seconds
[2026-07-16T05:29:44.014+0000] {processor.py:161} INFO - Started process (PID=956) to work on /home/airflow/.local/lib/python3.8/site-packages/airflow/example_dags/example_task_group_decorator.py
[2026-07-16T05:29:44.017+0000] {processor.py:830} INFO - Processing file /home/airflow/.local/lib/python3.8/site-packages/airflow/example_dags/example_task_group_decorator.py for tasks to queue
[2026-07-16T05:29:44.023+0000] {logging_mixin.py:188} INFO - [2026-07-16T05:29:44.022+0000] {dagbag.py:538} INFO - Filling up the DagBag from /home/airflow/.local/lib/python3.8/site-packages/airflow/example_dags/example_task_group_decorator.py
[2026-07-16T05:29:44.061+0000] {processor.py:840} INFO - DAG(s) 'example_task_group_decorator' retrieved from /home/airflow/.local/lib/python3.8/site-packages/airflow/example_dags/example_task_group_decorator.py
[2026-07-16T05:29:44.116+0000] {logging_mixin.py:188} INFO - [2026-07-16T05:29:44.115+0000] {dag.py:3036} INFO - Sync 1 DAGs
[2026-07-16T05:29:44.176+0000] {logging_mixin.py:188} INFO - [2026-07-16T05:29:44.175+0000] {dag.py:3823} INFO - Setting next_dagrun for example_task_group_decorator to 2026-07-15 00:00:00+00:00, run_after=2026-07-16 00:00:00+00:00
[2026-07-16T05:29:44.222+0000] {processor.py:183} INFO - Processing /home/airflow/.local/lib/python3.8/site-packages/airflow/example_dags/example_task_group_decorator.py took 0.220 seconds
[2026-07-16T05:30:14.386+0000] {processor.py:161} INFO - Started process (PID=1012) to work on /home/airflow/.local/lib/python3.8/site-packages/airflow/example_dags/example_task_group_decorator.py
[2026-07-16T05:30:14.391+0000] {processor.py:830} INFO - Processing file /home/airflow/.local/lib/python3.8/site-packages/airflow/example_dags/example_task_group_decorator.py for tasks to queue
[2026-07-16T05:30:14.394+0000] {logging_mixin.py:188} INFO - [2026-07-16T05:30:14.394+0000] {dagbag.py:538} INFO - Filling up the DagBag from /home/airflow/.local/lib/python3.8/site-packages/airflow/example_dags/example_task_group_decorator.py
[2026-07-16T05:30:14.420+0000] {processor.py:840} INFO - DAG(s) 'example_task_group_decorator' retrieved from /home/airflow/.local/lib/python3.8/site-packages/airflow/example_dags/example_task_group_decorator.py
[2026-07-16T05:30:14.455+0000] {logging_mixin.py:188} INFO - [2026-07-16T05:30:14.454+0000] {dag.py:3036} INFO - Sync 1 DAGs
[2026-07-16T05:30:14.484+0000] {logging_mixin.py:188} INFO - [2026-07-16T05:30:14.484+0000] {dag.py:3823} INFO - Setting next_dagrun for example_task_group_decorator to 2026-07-15 00:00:00+00:00, run_after=2026-07-16 00:00:00+00:00
[2026-07-16T05:30:14.509+0000] {processor.py:183} INFO - Processing /home/airflow/.local/lib/python3.8/site-packages/airflow/example_dags/example_task_group_decorator.py took 0.129 seconds
[2026-07-16T05:30:44.834+0000] {processor.py:161} INFO - Started process (PID=1068) to work on /home/airflow/.local/lib/python3.8/site-packages/airflow/example_dags/example_task_group_decorator.py
[2026-07-16T05:30:44.835+0000] {processor.py:830} INFO - Processing file /home/airflow/.local/lib/python3.8/site-packages/airflow/example_dags/example_task_group_decorator.py for tasks to queue
[2026-07-16T05:30:44.838+0000] {logging_mixin.py:188} INFO - [2026-07-16T05:30:44.837+0000] {dagbag.py:538} INFO - Filling up the DagBag from /home/airflow/.local/lib/python3.8/site-packages/airflow/example_dags/example_task_group_decorator.py
[2026-07-16T05:30:44.855+0000] {processor.py:840} INFO - DAG(s) 'example_task_group_decorator' retrieved from /home/airflow/.local/lib/python3.8/site-packages/airflow/example_dags/example_task_group_decorator.py
[2026-07-16T05:30:44.898+0000] {logging_mixin.py:188} INFO - [2026-07-16T05:30:44.897+0000] {dag.py:3036} INFO - Sync 1 DAGs
[2026-07-16T05:30:44.927+0000] {logging_mixin.py:188} INFO - [2026-07-16T05:30:44.927+0000] {dag.py:3823} INFO - Setting next_dagrun for example_task_group_decorator to 2026-07-15 00:00:00+00:00, run_after=2026-07-16 00:00:00+00:00
[2026-07-16T05:30:44.959+0000] {processor.py:183} INFO - Processing /home/airflow/.local/lib/python3.8/site-packages/airflow/example_dags/example_task_group_decorator.py took 0.129 seconds
[2026-07-16T05:31:15.955+0000] {processor.py:161} INFO - Started process (PID=1124) to work on /home/airflow/.local/lib/python3.8/site-packages/airflow/example_dags/example_task_group_decorator.py
[2026-07-16T05:31:15.957+0000] {processor.py:830} INFO - Processing file /home/airflow/.local/lib/python3.8/site-packages/airflow/example_dags/example_task_group_decorator.py for tasks to queue
[2026-07-16T05:31:15.960+0000] {logging_mixin.py:188} INFO - [2026-07-16T05:31:15.959+0000] {dagbag.py:538} INFO - Filling up the DagBag from /home/airflow/.local/lib/python3.8/site-packages/airflow/example_dags/example_task_group_decorator.py
[2026-07-16T05:31:15.977+0000] {processor.py:840} INFO - DAG(s) 'example_task_group_decorator' retrieved from /home/airflow/.local/lib/python3.8/site-packages/airflow/example_dags/example_task_group_decorator.py
[2026-07-16T05:31:16.003+0000] {logging_mixin.py:188} INFO - [2026-07-16T05:31:16.003+0000] {dag.py:3036} INFO - Sync 1 DAGs
[2026-07-16T05:31:16.026+0000] {logging_mixin.py:188} INFO - [2026-07-16T05:31:16.026+0000] {dag.py:3823} INFO - Setting next_dagrun for example_task_group_decorator to 2026-07-15 00:00:00+00:00, run_after=2026-07-16 00:00:00+00:00
[2026-07-16T05:31:16.043+0000] {processor.py:183} INFO - Processing /home/airflow/.local/lib/python3.8/site-packages/airflow/example_dags/example_task_group_decorator.py took 0.091 seconds
[2026-07-16T05:31:47.031+0000] {processor.py:161} INFO - Started process (PID=1180) to work on /home/airflow/.local/lib/python3.8/site-packages/airflow/example_dags/example_task_group_decorator.py
[2026-07-16T05:31:47.035+0000] {processor.py:830} INFO - Processing file /home/airflow/.local/lib/python3.8/site-packages/airflow/example_dags/example_task_group_decorator.py for tasks to queue
[2026-07-16T05:31:47.041+0000] {logging_mixin.py:188} INFO - [2026-07-16T05:31:47.040+0000] {dagbag.py:538} INFO - Filling up the DagBag from /home/airflow/.local/lib/python3.8/site-packages/airflow/example_dags/example_task_group_decorator.py
[2026-07-16T05:31:47.086+0000] {processor.py:840} INFO - DAG(s) 'example_task_group_decorator' retrieved from /home/airflow/.local/lib/python3.8/site-packages/airflow/example_dags/example_task_group_decorator.py
[2026-07-16T05:31:47.136+0000] {logging_mixin.py:188} INFO - [2026-07-16T05:31:47.136+0000] {dag.py:3036} INFO - Sync 1 DAGs
[2026-07-16T05:31:47.178+0000] {logging_mixin.py:188} INFO - [2026-07-16T05:31:47.177+0000] {dag.py:3823} INFO - Setting next_dagrun for example_task_group_decorator to 2026-07-15 00:00:00+00:00, run_after=2026-07-16 00:00:00+00:00
[2026-07-16T05:31:47.224+0000] {processor.py:183} INFO - Processing /home/airflow/.local/lib/python3.8/site-packages/airflow/example_dags/example_task_group_decorator.py took 0.200 seconds
[2026-07-16T05:32:17.742+0000] {processor.py:161} INFO - Started process (PID=1236) to work on /home/airflow/.local/lib/python3.8/site-packages/airflow/example_dags/example_task_group_decorator.py
[2026-07-16T05:32:17.743+0000] {processor.py:830} INFO - Processing file /home/airflow/.local/lib/python3.8/site-packages/airflow/example_dags/example_task_group_decorator.py for tasks to queue
[2026-07-16T05:32:17.745+0000] {logging_mixin.py:188} INFO - [2026-07-16T05:32:17.745+0000] {dagbag.py:538} INFO - Filling up the DagBag from /home/airflow/.local/lib/python3.8/site-packages/airflow/example_dags/example_task_group_decorator.py
[2026-07-16T05:32:17.759+0000] {processor.py:840} INFO - DAG(s) 'example_task_group_decorator' retrieved from /home/airflow/.local/lib/python3.8/site-packages/airflow/example_dags/example_task_group_decorator.py
[2026-07-16T05:32:17.780+0000] {logging_mixin.py:188} INFO - [2026-07-16T05:32:17.780+0000] {dag.py:3036} INFO - Sync 1 DAGs
[2026-07-16T05:32:17.798+0000] {logging_mixin.py:188} INFO - [2026-07-16T05:32:17.797+0000] {dag.py:3823} INFO - Setting next_dagrun for example_task_group_decorator to 2026-07-15 00:00:00+00:00, run_after=2026-07-16 00:00:00+00:00
[2026-07-16T05:32:17.816+0000] {processor.py:183} INFO - Processing /home/airflow/.local/lib/python3.8/site-packages/airflow/example_dags/example_task_group_decorator.py took 0.078 seconds
[2026-07-16T05:32:47.938+0000] {processor.py:161} INFO - Started process (PID=1292) to work on /home/airflow/.local/lib/python3.8/site-packages/airflow/example_dags/example_task_group_decorator.py
[2026-07-16T05:32:47.940+0000] {processor.py:830} INFO - Processing file /home/airflow/.local/lib/python3.8/site-packages/airflow/example_dags/example_task_group_decorator.py for tasks to queue
[2026-07-16T05:32:47.941+0000] {logging_mixin.py:188} INFO - [2026-07-16T05:32:47.941+0000] {dagbag.py:538} INFO - Filling up the DagBag from /home/airflow/.local/lib/python3.8/site-packages/airflow/example_dags/example_task_group_decorator.py
[2026-07-16T05:32:47.953+0000] {processor.py:840} INFO - DAG(s) 'example_task_group_decorator' retrieved from /home/airflow/.local/lib/python3.8/site-packages/airflow/example_dags/example_task_group_decorator.py
[2026-07-16T05:32:47.973+0000] {logging_mixin.py:188} INFO - [2026-07-16T05:32:47.972+0000] {dag.py:3036} INFO - Sync 1 DAGs
[2026-07-16T05:32:47.990+0000] {logging_mixin.py:188} INFO - [2026-07-16T05:32:47.990+0000] {dag.py:3823} INFO - Setting next_dagrun for example_task_group_decorator to 2026-07-15 00:00:00+00:00, run_after=2026-07-16 00:00:00+00:00
[2026-07-16T05:32:48.005+0000] {processor.py:183} INFO - Processing /home/airflow/.local/lib/python3.8/site-packages/airflow/example_dags/example_task_group_decorator.py took 0.069 seconds
[2026-07-16T05:33:19.003+0000] {processor.py:161} INFO - Started process (PID=1348) to work on /home/airflow/.local/lib/python3.8/site-packages/airflow/example_dags/example_task_group_decorator.py
[2026-07-16T05:33:19.005+0000] {processor.py:830} INFO - Processing file /home/airflow/.local/lib/python3.8/site-packages/airflow/example_dags/example_task_group_decorator.py for tasks to queue
[2026-07-16T05:33:19.007+0000] {logging_mixin.py:188} INFO - [2026-07-16T05:33:19.006+0000] {dagbag.py:538} INFO - Filling up the DagBag from /home/airflow/.local/lib/python3.8/site-packages/airflow/example_dags/example_task_group_decorator.py
[2026-07-16T05:33:19.025+0000] {processor.py:840} INFO - DAG(s) 'example_task_group_decorator' retrieved from /home/airflow/.local/lib/python3.8/site-packages/airflow/example_dags/example_task_group_decorator.py
[2026-07-16T05:33:19.059+0000] {logging_mixin.py:188} INFO - [2026-07-16T05:33:19.059+0000] {dag.py:3036} INFO - Sync 1 DAGs
[2026-07-16T05:33:19.095+0000] {logging_mixin.py:188} INFO - [2026-07-16T05:33:19.095+0000] {dag.py:3823} INFO - Setting next_dagrun for example_task_group_decorator to 2026-07-15 00:00:00+00:00, run_after=2026-07-16 00:00:00+00:00
[2026-07-16T05:33:19.134+0000] {processor.py:183} INFO - Processing /home/airflow/.local/lib/python3.8/site-packages/airflow/example_dags/example_task_group_decorator.py took 0.136 seconds
[2026-07-16T05:33:49.164+0000] {processor.py:161} INFO - Started process (PID=1404) to work on /home/airflow/.local/lib/python3.8/site-packages/airflow/example_dags/example_task_group_decorator.py
[2026-07-16T05:33:49.165+0000] {processor.py:830} INFO - Processing file /home/airflow/.local/lib/python3.8/site-packages/airflow/example_dags/example_task_group_decorator.py for tasks to queue
[2026-07-16T05:33:49.167+0000] {logging_mixin.py:188} INFO - [2026-07-16T05:33:49.167+0000] {dagbag.py:538} INFO - Filling up the DagBag from /home/airflow/.local/lib/python3.8/site-packages/airflow/example_dags/example_task_group_decorator.py
[2026-07-16T05:33:49.177+0000] {processor.py:840} INFO - DAG(s) 'example_task_group_decorator' retrieved from /home/airflow/.local/lib/python3.8/site-packages/airflow/example_dags/example_task_group_decorator.py
[2026-07-16T05:33:49.196+0000] {logging_mixin.py:188} INFO - [2026-07-16T05:33:49.196+0000] {dag.py:3036} INFO - Sync 1 DAGs
[2026-07-16T05:33:49.213+0000] {logging_mixin.py:188} INFO - [2026-07-16T05:33:49.212+0000] {dag.py:3823} INFO - Setting next_dagrun for example_task_group_decorator to 2026-07-15 00:00:00+00:00, run_after=2026-07-16 00:00:00+00:00
[2026-07-16T05:33:49.226+0000] {processor.py:183} INFO - Processing /home/airflow/.local/lib/python3.8/site-packages/airflow/example_dags/example_task_group_decorator.py took 0.065 seconds
[2026-07-16T05:34:20.007+0000] {processor.py:161} INFO - Started process (PID=1460) to work on /home/airflow/.local/lib/python3.8/site-packages/airflow/example_dags/example_task_group_decorator.py
[2026-07-16T05:34:20.009+0000] {processor.py:830} INFO - Processing file /home/airflow/.local/lib/python3.8/site-packages/airflow/example_dags/example_task_group_decorator.py for tasks to queue
[2026-07-16T05:34:20.012+0000] {logging_mixin.py:188} INFO - [2026-07-16T05:34:20.012+0000] {dagbag.py:538} INFO - Filling up the DagBag from /home/airflow/.local/lib/python3.8/site-packages/airflow/example_dags/example_task_group_decorator.py
[2026-07-16T05:34:20.030+0000] {processor.py:840} INFO - DAG(s) 'example_task_group_decorator' retrieved from /home/airflow/.local/lib/python3.8/site-packages/airflow/example_dags/example_task_group_decorator.py
[2026-07-16T05:34:20.065+0000] {logging_mixin.py:188} INFO - [2026-07-16T05:34:20.065+0000] {dag.py:3036} INFO - Sync 1 DAGs
[2026-07-16T05:34:20.094+0000] {logging_mixin.py:188} INFO - [2026-07-16T05:34:20.093+0000] {dag.py:3823} INFO - Setting next_dagrun for example_task_group_decorator to 2026-07-15 00:00:00+00:00, run_after=2026-07-16 00:00:00+00:00
[2026-07-16T05:34:20.119+0000] {processor.py:183} INFO - Processing /home/airflow/.local/lib/python3.8/site-packages/airflow/example_dags/example_task_group_decorator.py took 0.117 seconds
[2026-07-16T05:34:50.422+0000] {processor.py:161} INFO - Started process (PID=1516) to work on /home/airflow/.local/lib/python3.8/site-packages/airflow/example_dags/example_task_group_decorator.py
[2026-07-16T05:34:50.425+0000] {processor.py:830} INFO - Processing file /home/airflow/.local/lib/python3.8/site-packages/airflow/example_dags/example_task_group_decorator.py for tasks to queue
[2026-07-16T05:34:50.427+0000] {logging_mixin.py:188} INFO - [2026-07-16T05:34:50.427+0000] {dagbag.py:538} INFO - Filling up the DagBag from /home/airflow/.local/lib/python3.8/site-packages/airflow/example_dags/example_task_group_decorator.py
[2026-07-16T05:34:50.448+0000] {processor.py:840} INFO - DAG(s) 'example_task_group_decorator' retrieved from /home/airflow/.local/lib/python3.8/site-packages/airflow/example_dags/example_task_group_decorator.py
[2026-07-16T05:34:50.478+0000] {logging_mixin.py:188} INFO - [2026-07-16T05:34:50.478+0000] {dag.py:3036} INFO - Sync 1 DAGs
[2026-07-16T05:34:50.501+0000] {logging_mixin.py:188} INFO - [2026-07-16T05:34:50.501+0000] {dag.py:3823} INFO - Setting next_dagrun for example_task_group_decorator to 2026-07-15 00:00:00+00:00, run_after=2026-07-16 00:00:00+00:00
[2026-07-16T05:34:50.522+0000] {processor.py:183} INFO - Processing /home/airflow/.local/lib/python3.8/site-packages/airflow/example_dags/example_task_group_decorator.py took 0.103 seconds
[2026-07-16T05:35:21.397+0000] {processor.py:161} INFO - Started process (PID=1572) to work on /home/airflow/.local/lib/python3.8/site-packages/airflow/example_dags/example_task_group_decorator.py
[2026-07-16T05:35:21.398+0000] {processor.py:830} INFO - Processing file /home/airflow/.local/lib/python3.8/site-packages/airflow/example_dags/example_task_group_decorator.py for tasks to queue
[2026-07-16T05:35:21.400+0000] {logging_mixin.py:188} INFO - [2026-07-16T05:35:21.399+0000] {dagbag.py:538} INFO - Filling up the DagBag from /home/airflow/.local/lib/python3.8/site-packages/airflow/example_dags/example_task_group_decorator.py
[2026-07-16T05:35:21.410+0000] {processor.py:840} INFO - DAG(s) 'example_task_group_decorator' retrieved from /home/airflow/.local/lib/python3.8/site-packages/airflow/example_dags/example_task_group_decorator.py
[2026-07-16T05:35:21.429+0000] {logging_mixin.py:188} INFO - [2026-07-16T05:35:21.429+0000] {dag.py:3036} INFO - Sync 1 DAGs
[2026-07-16T05:35:21.445+0000] {logging_mixin.py:188} INFO - [2026-07-16T05:35:21.444+0000] {dag.py:3823} INFO - Setting next_dagrun for example_task_group_decorator to 2026-07-15 00:00:00+00:00, run_after=2026-07-16 00:00:00+00:00
[2026-07-16T05:35:21.460+0000] {processor.py:183} INFO - Processing /home/airflow/.local/lib/python3.8/site-packages/airflow/example_dags/example_task_group_decorator.py took 0.066 seconds
[2026-07-16T05:35:52.338+0000] {processor.py:161} INFO - Started process (PID=1628) to work on /home/airflow/.local/lib/python3.8/site-packages/airflow/example_dags/example_task_group_decorator.py
[2026-07-16T05:35:52.339+0000] {processor.py:830} INFO - Processing file /home/airflow/.local/lib/python3.8/site-packages/airflow/example_dags/example_task_group_decorator.py for tasks to queue
[2026-07-16T05:35:52.341+0000] {logging_mixin.py:188} INFO - [2026-07-16T05:35:52.340+0000] {dagbag.py:538} INFO - Filling up the DagBag from /home/airflow/.local/lib/python3.8/site-packages/airflow/example_dags/example_task_group_decorator.py
[2026-07-16T05:35:52.355+0000] {processor.py:840} INFO - DAG(s) 'example_task_group_decorator' retrieved from /home/airflow/.local/lib/python3.8/site-packages/airflow/example_dags/example_task_group_decorator.py
[2026-07-16T05:35:52.377+0000] {logging_mixin.py:188} INFO - [2026-07-16T05:35:52.376+0000] {dag.py:3036} INFO - Sync 1 DAGs
[2026-07-16T05:35:52.395+0000] {logging_mixin.py:188} INFO - [2026-07-16T05:35:52.395+0000] {dag.py:3823} INFO - Setting next_dagrun for example_task_group_decorator to 2026-07-15 00:00:00+00:00, run_after=2026-07-16 00:00:00+00:00
[2026-07-16T05:35:52.413+0000] {processor.py:183} INFO - Processing /home/airflow/.local/lib/python3.8/site-packages/airflow/example_dags/example_task_group_decorator.py took 0.079 seconds
[2026-07-16T05:36:22.698+0000] {processor.py:161} INFO - Started process (PID=1685) to work on /home/airflow/.local/lib/python3.8/site-packages/airflow/example_dags/example_task_group_decorator.py
[2026-07-16T05:36:22.699+0000] {processor.py:830} INFO - Processing file /home/airflow/.local/lib/python3.8/site-packages/airflow/example_dags/example_task_group_decorator.py for tasks to queue
[2026-07-16T05:36:22.701+0000] {logging_mixin.py:188} INFO - [2026-07-16T05:36:22.701+0000] {dagbag.py:538} INFO - Filling up the DagBag from /home/airflow/.local/lib/python3.8/site-packages/airflow/example_dags/example_task_group_decorator.py
[2026-07-16T05:36:22.717+0000] {processor.py:840} INFO - DAG(s) 'example_task_group_decorator' retrieved from /home/airflow/.local/lib/python3.8/site-packages/airflow/example_dags/example_task_group_decorator.py
[2026-07-16T05:36:22.743+0000] {logging_mixin.py:188} INFO - [2026-07-16T05:36:22.742+0000] {dag.py:3036} INFO - Sync 1 DAGs
[2026-07-16T05:36:22.766+0000] {logging_mixin.py:188} INFO - [2026-07-16T05:36:22.766+0000] {dag.py:3823} INFO - Setting next_dagrun for example_task_group_decorator to 2026-07-15 00:00:00+00:00, run_after=2026-07-16 00:00:00+00:00
[2026-07-16T05:36:22.798+0000] {processor.py:183} INFO - Processing /home/airflow/.local/lib/python3.8/site-packages/airflow/example_dags/example_task_group_decorator.py took 0.104 seconds
[2026-07-16T05:36:52.870+0000] {processor.py:161} INFO - Started process (PID=1740) to work on /home/airflow/.local/lib/python3.8/site-packages/airflow/example_dags/example_task_group_decorator.py
[2026-07-16T05:36:52.872+0000] {processor.py:830} INFO - Processing file /home/airflow/.local/lib/python3.8/site-packages/airflow/example_dags/example_task_group_decorator.py for tasks to queue
[2026-07-16T05:36:52.873+0000] {logging_mixin.py:188} INFO - [2026-07-16T05:36:52.873+0000] {dagbag.py:538} INFO - Filling up the DagBag from /home/airflow/.local/lib/python3.8/site-packages/airflow/example_dags/example_task_group_decorator.py
[2026-07-16T05:36:52.888+0000] {processor.py:840} INFO - DAG(s) 'example_task_group_decorator' retrieved from /home/airflow/.local/lib/python3.8/site-packages/airflow/example_dags/example_task_group_decorator.py
[2026-07-16T05:36:52.910+0000] {logging_mixin.py:188} INFO - [2026-07-16T05:36:52.910+0000] {dag.py:3036} INFO - Sync 1 DAGs
[2026-07-16T05:36:52.928+0000] {logging_mixin.py:188} INFO - [2026-07-16T05:36:52.928+0000] {dag.py:3823} INFO - Setting next_dagrun for example_task_group_decorator to 2026-07-15 00:00:00+00:00, run_after=2026-07-16 00:00:00+00:00
[2026-07-16T05:36:52.952+0000] {processor.py:183} INFO - Processing /home/airflow/.local/lib/python3.8/site-packages/airflow/example_dags/example_task_group_decorator.py took 0.086 seconds
[2026-07-16T05:37:23.430+0000] {processor.py:161} INFO - Started process (PID=1797) to work on /home/airflow/.local/lib/python3.8/site-packages/airflow/example_dags/example_task_group_decorator.py
[2026-07-16T05:37:23.431+0000] {processor.py:830} INFO - Processing file /home/airflow/.local/lib/python3.8/site-packages/airflow/example_dags/example_task_group_decorator.py for tasks to queue
[2026-07-16T05:37:23.433+0000] {logging_mixin.py:188} INFO - [2026-07-16T05:37:23.432+0000] {dagbag.py:538} INFO - Filling up the DagBag from /home/airflow/.local/lib/python3.8/site-packages/airflow/example_dags/example_task_group_decorator.py
[2026-07-16T05:37:23.445+0000] {processor.py:840} INFO - DAG(s) 'example_task_group_decorator' retrieved from /home/airflow/.local/lib/python3.8/site-packages/airflow/example_dags/example_task_group_decorator.py
[2026-07-16T05:37:23.468+0000] {logging_mixin.py:188} INFO - [2026-07-16T05:37:23.468+0000] {dag.py:3036} INFO - Sync 1 DAGs
[2026-07-16T05:37:23.488+0000] {logging_mixin.py:188} INFO - [2026-07-16T05:37:23.488+0000] {dag.py:3823} INFO - Setting next_dagrun for example_task_group_decorator to 2026-07-15 00:00:00+00:00, run_after=2026-07-16 00:00:00+00:00
[2026-07-16T05:37:23.506+0000] {processor.py:183} INFO - Processing /home/airflow/.local/lib/python3.8/site-packages/airflow/example_dags/example_task_group_decorator.py took 0.080 seconds
[2026-07-16T05:37:53.756+0000] {processor.py:161} INFO - Started process (PID=1853) to work on /home/airflow/.local/lib/python3.8/site-packages/airflow/example_dags/example_task_group_decorator.py
[2026-07-16T05:37:53.757+0000] {processor.py:830} INFO - Processing file /home/airflow/.local/lib/python3.8/site-packages/airflow/example_dags/example_task_group_decorator.py for tasks to queue
[2026-07-16T05:37:53.759+0000] {logging_mixin.py:188} INFO - [2026-07-16T05:37:53.759+0000] {dagbag.py:538} INFO - Filling up the DagBag from /home/airflow/.local/lib/python3.8/site-packages/airflow/example_dags/example_task_group_decorator.py
[2026-07-16T05:37:53.771+0000] {processor.py:840} INFO - DAG(s) 'example_task_group_decorator' retrieved from /home/airflow/.local/lib/python3.8/site-packages/airflow/example_dags/example_task_group_decorator.py
[2026-07-16T05:37:53.790+0000] {logging_mixin.py:188} INFO - [2026-07-16T05:37:53.789+0000] {dag.py:3036} INFO - Sync 1 DAGs
[2026-07-16T05:37:53.806+0000] {logging_mixin.py:188} INFO - [2026-07-16T05:37:53.806+0000] {dag.py:3823} INFO - Setting next_dagrun for example_task_group_decorator to 2026-07-15 00:00:00+00:00, run_after=2026-07-16 00:00:00+00:00
[2026-07-16T05:37:53.821+0000] {processor.py:183} INFO - Processing /home/airflow/.local/lib/python3.8/site-packages/airflow/example_dags/example_task_group_decorator.py took 0.068 seconds
[2026-07-16T05:38:23.981+0000] {processor.py:161} INFO - Started process (PID=1909) to work on /home/airflow/.local/lib/python3.8/site-packages/airflow/example_dags/example_task_group_decorator.py
[2026-07-16T05:38:23.982+0000] {processor.py:830} INFO - Processing file /home/airflow/.local/lib/python3.8/site-packages/airflow/example_dags/example_task_group_decorator.py for tasks to queue
[2026-07-16T05:38:23.984+0000] {logging_mixin.py:188} INFO - [2026-07-16T05:38:23.984+0000] {dagbag.py:538} INFO - Filling up the DagBag from /home/airflow/.local/lib/python3.8/site-packages/airflow/example_dags/example_task_group_decorator.py
[2026-07-16T05:38:23.997+0000] {processor.py:840} INFO - DAG(s) 'example_task_group_decorator' retrieved from /home/airflow/.local/lib/python3.8/site-packages/airflow/example_dags/example_task_group_decorator.py
[2026-07-16T05:38:24.018+0000] {logging_mixin.py:188} INFO - [2026-07-16T05:38:24.018+0000] {dag.py:3036} INFO - Sync 1 DAGs
[2026-07-16T05:38:24.037+0000] {logging_mixin.py:188} INFO - [2026-07-16T05:38:24.036+0000] {dag.py:3823} INFO - Setting next_dagrun for example_task_group_decorator to 2026-07-15 00:00:00+00:00, run_after=2026-07-16 00:00:00+00:00
[2026-07-16T05:38:24.054+0000] {processor.py:183} INFO - Processing /home/airflow/.local/lib/python3.8/site-packages/airflow/example_dags/example_task_group_decorator.py took 0.077 seconds
[2026-07-16T05:38:54.387+0000] {processor.py:161} INFO - Started process (PID=1965) to work on /home/airflow/.local/lib/python3.8/site-packages/airflow/example_dags/example_task_group_decorator.py
[2026-07-16T05:38:54.389+0000] {processor.py:830} INFO - Processing file /home/airflow/.local/lib/python3.8/site-packages/airflow/example_dags/example_task_group_decorator.py for tasks to queue
[2026-07-16T05:38:54.390+0000] {logging_mixin.py:188} INFO - [2026-07-16T05:38:54.390+0000] {dagbag.py:538} INFO - Filling up the DagBag from /home/airflow/.local/lib/python3.8/site-packages/airflow/example_dags/example_task_group_decorator.py
[2026-07-16T05:38:54.403+0000] {processor.py:840} INFO - DAG(s) 'example_task_group_decorator' retrieved from /home/airflow/.local/lib/python3.8/site-packages/airflow/example_dags/example_task_group_decorator.py
[2026-07-16T05:38:54.430+0000] {logging_mixin.py:188} INFO - [2026-07-16T05:38:54.430+0000] {dag.py:3036} INFO - Sync 1 DAGs
[2026-07-16T05:38:54.455+0000] {logging_mixin.py:188} INFO - [2026-07-16T05:38:54.455+0000] {dag.py:3823} INFO - Setting next_dagrun for example_task_group_decorator to 2026-07-15 00:00:00+00:00, run_after=2026-07-16 00:00:00+00:00
[2026-07-16T05:38:54.478+0000] {processor.py:183} INFO - Processing /home/airflow/.local/lib/python3.8/site-packages/airflow/example_dags/example_task_group_decorator.py took 0.096 seconds
[2026-07-16T05:39:24.546+0000] {processor.py:161} INFO - Started process (PID=2014) to work on /home/airflow/.local/lib/python3.8/site-packages/airflow/example_dags/example_task_group_decorator.py
[2026-07-16T05:39:24.548+0000] {processor.py:830} INFO - Processing file /home/airflow/.local/lib/python3.8/site-packages/airflow/example_dags/example_task_group_decorator.py for tasks to queue
[2026-07-16T05:39:24.550+0000] {logging_mixin.py:188} INFO - [2026-07-16T05:39:24.549+0000] {dagbag.py:538} INFO - Filling up the DagBag from /home/airflow/.local/lib/python3.8/site-packages/airflow/example_dags/example_task_group_decorator.py
[2026-07-16T05:39:24.565+0000] {processor.py:840} INFO - DAG(s) 'example_task_group_decorator' retrieved from /home/airflow/.local/lib/python3.8/site-packages/airflow/example_dags/example_task_group_decorator.py
[2026-07-16T05:39:24.592+0000] {logging_mixin.py:188} INFO - [2026-07-16T05:39:24.592+0000] {dag.py:3036} INFO - Sync 1 DAGs
[2026-07-16T05:39:24.620+0000] {logging_mixin.py:188} INFO - [2026-07-16T05:39:24.619+0000] {dag.py:3823} INFO - Setting next_dagrun for example_task_group_decorator to 2026-07-15 00:00:00+00:00, run_after=2026-07-16 00:00:00+00:00
[2026-07-16T05:39:24.645+0000] {processor.py:183} INFO - Processing /home/airflow/.local/lib/python3.8/site-packages/airflow/example_dags/example_task_group_decorator.py took 0.103 seconds
[2026-07-16T05:39:54.742+0000] {processor.py:161} INFO - Started process (PID=2070) to work on /home/airflow/.local/lib/python3.8/site-packages/airflow/example_dags/example_task_group_decorator.py
[2026-07-16T05:39:54.743+0000] {processor.py:830} INFO - Processing file /home/airflow/.local/lib/python3.8/site-packages/airflow/example_dags/example_task_group_decorator.py for tasks to queue
[2026-07-16T05:39:54.745+0000] {logging_mixin.py:188} INFO - [2026-07-16T05:39:54.744+0000] {dagbag.py:538} INFO - Filling up the DagBag from /home/airflow/.local/lib/python3.8/site-packages/airflow/example_dags/example_task_group_decorator.py
[2026-07-16T05:39:54.758+0000] {processor.py:840} INFO - DAG(s) 'example_task_group_decorator' retrieved from /home/airflow/.local/lib/python3.8/site-packages/airflow/example_dags/example_task_group_decorator.py
[2026-07-16T05:39:54.781+0000] {logging_mixin.py:188} INFO - [2026-07-16T05:39:54.781+0000] {dag.py:3036} INFO - Sync 1 DAGs
[2026-07-16T05:39:54.801+0000] {logging_mixin.py:188} INFO - [2026-07-16T05:39:54.801+0000] {dag.py:3823} INFO - Setting next_dagrun for example_task_group_decorator to 2026-07-15 00:00:00+00:00, run_after=2026-07-16 00:00:00+00:00
[2026-07-16T05:39:54.819+0000] {processor.py:183} INFO - Processing /home/airflow/.local/lib/python3.8/site-packages/airflow/example_dags/example_task_group_decorator.py took 0.080 seconds
[2026-07-16T05:40:24.922+0000] {processor.py:161} INFO - Started process (PID=2126) to work on /home/airflow/.local/lib/python3.8/site-packages/airflow/example_dags/example_task_group_decorator.py
[2026-07-16T05:40:24.923+0000] {processor.py:830} INFO - Processing file /home/airflow/.local/lib/python3.8/site-packages/airflow/example_dags/example_task_group_decorator.py for tasks to queue
[2026-07-16T05:40:24.925+0000] {logging_mixin.py:188} INFO - [2026-07-16T05:40:24.925+0000] {dagbag.py:538} INFO - Filling up the DagBag from /home/airflow/.local/lib/python3.8/site-packages/airflow/example_dags/example_task_group_decorator.py
[2026-07-16T05:40:24.937+0000] {processor.py:840} INFO - DAG(s) 'example_task_group_decorator' retrieved from /home/airflow/.local/lib/python3.8/site-packages/airflow/example_dags/example_task_group_decorator.py
[2026-07-16T05:40:24.955+0000] {logging_mixin.py:188} INFO - [2026-07-16T05:40:24.955+0000] {dag.py:3036} INFO - Sync 1 DAGs
[2026-07-16T05:40:24.971+0000] {logging_mixin.py:188} INFO - [2026-07-16T05:40:24.971+0000] {dag.py:3823} INFO - Setting next_dagrun for example_task_group_decorator to 2026-07-15 00:00:00+00:00, run_after=2026-07-16 00:00:00+00:00
[2026-07-16T05:40:24.986+0000] {processor.py:183} INFO - Processing /home/airflow/.local/lib/python3.8/site-packages/airflow/example_dags/example_task_group_decorator.py took 0.067 seconds
[2026-07-16T05:40:55.373+0000] {processor.py:161} INFO - Started process (PID=2182) to work on /home/airflow/.local/lib/python3.8/site-packages/airflow/example_dags/example_task_group_decorator.py
[2026-07-16T05:40:55.376+0000] {processor.py:830} INFO - Processing file /home/airflow/.local/lib/python3.8/site-packages/airflow/example_dags/example_task_group_decorator.py for tasks to queue
[2026-07-16T05:40:55.380+0000] {logging_mixin.py:188} INFO - [2026-07-16T05:40:55.379+0000] {dagbag.py:538} INFO - Filling up the DagBag from /home/airflow/.local/lib/python3.8/site-packages/airflow/example_dags/example_task_group_decorator.py
[2026-07-16T05:40:55.416+0000] {processor.py:840} INFO - DAG(s) 'example_task_group_decorator' retrieved from /home/airflow/.local/lib/python3.8/site-packages/airflow/example_dags/example_task_group_decorator.py
[2026-07-16T05:40:55.460+0000] {logging_mixin.py:188} INFO - [2026-07-16T05:40:55.460+0000] {dag.py:3036} INFO - Sync 1 DAGs
[2026-07-16T05:40:55.488+0000] {logging_mixin.py:188} INFO - [2026-07-16T05:40:55.488+0000] {dag.py:3823} INFO - Setting next_dagrun for example_task_group_decorator to 2026-07-15 00:00:00+00:00, run_after=2026-07-16 00:00:00+00:00
[2026-07-16T05:40:55.517+0000] {processor.py:183} INFO - Processing /home/airflow/.local/lib/python3.8/site-packages/airflow/example_dags/example_task_group_decorator.py took 0.158 seconds
[2026-07-16T05:41:26.465+0000] {processor.py:161} INFO - Started process (PID=2238) to work on /home/airflow/.local/lib/python3.8/site-packages/airflow/example_dags/example_task_group_decorator.py
[2026-07-16T05:41:26.466+0000] {processor.py:830} INFO - Processing file /home/airflow/.local/lib/python3.8/site-packages/airflow/example_dags/example_task_group_decorator.py for tasks to queue
[2026-07-16T05:41:26.468+0000] {logging_mixin.py:188} INFO - [2026-07-16T05:41:26.467+0000] {dagbag.py:538} INFO - Filling up the DagBag from /home/airflow/.local/lib/python3.8/site-packages/airflow/example_dags/example_task_group_decorator.py
[2026-07-16T05:41:26.478+0000] {processor.py:840} INFO - DAG(s) 'example_task_group_decorator' retrieved from /home/airflow/.local/lib/python3.8/site-packages/airflow/example_dags/example_task_group_decorator.py
[2026-07-16T05:41:26.498+0000] {logging_mixin.py:188} INFO - [2026-07-16T05:41:26.498+0000] {dag.py:3036} INFO - Sync 1 DAGs
[2026-07-16T05:41:26.514+0000] {logging_mixin.py:188} INFO - [2026-07-16T05:41:26.514+0000] {dag.py:3823} INFO - Setting next_dagrun for example_task_group_decorator to 2026-07-15 00:00:00+00:00, run_after=2026-07-16 00:00:00+00:00
[2026-07-16T05:41:26.530+0000] {processor.py:183} INFO - Processing /home/airflow/.local/lib/python3.8/site-packages/airflow/example_dags/example_task_group_decorator.py took 0.068 seconds
[2026-07-16T05:41:57.339+0000] {processor.py:161} INFO - Started process (PID=2294) to work on /home/airflow/.local/lib/python3.8/site-packages/airflow/example_dags/example_task_group_decorator.py
[2026-07-16T05:41:57.341+0000] {processor.py:830} INFO - Processing file /home/airflow/.local/lib/python3.8/site-packages/airflow/example_dags/example_task_group_decorator.py for tasks to queue
[2026-07-16T05:41:57.342+0000] {logging_mixin.py:188} INFO - [2026-07-16T05:41:57.342+0000] {dagbag.py:538} INFO - Filling up the DagBag from /home/airflow/.local/lib/python3.8/site-packages/airflow/example_dags/example_task_group_decorator.py
[2026-07-16T05:41:57.354+0000] {processor.py:840} INFO - DAG(s) 'example_task_group_decorator' retrieved from /home/airflow/.local/lib/python3.8/site-packages/airflow/example_dags/example_task_group_decorator.py
[2026-07-16T05:41:57.374+0000] {logging_mixin.py:188} INFO - [2026-07-16T05:41:57.374+0000] {dag.py:3036} INFO - Sync 1 DAGs
[2026-07-16T05:41:57.391+0000] {logging_mixin.py:188} INFO - [2026-07-16T05:41:57.391+0000] {dag.py:3823} INFO - Setting next_dagrun for example_task_group_decorator to 2026-07-15 00:00:00+00:00, run_after=2026-07-16 00:00:00+00:00
[2026-07-16T05:41:57.406+0000] {processor.py:183} INFO - Processing /home/airflow/.local/lib/python3.8/site-packages/airflow/example_dags/example_task_group_decorator.py took 0.069 seconds
[2026-07-16T05:42:27.681+0000] {processor.py:161} INFO - Started process (PID=2350) to work on /home/airflow/.local/lib/python3.8/site-packages/airflow/example_dags/example_task_group_decorator.py
[2026-07-16T05:42:27.683+0000] {processor.py:830} INFO - Processing file /home/airflow/.local/lib/python3.8/site-packages/airflow/example_dags/example_task_group_decorator.py for tasks to queue
[2026-07-16T05:42:27.685+0000] {logging_mixin.py:188} INFO - [2026-07-16T05:42:27.684+0000] {dagbag.py:538} INFO - Filling up the DagBag from /home/airflow/.local/lib/python3.8/site-packages/airflow/example_dags/example_task_group_decorator.py
[2026-07-16T05:42:27.697+0000] {processor.py:840} INFO - DAG(s) 'example_task_group_decorator' retrieved from /home/airflow/.local/lib/python3.8/site-packages/airflow/example_dags/example_task_group_decorator.py
[2026-07-16T05:42:27.716+0000] {logging_mixin.py:188} INFO - [2026-07-16T05:42:27.716+0000] {dag.py:3036} INFO - Sync 1 DAGs
[2026-07-16T05:42:27.733+0000] {logging_mixin.py:188} INFO - [2026-07-16T05:42:27.733+0000] {dag.py:3823} INFO - Setting next_dagrun for example_task_group_decorator to 2026-07-15 00:00:00+00:00, run_after=2026-07-16 00:00:00+00:00
[2026-07-16T05:42:27.749+0000] {processor.py:183} INFO - Processing /home/airflow/.local/lib/python3.8/site-packages/airflow/example_dags/example_task_group_decorator.py took 0.071 seconds
[2026-07-16T05:42:57.865+0000] {processor.py:161} INFO - Started process (PID=2406) to work on /home/airflow/.local/lib/python3.8/site-packages/airflow/example_dags/example_task_group_decorator.py
[2026-07-16T05:42:57.870+0000] {processor.py:830} INFO - Processing file /home/airflow/.local/lib/python3.8/site-packages/airflow/example_dags/example_task_group_decorator.py for tasks to queue
[2026-07-16T05:42:57.875+0000] {logging_mixin.py:188} INFO - [2026-07-16T05:42:57.874+0000] {dagbag.py:538} INFO - Filling up the DagBag from /home/airflow/.local/lib/python3.8/site-packages/airflow/example_dags/example_task_group_decorator.py
[2026-07-16T05:42:57.903+0000] {processor.py:840} INFO - DAG(s) 'example_task_group_decorator' retrieved from /home/airflow/.local/lib/python3.8/site-packages/airflow/example_dags/example_task_group_decorator.py
[2026-07-16T05:42:57.930+0000] {logging_mixin.py:188} INFO - [2026-07-16T05:42:57.930+0000] {dag.py:3036} INFO - Sync 1 DAGs
[2026-07-16T05:42:57.952+0000] {logging_mixin.py:188} INFO - [2026-07-16T05:42:57.951+0000] {dag.py:3823} INFO - Setting next_dagrun for example_task_group_decorator to 2026-07-15 00:00:00+00:00, run_after=2026-07-16 00:00:00+00:00
[2026-07-16T05:42:57.971+0000] {processor.py:183} INFO - Processing /home/airflow/.local/lib/python3.8/site-packages/airflow/example_dags/example_task_group_decorator.py took 0.115 seconds
[2026-07-16T05:43:28.256+0000] {processor.py:161} INFO - Started process (PID=2462) to work on /home/airflow/.local/lib/python3.8/site-packages/airflow/example_dags/example_task_group_decorator.py
[2026-07-16T05:43:28.258+0000] {processor.py:830} INFO - Processing file /home/airflow/.local/lib/python3.8/site-packages/airflow/example_dags/example_task_group_decorator.py for tasks to queue
[2026-07-16T05:43:28.260+0000] {logging_mixin.py:188} INFO - [2026-07-16T05:43:28.259+0000] {dagbag.py:538} INFO - Filling up the DagBag from /home/airflow/.local/lib/python3.8/site-packages/airflow/example_dags/example_task_group_decorator.py
[2026-07-16T05:43:28.289+0000] {processor.py:840} INFO - DAG(s) 'example_task_group_decorator' retrieved from /home/airflow/.local/lib/python3.8/site-packages/airflow/example_dags/example_task_group_decorator.py
[2026-07-16T05:43:28.319+0000] {logging_mixin.py:188} INFO - [2026-07-16T05:43:28.319+0000] {dag.py:3036} INFO - Sync 1 DAGs
[2026-07-16T05:43:28.343+0000] {logging_mixin.py:188} INFO - [2026-07-16T05:43:28.343+0000] {dag.py:3823} INFO - Setting next_dagrun for example_task_group_decorator to 2026-07-15 00:00:00+00:00, run_after=2026-07-16 00:00:00+00:00
[2026-07-16T05:43:28.364+0000] {processor.py:183} INFO - Processing /home/airflow/.local/lib/python3.8/site-packages/airflow/example_dags/example_task_group_decorator.py took 0.113 seconds
[2026-07-16T05:43:58.873+0000] {processor.py:161} INFO - Started process (PID=2518) to work on /home/airflow/.local/lib/python3.8/site-packages/airflow/example_dags/example_task_group_decorator.py
[2026-07-16T05:43:58.877+0000] {processor.py:830} INFO - Processing file /home/airflow/.local/lib/python3.8/site-packages/airflow/example_dags/example_task_group_decorator.py for tasks to queue
[2026-07-16T05:43:58.880+0000] {logging_mixin.py:188} INFO - [2026-07-16T05:43:58.879+0000] {dagbag.py:538} INFO - Filling up the DagBag from /home/airflow/.local/lib/python3.8/site-packages/airflow/example_dags/example_task_group_decorator.py
[2026-07-16T05:43:58.896+0000] {processor.py:840} INFO - DAG(s) 'example_task_group_decorator' retrieved from /home/airflow/.local/lib/python3.8/site-packages/airflow/example_dags/example_task_group_decorator.py
[2026-07-16T05:43:58.919+0000] {logging_mixin.py:188} INFO - [2026-07-16T05:43:58.918+0000] {dag.py:3036} INFO - Sync 1 DAGs
[2026-07-16T05:43:58.944+0000] {logging_mixin.py:188} INFO - [2026-07-16T05:43:58.944+0000] {dag.py:3823} INFO - Setting next_dagrun for example_task_group_decorator to 2026-07-15 00:00:00+00:00, run_after=2026-07-16 00:00:00+00:00
[2026-07-16T05:43:58.966+0000] {processor.py:183} INFO - Processing /home/airflow/.local/lib/python3.8/site-packages/airflow/example_dags/example_task_group_decorator.py took 0.101 seconds
[2026-07-16T05:44:29.312+0000] {processor.py:161} INFO - Started process (PID=2574) to work on /home/airflow/.local/lib/python3.8/site-packages/airflow/example_dags/example_task_group_decorator.py
[2026-07-16T05:44:29.313+0000] {processor.py:830} INFO - Processing file /home/airflow/.local/lib/python3.8/site-packages/airflow/example_dags/example_task_group_decorator.py for tasks to queue
[2026-07-16T05:44:29.315+0000] {logging_mixin.py:188} INFO - [2026-07-16T05:44:29.314+0000] {dagbag.py:538} INFO - Filling up the DagBag from /home/airflow/.local/lib/python3.8/site-packages/airflow/example_dags/example_task_group_decorator.py
[2026-07-16T05:44:29.326+0000] {processor.py:840} INFO - DAG(s) 'example_task_group_decorator' retrieved from /home/airflow/.local/lib/python3.8/site-packages/airflow/example_dags/example_task_group_decorator.py
[2026-07-16T05:44:29.345+0000] {logging_mixin.py:188} INFO - [2026-07-16T05:44:29.345+0000] {dag.py:3036} INFO - Sync 1 DAGs
[2026-07-16T05:44:29.362+0000] {logging_mixin.py:188} INFO - [2026-07-16T05:44:29.362+0000] {dag.py:3823} INFO - Setting next_dagrun for example_task_group_decorator to 2026-07-15 00:00:00+00:00, run_after=2026-07-16 00:00:00+00:00
[2026-07-16T05:44:29.378+0000] {processor.py:183} INFO - Processing /home/airflow/.local/lib/python3.8/site-packages/airflow/example_dags/example_task_group_decorator.py took 0.069 seconds
[2026-07-16T05:44:59.547+0000] {processor.py:161} INFO - Started process (PID=2630) to work on /home/airflow/.local/lib/python3.8/site-packages/airflow/example_dags/example_task_group_decorator.py
[2026-07-16T05:44:59.549+0000] {processor.py:830} INFO - Processing file /home/airflow/.local/lib/python3.8/site-packages/airflow/example_dags/example_task_group_decorator.py for tasks to queue
[2026-07-16T05:44:59.551+0000] {logging_mixin.py:188} INFO - [2026-07-16T05:44:59.550+0000] {dagbag.py:538} INFO - Filling up the DagBag from /home/airflow/.local/lib/python3.8/site-packages/airflow/example_dags/example_task_group_decorator.py
[2026-07-16T05:44:59.564+0000] {processor.py:840} INFO - DAG(s) 'example_task_group_decorator' retrieved from /home/airflow/.local/lib/python3.8/site-packages/airflow/example_dags/example_task_group_decorator.py
[2026-07-16T05:44:59.583+0000] {logging_mixin.py:188} INFO - [2026-07-16T05:44:59.583+0000] {dag.py:3036} INFO - Sync 1 DAGs
[2026-07-16T05:44:59.606+0000] {logging_mixin.py:188} INFO - [2026-07-16T05:44:59.605+0000] {dag.py:3823} INFO - Setting next_dagrun for example_task_group_decorator to 2026-07-15 00:00:00+00:00, run_after=2026-07-16 00:00:00+00:00
[2026-07-16T05:44:59.627+0000] {processor.py:183} INFO - Processing /home/airflow/.local/lib/python3.8/site-packages/airflow/example_dags/example_task_group_decorator.py took 0.082 seconds
[2026-07-16T05:45:29.758+0000] {processor.py:161} INFO - Started process (PID=2686) to work on /home/airflow/.local/lib/python3.8/site-packages/airflow/example_dags/example_task_group_decorator.py
[2026-07-16T05:45:29.759+0000] {processor.py:830} INFO - Processing file /home/airflow/.local/lib/python3.8/site-packages/airflow/example_dags/example_task_group_decorator.py for tasks to queue
[2026-07-16T05:45:29.760+0000] {logging_mixin.py:188} INFO - [2026-07-16T05:45:29.760+0000] {dagbag.py:538} INFO - Filling up the DagBag from /home/airflow/.local/lib/python3.8/site-packages/airflow/example_dags/example_task_group_decorator.py
[2026-07-16T05:45:29.773+0000] {processor.py:840} INFO - DAG(s) 'example_task_group_decorator' retrieved from /home/airflow/.local/lib/python3.8/site-packages/airflow/example_dags/example_task_group_decorator.py
[2026-07-16T05:45:29.791+0000] {logging_mixin.py:188} INFO - [2026-07-16T05:45:29.791+0000] {dag.py:3036} INFO - Sync 1 DAGs
[2026-07-16T05:45:29.807+0000] {logging_mixin.py:188} INFO - [2026-07-16T05:45:29.806+0000] {dag.py:3823} INFO - Setting next_dagrun for example_task_group_decorator to 2026-07-15 00:00:00+00:00, run_after=2026-07-16 00:00:00+00:00
[2026-07-16T05:45:29.823+0000] {processor.py:183} INFO - Processing /home/airflow/.local/lib/python3.8/site-packages/airflow/example_dags/example_task_group_decorator.py took 0.069 seconds
[2026-07-16T05:46:00.408+0000] {processor.py:161} INFO - Started process (PID=2742) to work on /home/airflow/.local/lib/python3.8/site-packages/airflow/example_dags/example_task_group_decorator.py
[2026-07-16T05:46:00.409+0000] {processor.py:830} INFO - Processing file /home/airflow/.local/lib/python3.8/site-packages/airflow/example_dags/example_task_group_decorator.py for tasks to queue
[2026-07-16T05:46:00.411+0000] {logging_mixin.py:188} INFO - [2026-07-16T05:46:00.410+0000] {dagbag.py:538} INFO - Filling up the DagBag from /home/airflow/.local/lib/python3.8/site-packages/airflow/example_dags/example_task_group_decorator.py
[2026-07-16T05:46:00.421+0000] {processor.py:840} INFO - DAG(s) 'example_task_group_decorator' retrieved from /home/airflow/.local/lib/python3.8/site-packages/airflow/example_dags/example_task_group_decorator.py
[2026-07-16T05:46:00.443+0000] {logging_mixin.py:188} INFO - [2026-07-16T05:46:00.442+0000] {dag.py:3036} INFO - Sync 1 DAGs
[2026-07-16T05:46:00.459+0000] {logging_mixin.py:188} INFO - [2026-07-16T05:46:00.459+0000] {dag.py:3823} INFO - Setting next_dagrun for example_task_group_decorator to 2026-07-15 00:00:00+00:00, run_after=2026-07-16 00:00:00+00:00
[2026-07-16T05:46:00.475+0000] {processor.py:183} INFO - Processing /home/airflow/.local/lib/python3.8/site-packages/airflow/example_dags/example_task_group_decorator.py took 0.070 seconds
[2026-07-16T05:46:30.631+0000] {processor.py:161} INFO - Started process (PID=2798) to work on /home/airflow/.local/lib/python3.8/site-packages/airflow/example_dags/example_task_group_decorator.py
[2026-07-16T05:46:30.632+0000] {processor.py:830} INFO - Processing file /home/airflow/.local/lib/python3.8/site-packages/airflow/example_dags/example_task_group_decorator.py for tasks to queue
[2026-07-16T05:46:30.634+0000] {logging_mixin.py:188} INFO - [2026-07-16T05:46:30.634+0000] {dagbag.py:538} INFO - Filling up the DagBag from /home/airflow/.local/lib/python3.8/site-packages/airflow/example_dags/example_task_group_decorator.py
[2026-07-16T05:46:30.644+0000] {processor.py:840} INFO - DAG(s) 'example_task_group_decorator' retrieved from /home/airflow/.local/lib/python3.8/site-packages/airflow/example_dags/example_task_group_decorator.py
[2026-07-16T05:46:30.661+0000] {logging_mixin.py:188} INFO - [2026-07-16T05:46:30.661+0000] {dag.py:3036} INFO - Sync 1 DAGs
[2026-07-16T05:46:30.676+0000] {logging_mixin.py:188} INFO - [2026-07-16T05:46:30.676+0000] {dag.py:3823} INFO - Setting next_dagrun for example_task_group_decorator to 2026-07-15 00:00:00+00:00, run_after=2026-07-16 00:00:00+00:00
[2026-07-16T05:46:30.690+0000] {processor.py:183} INFO - Processing /home/airflow/.local/lib/python3.8/site-packages/airflow/example_dags/example_task_group_decorator.py took 0.061 seconds
[2026-07-16T05:47:01.321+0000] {processor.py:161} INFO - Started process (PID=2854) to work on /home/airflow/.local/lib/python3.8/site-packages/airflow/example_dags/example_task_group_decorator.py
[2026-07-16T05:47:01.322+0000] {processor.py:830} INFO - Processing file /home/airflow/.local/lib/python3.8/site-packages/airflow/example_dags/example_task_group_decorator.py for tasks to queue
[2026-07-16T05:47:01.323+0000] {logging_mixin.py:188} INFO - [2026-07-16T05:47:01.323+0000] {dagbag.py:538} INFO - Filling up the DagBag from /home/airflow/.local/lib/python3.8/site-packages/airflow/example_dags/example_task_group_decorator.py
[2026-07-16T05:47:01.334+0000] {processor.py:840} INFO - DAG(s) 'example_task_group_decorator' retrieved from /home/airflow/.local/lib/python3.8/site-packages/airflow/example_dags/example_task_group_decorator.py
[2026-07-16T05:47:01.350+0000] {logging_mixin.py:188} INFO - [2026-07-16T05:47:01.350+0000] {dag.py:3036} INFO - Sync 1 DAGs
[2026-07-16T05:47:01.364+0000] {logging_mixin.py:188} INFO - [2026-07-16T05:47:01.364+0000] {dag.py:3823} INFO - Setting next_dagrun for example_task_group_decorator to 2026-07-15 00:00:00+00:00, run_after=2026-07-16 00:00:00+00:00
[2026-07-16T05:47:01.380+0000] {processor.py:183} INFO - Processing /home/airflow/.local/lib/python3.8/site-packages/airflow/example_dags/example_task_group_decorator.py took 0.062 seconds
[2026-07-16T05:47:31.937+0000] {processor.py:161} INFO - Started process (PID=2910) to work on /home/airflow/.local/lib/python3.8/site-packages/airflow/example_dags/example_task_group_decorator.py
[2026-07-16T05:47:31.938+0000] {processor.py:830} INFO - Processing file /home/airflow/.local/lib/python3.8/site-packages/airflow/example_dags/example_task_group_decorator.py for tasks to queue
[2026-07-16T05:47:31.939+0000] {logging_mixin.py:188} INFO - [2026-07-16T05:47:31.939+0000] {dagbag.py:538} INFO - Filling up the DagBag from /home/airflow/.local/lib/python3.8/site-packages/airflow/example_dags/example_task_group_decorator.py
[2026-07-16T05:47:31.950+0000] {processor.py:840} INFO - DAG(s) 'example_task_group_decorator' retrieved from /home/airflow/.local/lib/python3.8/site-packages/airflow/example_dags/example_task_group_decorator.py
[2026-07-16T05:47:31.969+0000] {logging_mixin.py:188} INFO - [2026-07-16T05:47:31.969+0000] {dag.py:3036} INFO - Sync 1 DAGs
[2026-07-16T05:47:32.101+0000] {logging_mixin.py:188} INFO - [2026-07-16T05:47:32.101+0000] {dag.py:3823} INFO - Setting next_dagrun for example_task_group_decorator to 2026-07-15 00:00:00+00:00, run_after=2026-07-16 00:00:00+00:00
[2026-07-16T05:47:32.114+0000] {processor.py:183} INFO - Processing /home/airflow/.local/lib/python3.8/site-packages/airflow/example_dags/example_task_group_decorator.py took 0.180 seconds
[2026-07-16T05:48:02.494+0000] {processor.py:161} INFO - Started process (PID=2966) to work on /home/airflow/.local/lib/python3.8/site-packages/airflow/example_dags/example_task_group_decorator.py
[2026-07-16T05:48:02.496+0000] {processor.py:830} INFO - Processing file /home/airflow/.local/lib/python3.8/site-packages/airflow/example_dags/example_task_group_decorator.py for tasks to queue
[2026-07-16T05:48:02.498+0000] {logging_mixin.py:188} INFO - [2026-07-16T05:48:02.497+0000] {dagbag.py:538} INFO - Filling up the DagBag from /home/airflow/.local/lib/python3.8/site-packages/airflow/example_dags/example_task_group_decorator.py
[2026-07-16T05:48:02.513+0000] {processor.py:840} INFO - DAG(s) 'example_task_group_decorator' retrieved from /home/airflow/.local/lib/python3.8/site-packages/airflow/example_dags/example_task_group_decorator.py
[2026-07-16T05:48:02.538+0000] {logging_mixin.py:188} INFO - [2026-07-16T05:48:02.538+0000] {dag.py:3036} INFO - Sync 1 DAGs
[2026-07-16T05:48:02.722+0000] {logging_mixin.py:188} INFO - [2026-07-16T05:48:02.721+0000] {dag.py:3823} INFO - Setting next_dagrun for example_task_group_decorator to 2026-07-15 00:00:00+00:00, run_after=2026-07-16 00:00:00+00:00
[2026-07-16T05:48:02.747+0000] {processor.py:183} INFO - Processing /home/airflow/.local/lib/python3.8/site-packages/airflow/example_dags/example_task_group_decorator.py took 0.258 seconds
[2026-07-16T05:48:33.419+0000] {processor.py:161} INFO - Started process (PID=3020) to work on /home/airflow/.local/lib/python3.8/site-packages/airflow/example_dags/example_task_group_decorator.py
[2026-07-16T05:48:33.420+0000] {processor.py:830} INFO - Processing file /home/airflow/.local/lib/python3.8/site-packages/airflow/example_dags/example_task_group_decorator.py for tasks to queue
[2026-07-16T05:48:33.423+0000] {logging_mixin.py:188} INFO - [2026-07-16T05:48:33.423+0000] {dagbag.py:538} INFO - Filling up the DagBag from /home/airflow/.local/lib/python3.8/site-packages/airflow/example_dags/example_task_group_decorator.py
[2026-07-16T05:48:33.438+0000] {processor.py:840} INFO - DAG(s) 'example_task_group_decorator' retrieved from /home/airflow/.local/lib/python3.8/site-packages/airflow/example_dags/example_task_group_decorator.py
[2026-07-16T05:48:33.465+0000] {logging_mixin.py:188} INFO - [2026-07-16T05:48:33.464+0000] {dag.py:3036} INFO - Sync 1 DAGs
[2026-07-16T05:48:33.485+0000] {logging_mixin.py:188} INFO - [2026-07-16T05:48:33.485+0000] {dag.py:3823} INFO - Setting next_dagrun for example_task_group_decorator to 2026-07-15 00:00:00+00:00, run_after=2026-07-16 00:00:00+00:00
[2026-07-16T05:48:33.508+0000] {processor.py:183} INFO - Processing /home/airflow/.local/lib/python3.8/site-packages/airflow/example_dags/example_task_group_decorator.py took 0.092 seconds
