[2026-07-16T05:21:58.598+0000] {processor.py:161} INFO - Started process (PID=96) to work on /home/airflow/.local/lib/python3.8/site-packages/airflow/example_dags/example_kubernetes_executor.py
[2026-07-16T05:21:58.599+0000] {processor.py:830} INFO - Processing file /home/airflow/.local/lib/python3.8/site-packages/airflow/example_dags/example_kubernetes_executor.py for tasks to queue
[2026-07-16T05:21:58.604+0000] {logging_mixin.py:188} INFO - [2026-07-16T05:21:58.603+0000] {dagbag.py:538} INFO - Filling up the DagBag from /home/airflow/.local/lib/python3.8/site-packages/airflow/example_dags/example_kubernetes_executor.py
[2026-07-16T05:21:58.636+0000] {processor.py:840} INFO - DAG(s) 'example_kubernetes_executor' retrieved from /home/airflow/.local/lib/python3.8/site-packages/airflow/example_dags/example_kubernetes_executor.py
[2026-07-16T05:21:58.983+0000] {logging_mixin.py:188} INFO - [2026-07-16T05:21:58.983+0000] {dag.py:3036} INFO - Sync 1 DAGs
[2026-07-16T05:21:59.029+0000] {logging_mixin.py:188} INFO - [2026-07-16T05:21:59.029+0000] {dag.py:3823} INFO - Setting next_dagrun for example_kubernetes_executor to None, run_after=None
[2026-07-16T05:21:59.099+0000] {processor.py:183} INFO - Processing /home/airflow/.local/lib/python3.8/site-packages/airflow/example_dags/example_kubernetes_executor.py took 0.507 seconds
[2026-07-16T05:22:29.613+0000] {processor.py:161} INFO - Started process (PID=154) to work on /home/airflow/.local/lib/python3.8/site-packages/airflow/example_dags/example_kubernetes_executor.py
[2026-07-16T05:22:29.616+0000] {processor.py:830} INFO - Processing file /home/airflow/.local/lib/python3.8/site-packages/airflow/example_dags/example_kubernetes_executor.py for tasks to queue
[2026-07-16T05:22:29.621+0000] {logging_mixin.py:188} INFO - [2026-07-16T05:22:29.619+0000] {dagbag.py:538} INFO - Filling up the DagBag from /home/airflow/.local/lib/python3.8/site-packages/airflow/example_dags/example_kubernetes_executor.py
[2026-07-16T05:22:29.642+0000] {processor.py:840} INFO - DAG(s) 'example_kubernetes_executor' retrieved from /home/airflow/.local/lib/python3.8/site-packages/airflow/example_dags/example_kubernetes_executor.py
[2026-07-16T05:22:29.722+0000] {logging_mixin.py:188} INFO - [2026-07-16T05:22:29.721+0000] {dag.py:3036} INFO - Sync 1 DAGs
[2026-07-16T05:22:29.757+0000] {logging_mixin.py:188} INFO - [2026-07-16T05:22:29.757+0000] {dag.py:3823} INFO - Setting next_dagrun for example_kubernetes_executor to None, run_after=None
[2026-07-16T05:22:29.805+0000] {processor.py:183} INFO - Processing /home/airflow/.local/lib/python3.8/site-packages/airflow/example_dags/example_kubernetes_executor.py took 0.198 seconds
[2026-07-16T05:23:01.040+0000] {processor.py:161} INFO - Started process (PID=210) to work on /home/airflow/.local/lib/python3.8/site-packages/airflow/example_dags/example_kubernetes_executor.py
[2026-07-16T05:23:01.042+0000] {processor.py:830} INFO - Processing file /home/airflow/.local/lib/python3.8/site-packages/airflow/example_dags/example_kubernetes_executor.py for tasks to queue
[2026-07-16T05:23:01.046+0000] {logging_mixin.py:188} INFO - [2026-07-16T05:23:01.045+0000] {dagbag.py:538} INFO - Filling up the DagBag from /home/airflow/.local/lib/python3.8/site-packages/airflow/example_dags/example_kubernetes_executor.py
[2026-07-16T05:23:01.081+0000] {processor.py:840} INFO - DAG(s) 'example_kubernetes_executor' retrieved from /home/airflow/.local/lib/python3.8/site-packages/airflow/example_dags/example_kubernetes_executor.py
[2026-07-16T05:23:01.194+0000] {logging_mixin.py:188} INFO - [2026-07-16T05:23:01.193+0000] {dag.py:3036} INFO - Sync 1 DAGs
[2026-07-16T05:23:01.234+0000] {logging_mixin.py:188} INFO - [2026-07-16T05:23:01.234+0000] {dag.py:3823} INFO - Setting next_dagrun for example_kubernetes_executor to None, run_after=None
[2026-07-16T05:23:01.293+0000] {processor.py:183} INFO - Processing /home/airflow/.local/lib/python3.8/site-packages/airflow/example_dags/example_kubernetes_executor.py took 0.262 seconds
[2026-07-16T05:23:31.946+0000] {processor.py:161} INFO - Started process (PID=266) to work on /home/airflow/.local/lib/python3.8/site-packages/airflow/example_dags/example_kubernetes_executor.py
[2026-07-16T05:23:31.948+0000] {processor.py:830} INFO - Processing file /home/airflow/.local/lib/python3.8/site-packages/airflow/example_dags/example_kubernetes_executor.py for tasks to queue
[2026-07-16T05:23:31.951+0000] {logging_mixin.py:188} INFO - [2026-07-16T05:23:31.950+0000] {dagbag.py:538} INFO - Filling up the DagBag from /home/airflow/.local/lib/python3.8/site-packages/airflow/example_dags/example_kubernetes_executor.py
[2026-07-16T05:23:31.973+0000] {processor.py:840} INFO - DAG(s) 'example_kubernetes_executor' retrieved from /home/airflow/.local/lib/python3.8/site-packages/airflow/example_dags/example_kubernetes_executor.py
[2026-07-16T05:23:32.022+0000] {logging_mixin.py:188} INFO - [2026-07-16T05:23:32.022+0000] {dag.py:3036} INFO - Sync 1 DAGs
[2026-07-16T05:23:32.043+0000] {logging_mixin.py:188} INFO - [2026-07-16T05:23:32.043+0000] {dag.py:3823} INFO - Setting next_dagrun for example_kubernetes_executor to None, run_after=None
[2026-07-16T05:23:32.078+0000] {processor.py:183} INFO - Processing /home/airflow/.local/lib/python3.8/site-packages/airflow/example_dags/example_kubernetes_executor.py took 0.137 seconds
[2026-07-16T05:24:04.481+0000] {processor.py:161} INFO - Started process (PID=327) to work on /home/airflow/.local/lib/python3.8/site-packages/airflow/example_dags/example_kubernetes_executor.py
[2026-07-16T05:24:04.491+0000] {processor.py:830} INFO - Processing file /home/airflow/.local/lib/python3.8/site-packages/airflow/example_dags/example_kubernetes_executor.py for tasks to queue
[2026-07-16T05:24:04.502+0000] {logging_mixin.py:188} INFO - [2026-07-16T05:24:04.500+0000] {dagbag.py:538} INFO - Filling up the DagBag from /home/airflow/.local/lib/python3.8/site-packages/airflow/example_dags/example_kubernetes_executor.py
[2026-07-16T05:24:04.607+0000] {processor.py:840} INFO - DAG(s) 'example_kubernetes_executor' retrieved from /home/airflow/.local/lib/python3.8/site-packages/airflow/example_dags/example_kubernetes_executor.py
[2026-07-16T05:24:04.859+0000] {logging_mixin.py:188} INFO - [2026-07-16T05:24:04.858+0000] {dag.py:3036} INFO - Sync 1 DAGs
[2026-07-16T05:24:04.950+0000] {logging_mixin.py:188} INFO - [2026-07-16T05:24:04.949+0000] {dag.py:3823} INFO - Setting next_dagrun for example_kubernetes_executor to None, run_after=None
[2026-07-16T05:24:05.091+0000] {processor.py:183} INFO - Processing /home/airflow/.local/lib/python3.8/site-packages/airflow/example_dags/example_kubernetes_executor.py took 0.648 seconds
[2026-07-16T05:24:35.232+0000] {processor.py:161} INFO - Started process (PID=382) to work on /home/airflow/.local/lib/python3.8/site-packages/airflow/example_dags/example_kubernetes_executor.py
[2026-07-16T05:24:35.235+0000] {processor.py:830} INFO - Processing file /home/airflow/.local/lib/python3.8/site-packages/airflow/example_dags/example_kubernetes_executor.py for tasks to queue
[2026-07-16T05:24:35.239+0000] {logging_mixin.py:188} INFO - [2026-07-16T05:24:35.238+0000] {dagbag.py:538} INFO - Filling up the DagBag from /home/airflow/.local/lib/python3.8/site-packages/airflow/example_dags/example_kubernetes_executor.py
[2026-07-16T05:24:35.282+0000] {processor.py:840} INFO - DAG(s) 'example_kubernetes_executor' retrieved from /home/airflow/.local/lib/python3.8/site-packages/airflow/example_dags/example_kubernetes_executor.py
[2026-07-16T05:24:35.376+0000] {logging_mixin.py:188} INFO - [2026-07-16T05:24:35.376+0000] {dag.py:3036} INFO - Sync 1 DAGs
[2026-07-16T05:24:35.413+0000] {logging_mixin.py:188} INFO - [2026-07-16T05:24:35.413+0000] {dag.py:3823} INFO - Setting next_dagrun for example_kubernetes_executor to None, run_after=None
[2026-07-16T05:24:35.461+0000] {processor.py:183} INFO - Processing /home/airflow/.local/lib/python3.8/site-packages/airflow/example_dags/example_kubernetes_executor.py took 0.236 seconds
[2026-07-16T05:25:05.504+0000] {processor.py:161} INFO - Started process (PID=438) to work on /home/airflow/.local/lib/python3.8/site-packages/airflow/example_dags/example_kubernetes_executor.py
[2026-07-16T05:25:05.507+0000] {processor.py:830} INFO - Processing file /home/airflow/.local/lib/python3.8/site-packages/airflow/example_dags/example_kubernetes_executor.py for tasks to queue
[2026-07-16T05:25:05.510+0000] {logging_mixin.py:188} INFO - [2026-07-16T05:25:05.510+0000] {dagbag.py:538} INFO - Filling up the DagBag from /home/airflow/.local/lib/python3.8/site-packages/airflow/example_dags/example_kubernetes_executor.py
[2026-07-16T05:25:05.534+0000] {processor.py:840} INFO - DAG(s) 'example_kubernetes_executor' retrieved from /home/airflow/.local/lib/python3.8/site-packages/airflow/example_dags/example_kubernetes_executor.py
[2026-07-16T05:25:05.595+0000] {logging_mixin.py:188} INFO - [2026-07-16T05:25:05.595+0000] {dag.py:3036} INFO - Sync 1 DAGs
[2026-07-16T05:25:05.614+0000] {logging_mixin.py:188} INFO - [2026-07-16T05:25:05.614+0000] {dag.py:3823} INFO - Setting next_dagrun for example_kubernetes_executor to None, run_after=None
[2026-07-16T05:25:05.642+0000] {processor.py:183} INFO - Processing /home/airflow/.local/lib/python3.8/site-packages/airflow/example_dags/example_kubernetes_executor.py took 0.143 seconds
[2026-07-16T05:25:35.701+0000] {processor.py:161} INFO - Started process (PID=494) to work on /home/airflow/.local/lib/python3.8/site-packages/airflow/example_dags/example_kubernetes_executor.py
[2026-07-16T05:25:35.704+0000] {processor.py:830} INFO - Processing file /home/airflow/.local/lib/python3.8/site-packages/airflow/example_dags/example_kubernetes_executor.py for tasks to queue
[2026-07-16T05:25:35.708+0000] {logging_mixin.py:188} INFO - [2026-07-16T05:25:35.708+0000] {dagbag.py:538} INFO - Filling up the DagBag from /home/airflow/.local/lib/python3.8/site-packages/airflow/example_dags/example_kubernetes_executor.py
[2026-07-16T05:25:35.741+0000] {processor.py:840} INFO - DAG(s) 'example_kubernetes_executor' retrieved from /home/airflow/.local/lib/python3.8/site-packages/airflow/example_dags/example_kubernetes_executor.py
[2026-07-16T05:25:35.796+0000] {logging_mixin.py:188} INFO - [2026-07-16T05:25:35.796+0000] {dag.py:3036} INFO - Sync 1 DAGs
[2026-07-16T05:25:35.815+0000] {logging_mixin.py:188} INFO - [2026-07-16T05:25:35.815+0000] {dag.py:3823} INFO - Setting next_dagrun for example_kubernetes_executor to None, run_after=None
[2026-07-16T05:25:35.853+0000] {processor.py:183} INFO - Processing /home/airflow/.local/lib/python3.8/site-packages/airflow/example_dags/example_kubernetes_executor.py took 0.160 seconds
[2026-07-16T05:26:06.017+0000] {processor.py:161} INFO - Started process (PID=550) to work on /home/airflow/.local/lib/python3.8/site-packages/airflow/example_dags/example_kubernetes_executor.py
[2026-07-16T05:26:06.019+0000] {processor.py:830} INFO - Processing file /home/airflow/.local/lib/python3.8/site-packages/airflow/example_dags/example_kubernetes_executor.py for tasks to queue
[2026-07-16T05:26:06.022+0000] {logging_mixin.py:188} INFO - [2026-07-16T05:26:06.022+0000] {dagbag.py:538} INFO - Filling up the DagBag from /home/airflow/.local/lib/python3.8/site-packages/airflow/example_dags/example_kubernetes_executor.py
[2026-07-16T05:26:06.046+0000] {processor.py:840} INFO - DAG(s) 'example_kubernetes_executor' retrieved from /home/airflow/.local/lib/python3.8/site-packages/airflow/example_dags/example_kubernetes_executor.py
[2026-07-16T05:26:06.096+0000] {logging_mixin.py:188} INFO - [2026-07-16T05:26:06.095+0000] {dag.py:3036} INFO - Sync 1 DAGs
[2026-07-16T05:26:06.113+0000] {logging_mixin.py:188} INFO - [2026-07-16T05:26:06.113+0000] {dag.py:3823} INFO - Setting next_dagrun for example_kubernetes_executor to None, run_after=None
[2026-07-16T05:26:06.142+0000] {processor.py:183} INFO - Processing /home/airflow/.local/lib/python3.8/site-packages/airflow/example_dags/example_kubernetes_executor.py took 0.132 seconds
[2026-07-16T05:26:36.311+0000] {processor.py:161} INFO - Started process (PID=606) to work on /home/airflow/.local/lib/python3.8/site-packages/airflow/example_dags/example_kubernetes_executor.py
[2026-07-16T05:26:36.315+0000] {processor.py:830} INFO - Processing file /home/airflow/.local/lib/python3.8/site-packages/airflow/example_dags/example_kubernetes_executor.py for tasks to queue
[2026-07-16T05:26:36.329+0000] {logging_mixin.py:188} INFO - [2026-07-16T05:26:36.323+0000] {dagbag.py:538} INFO - Filling up the DagBag from /home/airflow/.local/lib/python3.8/site-packages/airflow/example_dags/example_kubernetes_executor.py
[2026-07-16T05:26:36.357+0000] {processor.py:840} INFO - DAG(s) 'example_kubernetes_executor' retrieved from /home/airflow/.local/lib/python3.8/site-packages/airflow/example_dags/example_kubernetes_executor.py
[2026-07-16T05:26:36.413+0000] {logging_mixin.py:188} INFO - [2026-07-16T05:26:36.413+0000] {dag.py:3036} INFO - Sync 1 DAGs
[2026-07-16T05:26:36.429+0000] {logging_mixin.py:188} INFO - [2026-07-16T05:26:36.429+0000] {dag.py:3823} INFO - Setting next_dagrun for example_kubernetes_executor to None, run_after=None
[2026-07-16T05:26:36.471+0000] {processor.py:183} INFO - Processing /home/airflow/.local/lib/python3.8/site-packages/airflow/example_dags/example_kubernetes_executor.py took 0.173 seconds
[2026-07-16T05:27:06.523+0000] {processor.py:161} INFO - Started process (PID=662) to work on /home/airflow/.local/lib/python3.8/site-packages/airflow/example_dags/example_kubernetes_executor.py
[2026-07-16T05:27:06.525+0000] {processor.py:830} INFO - Processing file /home/airflow/.local/lib/python3.8/site-packages/airflow/example_dags/example_kubernetes_executor.py for tasks to queue
[2026-07-16T05:27:06.529+0000] {logging_mixin.py:188} INFO - [2026-07-16T05:27:06.528+0000] {dagbag.py:538} INFO - Filling up the DagBag from /home/airflow/.local/lib/python3.8/site-packages/airflow/example_dags/example_kubernetes_executor.py
[2026-07-16T05:27:06.554+0000] {processor.py:840} INFO - DAG(s) 'example_kubernetes_executor' retrieved from /home/airflow/.local/lib/python3.8/site-packages/airflow/example_dags/example_kubernetes_executor.py
[2026-07-16T05:27:06.597+0000] {logging_mixin.py:188} INFO - [2026-07-16T05:27:06.597+0000] {dag.py:3036} INFO - Sync 1 DAGs
[2026-07-16T05:27:06.614+0000] {logging_mixin.py:188} INFO - [2026-07-16T05:27:06.614+0000] {dag.py:3823} INFO - Setting next_dagrun for example_kubernetes_executor to None, run_after=None
[2026-07-16T05:27:06.640+0000] {processor.py:183} INFO - Processing /home/airflow/.local/lib/python3.8/site-packages/airflow/example_dags/example_kubernetes_executor.py took 0.124 seconds
[2026-07-16T05:27:36.772+0000] {processor.py:161} INFO - Started process (PID=718) to work on /home/airflow/.local/lib/python3.8/site-packages/airflow/example_dags/example_kubernetes_executor.py
[2026-07-16T05:27:36.774+0000] {processor.py:830} INFO - Processing file /home/airflow/.local/lib/python3.8/site-packages/airflow/example_dags/example_kubernetes_executor.py for tasks to queue
[2026-07-16T05:27:36.777+0000] {logging_mixin.py:188} INFO - [2026-07-16T05:27:36.776+0000] {dagbag.py:538} INFO - Filling up the DagBag from /home/airflow/.local/lib/python3.8/site-packages/airflow/example_dags/example_kubernetes_executor.py
[2026-07-16T05:27:36.807+0000] {processor.py:840} INFO - DAG(s) 'example_kubernetes_executor' retrieved from /home/airflow/.local/lib/python3.8/site-packages/airflow/example_dags/example_kubernetes_executor.py
[2026-07-16T05:27:36.863+0000] {logging_mixin.py:188} INFO - [2026-07-16T05:27:36.863+0000] {dag.py:3036} INFO - Sync 1 DAGs
[2026-07-16T05:27:36.878+0000] {logging_mixin.py:188} INFO - [2026-07-16T05:27:36.878+0000] {dag.py:3823} INFO - Setting next_dagrun for example_kubernetes_executor to None, run_after=None
[2026-07-16T05:27:36.920+0000] {processor.py:183} INFO - Processing /home/airflow/.local/lib/python3.8/site-packages/airflow/example_dags/example_kubernetes_executor.py took 0.153 seconds
[2026-07-16T05:28:07.075+0000] {processor.py:161} INFO - Started process (PID=774) to work on /home/airflow/.local/lib/python3.8/site-packages/airflow/example_dags/example_kubernetes_executor.py
[2026-07-16T05:28:07.080+0000] {processor.py:830} INFO - Processing file /home/airflow/.local/lib/python3.8/site-packages/airflow/example_dags/example_kubernetes_executor.py for tasks to queue
[2026-07-16T05:28:07.084+0000] {logging_mixin.py:188} INFO - [2026-07-16T05:28:07.083+0000] {dagbag.py:538} INFO - Filling up the DagBag from /home/airflow/.local/lib/python3.8/site-packages/airflow/example_dags/example_kubernetes_executor.py
[2026-07-16T05:28:07.107+0000] {processor.py:840} INFO - DAG(s) 'example_kubernetes_executor' retrieved from /home/airflow/.local/lib/python3.8/site-packages/airflow/example_dags/example_kubernetes_executor.py
[2026-07-16T05:28:07.158+0000] {logging_mixin.py:188} INFO - [2026-07-16T05:28:07.158+0000] {dag.py:3036} INFO - Sync 1 DAGs
[2026-07-16T05:28:07.172+0000] {logging_mixin.py:188} INFO - [2026-07-16T05:28:07.172+0000] {dag.py:3823} INFO - Setting next_dagrun for example_kubernetes_executor to None, run_after=None
[2026-07-16T05:28:07.275+0000] {processor.py:183} INFO - Processing /home/airflow/.local/lib/python3.8/site-packages/airflow/example_dags/example_kubernetes_executor.py took 0.223 seconds
[2026-07-16T05:28:37.430+0000] {processor.py:161} INFO - Started process (PID=824) to work on /home/airflow/.local/lib/python3.8/site-packages/airflow/example_dags/example_kubernetes_executor.py
[2026-07-16T05:28:37.434+0000] {processor.py:830} INFO - Processing file /home/airflow/.local/lib/python3.8/site-packages/airflow/example_dags/example_kubernetes_executor.py for tasks to queue
[2026-07-16T05:28:37.445+0000] {logging_mixin.py:188} INFO - [2026-07-16T05:28:37.443+0000] {dagbag.py:538} INFO - Filling up the DagBag from /home/airflow/.local/lib/python3.8/site-packages/airflow/example_dags/example_kubernetes_executor.py
[2026-07-16T05:28:37.506+0000] {processor.py:840} INFO - DAG(s) 'example_kubernetes_executor' retrieved from /home/airflow/.local/lib/python3.8/site-packages/airflow/example_dags/example_kubernetes_executor.py
[2026-07-16T05:28:37.641+0000] {logging_mixin.py:188} INFO - [2026-07-16T05:28:37.641+0000] {dag.py:3036} INFO - Sync 1 DAGs
[2026-07-16T05:28:37.683+0000] {logging_mixin.py:188} INFO - [2026-07-16T05:28:37.681+0000] {dag.py:3823} INFO - Setting next_dagrun for example_kubernetes_executor to None, run_after=None
[2026-07-16T05:28:37.738+0000] {processor.py:183} INFO - Processing /home/airflow/.local/lib/python3.8/site-packages/airflow/example_dags/example_kubernetes_executor.py took 0.316 seconds
[2026-07-16T05:29:08.058+0000] {processor.py:161} INFO - Started process (PID=880) to work on /home/airflow/.local/lib/python3.8/site-packages/airflow/example_dags/example_kubernetes_executor.py
[2026-07-16T05:29:08.060+0000] {processor.py:830} INFO - Processing file /home/airflow/.local/lib/python3.8/site-packages/airflow/example_dags/example_kubernetes_executor.py for tasks to queue
[2026-07-16T05:29:08.062+0000] {logging_mixin.py:188} INFO - [2026-07-16T05:29:08.062+0000] {dagbag.py:538} INFO - Filling up the DagBag from /home/airflow/.local/lib/python3.8/site-packages/airflow/example_dags/example_kubernetes_executor.py
[2026-07-16T05:29:08.089+0000] {processor.py:840} INFO - DAG(s) 'example_kubernetes_executor' retrieved from /home/airflow/.local/lib/python3.8/site-packages/airflow/example_dags/example_kubernetes_executor.py
[2026-07-16T05:29:08.163+0000] {logging_mixin.py:188} INFO - [2026-07-16T05:29:08.163+0000] {dag.py:3036} INFO - Sync 1 DAGs
[2026-07-16T05:29:08.190+0000] {logging_mixin.py:188} INFO - [2026-07-16T05:29:08.190+0000] {dag.py:3823} INFO - Setting next_dagrun for example_kubernetes_executor to None, run_after=None
[2026-07-16T05:29:08.227+0000] {processor.py:183} INFO - Processing /home/airflow/.local/lib/python3.8/site-packages/airflow/example_dags/example_kubernetes_executor.py took 0.175 seconds
[2026-07-16T05:29:38.794+0000] {processor.py:161} INFO - Started process (PID=942) to work on /home/airflow/.local/lib/python3.8/site-packages/airflow/example_dags/example_kubernetes_executor.py
[2026-07-16T05:29:38.797+0000] {processor.py:830} INFO - Processing file /home/airflow/.local/lib/python3.8/site-packages/airflow/example_dags/example_kubernetes_executor.py for tasks to queue
[2026-07-16T05:29:38.801+0000] {logging_mixin.py:188} INFO - [2026-07-16T05:29:38.801+0000] {dagbag.py:538} INFO - Filling up the DagBag from /home/airflow/.local/lib/python3.8/site-packages/airflow/example_dags/example_kubernetes_executor.py
[2026-07-16T05:29:38.834+0000] {processor.py:840} INFO - DAG(s) 'example_kubernetes_executor' retrieved from /home/airflow/.local/lib/python3.8/site-packages/airflow/example_dags/example_kubernetes_executor.py
[2026-07-16T05:29:38.908+0000] {logging_mixin.py:188} INFO - [2026-07-16T05:29:38.907+0000] {dag.py:3036} INFO - Sync 1 DAGs
[2026-07-16T05:29:38.941+0000] {logging_mixin.py:188} INFO - [2026-07-16T05:29:38.940+0000] {dag.py:3823} INFO - Setting next_dagrun for example_kubernetes_executor to None, run_after=None
[2026-07-16T05:29:38.991+0000] {processor.py:183} INFO - Processing /home/airflow/.local/lib/python3.8/site-packages/airflow/example_dags/example_kubernetes_executor.py took 0.206 seconds
[2026-07-16T05:30:09.616+0000] {processor.py:161} INFO - Started process (PID=992) to work on /home/airflow/.local/lib/python3.8/site-packages/airflow/example_dags/example_kubernetes_executor.py
[2026-07-16T05:30:09.622+0000] {processor.py:830} INFO - Processing file /home/airflow/.local/lib/python3.8/site-packages/airflow/example_dags/example_kubernetes_executor.py for tasks to queue
[2026-07-16T05:30:09.628+0000] {logging_mixin.py:188} INFO - [2026-07-16T05:30:09.627+0000] {dagbag.py:538} INFO - Filling up the DagBag from /home/airflow/.local/lib/python3.8/site-packages/airflow/example_dags/example_kubernetes_executor.py
[2026-07-16T05:30:09.670+0000] {processor.py:840} INFO - DAG(s) 'example_kubernetes_executor' retrieved from /home/airflow/.local/lib/python3.8/site-packages/airflow/example_dags/example_kubernetes_executor.py
[2026-07-16T05:30:09.744+0000] {logging_mixin.py:188} INFO - [2026-07-16T05:30:09.743+0000] {dag.py:3036} INFO - Sync 1 DAGs
[2026-07-16T05:30:09.764+0000] {logging_mixin.py:188} INFO - [2026-07-16T05:30:09.764+0000] {dag.py:3823} INFO - Setting next_dagrun for example_kubernetes_executor to None, run_after=None
[2026-07-16T05:30:10.075+0000] {processor.py:183} INFO - Processing /home/airflow/.local/lib/python3.8/site-packages/airflow/example_dags/example_kubernetes_executor.py took 0.470 seconds
[2026-07-16T05:30:40.814+0000] {processor.py:161} INFO - Started process (PID=1054) to work on /home/airflow/.local/lib/python3.8/site-packages/airflow/example_dags/example_kubernetes_executor.py
[2026-07-16T05:30:40.817+0000] {processor.py:830} INFO - Processing file /home/airflow/.local/lib/python3.8/site-packages/airflow/example_dags/example_kubernetes_executor.py for tasks to queue
[2026-07-16T05:30:40.820+0000] {logging_mixin.py:188} INFO - [2026-07-16T05:30:40.820+0000] {dagbag.py:538} INFO - Filling up the DagBag from /home/airflow/.local/lib/python3.8/site-packages/airflow/example_dags/example_kubernetes_executor.py
[2026-07-16T05:30:40.840+0000] {processor.py:840} INFO - DAG(s) 'example_kubernetes_executor' retrieved from /home/airflow/.local/lib/python3.8/site-packages/airflow/example_dags/example_kubernetes_executor.py
[2026-07-16T05:30:40.891+0000] {logging_mixin.py:188} INFO - [2026-07-16T05:30:40.891+0000] {dag.py:3036} INFO - Sync 1 DAGs
[2026-07-16T05:30:40.909+0000] {logging_mixin.py:188} INFO - [2026-07-16T05:30:40.908+0000] {dag.py:3823} INFO - Setting next_dagrun for example_kubernetes_executor to None, run_after=None
[2026-07-16T05:30:40.932+0000] {processor.py:183} INFO - Processing /home/airflow/.local/lib/python3.8/site-packages/airflow/example_dags/example_kubernetes_executor.py took 0.128 seconds
[2026-07-16T05:31:11.728+0000] {processor.py:161} INFO - Started process (PID=1110) to work on /home/airflow/.local/lib/python3.8/site-packages/airflow/example_dags/example_kubernetes_executor.py
[2026-07-16T05:31:11.730+0000] {processor.py:830} INFO - Processing file /home/airflow/.local/lib/python3.8/site-packages/airflow/example_dags/example_kubernetes_executor.py for tasks to queue
[2026-07-16T05:31:11.733+0000] {logging_mixin.py:188} INFO - [2026-07-16T05:31:11.732+0000] {dagbag.py:538} INFO - Filling up the DagBag from /home/airflow/.local/lib/python3.8/site-packages/airflow/example_dags/example_kubernetes_executor.py
[2026-07-16T05:31:11.757+0000] {processor.py:840} INFO - DAG(s) 'example_kubernetes_executor' retrieved from /home/airflow/.local/lib/python3.8/site-packages/airflow/example_dags/example_kubernetes_executor.py
[2026-07-16T05:31:11.805+0000] {logging_mixin.py:188} INFO - [2026-07-16T05:31:11.805+0000] {dag.py:3036} INFO - Sync 1 DAGs
[2026-07-16T05:31:11.818+0000] {logging_mixin.py:188} INFO - [2026-07-16T05:31:11.818+0000] {dag.py:3823} INFO - Setting next_dagrun for example_kubernetes_executor to None, run_after=None
[2026-07-16T05:31:11.843+0000] {processor.py:183} INFO - Processing /home/airflow/.local/lib/python3.8/site-packages/airflow/example_dags/example_kubernetes_executor.py took 0.119 seconds
[2026-07-16T05:31:41.875+0000] {processor.py:161} INFO - Started process (PID=1160) to work on /home/airflow/.local/lib/python3.8/site-packages/airflow/example_dags/example_kubernetes_executor.py
[2026-07-16T05:31:41.878+0000] {processor.py:830} INFO - Processing file /home/airflow/.local/lib/python3.8/site-packages/airflow/example_dags/example_kubernetes_executor.py for tasks to queue
[2026-07-16T05:31:41.880+0000] {logging_mixin.py:188} INFO - [2026-07-16T05:31:41.880+0000] {dagbag.py:538} INFO - Filling up the DagBag from /home/airflow/.local/lib/python3.8/site-packages/airflow/example_dags/example_kubernetes_executor.py
[2026-07-16T05:31:41.891+0000] {processor.py:840} INFO - DAG(s) 'example_kubernetes_executor' retrieved from /home/airflow/.local/lib/python3.8/site-packages/airflow/example_dags/example_kubernetes_executor.py
[2026-07-16T05:31:41.918+0000] {logging_mixin.py:188} INFO - [2026-07-16T05:31:41.918+0000] {dag.py:3036} INFO - Sync 1 DAGs
[2026-07-16T05:31:41.927+0000] {logging_mixin.py:188} INFO - [2026-07-16T05:31:41.926+0000] {dag.py:3823} INFO - Setting next_dagrun for example_kubernetes_executor to None, run_after=None
[2026-07-16T05:31:41.941+0000] {processor.py:183} INFO - Processing /home/airflow/.local/lib/python3.8/site-packages/airflow/example_dags/example_kubernetes_executor.py took 0.069 seconds
[2026-07-16T05:32:12.535+0000] {processor.py:161} INFO - Started process (PID=1216) to work on /home/airflow/.local/lib/python3.8/site-packages/airflow/example_dags/example_kubernetes_executor.py
[2026-07-16T05:32:12.537+0000] {processor.py:830} INFO - Processing file /home/airflow/.local/lib/python3.8/site-packages/airflow/example_dags/example_kubernetes_executor.py for tasks to queue
[2026-07-16T05:32:12.539+0000] {logging_mixin.py:188} INFO - [2026-07-16T05:32:12.539+0000] {dagbag.py:538} INFO - Filling up the DagBag from /home/airflow/.local/lib/python3.8/site-packages/airflow/example_dags/example_kubernetes_executor.py
[2026-07-16T05:32:12.550+0000] {processor.py:840} INFO - DAG(s) 'example_kubernetes_executor' retrieved from /home/airflow/.local/lib/python3.8/site-packages/airflow/example_dags/example_kubernetes_executor.py
[2026-07-16T05:32:12.581+0000] {logging_mixin.py:188} INFO - [2026-07-16T05:32:12.581+0000] {dag.py:3036} INFO - Sync 1 DAGs
[2026-07-16T05:32:12.593+0000] {logging_mixin.py:188} INFO - [2026-07-16T05:32:12.592+0000] {dag.py:3823} INFO - Setting next_dagrun for example_kubernetes_executor to None, run_after=None
[2026-07-16T05:32:12.609+0000] {processor.py:183} INFO - Processing /home/airflow/.local/lib/python3.8/site-packages/airflow/example_dags/example_kubernetes_executor.py took 0.077 seconds
[2026-07-16T05:32:43.028+0000] {processor.py:161} INFO - Started process (PID=1272) to work on /home/airflow/.local/lib/python3.8/site-packages/airflow/example_dags/example_kubernetes_executor.py
[2026-07-16T05:32:43.030+0000] {processor.py:830} INFO - Processing file /home/airflow/.local/lib/python3.8/site-packages/airflow/example_dags/example_kubernetes_executor.py for tasks to queue
[2026-07-16T05:32:43.032+0000] {logging_mixin.py:188} INFO - [2026-07-16T05:32:43.032+0000] {dagbag.py:538} INFO - Filling up the DagBag from /home/airflow/.local/lib/python3.8/site-packages/airflow/example_dags/example_kubernetes_executor.py
[2026-07-16T05:32:43.042+0000] {processor.py:840} INFO - DAG(s) 'example_kubernetes_executor' retrieved from /home/airflow/.local/lib/python3.8/site-packages/airflow/example_dags/example_kubernetes_executor.py
[2026-07-16T05:32:43.066+0000] {logging_mixin.py:188} INFO - [2026-07-16T05:32:43.066+0000] {dag.py:3036} INFO - Sync 1 DAGs
[2026-07-16T05:32:43.073+0000] {logging_mixin.py:188} INFO - [2026-07-16T05:32:43.073+0000] {dag.py:3823} INFO - Setting next_dagrun for example_kubernetes_executor to None, run_after=None
[2026-07-16T05:32:43.086+0000] {processor.py:183} INFO - Processing /home/airflow/.local/lib/python3.8/site-packages/airflow/example_dags/example_kubernetes_executor.py took 0.061 seconds
[2026-07-16T05:33:13.122+0000] {processor.py:161} INFO - Started process (PID=1328) to work on /home/airflow/.local/lib/python3.8/site-packages/airflow/example_dags/example_kubernetes_executor.py
[2026-07-16T05:33:13.124+0000] {processor.py:830} INFO - Processing file /home/airflow/.local/lib/python3.8/site-packages/airflow/example_dags/example_kubernetes_executor.py for tasks to queue
[2026-07-16T05:33:13.126+0000] {logging_mixin.py:188} INFO - [2026-07-16T05:33:13.126+0000] {dagbag.py:538} INFO - Filling up the DagBag from /home/airflow/.local/lib/python3.8/site-packages/airflow/example_dags/example_kubernetes_executor.py
[2026-07-16T05:33:13.152+0000] {processor.py:840} INFO - DAG(s) 'example_kubernetes_executor' retrieved from /home/airflow/.local/lib/python3.8/site-packages/airflow/example_dags/example_kubernetes_executor.py
[2026-07-16T05:33:13.213+0000] {logging_mixin.py:188} INFO - [2026-07-16T05:33:13.213+0000] {dag.py:3036} INFO - Sync 1 DAGs
[2026-07-16T05:33:13.234+0000] {logging_mixin.py:188} INFO - [2026-07-16T05:33:13.234+0000] {dag.py:3823} INFO - Setting next_dagrun for example_kubernetes_executor to None, run_after=None
[2026-07-16T05:33:13.268+0000] {processor.py:183} INFO - Processing /home/airflow/.local/lib/python3.8/site-packages/airflow/example_dags/example_kubernetes_executor.py took 0.152 seconds
[2026-07-16T05:33:43.475+0000] {processor.py:161} INFO - Started process (PID=1384) to work on /home/airflow/.local/lib/python3.8/site-packages/airflow/example_dags/example_kubernetes_executor.py
[2026-07-16T05:33:43.476+0000] {processor.py:830} INFO - Processing file /home/airflow/.local/lib/python3.8/site-packages/airflow/example_dags/example_kubernetes_executor.py for tasks to queue
[2026-07-16T05:33:43.479+0000] {logging_mixin.py:188} INFO - [2026-07-16T05:33:43.478+0000] {dagbag.py:538} INFO - Filling up the DagBag from /home/airflow/.local/lib/python3.8/site-packages/airflow/example_dags/example_kubernetes_executor.py
[2026-07-16T05:33:43.491+0000] {processor.py:840} INFO - DAG(s) 'example_kubernetes_executor' retrieved from /home/airflow/.local/lib/python3.8/site-packages/airflow/example_dags/example_kubernetes_executor.py
[2026-07-16T05:33:43.521+0000] {logging_mixin.py:188} INFO - [2026-07-16T05:33:43.521+0000] {dag.py:3036} INFO - Sync 1 DAGs
[2026-07-16T05:33:43.530+0000] {logging_mixin.py:188} INFO - [2026-07-16T05:33:43.530+0000] {dag.py:3823} INFO - Setting next_dagrun for example_kubernetes_executor to None, run_after=None
[2026-07-16T05:33:43.548+0000] {processor.py:183} INFO - Processing /home/airflow/.local/lib/python3.8/site-packages/airflow/example_dags/example_kubernetes_executor.py took 0.077 seconds
[2026-07-16T05:34:14.078+0000] {processor.py:161} INFO - Started process (PID=1440) to work on /home/airflow/.local/lib/python3.8/site-packages/airflow/example_dags/example_kubernetes_executor.py
[2026-07-16T05:34:14.080+0000] {processor.py:830} INFO - Processing file /home/airflow/.local/lib/python3.8/site-packages/airflow/example_dags/example_kubernetes_executor.py for tasks to queue
[2026-07-16T05:34:14.083+0000] {logging_mixin.py:188} INFO - [2026-07-16T05:34:14.082+0000] {dagbag.py:538} INFO - Filling up the DagBag from /home/airflow/.local/lib/python3.8/site-packages/airflow/example_dags/example_kubernetes_executor.py
[2026-07-16T05:34:14.101+0000] {processor.py:840} INFO - DAG(s) 'example_kubernetes_executor' retrieved from /home/airflow/.local/lib/python3.8/site-packages/airflow/example_dags/example_kubernetes_executor.py
[2026-07-16T05:34:14.140+0000] {logging_mixin.py:188} INFO - [2026-07-16T05:34:14.140+0000] {dag.py:3036} INFO - Sync 1 DAGs
[2026-07-16T05:34:14.152+0000] {logging_mixin.py:188} INFO - [2026-07-16T05:34:14.151+0000] {dag.py:3823} INFO - Setting next_dagrun for example_kubernetes_executor to None, run_after=None
[2026-07-16T05:34:14.175+0000] {processor.py:183} INFO - Processing /home/airflow/.local/lib/python3.8/site-packages/airflow/example_dags/example_kubernetes_executor.py took 0.104 seconds
[2026-07-16T05:34:44.452+0000] {processor.py:161} INFO - Started process (PID=1496) to work on /home/airflow/.local/lib/python3.8/site-packages/airflow/example_dags/example_kubernetes_executor.py
[2026-07-16T05:34:44.453+0000] {processor.py:830} INFO - Processing file /home/airflow/.local/lib/python3.8/site-packages/airflow/example_dags/example_kubernetes_executor.py for tasks to queue
[2026-07-16T05:34:44.455+0000] {logging_mixin.py:188} INFO - [2026-07-16T05:34:44.455+0000] {dagbag.py:538} INFO - Filling up the DagBag from /home/airflow/.local/lib/python3.8/site-packages/airflow/example_dags/example_kubernetes_executor.py
[2026-07-16T05:34:44.468+0000] {processor.py:840} INFO - DAG(s) 'example_kubernetes_executor' retrieved from /home/airflow/.local/lib/python3.8/site-packages/airflow/example_dags/example_kubernetes_executor.py
[2026-07-16T05:34:44.513+0000] {logging_mixin.py:188} INFO - [2026-07-16T05:34:44.513+0000] {dag.py:3036} INFO - Sync 1 DAGs
[2026-07-16T05:34:44.525+0000] {logging_mixin.py:188} INFO - [2026-07-16T05:34:44.525+0000] {dag.py:3823} INFO - Setting next_dagrun for example_kubernetes_executor to None, run_after=None
[2026-07-16T05:34:44.549+0000] {processor.py:183} INFO - Processing /home/airflow/.local/lib/python3.8/site-packages/airflow/example_dags/example_kubernetes_executor.py took 0.101 seconds
[2026-07-16T05:35:14.797+0000] {processor.py:161} INFO - Started process (PID=1552) to work on /home/airflow/.local/lib/python3.8/site-packages/airflow/example_dags/example_kubernetes_executor.py
[2026-07-16T05:35:14.799+0000] {processor.py:830} INFO - Processing file /home/airflow/.local/lib/python3.8/site-packages/airflow/example_dags/example_kubernetes_executor.py for tasks to queue
[2026-07-16T05:35:14.800+0000] {logging_mixin.py:188} INFO - [2026-07-16T05:35:14.800+0000] {dagbag.py:538} INFO - Filling up the DagBag from /home/airflow/.local/lib/python3.8/site-packages/airflow/example_dags/example_kubernetes_executor.py
[2026-07-16T05:35:14.811+0000] {processor.py:840} INFO - DAG(s) 'example_kubernetes_executor' retrieved from /home/airflow/.local/lib/python3.8/site-packages/airflow/example_dags/example_kubernetes_executor.py
[2026-07-16T05:35:14.837+0000] {logging_mixin.py:188} INFO - [2026-07-16T05:35:14.837+0000] {dag.py:3036} INFO - Sync 1 DAGs
[2026-07-16T05:35:14.845+0000] {logging_mixin.py:188} INFO - [2026-07-16T05:35:14.845+0000] {dag.py:3823} INFO - Setting next_dagrun for example_kubernetes_executor to None, run_after=None
[2026-07-16T05:35:14.858+0000] {processor.py:183} INFO - Processing /home/airflow/.local/lib/python3.8/site-packages/airflow/example_dags/example_kubernetes_executor.py took 0.064 seconds
[2026-07-16T05:35:45.511+0000] {processor.py:161} INFO - Started process (PID=1608) to work on /home/airflow/.local/lib/python3.8/site-packages/airflow/example_dags/example_kubernetes_executor.py
[2026-07-16T05:35:45.513+0000] {processor.py:830} INFO - Processing file /home/airflow/.local/lib/python3.8/site-packages/airflow/example_dags/example_kubernetes_executor.py for tasks to queue
[2026-07-16T05:35:45.515+0000] {logging_mixin.py:188} INFO - [2026-07-16T05:35:45.515+0000] {dagbag.py:538} INFO - Filling up the DagBag from /home/airflow/.local/lib/python3.8/site-packages/airflow/example_dags/example_kubernetes_executor.py
[2026-07-16T05:35:45.529+0000] {processor.py:840} INFO - DAG(s) 'example_kubernetes_executor' retrieved from /home/airflow/.local/lib/python3.8/site-packages/airflow/example_dags/example_kubernetes_executor.py
[2026-07-16T05:35:45.559+0000] {logging_mixin.py:188} INFO - [2026-07-16T05:35:45.558+0000] {dag.py:3036} INFO - Sync 1 DAGs
[2026-07-16T05:35:45.570+0000] {logging_mixin.py:188} INFO - [2026-07-16T05:35:45.570+0000] {dag.py:3823} INFO - Setting next_dagrun for example_kubernetes_executor to None, run_after=None
[2026-07-16T05:35:45.590+0000] {processor.py:183} INFO - Processing /home/airflow/.local/lib/python3.8/site-packages/airflow/example_dags/example_kubernetes_executor.py took 0.082 seconds
[2026-07-16T05:36:15.811+0000] {processor.py:161} INFO - Started process (PID=1664) to work on /home/airflow/.local/lib/python3.8/site-packages/airflow/example_dags/example_kubernetes_executor.py
[2026-07-16T05:36:15.813+0000] {processor.py:830} INFO - Processing file /home/airflow/.local/lib/python3.8/site-packages/airflow/example_dags/example_kubernetes_executor.py for tasks to queue
[2026-07-16T05:36:15.815+0000] {logging_mixin.py:188} INFO - [2026-07-16T05:36:15.815+0000] {dagbag.py:538} INFO - Filling up the DagBag from /home/airflow/.local/lib/python3.8/site-packages/airflow/example_dags/example_kubernetes_executor.py
[2026-07-16T05:36:15.829+0000] {processor.py:840} INFO - DAG(s) 'example_kubernetes_executor' retrieved from /home/airflow/.local/lib/python3.8/site-packages/airflow/example_dags/example_kubernetes_executor.py
[2026-07-16T05:36:15.862+0000] {logging_mixin.py:188} INFO - [2026-07-16T05:36:15.862+0000] {dag.py:3036} INFO - Sync 1 DAGs
[2026-07-16T05:36:15.872+0000] {logging_mixin.py:188} INFO - [2026-07-16T05:36:15.872+0000] {dag.py:3823} INFO - Setting next_dagrun for example_kubernetes_executor to None, run_after=None
[2026-07-16T05:36:15.895+0000] {processor.py:183} INFO - Processing /home/airflow/.local/lib/python3.8/site-packages/airflow/example_dags/example_kubernetes_executor.py took 0.089 seconds
[2026-07-16T05:36:46.247+0000] {processor.py:161} INFO - Started process (PID=1721) to work on /home/airflow/.local/lib/python3.8/site-packages/airflow/example_dags/example_kubernetes_executor.py
[2026-07-16T05:36:46.248+0000] {processor.py:830} INFO - Processing file /home/airflow/.local/lib/python3.8/site-packages/airflow/example_dags/example_kubernetes_executor.py for tasks to queue
[2026-07-16T05:36:46.251+0000] {logging_mixin.py:188} INFO - [2026-07-16T05:36:46.250+0000] {dagbag.py:538} INFO - Filling up the DagBag from /home/airflow/.local/lib/python3.8/site-packages/airflow/example_dags/example_kubernetes_executor.py
[2026-07-16T05:36:46.269+0000] {processor.py:840} INFO - DAG(s) 'example_kubernetes_executor' retrieved from /home/airflow/.local/lib/python3.8/site-packages/airflow/example_dags/example_kubernetes_executor.py
[2026-07-16T05:36:46.311+0000] {logging_mixin.py:188} INFO - [2026-07-16T05:36:46.311+0000] {dag.py:3036} INFO - Sync 1 DAGs
[2026-07-16T05:36:46.323+0000] {logging_mixin.py:188} INFO - [2026-07-16T05:36:46.323+0000] {dag.py:3823} INFO - Setting next_dagrun for example_kubernetes_executor to None, run_after=None
[2026-07-16T05:36:46.343+0000] {processor.py:183} INFO - Processing /home/airflow/.local/lib/python3.8/site-packages/airflow/example_dags/example_kubernetes_executor.py took 0.101 seconds
[2026-07-16T05:37:16.624+0000] {processor.py:161} INFO - Started process (PID=1777) to work on /home/airflow/.local/lib/python3.8/site-packages/airflow/example_dags/example_kubernetes_executor.py
[2026-07-16T05:37:16.625+0000] {processor.py:830} INFO - Processing file /home/airflow/.local/lib/python3.8/site-packages/airflow/example_dags/example_kubernetes_executor.py for tasks to queue
[2026-07-16T05:37:16.628+0000] {logging_mixin.py:188} INFO - [2026-07-16T05:37:16.628+0000] {dagbag.py:538} INFO - Filling up the DagBag from /home/airflow/.local/lib/python3.8/site-packages/airflow/example_dags/example_kubernetes_executor.py
[2026-07-16T05:37:16.643+0000] {processor.py:840} INFO - DAG(s) 'example_kubernetes_executor' retrieved from /home/airflow/.local/lib/python3.8/site-packages/airflow/example_dags/example_kubernetes_executor.py
[2026-07-16T05:37:16.684+0000] {logging_mixin.py:188} INFO - [2026-07-16T05:37:16.684+0000] {dag.py:3036} INFO - Sync 1 DAGs
[2026-07-16T05:37:16.697+0000] {logging_mixin.py:188} INFO - [2026-07-16T05:37:16.696+0000] {dag.py:3823} INFO - Setting next_dagrun for example_kubernetes_executor to None, run_after=None
[2026-07-16T05:37:16.719+0000] {processor.py:183} INFO - Processing /home/airflow/.local/lib/python3.8/site-packages/airflow/example_dags/example_kubernetes_executor.py took 0.100 seconds
[2026-07-16T05:37:46.995+0000] {processor.py:161} INFO - Started process (PID=1833) to work on /home/airflow/.local/lib/python3.8/site-packages/airflow/example_dags/example_kubernetes_executor.py
[2026-07-16T05:37:46.996+0000] {processor.py:830} INFO - Processing file /home/airflow/.local/lib/python3.8/site-packages/airflow/example_dags/example_kubernetes_executor.py for tasks to queue
[2026-07-16T05:37:46.998+0000] {logging_mixin.py:188} INFO - [2026-07-16T05:37:46.998+0000] {dagbag.py:538} INFO - Filling up the DagBag from /home/airflow/.local/lib/python3.8/site-packages/airflow/example_dags/example_kubernetes_executor.py
[2026-07-16T05:37:47.009+0000] {processor.py:840} INFO - DAG(s) 'example_kubernetes_executor' retrieved from /home/airflow/.local/lib/python3.8/site-packages/airflow/example_dags/example_kubernetes_executor.py
[2026-07-16T05:37:47.038+0000] {logging_mixin.py:188} INFO - [2026-07-16T05:37:47.038+0000] {dag.py:3036} INFO - Sync 1 DAGs
[2026-07-16T05:37:47.047+0000] {logging_mixin.py:188} INFO - [2026-07-16T05:37:47.047+0000] {dag.py:3823} INFO - Setting next_dagrun for example_kubernetes_executor to None, run_after=None
[2026-07-16T05:37:47.064+0000] {processor.py:183} INFO - Processing /home/airflow/.local/lib/python3.8/site-packages/airflow/example_dags/example_kubernetes_executor.py took 0.073 seconds
[2026-07-16T05:38:17.260+0000] {processor.py:161} INFO - Started process (PID=1889) to work on /home/airflow/.local/lib/python3.8/site-packages/airflow/example_dags/example_kubernetes_executor.py
[2026-07-16T05:38:17.261+0000] {processor.py:830} INFO - Processing file /home/airflow/.local/lib/python3.8/site-packages/airflow/example_dags/example_kubernetes_executor.py for tasks to queue
[2026-07-16T05:38:17.263+0000] {logging_mixin.py:188} INFO - [2026-07-16T05:38:17.263+0000] {dagbag.py:538} INFO - Filling up the DagBag from /home/airflow/.local/lib/python3.8/site-packages/airflow/example_dags/example_kubernetes_executor.py
[2026-07-16T05:38:17.276+0000] {processor.py:840} INFO - DAG(s) 'example_kubernetes_executor' retrieved from /home/airflow/.local/lib/python3.8/site-packages/airflow/example_dags/example_kubernetes_executor.py
[2026-07-16T05:38:17.307+0000] {logging_mixin.py:188} INFO - [2026-07-16T05:38:17.306+0000] {dag.py:3036} INFO - Sync 1 DAGs
[2026-07-16T05:38:17.317+0000] {logging_mixin.py:188} INFO - [2026-07-16T05:38:17.317+0000] {dag.py:3823} INFO - Setting next_dagrun for example_kubernetes_executor to None, run_after=None
[2026-07-16T05:38:17.335+0000] {processor.py:183} INFO - Processing /home/airflow/.local/lib/python3.8/site-packages/airflow/example_dags/example_kubernetes_executor.py took 0.079 seconds
[2026-07-16T05:38:47.601+0000] {processor.py:161} INFO - Started process (PID=1945) to work on /home/airflow/.local/lib/python3.8/site-packages/airflow/example_dags/example_kubernetes_executor.py
[2026-07-16T05:38:47.602+0000] {processor.py:830} INFO - Processing file /home/airflow/.local/lib/python3.8/site-packages/airflow/example_dags/example_kubernetes_executor.py for tasks to queue
[2026-07-16T05:38:47.604+0000] {logging_mixin.py:188} INFO - [2026-07-16T05:38:47.603+0000] {dagbag.py:538} INFO - Filling up the DagBag from /home/airflow/.local/lib/python3.8/site-packages/airflow/example_dags/example_kubernetes_executor.py
[2026-07-16T05:38:47.616+0000] {processor.py:840} INFO - DAG(s) 'example_kubernetes_executor' retrieved from /home/airflow/.local/lib/python3.8/site-packages/airflow/example_dags/example_kubernetes_executor.py
[2026-07-16T05:38:47.646+0000] {logging_mixin.py:188} INFO - [2026-07-16T05:38:47.646+0000] {dag.py:3036} INFO - Sync 1 DAGs
[2026-07-16T05:38:47.658+0000] {logging_mixin.py:188} INFO - [2026-07-16T05:38:47.658+0000] {dag.py:3823} INFO - Setting next_dagrun for example_kubernetes_executor to None, run_after=None
[2026-07-16T05:38:47.677+0000] {processor.py:183} INFO - Processing /home/airflow/.local/lib/python3.8/site-packages/airflow/example_dags/example_kubernetes_executor.py took 0.080 seconds
[2026-07-16T05:39:17.851+0000] {processor.py:161} INFO - Started process (PID=2001) to work on /home/airflow/.local/lib/python3.8/site-packages/airflow/example_dags/example_kubernetes_executor.py
[2026-07-16T05:39:17.852+0000] {processor.py:830} INFO - Processing file /home/airflow/.local/lib/python3.8/site-packages/airflow/example_dags/example_kubernetes_executor.py for tasks to queue
[2026-07-16T05:39:17.854+0000] {logging_mixin.py:188} INFO - [2026-07-16T05:39:17.854+0000] {dagbag.py:538} INFO - Filling up the DagBag from /home/airflow/.local/lib/python3.8/site-packages/airflow/example_dags/example_kubernetes_executor.py
[2026-07-16T05:39:17.867+0000] {processor.py:840} INFO - DAG(s) 'example_kubernetes_executor' retrieved from /home/airflow/.local/lib/python3.8/site-packages/airflow/example_dags/example_kubernetes_executor.py
[2026-07-16T05:39:17.902+0000] {logging_mixin.py:188} INFO - [2026-07-16T05:39:17.901+0000] {dag.py:3036} INFO - Sync 1 DAGs
[2026-07-16T05:39:17.913+0000] {logging_mixin.py:188} INFO - [2026-07-16T05:39:17.913+0000] {dag.py:3823} INFO - Setting next_dagrun for example_kubernetes_executor to None, run_after=None
[2026-07-16T05:39:17.933+0000] {processor.py:183} INFO - Processing /home/airflow/.local/lib/python3.8/site-packages/airflow/example_dags/example_kubernetes_executor.py took 0.086 seconds
[2026-07-16T05:39:48.041+0000] {processor.py:161} INFO - Started process (PID=2055) to work on /home/airflow/.local/lib/python3.8/site-packages/airflow/example_dags/example_kubernetes_executor.py
[2026-07-16T05:39:48.044+0000] {processor.py:830} INFO - Processing file /home/airflow/.local/lib/python3.8/site-packages/airflow/example_dags/example_kubernetes_executor.py for tasks to queue
[2026-07-16T05:39:48.047+0000] {logging_mixin.py:188} INFO - [2026-07-16T05:39:48.046+0000] {dagbag.py:538} INFO - Filling up the DagBag from /home/airflow/.local/lib/python3.8/site-packages/airflow/example_dags/example_kubernetes_executor.py
[2026-07-16T05:39:48.066+0000] {processor.py:840} INFO - DAG(s) 'example_kubernetes_executor' retrieved from /home/airflow/.local/lib/python3.8/site-packages/airflow/example_dags/example_kubernetes_executor.py
[2026-07-16T05:39:48.097+0000] {logging_mixin.py:188} INFO - [2026-07-16T05:39:48.097+0000] {dag.py:3036} INFO - Sync 1 DAGs
[2026-07-16T05:39:48.108+0000] {logging_mixin.py:188} INFO - [2026-07-16T05:39:48.107+0000] {dag.py:3823} INFO - Setting next_dagrun for example_kubernetes_executor to None, run_after=None
[2026-07-16T05:39:48.125+0000] {processor.py:183} INFO - Processing /home/airflow/.local/lib/python3.8/site-packages/airflow/example_dags/example_kubernetes_executor.py took 0.090 seconds
[2026-07-16T05:40:18.283+0000] {processor.py:161} INFO - Started process (PID=2111) to work on /home/airflow/.local/lib/python3.8/site-packages/airflow/example_dags/example_kubernetes_executor.py
[2026-07-16T05:40:18.285+0000] {processor.py:830} INFO - Processing file /home/airflow/.local/lib/python3.8/site-packages/airflow/example_dags/example_kubernetes_executor.py for tasks to queue
[2026-07-16T05:40:18.287+0000] {logging_mixin.py:188} INFO - [2026-07-16T05:40:18.287+0000] {dagbag.py:538} INFO - Filling up the DagBag from /home/airflow/.local/lib/python3.8/site-packages/airflow/example_dags/example_kubernetes_executor.py
[2026-07-16T05:40:18.299+0000] {processor.py:840} INFO - DAG(s) 'example_kubernetes_executor' retrieved from /home/airflow/.local/lib/python3.8/site-packages/airflow/example_dags/example_kubernetes_executor.py
[2026-07-16T05:40:18.333+0000] {logging_mixin.py:188} INFO - [2026-07-16T05:40:18.333+0000] {dag.py:3036} INFO - Sync 1 DAGs
[2026-07-16T05:40:18.344+0000] {logging_mixin.py:188} INFO - [2026-07-16T05:40:18.343+0000] {dag.py:3823} INFO - Setting next_dagrun for example_kubernetes_executor to None, run_after=None
[2026-07-16T05:40:18.365+0000] {processor.py:183} INFO - Processing /home/airflow/.local/lib/python3.8/site-packages/airflow/example_dags/example_kubernetes_executor.py took 0.086 seconds
[2026-07-16T05:40:48.740+0000] {processor.py:161} INFO - Started process (PID=2167) to work on /home/airflow/.local/lib/python3.8/site-packages/airflow/example_dags/example_kubernetes_executor.py
[2026-07-16T05:40:48.745+0000] {processor.py:830} INFO - Processing file /home/airflow/.local/lib/python3.8/site-packages/airflow/example_dags/example_kubernetes_executor.py for tasks to queue
[2026-07-16T05:40:48.747+0000] {logging_mixin.py:188} INFO - [2026-07-16T05:40:48.747+0000] {dagbag.py:538} INFO - Filling up the DagBag from /home/airflow/.local/lib/python3.8/site-packages/airflow/example_dags/example_kubernetes_executor.py
[2026-07-16T05:40:48.772+0000] {processor.py:840} INFO - DAG(s) 'example_kubernetes_executor' retrieved from /home/airflow/.local/lib/python3.8/site-packages/airflow/example_dags/example_kubernetes_executor.py
[2026-07-16T05:40:48.824+0000] {logging_mixin.py:188} INFO - [2026-07-16T05:40:48.824+0000] {dag.py:3036} INFO - Sync 1 DAGs
[2026-07-16T05:40:48.843+0000] {logging_mixin.py:188} INFO - [2026-07-16T05:40:48.843+0000] {dag.py:3823} INFO - Setting next_dagrun for example_kubernetes_executor to None, run_after=None
[2026-07-16T05:40:48.872+0000] {processor.py:183} INFO - Processing /home/airflow/.local/lib/python3.8/site-packages/airflow/example_dags/example_kubernetes_executor.py took 0.136 seconds
[2026-07-16T05:41:18.938+0000] {processor.py:161} INFO - Started process (PID=2223) to work on /home/airflow/.local/lib/python3.8/site-packages/airflow/example_dags/example_kubernetes_executor.py
[2026-07-16T05:41:18.939+0000] {processor.py:830} INFO - Processing file /home/airflow/.local/lib/python3.8/site-packages/airflow/example_dags/example_kubernetes_executor.py for tasks to queue
[2026-07-16T05:41:18.940+0000] {logging_mixin.py:188} INFO - [2026-07-16T05:41:18.940+0000] {dagbag.py:538} INFO - Filling up the DagBag from /home/airflow/.local/lib/python3.8/site-packages/airflow/example_dags/example_kubernetes_executor.py
[2026-07-16T05:41:18.952+0000] {processor.py:840} INFO - DAG(s) 'example_kubernetes_executor' retrieved from /home/airflow/.local/lib/python3.8/site-packages/airflow/example_dags/example_kubernetes_executor.py
[2026-07-16T05:41:18.980+0000] {logging_mixin.py:188} INFO - [2026-07-16T05:41:18.980+0000] {dag.py:3036} INFO - Sync 1 DAGs
[2026-07-16T05:41:18.990+0000] {logging_mixin.py:188} INFO - [2026-07-16T05:41:18.990+0000] {dag.py:3823} INFO - Setting next_dagrun for example_kubernetes_executor to None, run_after=None
[2026-07-16T05:41:19.005+0000] {processor.py:183} INFO - Processing /home/airflow/.local/lib/python3.8/site-packages/airflow/example_dags/example_kubernetes_executor.py took 0.070 seconds
[2026-07-16T05:41:49.763+0000] {processor.py:161} INFO - Started process (PID=2279) to work on /home/airflow/.local/lib/python3.8/site-packages/airflow/example_dags/example_kubernetes_executor.py
[2026-07-16T05:41:49.764+0000] {processor.py:830} INFO - Processing file /home/airflow/.local/lib/python3.8/site-packages/airflow/example_dags/example_kubernetes_executor.py for tasks to queue
[2026-07-16T05:41:49.766+0000] {logging_mixin.py:188} INFO - [2026-07-16T05:41:49.766+0000] {dagbag.py:538} INFO - Filling up the DagBag from /home/airflow/.local/lib/python3.8/site-packages/airflow/example_dags/example_kubernetes_executor.py
[2026-07-16T05:41:49.776+0000] {processor.py:840} INFO - DAG(s) 'example_kubernetes_executor' retrieved from /home/airflow/.local/lib/python3.8/site-packages/airflow/example_dags/example_kubernetes_executor.py
[2026-07-16T05:41:49.804+0000] {logging_mixin.py:188} INFO - [2026-07-16T05:41:49.804+0000] {dag.py:3036} INFO - Sync 1 DAGs
[2026-07-16T05:41:49.813+0000] {logging_mixin.py:188} INFO - [2026-07-16T05:41:49.813+0000] {dag.py:3823} INFO - Setting next_dagrun for example_kubernetes_executor to None, run_after=None
[2026-07-16T05:41:49.829+0000] {processor.py:183} INFO - Processing /home/airflow/.local/lib/python3.8/site-packages/airflow/example_dags/example_kubernetes_executor.py took 0.069 seconds
[2026-07-16T05:42:19.993+0000] {processor.py:161} INFO - Started process (PID=2335) to work on /home/airflow/.local/lib/python3.8/site-packages/airflow/example_dags/example_kubernetes_executor.py
[2026-07-16T05:42:19.994+0000] {processor.py:830} INFO - Processing file /home/airflow/.local/lib/python3.8/site-packages/airflow/example_dags/example_kubernetes_executor.py for tasks to queue
[2026-07-16T05:42:19.996+0000] {logging_mixin.py:188} INFO - [2026-07-16T05:42:19.995+0000] {dagbag.py:538} INFO - Filling up the DagBag from /home/airflow/.local/lib/python3.8/site-packages/airflow/example_dags/example_kubernetes_executor.py
[2026-07-16T05:42:20.007+0000] {processor.py:840} INFO - DAG(s) 'example_kubernetes_executor' retrieved from /home/airflow/.local/lib/python3.8/site-packages/airflow/example_dags/example_kubernetes_executor.py
[2026-07-16T05:42:20.040+0000] {logging_mixin.py:188} INFO - [2026-07-16T05:42:20.040+0000] {dag.py:3036} INFO - Sync 1 DAGs
[2026-07-16T05:42:20.050+0000] {logging_mixin.py:188} INFO - [2026-07-16T05:42:20.050+0000] {dag.py:3823} INFO - Setting next_dagrun for example_kubernetes_executor to None, run_after=None
[2026-07-16T05:42:20.065+0000] {processor.py:183} INFO - Processing /home/airflow/.local/lib/python3.8/site-packages/airflow/example_dags/example_kubernetes_executor.py took 0.076 seconds
[2026-07-16T05:42:50.167+0000] {processor.py:161} INFO - Started process (PID=2391) to work on /home/airflow/.local/lib/python3.8/site-packages/airflow/example_dags/example_kubernetes_executor.py
[2026-07-16T05:42:50.169+0000] {processor.py:830} INFO - Processing file /home/airflow/.local/lib/python3.8/site-packages/airflow/example_dags/example_kubernetes_executor.py for tasks to queue
[2026-07-16T05:42:50.171+0000] {logging_mixin.py:188} INFO - [2026-07-16T05:42:50.170+0000] {dagbag.py:538} INFO - Filling up the DagBag from /home/airflow/.local/lib/python3.8/site-packages/airflow/example_dags/example_kubernetes_executor.py
[2026-07-16T05:42:50.181+0000] {processor.py:840} INFO - DAG(s) 'example_kubernetes_executor' retrieved from /home/airflow/.local/lib/python3.8/site-packages/airflow/example_dags/example_kubernetes_executor.py
[2026-07-16T05:42:50.210+0000] {logging_mixin.py:188} INFO - [2026-07-16T05:42:50.210+0000] {dag.py:3036} INFO - Sync 1 DAGs
[2026-07-16T05:42:50.220+0000] {logging_mixin.py:188} INFO - [2026-07-16T05:42:50.219+0000] {dag.py:3823} INFO - Setting next_dagrun for example_kubernetes_executor to None, run_after=None
[2026-07-16T05:42:50.237+0000] {processor.py:183} INFO - Processing /home/airflow/.local/lib/python3.8/site-packages/airflow/example_dags/example_kubernetes_executor.py took 0.073 seconds
[2026-07-16T05:43:20.731+0000] {processor.py:161} INFO - Started process (PID=2447) to work on /home/airflow/.local/lib/python3.8/site-packages/airflow/example_dags/example_kubernetes_executor.py
[2026-07-16T05:43:20.732+0000] {processor.py:830} INFO - Processing file /home/airflow/.local/lib/python3.8/site-packages/airflow/example_dags/example_kubernetes_executor.py for tasks to queue
[2026-07-16T05:43:20.734+0000] {logging_mixin.py:188} INFO - [2026-07-16T05:43:20.734+0000] {dagbag.py:538} INFO - Filling up the DagBag from /home/airflow/.local/lib/python3.8/site-packages/airflow/example_dags/example_kubernetes_executor.py
[2026-07-16T05:43:20.748+0000] {processor.py:840} INFO - DAG(s) 'example_kubernetes_executor' retrieved from /home/airflow/.local/lib/python3.8/site-packages/airflow/example_dags/example_kubernetes_executor.py
[2026-07-16T05:43:20.788+0000] {logging_mixin.py:188} INFO - [2026-07-16T05:43:20.788+0000] {dag.py:3036} INFO - Sync 1 DAGs
[2026-07-16T05:43:20.801+0000] {logging_mixin.py:188} INFO - [2026-07-16T05:43:20.800+0000] {dag.py:3823} INFO - Setting next_dagrun for example_kubernetes_executor to None, run_after=None
[2026-07-16T05:43:20.821+0000] {processor.py:183} INFO - Processing /home/airflow/.local/lib/python3.8/site-packages/airflow/example_dags/example_kubernetes_executor.py took 0.095 seconds
[2026-07-16T05:43:51.080+0000] {processor.py:161} INFO - Started process (PID=2503) to work on /home/airflow/.local/lib/python3.8/site-packages/airflow/example_dags/example_kubernetes_executor.py
[2026-07-16T05:43:51.081+0000] {processor.py:830} INFO - Processing file /home/airflow/.local/lib/python3.8/site-packages/airflow/example_dags/example_kubernetes_executor.py for tasks to queue
[2026-07-16T05:43:51.083+0000] {logging_mixin.py:188} INFO - [2026-07-16T05:43:51.083+0000] {dagbag.py:538} INFO - Filling up the DagBag from /home/airflow/.local/lib/python3.8/site-packages/airflow/example_dags/example_kubernetes_executor.py
[2026-07-16T05:43:51.095+0000] {processor.py:840} INFO - DAG(s) 'example_kubernetes_executor' retrieved from /home/airflow/.local/lib/python3.8/site-packages/airflow/example_dags/example_kubernetes_executor.py
[2026-07-16T05:43:51.138+0000] {logging_mixin.py:188} INFO - [2026-07-16T05:43:51.137+0000] {dag.py:3036} INFO - Sync 1 DAGs
[2026-07-16T05:43:51.148+0000] {logging_mixin.py:188} INFO - [2026-07-16T05:43:51.148+0000] {dag.py:3823} INFO - Setting next_dagrun for example_kubernetes_executor to None, run_after=None
[2026-07-16T05:43:51.163+0000] {processor.py:183} INFO - Processing /home/airflow/.local/lib/python3.8/site-packages/airflow/example_dags/example_kubernetes_executor.py took 0.087 seconds
[2026-07-16T05:44:21.569+0000] {processor.py:161} INFO - Started process (PID=2559) to work on /home/airflow/.local/lib/python3.8/site-packages/airflow/example_dags/example_kubernetes_executor.py
[2026-07-16T05:44:21.570+0000] {processor.py:830} INFO - Processing file /home/airflow/.local/lib/python3.8/site-packages/airflow/example_dags/example_kubernetes_executor.py for tasks to queue
[2026-07-16T05:44:21.572+0000] {logging_mixin.py:188} INFO - [2026-07-16T05:44:21.572+0000] {dagbag.py:538} INFO - Filling up the DagBag from /home/airflow/.local/lib/python3.8/site-packages/airflow/example_dags/example_kubernetes_executor.py
[2026-07-16T05:44:21.584+0000] {processor.py:840} INFO - DAG(s) 'example_kubernetes_executor' retrieved from /home/airflow/.local/lib/python3.8/site-packages/airflow/example_dags/example_kubernetes_executor.py
[2026-07-16T05:44:21.614+0000] {logging_mixin.py:188} INFO - [2026-07-16T05:44:21.614+0000] {dag.py:3036} INFO - Sync 1 DAGs
[2026-07-16T05:44:21.626+0000] {logging_mixin.py:188} INFO - [2026-07-16T05:44:21.626+0000] {dag.py:3823} INFO - Setting next_dagrun for example_kubernetes_executor to None, run_after=None
[2026-07-16T05:44:21.640+0000] {processor.py:183} INFO - Processing /home/airflow/.local/lib/python3.8/site-packages/airflow/example_dags/example_kubernetes_executor.py took 0.074 seconds
[2026-07-16T05:44:51.795+0000] {processor.py:161} INFO - Started process (PID=2615) to work on /home/airflow/.local/lib/python3.8/site-packages/airflow/example_dags/example_kubernetes_executor.py
[2026-07-16T05:44:51.796+0000] {processor.py:830} INFO - Processing file /home/airflow/.local/lib/python3.8/site-packages/airflow/example_dags/example_kubernetes_executor.py for tasks to queue
[2026-07-16T05:44:51.798+0000] {logging_mixin.py:188} INFO - [2026-07-16T05:44:51.797+0000] {dagbag.py:538} INFO - Filling up the DagBag from /home/airflow/.local/lib/python3.8/site-packages/airflow/example_dags/example_kubernetes_executor.py
[2026-07-16T05:44:51.809+0000] {processor.py:840} INFO - DAG(s) 'example_kubernetes_executor' retrieved from /home/airflow/.local/lib/python3.8/site-packages/airflow/example_dags/example_kubernetes_executor.py
[2026-07-16T05:44:51.837+0000] {logging_mixin.py:188} INFO - [2026-07-16T05:44:51.837+0000] {dag.py:3036} INFO - Sync 1 DAGs
[2026-07-16T05:44:51.846+0000] {logging_mixin.py:188} INFO - [2026-07-16T05:44:51.846+0000] {dag.py:3823} INFO - Setting next_dagrun for example_kubernetes_executor to None, run_after=None
[2026-07-16T05:44:51.860+0000] {processor.py:183} INFO - Processing /home/airflow/.local/lib/python3.8/site-packages/airflow/example_dags/example_kubernetes_executor.py took 0.070 seconds
[2026-07-16T05:45:21.921+0000] {processor.py:161} INFO - Started process (PID=2671) to work on /home/airflow/.local/lib/python3.8/site-packages/airflow/example_dags/example_kubernetes_executor.py
[2026-07-16T05:45:21.922+0000] {processor.py:830} INFO - Processing file /home/airflow/.local/lib/python3.8/site-packages/airflow/example_dags/example_kubernetes_executor.py for tasks to queue
[2026-07-16T05:45:21.923+0000] {logging_mixin.py:188} INFO - [2026-07-16T05:45:21.923+0000] {dagbag.py:538} INFO - Filling up the DagBag from /home/airflow/.local/lib/python3.8/site-packages/airflow/example_dags/example_kubernetes_executor.py
[2026-07-16T05:45:21.935+0000] {processor.py:840} INFO - DAG(s) 'example_kubernetes_executor' retrieved from /home/airflow/.local/lib/python3.8/site-packages/airflow/example_dags/example_kubernetes_executor.py
[2026-07-16T05:45:21.963+0000] {logging_mixin.py:188} INFO - [2026-07-16T05:45:21.963+0000] {dag.py:3036} INFO - Sync 1 DAGs
[2026-07-16T05:45:21.973+0000] {logging_mixin.py:188} INFO - [2026-07-16T05:45:21.973+0000] {dag.py:3823} INFO - Setting next_dagrun for example_kubernetes_executor to None, run_after=None
[2026-07-16T05:45:21.987+0000] {processor.py:183} INFO - Processing /home/airflow/.local/lib/python3.8/site-packages/airflow/example_dags/example_kubernetes_executor.py took 0.069 seconds
[2026-07-16T05:45:52.811+0000] {processor.py:161} INFO - Started process (PID=2727) to work on /home/airflow/.local/lib/python3.8/site-packages/airflow/example_dags/example_kubernetes_executor.py
[2026-07-16T05:45:52.812+0000] {processor.py:830} INFO - Processing file /home/airflow/.local/lib/python3.8/site-packages/airflow/example_dags/example_kubernetes_executor.py for tasks to queue
[2026-07-16T05:45:52.813+0000] {logging_mixin.py:188} INFO - [2026-07-16T05:45:52.813+0000] {dagbag.py:538} INFO - Filling up the DagBag from /home/airflow/.local/lib/python3.8/site-packages/airflow/example_dags/example_kubernetes_executor.py
[2026-07-16T05:45:52.823+0000] {processor.py:840} INFO - DAG(s) 'example_kubernetes_executor' retrieved from /home/airflow/.local/lib/python3.8/site-packages/airflow/example_dags/example_kubernetes_executor.py
[2026-07-16T05:45:52.847+0000] {logging_mixin.py:188} INFO - [2026-07-16T05:45:52.846+0000] {dag.py:3036} INFO - Sync 1 DAGs
[2026-07-16T05:45:52.854+0000] {logging_mixin.py:188} INFO - [2026-07-16T05:45:52.854+0000] {dag.py:3823} INFO - Setting next_dagrun for example_kubernetes_executor to None, run_after=None
[2026-07-16T05:45:52.868+0000] {processor.py:183} INFO - Processing /home/airflow/.local/lib/python3.8/site-packages/airflow/example_dags/example_kubernetes_executor.py took 0.059 seconds
[2026-07-16T05:46:23.928+0000] {processor.py:161} INFO - Started process (PID=2783) to work on /home/airflow/.local/lib/python3.8/site-packages/airflow/example_dags/example_kubernetes_executor.py
[2026-07-16T05:46:23.929+0000] {processor.py:830} INFO - Processing file /home/airflow/.local/lib/python3.8/site-packages/airflow/example_dags/example_kubernetes_executor.py for tasks to queue
[2026-07-16T05:46:23.931+0000] {logging_mixin.py:188} INFO - [2026-07-16T05:46:23.931+0000] {dagbag.py:538} INFO - Filling up the DagBag from /home/airflow/.local/lib/python3.8/site-packages/airflow/example_dags/example_kubernetes_executor.py
[2026-07-16T05:46:23.944+0000] {processor.py:840} INFO - DAG(s) 'example_kubernetes_executor' retrieved from /home/airflow/.local/lib/python3.8/site-packages/airflow/example_dags/example_kubernetes_executor.py
[2026-07-16T05:46:24.088+0000] {logging_mixin.py:188} INFO - [2026-07-16T05:46:24.088+0000] {dag.py:3036} INFO - Sync 1 DAGs
[2026-07-16T05:46:24.096+0000] {logging_mixin.py:188} INFO - [2026-07-16T05:46:24.096+0000] {dag.py:3823} INFO - Setting next_dagrun for example_kubernetes_executor to None, run_after=None
[2026-07-16T05:46:24.112+0000] {processor.py:183} INFO - Processing /home/airflow/.local/lib/python3.8/site-packages/airflow/example_dags/example_kubernetes_executor.py took 0.188 seconds
[2026-07-16T05:46:54.245+0000] {processor.py:161} INFO - Started process (PID=2839) to work on /home/airflow/.local/lib/python3.8/site-packages/airflow/example_dags/example_kubernetes_executor.py
[2026-07-16T05:46:54.246+0000] {processor.py:830} INFO - Processing file /home/airflow/.local/lib/python3.8/site-packages/airflow/example_dags/example_kubernetes_executor.py for tasks to queue
[2026-07-16T05:46:54.248+0000] {logging_mixin.py:188} INFO - [2026-07-16T05:46:54.248+0000] {dagbag.py:538} INFO - Filling up the DagBag from /home/airflow/.local/lib/python3.8/site-packages/airflow/example_dags/example_kubernetes_executor.py
[2026-07-16T05:46:54.261+0000] {processor.py:840} INFO - DAG(s) 'example_kubernetes_executor' retrieved from /home/airflow/.local/lib/python3.8/site-packages/airflow/example_dags/example_kubernetes_executor.py
[2026-07-16T05:46:54.290+0000] {logging_mixin.py:188} INFO - [2026-07-16T05:46:54.290+0000] {dag.py:3036} INFO - Sync 1 DAGs
[2026-07-16T05:46:54.435+0000] {logging_mixin.py:188} INFO - [2026-07-16T05:46:54.435+0000] {dag.py:3823} INFO - Setting next_dagrun for example_kubernetes_executor to None, run_after=None
[2026-07-16T05:46:54.460+0000] {processor.py:183} INFO - Processing /home/airflow/.local/lib/python3.8/site-packages/airflow/example_dags/example_kubernetes_executor.py took 0.217 seconds
[2026-07-16T05:47:24.860+0000] {processor.py:161} INFO - Started process (PID=2895) to work on /home/airflow/.local/lib/python3.8/site-packages/airflow/example_dags/example_kubernetes_executor.py
[2026-07-16T05:47:24.861+0000] {processor.py:830} INFO - Processing file /home/airflow/.local/lib/python3.8/site-packages/airflow/example_dags/example_kubernetes_executor.py for tasks to queue
[2026-07-16T05:47:24.863+0000] {logging_mixin.py:188} INFO - [2026-07-16T05:47:24.863+0000] {dagbag.py:538} INFO - Filling up the DagBag from /home/airflow/.local/lib/python3.8/site-packages/airflow/example_dags/example_kubernetes_executor.py
[2026-07-16T05:47:24.874+0000] {processor.py:840} INFO - DAG(s) 'example_kubernetes_executor' retrieved from /home/airflow/.local/lib/python3.8/site-packages/airflow/example_dags/example_kubernetes_executor.py
[2026-07-16T05:47:24.908+0000] {logging_mixin.py:188} INFO - [2026-07-16T05:47:24.907+0000] {dag.py:3036} INFO - Sync 1 DAGs
[2026-07-16T05:47:24.920+0000] {logging_mixin.py:188} INFO - [2026-07-16T05:47:24.920+0000] {dag.py:3823} INFO - Setting next_dagrun for example_kubernetes_executor to None, run_after=None
[2026-07-16T05:47:25.068+0000] {processor.py:183} INFO - Processing /home/airflow/.local/lib/python3.8/site-packages/airflow/example_dags/example_kubernetes_executor.py took 0.210 seconds
[2026-07-16T05:47:55.125+0000] {processor.py:161} INFO - Started process (PID=2951) to work on /home/airflow/.local/lib/python3.8/site-packages/airflow/example_dags/example_kubernetes_executor.py
[2026-07-16T05:47:55.126+0000] {processor.py:830} INFO - Processing file /home/airflow/.local/lib/python3.8/site-packages/airflow/example_dags/example_kubernetes_executor.py for tasks to queue
[2026-07-16T05:47:55.128+0000] {logging_mixin.py:188} INFO - [2026-07-16T05:47:55.128+0000] {dagbag.py:538} INFO - Filling up the DagBag from /home/airflow/.local/lib/python3.8/site-packages/airflow/example_dags/example_kubernetes_executor.py
[2026-07-16T05:47:55.142+0000] {processor.py:840} INFO - DAG(s) 'example_kubernetes_executor' retrieved from /home/airflow/.local/lib/python3.8/site-packages/airflow/example_dags/example_kubernetes_executor.py
[2026-07-16T05:47:55.183+0000] {logging_mixin.py:188} INFO - [2026-07-16T05:47:55.183+0000] {dag.py:3036} INFO - Sync 1 DAGs
[2026-07-16T05:47:55.197+0000] {logging_mixin.py:188} INFO - [2026-07-16T05:47:55.196+0000] {dag.py:3823} INFO - Setting next_dagrun for example_kubernetes_executor to None, run_after=None
[2026-07-16T05:47:55.222+0000] {processor.py:183} INFO - Processing /home/airflow/.local/lib/python3.8/site-packages/airflow/example_dags/example_kubernetes_executor.py took 0.102 seconds
[2026-07-16T05:48:25.754+0000] {processor.py:161} INFO - Started process (PID=3007) to work on /home/airflow/.local/lib/python3.8/site-packages/airflow/example_dags/example_kubernetes_executor.py
[2026-07-16T05:48:25.756+0000] {processor.py:830} INFO - Processing file /home/airflow/.local/lib/python3.8/site-packages/airflow/example_dags/example_kubernetes_executor.py for tasks to queue
[2026-07-16T05:48:25.758+0000] {logging_mixin.py:188} INFO - [2026-07-16T05:48:25.758+0000] {dagbag.py:538} INFO - Filling up the DagBag from /home/airflow/.local/lib/python3.8/site-packages/airflow/example_dags/example_kubernetes_executor.py
[2026-07-16T05:48:25.775+0000] {processor.py:840} INFO - DAG(s) 'example_kubernetes_executor' retrieved from /home/airflow/.local/lib/python3.8/site-packages/airflow/example_dags/example_kubernetes_executor.py
[2026-07-16T05:48:25.814+0000] {logging_mixin.py:188} INFO - [2026-07-16T05:48:25.814+0000] {dag.py:3036} INFO - Sync 1 DAGs
[2026-07-16T05:48:25.827+0000] {logging_mixin.py:188} INFO - [2026-07-16T05:48:25.827+0000] {dag.py:3823} INFO - Setting next_dagrun for example_kubernetes_executor to None, run_after=None
[2026-07-16T05:48:25.847+0000] {processor.py:183} INFO - Processing /home/airflow/.local/lib/python3.8/site-packages/airflow/example_dags/example_kubernetes_executor.py took 0.096 seconds
