[2026-07-16T05:21:54.712+0000] {processor.py:161} INFO - Started process (PID=64) to work on /home/airflow/.local/lib/python3.8/site-packages/airflow/example_dags/example_sensor_decorator.py
[2026-07-16T05:21:54.716+0000] {processor.py:830} INFO - Processing file /home/airflow/.local/lib/python3.8/site-packages/airflow/example_dags/example_sensor_decorator.py for tasks to queue
[2026-07-16T05:21:54.721+0000] {logging_mixin.py:188} INFO - [2026-07-16T05:21:54.720+0000] {dagbag.py:538} INFO - Filling up the DagBag from /home/airflow/.local/lib/python3.8/site-packages/airflow/example_dags/example_sensor_decorator.py
[2026-07-16T05:21:54.740+0000] {processor.py:840} INFO - DAG(s) 'example_sensor_decorator' retrieved from /home/airflow/.local/lib/python3.8/site-packages/airflow/example_dags/example_sensor_decorator.py
[2026-07-16T05:21:55.053+0000] {logging_mixin.py:188} INFO - [2026-07-16T05:21:55.053+0000] {dag.py:3036} INFO - Sync 1 DAGs
[2026-07-16T05:21:55.066+0000] {logging_mixin.py:188} INFO - [2026-07-16T05:21:55.066+0000] {dag.py:3823} INFO - Setting next_dagrun for example_sensor_decorator to None, run_after=None
[2026-07-16T05:21:55.094+0000] {processor.py:183} INFO - Processing /home/airflow/.local/lib/python3.8/site-packages/airflow/example_dags/example_sensor_decorator.py took 0.392 seconds
[2026-07-16T05:22:25.411+0000] {processor.py:161} INFO - Started process (PID=124) to work on /home/airflow/.local/lib/python3.8/site-packages/airflow/example_dags/example_sensor_decorator.py
[2026-07-16T05:22:25.415+0000] {processor.py:830} INFO - Processing file /home/airflow/.local/lib/python3.8/site-packages/airflow/example_dags/example_sensor_decorator.py for tasks to queue
[2026-07-16T05:22:25.438+0000] {logging_mixin.py:188} INFO - [2026-07-16T05:22:25.435+0000] {dagbag.py:538} INFO - Filling up the DagBag from /home/airflow/.local/lib/python3.8/site-packages/airflow/example_dags/example_sensor_decorator.py
[2026-07-16T05:22:25.477+0000] {processor.py:840} INFO - DAG(s) 'example_sensor_decorator' retrieved from /home/airflow/.local/lib/python3.8/site-packages/airflow/example_dags/example_sensor_decorator.py
[2026-07-16T05:22:25.548+0000] {logging_mixin.py:188} INFO - [2026-07-16T05:22:25.547+0000] {dag.py:3036} INFO - Sync 1 DAGs
[2026-07-16T05:22:25.579+0000] {logging_mixin.py:188} INFO - [2026-07-16T05:22:25.578+0000] {dag.py:3823} INFO - Setting next_dagrun for example_sensor_decorator to None, run_after=None
[2026-07-16T05:22:25.630+0000] {processor.py:183} INFO - Processing /home/airflow/.local/lib/python3.8/site-packages/airflow/example_dags/example_sensor_decorator.py took 0.253 seconds
[2026-07-16T05:22:55.873+0000] {processor.py:161} INFO - Started process (PID=182) to work on /home/airflow/.local/lib/python3.8/site-packages/airflow/example_dags/example_sensor_decorator.py
[2026-07-16T05:22:55.878+0000] {processor.py:830} INFO - Processing file /home/airflow/.local/lib/python3.8/site-packages/airflow/example_dags/example_sensor_decorator.py for tasks to queue
[2026-07-16T05:22:55.884+0000] {logging_mixin.py:188} INFO - [2026-07-16T05:22:55.883+0000] {dagbag.py:538} INFO - Filling up the DagBag from /home/airflow/.local/lib/python3.8/site-packages/airflow/example_dags/example_sensor_decorator.py
[2026-07-16T05:22:55.909+0000] {processor.py:840} INFO - DAG(s) 'example_sensor_decorator' retrieved from /home/airflow/.local/lib/python3.8/site-packages/airflow/example_dags/example_sensor_decorator.py
[2026-07-16T05:22:55.990+0000] {logging_mixin.py:188} INFO - [2026-07-16T05:22:55.989+0000] {dag.py:3036} INFO - Sync 1 DAGs
[2026-07-16T05:22:56.036+0000] {logging_mixin.py:188} INFO - [2026-07-16T05:22:56.034+0000] {dag.py:3823} INFO - Setting next_dagrun for example_sensor_decorator to None, run_after=None
[2026-07-16T05:22:56.112+0000] {processor.py:183} INFO - Processing /home/airflow/.local/lib/python3.8/site-packages/airflow/example_dags/example_sensor_decorator.py took 0.252 seconds
[2026-07-16T05:23:26.224+0000] {processor.py:161} INFO - Started process (PID=237) to work on /home/airflow/.local/lib/python3.8/site-packages/airflow/example_dags/example_sensor_decorator.py
[2026-07-16T05:23:26.230+0000] {processor.py:830} INFO - Processing file /home/airflow/.local/lib/python3.8/site-packages/airflow/example_dags/example_sensor_decorator.py for tasks to queue
[2026-07-16T05:23:26.236+0000] {logging_mixin.py:188} INFO - [2026-07-16T05:23:26.235+0000] {dagbag.py:538} INFO - Filling up the DagBag from /home/airflow/.local/lib/python3.8/site-packages/airflow/example_dags/example_sensor_decorator.py
[2026-07-16T05:23:26.253+0000] {processor.py:840} INFO - DAG(s) 'example_sensor_decorator' retrieved from /home/airflow/.local/lib/python3.8/site-packages/airflow/example_dags/example_sensor_decorator.py
[2026-07-16T05:23:26.306+0000] {logging_mixin.py:188} INFO - [2026-07-16T05:23:26.305+0000] {dag.py:3036} INFO - Sync 1 DAGs
[2026-07-16T05:23:26.334+0000] {logging_mixin.py:188} INFO - [2026-07-16T05:23:26.334+0000] {dag.py:3823} INFO - Setting next_dagrun for example_sensor_decorator to None, run_after=None
[2026-07-16T05:23:26.387+0000] {processor.py:183} INFO - Processing /home/airflow/.local/lib/python3.8/site-packages/airflow/example_dags/example_sensor_decorator.py took 0.173 seconds
[2026-07-16T05:23:56.782+0000] {processor.py:161} INFO - Started process (PID=297) to work on /home/airflow/.local/lib/python3.8/site-packages/airflow/example_dags/example_sensor_decorator.py
[2026-07-16T05:23:56.789+0000] {processor.py:830} INFO - Processing file /home/airflow/.local/lib/python3.8/site-packages/airflow/example_dags/example_sensor_decorator.py for tasks to queue
[2026-07-16T05:23:56.800+0000] {logging_mixin.py:188} INFO - [2026-07-16T05:23:56.798+0000] {dagbag.py:538} INFO - Filling up the DagBag from /home/airflow/.local/lib/python3.8/site-packages/airflow/example_dags/example_sensor_decorator.py
[2026-07-16T05:23:56.814+0000] {processor.py:840} INFO - DAG(s) 'example_sensor_decorator' retrieved from /home/airflow/.local/lib/python3.8/site-packages/airflow/example_dags/example_sensor_decorator.py
[2026-07-16T05:23:56.869+0000] {logging_mixin.py:188} INFO - [2026-07-16T05:23:56.868+0000] {dag.py:3036} INFO - Sync 1 DAGs
[2026-07-16T05:23:56.912+0000] {logging_mixin.py:188} INFO - [2026-07-16T05:23:56.912+0000] {dag.py:3823} INFO - Setting next_dagrun for example_sensor_decorator to None, run_after=None
[2026-07-16T05:23:56.974+0000] {processor.py:183} INFO - Processing /home/airflow/.local/lib/python3.8/site-packages/airflow/example_dags/example_sensor_decorator.py took 0.206 seconds
[2026-07-16T05:24:27.850+0000] {processor.py:161} INFO - Started process (PID=354) to work on /home/airflow/.local/lib/python3.8/site-packages/airflow/example_dags/example_sensor_decorator.py
[2026-07-16T05:24:27.851+0000] {processor.py:830} INFO - Processing file /home/airflow/.local/lib/python3.8/site-packages/airflow/example_dags/example_sensor_decorator.py for tasks to queue
[2026-07-16T05:24:27.854+0000] {logging_mixin.py:188} INFO - [2026-07-16T05:24:27.854+0000] {dagbag.py:538} INFO - Filling up the DagBag from /home/airflow/.local/lib/python3.8/site-packages/airflow/example_dags/example_sensor_decorator.py
[2026-07-16T05:24:27.868+0000] {processor.py:840} INFO - DAG(s) 'example_sensor_decorator' retrieved from /home/airflow/.local/lib/python3.8/site-packages/airflow/example_dags/example_sensor_decorator.py
[2026-07-16T05:24:27.903+0000] {logging_mixin.py:188} INFO - [2026-07-16T05:24:27.903+0000] {dag.py:3036} INFO - Sync 1 DAGs
[2026-07-16T05:24:27.921+0000] {logging_mixin.py:188} INFO - [2026-07-16T05:24:27.921+0000] {dag.py:3823} INFO - Setting next_dagrun for example_sensor_decorator to None, run_after=None
[2026-07-16T05:24:27.948+0000] {processor.py:183} INFO - Processing /home/airflow/.local/lib/python3.8/site-packages/airflow/example_dags/example_sensor_decorator.py took 0.105 seconds
[2026-07-16T05:24:58.326+0000] {processor.py:161} INFO - Started process (PID=410) to work on /home/airflow/.local/lib/python3.8/site-packages/airflow/example_dags/example_sensor_decorator.py
[2026-07-16T05:24:58.328+0000] {processor.py:830} INFO - Processing file /home/airflow/.local/lib/python3.8/site-packages/airflow/example_dags/example_sensor_decorator.py for tasks to queue
[2026-07-16T05:24:58.332+0000] {logging_mixin.py:188} INFO - [2026-07-16T05:24:58.331+0000] {dagbag.py:538} INFO - Filling up the DagBag from /home/airflow/.local/lib/python3.8/site-packages/airflow/example_dags/example_sensor_decorator.py
[2026-07-16T05:24:58.343+0000] {processor.py:840} INFO - DAG(s) 'example_sensor_decorator' retrieved from /home/airflow/.local/lib/python3.8/site-packages/airflow/example_dags/example_sensor_decorator.py
[2026-07-16T05:24:58.381+0000] {logging_mixin.py:188} INFO - [2026-07-16T05:24:58.380+0000] {dag.py:3036} INFO - Sync 1 DAGs
[2026-07-16T05:24:58.406+0000] {logging_mixin.py:188} INFO - [2026-07-16T05:24:58.405+0000] {dag.py:3823} INFO - Setting next_dagrun for example_sensor_decorator to None, run_after=None
[2026-07-16T05:24:58.440+0000] {processor.py:183} INFO - Processing /home/airflow/.local/lib/python3.8/site-packages/airflow/example_dags/example_sensor_decorator.py took 0.120 seconds
[2026-07-16T05:25:29.092+0000] {processor.py:161} INFO - Started process (PID=466) to work on /home/airflow/.local/lib/python3.8/site-packages/airflow/example_dags/example_sensor_decorator.py
[2026-07-16T05:25:29.096+0000] {processor.py:830} INFO - Processing file /home/airflow/.local/lib/python3.8/site-packages/airflow/example_dags/example_sensor_decorator.py for tasks to queue
[2026-07-16T05:25:29.100+0000] {logging_mixin.py:188} INFO - [2026-07-16T05:25:29.099+0000] {dagbag.py:538} INFO - Filling up the DagBag from /home/airflow/.local/lib/python3.8/site-packages/airflow/example_dags/example_sensor_decorator.py
[2026-07-16T05:25:29.112+0000] {processor.py:840} INFO - DAG(s) 'example_sensor_decorator' retrieved from /home/airflow/.local/lib/python3.8/site-packages/airflow/example_dags/example_sensor_decorator.py
[2026-07-16T05:25:29.160+0000] {logging_mixin.py:188} INFO - [2026-07-16T05:25:29.160+0000] {dag.py:3036} INFO - Sync 1 DAGs
[2026-07-16T05:25:29.178+0000] {logging_mixin.py:188} INFO - [2026-07-16T05:25:29.177+0000] {dag.py:3823} INFO - Setting next_dagrun for example_sensor_decorator to None, run_after=None
[2026-07-16T05:25:29.208+0000] {processor.py:183} INFO - Processing /home/airflow/.local/lib/python3.8/site-packages/airflow/example_dags/example_sensor_decorator.py took 0.125 seconds
[2026-07-16T05:25:59.282+0000] {processor.py:161} INFO - Started process (PID=522) to work on /home/airflow/.local/lib/python3.8/site-packages/airflow/example_dags/example_sensor_decorator.py
[2026-07-16T05:25:59.285+0000] {processor.py:830} INFO - Processing file /home/airflow/.local/lib/python3.8/site-packages/airflow/example_dags/example_sensor_decorator.py for tasks to queue
[2026-07-16T05:25:59.289+0000] {logging_mixin.py:188} INFO - [2026-07-16T05:25:59.288+0000] {dagbag.py:538} INFO - Filling up the DagBag from /home/airflow/.local/lib/python3.8/site-packages/airflow/example_dags/example_sensor_decorator.py
[2026-07-16T05:25:59.296+0000] {processor.py:840} INFO - DAG(s) 'example_sensor_decorator' retrieved from /home/airflow/.local/lib/python3.8/site-packages/airflow/example_dags/example_sensor_decorator.py
[2026-07-16T05:25:59.337+0000] {logging_mixin.py:188} INFO - [2026-07-16T05:25:59.337+0000] {dag.py:3036} INFO - Sync 1 DAGs
[2026-07-16T05:25:59.363+0000] {logging_mixin.py:188} INFO - [2026-07-16T05:25:59.363+0000] {dag.py:3823} INFO - Setting next_dagrun for example_sensor_decorator to None, run_after=None
[2026-07-16T05:25:59.399+0000] {processor.py:183} INFO - Processing /home/airflow/.local/lib/python3.8/site-packages/airflow/example_dags/example_sensor_decorator.py took 0.123 seconds
[2026-07-16T05:26:29.627+0000] {processor.py:161} INFO - Started process (PID=578) to work on /home/airflow/.local/lib/python3.8/site-packages/airflow/example_dags/example_sensor_decorator.py
[2026-07-16T05:26:29.631+0000] {processor.py:830} INFO - Processing file /home/airflow/.local/lib/python3.8/site-packages/airflow/example_dags/example_sensor_decorator.py for tasks to queue
[2026-07-16T05:26:29.634+0000] {logging_mixin.py:188} INFO - [2026-07-16T05:26:29.633+0000] {dagbag.py:538} INFO - Filling up the DagBag from /home/airflow/.local/lib/python3.8/site-packages/airflow/example_dags/example_sensor_decorator.py
[2026-07-16T05:26:29.644+0000] {processor.py:840} INFO - DAG(s) 'example_sensor_decorator' retrieved from /home/airflow/.local/lib/python3.8/site-packages/airflow/example_dags/example_sensor_decorator.py
[2026-07-16T05:26:29.674+0000] {logging_mixin.py:188} INFO - [2026-07-16T05:26:29.674+0000] {dag.py:3036} INFO - Sync 1 DAGs
[2026-07-16T05:26:29.688+0000] {logging_mixin.py:188} INFO - [2026-07-16T05:26:29.688+0000] {dag.py:3823} INFO - Setting next_dagrun for example_sensor_decorator to None, run_after=None
[2026-07-16T05:26:29.722+0000] {processor.py:183} INFO - Processing /home/airflow/.local/lib/python3.8/site-packages/airflow/example_dags/example_sensor_decorator.py took 0.100 seconds
[2026-07-16T05:26:59.968+0000] {processor.py:161} INFO - Started process (PID=634) to work on /home/airflow/.local/lib/python3.8/site-packages/airflow/example_dags/example_sensor_decorator.py
[2026-07-16T05:26:59.973+0000] {processor.py:830} INFO - Processing file /home/airflow/.local/lib/python3.8/site-packages/airflow/example_dags/example_sensor_decorator.py for tasks to queue
[2026-07-16T05:26:59.977+0000] {logging_mixin.py:188} INFO - [2026-07-16T05:26:59.977+0000] {dagbag.py:538} INFO - Filling up the DagBag from /home/airflow/.local/lib/python3.8/site-packages/airflow/example_dags/example_sensor_decorator.py
[2026-07-16T05:26:59.989+0000] {processor.py:840} INFO - DAG(s) 'example_sensor_decorator' retrieved from /home/airflow/.local/lib/python3.8/site-packages/airflow/example_dags/example_sensor_decorator.py
[2026-07-16T05:27:00.020+0000] {logging_mixin.py:188} INFO - [2026-07-16T05:27:00.019+0000] {dag.py:3036} INFO - Sync 1 DAGs
[2026-07-16T05:27:00.038+0000] {logging_mixin.py:188} INFO - [2026-07-16T05:27:00.038+0000] {dag.py:3823} INFO - Setting next_dagrun for example_sensor_decorator to None, run_after=None
[2026-07-16T05:27:00.064+0000] {processor.py:183} INFO - Processing /home/airflow/.local/lib/python3.8/site-packages/airflow/example_dags/example_sensor_decorator.py took 0.101 seconds
[2026-07-16T05:27:30.144+0000] {processor.py:161} INFO - Started process (PID=690) to work on /home/airflow/.local/lib/python3.8/site-packages/airflow/example_dags/example_sensor_decorator.py
[2026-07-16T05:27:30.146+0000] {processor.py:830} INFO - Processing file /home/airflow/.local/lib/python3.8/site-packages/airflow/example_dags/example_sensor_decorator.py for tasks to queue
[2026-07-16T05:27:30.151+0000] {logging_mixin.py:188} INFO - [2026-07-16T05:27:30.150+0000] {dagbag.py:538} INFO - Filling up the DagBag from /home/airflow/.local/lib/python3.8/site-packages/airflow/example_dags/example_sensor_decorator.py
[2026-07-16T05:27:30.163+0000] {processor.py:840} INFO - DAG(s) 'example_sensor_decorator' retrieved from /home/airflow/.local/lib/python3.8/site-packages/airflow/example_dags/example_sensor_decorator.py
[2026-07-16T05:27:30.199+0000] {logging_mixin.py:188} INFO - [2026-07-16T05:27:30.199+0000] {dag.py:3036} INFO - Sync 1 DAGs
[2026-07-16T05:27:30.219+0000] {logging_mixin.py:188} INFO - [2026-07-16T05:27:30.219+0000] {dag.py:3823} INFO - Setting next_dagrun for example_sensor_decorator to None, run_after=None
[2026-07-16T05:27:30.254+0000] {processor.py:183} INFO - Processing /home/airflow/.local/lib/python3.8/site-packages/airflow/example_dags/example_sensor_decorator.py took 0.125 seconds
[2026-07-16T05:28:00.618+0000] {processor.py:161} INFO - Started process (PID=746) to work on /home/airflow/.local/lib/python3.8/site-packages/airflow/example_dags/example_sensor_decorator.py
[2026-07-16T05:28:00.621+0000] {processor.py:830} INFO - Processing file /home/airflow/.local/lib/python3.8/site-packages/airflow/example_dags/example_sensor_decorator.py for tasks to queue
[2026-07-16T05:28:00.624+0000] {logging_mixin.py:188} INFO - [2026-07-16T05:28:00.624+0000] {dagbag.py:538} INFO - Filling up the DagBag from /home/airflow/.local/lib/python3.8/site-packages/airflow/example_dags/example_sensor_decorator.py
[2026-07-16T05:28:00.634+0000] {processor.py:840} INFO - DAG(s) 'example_sensor_decorator' retrieved from /home/airflow/.local/lib/python3.8/site-packages/airflow/example_dags/example_sensor_decorator.py
[2026-07-16T05:28:00.663+0000] {logging_mixin.py:188} INFO - [2026-07-16T05:28:00.662+0000] {dag.py:3036} INFO - Sync 1 DAGs
[2026-07-16T05:28:00.676+0000] {logging_mixin.py:188} INFO - [2026-07-16T05:28:00.676+0000] {dag.py:3823} INFO - Setting next_dagrun for example_sensor_decorator to None, run_after=None
[2026-07-16T05:28:00.702+0000] {processor.py:183} INFO - Processing /home/airflow/.local/lib/python3.8/site-packages/airflow/example_dags/example_sensor_decorator.py took 0.089 seconds
[2026-07-16T05:28:30.750+0000] {processor.py:161} INFO - Started process (PID=802) to work on /home/airflow/.local/lib/python3.8/site-packages/airflow/example_dags/example_sensor_decorator.py
[2026-07-16T05:28:30.755+0000] {processor.py:830} INFO - Processing file /home/airflow/.local/lib/python3.8/site-packages/airflow/example_dags/example_sensor_decorator.py for tasks to queue
[2026-07-16T05:28:30.761+0000] {logging_mixin.py:188} INFO - [2026-07-16T05:28:30.760+0000] {dagbag.py:538} INFO - Filling up the DagBag from /home/airflow/.local/lib/python3.8/site-packages/airflow/example_dags/example_sensor_decorator.py
[2026-07-16T05:28:30.777+0000] {processor.py:840} INFO - DAG(s) 'example_sensor_decorator' retrieved from /home/airflow/.local/lib/python3.8/site-packages/airflow/example_dags/example_sensor_decorator.py
[2026-07-16T05:28:30.833+0000] {logging_mixin.py:188} INFO - [2026-07-16T05:28:30.832+0000] {dag.py:3036} INFO - Sync 1 DAGs
[2026-07-16T05:28:30.881+0000] {logging_mixin.py:188} INFO - [2026-07-16T05:28:30.880+0000] {dag.py:3823} INFO - Setting next_dagrun for example_sensor_decorator to None, run_after=None
[2026-07-16T05:28:30.951+0000] {processor.py:183} INFO - Processing /home/airflow/.local/lib/python3.8/site-packages/airflow/example_dags/example_sensor_decorator.py took 0.215 seconds
[2026-07-16T05:29:01.352+0000] {processor.py:161} INFO - Started process (PID=858) to work on /home/airflow/.local/lib/python3.8/site-packages/airflow/example_dags/example_sensor_decorator.py
[2026-07-16T05:29:01.354+0000] {processor.py:830} INFO - Processing file /home/airflow/.local/lib/python3.8/site-packages/airflow/example_dags/example_sensor_decorator.py for tasks to queue
[2026-07-16T05:29:01.359+0000] {logging_mixin.py:188} INFO - [2026-07-16T05:29:01.358+0000] {dagbag.py:538} INFO - Filling up the DagBag from /home/airflow/.local/lib/python3.8/site-packages/airflow/example_dags/example_sensor_decorator.py
[2026-07-16T05:29:01.374+0000] {processor.py:840} INFO - DAG(s) 'example_sensor_decorator' retrieved from /home/airflow/.local/lib/python3.8/site-packages/airflow/example_dags/example_sensor_decorator.py
[2026-07-16T05:29:01.459+0000] {logging_mixin.py:188} INFO - [2026-07-16T05:29:01.458+0000] {dag.py:3036} INFO - Sync 1 DAGs
[2026-07-16T05:29:01.513+0000] {logging_mixin.py:188} INFO - [2026-07-16T05:29:01.512+0000] {dag.py:3823} INFO - Setting next_dagrun for example_sensor_decorator to None, run_after=None
[2026-07-16T05:29:01.581+0000] {processor.py:183} INFO - Processing /home/airflow/.local/lib/python3.8/site-packages/airflow/example_dags/example_sensor_decorator.py took 0.237 seconds
[2026-07-16T05:29:31.801+0000] {processor.py:161} INFO - Started process (PID=914) to work on /home/airflow/.local/lib/python3.8/site-packages/airflow/example_dags/example_sensor_decorator.py
[2026-07-16T05:29:31.803+0000] {processor.py:830} INFO - Processing file /home/airflow/.local/lib/python3.8/site-packages/airflow/example_dags/example_sensor_decorator.py for tasks to queue
[2026-07-16T05:29:31.805+0000] {logging_mixin.py:188} INFO - [2026-07-16T05:29:31.805+0000] {dagbag.py:538} INFO - Filling up the DagBag from /home/airflow/.local/lib/python3.8/site-packages/airflow/example_dags/example_sensor_decorator.py
[2026-07-16T05:29:31.813+0000] {processor.py:840} INFO - DAG(s) 'example_sensor_decorator' retrieved from /home/airflow/.local/lib/python3.8/site-packages/airflow/example_dags/example_sensor_decorator.py
[2026-07-16T05:29:31.840+0000] {logging_mixin.py:188} INFO - [2026-07-16T05:29:31.840+0000] {dag.py:3036} INFO - Sync 1 DAGs
[2026-07-16T05:29:31.868+0000] {logging_mixin.py:188} INFO - [2026-07-16T05:29:31.868+0000] {dag.py:3823} INFO - Setting next_dagrun for example_sensor_decorator to None, run_after=None
[2026-07-16T05:29:31.923+0000] {processor.py:183} INFO - Processing /home/airflow/.local/lib/python3.8/site-packages/airflow/example_dags/example_sensor_decorator.py took 0.129 seconds
[2026-07-16T05:30:02.291+0000] {processor.py:161} INFO - Started process (PID=970) to work on /home/airflow/.local/lib/python3.8/site-packages/airflow/example_dags/example_sensor_decorator.py
[2026-07-16T05:30:02.295+0000] {processor.py:830} INFO - Processing file /home/airflow/.local/lib/python3.8/site-packages/airflow/example_dags/example_sensor_decorator.py for tasks to queue
[2026-07-16T05:30:02.301+0000] {logging_mixin.py:188} INFO - [2026-07-16T05:30:02.300+0000] {dagbag.py:538} INFO - Filling up the DagBag from /home/airflow/.local/lib/python3.8/site-packages/airflow/example_dags/example_sensor_decorator.py
[2026-07-16T05:30:02.316+0000] {processor.py:840} INFO - DAG(s) 'example_sensor_decorator' retrieved from /home/airflow/.local/lib/python3.8/site-packages/airflow/example_dags/example_sensor_decorator.py
[2026-07-16T05:30:02.365+0000] {logging_mixin.py:188} INFO - [2026-07-16T05:30:02.365+0000] {dag.py:3036} INFO - Sync 1 DAGs
[2026-07-16T05:30:02.396+0000] {logging_mixin.py:188} INFO - [2026-07-16T05:30:02.396+0000] {dag.py:3823} INFO - Setting next_dagrun for example_sensor_decorator to None, run_after=None
[2026-07-16T05:30:02.464+0000] {processor.py:183} INFO - Processing /home/airflow/.local/lib/python3.8/site-packages/airflow/example_dags/example_sensor_decorator.py took 0.184 seconds
[2026-07-16T05:30:32.855+0000] {processor.py:161} INFO - Started process (PID=1026) to work on /home/airflow/.local/lib/python3.8/site-packages/airflow/example_dags/example_sensor_decorator.py
[2026-07-16T05:30:32.859+0000] {processor.py:830} INFO - Processing file /home/airflow/.local/lib/python3.8/site-packages/airflow/example_dags/example_sensor_decorator.py for tasks to queue
[2026-07-16T05:30:32.862+0000] {logging_mixin.py:188} INFO - [2026-07-16T05:30:32.862+0000] {dagbag.py:538} INFO - Filling up the DagBag from /home/airflow/.local/lib/python3.8/site-packages/airflow/example_dags/example_sensor_decorator.py
[2026-07-16T05:30:32.874+0000] {processor.py:840} INFO - DAG(s) 'example_sensor_decorator' retrieved from /home/airflow/.local/lib/python3.8/site-packages/airflow/example_dags/example_sensor_decorator.py
[2026-07-16T05:30:32.910+0000] {logging_mixin.py:188} INFO - [2026-07-16T05:30:32.910+0000] {dag.py:3036} INFO - Sync 1 DAGs
[2026-07-16T05:30:32.925+0000] {logging_mixin.py:188} INFO - [2026-07-16T05:30:32.924+0000] {dag.py:3823} INFO - Setting next_dagrun for example_sensor_decorator to None, run_after=None
[2026-07-16T05:30:32.953+0000] {processor.py:183} INFO - Processing /home/airflow/.local/lib/python3.8/site-packages/airflow/example_dags/example_sensor_decorator.py took 0.104 seconds
[2026-07-16T05:31:03.218+0000] {processor.py:161} INFO - Started process (PID=1080) to work on /home/airflow/.local/lib/python3.8/site-packages/airflow/example_dags/example_sensor_decorator.py
[2026-07-16T05:31:03.220+0000] {processor.py:830} INFO - Processing file /home/airflow/.local/lib/python3.8/site-packages/airflow/example_dags/example_sensor_decorator.py for tasks to queue
[2026-07-16T05:31:03.223+0000] {logging_mixin.py:188} INFO - [2026-07-16T05:31:03.222+0000] {dagbag.py:538} INFO - Filling up the DagBag from /home/airflow/.local/lib/python3.8/site-packages/airflow/example_dags/example_sensor_decorator.py
[2026-07-16T05:31:03.234+0000] {processor.py:840} INFO - DAG(s) 'example_sensor_decorator' retrieved from /home/airflow/.local/lib/python3.8/site-packages/airflow/example_dags/example_sensor_decorator.py
[2026-07-16T05:31:03.263+0000] {logging_mixin.py:188} INFO - [2026-07-16T05:31:03.263+0000] {dag.py:3036} INFO - Sync 1 DAGs
[2026-07-16T05:31:03.280+0000] {logging_mixin.py:188} INFO - [2026-07-16T05:31:03.280+0000] {dag.py:3823} INFO - Setting next_dagrun for example_sensor_decorator to None, run_after=None
[2026-07-16T05:31:03.310+0000] {processor.py:183} INFO - Processing /home/airflow/.local/lib/python3.8/site-packages/airflow/example_dags/example_sensor_decorator.py took 0.096 seconds
[2026-07-16T05:31:33.766+0000] {processor.py:161} INFO - Started process (PID=1136) to work on /home/airflow/.local/lib/python3.8/site-packages/airflow/example_dags/example_sensor_decorator.py
[2026-07-16T05:31:33.770+0000] {processor.py:830} INFO - Processing file /home/airflow/.local/lib/python3.8/site-packages/airflow/example_dags/example_sensor_decorator.py for tasks to queue
[2026-07-16T05:31:33.776+0000] {logging_mixin.py:188} INFO - [2026-07-16T05:31:33.775+0000] {dagbag.py:538} INFO - Filling up the DagBag from /home/airflow/.local/lib/python3.8/site-packages/airflow/example_dags/example_sensor_decorator.py
[2026-07-16T05:31:33.785+0000] {processor.py:840} INFO - DAG(s) 'example_sensor_decorator' retrieved from /home/airflow/.local/lib/python3.8/site-packages/airflow/example_dags/example_sensor_decorator.py
[2026-07-16T05:31:33.810+0000] {logging_mixin.py:188} INFO - [2026-07-16T05:31:33.809+0000] {dag.py:3036} INFO - Sync 1 DAGs
[2026-07-16T05:31:33.822+0000] {logging_mixin.py:188} INFO - [2026-07-16T05:31:33.821+0000] {dag.py:3823} INFO - Setting next_dagrun for example_sensor_decorator to None, run_after=None
[2026-07-16T05:31:33.846+0000] {processor.py:183} INFO - Processing /home/airflow/.local/lib/python3.8/site-packages/airflow/example_dags/example_sensor_decorator.py took 0.085 seconds
[2026-07-16T05:32:04.007+0000] {processor.py:161} INFO - Started process (PID=1192) to work on /home/airflow/.local/lib/python3.8/site-packages/airflow/example_dags/example_sensor_decorator.py
[2026-07-16T05:32:04.011+0000] {processor.py:830} INFO - Processing file /home/airflow/.local/lib/python3.8/site-packages/airflow/example_dags/example_sensor_decorator.py for tasks to queue
[2026-07-16T05:32:04.014+0000] {logging_mixin.py:188} INFO - [2026-07-16T05:32:04.013+0000] {dagbag.py:538} INFO - Filling up the DagBag from /home/airflow/.local/lib/python3.8/site-packages/airflow/example_dags/example_sensor_decorator.py
[2026-07-16T05:32:04.020+0000] {processor.py:840} INFO - DAG(s) 'example_sensor_decorator' retrieved from /home/airflow/.local/lib/python3.8/site-packages/airflow/example_dags/example_sensor_decorator.py
[2026-07-16T05:32:04.039+0000] {logging_mixin.py:188} INFO - [2026-07-16T05:32:04.039+0000] {dag.py:3036} INFO - Sync 1 DAGs
[2026-07-16T05:32:04.048+0000] {logging_mixin.py:188} INFO - [2026-07-16T05:32:04.047+0000] {dag.py:3823} INFO - Setting next_dagrun for example_sensor_decorator to None, run_after=None
[2026-07-16T05:32:04.064+0000] {processor.py:183} INFO - Processing /home/airflow/.local/lib/python3.8/site-packages/airflow/example_dags/example_sensor_decorator.py took 0.060 seconds
[2026-07-16T05:32:34.132+0000] {processor.py:161} INFO - Started process (PID=1248) to work on /home/airflow/.local/lib/python3.8/site-packages/airflow/example_dags/example_sensor_decorator.py
[2026-07-16T05:32:34.135+0000] {processor.py:830} INFO - Processing file /home/airflow/.local/lib/python3.8/site-packages/airflow/example_dags/example_sensor_decorator.py for tasks to queue
[2026-07-16T05:32:34.138+0000] {logging_mixin.py:188} INFO - [2026-07-16T05:32:34.138+0000] {dagbag.py:538} INFO - Filling up the DagBag from /home/airflow/.local/lib/python3.8/site-packages/airflow/example_dags/example_sensor_decorator.py
[2026-07-16T05:32:34.144+0000] {processor.py:840} INFO - DAG(s) 'example_sensor_decorator' retrieved from /home/airflow/.local/lib/python3.8/site-packages/airflow/example_dags/example_sensor_decorator.py
[2026-07-16T05:32:34.160+0000] {logging_mixin.py:188} INFO - [2026-07-16T05:32:34.160+0000] {dag.py:3036} INFO - Sync 1 DAGs
[2026-07-16T05:32:34.168+0000] {logging_mixin.py:188} INFO - [2026-07-16T05:32:34.168+0000] {dag.py:3823} INFO - Setting next_dagrun for example_sensor_decorator to None, run_after=None
[2026-07-16T05:32:34.181+0000] {processor.py:183} INFO - Processing /home/airflow/.local/lib/python3.8/site-packages/airflow/example_dags/example_sensor_decorator.py took 0.055 seconds
[2026-07-16T05:33:04.320+0000] {processor.py:161} INFO - Started process (PID=1304) to work on /home/airflow/.local/lib/python3.8/site-packages/airflow/example_dags/example_sensor_decorator.py
[2026-07-16T05:33:04.322+0000] {processor.py:830} INFO - Processing file /home/airflow/.local/lib/python3.8/site-packages/airflow/example_dags/example_sensor_decorator.py for tasks to queue
[2026-07-16T05:33:04.324+0000] {logging_mixin.py:188} INFO - [2026-07-16T05:33:04.324+0000] {dagbag.py:538} INFO - Filling up the DagBag from /home/airflow/.local/lib/python3.8/site-packages/airflow/example_dags/example_sensor_decorator.py
[2026-07-16T05:33:04.329+0000] {processor.py:840} INFO - DAG(s) 'example_sensor_decorator' retrieved from /home/airflow/.local/lib/python3.8/site-packages/airflow/example_dags/example_sensor_decorator.py
[2026-07-16T05:33:04.347+0000] {logging_mixin.py:188} INFO - [2026-07-16T05:33:04.347+0000] {dag.py:3036} INFO - Sync 1 DAGs
[2026-07-16T05:33:04.356+0000] {logging_mixin.py:188} INFO - [2026-07-16T05:33:04.356+0000] {dag.py:3823} INFO - Setting next_dagrun for example_sensor_decorator to None, run_after=None
[2026-07-16T05:33:04.371+0000] {processor.py:183} INFO - Processing /home/airflow/.local/lib/python3.8/site-packages/airflow/example_dags/example_sensor_decorator.py took 0.055 seconds
[2026-07-16T05:33:34.408+0000] {processor.py:161} INFO - Started process (PID=1360) to work on /home/airflow/.local/lib/python3.8/site-packages/airflow/example_dags/example_sensor_decorator.py
[2026-07-16T05:33:34.411+0000] {processor.py:830} INFO - Processing file /home/airflow/.local/lib/python3.8/site-packages/airflow/example_dags/example_sensor_decorator.py for tasks to queue
[2026-07-16T05:33:34.413+0000] {logging_mixin.py:188} INFO - [2026-07-16T05:33:34.413+0000] {dagbag.py:538} INFO - Filling up the DagBag from /home/airflow/.local/lib/python3.8/site-packages/airflow/example_dags/example_sensor_decorator.py
[2026-07-16T05:33:34.421+0000] {processor.py:840} INFO - DAG(s) 'example_sensor_decorator' retrieved from /home/airflow/.local/lib/python3.8/site-packages/airflow/example_dags/example_sensor_decorator.py
[2026-07-16T05:33:34.452+0000] {logging_mixin.py:188} INFO - [2026-07-16T05:33:34.452+0000] {dag.py:3036} INFO - Sync 1 DAGs
[2026-07-16T05:33:34.467+0000] {logging_mixin.py:188} INFO - [2026-07-16T05:33:34.467+0000] {dag.py:3823} INFO - Setting next_dagrun for example_sensor_decorator to None, run_after=None
[2026-07-16T05:33:34.495+0000] {processor.py:183} INFO - Processing /home/airflow/.local/lib/python3.8/site-packages/airflow/example_dags/example_sensor_decorator.py took 0.091 seconds
[2026-07-16T05:34:04.539+0000] {processor.py:161} INFO - Started process (PID=1416) to work on /home/airflow/.local/lib/python3.8/site-packages/airflow/example_dags/example_sensor_decorator.py
[2026-07-16T05:34:04.543+0000] {processor.py:830} INFO - Processing file /home/airflow/.local/lib/python3.8/site-packages/airflow/example_dags/example_sensor_decorator.py for tasks to queue
[2026-07-16T05:34:04.548+0000] {logging_mixin.py:188} INFO - [2026-07-16T05:34:04.547+0000] {dagbag.py:538} INFO - Filling up the DagBag from /home/airflow/.local/lib/python3.8/site-packages/airflow/example_dags/example_sensor_decorator.py
[2026-07-16T05:34:04.557+0000] {processor.py:840} INFO - DAG(s) 'example_sensor_decorator' retrieved from /home/airflow/.local/lib/python3.8/site-packages/airflow/example_dags/example_sensor_decorator.py
[2026-07-16T05:34:04.581+0000] {logging_mixin.py:188} INFO - [2026-07-16T05:34:04.581+0000] {dag.py:3036} INFO - Sync 1 DAGs
[2026-07-16T05:34:04.593+0000] {logging_mixin.py:188} INFO - [2026-07-16T05:34:04.593+0000] {dag.py:3823} INFO - Setting next_dagrun for example_sensor_decorator to None, run_after=None
[2026-07-16T05:34:04.614+0000] {processor.py:183} INFO - Processing /home/airflow/.local/lib/python3.8/site-packages/airflow/example_dags/example_sensor_decorator.py took 0.080 seconds
[2026-07-16T05:34:35.432+0000] {processor.py:161} INFO - Started process (PID=1472) to work on /home/airflow/.local/lib/python3.8/site-packages/airflow/example_dags/example_sensor_decorator.py
[2026-07-16T05:34:35.433+0000] {processor.py:830} INFO - Processing file /home/airflow/.local/lib/python3.8/site-packages/airflow/example_dags/example_sensor_decorator.py for tasks to queue
[2026-07-16T05:34:35.436+0000] {logging_mixin.py:188} INFO - [2026-07-16T05:34:35.435+0000] {dagbag.py:538} INFO - Filling up the DagBag from /home/airflow/.local/lib/python3.8/site-packages/airflow/example_dags/example_sensor_decorator.py
[2026-07-16T05:34:35.442+0000] {processor.py:840} INFO - DAG(s) 'example_sensor_decorator' retrieved from /home/airflow/.local/lib/python3.8/site-packages/airflow/example_dags/example_sensor_decorator.py
[2026-07-16T05:34:35.463+0000] {logging_mixin.py:188} INFO - [2026-07-16T05:34:35.463+0000] {dag.py:3036} INFO - Sync 1 DAGs
[2026-07-16T05:34:35.473+0000] {logging_mixin.py:188} INFO - [2026-07-16T05:34:35.473+0000] {dag.py:3823} INFO - Setting next_dagrun for example_sensor_decorator to None, run_after=None
[2026-07-16T05:34:35.490+0000] {processor.py:183} INFO - Processing /home/airflow/.local/lib/python3.8/site-packages/airflow/example_dags/example_sensor_decorator.py took 0.061 seconds
[2026-07-16T05:35:05.892+0000] {processor.py:161} INFO - Started process (PID=1528) to work on /home/airflow/.local/lib/python3.8/site-packages/airflow/example_dags/example_sensor_decorator.py
[2026-07-16T05:35:05.897+0000] {processor.py:830} INFO - Processing file /home/airflow/.local/lib/python3.8/site-packages/airflow/example_dags/example_sensor_decorator.py for tasks to queue
[2026-07-16T05:35:05.901+0000] {logging_mixin.py:188} INFO - [2026-07-16T05:35:05.900+0000] {dagbag.py:538} INFO - Filling up the DagBag from /home/airflow/.local/lib/python3.8/site-packages/airflow/example_dags/example_sensor_decorator.py
[2026-07-16T05:35:05.910+0000] {processor.py:840} INFO - DAG(s) 'example_sensor_decorator' retrieved from /home/airflow/.local/lib/python3.8/site-packages/airflow/example_dags/example_sensor_decorator.py
[2026-07-16T05:35:05.935+0000] {logging_mixin.py:188} INFO - [2026-07-16T05:35:05.934+0000] {dag.py:3036} INFO - Sync 1 DAGs
[2026-07-16T05:35:05.945+0000] {logging_mixin.py:188} INFO - [2026-07-16T05:35:05.944+0000] {dag.py:3823} INFO - Setting next_dagrun for example_sensor_decorator to None, run_after=None
[2026-07-16T05:35:05.963+0000] {processor.py:183} INFO - Processing /home/airflow/.local/lib/python3.8/site-packages/airflow/example_dags/example_sensor_decorator.py took 0.076 seconds
[2026-07-16T05:35:36.613+0000] {processor.py:161} INFO - Started process (PID=1584) to work on /home/airflow/.local/lib/python3.8/site-packages/airflow/example_dags/example_sensor_decorator.py
[2026-07-16T05:35:36.614+0000] {processor.py:830} INFO - Processing file /home/airflow/.local/lib/python3.8/site-packages/airflow/example_dags/example_sensor_decorator.py for tasks to queue
[2026-07-16T05:35:36.616+0000] {logging_mixin.py:188} INFO - [2026-07-16T05:35:36.615+0000] {dagbag.py:538} INFO - Filling up the DagBag from /home/airflow/.local/lib/python3.8/site-packages/airflow/example_dags/example_sensor_decorator.py
[2026-07-16T05:35:36.623+0000] {processor.py:840} INFO - DAG(s) 'example_sensor_decorator' retrieved from /home/airflow/.local/lib/python3.8/site-packages/airflow/example_dags/example_sensor_decorator.py
[2026-07-16T05:35:36.645+0000] {logging_mixin.py:188} INFO - [2026-07-16T05:35:36.645+0000] {dag.py:3036} INFO - Sync 1 DAGs
[2026-07-16T05:35:36.657+0000] {logging_mixin.py:188} INFO - [2026-07-16T05:35:36.657+0000] {dag.py:3823} INFO - Setting next_dagrun for example_sensor_decorator to None, run_after=None
[2026-07-16T05:35:36.674+0000] {processor.py:183} INFO - Processing /home/airflow/.local/lib/python3.8/site-packages/airflow/example_dags/example_sensor_decorator.py took 0.065 seconds
[2026-07-16T05:36:06.718+0000] {processor.py:161} INFO - Started process (PID=1640) to work on /home/airflow/.local/lib/python3.8/site-packages/airflow/example_dags/example_sensor_decorator.py
[2026-07-16T05:36:06.721+0000] {processor.py:830} INFO - Processing file /home/airflow/.local/lib/python3.8/site-packages/airflow/example_dags/example_sensor_decorator.py for tasks to queue
[2026-07-16T05:36:06.723+0000] {logging_mixin.py:188} INFO - [2026-07-16T05:36:06.722+0000] {dagbag.py:538} INFO - Filling up the DagBag from /home/airflow/.local/lib/python3.8/site-packages/airflow/example_dags/example_sensor_decorator.py
[2026-07-16T05:36:06.729+0000] {processor.py:840} INFO - DAG(s) 'example_sensor_decorator' retrieved from /home/airflow/.local/lib/python3.8/site-packages/airflow/example_dags/example_sensor_decorator.py
[2026-07-16T05:36:06.749+0000] {logging_mixin.py:188} INFO - [2026-07-16T05:36:06.749+0000] {dag.py:3036} INFO - Sync 1 DAGs
[2026-07-16T05:36:06.760+0000] {logging_mixin.py:188} INFO - [2026-07-16T05:36:06.760+0000] {dag.py:3823} INFO - Setting next_dagrun for example_sensor_decorator to None, run_after=None
[2026-07-16T05:36:06.780+0000] {processor.py:183} INFO - Processing /home/airflow/.local/lib/python3.8/site-packages/airflow/example_dags/example_sensor_decorator.py took 0.065 seconds
[2026-07-16T05:36:37.196+0000] {processor.py:161} INFO - Started process (PID=1697) to work on /home/airflow/.local/lib/python3.8/site-packages/airflow/example_dags/example_sensor_decorator.py
[2026-07-16T05:36:37.199+0000] {processor.py:830} INFO - Processing file /home/airflow/.local/lib/python3.8/site-packages/airflow/example_dags/example_sensor_decorator.py for tasks to queue
[2026-07-16T05:36:37.201+0000] {logging_mixin.py:188} INFO - [2026-07-16T05:36:37.201+0000] {dagbag.py:538} INFO - Filling up the DagBag from /home/airflow/.local/lib/python3.8/site-packages/airflow/example_dags/example_sensor_decorator.py
[2026-07-16T05:36:37.209+0000] {processor.py:840} INFO - DAG(s) 'example_sensor_decorator' retrieved from /home/airflow/.local/lib/python3.8/site-packages/airflow/example_dags/example_sensor_decorator.py
[2026-07-16T05:36:37.232+0000] {logging_mixin.py:188} INFO - [2026-07-16T05:36:37.231+0000] {dag.py:3036} INFO - Sync 1 DAGs
[2026-07-16T05:36:37.243+0000] {logging_mixin.py:188} INFO - [2026-07-16T05:36:37.242+0000] {dag.py:3823} INFO - Setting next_dagrun for example_sensor_decorator to None, run_after=None
[2026-07-16T05:36:37.263+0000] {processor.py:183} INFO - Processing /home/airflow/.local/lib/python3.8/site-packages/airflow/example_dags/example_sensor_decorator.py took 0.071 seconds
[2026-07-16T05:37:07.440+0000] {processor.py:161} INFO - Started process (PID=1753) to work on /home/airflow/.local/lib/python3.8/site-packages/airflow/example_dags/example_sensor_decorator.py
[2026-07-16T05:37:07.443+0000] {processor.py:830} INFO - Processing file /home/airflow/.local/lib/python3.8/site-packages/airflow/example_dags/example_sensor_decorator.py for tasks to queue
[2026-07-16T05:37:07.445+0000] {logging_mixin.py:188} INFO - [2026-07-16T05:37:07.444+0000] {dagbag.py:538} INFO - Filling up the DagBag from /home/airflow/.local/lib/python3.8/site-packages/airflow/example_dags/example_sensor_decorator.py
[2026-07-16T05:37:07.450+0000] {processor.py:840} INFO - DAG(s) 'example_sensor_decorator' retrieved from /home/airflow/.local/lib/python3.8/site-packages/airflow/example_dags/example_sensor_decorator.py
[2026-07-16T05:37:07.471+0000] {logging_mixin.py:188} INFO - [2026-07-16T05:37:07.471+0000] {dag.py:3036} INFO - Sync 1 DAGs
[2026-07-16T05:37:07.482+0000] {logging_mixin.py:188} INFO - [2026-07-16T05:37:07.482+0000] {dag.py:3823} INFO - Setting next_dagrun for example_sensor_decorator to None, run_after=None
[2026-07-16T05:37:07.500+0000] {processor.py:183} INFO - Processing /home/airflow/.local/lib/python3.8/site-packages/airflow/example_dags/example_sensor_decorator.py took 0.063 seconds
[2026-07-16T05:37:37.702+0000] {processor.py:161} INFO - Started process (PID=1809) to work on /home/airflow/.local/lib/python3.8/site-packages/airflow/example_dags/example_sensor_decorator.py
[2026-07-16T05:37:37.705+0000] {processor.py:830} INFO - Processing file /home/airflow/.local/lib/python3.8/site-packages/airflow/example_dags/example_sensor_decorator.py for tasks to queue
[2026-07-16T05:37:37.707+0000] {logging_mixin.py:188} INFO - [2026-07-16T05:37:37.707+0000] {dagbag.py:538} INFO - Filling up the DagBag from /home/airflow/.local/lib/python3.8/site-packages/airflow/example_dags/example_sensor_decorator.py
[2026-07-16T05:37:37.724+0000] {processor.py:840} INFO - DAG(s) 'example_sensor_decorator' retrieved from /home/airflow/.local/lib/python3.8/site-packages/airflow/example_dags/example_sensor_decorator.py
[2026-07-16T05:37:37.756+0000] {logging_mixin.py:188} INFO - [2026-07-16T05:37:37.756+0000] {dag.py:3036} INFO - Sync 1 DAGs
[2026-07-16T05:37:37.785+0000] {logging_mixin.py:188} INFO - [2026-07-16T05:37:37.784+0000] {dag.py:3823} INFO - Setting next_dagrun for example_sensor_decorator to None, run_after=None
[2026-07-16T05:37:37.822+0000] {processor.py:183} INFO - Processing /home/airflow/.local/lib/python3.8/site-packages/airflow/example_dags/example_sensor_decorator.py took 0.123 seconds
[2026-07-16T05:38:08.128+0000] {processor.py:161} INFO - Started process (PID=1865) to work on /home/airflow/.local/lib/python3.8/site-packages/airflow/example_dags/example_sensor_decorator.py
[2026-07-16T05:38:08.131+0000] {processor.py:830} INFO - Processing file /home/airflow/.local/lib/python3.8/site-packages/airflow/example_dags/example_sensor_decorator.py for tasks to queue
[2026-07-16T05:38:08.134+0000] {logging_mixin.py:188} INFO - [2026-07-16T05:38:08.134+0000] {dagbag.py:538} INFO - Filling up the DagBag from /home/airflow/.local/lib/python3.8/site-packages/airflow/example_dags/example_sensor_decorator.py
[2026-07-16T05:38:08.143+0000] {processor.py:840} INFO - DAG(s) 'example_sensor_decorator' retrieved from /home/airflow/.local/lib/python3.8/site-packages/airflow/example_dags/example_sensor_decorator.py
[2026-07-16T05:38:08.170+0000] {logging_mixin.py:188} INFO - [2026-07-16T05:38:08.170+0000] {dag.py:3036} INFO - Sync 1 DAGs
[2026-07-16T05:38:08.182+0000] {logging_mixin.py:188} INFO - [2026-07-16T05:38:08.182+0000] {dag.py:3823} INFO - Setting next_dagrun for example_sensor_decorator to None, run_after=None
[2026-07-16T05:38:08.210+0000] {processor.py:183} INFO - Processing /home/airflow/.local/lib/python3.8/site-packages/airflow/example_dags/example_sensor_decorator.py took 0.088 seconds
[2026-07-16T05:38:38.439+0000] {processor.py:161} INFO - Started process (PID=1921) to work on /home/airflow/.local/lib/python3.8/site-packages/airflow/example_dags/example_sensor_decorator.py
[2026-07-16T05:38:38.440+0000] {processor.py:830} INFO - Processing file /home/airflow/.local/lib/python3.8/site-packages/airflow/example_dags/example_sensor_decorator.py for tasks to queue
[2026-07-16T05:38:38.441+0000] {logging_mixin.py:188} INFO - [2026-07-16T05:38:38.441+0000] {dagbag.py:538} INFO - Filling up the DagBag from /home/airflow/.local/lib/python3.8/site-packages/airflow/example_dags/example_sensor_decorator.py
[2026-07-16T05:38:38.447+0000] {processor.py:840} INFO - DAG(s) 'example_sensor_decorator' retrieved from /home/airflow/.local/lib/python3.8/site-packages/airflow/example_dags/example_sensor_decorator.py
[2026-07-16T05:38:38.463+0000] {logging_mixin.py:188} INFO - [2026-07-16T05:38:38.462+0000] {dag.py:3036} INFO - Sync 1 DAGs
[2026-07-16T05:38:38.471+0000] {logging_mixin.py:188} INFO - [2026-07-16T05:38:38.471+0000] {dag.py:3823} INFO - Setting next_dagrun for example_sensor_decorator to None, run_after=None
[2026-07-16T05:38:38.485+0000] {processor.py:183} INFO - Processing /home/airflow/.local/lib/python3.8/site-packages/airflow/example_dags/example_sensor_decorator.py took 0.051 seconds
[2026-07-16T05:39:08.879+0000] {processor.py:161} INFO - Started process (PID=1977) to work on /home/airflow/.local/lib/python3.8/site-packages/airflow/example_dags/example_sensor_decorator.py
[2026-07-16T05:39:08.882+0000] {processor.py:830} INFO - Processing file /home/airflow/.local/lib/python3.8/site-packages/airflow/example_dags/example_sensor_decorator.py for tasks to queue
[2026-07-16T05:39:08.884+0000] {logging_mixin.py:188} INFO - [2026-07-16T05:39:08.883+0000] {dagbag.py:538} INFO - Filling up the DagBag from /home/airflow/.local/lib/python3.8/site-packages/airflow/example_dags/example_sensor_decorator.py
[2026-07-16T05:39:08.890+0000] {processor.py:840} INFO - DAG(s) 'example_sensor_decorator' retrieved from /home/airflow/.local/lib/python3.8/site-packages/airflow/example_dags/example_sensor_decorator.py
[2026-07-16T05:39:08.910+0000] {logging_mixin.py:188} INFO - [2026-07-16T05:39:08.910+0000] {dag.py:3036} INFO - Sync 1 DAGs
[2026-07-16T05:39:08.921+0000] {logging_mixin.py:188} INFO - [2026-07-16T05:39:08.920+0000] {dag.py:3823} INFO - Setting next_dagrun for example_sensor_decorator to None, run_after=None
[2026-07-16T05:39:08.937+0000] {processor.py:183} INFO - Processing /home/airflow/.local/lib/python3.8/site-packages/airflow/example_dags/example_sensor_decorator.py took 0.062 seconds
[2026-07-16T05:39:39.031+0000] {processor.py:161} INFO - Started process (PID=2033) to work on /home/airflow/.local/lib/python3.8/site-packages/airflow/example_dags/example_sensor_decorator.py
[2026-07-16T05:39:39.034+0000] {processor.py:830} INFO - Processing file /home/airflow/.local/lib/python3.8/site-packages/airflow/example_dags/example_sensor_decorator.py for tasks to queue
[2026-07-16T05:39:39.037+0000] {logging_mixin.py:188} INFO - [2026-07-16T05:39:39.036+0000] {dagbag.py:538} INFO - Filling up the DagBag from /home/airflow/.local/lib/python3.8/site-packages/airflow/example_dags/example_sensor_decorator.py
[2026-07-16T05:39:39.043+0000] {processor.py:840} INFO - DAG(s) 'example_sensor_decorator' retrieved from /home/airflow/.local/lib/python3.8/site-packages/airflow/example_dags/example_sensor_decorator.py
[2026-07-16T05:39:39.061+0000] {logging_mixin.py:188} INFO - [2026-07-16T05:39:39.061+0000] {dag.py:3036} INFO - Sync 1 DAGs
[2026-07-16T05:39:39.072+0000] {logging_mixin.py:188} INFO - [2026-07-16T05:39:39.072+0000] {dag.py:3823} INFO - Setting next_dagrun for example_sensor_decorator to None, run_after=None
[2026-07-16T05:39:39.090+0000] {processor.py:183} INFO - Processing /home/airflow/.local/lib/python3.8/site-packages/airflow/example_dags/example_sensor_decorator.py took 0.064 seconds
[2026-07-16T05:40:09.293+0000] {processor.py:161} INFO - Started process (PID=2089) to work on /home/airflow/.local/lib/python3.8/site-packages/airflow/example_dags/example_sensor_decorator.py
[2026-07-16T05:40:09.294+0000] {processor.py:830} INFO - Processing file /home/airflow/.local/lib/python3.8/site-packages/airflow/example_dags/example_sensor_decorator.py for tasks to queue
[2026-07-16T05:40:09.296+0000] {logging_mixin.py:188} INFO - [2026-07-16T05:40:09.295+0000] {dagbag.py:538} INFO - Filling up the DagBag from /home/airflow/.local/lib/python3.8/site-packages/airflow/example_dags/example_sensor_decorator.py
[2026-07-16T05:40:09.302+0000] {processor.py:840} INFO - DAG(s) 'example_sensor_decorator' retrieved from /home/airflow/.local/lib/python3.8/site-packages/airflow/example_dags/example_sensor_decorator.py
[2026-07-16T05:40:09.321+0000] {logging_mixin.py:188} INFO - [2026-07-16T05:40:09.321+0000] {dag.py:3036} INFO - Sync 1 DAGs
[2026-07-16T05:40:09.331+0000] {logging_mixin.py:188} INFO - [2026-07-16T05:40:09.330+0000] {dag.py:3823} INFO - Setting next_dagrun for example_sensor_decorator to None, run_after=None
[2026-07-16T05:40:09.346+0000] {processor.py:183} INFO - Processing /home/airflow/.local/lib/python3.8/site-packages/airflow/example_dags/example_sensor_decorator.py took 0.056 seconds
[2026-07-16T05:40:39.632+0000] {processor.py:161} INFO - Started process (PID=2145) to work on /home/airflow/.local/lib/python3.8/site-packages/airflow/example_dags/example_sensor_decorator.py
[2026-07-16T05:40:39.634+0000] {processor.py:830} INFO - Processing file /home/airflow/.local/lib/python3.8/site-packages/airflow/example_dags/example_sensor_decorator.py for tasks to queue
[2026-07-16T05:40:39.638+0000] {logging_mixin.py:188} INFO - [2026-07-16T05:40:39.638+0000] {dagbag.py:538} INFO - Filling up the DagBag from /home/airflow/.local/lib/python3.8/site-packages/airflow/example_dags/example_sensor_decorator.py
[2026-07-16T05:40:39.653+0000] {processor.py:840} INFO - DAG(s) 'example_sensor_decorator' retrieved from /home/airflow/.local/lib/python3.8/site-packages/airflow/example_dags/example_sensor_decorator.py
[2026-07-16T05:40:39.702+0000] {logging_mixin.py:188} INFO - [2026-07-16T05:40:39.701+0000] {dag.py:3036} INFO - Sync 1 DAGs
[2026-07-16T05:40:39.726+0000] {logging_mixin.py:188} INFO - [2026-07-16T05:40:39.726+0000] {dag.py:3823} INFO - Setting next_dagrun for example_sensor_decorator to None, run_after=None
[2026-07-16T05:40:39.769+0000] {processor.py:183} INFO - Processing /home/airflow/.local/lib/python3.8/site-packages/airflow/example_dags/example_sensor_decorator.py took 0.146 seconds
[2026-07-16T05:41:10.077+0000] {processor.py:161} INFO - Started process (PID=2201) to work on /home/airflow/.local/lib/python3.8/site-packages/airflow/example_dags/example_sensor_decorator.py
[2026-07-16T05:41:10.079+0000] {processor.py:830} INFO - Processing file /home/airflow/.local/lib/python3.8/site-packages/airflow/example_dags/example_sensor_decorator.py for tasks to queue
[2026-07-16T05:41:10.081+0000] {logging_mixin.py:188} INFO - [2026-07-16T05:41:10.081+0000] {dagbag.py:538} INFO - Filling up the DagBag from /home/airflow/.local/lib/python3.8/site-packages/airflow/example_dags/example_sensor_decorator.py
[2026-07-16T05:41:10.087+0000] {processor.py:840} INFO - DAG(s) 'example_sensor_decorator' retrieved from /home/airflow/.local/lib/python3.8/site-packages/airflow/example_dags/example_sensor_decorator.py
[2026-07-16T05:41:10.103+0000] {logging_mixin.py:188} INFO - [2026-07-16T05:41:10.103+0000] {dag.py:3036} INFO - Sync 1 DAGs
[2026-07-16T05:41:10.112+0000] {logging_mixin.py:188} INFO - [2026-07-16T05:41:10.112+0000] {dag.py:3823} INFO - Setting next_dagrun for example_sensor_decorator to None, run_after=None
[2026-07-16T05:41:10.126+0000] {processor.py:183} INFO - Processing /home/airflow/.local/lib/python3.8/site-packages/airflow/example_dags/example_sensor_decorator.py took 0.053 seconds
[2026-07-16T05:41:40.967+0000] {processor.py:161} INFO - Started process (PID=2257) to work on /home/airflow/.local/lib/python3.8/site-packages/airflow/example_dags/example_sensor_decorator.py
[2026-07-16T05:41:40.970+0000] {processor.py:830} INFO - Processing file /home/airflow/.local/lib/python3.8/site-packages/airflow/example_dags/example_sensor_decorator.py for tasks to queue
[2026-07-16T05:41:40.973+0000] {logging_mixin.py:188} INFO - [2026-07-16T05:41:40.972+0000] {dagbag.py:538} INFO - Filling up the DagBag from /home/airflow/.local/lib/python3.8/site-packages/airflow/example_dags/example_sensor_decorator.py
[2026-07-16T05:41:40.979+0000] {processor.py:840} INFO - DAG(s) 'example_sensor_decorator' retrieved from /home/airflow/.local/lib/python3.8/site-packages/airflow/example_dags/example_sensor_decorator.py
[2026-07-16T05:41:40.995+0000] {logging_mixin.py:188} INFO - [2026-07-16T05:41:40.994+0000] {dag.py:3036} INFO - Sync 1 DAGs
[2026-07-16T05:41:41.004+0000] {logging_mixin.py:188} INFO - [2026-07-16T05:41:41.003+0000] {dag.py:3823} INFO - Setting next_dagrun for example_sensor_decorator to None, run_after=None
[2026-07-16T05:41:41.018+0000] {processor.py:183} INFO - Processing /home/airflow/.local/lib/python3.8/site-packages/airflow/example_dags/example_sensor_decorator.py took 0.056 seconds
[2026-07-16T05:42:11.868+0000] {processor.py:161} INFO - Started process (PID=2313) to work on /home/airflow/.local/lib/python3.8/site-packages/airflow/example_dags/example_sensor_decorator.py
[2026-07-16T05:42:11.870+0000] {processor.py:830} INFO - Processing file /home/airflow/.local/lib/python3.8/site-packages/airflow/example_dags/example_sensor_decorator.py for tasks to queue
[2026-07-16T05:42:11.872+0000] {logging_mixin.py:188} INFO - [2026-07-16T05:42:11.871+0000] {dagbag.py:538} INFO - Filling up the DagBag from /home/airflow/.local/lib/python3.8/site-packages/airflow/example_dags/example_sensor_decorator.py
[2026-07-16T05:42:11.877+0000] {processor.py:840} INFO - DAG(s) 'example_sensor_decorator' retrieved from /home/airflow/.local/lib/python3.8/site-packages/airflow/example_dags/example_sensor_decorator.py
[2026-07-16T05:42:11.893+0000] {logging_mixin.py:188} INFO - [2026-07-16T05:42:11.892+0000] {dag.py:3036} INFO - Sync 1 DAGs
[2026-07-16T05:42:11.902+0000] {logging_mixin.py:188} INFO - [2026-07-16T05:42:11.902+0000] {dag.py:3823} INFO - Setting next_dagrun for example_sensor_decorator to None, run_after=None
[2026-07-16T05:42:11.917+0000] {processor.py:183} INFO - Processing /home/airflow/.local/lib/python3.8/site-packages/airflow/example_dags/example_sensor_decorator.py took 0.052 seconds
[2026-07-16T05:42:42.159+0000] {processor.py:161} INFO - Started process (PID=2369) to work on /home/airflow/.local/lib/python3.8/site-packages/airflow/example_dags/example_sensor_decorator.py
[2026-07-16T05:42:42.160+0000] {processor.py:830} INFO - Processing file /home/airflow/.local/lib/python3.8/site-packages/airflow/example_dags/example_sensor_decorator.py for tasks to queue
[2026-07-16T05:42:42.162+0000] {logging_mixin.py:188} INFO - [2026-07-16T05:42:42.161+0000] {dagbag.py:538} INFO - Filling up the DagBag from /home/airflow/.local/lib/python3.8/site-packages/airflow/example_dags/example_sensor_decorator.py
[2026-07-16T05:42:42.166+0000] {processor.py:840} INFO - DAG(s) 'example_sensor_decorator' retrieved from /home/airflow/.local/lib/python3.8/site-packages/airflow/example_dags/example_sensor_decorator.py
[2026-07-16T05:42:42.183+0000] {logging_mixin.py:188} INFO - [2026-07-16T05:42:42.183+0000] {dag.py:3036} INFO - Sync 1 DAGs
[2026-07-16T05:42:42.192+0000] {logging_mixin.py:188} INFO - [2026-07-16T05:42:42.192+0000] {dag.py:3823} INFO - Setting next_dagrun for example_sensor_decorator to None, run_after=None
[2026-07-16T05:42:42.206+0000] {processor.py:183} INFO - Processing /home/airflow/.local/lib/python3.8/site-packages/airflow/example_dags/example_sensor_decorator.py took 0.051 seconds
[2026-07-16T05:43:12.564+0000] {processor.py:161} INFO - Started process (PID=2425) to work on /home/airflow/.local/lib/python3.8/site-packages/airflow/example_dags/example_sensor_decorator.py
[2026-07-16T05:43:12.567+0000] {processor.py:830} INFO - Processing file /home/airflow/.local/lib/python3.8/site-packages/airflow/example_dags/example_sensor_decorator.py for tasks to queue
[2026-07-16T05:43:12.569+0000] {logging_mixin.py:188} INFO - [2026-07-16T05:43:12.568+0000] {dagbag.py:538} INFO - Filling up the DagBag from /home/airflow/.local/lib/python3.8/site-packages/airflow/example_dags/example_sensor_decorator.py
[2026-07-16T05:43:12.574+0000] {processor.py:840} INFO - DAG(s) 'example_sensor_decorator' retrieved from /home/airflow/.local/lib/python3.8/site-packages/airflow/example_dags/example_sensor_decorator.py
[2026-07-16T05:43:12.591+0000] {logging_mixin.py:188} INFO - [2026-07-16T05:43:12.591+0000] {dag.py:3036} INFO - Sync 1 DAGs
[2026-07-16T05:43:12.602+0000] {logging_mixin.py:188} INFO - [2026-07-16T05:43:12.602+0000] {dag.py:3823} INFO - Setting next_dagrun for example_sensor_decorator to None, run_after=None
[2026-07-16T05:43:12.618+0000] {processor.py:183} INFO - Processing /home/airflow/.local/lib/python3.8/site-packages/airflow/example_dags/example_sensor_decorator.py took 0.056 seconds
[2026-07-16T05:43:43.086+0000] {processor.py:161} INFO - Started process (PID=2481) to work on /home/airflow/.local/lib/python3.8/site-packages/airflow/example_dags/example_sensor_decorator.py
[2026-07-16T05:43:43.089+0000] {processor.py:830} INFO - Processing file /home/airflow/.local/lib/python3.8/site-packages/airflow/example_dags/example_sensor_decorator.py for tasks to queue
[2026-07-16T05:43:43.090+0000] {logging_mixin.py:188} INFO - [2026-07-16T05:43:43.090+0000] {dagbag.py:538} INFO - Filling up the DagBag from /home/airflow/.local/lib/python3.8/site-packages/airflow/example_dags/example_sensor_decorator.py
[2026-07-16T05:43:43.096+0000] {processor.py:840} INFO - DAG(s) 'example_sensor_decorator' retrieved from /home/airflow/.local/lib/python3.8/site-packages/airflow/example_dags/example_sensor_decorator.py
[2026-07-16T05:43:43.114+0000] {logging_mixin.py:188} INFO - [2026-07-16T05:43:43.114+0000] {dag.py:3036} INFO - Sync 1 DAGs
[2026-07-16T05:43:43.124+0000] {logging_mixin.py:188} INFO - [2026-07-16T05:43:43.124+0000] {dag.py:3823} INFO - Setting next_dagrun for example_sensor_decorator to None, run_after=None
[2026-07-16T05:43:43.142+0000] {processor.py:183} INFO - Processing /home/airflow/.local/lib/python3.8/site-packages/airflow/example_dags/example_sensor_decorator.py took 0.059 seconds
[2026-07-16T05:44:13.583+0000] {processor.py:161} INFO - Started process (PID=2537) to work on /home/airflow/.local/lib/python3.8/site-packages/airflow/example_dags/example_sensor_decorator.py
[2026-07-16T05:44:13.584+0000] {processor.py:830} INFO - Processing file /home/airflow/.local/lib/python3.8/site-packages/airflow/example_dags/example_sensor_decorator.py for tasks to queue
[2026-07-16T05:44:13.585+0000] {logging_mixin.py:188} INFO - [2026-07-16T05:44:13.585+0000] {dagbag.py:538} INFO - Filling up the DagBag from /home/airflow/.local/lib/python3.8/site-packages/airflow/example_dags/example_sensor_decorator.py
[2026-07-16T05:44:13.590+0000] {processor.py:840} INFO - DAG(s) 'example_sensor_decorator' retrieved from /home/airflow/.local/lib/python3.8/site-packages/airflow/example_dags/example_sensor_decorator.py
[2026-07-16T05:44:13.607+0000] {logging_mixin.py:188} INFO - [2026-07-16T05:44:13.607+0000] {dag.py:3036} INFO - Sync 1 DAGs
[2026-07-16T05:44:13.617+0000] {logging_mixin.py:188} INFO - [2026-07-16T05:44:13.617+0000] {dag.py:3823} INFO - Setting next_dagrun for example_sensor_decorator to None, run_after=None
[2026-07-16T05:44:13.632+0000] {processor.py:183} INFO - Processing /home/airflow/.local/lib/python3.8/site-packages/airflow/example_dags/example_sensor_decorator.py took 0.052 seconds
[2026-07-16T05:44:43.932+0000] {processor.py:161} INFO - Started process (PID=2593) to work on /home/airflow/.local/lib/python3.8/site-packages/airflow/example_dags/example_sensor_decorator.py
[2026-07-16T05:44:43.935+0000] {processor.py:830} INFO - Processing file /home/airflow/.local/lib/python3.8/site-packages/airflow/example_dags/example_sensor_decorator.py for tasks to queue
[2026-07-16T05:44:43.937+0000] {logging_mixin.py:188} INFO - [2026-07-16T05:44:43.937+0000] {dagbag.py:538} INFO - Filling up the DagBag from /home/airflow/.local/lib/python3.8/site-packages/airflow/example_dags/example_sensor_decorator.py
[2026-07-16T05:44:43.944+0000] {processor.py:840} INFO - DAG(s) 'example_sensor_decorator' retrieved from /home/airflow/.local/lib/python3.8/site-packages/airflow/example_dags/example_sensor_decorator.py
[2026-07-16T05:44:43.959+0000] {logging_mixin.py:188} INFO - [2026-07-16T05:44:43.959+0000] {dag.py:3036} INFO - Sync 1 DAGs
[2026-07-16T05:44:43.967+0000] {logging_mixin.py:188} INFO - [2026-07-16T05:44:43.967+0000] {dag.py:3823} INFO - Setting next_dagrun for example_sensor_decorator to None, run_after=None
[2026-07-16T05:44:43.981+0000] {processor.py:183} INFO - Processing /home/airflow/.local/lib/python3.8/site-packages/airflow/example_dags/example_sensor_decorator.py took 0.053 seconds
[2026-07-16T05:45:15.235+0000] {processor.py:161} INFO - Started process (PID=2649) to work on /home/airflow/.local/lib/python3.8/site-packages/airflow/example_dags/example_sensor_decorator.py
[2026-07-16T05:45:15.236+0000] {processor.py:830} INFO - Processing file /home/airflow/.local/lib/python3.8/site-packages/airflow/example_dags/example_sensor_decorator.py for tasks to queue
[2026-07-16T05:45:15.238+0000] {logging_mixin.py:188} INFO - [2026-07-16T05:45:15.238+0000] {dagbag.py:538} INFO - Filling up the DagBag from /home/airflow/.local/lib/python3.8/site-packages/airflow/example_dags/example_sensor_decorator.py
[2026-07-16T05:45:15.244+0000] {processor.py:840} INFO - DAG(s) 'example_sensor_decorator' retrieved from /home/airflow/.local/lib/python3.8/site-packages/airflow/example_dags/example_sensor_decorator.py
[2026-07-16T05:45:15.262+0000] {logging_mixin.py:188} INFO - [2026-07-16T05:45:15.262+0000] {dag.py:3036} INFO - Sync 1 DAGs
[2026-07-16T05:45:15.272+0000] {logging_mixin.py:188} INFO - [2026-07-16T05:45:15.272+0000] {dag.py:3823} INFO - Setting next_dagrun for example_sensor_decorator to None, run_after=None
[2026-07-16T05:45:15.286+0000] {processor.py:183} INFO - Processing /home/airflow/.local/lib/python3.8/site-packages/airflow/example_dags/example_sensor_decorator.py took 0.056 seconds
[2026-07-16T05:45:45.382+0000] {processor.py:161} INFO - Started process (PID=2705) to work on /home/airflow/.local/lib/python3.8/site-packages/airflow/example_dags/example_sensor_decorator.py
[2026-07-16T05:45:45.384+0000] {processor.py:830} INFO - Processing file /home/airflow/.local/lib/python3.8/site-packages/airflow/example_dags/example_sensor_decorator.py for tasks to queue
[2026-07-16T05:45:45.385+0000] {logging_mixin.py:188} INFO - [2026-07-16T05:45:45.385+0000] {dagbag.py:538} INFO - Filling up the DagBag from /home/airflow/.local/lib/python3.8/site-packages/airflow/example_dags/example_sensor_decorator.py
[2026-07-16T05:45:45.391+0000] {processor.py:840} INFO - DAG(s) 'example_sensor_decorator' retrieved from /home/airflow/.local/lib/python3.8/site-packages/airflow/example_dags/example_sensor_decorator.py
[2026-07-16T05:45:45.410+0000] {logging_mixin.py:188} INFO - [2026-07-16T05:45:45.409+0000] {dag.py:3036} INFO - Sync 1 DAGs
[2026-07-16T05:45:45.421+0000] {logging_mixin.py:188} INFO - [2026-07-16T05:45:45.420+0000] {dag.py:3823} INFO - Setting next_dagrun for example_sensor_decorator to None, run_after=None
[2026-07-16T05:45:45.438+0000] {processor.py:183} INFO - Processing /home/airflow/.local/lib/python3.8/site-packages/airflow/example_dags/example_sensor_decorator.py took 0.059 seconds
[2026-07-16T05:46:16.914+0000] {processor.py:161} INFO - Started process (PID=2762) to work on /home/airflow/.local/lib/python3.8/site-packages/airflow/example_dags/example_sensor_decorator.py
[2026-07-16T05:46:16.915+0000] {processor.py:830} INFO - Processing file /home/airflow/.local/lib/python3.8/site-packages/airflow/example_dags/example_sensor_decorator.py for tasks to queue
[2026-07-16T05:46:16.916+0000] {logging_mixin.py:188} INFO - [2026-07-16T05:46:16.916+0000] {dagbag.py:538} INFO - Filling up the DagBag from /home/airflow/.local/lib/python3.8/site-packages/airflow/example_dags/example_sensor_decorator.py
[2026-07-16T05:46:16.925+0000] {processor.py:840} INFO - DAG(s) 'example_sensor_decorator' retrieved from /home/airflow/.local/lib/python3.8/site-packages/airflow/example_dags/example_sensor_decorator.py
[2026-07-16T05:46:16.953+0000] {logging_mixin.py:188} INFO - [2026-07-16T05:46:16.953+0000] {dag.py:3036} INFO - Sync 1 DAGs
[2026-07-16T05:46:16.968+0000] {logging_mixin.py:188} INFO - [2026-07-16T05:46:16.967+0000] {dag.py:3823} INFO - Setting next_dagrun for example_sensor_decorator to None, run_after=None
[2026-07-16T05:46:16.989+0000] {processor.py:183} INFO - Processing /home/airflow/.local/lib/python3.8/site-packages/airflow/example_dags/example_sensor_decorator.py took 0.078 seconds
[2026-07-16T05:46:47.212+0000] {processor.py:161} INFO - Started process (PID=2818) to work on /home/airflow/.local/lib/python3.8/site-packages/airflow/example_dags/example_sensor_decorator.py
[2026-07-16T05:46:47.213+0000] {processor.py:830} INFO - Processing file /home/airflow/.local/lib/python3.8/site-packages/airflow/example_dags/example_sensor_decorator.py for tasks to queue
[2026-07-16T05:46:47.215+0000] {logging_mixin.py:188} INFO - [2026-07-16T05:46:47.215+0000] {dagbag.py:538} INFO - Filling up the DagBag from /home/airflow/.local/lib/python3.8/site-packages/airflow/example_dags/example_sensor_decorator.py
[2026-07-16T05:46:47.223+0000] {processor.py:840} INFO - DAG(s) 'example_sensor_decorator' retrieved from /home/airflow/.local/lib/python3.8/site-packages/airflow/example_dags/example_sensor_decorator.py
[2026-07-16T05:46:47.242+0000] {logging_mixin.py:188} INFO - [2026-07-16T05:46:47.242+0000] {dag.py:3036} INFO - Sync 1 DAGs
[2026-07-16T05:46:47.252+0000] {logging_mixin.py:188} INFO - [2026-07-16T05:46:47.252+0000] {dag.py:3823} INFO - Setting next_dagrun for example_sensor_decorator to None, run_after=None
[2026-07-16T05:46:47.268+0000] {processor.py:183} INFO - Processing /home/airflow/.local/lib/python3.8/site-packages/airflow/example_dags/example_sensor_decorator.py took 0.059 seconds
[2026-07-16T05:47:17.903+0000] {processor.py:161} INFO - Started process (PID=2874) to work on /home/airflow/.local/lib/python3.8/site-packages/airflow/example_dags/example_sensor_decorator.py
[2026-07-16T05:47:17.904+0000] {processor.py:830} INFO - Processing file /home/airflow/.local/lib/python3.8/site-packages/airflow/example_dags/example_sensor_decorator.py for tasks to queue
[2026-07-16T05:47:17.907+0000] {logging_mixin.py:188} INFO - [2026-07-16T05:47:17.907+0000] {dagbag.py:538} INFO - Filling up the DagBag from /home/airflow/.local/lib/python3.8/site-packages/airflow/example_dags/example_sensor_decorator.py
[2026-07-16T05:47:17.919+0000] {processor.py:840} INFO - DAG(s) 'example_sensor_decorator' retrieved from /home/airflow/.local/lib/python3.8/site-packages/airflow/example_dags/example_sensor_decorator.py
[2026-07-16T05:47:17.954+0000] {logging_mixin.py:188} INFO - [2026-07-16T05:47:17.953+0000] {dag.py:3036} INFO - Sync 1 DAGs
[2026-07-16T05:47:17.979+0000] {logging_mixin.py:188} INFO - [2026-07-16T05:47:17.978+0000] {dag.py:3823} INFO - Setting next_dagrun for example_sensor_decorator to None, run_after=None
[2026-07-16T05:47:18.018+0000] {processor.py:183} INFO - Processing /home/airflow/.local/lib/python3.8/site-packages/airflow/example_dags/example_sensor_decorator.py took 0.121 seconds
[2026-07-16T05:47:48.938+0000] {processor.py:161} INFO - Started process (PID=2930) to work on /home/airflow/.local/lib/python3.8/site-packages/airflow/example_dags/example_sensor_decorator.py
[2026-07-16T05:47:48.939+0000] {processor.py:830} INFO - Processing file /home/airflow/.local/lib/python3.8/site-packages/airflow/example_dags/example_sensor_decorator.py for tasks to queue
[2026-07-16T05:47:48.942+0000] {logging_mixin.py:188} INFO - [2026-07-16T05:47:48.942+0000] {dagbag.py:538} INFO - Filling up the DagBag from /home/airflow/.local/lib/python3.8/site-packages/airflow/example_dags/example_sensor_decorator.py
[2026-07-16T05:47:48.954+0000] {processor.py:840} INFO - DAG(s) 'example_sensor_decorator' retrieved from /home/airflow/.local/lib/python3.8/site-packages/airflow/example_dags/example_sensor_decorator.py
[2026-07-16T05:47:48.982+0000] {logging_mixin.py:188} INFO - [2026-07-16T05:47:48.982+0000] {dag.py:3036} INFO - Sync 1 DAGs
[2026-07-16T05:47:48.995+0000] {logging_mixin.py:188} INFO - [2026-07-16T05:47:48.995+0000] {dag.py:3823} INFO - Setting next_dagrun for example_sensor_decorator to None, run_after=None
[2026-07-16T05:47:49.019+0000] {processor.py:183} INFO - Processing /home/airflow/.local/lib/python3.8/site-packages/airflow/example_dags/example_sensor_decorator.py took 0.086 seconds
[2026-07-16T05:48:19.895+0000] {processor.py:161} INFO - Started process (PID=2986) to work on /home/airflow/.local/lib/python3.8/site-packages/airflow/example_dags/example_sensor_decorator.py
[2026-07-16T05:48:19.898+0000] {processor.py:830} INFO - Processing file /home/airflow/.local/lib/python3.8/site-packages/airflow/example_dags/example_sensor_decorator.py for tasks to queue
[2026-07-16T05:48:19.901+0000] {logging_mixin.py:188} INFO - [2026-07-16T05:48:19.901+0000] {dagbag.py:538} INFO - Filling up the DagBag from /home/airflow/.local/lib/python3.8/site-packages/airflow/example_dags/example_sensor_decorator.py
[2026-07-16T05:48:19.912+0000] {processor.py:840} INFO - DAG(s) 'example_sensor_decorator' retrieved from /home/airflow/.local/lib/python3.8/site-packages/airflow/example_dags/example_sensor_decorator.py
[2026-07-16T05:48:19.940+0000] {logging_mixin.py:188} INFO - [2026-07-16T05:48:19.940+0000] {dag.py:3036} INFO - Sync 1 DAGs
[2026-07-16T05:48:20.179+0000] {logging_mixin.py:188} INFO - [2026-07-16T05:48:20.179+0000] {dag.py:3823} INFO - Setting next_dagrun for example_sensor_decorator to None, run_after=None
[2026-07-16T05:48:20.207+0000] {processor.py:183} INFO - Processing /home/airflow/.local/lib/python3.8/site-packages/airflow/example_dags/example_sensor_decorator.py took 0.318 seconds
