[2026-07-16T05:21:59.587+0000] {processor.py:161} INFO - Started process (PID=100) to work on /home/airflow/.local/lib/python3.8/site-packages/airflow/example_dags/example_short_circuit_operator.py
[2026-07-16T05:21:59.589+0000] {processor.py:830} INFO - Processing file /home/airflow/.local/lib/python3.8/site-packages/airflow/example_dags/example_short_circuit_operator.py for tasks to queue
[2026-07-16T05:21:59.595+0000] {logging_mixin.py:188} INFO - [2026-07-16T05:21:59.594+0000] {dagbag.py:538} INFO - Filling up the DagBag from /home/airflow/.local/lib/python3.8/site-packages/airflow/example_dags/example_short_circuit_operator.py
[2026-07-16T05:21:59.620+0000] {processor.py:840} INFO - DAG(s) 'example_short_circuit_operator' retrieved from /home/airflow/.local/lib/python3.8/site-packages/airflow/example_dags/example_short_circuit_operator.py
[2026-07-16T05:21:59.926+0000] {logging_mixin.py:188} INFO - [2026-07-16T05:21:59.925+0000] {dag.py:3036} INFO - Sync 1 DAGs
[2026-07-16T05:21:59.976+0000] {logging_mixin.py:188} INFO - [2026-07-16T05:21:59.976+0000] {dag.py:3823} INFO - Setting next_dagrun for example_short_circuit_operator to 2026-07-15 00:00:00+00:00, run_after=2026-07-16 00:00:00+00:00
[2026-07-16T05:22:00.036+0000] {processor.py:183} INFO - Processing /home/airflow/.local/lib/python3.8/site-packages/airflow/example_dags/example_short_circuit_operator.py took 0.457 seconds
[2026-07-16T05:22:30.100+0000] {processor.py:161} INFO - Started process (PID=158) to work on /home/airflow/.local/lib/python3.8/site-packages/airflow/example_dags/example_short_circuit_operator.py
[2026-07-16T05:22:30.103+0000] {processor.py:830} INFO - Processing file /home/airflow/.local/lib/python3.8/site-packages/airflow/example_dags/example_short_circuit_operator.py for tasks to queue
[2026-07-16T05:22:30.106+0000] {logging_mixin.py:188} INFO - [2026-07-16T05:22:30.105+0000] {dagbag.py:538} INFO - Filling up the DagBag from /home/airflow/.local/lib/python3.8/site-packages/airflow/example_dags/example_short_circuit_operator.py
[2026-07-16T05:22:30.118+0000] {processor.py:840} INFO - DAG(s) 'example_short_circuit_operator' retrieved from /home/airflow/.local/lib/python3.8/site-packages/airflow/example_dags/example_short_circuit_operator.py
[2026-07-16T05:22:30.160+0000] {logging_mixin.py:188} INFO - [2026-07-16T05:22:30.159+0000] {dag.py:3036} INFO - Sync 1 DAGs
[2026-07-16T05:22:30.196+0000] {logging_mixin.py:188} INFO - [2026-07-16T05:22:30.195+0000] {dag.py:3823} INFO - Setting next_dagrun for example_short_circuit_operator to 2026-07-15 00:00:00+00:00, run_after=2026-07-16 00:00:00+00:00
[2026-07-16T05:22:30.230+0000] {processor.py:183} INFO - Processing /home/airflow/.local/lib/python3.8/site-packages/airflow/example_dags/example_short_circuit_operator.py took 0.134 seconds
[2026-07-16T05:23:01.793+0000] {processor.py:161} INFO - Started process (PID=214) to work on /home/airflow/.local/lib/python3.8/site-packages/airflow/example_dags/example_short_circuit_operator.py
[2026-07-16T05:23:01.797+0000] {processor.py:830} INFO - Processing file /home/airflow/.local/lib/python3.8/site-packages/airflow/example_dags/example_short_circuit_operator.py for tasks to queue
[2026-07-16T05:23:01.803+0000] {logging_mixin.py:188} INFO - [2026-07-16T05:23:01.801+0000] {dagbag.py:538} INFO - Filling up the DagBag from /home/airflow/.local/lib/python3.8/site-packages/airflow/example_dags/example_short_circuit_operator.py
[2026-07-16T05:23:01.839+0000] {processor.py:840} INFO - DAG(s) 'example_short_circuit_operator' retrieved from /home/airflow/.local/lib/python3.8/site-packages/airflow/example_dags/example_short_circuit_operator.py
[2026-07-16T05:23:01.911+0000] {logging_mixin.py:188} INFO - [2026-07-16T05:23:01.911+0000] {dag.py:3036} INFO - Sync 1 DAGs
[2026-07-16T05:23:01.975+0000] {logging_mixin.py:188} INFO - [2026-07-16T05:23:01.974+0000] {dag.py:3823} INFO - Setting next_dagrun for example_short_circuit_operator to 2026-07-15 00:00:00+00:00, run_after=2026-07-16 00:00:00+00:00
[2026-07-16T05:23:02.024+0000] {processor.py:183} INFO - Processing /home/airflow/.local/lib/python3.8/site-packages/airflow/example_dags/example_short_circuit_operator.py took 0.239 seconds
[2026-07-16T05:23:32.326+0000] {processor.py:161} INFO - Started process (PID=270) to work on /home/airflow/.local/lib/python3.8/site-packages/airflow/example_dags/example_short_circuit_operator.py
[2026-07-16T05:23:32.328+0000] {processor.py:830} INFO - Processing file /home/airflow/.local/lib/python3.8/site-packages/airflow/example_dags/example_short_circuit_operator.py for tasks to queue
[2026-07-16T05:23:32.330+0000] {logging_mixin.py:188} INFO - [2026-07-16T05:23:32.330+0000] {dagbag.py:538} INFO - Filling up the DagBag from /home/airflow/.local/lib/python3.8/site-packages/airflow/example_dags/example_short_circuit_operator.py
[2026-07-16T05:23:32.340+0000] {processor.py:840} INFO - DAG(s) 'example_short_circuit_operator' retrieved from /home/airflow/.local/lib/python3.8/site-packages/airflow/example_dags/example_short_circuit_operator.py
[2026-07-16T05:23:32.375+0000] {logging_mixin.py:188} INFO - [2026-07-16T05:23:32.375+0000] {dag.py:3036} INFO - Sync 1 DAGs
[2026-07-16T05:23:32.404+0000] {logging_mixin.py:188} INFO - [2026-07-16T05:23:32.404+0000] {dag.py:3823} INFO - Setting next_dagrun for example_short_circuit_operator to 2026-07-15 00:00:00+00:00, run_after=2026-07-16 00:00:00+00:00
[2026-07-16T05:23:32.430+0000] {processor.py:183} INFO - Processing /home/airflow/.local/lib/python3.8/site-packages/airflow/example_dags/example_short_circuit_operator.py took 0.109 seconds
[2026-07-16T05:24:06.292+0000] {processor.py:161} INFO - Started process (PID=331) to work on /home/airflow/.local/lib/python3.8/site-packages/airflow/example_dags/example_short_circuit_operator.py
[2026-07-16T05:24:06.300+0000] {processor.py:830} INFO - Processing file /home/airflow/.local/lib/python3.8/site-packages/airflow/example_dags/example_short_circuit_operator.py for tasks to queue
[2026-07-16T05:24:06.313+0000] {logging_mixin.py:188} INFO - [2026-07-16T05:24:06.304+0000] {dagbag.py:538} INFO - Filling up the DagBag from /home/airflow/.local/lib/python3.8/site-packages/airflow/example_dags/example_short_circuit_operator.py
[2026-07-16T05:24:06.334+0000] {processor.py:840} INFO - DAG(s) 'example_short_circuit_operator' retrieved from /home/airflow/.local/lib/python3.8/site-packages/airflow/example_dags/example_short_circuit_operator.py
[2026-07-16T05:24:06.410+0000] {logging_mixin.py:188} INFO - [2026-07-16T05:24:06.410+0000] {dag.py:3036} INFO - Sync 1 DAGs
[2026-07-16T05:24:06.480+0000] {logging_mixin.py:188} INFO - [2026-07-16T05:24:06.479+0000] {dag.py:3823} INFO - Setting next_dagrun for example_short_circuit_operator to 2026-07-15 00:00:00+00:00, run_after=2026-07-16 00:00:00+00:00
[2026-07-16T05:24:06.539+0000] {processor.py:183} INFO - Processing /home/airflow/.local/lib/python3.8/site-packages/airflow/example_dags/example_short_circuit_operator.py took 0.254 seconds
[2026-07-16T05:24:37.244+0000] {processor.py:161} INFO - Started process (PID=387) to work on /home/airflow/.local/lib/python3.8/site-packages/airflow/example_dags/example_short_circuit_operator.py
[2026-07-16T05:24:37.247+0000] {processor.py:830} INFO - Processing file /home/airflow/.local/lib/python3.8/site-packages/airflow/example_dags/example_short_circuit_operator.py for tasks to queue
[2026-07-16T05:24:37.254+0000] {logging_mixin.py:188} INFO - [2026-07-16T05:24:37.253+0000] {dagbag.py:538} INFO - Filling up the DagBag from /home/airflow/.local/lib/python3.8/site-packages/airflow/example_dags/example_short_circuit_operator.py
[2026-07-16T05:24:37.274+0000] {processor.py:840} INFO - DAG(s) 'example_short_circuit_operator' retrieved from /home/airflow/.local/lib/python3.8/site-packages/airflow/example_dags/example_short_circuit_operator.py
[2026-07-16T05:24:37.355+0000] {logging_mixin.py:188} INFO - [2026-07-16T05:24:37.354+0000] {dag.py:3036} INFO - Sync 1 DAGs
[2026-07-16T05:24:37.435+0000] {logging_mixin.py:188} INFO - [2026-07-16T05:24:37.434+0000] {dag.py:3823} INFO - Setting next_dagrun for example_short_circuit_operator to 2026-07-15 00:00:00+00:00, run_after=2026-07-16 00:00:00+00:00
[2026-07-16T05:24:37.515+0000] {processor.py:183} INFO - Processing /home/airflow/.local/lib/python3.8/site-packages/airflow/example_dags/example_short_circuit_operator.py took 0.282 seconds
[2026-07-16T05:25:07.887+0000] {processor.py:161} INFO - Started process (PID=443) to work on /home/airflow/.local/lib/python3.8/site-packages/airflow/example_dags/example_short_circuit_operator.py
[2026-07-16T05:25:07.889+0000] {processor.py:830} INFO - Processing file /home/airflow/.local/lib/python3.8/site-packages/airflow/example_dags/example_short_circuit_operator.py for tasks to queue
[2026-07-16T05:25:07.892+0000] {logging_mixin.py:188} INFO - [2026-07-16T05:25:07.892+0000] {dagbag.py:538} INFO - Filling up the DagBag from /home/airflow/.local/lib/python3.8/site-packages/airflow/example_dags/example_short_circuit_operator.py
[2026-07-16T05:25:07.902+0000] {processor.py:840} INFO - DAG(s) 'example_short_circuit_operator' retrieved from /home/airflow/.local/lib/python3.8/site-packages/airflow/example_dags/example_short_circuit_operator.py
[2026-07-16T05:25:07.936+0000] {logging_mixin.py:188} INFO - [2026-07-16T05:25:07.936+0000] {dag.py:3036} INFO - Sync 1 DAGs
[2026-07-16T05:25:07.967+0000] {logging_mixin.py:188} INFO - [2026-07-16T05:25:07.967+0000] {dag.py:3823} INFO - Setting next_dagrun for example_short_circuit_operator to 2026-07-15 00:00:00+00:00, run_after=2026-07-16 00:00:00+00:00
[2026-07-16T05:25:07.998+0000] {processor.py:183} INFO - Processing /home/airflow/.local/lib/python3.8/site-packages/airflow/example_dags/example_short_circuit_operator.py took 0.121 seconds
[2026-07-16T05:25:38.065+0000] {processor.py:161} INFO - Started process (PID=499) to work on /home/airflow/.local/lib/python3.8/site-packages/airflow/example_dags/example_short_circuit_operator.py
[2026-07-16T05:25:38.068+0000] {processor.py:830} INFO - Processing file /home/airflow/.local/lib/python3.8/site-packages/airflow/example_dags/example_short_circuit_operator.py for tasks to queue
[2026-07-16T05:25:38.072+0000] {logging_mixin.py:188} INFO - [2026-07-16T05:25:38.071+0000] {dagbag.py:538} INFO - Filling up the DagBag from /home/airflow/.local/lib/python3.8/site-packages/airflow/example_dags/example_short_circuit_operator.py
[2026-07-16T05:25:38.088+0000] {processor.py:840} INFO - DAG(s) 'example_short_circuit_operator' retrieved from /home/airflow/.local/lib/python3.8/site-packages/airflow/example_dags/example_short_circuit_operator.py
[2026-07-16T05:25:38.120+0000] {logging_mixin.py:188} INFO - [2026-07-16T05:25:38.120+0000] {dag.py:3036} INFO - Sync 1 DAGs
[2026-07-16T05:25:38.147+0000] {logging_mixin.py:188} INFO - [2026-07-16T05:25:38.147+0000] {dag.py:3823} INFO - Setting next_dagrun for example_short_circuit_operator to 2026-07-15 00:00:00+00:00, run_after=2026-07-16 00:00:00+00:00
[2026-07-16T05:25:38.174+0000] {processor.py:183} INFO - Processing /home/airflow/.local/lib/python3.8/site-packages/airflow/example_dags/example_short_circuit_operator.py took 0.119 seconds
[2026-07-16T05:26:08.367+0000] {processor.py:161} INFO - Started process (PID=555) to work on /home/airflow/.local/lib/python3.8/site-packages/airflow/example_dags/example_short_circuit_operator.py
[2026-07-16T05:26:08.369+0000] {processor.py:830} INFO - Processing file /home/airflow/.local/lib/python3.8/site-packages/airflow/example_dags/example_short_circuit_operator.py for tasks to queue
[2026-07-16T05:26:08.371+0000] {logging_mixin.py:188} INFO - [2026-07-16T05:26:08.371+0000] {dagbag.py:538} INFO - Filling up the DagBag from /home/airflow/.local/lib/python3.8/site-packages/airflow/example_dags/example_short_circuit_operator.py
[2026-07-16T05:26:08.381+0000] {processor.py:840} INFO - DAG(s) 'example_short_circuit_operator' retrieved from /home/airflow/.local/lib/python3.8/site-packages/airflow/example_dags/example_short_circuit_operator.py
[2026-07-16T05:26:08.414+0000] {logging_mixin.py:188} INFO - [2026-07-16T05:26:08.414+0000] {dag.py:3036} INFO - Sync 1 DAGs
[2026-07-16T05:26:08.440+0000] {logging_mixin.py:188} INFO - [2026-07-16T05:26:08.439+0000] {dag.py:3823} INFO - Setting next_dagrun for example_short_circuit_operator to 2026-07-15 00:00:00+00:00, run_after=2026-07-16 00:00:00+00:00
[2026-07-16T05:26:08.471+0000] {processor.py:183} INFO - Processing /home/airflow/.local/lib/python3.8/site-packages/airflow/example_dags/example_short_circuit_operator.py took 0.110 seconds
[2026-07-16T05:26:38.838+0000] {processor.py:161} INFO - Started process (PID=611) to work on /home/airflow/.local/lib/python3.8/site-packages/airflow/example_dags/example_short_circuit_operator.py
[2026-07-16T05:26:38.840+0000] {processor.py:830} INFO - Processing file /home/airflow/.local/lib/python3.8/site-packages/airflow/example_dags/example_short_circuit_operator.py for tasks to queue
[2026-07-16T05:26:38.843+0000] {logging_mixin.py:188} INFO - [2026-07-16T05:26:38.842+0000] {dagbag.py:538} INFO - Filling up the DagBag from /home/airflow/.local/lib/python3.8/site-packages/airflow/example_dags/example_short_circuit_operator.py
[2026-07-16T05:26:38.854+0000] {processor.py:840} INFO - DAG(s) 'example_short_circuit_operator' retrieved from /home/airflow/.local/lib/python3.8/site-packages/airflow/example_dags/example_short_circuit_operator.py
[2026-07-16T05:26:38.887+0000] {logging_mixin.py:188} INFO - [2026-07-16T05:26:38.887+0000] {dag.py:3036} INFO - Sync 1 DAGs
[2026-07-16T05:26:38.917+0000] {logging_mixin.py:188} INFO - [2026-07-16T05:26:38.916+0000] {dag.py:3823} INFO - Setting next_dagrun for example_short_circuit_operator to 2026-07-15 00:00:00+00:00, run_after=2026-07-16 00:00:00+00:00
[2026-07-16T05:26:38.941+0000] {processor.py:183} INFO - Processing /home/airflow/.local/lib/python3.8/site-packages/airflow/example_dags/example_short_circuit_operator.py took 0.108 seconds
[2026-07-16T05:27:08.992+0000] {processor.py:161} INFO - Started process (PID=666) to work on /home/airflow/.local/lib/python3.8/site-packages/airflow/example_dags/example_short_circuit_operator.py
[2026-07-16T05:27:08.994+0000] {processor.py:830} INFO - Processing file /home/airflow/.local/lib/python3.8/site-packages/airflow/example_dags/example_short_circuit_operator.py for tasks to queue
[2026-07-16T05:27:08.997+0000] {logging_mixin.py:188} INFO - [2026-07-16T05:27:08.997+0000] {dagbag.py:538} INFO - Filling up the DagBag from /home/airflow/.local/lib/python3.8/site-packages/airflow/example_dags/example_short_circuit_operator.py
[2026-07-16T05:27:09.010+0000] {processor.py:840} INFO - DAG(s) 'example_short_circuit_operator' retrieved from /home/airflow/.local/lib/python3.8/site-packages/airflow/example_dags/example_short_circuit_operator.py
[2026-07-16T05:27:09.040+0000] {logging_mixin.py:188} INFO - [2026-07-16T05:27:09.040+0000] {dag.py:3036} INFO - Sync 1 DAGs
[2026-07-16T05:27:09.066+0000] {logging_mixin.py:188} INFO - [2026-07-16T05:27:09.066+0000] {dag.py:3823} INFO - Setting next_dagrun for example_short_circuit_operator to 2026-07-15 00:00:00+00:00, run_after=2026-07-16 00:00:00+00:00
[2026-07-16T05:27:09.093+0000] {processor.py:183} INFO - Processing /home/airflow/.local/lib/python3.8/site-packages/airflow/example_dags/example_short_circuit_operator.py took 0.105 seconds
[2026-07-16T05:27:39.140+0000] {processor.py:161} INFO - Started process (PID=722) to work on /home/airflow/.local/lib/python3.8/site-packages/airflow/example_dags/example_short_circuit_operator.py
[2026-07-16T05:27:39.142+0000] {processor.py:830} INFO - Processing file /home/airflow/.local/lib/python3.8/site-packages/airflow/example_dags/example_short_circuit_operator.py for tasks to queue
[2026-07-16T05:27:39.145+0000] {logging_mixin.py:188} INFO - [2026-07-16T05:27:39.144+0000] {dagbag.py:538} INFO - Filling up the DagBag from /home/airflow/.local/lib/python3.8/site-packages/airflow/example_dags/example_short_circuit_operator.py
[2026-07-16T05:27:39.161+0000] {processor.py:840} INFO - DAG(s) 'example_short_circuit_operator' retrieved from /home/airflow/.local/lib/python3.8/site-packages/airflow/example_dags/example_short_circuit_operator.py
[2026-07-16T05:27:39.194+0000] {logging_mixin.py:188} INFO - [2026-07-16T05:27:39.194+0000] {dag.py:3036} INFO - Sync 1 DAGs
[2026-07-16T05:27:39.227+0000] {logging_mixin.py:188} INFO - [2026-07-16T05:27:39.226+0000] {dag.py:3823} INFO - Setting next_dagrun for example_short_circuit_operator to 2026-07-15 00:00:00+00:00, run_after=2026-07-16 00:00:00+00:00
[2026-07-16T05:27:39.256+0000] {processor.py:183} INFO - Processing /home/airflow/.local/lib/python3.8/site-packages/airflow/example_dags/example_short_circuit_operator.py took 0.121 seconds
[2026-07-16T05:28:09.340+0000] {processor.py:161} INFO - Started process (PID=778) to work on /home/airflow/.local/lib/python3.8/site-packages/airflow/example_dags/example_short_circuit_operator.py
[2026-07-16T05:28:09.345+0000] {processor.py:830} INFO - Processing file /home/airflow/.local/lib/python3.8/site-packages/airflow/example_dags/example_short_circuit_operator.py for tasks to queue
[2026-07-16T05:28:09.349+0000] {logging_mixin.py:188} INFO - [2026-07-16T05:28:09.349+0000] {dagbag.py:538} INFO - Filling up the DagBag from /home/airflow/.local/lib/python3.8/site-packages/airflow/example_dags/example_short_circuit_operator.py
[2026-07-16T05:28:09.364+0000] {processor.py:840} INFO - DAG(s) 'example_short_circuit_operator' retrieved from /home/airflow/.local/lib/python3.8/site-packages/airflow/example_dags/example_short_circuit_operator.py
[2026-07-16T05:28:09.424+0000] {logging_mixin.py:188} INFO - [2026-07-16T05:28:09.423+0000] {dag.py:3036} INFO - Sync 1 DAGs
[2026-07-16T05:28:09.460+0000] {logging_mixin.py:188} INFO - [2026-07-16T05:28:09.460+0000] {dag.py:3823} INFO - Setting next_dagrun for example_short_circuit_operator to 2026-07-15 00:00:00+00:00, run_after=2026-07-16 00:00:00+00:00
[2026-07-16T05:28:09.509+0000] {processor.py:183} INFO - Processing /home/airflow/.local/lib/python3.8/site-packages/airflow/example_dags/example_short_circuit_operator.py took 0.175 seconds
[2026-07-16T05:28:40.058+0000] {processor.py:161} INFO - Started process (PID=834) to work on /home/airflow/.local/lib/python3.8/site-packages/airflow/example_dags/example_short_circuit_operator.py
[2026-07-16T05:28:40.061+0000] {processor.py:830} INFO - Processing file /home/airflow/.local/lib/python3.8/site-packages/airflow/example_dags/example_short_circuit_operator.py for tasks to queue
[2026-07-16T05:28:40.065+0000] {logging_mixin.py:188} INFO - [2026-07-16T05:28:40.064+0000] {dagbag.py:538} INFO - Filling up the DagBag from /home/airflow/.local/lib/python3.8/site-packages/airflow/example_dags/example_short_circuit_operator.py
[2026-07-16T05:28:40.080+0000] {processor.py:840} INFO - DAG(s) 'example_short_circuit_operator' retrieved from /home/airflow/.local/lib/python3.8/site-packages/airflow/example_dags/example_short_circuit_operator.py
[2026-07-16T05:28:40.131+0000] {logging_mixin.py:188} INFO - [2026-07-16T05:28:40.131+0000] {dag.py:3036} INFO - Sync 1 DAGs
[2026-07-16T05:28:40.197+0000] {logging_mixin.py:188} INFO - [2026-07-16T05:28:40.197+0000] {dag.py:3823} INFO - Setting next_dagrun for example_short_circuit_operator to 2026-07-15 00:00:00+00:00, run_after=2026-07-16 00:00:00+00:00
[2026-07-16T05:28:40.270+0000] {processor.py:183} INFO - Processing /home/airflow/.local/lib/python3.8/site-packages/airflow/example_dags/example_short_circuit_operator.py took 0.222 seconds
[2026-07-16T05:29:10.465+0000] {processor.py:161} INFO - Started process (PID=890) to work on /home/airflow/.local/lib/python3.8/site-packages/airflow/example_dags/example_short_circuit_operator.py
[2026-07-16T05:29:10.469+0000] {processor.py:830} INFO - Processing file /home/airflow/.local/lib/python3.8/site-packages/airflow/example_dags/example_short_circuit_operator.py for tasks to queue
[2026-07-16T05:29:10.473+0000] {logging_mixin.py:188} INFO - [2026-07-16T05:29:10.472+0000] {dagbag.py:538} INFO - Filling up the DagBag from /home/airflow/.local/lib/python3.8/site-packages/airflow/example_dags/example_short_circuit_operator.py
[2026-07-16T05:29:10.483+0000] {processor.py:840} INFO - DAG(s) 'example_short_circuit_operator' retrieved from /home/airflow/.local/lib/python3.8/site-packages/airflow/example_dags/example_short_circuit_operator.py
[2026-07-16T05:29:10.528+0000] {logging_mixin.py:188} INFO - [2026-07-16T05:29:10.528+0000] {dag.py:3036} INFO - Sync 1 DAGs
[2026-07-16T05:29:10.563+0000] {logging_mixin.py:188} INFO - [2026-07-16T05:29:10.562+0000] {dag.py:3823} INFO - Setting next_dagrun for example_short_circuit_operator to 2026-07-15 00:00:00+00:00, run_after=2026-07-16 00:00:00+00:00
[2026-07-16T05:29:10.605+0000] {processor.py:183} INFO - Processing /home/airflow/.local/lib/python3.8/site-packages/airflow/example_dags/example_short_circuit_operator.py took 0.148 seconds
[2026-07-16T05:29:41.197+0000] {processor.py:161} INFO - Started process (PID=946) to work on /home/airflow/.local/lib/python3.8/site-packages/airflow/example_dags/example_short_circuit_operator.py
[2026-07-16T05:29:41.200+0000] {processor.py:830} INFO - Processing file /home/airflow/.local/lib/python3.8/site-packages/airflow/example_dags/example_short_circuit_operator.py for tasks to queue
[2026-07-16T05:29:41.205+0000] {logging_mixin.py:188} INFO - [2026-07-16T05:29:41.205+0000] {dagbag.py:538} INFO - Filling up the DagBag from /home/airflow/.local/lib/python3.8/site-packages/airflow/example_dags/example_short_circuit_operator.py
[2026-07-16T05:29:41.227+0000] {processor.py:840} INFO - DAG(s) 'example_short_circuit_operator' retrieved from /home/airflow/.local/lib/python3.8/site-packages/airflow/example_dags/example_short_circuit_operator.py
[2026-07-16T05:29:41.291+0000] {logging_mixin.py:188} INFO - [2026-07-16T05:29:41.290+0000] {dag.py:3036} INFO - Sync 1 DAGs
[2026-07-16T05:29:41.351+0000] {logging_mixin.py:188} INFO - [2026-07-16T05:29:41.350+0000] {dag.py:3823} INFO - Setting next_dagrun for example_short_circuit_operator to 2026-07-15 00:00:00+00:00, run_after=2026-07-16 00:00:00+00:00
[2026-07-16T05:29:41.409+0000] {processor.py:183} INFO - Processing /home/airflow/.local/lib/python3.8/site-packages/airflow/example_dags/example_short_circuit_operator.py took 0.220 seconds
[2026-07-16T05:30:12.010+0000] {processor.py:161} INFO - Started process (PID=1002) to work on /home/airflow/.local/lib/python3.8/site-packages/airflow/example_dags/example_short_circuit_operator.py
[2026-07-16T05:30:12.015+0000] {processor.py:830} INFO - Processing file /home/airflow/.local/lib/python3.8/site-packages/airflow/example_dags/example_short_circuit_operator.py for tasks to queue
[2026-07-16T05:30:12.020+0000] {logging_mixin.py:188} INFO - [2026-07-16T05:30:12.019+0000] {dagbag.py:538} INFO - Filling up the DagBag from /home/airflow/.local/lib/python3.8/site-packages/airflow/example_dags/example_short_circuit_operator.py
[2026-07-16T05:30:12.039+0000] {processor.py:840} INFO - DAG(s) 'example_short_circuit_operator' retrieved from /home/airflow/.local/lib/python3.8/site-packages/airflow/example_dags/example_short_circuit_operator.py
[2026-07-16T05:30:12.073+0000] {logging_mixin.py:188} INFO - [2026-07-16T05:30:12.072+0000] {dag.py:3036} INFO - Sync 1 DAGs
[2026-07-16T05:30:12.110+0000] {logging_mixin.py:188} INFO - [2026-07-16T05:30:12.109+0000] {dag.py:3823} INFO - Setting next_dagrun for example_short_circuit_operator to 2026-07-15 00:00:00+00:00, run_after=2026-07-16 00:00:00+00:00
[2026-07-16T05:30:12.150+0000] {processor.py:183} INFO - Processing /home/airflow/.local/lib/python3.8/site-packages/airflow/example_dags/example_short_circuit_operator.py took 0.149 seconds
[2026-07-16T05:30:43.048+0000] {processor.py:161} INFO - Started process (PID=1058) to work on /home/airflow/.local/lib/python3.8/site-packages/airflow/example_dags/example_short_circuit_operator.py
[2026-07-16T05:30:43.050+0000] {processor.py:830} INFO - Processing file /home/airflow/.local/lib/python3.8/site-packages/airflow/example_dags/example_short_circuit_operator.py for tasks to queue
[2026-07-16T05:30:43.053+0000] {logging_mixin.py:188} INFO - [2026-07-16T05:30:43.052+0000] {dagbag.py:538} INFO - Filling up the DagBag from /home/airflow/.local/lib/python3.8/site-packages/airflow/example_dags/example_short_circuit_operator.py
[2026-07-16T05:30:43.067+0000] {processor.py:840} INFO - DAG(s) 'example_short_circuit_operator' retrieved from /home/airflow/.local/lib/python3.8/site-packages/airflow/example_dags/example_short_circuit_operator.py
[2026-07-16T05:30:43.098+0000] {logging_mixin.py:188} INFO - [2026-07-16T05:30:43.098+0000] {dag.py:3036} INFO - Sync 1 DAGs
[2026-07-16T05:30:43.126+0000] {logging_mixin.py:188} INFO - [2026-07-16T05:30:43.126+0000] {dag.py:3823} INFO - Setting next_dagrun for example_short_circuit_operator to 2026-07-15 00:00:00+00:00, run_after=2026-07-16 00:00:00+00:00
[2026-07-16T05:30:43.150+0000] {processor.py:183} INFO - Processing /home/airflow/.local/lib/python3.8/site-packages/airflow/example_dags/example_short_circuit_operator.py took 0.107 seconds
[2026-07-16T05:31:13.917+0000] {processor.py:161} INFO - Started process (PID=1114) to work on /home/airflow/.local/lib/python3.8/site-packages/airflow/example_dags/example_short_circuit_operator.py
[2026-07-16T05:31:13.919+0000] {processor.py:830} INFO - Processing file /home/airflow/.local/lib/python3.8/site-packages/airflow/example_dags/example_short_circuit_operator.py for tasks to queue
[2026-07-16T05:31:13.922+0000] {logging_mixin.py:188} INFO - [2026-07-16T05:31:13.922+0000] {dagbag.py:538} INFO - Filling up the DagBag from /home/airflow/.local/lib/python3.8/site-packages/airflow/example_dags/example_short_circuit_operator.py
[2026-07-16T05:31:13.932+0000] {processor.py:840} INFO - DAG(s) 'example_short_circuit_operator' retrieved from /home/airflow/.local/lib/python3.8/site-packages/airflow/example_dags/example_short_circuit_operator.py
[2026-07-16T05:31:13.963+0000] {logging_mixin.py:188} INFO - [2026-07-16T05:31:13.963+0000] {dag.py:3036} INFO - Sync 1 DAGs
[2026-07-16T05:31:13.989+0000] {logging_mixin.py:188} INFO - [2026-07-16T05:31:13.989+0000] {dag.py:3823} INFO - Setting next_dagrun for example_short_circuit_operator to 2026-07-15 00:00:00+00:00, run_after=2026-07-16 00:00:00+00:00
[2026-07-16T05:31:14.017+0000] {processor.py:183} INFO - Processing /home/airflow/.local/lib/python3.8/site-packages/airflow/example_dags/example_short_circuit_operator.py took 0.104 seconds
[2026-07-16T05:31:44.071+0000] {processor.py:161} INFO - Started process (PID=1170) to work on /home/airflow/.local/lib/python3.8/site-packages/airflow/example_dags/example_short_circuit_operator.py
[2026-07-16T05:31:44.072+0000] {processor.py:830} INFO - Processing file /home/airflow/.local/lib/python3.8/site-packages/airflow/example_dags/example_short_circuit_operator.py for tasks to queue
[2026-07-16T05:31:44.078+0000] {logging_mixin.py:188} INFO - [2026-07-16T05:31:44.077+0000] {dagbag.py:538} INFO - Filling up the DagBag from /home/airflow/.local/lib/python3.8/site-packages/airflow/example_dags/example_short_circuit_operator.py
[2026-07-16T05:31:44.090+0000] {processor.py:840} INFO - DAG(s) 'example_short_circuit_operator' retrieved from /home/airflow/.local/lib/python3.8/site-packages/airflow/example_dags/example_short_circuit_operator.py
[2026-07-16T05:31:44.127+0000] {logging_mixin.py:188} INFO - [2026-07-16T05:31:44.126+0000] {dag.py:3036} INFO - Sync 1 DAGs
[2026-07-16T05:31:44.162+0000] {logging_mixin.py:188} INFO - [2026-07-16T05:31:44.162+0000] {dag.py:3823} INFO - Setting next_dagrun for example_short_circuit_operator to 2026-07-15 00:00:00+00:00, run_after=2026-07-16 00:00:00+00:00
[2026-07-16T05:31:44.203+0000] {processor.py:183} INFO - Processing /home/airflow/.local/lib/python3.8/site-packages/airflow/example_dags/example_short_circuit_operator.py took 0.137 seconds
[2026-07-16T05:32:14.777+0000] {processor.py:161} INFO - Started process (PID=1226) to work on /home/airflow/.local/lib/python3.8/site-packages/airflow/example_dags/example_short_circuit_operator.py
[2026-07-16T05:32:14.780+0000] {processor.py:830} INFO - Processing file /home/airflow/.local/lib/python3.8/site-packages/airflow/example_dags/example_short_circuit_operator.py for tasks to queue
[2026-07-16T05:32:14.786+0000] {logging_mixin.py:188} INFO - [2026-07-16T05:32:14.785+0000] {dagbag.py:538} INFO - Filling up the DagBag from /home/airflow/.local/lib/python3.8/site-packages/airflow/example_dags/example_short_circuit_operator.py
[2026-07-16T05:32:14.803+0000] {processor.py:840} INFO - DAG(s) 'example_short_circuit_operator' retrieved from /home/airflow/.local/lib/python3.8/site-packages/airflow/example_dags/example_short_circuit_operator.py
[2026-07-16T05:32:14.861+0000] {logging_mixin.py:188} INFO - [2026-07-16T05:32:14.860+0000] {dag.py:3036} INFO - Sync 1 DAGs
[2026-07-16T05:32:14.906+0000] {logging_mixin.py:188} INFO - [2026-07-16T05:32:14.905+0000] {dag.py:3823} INFO - Setting next_dagrun for example_short_circuit_operator to 2026-07-15 00:00:00+00:00, run_after=2026-07-16 00:00:00+00:00
[2026-07-16T05:32:14.940+0000] {processor.py:183} INFO - Processing /home/airflow/.local/lib/python3.8/site-packages/airflow/example_dags/example_short_circuit_operator.py took 0.172 seconds
[2026-07-16T05:32:45.161+0000] {processor.py:161} INFO - Started process (PID=1282) to work on /home/airflow/.local/lib/python3.8/site-packages/airflow/example_dags/example_short_circuit_operator.py
[2026-07-16T05:32:45.162+0000] {processor.py:830} INFO - Processing file /home/airflow/.local/lib/python3.8/site-packages/airflow/example_dags/example_short_circuit_operator.py for tasks to queue
[2026-07-16T05:32:45.164+0000] {logging_mixin.py:188} INFO - [2026-07-16T05:32:45.164+0000] {dagbag.py:538} INFO - Filling up the DagBag from /home/airflow/.local/lib/python3.8/site-packages/airflow/example_dags/example_short_circuit_operator.py
[2026-07-16T05:32:45.170+0000] {processor.py:840} INFO - DAG(s) 'example_short_circuit_operator' retrieved from /home/airflow/.local/lib/python3.8/site-packages/airflow/example_dags/example_short_circuit_operator.py
[2026-07-16T05:32:45.186+0000] {logging_mixin.py:188} INFO - [2026-07-16T05:32:45.186+0000] {dag.py:3036} INFO - Sync 1 DAGs
[2026-07-16T05:32:45.201+0000] {logging_mixin.py:188} INFO - [2026-07-16T05:32:45.201+0000] {dag.py:3823} INFO - Setting next_dagrun for example_short_circuit_operator to 2026-07-15 00:00:00+00:00, run_after=2026-07-16 00:00:00+00:00
[2026-07-16T05:32:45.216+0000] {processor.py:183} INFO - Processing /home/airflow/.local/lib/python3.8/site-packages/airflow/example_dags/example_short_circuit_operator.py took 0.058 seconds
[2026-07-16T05:33:15.291+0000] {processor.py:161} INFO - Started process (PID=1338) to work on /home/airflow/.local/lib/python3.8/site-packages/airflow/example_dags/example_short_circuit_operator.py
[2026-07-16T05:33:15.293+0000] {processor.py:830} INFO - Processing file /home/airflow/.local/lib/python3.8/site-packages/airflow/example_dags/example_short_circuit_operator.py for tasks to queue
[2026-07-16T05:33:15.297+0000] {logging_mixin.py:188} INFO - [2026-07-16T05:33:15.297+0000] {dagbag.py:538} INFO - Filling up the DagBag from /home/airflow/.local/lib/python3.8/site-packages/airflow/example_dags/example_short_circuit_operator.py
[2026-07-16T05:33:15.314+0000] {processor.py:840} INFO - DAG(s) 'example_short_circuit_operator' retrieved from /home/airflow/.local/lib/python3.8/site-packages/airflow/example_dags/example_short_circuit_operator.py
[2026-07-16T05:33:15.356+0000] {logging_mixin.py:188} INFO - [2026-07-16T05:33:15.356+0000] {dag.py:3036} INFO - Sync 1 DAGs
[2026-07-16T05:33:15.382+0000] {logging_mixin.py:188} INFO - [2026-07-16T05:33:15.382+0000] {dag.py:3823} INFO - Setting next_dagrun for example_short_circuit_operator to 2026-07-15 00:00:00+00:00, run_after=2026-07-16 00:00:00+00:00
[2026-07-16T05:33:15.409+0000] {processor.py:183} INFO - Processing /home/airflow/.local/lib/python3.8/site-packages/airflow/example_dags/example_short_circuit_operator.py took 0.125 seconds
[2026-07-16T05:33:45.634+0000] {processor.py:161} INFO - Started process (PID=1394) to work on /home/airflow/.local/lib/python3.8/site-packages/airflow/example_dags/example_short_circuit_operator.py
[2026-07-16T05:33:45.636+0000] {processor.py:830} INFO - Processing file /home/airflow/.local/lib/python3.8/site-packages/airflow/example_dags/example_short_circuit_operator.py for tasks to queue
[2026-07-16T05:33:45.637+0000] {logging_mixin.py:188} INFO - [2026-07-16T05:33:45.637+0000] {dagbag.py:538} INFO - Filling up the DagBag from /home/airflow/.local/lib/python3.8/site-packages/airflow/example_dags/example_short_circuit_operator.py
[2026-07-16T05:33:45.645+0000] {processor.py:840} INFO - DAG(s) 'example_short_circuit_operator' retrieved from /home/airflow/.local/lib/python3.8/site-packages/airflow/example_dags/example_short_circuit_operator.py
[2026-07-16T05:33:45.670+0000] {logging_mixin.py:188} INFO - [2026-07-16T05:33:45.670+0000] {dag.py:3036} INFO - Sync 1 DAGs
[2026-07-16T05:33:45.689+0000] {logging_mixin.py:188} INFO - [2026-07-16T05:33:45.689+0000] {dag.py:3823} INFO - Setting next_dagrun for example_short_circuit_operator to 2026-07-15 00:00:00+00:00, run_after=2026-07-16 00:00:00+00:00
[2026-07-16T05:33:45.710+0000] {processor.py:183} INFO - Processing /home/airflow/.local/lib/python3.8/site-packages/airflow/example_dags/example_short_circuit_operator.py took 0.079 seconds
[2026-07-16T05:34:16.267+0000] {processor.py:161} INFO - Started process (PID=1450) to work on /home/airflow/.local/lib/python3.8/site-packages/airflow/example_dags/example_short_circuit_operator.py
[2026-07-16T05:34:16.269+0000] {processor.py:830} INFO - Processing file /home/airflow/.local/lib/python3.8/site-packages/airflow/example_dags/example_short_circuit_operator.py for tasks to queue
[2026-07-16T05:34:16.271+0000] {logging_mixin.py:188} INFO - [2026-07-16T05:34:16.271+0000] {dagbag.py:538} INFO - Filling up the DagBag from /home/airflow/.local/lib/python3.8/site-packages/airflow/example_dags/example_short_circuit_operator.py
[2026-07-16T05:34:16.282+0000] {processor.py:840} INFO - DAG(s) 'example_short_circuit_operator' retrieved from /home/airflow/.local/lib/python3.8/site-packages/airflow/example_dags/example_short_circuit_operator.py
[2026-07-16T05:34:16.309+0000] {logging_mixin.py:188} INFO - [2026-07-16T05:34:16.309+0000] {dag.py:3036} INFO - Sync 1 DAGs
[2026-07-16T05:34:16.335+0000] {logging_mixin.py:188} INFO - [2026-07-16T05:34:16.335+0000] {dag.py:3823} INFO - Setting next_dagrun for example_short_circuit_operator to 2026-07-15 00:00:00+00:00, run_after=2026-07-16 00:00:00+00:00
[2026-07-16T05:34:16.359+0000] {processor.py:183} INFO - Processing /home/airflow/.local/lib/python3.8/site-packages/airflow/example_dags/example_short_circuit_operator.py took 0.096 seconds
[2026-07-16T05:34:46.627+0000] {processor.py:161} INFO - Started process (PID=1500) to work on /home/airflow/.local/lib/python3.8/site-packages/airflow/example_dags/example_short_circuit_operator.py
[2026-07-16T05:34:46.629+0000] {processor.py:830} INFO - Processing file /home/airflow/.local/lib/python3.8/site-packages/airflow/example_dags/example_short_circuit_operator.py for tasks to queue
[2026-07-16T05:34:46.634+0000] {logging_mixin.py:188} INFO - [2026-07-16T05:34:46.633+0000] {dagbag.py:538} INFO - Filling up the DagBag from /home/airflow/.local/lib/python3.8/site-packages/airflow/example_dags/example_short_circuit_operator.py
[2026-07-16T05:34:46.645+0000] {processor.py:840} INFO - DAG(s) 'example_short_circuit_operator' retrieved from /home/airflow/.local/lib/python3.8/site-packages/airflow/example_dags/example_short_circuit_operator.py
[2026-07-16T05:34:46.676+0000] {logging_mixin.py:188} INFO - [2026-07-16T05:34:46.676+0000] {dag.py:3036} INFO - Sync 1 DAGs
[2026-07-16T05:34:46.701+0000] {logging_mixin.py:188} INFO - [2026-07-16T05:34:46.701+0000] {dag.py:3823} INFO - Setting next_dagrun for example_short_circuit_operator to 2026-07-15 00:00:00+00:00, run_after=2026-07-16 00:00:00+00:00
[2026-07-16T05:34:46.723+0000] {processor.py:183} INFO - Processing /home/airflow/.local/lib/python3.8/site-packages/airflow/example_dags/example_short_circuit_operator.py took 0.100 seconds
[2026-07-16T05:35:16.897+0000] {processor.py:161} INFO - Started process (PID=1556) to work on /home/airflow/.local/lib/python3.8/site-packages/airflow/example_dags/example_short_circuit_operator.py
[2026-07-16T05:35:16.898+0000] {processor.py:830} INFO - Processing file /home/airflow/.local/lib/python3.8/site-packages/airflow/example_dags/example_short_circuit_operator.py for tasks to queue
[2026-07-16T05:35:16.900+0000] {logging_mixin.py:188} INFO - [2026-07-16T05:35:16.899+0000] {dagbag.py:538} INFO - Filling up the DagBag from /home/airflow/.local/lib/python3.8/site-packages/airflow/example_dags/example_short_circuit_operator.py
[2026-07-16T05:35:16.907+0000] {processor.py:840} INFO - DAG(s) 'example_short_circuit_operator' retrieved from /home/airflow/.local/lib/python3.8/site-packages/airflow/example_dags/example_short_circuit_operator.py
[2026-07-16T05:35:16.925+0000] {logging_mixin.py:188} INFO - [2026-07-16T05:35:16.925+0000] {dag.py:3036} INFO - Sync 1 DAGs
[2026-07-16T05:35:16.940+0000] {logging_mixin.py:188} INFO - [2026-07-16T05:35:16.940+0000] {dag.py:3823} INFO - Setting next_dagrun for example_short_circuit_operator to 2026-07-15 00:00:00+00:00, run_after=2026-07-16 00:00:00+00:00
[2026-07-16T05:35:16.954+0000] {processor.py:183} INFO - Processing /home/airflow/.local/lib/python3.8/site-packages/airflow/example_dags/example_short_circuit_operator.py took 0.060 seconds
[2026-07-16T05:35:47.653+0000] {processor.py:161} INFO - Started process (PID=1612) to work on /home/airflow/.local/lib/python3.8/site-packages/airflow/example_dags/example_short_circuit_operator.py
[2026-07-16T05:35:47.656+0000] {processor.py:830} INFO - Processing file /home/airflow/.local/lib/python3.8/site-packages/airflow/example_dags/example_short_circuit_operator.py for tasks to queue
[2026-07-16T05:35:47.661+0000] {logging_mixin.py:188} INFO - [2026-07-16T05:35:47.661+0000] {dagbag.py:538} INFO - Filling up the DagBag from /home/airflow/.local/lib/python3.8/site-packages/airflow/example_dags/example_short_circuit_operator.py
[2026-07-16T05:35:47.671+0000] {processor.py:840} INFO - DAG(s) 'example_short_circuit_operator' retrieved from /home/airflow/.local/lib/python3.8/site-packages/airflow/example_dags/example_short_circuit_operator.py
[2026-07-16T05:35:47.703+0000] {logging_mixin.py:188} INFO - [2026-07-16T05:35:47.703+0000] {dag.py:3036} INFO - Sync 1 DAGs
[2026-07-16T05:35:47.731+0000] {logging_mixin.py:188} INFO - [2026-07-16T05:35:47.731+0000] {dag.py:3823} INFO - Setting next_dagrun for example_short_circuit_operator to 2026-07-15 00:00:00+00:00, run_after=2026-07-16 00:00:00+00:00
[2026-07-16T05:35:47.760+0000] {processor.py:183} INFO - Processing /home/airflow/.local/lib/python3.8/site-packages/airflow/example_dags/example_short_circuit_operator.py took 0.112 seconds
[2026-07-16T05:36:17.976+0000] {processor.py:161} INFO - Started process (PID=1668) to work on /home/airflow/.local/lib/python3.8/site-packages/airflow/example_dags/example_short_circuit_operator.py
[2026-07-16T05:36:17.978+0000] {processor.py:830} INFO - Processing file /home/airflow/.local/lib/python3.8/site-packages/airflow/example_dags/example_short_circuit_operator.py for tasks to queue
[2026-07-16T05:36:17.981+0000] {logging_mixin.py:188} INFO - [2026-07-16T05:36:17.981+0000] {dagbag.py:538} INFO - Filling up the DagBag from /home/airflow/.local/lib/python3.8/site-packages/airflow/example_dags/example_short_circuit_operator.py
[2026-07-16T05:36:17.989+0000] {processor.py:840} INFO - DAG(s) 'example_short_circuit_operator' retrieved from /home/airflow/.local/lib/python3.8/site-packages/airflow/example_dags/example_short_circuit_operator.py
[2026-07-16T05:36:18.018+0000] {logging_mixin.py:188} INFO - [2026-07-16T05:36:18.017+0000] {dag.py:3036} INFO - Sync 1 DAGs
[2026-07-16T05:36:18.041+0000] {logging_mixin.py:188} INFO - [2026-07-16T05:36:18.041+0000] {dag.py:3823} INFO - Setting next_dagrun for example_short_circuit_operator to 2026-07-15 00:00:00+00:00, run_after=2026-07-16 00:00:00+00:00
[2026-07-16T05:36:18.067+0000] {processor.py:183} INFO - Processing /home/airflow/.local/lib/python3.8/site-packages/airflow/example_dags/example_short_circuit_operator.py took 0.096 seconds
[2026-07-16T05:36:48.382+0000] {processor.py:161} INFO - Started process (PID=1725) to work on /home/airflow/.local/lib/python3.8/site-packages/airflow/example_dags/example_short_circuit_operator.py
[2026-07-16T05:36:48.383+0000] {processor.py:830} INFO - Processing file /home/airflow/.local/lib/python3.8/site-packages/airflow/example_dags/example_short_circuit_operator.py for tasks to queue
[2026-07-16T05:36:48.386+0000] {logging_mixin.py:188} INFO - [2026-07-16T05:36:48.386+0000] {dagbag.py:538} INFO - Filling up the DagBag from /home/airflow/.local/lib/python3.8/site-packages/airflow/example_dags/example_short_circuit_operator.py
[2026-07-16T05:36:48.393+0000] {processor.py:840} INFO - DAG(s) 'example_short_circuit_operator' retrieved from /home/airflow/.local/lib/python3.8/site-packages/airflow/example_dags/example_short_circuit_operator.py
[2026-07-16T05:36:48.417+0000] {logging_mixin.py:188} INFO - [2026-07-16T05:36:48.417+0000] {dag.py:3036} INFO - Sync 1 DAGs
[2026-07-16T05:36:48.440+0000] {logging_mixin.py:188} INFO - [2026-07-16T05:36:48.439+0000] {dag.py:3823} INFO - Setting next_dagrun for example_short_circuit_operator to 2026-07-15 00:00:00+00:00, run_after=2026-07-16 00:00:00+00:00
[2026-07-16T05:36:48.479+0000] {processor.py:183} INFO - Processing /home/airflow/.local/lib/python3.8/site-packages/airflow/example_dags/example_short_circuit_operator.py took 0.101 seconds
[2026-07-16T05:37:18.862+0000] {processor.py:161} INFO - Started process (PID=1781) to work on /home/airflow/.local/lib/python3.8/site-packages/airflow/example_dags/example_short_circuit_operator.py
[2026-07-16T05:37:18.863+0000] {processor.py:830} INFO - Processing file /home/airflow/.local/lib/python3.8/site-packages/airflow/example_dags/example_short_circuit_operator.py for tasks to queue
[2026-07-16T05:37:18.864+0000] {logging_mixin.py:188} INFO - [2026-07-16T05:37:18.864+0000] {dagbag.py:538} INFO - Filling up the DagBag from /home/airflow/.local/lib/python3.8/site-packages/airflow/example_dags/example_short_circuit_operator.py
[2026-07-16T05:37:18.873+0000] {processor.py:840} INFO - DAG(s) 'example_short_circuit_operator' retrieved from /home/airflow/.local/lib/python3.8/site-packages/airflow/example_dags/example_short_circuit_operator.py
[2026-07-16T05:37:18.893+0000] {logging_mixin.py:188} INFO - [2026-07-16T05:37:18.892+0000] {dag.py:3036} INFO - Sync 1 DAGs
[2026-07-16T05:37:18.910+0000] {logging_mixin.py:188} INFO - [2026-07-16T05:37:18.910+0000] {dag.py:3823} INFO - Setting next_dagrun for example_short_circuit_operator to 2026-07-15 00:00:00+00:00, run_after=2026-07-16 00:00:00+00:00
[2026-07-16T05:37:18.927+0000] {processor.py:183} INFO - Processing /home/airflow/.local/lib/python3.8/site-packages/airflow/example_dags/example_short_circuit_operator.py took 0.071 seconds
[2026-07-16T05:37:49.134+0000] {processor.py:161} INFO - Started process (PID=1837) to work on /home/airflow/.local/lib/python3.8/site-packages/airflow/example_dags/example_short_circuit_operator.py
[2026-07-16T05:37:49.135+0000] {processor.py:830} INFO - Processing file /home/airflow/.local/lib/python3.8/site-packages/airflow/example_dags/example_short_circuit_operator.py for tasks to queue
[2026-07-16T05:37:49.137+0000] {logging_mixin.py:188} INFO - [2026-07-16T05:37:49.137+0000] {dagbag.py:538} INFO - Filling up the DagBag from /home/airflow/.local/lib/python3.8/site-packages/airflow/example_dags/example_short_circuit_operator.py
[2026-07-16T05:37:49.149+0000] {processor.py:840} INFO - DAG(s) 'example_short_circuit_operator' retrieved from /home/airflow/.local/lib/python3.8/site-packages/airflow/example_dags/example_short_circuit_operator.py
[2026-07-16T05:37:49.176+0000] {logging_mixin.py:188} INFO - [2026-07-16T05:37:49.176+0000] {dag.py:3036} INFO - Sync 1 DAGs
[2026-07-16T05:37:49.200+0000] {logging_mixin.py:188} INFO - [2026-07-16T05:37:49.200+0000] {dag.py:3823} INFO - Setting next_dagrun for example_short_circuit_operator to 2026-07-15 00:00:00+00:00, run_after=2026-07-16 00:00:00+00:00
[2026-07-16T05:37:49.228+0000] {processor.py:183} INFO - Processing /home/airflow/.local/lib/python3.8/site-packages/airflow/example_dags/example_short_circuit_operator.py took 0.100 seconds
[2026-07-16T05:38:19.434+0000] {processor.py:161} INFO - Started process (PID=1893) to work on /home/airflow/.local/lib/python3.8/site-packages/airflow/example_dags/example_short_circuit_operator.py
[2026-07-16T05:38:19.436+0000] {processor.py:830} INFO - Processing file /home/airflow/.local/lib/python3.8/site-packages/airflow/example_dags/example_short_circuit_operator.py for tasks to queue
[2026-07-16T05:38:19.438+0000] {logging_mixin.py:188} INFO - [2026-07-16T05:38:19.437+0000] {dagbag.py:538} INFO - Filling up the DagBag from /home/airflow/.local/lib/python3.8/site-packages/airflow/example_dags/example_short_circuit_operator.py
[2026-07-16T05:38:19.445+0000] {processor.py:840} INFO - DAG(s) 'example_short_circuit_operator' retrieved from /home/airflow/.local/lib/python3.8/site-packages/airflow/example_dags/example_short_circuit_operator.py
[2026-07-16T05:38:19.469+0000] {logging_mixin.py:188} INFO - [2026-07-16T05:38:19.469+0000] {dag.py:3036} INFO - Sync 1 DAGs
[2026-07-16T05:38:19.490+0000] {logging_mixin.py:188} INFO - [2026-07-16T05:38:19.489+0000] {dag.py:3823} INFO - Setting next_dagrun for example_short_circuit_operator to 2026-07-15 00:00:00+00:00, run_after=2026-07-16 00:00:00+00:00
[2026-07-16T05:38:19.511+0000] {processor.py:183} INFO - Processing /home/airflow/.local/lib/python3.8/site-packages/airflow/example_dags/example_short_circuit_operator.py took 0.081 seconds
[2026-07-16T05:38:49.734+0000] {processor.py:161} INFO - Started process (PID=1949) to work on /home/airflow/.local/lib/python3.8/site-packages/airflow/example_dags/example_short_circuit_operator.py
[2026-07-16T05:38:49.736+0000] {processor.py:830} INFO - Processing file /home/airflow/.local/lib/python3.8/site-packages/airflow/example_dags/example_short_circuit_operator.py for tasks to queue
[2026-07-16T05:38:49.740+0000] {logging_mixin.py:188} INFO - [2026-07-16T05:38:49.739+0000] {dagbag.py:538} INFO - Filling up the DagBag from /home/airflow/.local/lib/python3.8/site-packages/airflow/example_dags/example_short_circuit_operator.py
[2026-07-16T05:38:49.755+0000] {processor.py:840} INFO - DAG(s) 'example_short_circuit_operator' retrieved from /home/airflow/.local/lib/python3.8/site-packages/airflow/example_dags/example_short_circuit_operator.py
[2026-07-16T05:38:49.800+0000] {logging_mixin.py:188} INFO - [2026-07-16T05:38:49.800+0000] {dag.py:3036} INFO - Sync 1 DAGs
[2026-07-16T05:38:49.820+0000] {logging_mixin.py:188} INFO - [2026-07-16T05:38:49.820+0000] {dag.py:3823} INFO - Setting next_dagrun for example_short_circuit_operator to 2026-07-15 00:00:00+00:00, run_after=2026-07-16 00:00:00+00:00
[2026-07-16T05:38:49.839+0000] {processor.py:183} INFO - Processing /home/airflow/.local/lib/python3.8/site-packages/airflow/example_dags/example_short_circuit_operator.py took 0.112 seconds
[2026-07-16T05:39:20.079+0000] {processor.py:161} INFO - Started process (PID=2005) to work on /home/airflow/.local/lib/python3.8/site-packages/airflow/example_dags/example_short_circuit_operator.py
[2026-07-16T05:39:20.081+0000] {processor.py:830} INFO - Processing file /home/airflow/.local/lib/python3.8/site-packages/airflow/example_dags/example_short_circuit_operator.py for tasks to queue
[2026-07-16T05:39:20.082+0000] {logging_mixin.py:188} INFO - [2026-07-16T05:39:20.082+0000] {dagbag.py:538} INFO - Filling up the DagBag from /home/airflow/.local/lib/python3.8/site-packages/airflow/example_dags/example_short_circuit_operator.py
[2026-07-16T05:39:20.089+0000] {processor.py:840} INFO - DAG(s) 'example_short_circuit_operator' retrieved from /home/airflow/.local/lib/python3.8/site-packages/airflow/example_dags/example_short_circuit_operator.py
[2026-07-16T05:39:20.106+0000] {logging_mixin.py:188} INFO - [2026-07-16T05:39:20.106+0000] {dag.py:3036} INFO - Sync 1 DAGs
[2026-07-16T05:39:20.123+0000] {logging_mixin.py:188} INFO - [2026-07-16T05:39:20.123+0000] {dag.py:3823} INFO - Setting next_dagrun for example_short_circuit_operator to 2026-07-15 00:00:00+00:00, run_after=2026-07-16 00:00:00+00:00
[2026-07-16T05:39:20.138+0000] {processor.py:183} INFO - Processing /home/airflow/.local/lib/python3.8/site-packages/airflow/example_dags/example_short_circuit_operator.py took 0.061 seconds
[2026-07-16T05:39:50.257+0000] {processor.py:161} INFO - Started process (PID=2061) to work on /home/airflow/.local/lib/python3.8/site-packages/airflow/example_dags/example_short_circuit_operator.py
[2026-07-16T05:39:50.259+0000] {processor.py:830} INFO - Processing file /home/airflow/.local/lib/python3.8/site-packages/airflow/example_dags/example_short_circuit_operator.py for tasks to queue
[2026-07-16T05:39:50.261+0000] {logging_mixin.py:188} INFO - [2026-07-16T05:39:50.261+0000] {dagbag.py:538} INFO - Filling up the DagBag from /home/airflow/.local/lib/python3.8/site-packages/airflow/example_dags/example_short_circuit_operator.py
[2026-07-16T05:39:50.269+0000] {processor.py:840} INFO - DAG(s) 'example_short_circuit_operator' retrieved from /home/airflow/.local/lib/python3.8/site-packages/airflow/example_dags/example_short_circuit_operator.py
[2026-07-16T05:39:50.293+0000] {logging_mixin.py:188} INFO - [2026-07-16T05:39:50.293+0000] {dag.py:3036} INFO - Sync 1 DAGs
[2026-07-16T05:39:50.313+0000] {logging_mixin.py:188} INFO - [2026-07-16T05:39:50.312+0000] {dag.py:3823} INFO - Setting next_dagrun for example_short_circuit_operator to 2026-07-15 00:00:00+00:00, run_after=2026-07-16 00:00:00+00:00
[2026-07-16T05:39:50.343+0000] {processor.py:183} INFO - Processing /home/airflow/.local/lib/python3.8/site-packages/airflow/example_dags/example_short_circuit_operator.py took 0.089 seconds
[2026-07-16T05:40:20.424+0000] {processor.py:161} INFO - Started process (PID=2117) to work on /home/airflow/.local/lib/python3.8/site-packages/airflow/example_dags/example_short_circuit_operator.py
[2026-07-16T05:40:20.426+0000] {processor.py:830} INFO - Processing file /home/airflow/.local/lib/python3.8/site-packages/airflow/example_dags/example_short_circuit_operator.py for tasks to queue
[2026-07-16T05:40:20.428+0000] {logging_mixin.py:188} INFO - [2026-07-16T05:40:20.428+0000] {dagbag.py:538} INFO - Filling up the DagBag from /home/airflow/.local/lib/python3.8/site-packages/airflow/example_dags/example_short_circuit_operator.py
[2026-07-16T05:40:20.438+0000] {processor.py:840} INFO - DAG(s) 'example_short_circuit_operator' retrieved from /home/airflow/.local/lib/python3.8/site-packages/airflow/example_dags/example_short_circuit_operator.py
[2026-07-16T05:40:20.461+0000] {logging_mixin.py:188} INFO - [2026-07-16T05:40:20.461+0000] {dag.py:3036} INFO - Sync 1 DAGs
[2026-07-16T05:40:20.480+0000] {logging_mixin.py:188} INFO - [2026-07-16T05:40:20.480+0000] {dag.py:3823} INFO - Setting next_dagrun for example_short_circuit_operator to 2026-07-15 00:00:00+00:00, run_after=2026-07-16 00:00:00+00:00
[2026-07-16T05:40:20.501+0000] {processor.py:183} INFO - Processing /home/airflow/.local/lib/python3.8/site-packages/airflow/example_dags/example_short_circuit_operator.py took 0.080 seconds
[2026-07-16T05:40:50.582+0000] {processor.py:161} INFO - Started process (PID=2173) to work on /home/airflow/.local/lib/python3.8/site-packages/airflow/example_dags/example_short_circuit_operator.py
[2026-07-16T05:40:50.584+0000] {processor.py:830} INFO - Processing file /home/airflow/.local/lib/python3.8/site-packages/airflow/example_dags/example_short_circuit_operator.py for tasks to queue
[2026-07-16T05:40:50.587+0000] {logging_mixin.py:188} INFO - [2026-07-16T05:40:50.586+0000] {dagbag.py:538} INFO - Filling up the DagBag from /home/airflow/.local/lib/python3.8/site-packages/airflow/example_dags/example_short_circuit_operator.py
[2026-07-16T05:40:50.600+0000] {processor.py:840} INFO - DAG(s) 'example_short_circuit_operator' retrieved from /home/airflow/.local/lib/python3.8/site-packages/airflow/example_dags/example_short_circuit_operator.py
[2026-07-16T05:40:50.639+0000] {logging_mixin.py:188} INFO - [2026-07-16T05:40:50.639+0000] {dag.py:3036} INFO - Sync 1 DAGs
[2026-07-16T05:40:50.669+0000] {logging_mixin.py:188} INFO - [2026-07-16T05:40:50.669+0000] {dag.py:3823} INFO - Setting next_dagrun for example_short_circuit_operator to 2026-07-15 00:00:00+00:00, run_after=2026-07-16 00:00:00+00:00
[2026-07-16T05:40:50.711+0000] {processor.py:183} INFO - Processing /home/airflow/.local/lib/python3.8/site-packages/airflow/example_dags/example_short_circuit_operator.py took 0.133 seconds
[2026-07-16T05:41:21.123+0000] {processor.py:161} INFO - Started process (PID=2227) to work on /home/airflow/.local/lib/python3.8/site-packages/airflow/example_dags/example_short_circuit_operator.py
[2026-07-16T05:41:21.124+0000] {processor.py:830} INFO - Processing file /home/airflow/.local/lib/python3.8/site-packages/airflow/example_dags/example_short_circuit_operator.py for tasks to queue
[2026-07-16T05:41:21.126+0000] {logging_mixin.py:188} INFO - [2026-07-16T05:41:21.126+0000] {dagbag.py:538} INFO - Filling up the DagBag from /home/airflow/.local/lib/python3.8/site-packages/airflow/example_dags/example_short_circuit_operator.py
[2026-07-16T05:41:21.134+0000] {processor.py:840} INFO - DAG(s) 'example_short_circuit_operator' retrieved from /home/airflow/.local/lib/python3.8/site-packages/airflow/example_dags/example_short_circuit_operator.py
[2026-07-16T05:41:21.156+0000] {logging_mixin.py:188} INFO - [2026-07-16T05:41:21.155+0000] {dag.py:3036} INFO - Sync 1 DAGs
[2026-07-16T05:41:21.172+0000] {logging_mixin.py:188} INFO - [2026-07-16T05:41:21.171+0000] {dag.py:3823} INFO - Setting next_dagrun for example_short_circuit_operator to 2026-07-15 00:00:00+00:00, run_after=2026-07-16 00:00:00+00:00
[2026-07-16T05:41:21.187+0000] {processor.py:183} INFO - Processing /home/airflow/.local/lib/python3.8/site-packages/airflow/example_dags/example_short_circuit_operator.py took 0.067 seconds
[2026-07-16T05:41:51.878+0000] {processor.py:161} INFO - Started process (PID=2283) to work on /home/airflow/.local/lib/python3.8/site-packages/airflow/example_dags/example_short_circuit_operator.py
[2026-07-16T05:41:51.879+0000] {processor.py:830} INFO - Processing file /home/airflow/.local/lib/python3.8/site-packages/airflow/example_dags/example_short_circuit_operator.py for tasks to queue
[2026-07-16T05:41:51.881+0000] {logging_mixin.py:188} INFO - [2026-07-16T05:41:51.880+0000] {dagbag.py:538} INFO - Filling up the DagBag from /home/airflow/.local/lib/python3.8/site-packages/airflow/example_dags/example_short_circuit_operator.py
[2026-07-16T05:41:51.888+0000] {processor.py:840} INFO - DAG(s) 'example_short_circuit_operator' retrieved from /home/airflow/.local/lib/python3.8/site-packages/airflow/example_dags/example_short_circuit_operator.py
[2026-07-16T05:41:51.906+0000] {logging_mixin.py:188} INFO - [2026-07-16T05:41:51.906+0000] {dag.py:3036} INFO - Sync 1 DAGs
[2026-07-16T05:41:51.921+0000] {logging_mixin.py:188} INFO - [2026-07-16T05:41:51.921+0000] {dag.py:3823} INFO - Setting next_dagrun for example_short_circuit_operator to 2026-07-15 00:00:00+00:00, run_after=2026-07-16 00:00:00+00:00
[2026-07-16T05:41:51.936+0000] {processor.py:183} INFO - Processing /home/airflow/.local/lib/python3.8/site-packages/airflow/example_dags/example_short_circuit_operator.py took 0.061 seconds
[2026-07-16T05:42:22.149+0000] {processor.py:161} INFO - Started process (PID=2339) to work on /home/airflow/.local/lib/python3.8/site-packages/airflow/example_dags/example_short_circuit_operator.py
[2026-07-16T05:42:22.150+0000] {processor.py:830} INFO - Processing file /home/airflow/.local/lib/python3.8/site-packages/airflow/example_dags/example_short_circuit_operator.py for tasks to queue
[2026-07-16T05:42:22.153+0000] {logging_mixin.py:188} INFO - [2026-07-16T05:42:22.152+0000] {dagbag.py:538} INFO - Filling up the DagBag from /home/airflow/.local/lib/python3.8/site-packages/airflow/example_dags/example_short_circuit_operator.py
[2026-07-16T05:42:22.175+0000] {processor.py:840} INFO - DAG(s) 'example_short_circuit_operator' retrieved from /home/airflow/.local/lib/python3.8/site-packages/airflow/example_dags/example_short_circuit_operator.py
[2026-07-16T05:42:22.230+0000] {logging_mixin.py:188} INFO - [2026-07-16T05:42:22.229+0000] {dag.py:3036} INFO - Sync 1 DAGs
[2026-07-16T05:42:22.267+0000] {logging_mixin.py:188} INFO - [2026-07-16T05:42:22.266+0000] {dag.py:3823} INFO - Setting next_dagrun for example_short_circuit_operator to 2026-07-15 00:00:00+00:00, run_after=2026-07-16 00:00:00+00:00
[2026-07-16T05:42:22.298+0000] {processor.py:183} INFO - Processing /home/airflow/.local/lib/python3.8/site-packages/airflow/example_dags/example_short_circuit_operator.py took 0.156 seconds
[2026-07-16T05:42:52.388+0000] {processor.py:161} INFO - Started process (PID=2395) to work on /home/airflow/.local/lib/python3.8/site-packages/airflow/example_dags/example_short_circuit_operator.py
[2026-07-16T05:42:52.390+0000] {processor.py:830} INFO - Processing file /home/airflow/.local/lib/python3.8/site-packages/airflow/example_dags/example_short_circuit_operator.py for tasks to queue
[2026-07-16T05:42:52.392+0000] {logging_mixin.py:188} INFO - [2026-07-16T05:42:52.391+0000] {dagbag.py:538} INFO - Filling up the DagBag from /home/airflow/.local/lib/python3.8/site-packages/airflow/example_dags/example_short_circuit_operator.py
[2026-07-16T05:42:52.399+0000] {processor.py:840} INFO - DAG(s) 'example_short_circuit_operator' retrieved from /home/airflow/.local/lib/python3.8/site-packages/airflow/example_dags/example_short_circuit_operator.py
[2026-07-16T05:42:52.419+0000] {logging_mixin.py:188} INFO - [2026-07-16T05:42:52.418+0000] {dag.py:3036} INFO - Sync 1 DAGs
[2026-07-16T05:42:52.444+0000] {logging_mixin.py:188} INFO - [2026-07-16T05:42:52.443+0000] {dag.py:3823} INFO - Setting next_dagrun for example_short_circuit_operator to 2026-07-15 00:00:00+00:00, run_after=2026-07-16 00:00:00+00:00
[2026-07-16T05:42:52.460+0000] {processor.py:183} INFO - Processing /home/airflow/.local/lib/python3.8/site-packages/airflow/example_dags/example_short_circuit_operator.py took 0.075 seconds
[2026-07-16T05:43:22.866+0000] {processor.py:161} INFO - Started process (PID=2451) to work on /home/airflow/.local/lib/python3.8/site-packages/airflow/example_dags/example_short_circuit_operator.py
[2026-07-16T05:43:22.868+0000] {processor.py:830} INFO - Processing file /home/airflow/.local/lib/python3.8/site-packages/airflow/example_dags/example_short_circuit_operator.py for tasks to queue
[2026-07-16T05:43:22.869+0000] {logging_mixin.py:188} INFO - [2026-07-16T05:43:22.869+0000] {dagbag.py:538} INFO - Filling up the DagBag from /home/airflow/.local/lib/python3.8/site-packages/airflow/example_dags/example_short_circuit_operator.py
[2026-07-16T05:43:22.877+0000] {processor.py:840} INFO - DAG(s) 'example_short_circuit_operator' retrieved from /home/airflow/.local/lib/python3.8/site-packages/airflow/example_dags/example_short_circuit_operator.py
[2026-07-16T05:43:22.897+0000] {logging_mixin.py:188} INFO - [2026-07-16T05:43:22.897+0000] {dag.py:3036} INFO - Sync 1 DAGs
[2026-07-16T05:43:22.917+0000] {logging_mixin.py:188} INFO - [2026-07-16T05:43:22.916+0000] {dag.py:3823} INFO - Setting next_dagrun for example_short_circuit_operator to 2026-07-15 00:00:00+00:00, run_after=2026-07-16 00:00:00+00:00
[2026-07-16T05:43:22.933+0000] {processor.py:183} INFO - Processing /home/airflow/.local/lib/python3.8/site-packages/airflow/example_dags/example_short_circuit_operator.py took 0.070 seconds
[2026-07-16T05:43:53.265+0000] {processor.py:161} INFO - Started process (PID=2507) to work on /home/airflow/.local/lib/python3.8/site-packages/airflow/example_dags/example_short_circuit_operator.py
[2026-07-16T05:43:53.266+0000] {processor.py:830} INFO - Processing file /home/airflow/.local/lib/python3.8/site-packages/airflow/example_dags/example_short_circuit_operator.py for tasks to queue
[2026-07-16T05:43:53.268+0000] {logging_mixin.py:188} INFO - [2026-07-16T05:43:53.267+0000] {dagbag.py:538} INFO - Filling up the DagBag from /home/airflow/.local/lib/python3.8/site-packages/airflow/example_dags/example_short_circuit_operator.py
[2026-07-16T05:43:53.275+0000] {processor.py:840} INFO - DAG(s) 'example_short_circuit_operator' retrieved from /home/airflow/.local/lib/python3.8/site-packages/airflow/example_dags/example_short_circuit_operator.py
[2026-07-16T05:43:53.295+0000] {logging_mixin.py:188} INFO - [2026-07-16T05:43:53.294+0000] {dag.py:3036} INFO - Sync 1 DAGs
[2026-07-16T05:43:53.311+0000] {logging_mixin.py:188} INFO - [2026-07-16T05:43:53.311+0000] {dag.py:3823} INFO - Setting next_dagrun for example_short_circuit_operator to 2026-07-15 00:00:00+00:00, run_after=2026-07-16 00:00:00+00:00
[2026-07-16T05:43:53.327+0000] {processor.py:183} INFO - Processing /home/airflow/.local/lib/python3.8/site-packages/airflow/example_dags/example_short_circuit_operator.py took 0.065 seconds
[2026-07-16T05:44:23.750+0000] {processor.py:161} INFO - Started process (PID=2563) to work on /home/airflow/.local/lib/python3.8/site-packages/airflow/example_dags/example_short_circuit_operator.py
[2026-07-16T05:44:23.752+0000] {processor.py:830} INFO - Processing file /home/airflow/.local/lib/python3.8/site-packages/airflow/example_dags/example_short_circuit_operator.py for tasks to queue
[2026-07-16T05:44:23.755+0000] {logging_mixin.py:188} INFO - [2026-07-16T05:44:23.755+0000] {dagbag.py:538} INFO - Filling up the DagBag from /home/airflow/.local/lib/python3.8/site-packages/airflow/example_dags/example_short_circuit_operator.py
[2026-07-16T05:44:23.764+0000] {processor.py:840} INFO - DAG(s) 'example_short_circuit_operator' retrieved from /home/airflow/.local/lib/python3.8/site-packages/airflow/example_dags/example_short_circuit_operator.py
[2026-07-16T05:44:23.791+0000] {logging_mixin.py:188} INFO - [2026-07-16T05:44:23.791+0000] {dag.py:3036} INFO - Sync 1 DAGs
[2026-07-16T05:44:23.814+0000] {logging_mixin.py:188} INFO - [2026-07-16T05:44:23.814+0000] {dag.py:3823} INFO - Setting next_dagrun for example_short_circuit_operator to 2026-07-15 00:00:00+00:00, run_after=2026-07-16 00:00:00+00:00
[2026-07-16T05:44:23.832+0000] {processor.py:183} INFO - Processing /home/airflow/.local/lib/python3.8/site-packages/airflow/example_dags/example_short_circuit_operator.py took 0.086 seconds
[2026-07-16T05:44:53.903+0000] {processor.py:161} INFO - Started process (PID=2619) to work on /home/airflow/.local/lib/python3.8/site-packages/airflow/example_dags/example_short_circuit_operator.py
[2026-07-16T05:44:53.904+0000] {processor.py:830} INFO - Processing file /home/airflow/.local/lib/python3.8/site-packages/airflow/example_dags/example_short_circuit_operator.py for tasks to queue
[2026-07-16T05:44:53.905+0000] {logging_mixin.py:188} INFO - [2026-07-16T05:44:53.905+0000] {dagbag.py:538} INFO - Filling up the DagBag from /home/airflow/.local/lib/python3.8/site-packages/airflow/example_dags/example_short_circuit_operator.py
[2026-07-16T05:44:53.911+0000] {processor.py:840} INFO - DAG(s) 'example_short_circuit_operator' retrieved from /home/airflow/.local/lib/python3.8/site-packages/airflow/example_dags/example_short_circuit_operator.py
[2026-07-16T05:44:53.929+0000] {logging_mixin.py:188} INFO - [2026-07-16T05:44:53.929+0000] {dag.py:3036} INFO - Sync 1 DAGs
[2026-07-16T05:44:53.944+0000] {logging_mixin.py:188} INFO - [2026-07-16T05:44:53.944+0000] {dag.py:3823} INFO - Setting next_dagrun for example_short_circuit_operator to 2026-07-15 00:00:00+00:00, run_after=2026-07-16 00:00:00+00:00
[2026-07-16T05:44:53.959+0000] {processor.py:183} INFO - Processing /home/airflow/.local/lib/python3.8/site-packages/airflow/example_dags/example_short_circuit_operator.py took 0.060 seconds
[2026-07-16T05:45:24.039+0000] {processor.py:161} INFO - Started process (PID=2675) to work on /home/airflow/.local/lib/python3.8/site-packages/airflow/example_dags/example_short_circuit_operator.py
[2026-07-16T05:45:24.040+0000] {processor.py:830} INFO - Processing file /home/airflow/.local/lib/python3.8/site-packages/airflow/example_dags/example_short_circuit_operator.py for tasks to queue
[2026-07-16T05:45:24.043+0000] {logging_mixin.py:188} INFO - [2026-07-16T05:45:24.042+0000] {dagbag.py:538} INFO - Filling up the DagBag from /home/airflow/.local/lib/python3.8/site-packages/airflow/example_dags/example_short_circuit_operator.py
[2026-07-16T05:45:24.050+0000] {processor.py:840} INFO - DAG(s) 'example_short_circuit_operator' retrieved from /home/airflow/.local/lib/python3.8/site-packages/airflow/example_dags/example_short_circuit_operator.py
[2026-07-16T05:45:24.067+0000] {logging_mixin.py:188} INFO - [2026-07-16T05:45:24.066+0000] {dag.py:3036} INFO - Sync 1 DAGs
[2026-07-16T05:45:24.081+0000] {logging_mixin.py:188} INFO - [2026-07-16T05:45:24.080+0000] {dag.py:3823} INFO - Setting next_dagrun for example_short_circuit_operator to 2026-07-15 00:00:00+00:00, run_after=2026-07-16 00:00:00+00:00
[2026-07-16T05:45:24.094+0000] {processor.py:183} INFO - Processing /home/airflow/.local/lib/python3.8/site-packages/airflow/example_dags/example_short_circuit_operator.py took 0.060 seconds
[2026-07-16T05:45:54.998+0000] {processor.py:161} INFO - Started process (PID=2731) to work on /home/airflow/.local/lib/python3.8/site-packages/airflow/example_dags/example_short_circuit_operator.py
[2026-07-16T05:45:55.000+0000] {processor.py:830} INFO - Processing file /home/airflow/.local/lib/python3.8/site-packages/airflow/example_dags/example_short_circuit_operator.py for tasks to queue
[2026-07-16T05:45:55.003+0000] {logging_mixin.py:188} INFO - [2026-07-16T05:45:55.003+0000] {dagbag.py:538} INFO - Filling up the DagBag from /home/airflow/.local/lib/python3.8/site-packages/airflow/example_dags/example_short_circuit_operator.py
[2026-07-16T05:45:55.013+0000] {processor.py:840} INFO - DAG(s) 'example_short_circuit_operator' retrieved from /home/airflow/.local/lib/python3.8/site-packages/airflow/example_dags/example_short_circuit_operator.py
[2026-07-16T05:45:55.035+0000] {logging_mixin.py:188} INFO - [2026-07-16T05:45:55.035+0000] {dag.py:3036} INFO - Sync 1 DAGs
[2026-07-16T05:45:55.053+0000] {logging_mixin.py:188} INFO - [2026-07-16T05:45:55.053+0000] {dag.py:3823} INFO - Setting next_dagrun for example_short_circuit_operator to 2026-07-15 00:00:00+00:00, run_after=2026-07-16 00:00:00+00:00
[2026-07-16T05:45:55.072+0000] {processor.py:183} INFO - Processing /home/airflow/.local/lib/python3.8/site-packages/airflow/example_dags/example_short_circuit_operator.py took 0.079 seconds
[2026-07-16T05:46:25.232+0000] {processor.py:161} INFO - Started process (PID=2787) to work on /home/airflow/.local/lib/python3.8/site-packages/airflow/example_dags/example_short_circuit_operator.py
[2026-07-16T05:46:25.233+0000] {processor.py:830} INFO - Processing file /home/airflow/.local/lib/python3.8/site-packages/airflow/example_dags/example_short_circuit_operator.py for tasks to queue
[2026-07-16T05:46:25.235+0000] {logging_mixin.py:188} INFO - [2026-07-16T05:46:25.235+0000] {dagbag.py:538} INFO - Filling up the DagBag from /home/airflow/.local/lib/python3.8/site-packages/airflow/example_dags/example_short_circuit_operator.py
[2026-07-16T05:46:25.241+0000] {processor.py:840} INFO - DAG(s) 'example_short_circuit_operator' retrieved from /home/airflow/.local/lib/python3.8/site-packages/airflow/example_dags/example_short_circuit_operator.py
[2026-07-16T05:46:25.259+0000] {logging_mixin.py:188} INFO - [2026-07-16T05:46:25.259+0000] {dag.py:3036} INFO - Sync 1 DAGs
[2026-07-16T05:46:25.284+0000] {logging_mixin.py:188} INFO - [2026-07-16T05:46:25.284+0000] {dag.py:3823} INFO - Setting next_dagrun for example_short_circuit_operator to 2026-07-15 00:00:00+00:00, run_after=2026-07-16 00:00:00+00:00
[2026-07-16T05:46:25.309+0000] {processor.py:183} INFO - Processing /home/airflow/.local/lib/python3.8/site-packages/airflow/example_dags/example_short_circuit_operator.py took 0.079 seconds
[2026-07-16T05:46:55.633+0000] {processor.py:161} INFO - Started process (PID=2843) to work on /home/airflow/.local/lib/python3.8/site-packages/airflow/example_dags/example_short_circuit_operator.py
[2026-07-16T05:46:55.634+0000] {processor.py:830} INFO - Processing file /home/airflow/.local/lib/python3.8/site-packages/airflow/example_dags/example_short_circuit_operator.py for tasks to queue
[2026-07-16T05:46:55.636+0000] {logging_mixin.py:188} INFO - [2026-07-16T05:46:55.635+0000] {dagbag.py:538} INFO - Filling up the DagBag from /home/airflow/.local/lib/python3.8/site-packages/airflow/example_dags/example_short_circuit_operator.py
[2026-07-16T05:46:55.643+0000] {processor.py:840} INFO - DAG(s) 'example_short_circuit_operator' retrieved from /home/airflow/.local/lib/python3.8/site-packages/airflow/example_dags/example_short_circuit_operator.py
[2026-07-16T05:46:55.661+0000] {logging_mixin.py:188} INFO - [2026-07-16T05:46:55.661+0000] {dag.py:3036} INFO - Sync 1 DAGs
[2026-07-16T05:46:55.678+0000] {logging_mixin.py:188} INFO - [2026-07-16T05:46:55.677+0000] {dag.py:3823} INFO - Setting next_dagrun for example_short_circuit_operator to 2026-07-15 00:00:00+00:00, run_after=2026-07-16 00:00:00+00:00
[2026-07-16T05:46:55.819+0000] {processor.py:183} INFO - Processing /home/airflow/.local/lib/python3.8/site-packages/airflow/example_dags/example_short_circuit_operator.py took 0.189 seconds
[2026-07-16T05:47:26.143+0000] {processor.py:161} INFO - Started process (PID=2899) to work on /home/airflow/.local/lib/python3.8/site-packages/airflow/example_dags/example_short_circuit_operator.py
[2026-07-16T05:47:26.144+0000] {processor.py:830} INFO - Processing file /home/airflow/.local/lib/python3.8/site-packages/airflow/example_dags/example_short_circuit_operator.py for tasks to queue
[2026-07-16T05:47:26.146+0000] {logging_mixin.py:188} INFO - [2026-07-16T05:47:26.145+0000] {dagbag.py:538} INFO - Filling up the DagBag from /home/airflow/.local/lib/python3.8/site-packages/airflow/example_dags/example_short_circuit_operator.py
[2026-07-16T05:47:26.151+0000] {processor.py:840} INFO - DAG(s) 'example_short_circuit_operator' retrieved from /home/airflow/.local/lib/python3.8/site-packages/airflow/example_dags/example_short_circuit_operator.py
[2026-07-16T05:47:26.169+0000] {logging_mixin.py:188} INFO - [2026-07-16T05:47:26.169+0000] {dag.py:3036} INFO - Sync 1 DAGs
[2026-07-16T05:47:26.184+0000] {logging_mixin.py:188} INFO - [2026-07-16T05:47:26.183+0000] {dag.py:3823} INFO - Setting next_dagrun for example_short_circuit_operator to 2026-07-15 00:00:00+00:00, run_after=2026-07-16 00:00:00+00:00
[2026-07-16T05:47:26.308+0000] {processor.py:183} INFO - Processing /home/airflow/.local/lib/python3.8/site-packages/airflow/example_dags/example_short_circuit_operator.py took 0.168 seconds
[2026-07-16T05:47:56.406+0000] {processor.py:161} INFO - Started process (PID=2955) to work on /home/airflow/.local/lib/python3.8/site-packages/airflow/example_dags/example_short_circuit_operator.py
[2026-07-16T05:47:56.408+0000] {processor.py:830} INFO - Processing file /home/airflow/.local/lib/python3.8/site-packages/airflow/example_dags/example_short_circuit_operator.py for tasks to queue
[2026-07-16T05:47:56.410+0000] {logging_mixin.py:188} INFO - [2026-07-16T05:47:56.409+0000] {dagbag.py:538} INFO - Filling up the DagBag from /home/airflow/.local/lib/python3.8/site-packages/airflow/example_dags/example_short_circuit_operator.py
[2026-07-16T05:47:56.417+0000] {processor.py:840} INFO - DAG(s) 'example_short_circuit_operator' retrieved from /home/airflow/.local/lib/python3.8/site-packages/airflow/example_dags/example_short_circuit_operator.py
[2026-07-16T05:47:56.445+0000] {logging_mixin.py:188} INFO - [2026-07-16T05:47:56.445+0000] {dag.py:3036} INFO - Sync 1 DAGs
[2026-07-16T05:47:56.467+0000] {logging_mixin.py:188} INFO - [2026-07-16T05:47:56.467+0000] {dag.py:3823} INFO - Setting next_dagrun for example_short_circuit_operator to 2026-07-15 00:00:00+00:00, run_after=2026-07-16 00:00:00+00:00
[2026-07-16T05:47:56.490+0000] {processor.py:183} INFO - Processing /home/airflow/.local/lib/python3.8/site-packages/airflow/example_dags/example_short_circuit_operator.py took 0.087 seconds
[2026-07-16T05:48:27.005+0000] {processor.py:161} INFO - Started process (PID=3011) to work on /home/airflow/.local/lib/python3.8/site-packages/airflow/example_dags/example_short_circuit_operator.py
[2026-07-16T05:48:27.006+0000] {processor.py:830} INFO - Processing file /home/airflow/.local/lib/python3.8/site-packages/airflow/example_dags/example_short_circuit_operator.py for tasks to queue
[2026-07-16T05:48:27.008+0000] {logging_mixin.py:188} INFO - [2026-07-16T05:48:27.008+0000] {dagbag.py:538} INFO - Filling up the DagBag from /home/airflow/.local/lib/python3.8/site-packages/airflow/example_dags/example_short_circuit_operator.py
[2026-07-16T05:48:27.016+0000] {processor.py:840} INFO - DAG(s) 'example_short_circuit_operator' retrieved from /home/airflow/.local/lib/python3.8/site-packages/airflow/example_dags/example_short_circuit_operator.py
[2026-07-16T05:48:27.042+0000] {logging_mixin.py:188} INFO - [2026-07-16T05:48:27.042+0000] {dag.py:3036} INFO - Sync 1 DAGs
[2026-07-16T05:48:27.066+0000] {logging_mixin.py:188} INFO - [2026-07-16T05:48:27.065+0000] {dag.py:3823} INFO - Setting next_dagrun for example_short_circuit_operator to 2026-07-15 00:00:00+00:00, run_after=2026-07-16 00:00:00+00:00
[2026-07-16T05:48:27.093+0000] {processor.py:183} INFO - Processing /home/airflow/.local/lib/python3.8/site-packages/airflow/example_dags/example_short_circuit_operator.py took 0.091 seconds
