[2026-07-16T05:22:01.718+0000] {processor.py:161} INFO - Started process (PID=111) to work on /home/airflow/.local/lib/python3.8/site-packages/airflow/example_dags/example_skip_dag.py
[2026-07-16T05:22:01.720+0000] {processor.py:830} INFO - Processing file /home/airflow/.local/lib/python3.8/site-packages/airflow/example_dags/example_skip_dag.py for tasks to queue
[2026-07-16T05:22:01.724+0000] {logging_mixin.py:188} INFO - [2026-07-16T05:22:01.723+0000] {dagbag.py:538} INFO - Filling up the DagBag from /home/airflow/.local/lib/python3.8/site-packages/airflow/example_dags/example_skip_dag.py
[2026-07-16T05:22:01.739+0000] {processor.py:840} INFO - DAG(s) 'example_skip_dag' retrieved from /home/airflow/.local/lib/python3.8/site-packages/airflow/example_dags/example_skip_dag.py
[2026-07-16T05:22:01.946+0000] {logging_mixin.py:188} INFO - [2026-07-16T05:22:01.946+0000] {dag.py:3036} INFO - Sync 1 DAGs
[2026-07-16T05:22:01.987+0000] {logging_mixin.py:188} INFO - [2026-07-16T05:22:01.987+0000] {dag.py:3823} INFO - Setting next_dagrun for example_skip_dag to 2026-07-15 00:00:00+00:00, run_after=2026-07-16 00:00:00+00:00
[2026-07-16T05:22:02.028+0000] {processor.py:183} INFO - Processing /home/airflow/.local/lib/python3.8/site-packages/airflow/example_dags/example_skip_dag.py took 0.319 seconds
[2026-07-16T05:22:32.094+0000] {processor.py:161} INFO - Started process (PID=169) to work on /home/airflow/.local/lib/python3.8/site-packages/airflow/example_dags/example_skip_dag.py
[2026-07-16T05:22:32.096+0000] {processor.py:830} INFO - Processing file /home/airflow/.local/lib/python3.8/site-packages/airflow/example_dags/example_skip_dag.py for tasks to queue
[2026-07-16T05:22:32.099+0000] {logging_mixin.py:188} INFO - [2026-07-16T05:22:32.099+0000] {dagbag.py:538} INFO - Filling up the DagBag from /home/airflow/.local/lib/python3.8/site-packages/airflow/example_dags/example_skip_dag.py
[2026-07-16T05:22:32.110+0000] {processor.py:840} INFO - DAG(s) 'example_skip_dag' retrieved from /home/airflow/.local/lib/python3.8/site-packages/airflow/example_dags/example_skip_dag.py
[2026-07-16T05:22:32.141+0000] {logging_mixin.py:188} INFO - [2026-07-16T05:22:32.141+0000] {dag.py:3036} INFO - Sync 1 DAGs
[2026-07-16T05:22:32.173+0000] {logging_mixin.py:188} INFO - [2026-07-16T05:22:32.173+0000] {dag.py:3823} INFO - Setting next_dagrun for example_skip_dag to 2026-07-15 00:00:00+00:00, run_after=2026-07-16 00:00:00+00:00
[2026-07-16T05:22:32.199+0000] {processor.py:183} INFO - Processing /home/airflow/.local/lib/python3.8/site-packages/airflow/example_dags/example_skip_dag.py took 0.109 seconds
[2026-07-16T05:23:03.394+0000] {processor.py:161} INFO - Started process (PID=225) to work on /home/airflow/.local/lib/python3.8/site-packages/airflow/example_dags/example_skip_dag.py
[2026-07-16T05:23:03.397+0000] {processor.py:830} INFO - Processing file /home/airflow/.local/lib/python3.8/site-packages/airflow/example_dags/example_skip_dag.py for tasks to queue
[2026-07-16T05:23:03.401+0000] {logging_mixin.py:188} INFO - [2026-07-16T05:23:03.400+0000] {dagbag.py:538} INFO - Filling up the DagBag from /home/airflow/.local/lib/python3.8/site-packages/airflow/example_dags/example_skip_dag.py
[2026-07-16T05:23:03.417+0000] {processor.py:840} INFO - DAG(s) 'example_skip_dag' retrieved from /home/airflow/.local/lib/python3.8/site-packages/airflow/example_dags/example_skip_dag.py
[2026-07-16T05:23:03.465+0000] {logging_mixin.py:188} INFO - [2026-07-16T05:23:03.465+0000] {dag.py:3036} INFO - Sync 1 DAGs
[2026-07-16T05:23:03.527+0000] {logging_mixin.py:188} INFO - [2026-07-16T05:23:03.527+0000] {dag.py:3823} INFO - Setting next_dagrun for example_skip_dag to 2026-07-15 00:00:00+00:00, run_after=2026-07-16 00:00:00+00:00
[2026-07-16T05:23:03.590+0000] {processor.py:183} INFO - Processing /home/airflow/.local/lib/python3.8/site-packages/airflow/example_dags/example_skip_dag.py took 0.210 seconds
[2026-07-16T05:23:34.273+0000] {processor.py:161} INFO - Started process (PID=281) to work on /home/airflow/.local/lib/python3.8/site-packages/airflow/example_dags/example_skip_dag.py
[2026-07-16T05:23:34.275+0000] {processor.py:830} INFO - Processing file /home/airflow/.local/lib/python3.8/site-packages/airflow/example_dags/example_skip_dag.py for tasks to queue
[2026-07-16T05:23:34.278+0000] {logging_mixin.py:188} INFO - [2026-07-16T05:23:34.278+0000] {dagbag.py:538} INFO - Filling up the DagBag from /home/airflow/.local/lib/python3.8/site-packages/airflow/example_dags/example_skip_dag.py
[2026-07-16T05:23:34.287+0000] {processor.py:840} INFO - DAG(s) 'example_skip_dag' retrieved from /home/airflow/.local/lib/python3.8/site-packages/airflow/example_dags/example_skip_dag.py
[2026-07-16T05:23:34.319+0000] {logging_mixin.py:188} INFO - [2026-07-16T05:23:34.319+0000] {dag.py:3036} INFO - Sync 1 DAGs
[2026-07-16T05:23:34.344+0000] {logging_mixin.py:188} INFO - [2026-07-16T05:23:34.344+0000] {dag.py:3823} INFO - Setting next_dagrun for example_skip_dag to 2026-07-15 00:00:00+00:00, run_after=2026-07-16 00:00:00+00:00
[2026-07-16T05:23:34.373+0000] {processor.py:183} INFO - Processing /home/airflow/.local/lib/python3.8/site-packages/airflow/example_dags/example_skip_dag.py took 0.105 seconds
[2026-07-16T05:24:07.990+0000] {processor.py:161} INFO - Started process (PID=342) to work on /home/airflow/.local/lib/python3.8/site-packages/airflow/example_dags/example_skip_dag.py
[2026-07-16T05:24:07.998+0000] {processor.py:830} INFO - Processing file /home/airflow/.local/lib/python3.8/site-packages/airflow/example_dags/example_skip_dag.py for tasks to queue
[2026-07-16T05:24:08.008+0000] {logging_mixin.py:188} INFO - [2026-07-16T05:24:08.006+0000] {dagbag.py:538} INFO - Filling up the DagBag from /home/airflow/.local/lib/python3.8/site-packages/airflow/example_dags/example_skip_dag.py
[2026-07-16T05:24:08.057+0000] {processor.py:840} INFO - DAG(s) 'example_skip_dag' retrieved from /home/airflow/.local/lib/python3.8/site-packages/airflow/example_dags/example_skip_dag.py
[2026-07-16T05:24:08.193+0000] {logging_mixin.py:188} INFO - [2026-07-16T05:24:08.191+0000] {dag.py:3036} INFO - Sync 1 DAGs
[2026-07-16T05:24:08.352+0000] {logging_mixin.py:188} INFO - [2026-07-16T05:24:08.351+0000] {dag.py:3823} INFO - Setting next_dagrun for example_skip_dag to 2026-07-15 00:00:00+00:00, run_after=2026-07-16 00:00:00+00:00
[2026-07-16T05:24:08.477+0000] {processor.py:183} INFO - Processing /home/airflow/.local/lib/python3.8/site-packages/airflow/example_dags/example_skip_dag.py took 0.505 seconds
[2026-07-16T05:24:38.801+0000] {processor.py:161} INFO - Started process (PID=398) to work on /home/airflow/.local/lib/python3.8/site-packages/airflow/example_dags/example_skip_dag.py
[2026-07-16T05:24:38.803+0000] {processor.py:830} INFO - Processing file /home/airflow/.local/lib/python3.8/site-packages/airflow/example_dags/example_skip_dag.py for tasks to queue
[2026-07-16T05:24:38.806+0000] {logging_mixin.py:188} INFO - [2026-07-16T05:24:38.806+0000] {dagbag.py:538} INFO - Filling up the DagBag from /home/airflow/.local/lib/python3.8/site-packages/airflow/example_dags/example_skip_dag.py
[2026-07-16T05:24:38.820+0000] {processor.py:840} INFO - DAG(s) 'example_skip_dag' retrieved from /home/airflow/.local/lib/python3.8/site-packages/airflow/example_dags/example_skip_dag.py
[2026-07-16T05:24:38.867+0000] {logging_mixin.py:188} INFO - [2026-07-16T05:24:38.867+0000] {dag.py:3036} INFO - Sync 1 DAGs
[2026-07-16T05:24:38.901+0000] {logging_mixin.py:188} INFO - [2026-07-16T05:24:38.901+0000] {dag.py:3823} INFO - Setting next_dagrun for example_skip_dag to 2026-07-15 00:00:00+00:00, run_after=2026-07-16 00:00:00+00:00
[2026-07-16T05:24:38.941+0000] {processor.py:183} INFO - Processing /home/airflow/.local/lib/python3.8/site-packages/airflow/example_dags/example_skip_dag.py took 0.147 seconds
[2026-07-16T05:25:09.026+0000] {processor.py:161} INFO - Started process (PID=454) to work on /home/airflow/.local/lib/python3.8/site-packages/airflow/example_dags/example_skip_dag.py
[2026-07-16T05:25:09.027+0000] {processor.py:830} INFO - Processing file /home/airflow/.local/lib/python3.8/site-packages/airflow/example_dags/example_skip_dag.py for tasks to queue
[2026-07-16T05:25:09.030+0000] {logging_mixin.py:188} INFO - [2026-07-16T05:25:09.030+0000] {dagbag.py:538} INFO - Filling up the DagBag from /home/airflow/.local/lib/python3.8/site-packages/airflow/example_dags/example_skip_dag.py
[2026-07-16T05:25:09.038+0000] {processor.py:840} INFO - DAG(s) 'example_skip_dag' retrieved from /home/airflow/.local/lib/python3.8/site-packages/airflow/example_dags/example_skip_dag.py
[2026-07-16T05:25:09.064+0000] {logging_mixin.py:188} INFO - [2026-07-16T05:25:09.064+0000] {dag.py:3036} INFO - Sync 1 DAGs
[2026-07-16T05:25:09.091+0000] {logging_mixin.py:188} INFO - [2026-07-16T05:25:09.090+0000] {dag.py:3823} INFO - Setting next_dagrun for example_skip_dag to 2026-07-15 00:00:00+00:00, run_after=2026-07-16 00:00:00+00:00
[2026-07-16T05:25:09.122+0000] {processor.py:183} INFO - Processing /home/airflow/.local/lib/python3.8/site-packages/airflow/example_dags/example_skip_dag.py took 0.102 seconds
[2026-07-16T05:25:39.250+0000] {processor.py:161} INFO - Started process (PID=510) to work on /home/airflow/.local/lib/python3.8/site-packages/airflow/example_dags/example_skip_dag.py
[2026-07-16T05:25:39.252+0000] {processor.py:830} INFO - Processing file /home/airflow/.local/lib/python3.8/site-packages/airflow/example_dags/example_skip_dag.py for tasks to queue
[2026-07-16T05:25:39.254+0000] {logging_mixin.py:188} INFO - [2026-07-16T05:25:39.253+0000] {dagbag.py:538} INFO - Filling up the DagBag from /home/airflow/.local/lib/python3.8/site-packages/airflow/example_dags/example_skip_dag.py
[2026-07-16T05:25:39.262+0000] {processor.py:840} INFO - DAG(s) 'example_skip_dag' retrieved from /home/airflow/.local/lib/python3.8/site-packages/airflow/example_dags/example_skip_dag.py
[2026-07-16T05:25:39.292+0000] {logging_mixin.py:188} INFO - [2026-07-16T05:25:39.291+0000] {dag.py:3036} INFO - Sync 1 DAGs
[2026-07-16T05:25:39.328+0000] {logging_mixin.py:188} INFO - [2026-07-16T05:25:39.328+0000] {dag.py:3823} INFO - Setting next_dagrun for example_skip_dag to 2026-07-15 00:00:00+00:00, run_after=2026-07-16 00:00:00+00:00
[2026-07-16T05:25:39.367+0000] {processor.py:183} INFO - Processing /home/airflow/.local/lib/python3.8/site-packages/airflow/example_dags/example_skip_dag.py took 0.122 seconds
[2026-07-16T05:26:09.479+0000] {processor.py:161} INFO - Started process (PID=566) to work on /home/airflow/.local/lib/python3.8/site-packages/airflow/example_dags/example_skip_dag.py
[2026-07-16T05:26:09.480+0000] {processor.py:830} INFO - Processing file /home/airflow/.local/lib/python3.8/site-packages/airflow/example_dags/example_skip_dag.py for tasks to queue
[2026-07-16T05:26:09.483+0000] {logging_mixin.py:188} INFO - [2026-07-16T05:26:09.483+0000] {dagbag.py:538} INFO - Filling up the DagBag from /home/airflow/.local/lib/python3.8/site-packages/airflow/example_dags/example_skip_dag.py
[2026-07-16T05:26:09.492+0000] {processor.py:840} INFO - DAG(s) 'example_skip_dag' retrieved from /home/airflow/.local/lib/python3.8/site-packages/airflow/example_dags/example_skip_dag.py
[2026-07-16T05:26:09.521+0000] {logging_mixin.py:188} INFO - [2026-07-16T05:26:09.520+0000] {dag.py:3036} INFO - Sync 1 DAGs
[2026-07-16T05:26:09.552+0000] {logging_mixin.py:188} INFO - [2026-07-16T05:26:09.551+0000] {dag.py:3823} INFO - Setting next_dagrun for example_skip_dag to 2026-07-15 00:00:00+00:00, run_after=2026-07-16 00:00:00+00:00
[2026-07-16T05:26:09.583+0000] {processor.py:183} INFO - Processing /home/airflow/.local/lib/python3.8/site-packages/airflow/example_dags/example_skip_dag.py took 0.110 seconds
[2026-07-16T05:26:39.925+0000] {processor.py:161} INFO - Started process (PID=622) to work on /home/airflow/.local/lib/python3.8/site-packages/airflow/example_dags/example_skip_dag.py
[2026-07-16T05:26:39.927+0000] {processor.py:830} INFO - Processing file /home/airflow/.local/lib/python3.8/site-packages/airflow/example_dags/example_skip_dag.py for tasks to queue
[2026-07-16T05:26:39.929+0000] {logging_mixin.py:188} INFO - [2026-07-16T05:26:39.929+0000] {dagbag.py:538} INFO - Filling up the DagBag from /home/airflow/.local/lib/python3.8/site-packages/airflow/example_dags/example_skip_dag.py
[2026-07-16T05:26:39.938+0000] {processor.py:840} INFO - DAG(s) 'example_skip_dag' retrieved from /home/airflow/.local/lib/python3.8/site-packages/airflow/example_dags/example_skip_dag.py
[2026-07-16T05:26:39.967+0000] {logging_mixin.py:188} INFO - [2026-07-16T05:26:39.966+0000] {dag.py:3036} INFO - Sync 1 DAGs
[2026-07-16T05:26:39.993+0000] {logging_mixin.py:188} INFO - [2026-07-16T05:26:39.993+0000] {dag.py:3823} INFO - Setting next_dagrun for example_skip_dag to 2026-07-15 00:00:00+00:00, run_after=2026-07-16 00:00:00+00:00
[2026-07-16T05:26:40.033+0000] {processor.py:183} INFO - Processing /home/airflow/.local/lib/python3.8/site-packages/airflow/example_dags/example_skip_dag.py took 0.115 seconds
[2026-07-16T05:27:10.098+0000] {processor.py:161} INFO - Started process (PID=678) to work on /home/airflow/.local/lib/python3.8/site-packages/airflow/example_dags/example_skip_dag.py
[2026-07-16T05:27:10.100+0000] {processor.py:830} INFO - Processing file /home/airflow/.local/lib/python3.8/site-packages/airflow/example_dags/example_skip_dag.py for tasks to queue
[2026-07-16T05:27:10.102+0000] {logging_mixin.py:188} INFO - [2026-07-16T05:27:10.102+0000] {dagbag.py:538} INFO - Filling up the DagBag from /home/airflow/.local/lib/python3.8/site-packages/airflow/example_dags/example_skip_dag.py
[2026-07-16T05:27:10.112+0000] {processor.py:840} INFO - DAG(s) 'example_skip_dag' retrieved from /home/airflow/.local/lib/python3.8/site-packages/airflow/example_dags/example_skip_dag.py
[2026-07-16T05:27:10.142+0000] {logging_mixin.py:188} INFO - [2026-07-16T05:27:10.142+0000] {dag.py:3036} INFO - Sync 1 DAGs
[2026-07-16T05:27:10.167+0000] {logging_mixin.py:188} INFO - [2026-07-16T05:27:10.167+0000] {dag.py:3823} INFO - Setting next_dagrun for example_skip_dag to 2026-07-15 00:00:00+00:00, run_after=2026-07-16 00:00:00+00:00
[2026-07-16T05:27:10.188+0000] {processor.py:183} INFO - Processing /home/airflow/.local/lib/python3.8/site-packages/airflow/example_dags/example_skip_dag.py took 0.100 seconds
[2026-07-16T05:27:41.129+0000] {processor.py:161} INFO - Started process (PID=734) to work on /home/airflow/.local/lib/python3.8/site-packages/airflow/example_dags/example_skip_dag.py
[2026-07-16T05:27:41.130+0000] {processor.py:830} INFO - Processing file /home/airflow/.local/lib/python3.8/site-packages/airflow/example_dags/example_skip_dag.py for tasks to queue
[2026-07-16T05:27:41.133+0000] {logging_mixin.py:188} INFO - [2026-07-16T05:27:41.132+0000] {dagbag.py:538} INFO - Filling up the DagBag from /home/airflow/.local/lib/python3.8/site-packages/airflow/example_dags/example_skip_dag.py
[2026-07-16T05:27:41.142+0000] {processor.py:840} INFO - DAG(s) 'example_skip_dag' retrieved from /home/airflow/.local/lib/python3.8/site-packages/airflow/example_dags/example_skip_dag.py
[2026-07-16T05:27:41.172+0000] {logging_mixin.py:188} INFO - [2026-07-16T05:27:41.171+0000] {dag.py:3036} INFO - Sync 1 DAGs
[2026-07-16T05:27:41.198+0000] {logging_mixin.py:188} INFO - [2026-07-16T05:27:41.197+0000] {dag.py:3823} INFO - Setting next_dagrun for example_skip_dag to 2026-07-15 00:00:00+00:00, run_after=2026-07-16 00:00:00+00:00
[2026-07-16T05:27:41.224+0000] {processor.py:183} INFO - Processing /home/airflow/.local/lib/python3.8/site-packages/airflow/example_dags/example_skip_dag.py took 0.100 seconds
[2026-07-16T05:28:12.030+0000] {processor.py:161} INFO - Started process (PID=790) to work on /home/airflow/.local/lib/python3.8/site-packages/airflow/example_dags/example_skip_dag.py
[2026-07-16T05:28:12.032+0000] {processor.py:830} INFO - Processing file /home/airflow/.local/lib/python3.8/site-packages/airflow/example_dags/example_skip_dag.py for tasks to queue
[2026-07-16T05:28:12.035+0000] {logging_mixin.py:188} INFO - [2026-07-16T05:28:12.034+0000] {dagbag.py:538} INFO - Filling up the DagBag from /home/airflow/.local/lib/python3.8/site-packages/airflow/example_dags/example_skip_dag.py
[2026-07-16T05:28:12.047+0000] {processor.py:840} INFO - DAG(s) 'example_skip_dag' retrieved from /home/airflow/.local/lib/python3.8/site-packages/airflow/example_dags/example_skip_dag.py
[2026-07-16T05:28:12.082+0000] {logging_mixin.py:188} INFO - [2026-07-16T05:28:12.082+0000] {dag.py:3036} INFO - Sync 1 DAGs
[2026-07-16T05:28:12.130+0000] {logging_mixin.py:188} INFO - [2026-07-16T05:28:12.129+0000] {dag.py:3823} INFO - Setting next_dagrun for example_skip_dag to 2026-07-15 00:00:00+00:00, run_after=2026-07-16 00:00:00+00:00
[2026-07-16T05:28:12.161+0000] {processor.py:183} INFO - Processing /home/airflow/.local/lib/python3.8/site-packages/airflow/example_dags/example_skip_dag.py took 0.137 seconds
[2026-07-16T05:28:42.605+0000] {processor.py:161} INFO - Started process (PID=846) to work on /home/airflow/.local/lib/python3.8/site-packages/airflow/example_dags/example_skip_dag.py
[2026-07-16T05:28:42.608+0000] {processor.py:830} INFO - Processing file /home/airflow/.local/lib/python3.8/site-packages/airflow/example_dags/example_skip_dag.py for tasks to queue
[2026-07-16T05:28:42.611+0000] {logging_mixin.py:188} INFO - [2026-07-16T05:28:42.610+0000] {dagbag.py:538} INFO - Filling up the DagBag from /home/airflow/.local/lib/python3.8/site-packages/airflow/example_dags/example_skip_dag.py
[2026-07-16T05:28:42.624+0000] {processor.py:840} INFO - DAG(s) 'example_skip_dag' retrieved from /home/airflow/.local/lib/python3.8/site-packages/airflow/example_dags/example_skip_dag.py
[2026-07-16T05:28:42.663+0000] {logging_mixin.py:188} INFO - [2026-07-16T05:28:42.662+0000] {dag.py:3036} INFO - Sync 1 DAGs
[2026-07-16T05:28:42.694+0000] {logging_mixin.py:188} INFO - [2026-07-16T05:28:42.694+0000] {dag.py:3823} INFO - Setting next_dagrun for example_skip_dag to 2026-07-15 00:00:00+00:00, run_after=2026-07-16 00:00:00+00:00
[2026-07-16T05:28:42.724+0000] {processor.py:183} INFO - Processing /home/airflow/.local/lib/python3.8/site-packages/airflow/example_dags/example_skip_dag.py took 0.124 seconds
[2026-07-16T05:29:13.843+0000] {processor.py:161} INFO - Started process (PID=902) to work on /home/airflow/.local/lib/python3.8/site-packages/airflow/example_dags/example_skip_dag.py
[2026-07-16T05:29:13.846+0000] {processor.py:830} INFO - Processing file /home/airflow/.local/lib/python3.8/site-packages/airflow/example_dags/example_skip_dag.py for tasks to queue
[2026-07-16T05:29:13.852+0000] {logging_mixin.py:188} INFO - [2026-07-16T05:29:13.851+0000] {dagbag.py:538} INFO - Filling up the DagBag from /home/airflow/.local/lib/python3.8/site-packages/airflow/example_dags/example_skip_dag.py
[2026-07-16T05:29:13.870+0000] {processor.py:840} INFO - DAG(s) 'example_skip_dag' retrieved from /home/airflow/.local/lib/python3.8/site-packages/airflow/example_dags/example_skip_dag.py
[2026-07-16T05:29:13.931+0000] {logging_mixin.py:188} INFO - [2026-07-16T05:29:13.930+0000] {dag.py:3036} INFO - Sync 1 DAGs
[2026-07-16T05:29:13.988+0000] {logging_mixin.py:188} INFO - [2026-07-16T05:29:13.987+0000] {dag.py:3823} INFO - Setting next_dagrun for example_skip_dag to 2026-07-15 00:00:00+00:00, run_after=2026-07-16 00:00:00+00:00
[2026-07-16T05:29:14.046+0000] {processor.py:183} INFO - Processing /home/airflow/.local/lib/python3.8/site-packages/airflow/example_dags/example_skip_dag.py took 0.215 seconds
[2026-07-16T05:29:44.272+0000] {processor.py:161} INFO - Started process (PID=958) to work on /home/airflow/.local/lib/python3.8/site-packages/airflow/example_dags/example_skip_dag.py
[2026-07-16T05:29:44.274+0000] {processor.py:830} INFO - Processing file /home/airflow/.local/lib/python3.8/site-packages/airflow/example_dags/example_skip_dag.py for tasks to queue
[2026-07-16T05:29:44.280+0000] {logging_mixin.py:188} INFO - [2026-07-16T05:29:44.279+0000] {dagbag.py:538} INFO - Filling up the DagBag from /home/airflow/.local/lib/python3.8/site-packages/airflow/example_dags/example_skip_dag.py
[2026-07-16T05:29:44.300+0000] {processor.py:840} INFO - DAG(s) 'example_skip_dag' retrieved from /home/airflow/.local/lib/python3.8/site-packages/airflow/example_dags/example_skip_dag.py
[2026-07-16T05:29:44.359+0000] {logging_mixin.py:188} INFO - [2026-07-16T05:29:44.359+0000] {dag.py:3036} INFO - Sync 1 DAGs
[2026-07-16T05:29:44.417+0000] {logging_mixin.py:188} INFO - [2026-07-16T05:29:44.416+0000] {dag.py:3823} INFO - Setting next_dagrun for example_skip_dag to 2026-07-15 00:00:00+00:00, run_after=2026-07-16 00:00:00+00:00
[2026-07-16T05:29:44.453+0000] {processor.py:183} INFO - Processing /home/airflow/.local/lib/python3.8/site-packages/airflow/example_dags/example_skip_dag.py took 0.189 seconds
[2026-07-16T05:30:14.523+0000] {processor.py:161} INFO - Started process (PID=1014) to work on /home/airflow/.local/lib/python3.8/site-packages/airflow/example_dags/example_skip_dag.py
[2026-07-16T05:30:14.524+0000] {processor.py:830} INFO - Processing file /home/airflow/.local/lib/python3.8/site-packages/airflow/example_dags/example_skip_dag.py for tasks to queue
[2026-07-16T05:30:14.527+0000] {logging_mixin.py:188} INFO - [2026-07-16T05:30:14.526+0000] {dagbag.py:538} INFO - Filling up the DagBag from /home/airflow/.local/lib/python3.8/site-packages/airflow/example_dags/example_skip_dag.py
[2026-07-16T05:30:14.535+0000] {processor.py:840} INFO - DAG(s) 'example_skip_dag' retrieved from /home/airflow/.local/lib/python3.8/site-packages/airflow/example_dags/example_skip_dag.py
[2026-07-16T05:30:14.560+0000] {logging_mixin.py:188} INFO - [2026-07-16T05:30:14.560+0000] {dag.py:3036} INFO - Sync 1 DAGs
[2026-07-16T05:30:14.588+0000] {logging_mixin.py:188} INFO - [2026-07-16T05:30:14.588+0000] {dag.py:3823} INFO - Setting next_dagrun for example_skip_dag to 2026-07-15 00:00:00+00:00, run_after=2026-07-16 00:00:00+00:00
[2026-07-16T05:30:14.619+0000] {processor.py:183} INFO - Processing /home/airflow/.local/lib/python3.8/site-packages/airflow/example_dags/example_skip_dag.py took 0.101 seconds
[2026-07-16T05:30:44.995+0000] {processor.py:161} INFO - Started process (PID=1070) to work on /home/airflow/.local/lib/python3.8/site-packages/airflow/example_dags/example_skip_dag.py
[2026-07-16T05:30:44.997+0000] {processor.py:830} INFO - Processing file /home/airflow/.local/lib/python3.8/site-packages/airflow/example_dags/example_skip_dag.py for tasks to queue
[2026-07-16T05:30:45.000+0000] {logging_mixin.py:188} INFO - [2026-07-16T05:30:45.000+0000] {dagbag.py:538} INFO - Filling up the DagBag from /home/airflow/.local/lib/python3.8/site-packages/airflow/example_dags/example_skip_dag.py
[2026-07-16T05:30:45.013+0000] {processor.py:840} INFO - DAG(s) 'example_skip_dag' retrieved from /home/airflow/.local/lib/python3.8/site-packages/airflow/example_dags/example_skip_dag.py
[2026-07-16T05:30:45.045+0000] {logging_mixin.py:188} INFO - [2026-07-16T05:30:45.044+0000] {dag.py:3036} INFO - Sync 1 DAGs
[2026-07-16T05:30:45.072+0000] {logging_mixin.py:188} INFO - [2026-07-16T05:30:45.072+0000] {dag.py:3823} INFO - Setting next_dagrun for example_skip_dag to 2026-07-15 00:00:00+00:00, run_after=2026-07-16 00:00:00+00:00
[2026-07-16T05:30:45.102+0000] {processor.py:183} INFO - Processing /home/airflow/.local/lib/python3.8/site-packages/airflow/example_dags/example_skip_dag.py took 0.113 seconds
[2026-07-16T05:31:16.063+0000] {processor.py:161} INFO - Started process (PID=1126) to work on /home/airflow/.local/lib/python3.8/site-packages/airflow/example_dags/example_skip_dag.py
[2026-07-16T05:31:16.064+0000] {processor.py:830} INFO - Processing file /home/airflow/.local/lib/python3.8/site-packages/airflow/example_dags/example_skip_dag.py for tasks to queue
[2026-07-16T05:31:16.066+0000] {logging_mixin.py:188} INFO - [2026-07-16T05:31:16.065+0000] {dagbag.py:538} INFO - Filling up the DagBag from /home/airflow/.local/lib/python3.8/site-packages/airflow/example_dags/example_skip_dag.py
[2026-07-16T05:31:16.072+0000] {processor.py:840} INFO - DAG(s) 'example_skip_dag' retrieved from /home/airflow/.local/lib/python3.8/site-packages/airflow/example_dags/example_skip_dag.py
[2026-07-16T05:31:16.091+0000] {logging_mixin.py:188} INFO - [2026-07-16T05:31:16.091+0000] {dag.py:3036} INFO - Sync 1 DAGs
[2026-07-16T05:31:16.108+0000] {logging_mixin.py:188} INFO - [2026-07-16T05:31:16.107+0000] {dag.py:3823} INFO - Setting next_dagrun for example_skip_dag to 2026-07-15 00:00:00+00:00, run_after=2026-07-16 00:00:00+00:00
[2026-07-16T05:31:16.121+0000] {processor.py:183} INFO - Processing /home/airflow/.local/lib/python3.8/site-packages/airflow/example_dags/example_skip_dag.py took 0.063 seconds
[2026-07-16T05:31:47.265+0000] {processor.py:161} INFO - Started process (PID=1182) to work on /home/airflow/.local/lib/python3.8/site-packages/airflow/example_dags/example_skip_dag.py
[2026-07-16T05:31:47.269+0000] {processor.py:830} INFO - Processing file /home/airflow/.local/lib/python3.8/site-packages/airflow/example_dags/example_skip_dag.py for tasks to queue
[2026-07-16T05:31:47.272+0000] {logging_mixin.py:188} INFO - [2026-07-16T05:31:47.271+0000] {dagbag.py:538} INFO - Filling up the DagBag from /home/airflow/.local/lib/python3.8/site-packages/airflow/example_dags/example_skip_dag.py
[2026-07-16T05:31:47.285+0000] {processor.py:840} INFO - DAG(s) 'example_skip_dag' retrieved from /home/airflow/.local/lib/python3.8/site-packages/airflow/example_dags/example_skip_dag.py
[2026-07-16T05:31:47.335+0000] {logging_mixin.py:188} INFO - [2026-07-16T05:31:47.334+0000] {dag.py:3036} INFO - Sync 1 DAGs
[2026-07-16T05:31:47.388+0000] {logging_mixin.py:188} INFO - [2026-07-16T05:31:47.387+0000] {dag.py:3823} INFO - Setting next_dagrun for example_skip_dag to 2026-07-15 00:00:00+00:00, run_after=2026-07-16 00:00:00+00:00
[2026-07-16T05:31:47.418+0000] {processor.py:183} INFO - Processing /home/airflow/.local/lib/python3.8/site-packages/airflow/example_dags/example_skip_dag.py took 0.160 seconds
[2026-07-16T05:32:17.839+0000] {processor.py:161} INFO - Started process (PID=1238) to work on /home/airflow/.local/lib/python3.8/site-packages/airflow/example_dags/example_skip_dag.py
[2026-07-16T05:32:17.840+0000] {processor.py:830} INFO - Processing file /home/airflow/.local/lib/python3.8/site-packages/airflow/example_dags/example_skip_dag.py for tasks to queue
[2026-07-16T05:32:17.843+0000] {logging_mixin.py:188} INFO - [2026-07-16T05:32:17.842+0000] {dagbag.py:538} INFO - Filling up the DagBag from /home/airflow/.local/lib/python3.8/site-packages/airflow/example_dags/example_skip_dag.py
[2026-07-16T05:32:17.850+0000] {processor.py:840} INFO - DAG(s) 'example_skip_dag' retrieved from /home/airflow/.local/lib/python3.8/site-packages/airflow/example_dags/example_skip_dag.py
[2026-07-16T05:32:17.869+0000] {logging_mixin.py:188} INFO - [2026-07-16T05:32:17.869+0000] {dag.py:3036} INFO - Sync 1 DAGs
[2026-07-16T05:32:17.888+0000] {logging_mixin.py:188} INFO - [2026-07-16T05:32:17.888+0000] {dag.py:3823} INFO - Setting next_dagrun for example_skip_dag to 2026-07-15 00:00:00+00:00, run_after=2026-07-16 00:00:00+00:00
[2026-07-16T05:32:17.905+0000] {processor.py:183} INFO - Processing /home/airflow/.local/lib/python3.8/site-packages/airflow/example_dags/example_skip_dag.py took 0.069 seconds
[2026-07-16T05:32:48.022+0000] {processor.py:161} INFO - Started process (PID=1294) to work on /home/airflow/.local/lib/python3.8/site-packages/airflow/example_dags/example_skip_dag.py
[2026-07-16T05:32:48.024+0000] {processor.py:830} INFO - Processing file /home/airflow/.local/lib/python3.8/site-packages/airflow/example_dags/example_skip_dag.py for tasks to queue
[2026-07-16T05:32:48.026+0000] {logging_mixin.py:188} INFO - [2026-07-16T05:32:48.025+0000] {dagbag.py:538} INFO - Filling up the DagBag from /home/airflow/.local/lib/python3.8/site-packages/airflow/example_dags/example_skip_dag.py
[2026-07-16T05:32:48.031+0000] {processor.py:840} INFO - DAG(s) 'example_skip_dag' retrieved from /home/airflow/.local/lib/python3.8/site-packages/airflow/example_dags/example_skip_dag.py
[2026-07-16T05:32:48.048+0000] {logging_mixin.py:188} INFO - [2026-07-16T05:32:48.048+0000] {dag.py:3036} INFO - Sync 1 DAGs
[2026-07-16T05:32:48.065+0000] {logging_mixin.py:188} INFO - [2026-07-16T05:32:48.065+0000] {dag.py:3823} INFO - Setting next_dagrun for example_skip_dag to 2026-07-15 00:00:00+00:00, run_after=2026-07-16 00:00:00+00:00
[2026-07-16T05:32:48.081+0000] {processor.py:183} INFO - Processing /home/airflow/.local/lib/python3.8/site-packages/airflow/example_dags/example_skip_dag.py took 0.062 seconds
[2026-07-16T05:33:19.180+0000] {processor.py:161} INFO - Started process (PID=1350) to work on /home/airflow/.local/lib/python3.8/site-packages/airflow/example_dags/example_skip_dag.py
[2026-07-16T05:33:19.182+0000] {processor.py:830} INFO - Processing file /home/airflow/.local/lib/python3.8/site-packages/airflow/example_dags/example_skip_dag.py for tasks to queue
[2026-07-16T05:33:19.184+0000] {logging_mixin.py:188} INFO - [2026-07-16T05:33:19.184+0000] {dagbag.py:538} INFO - Filling up the DagBag from /home/airflow/.local/lib/python3.8/site-packages/airflow/example_dags/example_skip_dag.py
[2026-07-16T05:33:19.196+0000] {processor.py:840} INFO - DAG(s) 'example_skip_dag' retrieved from /home/airflow/.local/lib/python3.8/site-packages/airflow/example_dags/example_skip_dag.py
[2026-07-16T05:33:19.236+0000] {logging_mixin.py:188} INFO - [2026-07-16T05:33:19.236+0000] {dag.py:3036} INFO - Sync 1 DAGs
[2026-07-16T05:33:19.269+0000] {logging_mixin.py:188} INFO - [2026-07-16T05:33:19.269+0000] {dag.py:3823} INFO - Setting next_dagrun for example_skip_dag to 2026-07-15 00:00:00+00:00, run_after=2026-07-16 00:00:00+00:00
[2026-07-16T05:33:19.300+0000] {processor.py:183} INFO - Processing /home/airflow/.local/lib/python3.8/site-packages/airflow/example_dags/example_skip_dag.py took 0.128 seconds
[2026-07-16T05:33:50.251+0000] {processor.py:161} INFO - Started process (PID=1406) to work on /home/airflow/.local/lib/python3.8/site-packages/airflow/example_dags/example_skip_dag.py
[2026-07-16T05:33:50.253+0000] {processor.py:830} INFO - Processing file /home/airflow/.local/lib/python3.8/site-packages/airflow/example_dags/example_skip_dag.py for tasks to queue
[2026-07-16T05:33:50.256+0000] {logging_mixin.py:188} INFO - [2026-07-16T05:33:50.255+0000] {dagbag.py:538} INFO - Filling up the DagBag from /home/airflow/.local/lib/python3.8/site-packages/airflow/example_dags/example_skip_dag.py
[2026-07-16T05:33:50.263+0000] {processor.py:840} INFO - DAG(s) 'example_skip_dag' retrieved from /home/airflow/.local/lib/python3.8/site-packages/airflow/example_dags/example_skip_dag.py
[2026-07-16T05:33:50.281+0000] {logging_mixin.py:188} INFO - [2026-07-16T05:33:50.280+0000] {dag.py:3036} INFO - Sync 1 DAGs
[2026-07-16T05:33:50.297+0000] {logging_mixin.py:188} INFO - [2026-07-16T05:33:50.297+0000] {dag.py:3823} INFO - Setting next_dagrun for example_skip_dag to 2026-07-15 00:00:00+00:00, run_after=2026-07-16 00:00:00+00:00
[2026-07-16T05:33:50.316+0000] {processor.py:183} INFO - Processing /home/airflow/.local/lib/python3.8/site-packages/airflow/example_dags/example_skip_dag.py took 0.069 seconds
[2026-07-16T05:34:21.093+0000] {processor.py:161} INFO - Started process (PID=1462) to work on /home/airflow/.local/lib/python3.8/site-packages/airflow/example_dags/example_skip_dag.py
[2026-07-16T05:34:21.095+0000] {processor.py:830} INFO - Processing file /home/airflow/.local/lib/python3.8/site-packages/airflow/example_dags/example_skip_dag.py for tasks to queue
[2026-07-16T05:34:21.096+0000] {logging_mixin.py:188} INFO - [2026-07-16T05:34:21.096+0000] {dagbag.py:538} INFO - Filling up the DagBag from /home/airflow/.local/lib/python3.8/site-packages/airflow/example_dags/example_skip_dag.py
[2026-07-16T05:34:21.103+0000] {processor.py:840} INFO - DAG(s) 'example_skip_dag' retrieved from /home/airflow/.local/lib/python3.8/site-packages/airflow/example_dags/example_skip_dag.py
[2026-07-16T05:34:21.124+0000] {logging_mixin.py:188} INFO - [2026-07-16T05:34:21.124+0000] {dag.py:3036} INFO - Sync 1 DAGs
[2026-07-16T05:34:21.145+0000] {logging_mixin.py:188} INFO - [2026-07-16T05:34:21.145+0000] {dag.py:3823} INFO - Setting next_dagrun for example_skip_dag to 2026-07-15 00:00:00+00:00, run_after=2026-07-16 00:00:00+00:00
[2026-07-16T05:34:21.165+0000] {processor.py:183} INFO - Processing /home/airflow/.local/lib/python3.8/site-packages/airflow/example_dags/example_skip_dag.py took 0.075 seconds
[2026-07-16T05:34:51.482+0000] {processor.py:161} INFO - Started process (PID=1518) to work on /home/airflow/.local/lib/python3.8/site-packages/airflow/example_dags/example_skip_dag.py
[2026-07-16T05:34:51.483+0000] {processor.py:830} INFO - Processing file /home/airflow/.local/lib/python3.8/site-packages/airflow/example_dags/example_skip_dag.py for tasks to queue
[2026-07-16T05:34:51.485+0000] {logging_mixin.py:188} INFO - [2026-07-16T05:34:51.485+0000] {dagbag.py:538} INFO - Filling up the DagBag from /home/airflow/.local/lib/python3.8/site-packages/airflow/example_dags/example_skip_dag.py
[2026-07-16T05:34:51.494+0000] {processor.py:840} INFO - DAG(s) 'example_skip_dag' retrieved from /home/airflow/.local/lib/python3.8/site-packages/airflow/example_dags/example_skip_dag.py
[2026-07-16T05:34:51.521+0000] {logging_mixin.py:188} INFO - [2026-07-16T05:34:51.520+0000] {dag.py:3036} INFO - Sync 1 DAGs
[2026-07-16T05:34:51.542+0000] {logging_mixin.py:188} INFO - [2026-07-16T05:34:51.542+0000] {dag.py:3823} INFO - Setting next_dagrun for example_skip_dag to 2026-07-15 00:00:00+00:00, run_after=2026-07-16 00:00:00+00:00
[2026-07-16T05:34:51.563+0000] {processor.py:183} INFO - Processing /home/airflow/.local/lib/python3.8/site-packages/airflow/example_dags/example_skip_dag.py took 0.085 seconds
[2026-07-16T05:35:22.488+0000] {processor.py:161} INFO - Started process (PID=1574) to work on /home/airflow/.local/lib/python3.8/site-packages/airflow/example_dags/example_skip_dag.py
[2026-07-16T05:35:22.490+0000] {processor.py:830} INFO - Processing file /home/airflow/.local/lib/python3.8/site-packages/airflow/example_dags/example_skip_dag.py for tasks to queue
[2026-07-16T05:35:22.491+0000] {logging_mixin.py:188} INFO - [2026-07-16T05:35:22.491+0000] {dagbag.py:538} INFO - Filling up the DagBag from /home/airflow/.local/lib/python3.8/site-packages/airflow/example_dags/example_skip_dag.py
[2026-07-16T05:35:22.497+0000] {processor.py:840} INFO - DAG(s) 'example_skip_dag' retrieved from /home/airflow/.local/lib/python3.8/site-packages/airflow/example_dags/example_skip_dag.py
[2026-07-16T05:35:22.513+0000] {logging_mixin.py:188} INFO - [2026-07-16T05:35:22.513+0000] {dag.py:3036} INFO - Sync 1 DAGs
[2026-07-16T05:35:22.528+0000] {logging_mixin.py:188} INFO - [2026-07-16T05:35:22.528+0000] {dag.py:3823} INFO - Setting next_dagrun for example_skip_dag to 2026-07-15 00:00:00+00:00, run_after=2026-07-16 00:00:00+00:00
[2026-07-16T05:35:22.544+0000] {processor.py:183} INFO - Processing /home/airflow/.local/lib/python3.8/site-packages/airflow/example_dags/example_skip_dag.py took 0.059 seconds
[2026-07-16T05:35:53.389+0000] {processor.py:161} INFO - Started process (PID=1630) to work on /home/airflow/.local/lib/python3.8/site-packages/airflow/example_dags/example_skip_dag.py
[2026-07-16T05:35:53.390+0000] {processor.py:830} INFO - Processing file /home/airflow/.local/lib/python3.8/site-packages/airflow/example_dags/example_skip_dag.py for tasks to queue
[2026-07-16T05:35:53.392+0000] {logging_mixin.py:188} INFO - [2026-07-16T05:35:53.392+0000] {dagbag.py:538} INFO - Filling up the DagBag from /home/airflow/.local/lib/python3.8/site-packages/airflow/example_dags/example_skip_dag.py
[2026-07-16T05:35:53.402+0000] {processor.py:840} INFO - DAG(s) 'example_skip_dag' retrieved from /home/airflow/.local/lib/python3.8/site-packages/airflow/example_dags/example_skip_dag.py
[2026-07-16T05:35:53.428+0000] {logging_mixin.py:188} INFO - [2026-07-16T05:35:53.427+0000] {dag.py:3036} INFO - Sync 1 DAGs
[2026-07-16T05:35:53.448+0000] {logging_mixin.py:188} INFO - [2026-07-16T05:35:53.448+0000] {dag.py:3823} INFO - Setting next_dagrun for example_skip_dag to 2026-07-15 00:00:00+00:00, run_after=2026-07-16 00:00:00+00:00
[2026-07-16T05:35:53.467+0000] {processor.py:183} INFO - Processing /home/airflow/.local/lib/python3.8/site-packages/airflow/example_dags/example_skip_dag.py took 0.081 seconds
[2026-07-16T05:36:23.841+0000] {processor.py:161} INFO - Started process (PID=1687) to work on /home/airflow/.local/lib/python3.8/site-packages/airflow/example_dags/example_skip_dag.py
[2026-07-16T05:36:23.843+0000] {processor.py:830} INFO - Processing file /home/airflow/.local/lib/python3.8/site-packages/airflow/example_dags/example_skip_dag.py for tasks to queue
[2026-07-16T05:36:23.847+0000] {logging_mixin.py:188} INFO - [2026-07-16T05:36:23.847+0000] {dagbag.py:538} INFO - Filling up the DagBag from /home/airflow/.local/lib/python3.8/site-packages/airflow/example_dags/example_skip_dag.py
[2026-07-16T05:36:23.857+0000] {processor.py:840} INFO - DAG(s) 'example_skip_dag' retrieved from /home/airflow/.local/lib/python3.8/site-packages/airflow/example_dags/example_skip_dag.py
[2026-07-16T05:36:23.886+0000] {logging_mixin.py:188} INFO - [2026-07-16T05:36:23.885+0000] {dag.py:3036} INFO - Sync 1 DAGs
[2026-07-16T05:36:23.908+0000] {logging_mixin.py:188} INFO - [2026-07-16T05:36:23.908+0000] {dag.py:3823} INFO - Setting next_dagrun for example_skip_dag to 2026-07-15 00:00:00+00:00, run_after=2026-07-16 00:00:00+00:00
[2026-07-16T05:36:23.934+0000] {processor.py:183} INFO - Processing /home/airflow/.local/lib/python3.8/site-packages/airflow/example_dags/example_skip_dag.py took 0.100 seconds
[2026-07-16T05:36:54.026+0000] {processor.py:161} INFO - Started process (PID=1743) to work on /home/airflow/.local/lib/python3.8/site-packages/airflow/example_dags/example_skip_dag.py
[2026-07-16T05:36:54.029+0000] {processor.py:830} INFO - Processing file /home/airflow/.local/lib/python3.8/site-packages/airflow/example_dags/example_skip_dag.py for tasks to queue
[2026-07-16T05:36:54.035+0000] {logging_mixin.py:188} INFO - [2026-07-16T05:36:54.034+0000] {dagbag.py:538} INFO - Filling up the DagBag from /home/airflow/.local/lib/python3.8/site-packages/airflow/example_dags/example_skip_dag.py
[2026-07-16T05:36:54.058+0000] {processor.py:840} INFO - DAG(s) 'example_skip_dag' retrieved from /home/airflow/.local/lib/python3.8/site-packages/airflow/example_dags/example_skip_dag.py
[2026-07-16T05:36:54.087+0000] {logging_mixin.py:188} INFO - [2026-07-16T05:36:54.086+0000] {dag.py:3036} INFO - Sync 1 DAGs
[2026-07-16T05:36:54.107+0000] {logging_mixin.py:188} INFO - [2026-07-16T05:36:54.106+0000] {dag.py:3823} INFO - Setting next_dagrun for example_skip_dag to 2026-07-15 00:00:00+00:00, run_after=2026-07-16 00:00:00+00:00
[2026-07-16T05:36:54.132+0000] {processor.py:183} INFO - Processing /home/airflow/.local/lib/python3.8/site-packages/airflow/example_dags/example_skip_dag.py took 0.122 seconds
[2026-07-16T05:37:24.449+0000] {processor.py:161} INFO - Started process (PID=1799) to work on /home/airflow/.local/lib/python3.8/site-packages/airflow/example_dags/example_skip_dag.py
[2026-07-16T05:37:24.454+0000] {processor.py:830} INFO - Processing file /home/airflow/.local/lib/python3.8/site-packages/airflow/example_dags/example_skip_dag.py for tasks to queue
[2026-07-16T05:37:24.455+0000] {logging_mixin.py:188} INFO - [2026-07-16T05:37:24.455+0000] {dagbag.py:538} INFO - Filling up the DagBag from /home/airflow/.local/lib/python3.8/site-packages/airflow/example_dags/example_skip_dag.py
[2026-07-16T05:37:24.462+0000] {processor.py:840} INFO - DAG(s) 'example_skip_dag' retrieved from /home/airflow/.local/lib/python3.8/site-packages/airflow/example_dags/example_skip_dag.py
[2026-07-16T05:37:24.485+0000] {logging_mixin.py:188} INFO - [2026-07-16T05:37:24.485+0000] {dag.py:3036} INFO - Sync 1 DAGs
[2026-07-16T05:37:24.504+0000] {logging_mixin.py:188} INFO - [2026-07-16T05:37:24.504+0000] {dag.py:3823} INFO - Setting next_dagrun for example_skip_dag to 2026-07-15 00:00:00+00:00, run_after=2026-07-16 00:00:00+00:00
[2026-07-16T05:37:24.525+0000] {processor.py:183} INFO - Processing /home/airflow/.local/lib/python3.8/site-packages/airflow/example_dags/example_skip_dag.py took 0.079 seconds
[2026-07-16T05:37:54.799+0000] {processor.py:161} INFO - Started process (PID=1855) to work on /home/airflow/.local/lib/python3.8/site-packages/airflow/example_dags/example_skip_dag.py
[2026-07-16T05:37:54.800+0000] {processor.py:830} INFO - Processing file /home/airflow/.local/lib/python3.8/site-packages/airflow/example_dags/example_skip_dag.py for tasks to queue
[2026-07-16T05:37:54.802+0000] {logging_mixin.py:188} INFO - [2026-07-16T05:37:54.802+0000] {dagbag.py:538} INFO - Filling up the DagBag from /home/airflow/.local/lib/python3.8/site-packages/airflow/example_dags/example_skip_dag.py
[2026-07-16T05:37:54.809+0000] {processor.py:840} INFO - DAG(s) 'example_skip_dag' retrieved from /home/airflow/.local/lib/python3.8/site-packages/airflow/example_dags/example_skip_dag.py
[2026-07-16T05:37:54.827+0000] {logging_mixin.py:188} INFO - [2026-07-16T05:37:54.827+0000] {dag.py:3036} INFO - Sync 1 DAGs
[2026-07-16T05:37:54.844+0000] {logging_mixin.py:188} INFO - [2026-07-16T05:37:54.844+0000] {dag.py:3823} INFO - Setting next_dagrun for example_skip_dag to 2026-07-15 00:00:00+00:00, run_after=2026-07-16 00:00:00+00:00
[2026-07-16T05:37:54.869+0000] {processor.py:183} INFO - Processing /home/airflow/.local/lib/python3.8/site-packages/airflow/example_dags/example_skip_dag.py took 0.073 seconds
[2026-07-16T05:38:25.033+0000] {processor.py:161} INFO - Started process (PID=1911) to work on /home/airflow/.local/lib/python3.8/site-packages/airflow/example_dags/example_skip_dag.py
[2026-07-16T05:38:25.035+0000] {processor.py:830} INFO - Processing file /home/airflow/.local/lib/python3.8/site-packages/airflow/example_dags/example_skip_dag.py for tasks to queue
[2026-07-16T05:38:25.037+0000] {logging_mixin.py:188} INFO - [2026-07-16T05:38:25.036+0000] {dagbag.py:538} INFO - Filling up the DagBag from /home/airflow/.local/lib/python3.8/site-packages/airflow/example_dags/example_skip_dag.py
[2026-07-16T05:38:25.048+0000] {processor.py:840} INFO - DAG(s) 'example_skip_dag' retrieved from /home/airflow/.local/lib/python3.8/site-packages/airflow/example_dags/example_skip_dag.py
[2026-07-16T05:38:25.081+0000] {logging_mixin.py:188} INFO - [2026-07-16T05:38:25.081+0000] {dag.py:3036} INFO - Sync 1 DAGs
[2026-07-16T05:38:25.108+0000] {logging_mixin.py:188} INFO - [2026-07-16T05:38:25.108+0000] {dag.py:3823} INFO - Setting next_dagrun for example_skip_dag to 2026-07-15 00:00:00+00:00, run_after=2026-07-16 00:00:00+00:00
[2026-07-16T05:38:25.131+0000] {processor.py:183} INFO - Processing /home/airflow/.local/lib/python3.8/site-packages/airflow/example_dags/example_skip_dag.py took 0.108 seconds
[2026-07-16T05:38:55.516+0000] {processor.py:161} INFO - Started process (PID=1967) to work on /home/airflow/.local/lib/python3.8/site-packages/airflow/example_dags/example_skip_dag.py
[2026-07-16T05:38:55.518+0000] {processor.py:830} INFO - Processing file /home/airflow/.local/lib/python3.8/site-packages/airflow/example_dags/example_skip_dag.py for tasks to queue
[2026-07-16T05:38:55.521+0000] {logging_mixin.py:188} INFO - [2026-07-16T05:38:55.520+0000] {dagbag.py:538} INFO - Filling up the DagBag from /home/airflow/.local/lib/python3.8/site-packages/airflow/example_dags/example_skip_dag.py
[2026-07-16T05:38:55.530+0000] {processor.py:840} INFO - DAG(s) 'example_skip_dag' retrieved from /home/airflow/.local/lib/python3.8/site-packages/airflow/example_dags/example_skip_dag.py
[2026-07-16T05:38:55.557+0000] {logging_mixin.py:188} INFO - [2026-07-16T05:38:55.557+0000] {dag.py:3036} INFO - Sync 1 DAGs
[2026-07-16T05:38:55.585+0000] {logging_mixin.py:188} INFO - [2026-07-16T05:38:55.585+0000] {dag.py:3823} INFO - Setting next_dagrun for example_skip_dag to 2026-07-15 00:00:00+00:00, run_after=2026-07-16 00:00:00+00:00
[2026-07-16T05:38:55.610+0000] {processor.py:183} INFO - Processing /home/airflow/.local/lib/python3.8/site-packages/airflow/example_dags/example_skip_dag.py took 0.099 seconds
[2026-07-16T05:39:25.701+0000] {processor.py:161} INFO - Started process (PID=2023) to work on /home/airflow/.local/lib/python3.8/site-packages/airflow/example_dags/example_skip_dag.py
[2026-07-16T05:39:25.702+0000] {processor.py:830} INFO - Processing file /home/airflow/.local/lib/python3.8/site-packages/airflow/example_dags/example_skip_dag.py for tasks to queue
[2026-07-16T05:39:25.704+0000] {logging_mixin.py:188} INFO - [2026-07-16T05:39:25.704+0000] {dagbag.py:538} INFO - Filling up the DagBag from /home/airflow/.local/lib/python3.8/site-packages/airflow/example_dags/example_skip_dag.py
[2026-07-16T05:39:25.717+0000] {processor.py:840} INFO - DAG(s) 'example_skip_dag' retrieved from /home/airflow/.local/lib/python3.8/site-packages/airflow/example_dags/example_skip_dag.py
[2026-07-16T05:39:25.743+0000] {logging_mixin.py:188} INFO - [2026-07-16T05:39:25.743+0000] {dag.py:3036} INFO - Sync 1 DAGs
[2026-07-16T05:39:25.768+0000] {logging_mixin.py:188} INFO - [2026-07-16T05:39:25.767+0000] {dag.py:3823} INFO - Setting next_dagrun for example_skip_dag to 2026-07-15 00:00:00+00:00, run_after=2026-07-16 00:00:00+00:00
[2026-07-16T05:39:25.792+0000] {processor.py:183} INFO - Processing /home/airflow/.local/lib/python3.8/site-packages/airflow/example_dags/example_skip_dag.py took 0.095 seconds
[2026-07-16T05:39:55.918+0000] {processor.py:161} INFO - Started process (PID=2079) to work on /home/airflow/.local/lib/python3.8/site-packages/airflow/example_dags/example_skip_dag.py
[2026-07-16T05:39:55.920+0000] {processor.py:830} INFO - Processing file /home/airflow/.local/lib/python3.8/site-packages/airflow/example_dags/example_skip_dag.py for tasks to queue
[2026-07-16T05:39:55.922+0000] {logging_mixin.py:188} INFO - [2026-07-16T05:39:55.921+0000] {dagbag.py:538} INFO - Filling up the DagBag from /home/airflow/.local/lib/python3.8/site-packages/airflow/example_dags/example_skip_dag.py
[2026-07-16T05:39:55.927+0000] {processor.py:840} INFO - DAG(s) 'example_skip_dag' retrieved from /home/airflow/.local/lib/python3.8/site-packages/airflow/example_dags/example_skip_dag.py
[2026-07-16T05:39:55.946+0000] {logging_mixin.py:188} INFO - [2026-07-16T05:39:55.946+0000] {dag.py:3036} INFO - Sync 1 DAGs
[2026-07-16T05:39:55.963+0000] {logging_mixin.py:188} INFO - [2026-07-16T05:39:55.963+0000] {dag.py:3823} INFO - Setting next_dagrun for example_skip_dag to 2026-07-15 00:00:00+00:00, run_after=2026-07-16 00:00:00+00:00
[2026-07-16T05:39:55.979+0000] {processor.py:183} INFO - Processing /home/airflow/.local/lib/python3.8/site-packages/airflow/example_dags/example_skip_dag.py took 0.064 seconds
[2026-07-16T05:40:26.018+0000] {processor.py:161} INFO - Started process (PID=2128) to work on /home/airflow/.local/lib/python3.8/site-packages/airflow/example_dags/example_skip_dag.py
[2026-07-16T05:40:26.019+0000] {processor.py:830} INFO - Processing file /home/airflow/.local/lib/python3.8/site-packages/airflow/example_dags/example_skip_dag.py for tasks to queue
[2026-07-16T05:40:26.021+0000] {logging_mixin.py:188} INFO - [2026-07-16T05:40:26.021+0000] {dagbag.py:538} INFO - Filling up the DagBag from /home/airflow/.local/lib/python3.8/site-packages/airflow/example_dags/example_skip_dag.py
[2026-07-16T05:40:26.027+0000] {processor.py:840} INFO - DAG(s) 'example_skip_dag' retrieved from /home/airflow/.local/lib/python3.8/site-packages/airflow/example_dags/example_skip_dag.py
[2026-07-16T05:40:26.049+0000] {logging_mixin.py:188} INFO - [2026-07-16T05:40:26.049+0000] {dag.py:3036} INFO - Sync 1 DAGs
[2026-07-16T05:40:26.070+0000] {logging_mixin.py:188} INFO - [2026-07-16T05:40:26.070+0000] {dag.py:3823} INFO - Setting next_dagrun for example_skip_dag to 2026-07-15 00:00:00+00:00, run_after=2026-07-16 00:00:00+00:00
[2026-07-16T05:40:26.091+0000] {processor.py:183} INFO - Processing /home/airflow/.local/lib/python3.8/site-packages/airflow/example_dags/example_skip_dag.py took 0.075 seconds
[2026-07-16T05:40:56.552+0000] {processor.py:161} INFO - Started process (PID=2184) to work on /home/airflow/.local/lib/python3.8/site-packages/airflow/example_dags/example_skip_dag.py
[2026-07-16T05:40:56.554+0000] {processor.py:830} INFO - Processing file /home/airflow/.local/lib/python3.8/site-packages/airflow/example_dags/example_skip_dag.py for tasks to queue
[2026-07-16T05:40:56.556+0000] {logging_mixin.py:188} INFO - [2026-07-16T05:40:56.556+0000] {dagbag.py:538} INFO - Filling up the DagBag from /home/airflow/.local/lib/python3.8/site-packages/airflow/example_dags/example_skip_dag.py
[2026-07-16T05:40:56.564+0000] {processor.py:840} INFO - DAG(s) 'example_skip_dag' retrieved from /home/airflow/.local/lib/python3.8/site-packages/airflow/example_dags/example_skip_dag.py
[2026-07-16T05:40:56.584+0000] {logging_mixin.py:188} INFO - [2026-07-16T05:40:56.584+0000] {dag.py:3036} INFO - Sync 1 DAGs
[2026-07-16T05:40:56.604+0000] {logging_mixin.py:188} INFO - [2026-07-16T05:40:56.604+0000] {dag.py:3823} INFO - Setting next_dagrun for example_skip_dag to 2026-07-15 00:00:00+00:00, run_after=2026-07-16 00:00:00+00:00
[2026-07-16T05:40:56.632+0000] {processor.py:183} INFO - Processing /home/airflow/.local/lib/python3.8/site-packages/airflow/example_dags/example_skip_dag.py took 0.083 seconds
[2026-07-16T05:41:27.636+0000] {processor.py:161} INFO - Started process (PID=2241) to work on /home/airflow/.local/lib/python3.8/site-packages/airflow/example_dags/example_skip_dag.py
[2026-07-16T05:41:27.638+0000] {processor.py:830} INFO - Processing file /home/airflow/.local/lib/python3.8/site-packages/airflow/example_dags/example_skip_dag.py for tasks to queue
[2026-07-16T05:41:27.640+0000] {logging_mixin.py:188} INFO - [2026-07-16T05:41:27.640+0000] {dagbag.py:538} INFO - Filling up the DagBag from /home/airflow/.local/lib/python3.8/site-packages/airflow/example_dags/example_skip_dag.py
[2026-07-16T05:41:27.646+0000] {processor.py:840} INFO - DAG(s) 'example_skip_dag' retrieved from /home/airflow/.local/lib/python3.8/site-packages/airflow/example_dags/example_skip_dag.py
[2026-07-16T05:41:27.665+0000] {logging_mixin.py:188} INFO - [2026-07-16T05:41:27.664+0000] {dag.py:3036} INFO - Sync 1 DAGs
[2026-07-16T05:41:27.682+0000] {logging_mixin.py:188} INFO - [2026-07-16T05:41:27.682+0000] {dag.py:3823} INFO - Setting next_dagrun for example_skip_dag to 2026-07-15 00:00:00+00:00, run_after=2026-07-16 00:00:00+00:00
[2026-07-16T05:41:27.700+0000] {processor.py:183} INFO - Processing /home/airflow/.local/lib/python3.8/site-packages/airflow/example_dags/example_skip_dag.py took 0.066 seconds
[2026-07-16T05:41:58.516+0000] {processor.py:161} INFO - Started process (PID=2297) to work on /home/airflow/.local/lib/python3.8/site-packages/airflow/example_dags/example_skip_dag.py
[2026-07-16T05:41:58.518+0000] {processor.py:830} INFO - Processing file /home/airflow/.local/lib/python3.8/site-packages/airflow/example_dags/example_skip_dag.py for tasks to queue
[2026-07-16T05:41:58.520+0000] {logging_mixin.py:188} INFO - [2026-07-16T05:41:58.519+0000] {dagbag.py:538} INFO - Filling up the DagBag from /home/airflow/.local/lib/python3.8/site-packages/airflow/example_dags/example_skip_dag.py
[2026-07-16T05:41:58.526+0000] {processor.py:840} INFO - DAG(s) 'example_skip_dag' retrieved from /home/airflow/.local/lib/python3.8/site-packages/airflow/example_dags/example_skip_dag.py
[2026-07-16T05:41:58.544+0000] {logging_mixin.py:188} INFO - [2026-07-16T05:41:58.544+0000] {dag.py:3036} INFO - Sync 1 DAGs
[2026-07-16T05:41:58.562+0000] {logging_mixin.py:188} INFO - [2026-07-16T05:41:58.562+0000] {dag.py:3823} INFO - Setting next_dagrun for example_skip_dag to 2026-07-15 00:00:00+00:00, run_after=2026-07-16 00:00:00+00:00
[2026-07-16T05:41:58.577+0000] {processor.py:183} INFO - Processing /home/airflow/.local/lib/python3.8/site-packages/airflow/example_dags/example_skip_dag.py took 0.064 seconds
[2026-07-16T05:42:28.852+0000] {processor.py:161} INFO - Started process (PID=2353) to work on /home/airflow/.local/lib/python3.8/site-packages/airflow/example_dags/example_skip_dag.py
[2026-07-16T05:42:28.854+0000] {processor.py:830} INFO - Processing file /home/airflow/.local/lib/python3.8/site-packages/airflow/example_dags/example_skip_dag.py for tasks to queue
[2026-07-16T05:42:28.856+0000] {logging_mixin.py:188} INFO - [2026-07-16T05:42:28.855+0000] {dagbag.py:538} INFO - Filling up the DagBag from /home/airflow/.local/lib/python3.8/site-packages/airflow/example_dags/example_skip_dag.py
[2026-07-16T05:42:28.862+0000] {processor.py:840} INFO - DAG(s) 'example_skip_dag' retrieved from /home/airflow/.local/lib/python3.8/site-packages/airflow/example_dags/example_skip_dag.py
[2026-07-16T05:42:28.883+0000] {logging_mixin.py:188} INFO - [2026-07-16T05:42:28.882+0000] {dag.py:3036} INFO - Sync 1 DAGs
[2026-07-16T05:42:28.900+0000] {logging_mixin.py:188} INFO - [2026-07-16T05:42:28.900+0000] {dag.py:3823} INFO - Setting next_dagrun for example_skip_dag to 2026-07-15 00:00:00+00:00, run_after=2026-07-16 00:00:00+00:00
[2026-07-16T05:42:28.917+0000] {processor.py:183} INFO - Processing /home/airflow/.local/lib/python3.8/site-packages/airflow/example_dags/example_skip_dag.py took 0.068 seconds
[2026-07-16T05:42:59.083+0000] {processor.py:161} INFO - Started process (PID=2409) to work on /home/airflow/.local/lib/python3.8/site-packages/airflow/example_dags/example_skip_dag.py
[2026-07-16T05:42:59.085+0000] {processor.py:830} INFO - Processing file /home/airflow/.local/lib/python3.8/site-packages/airflow/example_dags/example_skip_dag.py for tasks to queue
[2026-07-16T05:42:59.087+0000] {logging_mixin.py:188} INFO - [2026-07-16T05:42:59.087+0000] {dagbag.py:538} INFO - Filling up the DagBag from /home/airflow/.local/lib/python3.8/site-packages/airflow/example_dags/example_skip_dag.py
[2026-07-16T05:42:59.094+0000] {processor.py:840} INFO - DAG(s) 'example_skip_dag' retrieved from /home/airflow/.local/lib/python3.8/site-packages/airflow/example_dags/example_skip_dag.py
[2026-07-16T05:42:59.113+0000] {logging_mixin.py:188} INFO - [2026-07-16T05:42:59.113+0000] {dag.py:3036} INFO - Sync 1 DAGs
[2026-07-16T05:42:59.131+0000] {logging_mixin.py:188} INFO - [2026-07-16T05:42:59.131+0000] {dag.py:3823} INFO - Setting next_dagrun for example_skip_dag to 2026-07-15 00:00:00+00:00, run_after=2026-07-16 00:00:00+00:00
[2026-07-16T05:42:59.149+0000] {processor.py:183} INFO - Processing /home/airflow/.local/lib/python3.8/site-packages/airflow/example_dags/example_skip_dag.py took 0.071 seconds
[2026-07-16T05:43:29.447+0000] {processor.py:161} INFO - Started process (PID=2465) to work on /home/airflow/.local/lib/python3.8/site-packages/airflow/example_dags/example_skip_dag.py
[2026-07-16T05:43:29.449+0000] {processor.py:830} INFO - Processing file /home/airflow/.local/lib/python3.8/site-packages/airflow/example_dags/example_skip_dag.py for tasks to queue
[2026-07-16T05:43:29.452+0000] {logging_mixin.py:188} INFO - [2026-07-16T05:43:29.451+0000] {dagbag.py:538} INFO - Filling up the DagBag from /home/airflow/.local/lib/python3.8/site-packages/airflow/example_dags/example_skip_dag.py
[2026-07-16T05:43:29.463+0000] {processor.py:840} INFO - DAG(s) 'example_skip_dag' retrieved from /home/airflow/.local/lib/python3.8/site-packages/airflow/example_dags/example_skip_dag.py
[2026-07-16T05:43:29.494+0000] {logging_mixin.py:188} INFO - [2026-07-16T05:43:29.493+0000] {dag.py:3036} INFO - Sync 1 DAGs
[2026-07-16T05:43:29.525+0000] {logging_mixin.py:188} INFO - [2026-07-16T05:43:29.524+0000] {dag.py:3823} INFO - Setting next_dagrun for example_skip_dag to 2026-07-15 00:00:00+00:00, run_after=2026-07-16 00:00:00+00:00
[2026-07-16T05:43:29.545+0000] {processor.py:183} INFO - Processing /home/airflow/.local/lib/python3.8/site-packages/airflow/example_dags/example_skip_dag.py took 0.103 seconds
[2026-07-16T05:44:00.128+0000] {processor.py:161} INFO - Started process (PID=2521) to work on /home/airflow/.local/lib/python3.8/site-packages/airflow/example_dags/example_skip_dag.py
[2026-07-16T05:44:00.129+0000] {processor.py:830} INFO - Processing file /home/airflow/.local/lib/python3.8/site-packages/airflow/example_dags/example_skip_dag.py for tasks to queue
[2026-07-16T05:44:00.131+0000] {logging_mixin.py:188} INFO - [2026-07-16T05:44:00.130+0000] {dagbag.py:538} INFO - Filling up the DagBag from /home/airflow/.local/lib/python3.8/site-packages/airflow/example_dags/example_skip_dag.py
[2026-07-16T05:44:00.138+0000] {processor.py:840} INFO - DAG(s) 'example_skip_dag' retrieved from /home/airflow/.local/lib/python3.8/site-packages/airflow/example_dags/example_skip_dag.py
[2026-07-16T05:44:00.157+0000] {logging_mixin.py:188} INFO - [2026-07-16T05:44:00.157+0000] {dag.py:3036} INFO - Sync 1 DAGs
[2026-07-16T05:44:00.176+0000] {logging_mixin.py:188} INFO - [2026-07-16T05:44:00.175+0000] {dag.py:3823} INFO - Setting next_dagrun for example_skip_dag to 2026-07-15 00:00:00+00:00, run_after=2026-07-16 00:00:00+00:00
[2026-07-16T05:44:00.194+0000] {processor.py:183} INFO - Processing /home/airflow/.local/lib/python3.8/site-packages/airflow/example_dags/example_skip_dag.py took 0.070 seconds
[2026-07-16T05:44:30.510+0000] {processor.py:161} INFO - Started process (PID=2577) to work on /home/airflow/.local/lib/python3.8/site-packages/airflow/example_dags/example_skip_dag.py
[2026-07-16T05:44:30.511+0000] {processor.py:830} INFO - Processing file /home/airflow/.local/lib/python3.8/site-packages/airflow/example_dags/example_skip_dag.py for tasks to queue
[2026-07-16T05:44:30.515+0000] {logging_mixin.py:188} INFO - [2026-07-16T05:44:30.515+0000] {dagbag.py:538} INFO - Filling up the DagBag from /home/airflow/.local/lib/python3.8/site-packages/airflow/example_dags/example_skip_dag.py
[2026-07-16T05:44:30.524+0000] {processor.py:840} INFO - DAG(s) 'example_skip_dag' retrieved from /home/airflow/.local/lib/python3.8/site-packages/airflow/example_dags/example_skip_dag.py
[2026-07-16T05:44:30.547+0000] {logging_mixin.py:188} INFO - [2026-07-16T05:44:30.547+0000] {dag.py:3036} INFO - Sync 1 DAGs
[2026-07-16T05:44:30.568+0000] {logging_mixin.py:188} INFO - [2026-07-16T05:44:30.568+0000] {dag.py:3823} INFO - Setting next_dagrun for example_skip_dag to 2026-07-15 00:00:00+00:00, run_after=2026-07-16 00:00:00+00:00
[2026-07-16T05:44:30.584+0000] {processor.py:183} INFO - Processing /home/airflow/.local/lib/python3.8/site-packages/airflow/example_dags/example_skip_dag.py took 0.080 seconds
[2026-07-16T05:45:00.661+0000] {processor.py:161} INFO - Started process (PID=2632) to work on /home/airflow/.local/lib/python3.8/site-packages/airflow/example_dags/example_skip_dag.py
[2026-07-16T05:45:00.662+0000] {processor.py:830} INFO - Processing file /home/airflow/.local/lib/python3.8/site-packages/airflow/example_dags/example_skip_dag.py for tasks to queue
[2026-07-16T05:45:00.664+0000] {logging_mixin.py:188} INFO - [2026-07-16T05:45:00.663+0000] {dagbag.py:538} INFO - Filling up the DagBag from /home/airflow/.local/lib/python3.8/site-packages/airflow/example_dags/example_skip_dag.py
[2026-07-16T05:45:00.670+0000] {processor.py:840} INFO - DAG(s) 'example_skip_dag' retrieved from /home/airflow/.local/lib/python3.8/site-packages/airflow/example_dags/example_skip_dag.py
[2026-07-16T05:45:00.687+0000] {logging_mixin.py:188} INFO - [2026-07-16T05:45:00.687+0000] {dag.py:3036} INFO - Sync 1 DAGs
[2026-07-16T05:45:00.703+0000] {logging_mixin.py:188} INFO - [2026-07-16T05:45:00.703+0000] {dag.py:3823} INFO - Setting next_dagrun for example_skip_dag to 2026-07-15 00:00:00+00:00, run_after=2026-07-16 00:00:00+00:00
[2026-07-16T05:45:00.830+0000] {processor.py:183} INFO - Processing /home/airflow/.local/lib/python3.8/site-packages/airflow/example_dags/example_skip_dag.py took 0.172 seconds
[2026-07-16T05:45:30.914+0000] {processor.py:161} INFO - Started process (PID=2689) to work on /home/airflow/.local/lib/python3.8/site-packages/airflow/example_dags/example_skip_dag.py
[2026-07-16T05:45:30.915+0000] {processor.py:830} INFO - Processing file /home/airflow/.local/lib/python3.8/site-packages/airflow/example_dags/example_skip_dag.py for tasks to queue
[2026-07-16T05:45:30.916+0000] {logging_mixin.py:188} INFO - [2026-07-16T05:45:30.916+0000] {dagbag.py:538} INFO - Filling up the DagBag from /home/airflow/.local/lib/python3.8/site-packages/airflow/example_dags/example_skip_dag.py
[2026-07-16T05:45:30.923+0000] {processor.py:840} INFO - DAG(s) 'example_skip_dag' retrieved from /home/airflow/.local/lib/python3.8/site-packages/airflow/example_dags/example_skip_dag.py
[2026-07-16T05:45:30.942+0000] {logging_mixin.py:188} INFO - [2026-07-16T05:45:30.942+0000] {dag.py:3036} INFO - Sync 1 DAGs
[2026-07-16T05:45:30.958+0000] {logging_mixin.py:188} INFO - [2026-07-16T05:45:30.958+0000] {dag.py:3823} INFO - Setting next_dagrun for example_skip_dag to 2026-07-15 00:00:00+00:00, run_after=2026-07-16 00:00:00+00:00
[2026-07-16T05:45:30.974+0000] {processor.py:183} INFO - Processing /home/airflow/.local/lib/python3.8/site-packages/airflow/example_dags/example_skip_dag.py took 0.063 seconds
[2026-07-16T05:46:01.583+0000] {processor.py:161} INFO - Started process (PID=2745) to work on /home/airflow/.local/lib/python3.8/site-packages/airflow/example_dags/example_skip_dag.py
[2026-07-16T05:46:01.585+0000] {processor.py:830} INFO - Processing file /home/airflow/.local/lib/python3.8/site-packages/airflow/example_dags/example_skip_dag.py for tasks to queue
[2026-07-16T05:46:01.587+0000] {logging_mixin.py:188} INFO - [2026-07-16T05:46:01.586+0000] {dagbag.py:538} INFO - Filling up the DagBag from /home/airflow/.local/lib/python3.8/site-packages/airflow/example_dags/example_skip_dag.py
[2026-07-16T05:46:01.593+0000] {processor.py:840} INFO - DAG(s) 'example_skip_dag' retrieved from /home/airflow/.local/lib/python3.8/site-packages/airflow/example_dags/example_skip_dag.py
[2026-07-16T05:46:01.614+0000] {logging_mixin.py:188} INFO - [2026-07-16T05:46:01.614+0000] {dag.py:3036} INFO - Sync 1 DAGs
[2026-07-16T05:46:01.634+0000] {logging_mixin.py:188} INFO - [2026-07-16T05:46:01.634+0000] {dag.py:3823} INFO - Setting next_dagrun for example_skip_dag to 2026-07-15 00:00:00+00:00, run_after=2026-07-16 00:00:00+00:00
[2026-07-16T05:46:01.653+0000] {processor.py:183} INFO - Processing /home/airflow/.local/lib/python3.8/site-packages/airflow/example_dags/example_skip_dag.py took 0.073 seconds
[2026-07-16T05:46:31.723+0000] {processor.py:161} INFO - Started process (PID=2800) to work on /home/airflow/.local/lib/python3.8/site-packages/airflow/example_dags/example_skip_dag.py
[2026-07-16T05:46:31.724+0000] {processor.py:830} INFO - Processing file /home/airflow/.local/lib/python3.8/site-packages/airflow/example_dags/example_skip_dag.py for tasks to queue
[2026-07-16T05:46:31.725+0000] {logging_mixin.py:188} INFO - [2026-07-16T05:46:31.725+0000] {dagbag.py:538} INFO - Filling up the DagBag from /home/airflow/.local/lib/python3.8/site-packages/airflow/example_dags/example_skip_dag.py
[2026-07-16T05:46:31.732+0000] {processor.py:840} INFO - DAG(s) 'example_skip_dag' retrieved from /home/airflow/.local/lib/python3.8/site-packages/airflow/example_dags/example_skip_dag.py
[2026-07-16T05:46:31.749+0000] {logging_mixin.py:188} INFO - [2026-07-16T05:46:31.749+0000] {dag.py:3036} INFO - Sync 1 DAGs
[2026-07-16T05:46:31.764+0000] {logging_mixin.py:188} INFO - [2026-07-16T05:46:31.763+0000] {dag.py:3823} INFO - Setting next_dagrun for example_skip_dag to 2026-07-15 00:00:00+00:00, run_after=2026-07-16 00:00:00+00:00
[2026-07-16T05:46:31.778+0000] {processor.py:183} INFO - Processing /home/airflow/.local/lib/python3.8/site-packages/airflow/example_dags/example_skip_dag.py took 0.061 seconds
[2026-07-16T05:47:02.475+0000] {processor.py:161} INFO - Started process (PID=2857) to work on /home/airflow/.local/lib/python3.8/site-packages/airflow/example_dags/example_skip_dag.py
[2026-07-16T05:47:02.476+0000] {processor.py:830} INFO - Processing file /home/airflow/.local/lib/python3.8/site-packages/airflow/example_dags/example_skip_dag.py for tasks to queue
[2026-07-16T05:47:02.477+0000] {logging_mixin.py:188} INFO - [2026-07-16T05:47:02.477+0000] {dagbag.py:538} INFO - Filling up the DagBag from /home/airflow/.local/lib/python3.8/site-packages/airflow/example_dags/example_skip_dag.py
[2026-07-16T05:47:02.482+0000] {processor.py:840} INFO - DAG(s) 'example_skip_dag' retrieved from /home/airflow/.local/lib/python3.8/site-packages/airflow/example_dags/example_skip_dag.py
[2026-07-16T05:47:02.499+0000] {logging_mixin.py:188} INFO - [2026-07-16T05:47:02.499+0000] {dag.py:3036} INFO - Sync 1 DAGs
[2026-07-16T05:47:02.515+0000] {logging_mixin.py:188} INFO - [2026-07-16T05:47:02.515+0000] {dag.py:3823} INFO - Setting next_dagrun for example_skip_dag to 2026-07-15 00:00:00+00:00, run_after=2026-07-16 00:00:00+00:00
[2026-07-16T05:47:02.530+0000] {processor.py:183} INFO - Processing /home/airflow/.local/lib/python3.8/site-packages/airflow/example_dags/example_skip_dag.py took 0.058 seconds
[2026-07-16T05:47:33.190+0000] {processor.py:161} INFO - Started process (PID=2913) to work on /home/airflow/.local/lib/python3.8/site-packages/airflow/example_dags/example_skip_dag.py
[2026-07-16T05:47:33.191+0000] {processor.py:830} INFO - Processing file /home/airflow/.local/lib/python3.8/site-packages/airflow/example_dags/example_skip_dag.py for tasks to queue
[2026-07-16T05:47:33.192+0000] {logging_mixin.py:188} INFO - [2026-07-16T05:47:33.192+0000] {dagbag.py:538} INFO - Filling up the DagBag from /home/airflow/.local/lib/python3.8/site-packages/airflow/example_dags/example_skip_dag.py
[2026-07-16T05:47:33.200+0000] {processor.py:840} INFO - DAG(s) 'example_skip_dag' retrieved from /home/airflow/.local/lib/python3.8/site-packages/airflow/example_dags/example_skip_dag.py
[2026-07-16T05:47:33.221+0000] {logging_mixin.py:188} INFO - [2026-07-16T05:47:33.221+0000] {dag.py:3036} INFO - Sync 1 DAGs
[2026-07-16T05:47:33.382+0000] {logging_mixin.py:188} INFO - [2026-07-16T05:47:33.382+0000] {dag.py:3823} INFO - Setting next_dagrun for example_skip_dag to 2026-07-15 00:00:00+00:00, run_after=2026-07-16 00:00:00+00:00
[2026-07-16T05:47:33.397+0000] {processor.py:183} INFO - Processing /home/airflow/.local/lib/python3.8/site-packages/airflow/example_dags/example_skip_dag.py took 0.210 seconds
[2026-07-16T05:48:03.890+0000] {processor.py:161} INFO - Started process (PID=2969) to work on /home/airflow/.local/lib/python3.8/site-packages/airflow/example_dags/example_skip_dag.py
[2026-07-16T05:48:03.893+0000] {processor.py:830} INFO - Processing file /home/airflow/.local/lib/python3.8/site-packages/airflow/example_dags/example_skip_dag.py for tasks to queue
[2026-07-16T05:48:03.898+0000] {logging_mixin.py:188} INFO - [2026-07-16T05:48:03.897+0000] {dagbag.py:538} INFO - Filling up the DagBag from /home/airflow/.local/lib/python3.8/site-packages/airflow/example_dags/example_skip_dag.py
[2026-07-16T05:48:03.907+0000] {processor.py:840} INFO - DAG(s) 'example_skip_dag' retrieved from /home/airflow/.local/lib/python3.8/site-packages/airflow/example_dags/example_skip_dag.py
[2026-07-16T05:48:03.932+0000] {logging_mixin.py:188} INFO - [2026-07-16T05:48:03.932+0000] {dag.py:3036} INFO - Sync 1 DAGs
[2026-07-16T05:48:03.957+0000] {logging_mixin.py:188} INFO - [2026-07-16T05:48:03.957+0000] {dag.py:3823} INFO - Setting next_dagrun for example_skip_dag to 2026-07-15 00:00:00+00:00, run_after=2026-07-16 00:00:00+00:00
[2026-07-16T05:48:04.140+0000] {processor.py:183} INFO - Processing /home/airflow/.local/lib/python3.8/site-packages/airflow/example_dags/example_skip_dag.py took 0.254 seconds
[2026-07-16T05:48:35.005+0000] {processor.py:161} INFO - Started process (PID=3025) to work on /home/airflow/.local/lib/python3.8/site-packages/airflow/example_dags/example_skip_dag.py
[2026-07-16T05:48:35.006+0000] {processor.py:830} INFO - Processing file /home/airflow/.local/lib/python3.8/site-packages/airflow/example_dags/example_skip_dag.py for tasks to queue
[2026-07-16T05:48:35.008+0000] {logging_mixin.py:188} INFO - [2026-07-16T05:48:35.008+0000] {dagbag.py:538} INFO - Filling up the DagBag from /home/airflow/.local/lib/python3.8/site-packages/airflow/example_dags/example_skip_dag.py
[2026-07-16T05:48:35.017+0000] {processor.py:840} INFO - DAG(s) 'example_skip_dag' retrieved from /home/airflow/.local/lib/python3.8/site-packages/airflow/example_dags/example_skip_dag.py
[2026-07-16T05:48:35.047+0000] {logging_mixin.py:188} INFO - [2026-07-16T05:48:35.045+0000] {dag.py:3036} INFO - Sync 1 DAGs
[2026-07-16T05:48:35.071+0000] {logging_mixin.py:188} INFO - [2026-07-16T05:48:35.070+0000] {dag.py:3823} INFO - Setting next_dagrun for example_skip_dag to 2026-07-15 00:00:00+00:00, run_after=2026-07-16 00:00:00+00:00
[2026-07-16T05:48:35.095+0000] {processor.py:183} INFO - Processing /home/airflow/.local/lib/python3.8/site-packages/airflow/example_dags/example_skip_dag.py took 0.094 seconds
