[2026-07-16T05:22:00.419+0000] {processor.py:161} INFO - Started process (PID=103) to work on /home/airflow/.local/lib/python3.8/site-packages/airflow/example_dags/example_nested_branch_dag.py
[2026-07-16T05:22:00.421+0000] {processor.py:830} INFO - Processing file /home/airflow/.local/lib/python3.8/site-packages/airflow/example_dags/example_nested_branch_dag.py for tasks to queue
[2026-07-16T05:22:00.423+0000] {logging_mixin.py:188} INFO - [2026-07-16T05:22:00.423+0000] {dagbag.py:538} INFO - Filling up the DagBag from /home/airflow/.local/lib/python3.8/site-packages/airflow/example_dags/example_nested_branch_dag.py
[2026-07-16T05:22:00.438+0000] {processor.py:840} INFO - DAG(s) 'example_nested_branch_dag' retrieved from /home/airflow/.local/lib/python3.8/site-packages/airflow/example_dags/example_nested_branch_dag.py
[2026-07-16T05:22:00.634+0000] {logging_mixin.py:188} INFO - [2026-07-16T05:22:00.634+0000] {dag.py:3036} INFO - Sync 1 DAGs
[2026-07-16T05:22:00.682+0000] {logging_mixin.py:188} INFO - [2026-07-16T05:22:00.681+0000] {dag.py:3823} INFO - Setting next_dagrun for example_nested_branch_dag to 2026-07-15 00:00:00+00:00, run_after=2026-07-16 00:00:00+00:00
[2026-07-16T05:22:00.722+0000] {processor.py:183} INFO - Processing /home/airflow/.local/lib/python3.8/site-packages/airflow/example_dags/example_nested_branch_dag.py took 0.308 seconds
[2026-07-16T05:22:31.293+0000] {processor.py:161} INFO - Started process (PID=161) to work on /home/airflow/.local/lib/python3.8/site-packages/airflow/example_dags/example_nested_branch_dag.py
[2026-07-16T05:22:31.295+0000] {processor.py:830} INFO - Processing file /home/airflow/.local/lib/python3.8/site-packages/airflow/example_dags/example_nested_branch_dag.py for tasks to queue
[2026-07-16T05:22:31.298+0000] {logging_mixin.py:188} INFO - [2026-07-16T05:22:31.297+0000] {dagbag.py:538} INFO - Filling up the DagBag from /home/airflow/.local/lib/python3.8/site-packages/airflow/example_dags/example_nested_branch_dag.py
[2026-07-16T05:22:31.315+0000] {processor.py:840} INFO - DAG(s) 'example_nested_branch_dag' retrieved from /home/airflow/.local/lib/python3.8/site-packages/airflow/example_dags/example_nested_branch_dag.py
[2026-07-16T05:22:31.355+0000] {logging_mixin.py:188} INFO - [2026-07-16T05:22:31.354+0000] {dag.py:3036} INFO - Sync 1 DAGs
[2026-07-16T05:22:31.396+0000] {logging_mixin.py:188} INFO - [2026-07-16T05:22:31.395+0000] {dag.py:3823} INFO - Setting next_dagrun for example_nested_branch_dag to 2026-07-15 00:00:00+00:00, run_after=2026-07-16 00:00:00+00:00
[2026-07-16T05:22:31.486+0000] {processor.py:183} INFO - Processing /home/airflow/.local/lib/python3.8/site-packages/airflow/example_dags/example_nested_branch_dag.py took 0.199 seconds
[2026-07-16T05:23:02.314+0000] {processor.py:161} INFO - Started process (PID=217) to work on /home/airflow/.local/lib/python3.8/site-packages/airflow/example_dags/example_nested_branch_dag.py
[2026-07-16T05:23:02.318+0000] {processor.py:830} INFO - Processing file /home/airflow/.local/lib/python3.8/site-packages/airflow/example_dags/example_nested_branch_dag.py for tasks to queue
[2026-07-16T05:23:02.324+0000] {logging_mixin.py:188} INFO - [2026-07-16T05:23:02.322+0000] {dagbag.py:538} INFO - Filling up the DagBag from /home/airflow/.local/lib/python3.8/site-packages/airflow/example_dags/example_nested_branch_dag.py
[2026-07-16T05:23:02.352+0000] {processor.py:840} INFO - DAG(s) 'example_nested_branch_dag' retrieved from /home/airflow/.local/lib/python3.8/site-packages/airflow/example_dags/example_nested_branch_dag.py
[2026-07-16T05:23:02.421+0000] {logging_mixin.py:188} INFO - [2026-07-16T05:23:02.420+0000] {dag.py:3036} INFO - Sync 1 DAGs
[2026-07-16T05:23:02.471+0000] {logging_mixin.py:188} INFO - [2026-07-16T05:23:02.470+0000] {dag.py:3823} INFO - Setting next_dagrun for example_nested_branch_dag to 2026-07-15 00:00:00+00:00, run_after=2026-07-16 00:00:00+00:00
[2026-07-16T05:23:02.520+0000] {processor.py:183} INFO - Processing /home/airflow/.local/lib/python3.8/site-packages/airflow/example_dags/example_nested_branch_dag.py took 0.214 seconds
[2026-07-16T05:23:32.581+0000] {processor.py:161} INFO - Started process (PID=273) to work on /home/airflow/.local/lib/python3.8/site-packages/airflow/example_dags/example_nested_branch_dag.py
[2026-07-16T05:23:32.583+0000] {processor.py:830} INFO - Processing file /home/airflow/.local/lib/python3.8/site-packages/airflow/example_dags/example_nested_branch_dag.py for tasks to queue
[2026-07-16T05:23:32.587+0000] {logging_mixin.py:188} INFO - [2026-07-16T05:23:32.586+0000] {dagbag.py:538} INFO - Filling up the DagBag from /home/airflow/.local/lib/python3.8/site-packages/airflow/example_dags/example_nested_branch_dag.py
[2026-07-16T05:23:32.603+0000] {processor.py:840} INFO - DAG(s) 'example_nested_branch_dag' retrieved from /home/airflow/.local/lib/python3.8/site-packages/airflow/example_dags/example_nested_branch_dag.py
[2026-07-16T05:23:32.629+0000] {logging_mixin.py:188} INFO - [2026-07-16T05:23:32.629+0000] {dag.py:3036} INFO - Sync 1 DAGs
[2026-07-16T05:23:32.657+0000] {logging_mixin.py:188} INFO - [2026-07-16T05:23:32.657+0000] {dag.py:3823} INFO - Setting next_dagrun for example_nested_branch_dag to 2026-07-15 00:00:00+00:00, run_after=2026-07-16 00:00:00+00:00
[2026-07-16T05:23:32.685+0000] {processor.py:183} INFO - Processing /home/airflow/.local/lib/python3.8/site-packages/airflow/example_dags/example_nested_branch_dag.py took 0.108 seconds
[2026-07-16T05:24:06.689+0000] {processor.py:161} INFO - Started process (PID=334) to work on /home/airflow/.local/lib/python3.8/site-packages/airflow/example_dags/example_nested_branch_dag.py
[2026-07-16T05:24:06.692+0000] {processor.py:830} INFO - Processing file /home/airflow/.local/lib/python3.8/site-packages/airflow/example_dags/example_nested_branch_dag.py for tasks to queue
[2026-07-16T05:24:06.700+0000] {logging_mixin.py:188} INFO - [2026-07-16T05:24:06.698+0000] {dagbag.py:538} INFO - Filling up the DagBag from /home/airflow/.local/lib/python3.8/site-packages/airflow/example_dags/example_nested_branch_dag.py
[2026-07-16T05:24:06.727+0000] {processor.py:840} INFO - DAG(s) 'example_nested_branch_dag' retrieved from /home/airflow/.local/lib/python3.8/site-packages/airflow/example_dags/example_nested_branch_dag.py
[2026-07-16T05:24:06.791+0000] {logging_mixin.py:188} INFO - [2026-07-16T05:24:06.791+0000] {dag.py:3036} INFO - Sync 1 DAGs
[2026-07-16T05:24:06.850+0000] {logging_mixin.py:188} INFO - [2026-07-16T05:24:06.850+0000] {dag.py:3823} INFO - Setting next_dagrun for example_nested_branch_dag to 2026-07-15 00:00:00+00:00, run_after=2026-07-16 00:00:00+00:00
[2026-07-16T05:24:06.902+0000] {processor.py:183} INFO - Processing /home/airflow/.local/lib/python3.8/site-packages/airflow/example_dags/example_nested_branch_dag.py took 0.224 seconds
[2026-07-16T05:24:37.866+0000] {processor.py:161} INFO - Started process (PID=390) to work on /home/airflow/.local/lib/python3.8/site-packages/airflow/example_dags/example_nested_branch_dag.py
[2026-07-16T05:24:37.869+0000] {processor.py:830} INFO - Processing file /home/airflow/.local/lib/python3.8/site-packages/airflow/example_dags/example_nested_branch_dag.py for tasks to queue
[2026-07-16T05:24:37.875+0000] {logging_mixin.py:188} INFO - [2026-07-16T05:24:37.874+0000] {dagbag.py:538} INFO - Filling up the DagBag from /home/airflow/.local/lib/python3.8/site-packages/airflow/example_dags/example_nested_branch_dag.py
[2026-07-16T05:24:37.905+0000] {processor.py:840} INFO - DAG(s) 'example_nested_branch_dag' retrieved from /home/airflow/.local/lib/python3.8/site-packages/airflow/example_dags/example_nested_branch_dag.py
[2026-07-16T05:24:37.957+0000] {logging_mixin.py:188} INFO - [2026-07-16T05:24:37.956+0000] {dag.py:3036} INFO - Sync 1 DAGs
[2026-07-16T05:24:38.006+0000] {logging_mixin.py:188} INFO - [2026-07-16T05:24:38.005+0000] {dag.py:3823} INFO - Setting next_dagrun for example_nested_branch_dag to 2026-07-15 00:00:00+00:00, run_after=2026-07-16 00:00:00+00:00
[2026-07-16T05:24:38.052+0000] {processor.py:183} INFO - Processing /home/airflow/.local/lib/python3.8/site-packages/airflow/example_dags/example_nested_branch_dag.py took 0.195 seconds
[2026-07-16T05:25:08.304+0000] {processor.py:161} INFO - Started process (PID=446) to work on /home/airflow/.local/lib/python3.8/site-packages/airflow/example_dags/example_nested_branch_dag.py
[2026-07-16T05:25:08.306+0000] {processor.py:830} INFO - Processing file /home/airflow/.local/lib/python3.8/site-packages/airflow/example_dags/example_nested_branch_dag.py for tasks to queue
[2026-07-16T05:25:08.308+0000] {logging_mixin.py:188} INFO - [2026-07-16T05:25:08.308+0000] {dagbag.py:538} INFO - Filling up the DagBag from /home/airflow/.local/lib/python3.8/site-packages/airflow/example_dags/example_nested_branch_dag.py
[2026-07-16T05:25:08.326+0000] {processor.py:840} INFO - DAG(s) 'example_nested_branch_dag' retrieved from /home/airflow/.local/lib/python3.8/site-packages/airflow/example_dags/example_nested_branch_dag.py
[2026-07-16T05:25:08.364+0000] {logging_mixin.py:188} INFO - [2026-07-16T05:25:08.364+0000] {dag.py:3036} INFO - Sync 1 DAGs
[2026-07-16T05:25:08.395+0000] {logging_mixin.py:188} INFO - [2026-07-16T05:25:08.395+0000] {dag.py:3823} INFO - Setting next_dagrun for example_nested_branch_dag to 2026-07-15 00:00:00+00:00, run_after=2026-07-16 00:00:00+00:00
[2026-07-16T05:25:08.426+0000] {processor.py:183} INFO - Processing /home/airflow/.local/lib/python3.8/site-packages/airflow/example_dags/example_nested_branch_dag.py took 0.128 seconds
[2026-07-16T05:25:38.523+0000] {processor.py:161} INFO - Started process (PID=502) to work on /home/airflow/.local/lib/python3.8/site-packages/airflow/example_dags/example_nested_branch_dag.py
[2026-07-16T05:25:38.526+0000] {processor.py:830} INFO - Processing file /home/airflow/.local/lib/python3.8/site-packages/airflow/example_dags/example_nested_branch_dag.py for tasks to queue
[2026-07-16T05:25:38.529+0000] {logging_mixin.py:188} INFO - [2026-07-16T05:25:38.529+0000] {dagbag.py:538} INFO - Filling up the DagBag from /home/airflow/.local/lib/python3.8/site-packages/airflow/example_dags/example_nested_branch_dag.py
[2026-07-16T05:25:38.552+0000] {processor.py:840} INFO - DAG(s) 'example_nested_branch_dag' retrieved from /home/airflow/.local/lib/python3.8/site-packages/airflow/example_dags/example_nested_branch_dag.py
[2026-07-16T05:25:38.593+0000] {logging_mixin.py:188} INFO - [2026-07-16T05:25:38.592+0000] {dag.py:3036} INFO - Sync 1 DAGs
[2026-07-16T05:25:38.624+0000] {logging_mixin.py:188} INFO - [2026-07-16T05:25:38.624+0000] {dag.py:3823} INFO - Setting next_dagrun for example_nested_branch_dag to 2026-07-15 00:00:00+00:00, run_after=2026-07-16 00:00:00+00:00
[2026-07-16T05:25:38.650+0000] {processor.py:183} INFO - Processing /home/airflow/.local/lib/python3.8/site-packages/airflow/example_dags/example_nested_branch_dag.py took 0.134 seconds
[2026-07-16T05:26:08.721+0000] {processor.py:161} INFO - Started process (PID=558) to work on /home/airflow/.local/lib/python3.8/site-packages/airflow/example_dags/example_nested_branch_dag.py
[2026-07-16T05:26:08.723+0000] {processor.py:830} INFO - Processing file /home/airflow/.local/lib/python3.8/site-packages/airflow/example_dags/example_nested_branch_dag.py for tasks to queue
[2026-07-16T05:26:08.726+0000] {logging_mixin.py:188} INFO - [2026-07-16T05:26:08.725+0000] {dagbag.py:538} INFO - Filling up the DagBag from /home/airflow/.local/lib/python3.8/site-packages/airflow/example_dags/example_nested_branch_dag.py
[2026-07-16T05:26:08.742+0000] {processor.py:840} INFO - DAG(s) 'example_nested_branch_dag' retrieved from /home/airflow/.local/lib/python3.8/site-packages/airflow/example_dags/example_nested_branch_dag.py
[2026-07-16T05:26:08.779+0000] {logging_mixin.py:188} INFO - [2026-07-16T05:26:08.779+0000] {dag.py:3036} INFO - Sync 1 DAGs
[2026-07-16T05:26:08.808+0000] {logging_mixin.py:188} INFO - [2026-07-16T05:26:08.808+0000] {dag.py:3823} INFO - Setting next_dagrun for example_nested_branch_dag to 2026-07-15 00:00:00+00:00, run_after=2026-07-16 00:00:00+00:00
[2026-07-16T05:26:08.837+0000] {processor.py:183} INFO - Processing /home/airflow/.local/lib/python3.8/site-packages/airflow/example_dags/example_nested_branch_dag.py took 0.121 seconds
[2026-07-16T05:26:39.148+0000] {processor.py:161} INFO - Started process (PID=614) to work on /home/airflow/.local/lib/python3.8/site-packages/airflow/example_dags/example_nested_branch_dag.py
[2026-07-16T05:26:39.149+0000] {processor.py:830} INFO - Processing file /home/airflow/.local/lib/python3.8/site-packages/airflow/example_dags/example_nested_branch_dag.py for tasks to queue
[2026-07-16T05:26:39.152+0000] {logging_mixin.py:188} INFO - [2026-07-16T05:26:39.151+0000] {dagbag.py:538} INFO - Filling up the DagBag from /home/airflow/.local/lib/python3.8/site-packages/airflow/example_dags/example_nested_branch_dag.py
[2026-07-16T05:26:39.164+0000] {processor.py:840} INFO - DAG(s) 'example_nested_branch_dag' retrieved from /home/airflow/.local/lib/python3.8/site-packages/airflow/example_dags/example_nested_branch_dag.py
[2026-07-16T05:26:39.197+0000] {logging_mixin.py:188} INFO - [2026-07-16T05:26:39.197+0000] {dag.py:3036} INFO - Sync 1 DAGs
[2026-07-16T05:26:39.231+0000] {logging_mixin.py:188} INFO - [2026-07-16T05:26:39.230+0000] {dag.py:3823} INFO - Setting next_dagrun for example_nested_branch_dag to 2026-07-15 00:00:00+00:00, run_after=2026-07-16 00:00:00+00:00
[2026-07-16T05:26:39.265+0000] {processor.py:183} INFO - Processing /home/airflow/.local/lib/python3.8/site-packages/airflow/example_dags/example_nested_branch_dag.py took 0.122 seconds
[2026-07-16T05:27:09.554+0000] {processor.py:161} INFO - Started process (PID=670) to work on /home/airflow/.local/lib/python3.8/site-packages/airflow/example_dags/example_nested_branch_dag.py
[2026-07-16T05:27:09.557+0000] {processor.py:830} INFO - Processing file /home/airflow/.local/lib/python3.8/site-packages/airflow/example_dags/example_nested_branch_dag.py for tasks to queue
[2026-07-16T05:27:09.560+0000] {logging_mixin.py:188} INFO - [2026-07-16T05:27:09.559+0000] {dagbag.py:538} INFO - Filling up the DagBag from /home/airflow/.local/lib/python3.8/site-packages/airflow/example_dags/example_nested_branch_dag.py
[2026-07-16T05:27:09.572+0000] {processor.py:840} INFO - DAG(s) 'example_nested_branch_dag' retrieved from /home/airflow/.local/lib/python3.8/site-packages/airflow/example_dags/example_nested_branch_dag.py
[2026-07-16T05:27:09.601+0000] {logging_mixin.py:188} INFO - [2026-07-16T05:27:09.600+0000] {dag.py:3036} INFO - Sync 1 DAGs
[2026-07-16T05:27:09.628+0000] {logging_mixin.py:188} INFO - [2026-07-16T05:27:09.628+0000] {dag.py:3823} INFO - Setting next_dagrun for example_nested_branch_dag to 2026-07-15 00:00:00+00:00, run_after=2026-07-16 00:00:00+00:00
[2026-07-16T05:27:09.655+0000] {processor.py:183} INFO - Processing /home/airflow/.local/lib/python3.8/site-packages/airflow/example_dags/example_nested_branch_dag.py took 0.107 seconds
[2026-07-16T05:27:40.585+0000] {processor.py:161} INFO - Started process (PID=726) to work on /home/airflow/.local/lib/python3.8/site-packages/airflow/example_dags/example_nested_branch_dag.py
[2026-07-16T05:27:40.588+0000] {processor.py:830} INFO - Processing file /home/airflow/.local/lib/python3.8/site-packages/airflow/example_dags/example_nested_branch_dag.py for tasks to queue
[2026-07-16T05:27:40.591+0000] {logging_mixin.py:188} INFO - [2026-07-16T05:27:40.590+0000] {dagbag.py:538} INFO - Filling up the DagBag from /home/airflow/.local/lib/python3.8/site-packages/airflow/example_dags/example_nested_branch_dag.py
[2026-07-16T05:27:40.604+0000] {processor.py:840} INFO - DAG(s) 'example_nested_branch_dag' retrieved from /home/airflow/.local/lib/python3.8/site-packages/airflow/example_dags/example_nested_branch_dag.py
[2026-07-16T05:27:40.632+0000] {logging_mixin.py:188} INFO - [2026-07-16T05:27:40.632+0000] {dag.py:3036} INFO - Sync 1 DAGs
[2026-07-16T05:27:40.661+0000] {logging_mixin.py:188} INFO - [2026-07-16T05:27:40.660+0000] {dag.py:3823} INFO - Setting next_dagrun for example_nested_branch_dag to 2026-07-15 00:00:00+00:00, run_after=2026-07-16 00:00:00+00:00
[2026-07-16T05:27:40.695+0000] {processor.py:183} INFO - Processing /home/airflow/.local/lib/python3.8/site-packages/airflow/example_dags/example_nested_branch_dag.py took 0.115 seconds
[2026-07-16T05:28:11.184+0000] {processor.py:161} INFO - Started process (PID=782) to work on /home/airflow/.local/lib/python3.8/site-packages/airflow/example_dags/example_nested_branch_dag.py
[2026-07-16T05:28:11.186+0000] {processor.py:830} INFO - Processing file /home/airflow/.local/lib/python3.8/site-packages/airflow/example_dags/example_nested_branch_dag.py for tasks to queue
[2026-07-16T05:28:11.190+0000] {logging_mixin.py:188} INFO - [2026-07-16T05:28:11.189+0000] {dagbag.py:538} INFO - Filling up the DagBag from /home/airflow/.local/lib/python3.8/site-packages/airflow/example_dags/example_nested_branch_dag.py
[2026-07-16T05:28:11.209+0000] {processor.py:840} INFO - DAG(s) 'example_nested_branch_dag' retrieved from /home/airflow/.local/lib/python3.8/site-packages/airflow/example_dags/example_nested_branch_dag.py
[2026-07-16T05:28:11.253+0000] {logging_mixin.py:188} INFO - [2026-07-16T05:28:11.253+0000] {dag.py:3036} INFO - Sync 1 DAGs
[2026-07-16T05:28:11.289+0000] {logging_mixin.py:188} INFO - [2026-07-16T05:28:11.289+0000] {dag.py:3823} INFO - Setting next_dagrun for example_nested_branch_dag to 2026-07-15 00:00:00+00:00, run_after=2026-07-16 00:00:00+00:00
[2026-07-16T05:28:11.326+0000] {processor.py:183} INFO - Processing /home/airflow/.local/lib/python3.8/site-packages/airflow/example_dags/example_nested_branch_dag.py took 0.149 seconds
[2026-07-16T05:28:41.625+0000] {processor.py:161} INFO - Started process (PID=837) to work on /home/airflow/.local/lib/python3.8/site-packages/airflow/example_dags/example_nested_branch_dag.py
[2026-07-16T05:28:41.627+0000] {processor.py:830} INFO - Processing file /home/airflow/.local/lib/python3.8/site-packages/airflow/example_dags/example_nested_branch_dag.py for tasks to queue
[2026-07-16T05:28:41.630+0000] {logging_mixin.py:188} INFO - [2026-07-16T05:28:41.630+0000] {dagbag.py:538} INFO - Filling up the DagBag from /home/airflow/.local/lib/python3.8/site-packages/airflow/example_dags/example_nested_branch_dag.py
[2026-07-16T05:28:41.646+0000] {processor.py:840} INFO - DAG(s) 'example_nested_branch_dag' retrieved from /home/airflow/.local/lib/python3.8/site-packages/airflow/example_dags/example_nested_branch_dag.py
[2026-07-16T05:28:41.683+0000] {logging_mixin.py:188} INFO - [2026-07-16T05:28:41.683+0000] {dag.py:3036} INFO - Sync 1 DAGs
[2026-07-16T05:28:41.719+0000] {logging_mixin.py:188} INFO - [2026-07-16T05:28:41.719+0000] {dag.py:3823} INFO - Setting next_dagrun for example_nested_branch_dag to 2026-07-15 00:00:00+00:00, run_after=2026-07-16 00:00:00+00:00
[2026-07-16T05:28:41.750+0000] {processor.py:183} INFO - Processing /home/airflow/.local/lib/python3.8/site-packages/airflow/example_dags/example_nested_branch_dag.py took 0.131 seconds
[2026-07-16T05:29:11.981+0000] {processor.py:161} INFO - Started process (PID=893) to work on /home/airflow/.local/lib/python3.8/site-packages/airflow/example_dags/example_nested_branch_dag.py
[2026-07-16T05:29:11.984+0000] {processor.py:830} INFO - Processing file /home/airflow/.local/lib/python3.8/site-packages/airflow/example_dags/example_nested_branch_dag.py for tasks to queue
[2026-07-16T05:29:11.987+0000] {logging_mixin.py:188} INFO - [2026-07-16T05:29:11.986+0000] {dagbag.py:538} INFO - Filling up the DagBag from /home/airflow/.local/lib/python3.8/site-packages/airflow/example_dags/example_nested_branch_dag.py
[2026-07-16T05:29:12.008+0000] {processor.py:840} INFO - DAG(s) 'example_nested_branch_dag' retrieved from /home/airflow/.local/lib/python3.8/site-packages/airflow/example_dags/example_nested_branch_dag.py
[2026-07-16T05:29:12.067+0000] {logging_mixin.py:188} INFO - [2026-07-16T05:29:12.067+0000] {dag.py:3036} INFO - Sync 1 DAGs
[2026-07-16T05:29:12.130+0000] {logging_mixin.py:188} INFO - [2026-07-16T05:29:12.130+0000] {dag.py:3823} INFO - Setting next_dagrun for example_nested_branch_dag to 2026-07-15 00:00:00+00:00, run_after=2026-07-16 00:00:00+00:00
[2026-07-16T05:29:12.172+0000] {processor.py:183} INFO - Processing /home/airflow/.local/lib/python3.8/site-packages/airflow/example_dags/example_nested_branch_dag.py took 0.201 seconds
[2026-07-16T05:29:42.720+0000] {processor.py:161} INFO - Started process (PID=949) to work on /home/airflow/.local/lib/python3.8/site-packages/airflow/example_dags/example_nested_branch_dag.py
[2026-07-16T05:29:42.722+0000] {processor.py:830} INFO - Processing file /home/airflow/.local/lib/python3.8/site-packages/airflow/example_dags/example_nested_branch_dag.py for tasks to queue
[2026-07-16T05:29:42.725+0000] {logging_mixin.py:188} INFO - [2026-07-16T05:29:42.724+0000] {dagbag.py:538} INFO - Filling up the DagBag from /home/airflow/.local/lib/python3.8/site-packages/airflow/example_dags/example_nested_branch_dag.py
[2026-07-16T05:29:42.754+0000] {processor.py:840} INFO - DAG(s) 'example_nested_branch_dag' retrieved from /home/airflow/.local/lib/python3.8/site-packages/airflow/example_dags/example_nested_branch_dag.py
[2026-07-16T05:29:42.816+0000] {logging_mixin.py:188} INFO - [2026-07-16T05:29:42.815+0000] {dag.py:3036} INFO - Sync 1 DAGs
[2026-07-16T05:29:42.878+0000] {logging_mixin.py:188} INFO - [2026-07-16T05:29:42.877+0000] {dag.py:3823} INFO - Setting next_dagrun for example_nested_branch_dag to 2026-07-15 00:00:00+00:00, run_after=2026-07-16 00:00:00+00:00
[2026-07-16T05:29:42.938+0000] {processor.py:183} INFO - Processing /home/airflow/.local/lib/python3.8/site-packages/airflow/example_dags/example_nested_branch_dag.py took 0.227 seconds
[2026-07-16T05:30:13.425+0000] {processor.py:161} INFO - Started process (PID=1005) to work on /home/airflow/.local/lib/python3.8/site-packages/airflow/example_dags/example_nested_branch_dag.py
[2026-07-16T05:30:13.427+0000] {processor.py:830} INFO - Processing file /home/airflow/.local/lib/python3.8/site-packages/airflow/example_dags/example_nested_branch_dag.py for tasks to queue
[2026-07-16T05:30:13.430+0000] {logging_mixin.py:188} INFO - [2026-07-16T05:30:13.429+0000] {dagbag.py:538} INFO - Filling up the DagBag from /home/airflow/.local/lib/python3.8/site-packages/airflow/example_dags/example_nested_branch_dag.py
[2026-07-16T05:30:13.444+0000] {processor.py:840} INFO - DAG(s) 'example_nested_branch_dag' retrieved from /home/airflow/.local/lib/python3.8/site-packages/airflow/example_dags/example_nested_branch_dag.py
[2026-07-16T05:30:13.473+0000] {logging_mixin.py:188} INFO - [2026-07-16T05:30:13.473+0000] {dag.py:3036} INFO - Sync 1 DAGs
[2026-07-16T05:30:13.500+0000] {logging_mixin.py:188} INFO - [2026-07-16T05:30:13.500+0000] {dag.py:3823} INFO - Setting next_dagrun for example_nested_branch_dag to 2026-07-15 00:00:00+00:00, run_after=2026-07-16 00:00:00+00:00
[2026-07-16T05:30:13.532+0000] {processor.py:183} INFO - Processing /home/airflow/.local/lib/python3.8/site-packages/airflow/example_dags/example_nested_branch_dag.py took 0.114 seconds
[2026-07-16T05:30:44.484+0000] {processor.py:161} INFO - Started process (PID=1062) to work on /home/airflow/.local/lib/python3.8/site-packages/airflow/example_dags/example_nested_branch_dag.py
[2026-07-16T05:30:44.486+0000] {processor.py:830} INFO - Processing file /home/airflow/.local/lib/python3.8/site-packages/airflow/example_dags/example_nested_branch_dag.py for tasks to queue
[2026-07-16T05:30:44.488+0000] {logging_mixin.py:188} INFO - [2026-07-16T05:30:44.488+0000] {dagbag.py:538} INFO - Filling up the DagBag from /home/airflow/.local/lib/python3.8/site-packages/airflow/example_dags/example_nested_branch_dag.py
[2026-07-16T05:30:44.501+0000] {processor.py:840} INFO - DAG(s) 'example_nested_branch_dag' retrieved from /home/airflow/.local/lib/python3.8/site-packages/airflow/example_dags/example_nested_branch_dag.py
[2026-07-16T05:30:44.532+0000] {logging_mixin.py:188} INFO - [2026-07-16T05:30:44.532+0000] {dag.py:3036} INFO - Sync 1 DAGs
[2026-07-16T05:30:44.563+0000] {logging_mixin.py:188} INFO - [2026-07-16T05:30:44.563+0000] {dag.py:3823} INFO - Setting next_dagrun for example_nested_branch_dag to 2026-07-15 00:00:00+00:00, run_after=2026-07-16 00:00:00+00:00
[2026-07-16T05:30:44.585+0000] {processor.py:183} INFO - Processing /home/airflow/.local/lib/python3.8/site-packages/airflow/example_dags/example_nested_branch_dag.py took 0.108 seconds
[2026-07-16T05:31:15.381+0000] {processor.py:161} INFO - Started process (PID=1118) to work on /home/airflow/.local/lib/python3.8/site-packages/airflow/example_dags/example_nested_branch_dag.py
[2026-07-16T05:31:15.383+0000] {processor.py:830} INFO - Processing file /home/airflow/.local/lib/python3.8/site-packages/airflow/example_dags/example_nested_branch_dag.py for tasks to queue
[2026-07-16T05:31:15.385+0000] {logging_mixin.py:188} INFO - [2026-07-16T05:31:15.385+0000] {dagbag.py:538} INFO - Filling up the DagBag from /home/airflow/.local/lib/python3.8/site-packages/airflow/example_dags/example_nested_branch_dag.py
[2026-07-16T05:31:15.401+0000] {processor.py:840} INFO - DAG(s) 'example_nested_branch_dag' retrieved from /home/airflow/.local/lib/python3.8/site-packages/airflow/example_dags/example_nested_branch_dag.py
[2026-07-16T05:31:15.432+0000] {logging_mixin.py:188} INFO - [2026-07-16T05:31:15.431+0000] {dag.py:3036} INFO - Sync 1 DAGs
[2026-07-16T05:31:15.466+0000] {logging_mixin.py:188} INFO - [2026-07-16T05:31:15.466+0000] {dag.py:3823} INFO - Setting next_dagrun for example_nested_branch_dag to 2026-07-15 00:00:00+00:00, run_after=2026-07-16 00:00:00+00:00
[2026-07-16T05:31:15.498+0000] {processor.py:183} INFO - Processing /home/airflow/.local/lib/python3.8/site-packages/airflow/example_dags/example_nested_branch_dag.py took 0.122 seconds
[2026-07-16T05:31:46.621+0000] {processor.py:161} INFO - Started process (PID=1174) to work on /home/airflow/.local/lib/python3.8/site-packages/airflow/example_dags/example_nested_branch_dag.py
[2026-07-16T05:31:46.624+0000] {processor.py:830} INFO - Processing file /home/airflow/.local/lib/python3.8/site-packages/airflow/example_dags/example_nested_branch_dag.py for tasks to queue
[2026-07-16T05:31:46.627+0000] {logging_mixin.py:188} INFO - [2026-07-16T05:31:46.626+0000] {dagbag.py:538} INFO - Filling up the DagBag from /home/airflow/.local/lib/python3.8/site-packages/airflow/example_dags/example_nested_branch_dag.py
[2026-07-16T05:31:46.642+0000] {processor.py:840} INFO - DAG(s) 'example_nested_branch_dag' retrieved from /home/airflow/.local/lib/python3.8/site-packages/airflow/example_dags/example_nested_branch_dag.py
[2026-07-16T05:31:46.673+0000] {logging_mixin.py:188} INFO - [2026-07-16T05:31:46.673+0000] {dag.py:3036} INFO - Sync 1 DAGs
[2026-07-16T05:31:46.702+0000] {logging_mixin.py:188} INFO - [2026-07-16T05:31:46.701+0000] {dag.py:3823} INFO - Setting next_dagrun for example_nested_branch_dag to 2026-07-15 00:00:00+00:00, run_after=2026-07-16 00:00:00+00:00
[2026-07-16T05:31:46.729+0000] {processor.py:183} INFO - Processing /home/airflow/.local/lib/python3.8/site-packages/airflow/example_dags/example_nested_branch_dag.py took 0.112 seconds
[2026-07-16T05:32:17.275+0000] {processor.py:161} INFO - Started process (PID=1230) to work on /home/airflow/.local/lib/python3.8/site-packages/airflow/example_dags/example_nested_branch_dag.py
[2026-07-16T05:32:17.277+0000] {processor.py:830} INFO - Processing file /home/airflow/.local/lib/python3.8/site-packages/airflow/example_dags/example_nested_branch_dag.py for tasks to queue
[2026-07-16T05:32:17.279+0000] {logging_mixin.py:188} INFO - [2026-07-16T05:32:17.278+0000] {dagbag.py:538} INFO - Filling up the DagBag from /home/airflow/.local/lib/python3.8/site-packages/airflow/example_dags/example_nested_branch_dag.py
[2026-07-16T05:32:17.290+0000] {processor.py:840} INFO - DAG(s) 'example_nested_branch_dag' retrieved from /home/airflow/.local/lib/python3.8/site-packages/airflow/example_dags/example_nested_branch_dag.py
[2026-07-16T05:32:17.314+0000] {logging_mixin.py:188} INFO - [2026-07-16T05:32:17.314+0000] {dag.py:3036} INFO - Sync 1 DAGs
[2026-07-16T05:32:17.339+0000] {logging_mixin.py:188} INFO - [2026-07-16T05:32:17.338+0000] {dag.py:3823} INFO - Setting next_dagrun for example_nested_branch_dag to 2026-07-15 00:00:00+00:00, run_after=2026-07-16 00:00:00+00:00
[2026-07-16T05:32:17.369+0000] {processor.py:183} INFO - Processing /home/airflow/.local/lib/python3.8/site-packages/airflow/example_dags/example_nested_branch_dag.py took 0.099 seconds
[2026-07-16T05:32:47.458+0000] {processor.py:161} INFO - Started process (PID=1285) to work on /home/airflow/.local/lib/python3.8/site-packages/airflow/example_dags/example_nested_branch_dag.py
[2026-07-16T05:32:47.460+0000] {processor.py:830} INFO - Processing file /home/airflow/.local/lib/python3.8/site-packages/airflow/example_dags/example_nested_branch_dag.py for tasks to queue
[2026-07-16T05:32:47.464+0000] {logging_mixin.py:188} INFO - [2026-07-16T05:32:47.463+0000] {dagbag.py:538} INFO - Filling up the DagBag from /home/airflow/.local/lib/python3.8/site-packages/airflow/example_dags/example_nested_branch_dag.py
[2026-07-16T05:32:47.476+0000] {processor.py:840} INFO - DAG(s) 'example_nested_branch_dag' retrieved from /home/airflow/.local/lib/python3.8/site-packages/airflow/example_dags/example_nested_branch_dag.py
[2026-07-16T05:32:47.500+0000] {logging_mixin.py:188} INFO - [2026-07-16T05:32:47.500+0000] {dag.py:3036} INFO - Sync 1 DAGs
[2026-07-16T05:32:47.521+0000] {logging_mixin.py:188} INFO - [2026-07-16T05:32:47.521+0000] {dag.py:3823} INFO - Setting next_dagrun for example_nested_branch_dag to 2026-07-15 00:00:00+00:00, run_after=2026-07-16 00:00:00+00:00
[2026-07-16T05:32:47.544+0000] {processor.py:183} INFO - Processing /home/airflow/.local/lib/python3.8/site-packages/airflow/example_dags/example_nested_branch_dag.py took 0.092 seconds
[2026-07-16T05:33:18.539+0000] {processor.py:161} INFO - Started process (PID=1342) to work on /home/airflow/.local/lib/python3.8/site-packages/airflow/example_dags/example_nested_branch_dag.py
[2026-07-16T05:33:18.540+0000] {processor.py:830} INFO - Processing file /home/airflow/.local/lib/python3.8/site-packages/airflow/example_dags/example_nested_branch_dag.py for tasks to queue
[2026-07-16T05:33:18.543+0000] {logging_mixin.py:188} INFO - [2026-07-16T05:33:18.543+0000] {dagbag.py:538} INFO - Filling up the DagBag from /home/airflow/.local/lib/python3.8/site-packages/airflow/example_dags/example_nested_branch_dag.py
[2026-07-16T05:33:18.556+0000] {processor.py:840} INFO - DAG(s) 'example_nested_branch_dag' retrieved from /home/airflow/.local/lib/python3.8/site-packages/airflow/example_dags/example_nested_branch_dag.py
[2026-07-16T05:33:18.587+0000] {logging_mixin.py:188} INFO - [2026-07-16T05:33:18.587+0000] {dag.py:3036} INFO - Sync 1 DAGs
[2026-07-16T05:33:18.609+0000] {logging_mixin.py:188} INFO - [2026-07-16T05:33:18.608+0000] {dag.py:3823} INFO - Setting next_dagrun for example_nested_branch_dag to 2026-07-15 00:00:00+00:00, run_after=2026-07-16 00:00:00+00:00
[2026-07-16T05:33:18.629+0000] {processor.py:183} INFO - Processing /home/airflow/.local/lib/python3.8/site-packages/airflow/example_dags/example_nested_branch_dag.py took 0.094 seconds
[2026-07-16T05:33:48.831+0000] {processor.py:161} INFO - Started process (PID=1398) to work on /home/airflow/.local/lib/python3.8/site-packages/airflow/example_dags/example_nested_branch_dag.py
[2026-07-16T05:33:48.833+0000] {processor.py:830} INFO - Processing file /home/airflow/.local/lib/python3.8/site-packages/airflow/example_dags/example_nested_branch_dag.py for tasks to queue
[2026-07-16T05:33:48.836+0000] {logging_mixin.py:188} INFO - [2026-07-16T05:33:48.835+0000] {dagbag.py:538} INFO - Filling up the DagBag from /home/airflow/.local/lib/python3.8/site-packages/airflow/example_dags/example_nested_branch_dag.py
[2026-07-16T05:33:48.846+0000] {processor.py:840} INFO - DAG(s) 'example_nested_branch_dag' retrieved from /home/airflow/.local/lib/python3.8/site-packages/airflow/example_dags/example_nested_branch_dag.py
[2026-07-16T05:33:48.867+0000] {logging_mixin.py:188} INFO - [2026-07-16T05:33:48.867+0000] {dag.py:3036} INFO - Sync 1 DAGs
[2026-07-16T05:33:48.895+0000] {logging_mixin.py:188} INFO - [2026-07-16T05:33:48.894+0000] {dag.py:3823} INFO - Setting next_dagrun for example_nested_branch_dag to 2026-07-15 00:00:00+00:00, run_after=2026-07-16 00:00:00+00:00
[2026-07-16T05:33:48.925+0000] {processor.py:183} INFO - Processing /home/airflow/.local/lib/python3.8/site-packages/airflow/example_dags/example_nested_branch_dag.py took 0.099 seconds
[2026-07-16T05:34:19.427+0000] {processor.py:161} INFO - Started process (PID=1454) to work on /home/airflow/.local/lib/python3.8/site-packages/airflow/example_dags/example_nested_branch_dag.py
[2026-07-16T05:34:19.428+0000] {processor.py:830} INFO - Processing file /home/airflow/.local/lib/python3.8/site-packages/airflow/example_dags/example_nested_branch_dag.py for tasks to queue
[2026-07-16T05:34:19.431+0000] {logging_mixin.py:188} INFO - [2026-07-16T05:34:19.431+0000] {dagbag.py:538} INFO - Filling up the DagBag from /home/airflow/.local/lib/python3.8/site-packages/airflow/example_dags/example_nested_branch_dag.py
[2026-07-16T05:34:19.443+0000] {processor.py:840} INFO - DAG(s) 'example_nested_branch_dag' retrieved from /home/airflow/.local/lib/python3.8/site-packages/airflow/example_dags/example_nested_branch_dag.py
[2026-07-16T05:34:19.466+0000] {logging_mixin.py:188} INFO - [2026-07-16T05:34:19.466+0000] {dag.py:3036} INFO - Sync 1 DAGs
[2026-07-16T05:34:19.489+0000] {logging_mixin.py:188} INFO - [2026-07-16T05:34:19.489+0000] {dag.py:3823} INFO - Setting next_dagrun for example_nested_branch_dag to 2026-07-15 00:00:00+00:00, run_after=2026-07-16 00:00:00+00:00
[2026-07-16T05:34:19.513+0000] {processor.py:183} INFO - Processing /home/airflow/.local/lib/python3.8/site-packages/airflow/example_dags/example_nested_branch_dag.py took 0.089 seconds
[2026-07-16T05:34:49.861+0000] {processor.py:161} INFO - Started process (PID=1509) to work on /home/airflow/.local/lib/python3.8/site-packages/airflow/example_dags/example_nested_branch_dag.py
[2026-07-16T05:34:49.862+0000] {processor.py:830} INFO - Processing file /home/airflow/.local/lib/python3.8/site-packages/airflow/example_dags/example_nested_branch_dag.py for tasks to queue
[2026-07-16T05:34:49.867+0000] {logging_mixin.py:188} INFO - [2026-07-16T05:34:49.867+0000] {dagbag.py:538} INFO - Filling up the DagBag from /home/airflow/.local/lib/python3.8/site-packages/airflow/example_dags/example_nested_branch_dag.py
[2026-07-16T05:34:49.877+0000] {processor.py:840} INFO - DAG(s) 'example_nested_branch_dag' retrieved from /home/airflow/.local/lib/python3.8/site-packages/airflow/example_dags/example_nested_branch_dag.py
[2026-07-16T05:34:49.910+0000] {logging_mixin.py:188} INFO - [2026-07-16T05:34:49.909+0000] {dag.py:3036} INFO - Sync 1 DAGs
[2026-07-16T05:34:49.934+0000] {logging_mixin.py:188} INFO - [2026-07-16T05:34:49.934+0000] {dag.py:3823} INFO - Setting next_dagrun for example_nested_branch_dag to 2026-07-15 00:00:00+00:00, run_after=2026-07-16 00:00:00+00:00
[2026-07-16T05:34:49.956+0000] {processor.py:183} INFO - Processing /home/airflow/.local/lib/python3.8/site-packages/airflow/example_dags/example_nested_branch_dag.py took 0.101 seconds
[2026-07-16T05:35:20.070+0000] {processor.py:161} INFO - Started process (PID=1565) to work on /home/airflow/.local/lib/python3.8/site-packages/airflow/example_dags/example_nested_branch_dag.py
[2026-07-16T05:35:20.073+0000] {processor.py:830} INFO - Processing file /home/airflow/.local/lib/python3.8/site-packages/airflow/example_dags/example_nested_branch_dag.py for tasks to queue
[2026-07-16T05:35:20.075+0000] {logging_mixin.py:188} INFO - [2026-07-16T05:35:20.075+0000] {dagbag.py:538} INFO - Filling up the DagBag from /home/airflow/.local/lib/python3.8/site-packages/airflow/example_dags/example_nested_branch_dag.py
[2026-07-16T05:35:20.088+0000] {processor.py:840} INFO - DAG(s) 'example_nested_branch_dag' retrieved from /home/airflow/.local/lib/python3.8/site-packages/airflow/example_dags/example_nested_branch_dag.py
[2026-07-16T05:35:20.107+0000] {logging_mixin.py:188} INFO - [2026-07-16T05:35:20.107+0000] {dag.py:3036} INFO - Sync 1 DAGs
[2026-07-16T05:35:20.125+0000] {logging_mixin.py:188} INFO - [2026-07-16T05:35:20.125+0000] {dag.py:3823} INFO - Setting next_dagrun for example_nested_branch_dag to 2026-07-15 00:00:00+00:00, run_after=2026-07-16 00:00:00+00:00
[2026-07-16T05:35:20.143+0000] {processor.py:183} INFO - Processing /home/airflow/.local/lib/python3.8/site-packages/airflow/example_dags/example_nested_branch_dag.py took 0.075 seconds
[2026-07-16T05:35:50.924+0000] {processor.py:161} INFO - Started process (PID=1621) to work on /home/airflow/.local/lib/python3.8/site-packages/airflow/example_dags/example_nested_branch_dag.py
[2026-07-16T05:35:50.929+0000] {processor.py:830} INFO - Processing file /home/airflow/.local/lib/python3.8/site-packages/airflow/example_dags/example_nested_branch_dag.py for tasks to queue
[2026-07-16T05:35:50.932+0000] {logging_mixin.py:188} INFO - [2026-07-16T05:35:50.931+0000] {dagbag.py:538} INFO - Filling up the DagBag from /home/airflow/.local/lib/python3.8/site-packages/airflow/example_dags/example_nested_branch_dag.py
[2026-07-16T05:35:50.954+0000] {processor.py:840} INFO - DAG(s) 'example_nested_branch_dag' retrieved from /home/airflow/.local/lib/python3.8/site-packages/airflow/example_dags/example_nested_branch_dag.py
[2026-07-16T05:35:50.984+0000] {logging_mixin.py:188} INFO - [2026-07-16T05:35:50.984+0000] {dag.py:3036} INFO - Sync 1 DAGs
[2026-07-16T05:35:51.013+0000] {logging_mixin.py:188} INFO - [2026-07-16T05:35:51.012+0000] {dag.py:3823} INFO - Setting next_dagrun for example_nested_branch_dag to 2026-07-15 00:00:00+00:00, run_after=2026-07-16 00:00:00+00:00
[2026-07-16T05:35:51.047+0000] {processor.py:183} INFO - Processing /home/airflow/.local/lib/python3.8/site-packages/airflow/example_dags/example_nested_branch_dag.py took 0.139 seconds
[2026-07-16T05:36:21.211+0000] {processor.py:161} INFO - Started process (PID=1678) to work on /home/airflow/.local/lib/python3.8/site-packages/airflow/example_dags/example_nested_branch_dag.py
[2026-07-16T05:36:21.212+0000] {processor.py:830} INFO - Processing file /home/airflow/.local/lib/python3.8/site-packages/airflow/example_dags/example_nested_branch_dag.py for tasks to queue
[2026-07-16T05:36:21.222+0000] {logging_mixin.py:188} INFO - [2026-07-16T05:36:21.220+0000] {dagbag.py:538} INFO - Filling up the DagBag from /home/airflow/.local/lib/python3.8/site-packages/airflow/example_dags/example_nested_branch_dag.py
[2026-07-16T05:36:21.235+0000] {processor.py:840} INFO - DAG(s) 'example_nested_branch_dag' retrieved from /home/airflow/.local/lib/python3.8/site-packages/airflow/example_dags/example_nested_branch_dag.py
[2026-07-16T05:36:21.265+0000] {logging_mixin.py:188} INFO - [2026-07-16T05:36:21.264+0000] {dag.py:3036} INFO - Sync 1 DAGs
[2026-07-16T05:36:21.287+0000] {logging_mixin.py:188} INFO - [2026-07-16T05:36:21.287+0000] {dag.py:3823} INFO - Setting next_dagrun for example_nested_branch_dag to 2026-07-15 00:00:00+00:00, run_after=2026-07-16 00:00:00+00:00
[2026-07-16T05:36:21.313+0000] {processor.py:183} INFO - Processing /home/airflow/.local/lib/python3.8/site-packages/airflow/example_dags/example_nested_branch_dag.py took 0.106 seconds
[2026-07-16T05:36:51.605+0000] {processor.py:161} INFO - Started process (PID=1734) to work on /home/airflow/.local/lib/python3.8/site-packages/airflow/example_dags/example_nested_branch_dag.py
[2026-07-16T05:36:51.608+0000] {processor.py:830} INFO - Processing file /home/airflow/.local/lib/python3.8/site-packages/airflow/example_dags/example_nested_branch_dag.py for tasks to queue
[2026-07-16T05:36:51.610+0000] {logging_mixin.py:188} INFO - [2026-07-16T05:36:51.610+0000] {dagbag.py:538} INFO - Filling up the DagBag from /home/airflow/.local/lib/python3.8/site-packages/airflow/example_dags/example_nested_branch_dag.py
[2026-07-16T05:36:51.622+0000] {processor.py:840} INFO - DAG(s) 'example_nested_branch_dag' retrieved from /home/airflow/.local/lib/python3.8/site-packages/airflow/example_dags/example_nested_branch_dag.py
[2026-07-16T05:36:51.644+0000] {logging_mixin.py:188} INFO - [2026-07-16T05:36:51.644+0000] {dag.py:3036} INFO - Sync 1 DAGs
[2026-07-16T05:36:51.664+0000] {logging_mixin.py:188} INFO - [2026-07-16T05:36:51.664+0000] {dag.py:3823} INFO - Setting next_dagrun for example_nested_branch_dag to 2026-07-15 00:00:00+00:00, run_after=2026-07-16 00:00:00+00:00
[2026-07-16T05:36:51.682+0000] {processor.py:183} INFO - Processing /home/airflow/.local/lib/python3.8/site-packages/airflow/example_dags/example_nested_branch_dag.py took 0.079 seconds
[2026-07-16T05:37:22.058+0000] {processor.py:161} INFO - Started process (PID=1790) to work on /home/airflow/.local/lib/python3.8/site-packages/airflow/example_dags/example_nested_branch_dag.py
[2026-07-16T05:37:22.061+0000] {processor.py:830} INFO - Processing file /home/airflow/.local/lib/python3.8/site-packages/airflow/example_dags/example_nested_branch_dag.py for tasks to queue
[2026-07-16T05:37:22.062+0000] {logging_mixin.py:188} INFO - [2026-07-16T05:37:22.062+0000] {dagbag.py:538} INFO - Filling up the DagBag from /home/airflow/.local/lib/python3.8/site-packages/airflow/example_dags/example_nested_branch_dag.py
[2026-07-16T05:37:22.073+0000] {processor.py:840} INFO - DAG(s) 'example_nested_branch_dag' retrieved from /home/airflow/.local/lib/python3.8/site-packages/airflow/example_dags/example_nested_branch_dag.py
[2026-07-16T05:37:22.094+0000] {logging_mixin.py:188} INFO - [2026-07-16T05:37:22.094+0000] {dag.py:3036} INFO - Sync 1 DAGs
[2026-07-16T05:37:22.113+0000] {logging_mixin.py:188} INFO - [2026-07-16T05:37:22.113+0000] {dag.py:3823} INFO - Setting next_dagrun for example_nested_branch_dag to 2026-07-15 00:00:00+00:00, run_after=2026-07-16 00:00:00+00:00
[2026-07-16T05:37:22.130+0000] {processor.py:183} INFO - Processing /home/airflow/.local/lib/python3.8/site-packages/airflow/example_dags/example_nested_branch_dag.py took 0.077 seconds
[2026-07-16T05:37:52.358+0000] {processor.py:161} INFO - Started process (PID=1846) to work on /home/airflow/.local/lib/python3.8/site-packages/airflow/example_dags/example_nested_branch_dag.py
[2026-07-16T05:37:52.361+0000] {processor.py:830} INFO - Processing file /home/airflow/.local/lib/python3.8/site-packages/airflow/example_dags/example_nested_branch_dag.py for tasks to queue
[2026-07-16T05:37:52.366+0000] {logging_mixin.py:188} INFO - [2026-07-16T05:37:52.365+0000] {dagbag.py:538} INFO - Filling up the DagBag from /home/airflow/.local/lib/python3.8/site-packages/airflow/example_dags/example_nested_branch_dag.py
[2026-07-16T05:37:52.377+0000] {processor.py:840} INFO - DAG(s) 'example_nested_branch_dag' retrieved from /home/airflow/.local/lib/python3.8/site-packages/airflow/example_dags/example_nested_branch_dag.py
[2026-07-16T05:37:52.402+0000] {logging_mixin.py:188} INFO - [2026-07-16T05:37:52.401+0000] {dag.py:3036} INFO - Sync 1 DAGs
[2026-07-16T05:37:52.421+0000] {logging_mixin.py:188} INFO - [2026-07-16T05:37:52.421+0000] {dag.py:3823} INFO - Setting next_dagrun for example_nested_branch_dag to 2026-07-15 00:00:00+00:00, run_after=2026-07-16 00:00:00+00:00
[2026-07-16T05:37:52.439+0000] {processor.py:183} INFO - Processing /home/airflow/.local/lib/python3.8/site-packages/airflow/example_dags/example_nested_branch_dag.py took 0.085 seconds
[2026-07-16T05:38:22.663+0000] {processor.py:161} INFO - Started process (PID=1896) to work on /home/airflow/.local/lib/python3.8/site-packages/airflow/example_dags/example_nested_branch_dag.py
[2026-07-16T05:38:22.666+0000] {processor.py:830} INFO - Processing file /home/airflow/.local/lib/python3.8/site-packages/airflow/example_dags/example_nested_branch_dag.py for tasks to queue
[2026-07-16T05:38:22.669+0000] {logging_mixin.py:188} INFO - [2026-07-16T05:38:22.668+0000] {dagbag.py:538} INFO - Filling up the DagBag from /home/airflow/.local/lib/python3.8/site-packages/airflow/example_dags/example_nested_branch_dag.py
[2026-07-16T05:38:22.681+0000] {processor.py:840} INFO - DAG(s) 'example_nested_branch_dag' retrieved from /home/airflow/.local/lib/python3.8/site-packages/airflow/example_dags/example_nested_branch_dag.py
[2026-07-16T05:38:22.705+0000] {logging_mixin.py:188} INFO - [2026-07-16T05:38:22.705+0000] {dag.py:3036} INFO - Sync 1 DAGs
[2026-07-16T05:38:22.728+0000] {logging_mixin.py:188} INFO - [2026-07-16T05:38:22.728+0000] {dag.py:3823} INFO - Setting next_dagrun for example_nested_branch_dag to 2026-07-15 00:00:00+00:00, run_after=2026-07-16 00:00:00+00:00
[2026-07-16T05:38:22.750+0000] {processor.py:183} INFO - Processing /home/airflow/.local/lib/python3.8/site-packages/airflow/example_dags/example_nested_branch_dag.py took 0.091 seconds
[2026-07-16T05:38:52.962+0000] {processor.py:161} INFO - Started process (PID=1952) to work on /home/airflow/.local/lib/python3.8/site-packages/airflow/example_dags/example_nested_branch_dag.py
[2026-07-16T05:38:52.965+0000] {processor.py:830} INFO - Processing file /home/airflow/.local/lib/python3.8/site-packages/airflow/example_dags/example_nested_branch_dag.py for tasks to queue
[2026-07-16T05:38:52.967+0000] {logging_mixin.py:188} INFO - [2026-07-16T05:38:52.967+0000] {dagbag.py:538} INFO - Filling up the DagBag from /home/airflow/.local/lib/python3.8/site-packages/airflow/example_dags/example_nested_branch_dag.py
[2026-07-16T05:38:52.978+0000] {processor.py:840} INFO - DAG(s) 'example_nested_branch_dag' retrieved from /home/airflow/.local/lib/python3.8/site-packages/airflow/example_dags/example_nested_branch_dag.py
[2026-07-16T05:38:53.000+0000] {logging_mixin.py:188} INFO - [2026-07-16T05:38:53.000+0000] {dag.py:3036} INFO - Sync 1 DAGs
[2026-07-16T05:38:53.023+0000] {logging_mixin.py:188} INFO - [2026-07-16T05:38:53.023+0000] {dag.py:3823} INFO - Setting next_dagrun for example_nested_branch_dag to 2026-07-15 00:00:00+00:00, run_after=2026-07-16 00:00:00+00:00
[2026-07-16T05:38:53.053+0000] {processor.py:183} INFO - Processing /home/airflow/.local/lib/python3.8/site-packages/airflow/example_dags/example_nested_branch_dag.py took 0.094 seconds
[2026-07-16T05:39:23.274+0000] {processor.py:161} INFO - Started process (PID=2008) to work on /home/airflow/.local/lib/python3.8/site-packages/airflow/example_dags/example_nested_branch_dag.py
[2026-07-16T05:39:23.277+0000] {processor.py:830} INFO - Processing file /home/airflow/.local/lib/python3.8/site-packages/airflow/example_dags/example_nested_branch_dag.py for tasks to queue
[2026-07-16T05:39:23.283+0000] {logging_mixin.py:188} INFO - [2026-07-16T05:39:23.282+0000] {dagbag.py:538} INFO - Filling up the DagBag from /home/airflow/.local/lib/python3.8/site-packages/airflow/example_dags/example_nested_branch_dag.py
[2026-07-16T05:39:23.292+0000] {processor.py:840} INFO - DAG(s) 'example_nested_branch_dag' retrieved from /home/airflow/.local/lib/python3.8/site-packages/airflow/example_dags/example_nested_branch_dag.py
[2026-07-16T05:39:23.314+0000] {logging_mixin.py:188} INFO - [2026-07-16T05:39:23.313+0000] {dag.py:3036} INFO - Sync 1 DAGs
[2026-07-16T05:39:23.332+0000] {logging_mixin.py:188} INFO - [2026-07-16T05:39:23.332+0000] {dag.py:3823} INFO - Setting next_dagrun for example_nested_branch_dag to 2026-07-15 00:00:00+00:00, run_after=2026-07-16 00:00:00+00:00
[2026-07-16T05:39:23.351+0000] {processor.py:183} INFO - Processing /home/airflow/.local/lib/python3.8/site-packages/airflow/example_dags/example_nested_branch_dag.py took 0.081 seconds
[2026-07-16T05:39:53.484+0000] {processor.py:161} INFO - Started process (PID=2064) to work on /home/airflow/.local/lib/python3.8/site-packages/airflow/example_dags/example_nested_branch_dag.py
[2026-07-16T05:39:53.487+0000] {processor.py:830} INFO - Processing file /home/airflow/.local/lib/python3.8/site-packages/airflow/example_dags/example_nested_branch_dag.py for tasks to queue
[2026-07-16T05:39:53.488+0000] {logging_mixin.py:188} INFO - [2026-07-16T05:39:53.488+0000] {dagbag.py:538} INFO - Filling up the DagBag from /home/airflow/.local/lib/python3.8/site-packages/airflow/example_dags/example_nested_branch_dag.py
[2026-07-16T05:39:53.501+0000] {processor.py:840} INFO - DAG(s) 'example_nested_branch_dag' retrieved from /home/airflow/.local/lib/python3.8/site-packages/airflow/example_dags/example_nested_branch_dag.py
[2026-07-16T05:39:53.523+0000] {logging_mixin.py:188} INFO - [2026-07-16T05:39:53.522+0000] {dag.py:3036} INFO - Sync 1 DAGs
[2026-07-16T05:39:53.542+0000] {logging_mixin.py:188} INFO - [2026-07-16T05:39:53.541+0000] {dag.py:3823} INFO - Setting next_dagrun for example_nested_branch_dag to 2026-07-15 00:00:00+00:00, run_after=2026-07-16 00:00:00+00:00
[2026-07-16T05:39:53.559+0000] {processor.py:183} INFO - Processing /home/airflow/.local/lib/python3.8/site-packages/airflow/example_dags/example_nested_branch_dag.py took 0.078 seconds
[2026-07-16T05:40:23.658+0000] {processor.py:161} INFO - Started process (PID=2120) to work on /home/airflow/.local/lib/python3.8/site-packages/airflow/example_dags/example_nested_branch_dag.py
[2026-07-16T05:40:23.668+0000] {processor.py:830} INFO - Processing file /home/airflow/.local/lib/python3.8/site-packages/airflow/example_dags/example_nested_branch_dag.py for tasks to queue
[2026-07-16T05:40:23.670+0000] {logging_mixin.py:188} INFO - [2026-07-16T05:40:23.669+0000] {dagbag.py:538} INFO - Filling up the DagBag from /home/airflow/.local/lib/python3.8/site-packages/airflow/example_dags/example_nested_branch_dag.py
[2026-07-16T05:40:23.679+0000] {processor.py:840} INFO - DAG(s) 'example_nested_branch_dag' retrieved from /home/airflow/.local/lib/python3.8/site-packages/airflow/example_dags/example_nested_branch_dag.py
[2026-07-16T05:40:23.698+0000] {logging_mixin.py:188} INFO - [2026-07-16T05:40:23.698+0000] {dag.py:3036} INFO - Sync 1 DAGs
[2026-07-16T05:40:23.717+0000] {logging_mixin.py:188} INFO - [2026-07-16T05:40:23.717+0000] {dag.py:3823} INFO - Setting next_dagrun for example_nested_branch_dag to 2026-07-15 00:00:00+00:00, run_after=2026-07-16 00:00:00+00:00
[2026-07-16T05:40:23.735+0000] {processor.py:183} INFO - Processing /home/airflow/.local/lib/python3.8/site-packages/airflow/example_dags/example_nested_branch_dag.py took 0.080 seconds
[2026-07-16T05:40:53.942+0000] {processor.py:161} INFO - Started process (PID=2176) to work on /home/airflow/.local/lib/python3.8/site-packages/airflow/example_dags/example_nested_branch_dag.py
[2026-07-16T05:40:53.954+0000] {processor.py:830} INFO - Processing file /home/airflow/.local/lib/python3.8/site-packages/airflow/example_dags/example_nested_branch_dag.py for tasks to queue
[2026-07-16T05:40:53.957+0000] {logging_mixin.py:188} INFO - [2026-07-16T05:40:53.956+0000] {dagbag.py:538} INFO - Filling up the DagBag from /home/airflow/.local/lib/python3.8/site-packages/airflow/example_dags/example_nested_branch_dag.py
[2026-07-16T05:40:53.970+0000] {processor.py:840} INFO - DAG(s) 'example_nested_branch_dag' retrieved from /home/airflow/.local/lib/python3.8/site-packages/airflow/example_dags/example_nested_branch_dag.py
[2026-07-16T05:40:53.997+0000] {logging_mixin.py:188} INFO - [2026-07-16T05:40:53.997+0000] {dag.py:3036} INFO - Sync 1 DAGs
[2026-07-16T05:40:54.018+0000] {logging_mixin.py:188} INFO - [2026-07-16T05:40:54.018+0000] {dag.py:3823} INFO - Setting next_dagrun for example_nested_branch_dag to 2026-07-15 00:00:00+00:00, run_after=2026-07-16 00:00:00+00:00
[2026-07-16T05:40:54.047+0000] {processor.py:183} INFO - Processing /home/airflow/.local/lib/python3.8/site-packages/airflow/example_dags/example_nested_branch_dag.py took 0.110 seconds
[2026-07-16T05:41:24.227+0000] {processor.py:161} INFO - Started process (PID=2232) to work on /home/airflow/.local/lib/python3.8/site-packages/airflow/example_dags/example_nested_branch_dag.py
[2026-07-16T05:41:24.229+0000] {processor.py:830} INFO - Processing file /home/airflow/.local/lib/python3.8/site-packages/airflow/example_dags/example_nested_branch_dag.py for tasks to queue
[2026-07-16T05:41:24.231+0000] {logging_mixin.py:188} INFO - [2026-07-16T05:41:24.230+0000] {dagbag.py:538} INFO - Filling up the DagBag from /home/airflow/.local/lib/python3.8/site-packages/airflow/example_dags/example_nested_branch_dag.py
[2026-07-16T05:41:24.239+0000] {processor.py:840} INFO - DAG(s) 'example_nested_branch_dag' retrieved from /home/airflow/.local/lib/python3.8/site-packages/airflow/example_dags/example_nested_branch_dag.py
[2026-07-16T05:41:24.258+0000] {logging_mixin.py:188} INFO - [2026-07-16T05:41:24.258+0000] {dag.py:3036} INFO - Sync 1 DAGs
[2026-07-16T05:41:24.274+0000] {logging_mixin.py:188} INFO - [2026-07-16T05:41:24.274+0000] {dag.py:3823} INFO - Setting next_dagrun for example_nested_branch_dag to 2026-07-15 00:00:00+00:00, run_after=2026-07-16 00:00:00+00:00
[2026-07-16T05:41:24.288+0000] {processor.py:183} INFO - Processing /home/airflow/.local/lib/python3.8/site-packages/airflow/example_dags/example_nested_branch_dag.py took 0.067 seconds
[2026-07-16T05:41:55.066+0000] {processor.py:161} INFO - Started process (PID=2288) to work on /home/airflow/.local/lib/python3.8/site-packages/airflow/example_dags/example_nested_branch_dag.py
[2026-07-16T05:41:55.067+0000] {processor.py:830} INFO - Processing file /home/airflow/.local/lib/python3.8/site-packages/airflow/example_dags/example_nested_branch_dag.py for tasks to queue
[2026-07-16T05:41:55.069+0000] {logging_mixin.py:188} INFO - [2026-07-16T05:41:55.069+0000] {dagbag.py:538} INFO - Filling up the DagBag from /home/airflow/.local/lib/python3.8/site-packages/airflow/example_dags/example_nested_branch_dag.py
[2026-07-16T05:41:55.079+0000] {processor.py:840} INFO - DAG(s) 'example_nested_branch_dag' retrieved from /home/airflow/.local/lib/python3.8/site-packages/airflow/example_dags/example_nested_branch_dag.py
[2026-07-16T05:41:55.098+0000] {logging_mixin.py:188} INFO - [2026-07-16T05:41:55.098+0000] {dag.py:3036} INFO - Sync 1 DAGs
[2026-07-16T05:41:55.117+0000] {logging_mixin.py:188} INFO - [2026-07-16T05:41:55.117+0000] {dag.py:3823} INFO - Setting next_dagrun for example_nested_branch_dag to 2026-07-15 00:00:00+00:00, run_after=2026-07-16 00:00:00+00:00
[2026-07-16T05:41:55.135+0000] {processor.py:183} INFO - Processing /home/airflow/.local/lib/python3.8/site-packages/airflow/example_dags/example_nested_branch_dag.py took 0.073 seconds
[2026-07-16T05:42:25.439+0000] {processor.py:161} INFO - Started process (PID=2344) to work on /home/airflow/.local/lib/python3.8/site-packages/airflow/example_dags/example_nested_branch_dag.py
[2026-07-16T05:42:25.440+0000] {processor.py:830} INFO - Processing file /home/airflow/.local/lib/python3.8/site-packages/airflow/example_dags/example_nested_branch_dag.py for tasks to queue
[2026-07-16T05:42:25.444+0000] {logging_mixin.py:188} INFO - [2026-07-16T05:42:25.443+0000] {dagbag.py:538} INFO - Filling up the DagBag from /home/airflow/.local/lib/python3.8/site-packages/airflow/example_dags/example_nested_branch_dag.py
[2026-07-16T05:42:25.455+0000] {processor.py:840} INFO - DAG(s) 'example_nested_branch_dag' retrieved from /home/airflow/.local/lib/python3.8/site-packages/airflow/example_dags/example_nested_branch_dag.py
[2026-07-16T05:42:25.477+0000] {logging_mixin.py:188} INFO - [2026-07-16T05:42:25.477+0000] {dag.py:3036} INFO - Sync 1 DAGs
[2026-07-16T05:42:25.495+0000] {logging_mixin.py:188} INFO - [2026-07-16T05:42:25.494+0000] {dag.py:3823} INFO - Setting next_dagrun for example_nested_branch_dag to 2026-07-15 00:00:00+00:00, run_after=2026-07-16 00:00:00+00:00
[2026-07-16T05:42:25.510+0000] {processor.py:183} INFO - Processing /home/airflow/.local/lib/python3.8/site-packages/airflow/example_dags/example_nested_branch_dag.py took 0.074 seconds
[2026-07-16T05:42:55.605+0000] {processor.py:161} INFO - Started process (PID=2400) to work on /home/airflow/.local/lib/python3.8/site-packages/airflow/example_dags/example_nested_branch_dag.py
[2026-07-16T05:42:55.608+0000] {processor.py:830} INFO - Processing file /home/airflow/.local/lib/python3.8/site-packages/airflow/example_dags/example_nested_branch_dag.py for tasks to queue
[2026-07-16T05:42:55.610+0000] {logging_mixin.py:188} INFO - [2026-07-16T05:42:55.610+0000] {dagbag.py:538} INFO - Filling up the DagBag from /home/airflow/.local/lib/python3.8/site-packages/airflow/example_dags/example_nested_branch_dag.py
[2026-07-16T05:42:55.618+0000] {processor.py:840} INFO - DAG(s) 'example_nested_branch_dag' retrieved from /home/airflow/.local/lib/python3.8/site-packages/airflow/example_dags/example_nested_branch_dag.py
[2026-07-16T05:42:55.637+0000] {logging_mixin.py:188} INFO - [2026-07-16T05:42:55.637+0000] {dag.py:3036} INFO - Sync 1 DAGs
[2026-07-16T05:42:55.656+0000] {logging_mixin.py:188} INFO - [2026-07-16T05:42:55.656+0000] {dag.py:3823} INFO - Setting next_dagrun for example_nested_branch_dag to 2026-07-15 00:00:00+00:00, run_after=2026-07-16 00:00:00+00:00
[2026-07-16T05:42:55.671+0000] {processor.py:183} INFO - Processing /home/airflow/.local/lib/python3.8/site-packages/airflow/example_dags/example_nested_branch_dag.py took 0.072 seconds
[2026-07-16T05:43:26.064+0000] {processor.py:161} INFO - Started process (PID=2456) to work on /home/airflow/.local/lib/python3.8/site-packages/airflow/example_dags/example_nested_branch_dag.py
[2026-07-16T05:43:26.065+0000] {processor.py:830} INFO - Processing file /home/airflow/.local/lib/python3.8/site-packages/airflow/example_dags/example_nested_branch_dag.py for tasks to queue
[2026-07-16T05:43:26.067+0000] {logging_mixin.py:188} INFO - [2026-07-16T05:43:26.066+0000] {dagbag.py:538} INFO - Filling up the DagBag from /home/airflow/.local/lib/python3.8/site-packages/airflow/example_dags/example_nested_branch_dag.py
[2026-07-16T05:43:26.075+0000] {processor.py:840} INFO - DAG(s) 'example_nested_branch_dag' retrieved from /home/airflow/.local/lib/python3.8/site-packages/airflow/example_dags/example_nested_branch_dag.py
[2026-07-16T05:43:26.094+0000] {logging_mixin.py:188} INFO - [2026-07-16T05:43:26.094+0000] {dag.py:3036} INFO - Sync 1 DAGs
[2026-07-16T05:43:26.110+0000] {logging_mixin.py:188} INFO - [2026-07-16T05:43:26.110+0000] {dag.py:3823} INFO - Setting next_dagrun for example_nested_branch_dag to 2026-07-15 00:00:00+00:00, run_after=2026-07-16 00:00:00+00:00
[2026-07-16T05:43:26.123+0000] {processor.py:183} INFO - Processing /home/airflow/.local/lib/python3.8/site-packages/airflow/example_dags/example_nested_branch_dag.py took 0.063 seconds
[2026-07-16T05:43:56.472+0000] {processor.py:161} INFO - Started process (PID=2512) to work on /home/airflow/.local/lib/python3.8/site-packages/airflow/example_dags/example_nested_branch_dag.py
[2026-07-16T05:43:56.476+0000] {processor.py:830} INFO - Processing file /home/airflow/.local/lib/python3.8/site-packages/airflow/example_dags/example_nested_branch_dag.py for tasks to queue
[2026-07-16T05:43:56.478+0000] {logging_mixin.py:188} INFO - [2026-07-16T05:43:56.478+0000] {dagbag.py:538} INFO - Filling up the DagBag from /home/airflow/.local/lib/python3.8/site-packages/airflow/example_dags/example_nested_branch_dag.py
[2026-07-16T05:43:56.489+0000] {processor.py:840} INFO - DAG(s) 'example_nested_branch_dag' retrieved from /home/airflow/.local/lib/python3.8/site-packages/airflow/example_dags/example_nested_branch_dag.py
[2026-07-16T05:43:56.516+0000] {logging_mixin.py:188} INFO - [2026-07-16T05:43:56.515+0000] {dag.py:3036} INFO - Sync 1 DAGs
[2026-07-16T05:43:56.542+0000] {logging_mixin.py:188} INFO - [2026-07-16T05:43:56.541+0000] {dag.py:3823} INFO - Setting next_dagrun for example_nested_branch_dag to 2026-07-15 00:00:00+00:00, run_after=2026-07-16 00:00:00+00:00
[2026-07-16T05:43:56.568+0000] {processor.py:183} INFO - Processing /home/airflow/.local/lib/python3.8/site-packages/airflow/example_dags/example_nested_branch_dag.py took 0.099 seconds
[2026-07-16T05:44:26.965+0000] {processor.py:161} INFO - Started process (PID=2568) to work on /home/airflow/.local/lib/python3.8/site-packages/airflow/example_dags/example_nested_branch_dag.py
[2026-07-16T05:44:26.966+0000] {processor.py:830} INFO - Processing file /home/airflow/.local/lib/python3.8/site-packages/airflow/example_dags/example_nested_branch_dag.py for tasks to queue
[2026-07-16T05:44:26.969+0000] {logging_mixin.py:188} INFO - [2026-07-16T05:44:26.969+0000] {dagbag.py:538} INFO - Filling up the DagBag from /home/airflow/.local/lib/python3.8/site-packages/airflow/example_dags/example_nested_branch_dag.py
[2026-07-16T05:44:26.980+0000] {processor.py:840} INFO - DAG(s) 'example_nested_branch_dag' retrieved from /home/airflow/.local/lib/python3.8/site-packages/airflow/example_dags/example_nested_branch_dag.py
[2026-07-16T05:44:27.003+0000] {logging_mixin.py:188} INFO - [2026-07-16T05:44:27.002+0000] {dag.py:3036} INFO - Sync 1 DAGs
[2026-07-16T05:44:27.027+0000] {logging_mixin.py:188} INFO - [2026-07-16T05:44:27.027+0000] {dag.py:3823} INFO - Setting next_dagrun for example_nested_branch_dag to 2026-07-15 00:00:00+00:00, run_after=2026-07-16 00:00:00+00:00
[2026-07-16T05:44:27.050+0000] {processor.py:183} INFO - Processing /home/airflow/.local/lib/python3.8/site-packages/airflow/example_dags/example_nested_branch_dag.py took 0.089 seconds
[2026-07-16T05:44:57.265+0000] {processor.py:161} INFO - Started process (PID=2624) to work on /home/airflow/.local/lib/python3.8/site-packages/airflow/example_dags/example_nested_branch_dag.py
[2026-07-16T05:44:57.268+0000] {processor.py:830} INFO - Processing file /home/airflow/.local/lib/python3.8/site-packages/airflow/example_dags/example_nested_branch_dag.py for tasks to queue
[2026-07-16T05:44:57.271+0000] {logging_mixin.py:188} INFO - [2026-07-16T05:44:57.270+0000] {dagbag.py:538} INFO - Filling up the DagBag from /home/airflow/.local/lib/python3.8/site-packages/airflow/example_dags/example_nested_branch_dag.py
[2026-07-16T05:44:57.288+0000] {processor.py:840} INFO - DAG(s) 'example_nested_branch_dag' retrieved from /home/airflow/.local/lib/python3.8/site-packages/airflow/example_dags/example_nested_branch_dag.py
[2026-07-16T05:44:57.314+0000] {logging_mixin.py:188} INFO - [2026-07-16T05:44:57.314+0000] {dag.py:3036} INFO - Sync 1 DAGs
[2026-07-16T05:44:57.331+0000] {logging_mixin.py:188} INFO - [2026-07-16T05:44:57.331+0000] {dag.py:3823} INFO - Setting next_dagrun for example_nested_branch_dag to 2026-07-15 00:00:00+00:00, run_after=2026-07-16 00:00:00+00:00
[2026-07-16T05:44:57.354+0000] {processor.py:183} INFO - Processing /home/airflow/.local/lib/python3.8/site-packages/airflow/example_dags/example_nested_branch_dag.py took 0.093 seconds
[2026-07-16T05:45:27.509+0000] {processor.py:161} INFO - Started process (PID=2680) to work on /home/airflow/.local/lib/python3.8/site-packages/airflow/example_dags/example_nested_branch_dag.py
[2026-07-16T05:45:27.510+0000] {processor.py:830} INFO - Processing file /home/airflow/.local/lib/python3.8/site-packages/airflow/example_dags/example_nested_branch_dag.py for tasks to queue
[2026-07-16T05:45:27.511+0000] {logging_mixin.py:188} INFO - [2026-07-16T05:45:27.511+0000] {dagbag.py:538} INFO - Filling up the DagBag from /home/airflow/.local/lib/python3.8/site-packages/airflow/example_dags/example_nested_branch_dag.py
[2026-07-16T05:45:27.519+0000] {processor.py:840} INFO - DAG(s) 'example_nested_branch_dag' retrieved from /home/airflow/.local/lib/python3.8/site-packages/airflow/example_dags/example_nested_branch_dag.py
[2026-07-16T05:45:27.544+0000] {logging_mixin.py:188} INFO - [2026-07-16T05:45:27.544+0000] {dag.py:3036} INFO - Sync 1 DAGs
[2026-07-16T05:45:27.559+0000] {logging_mixin.py:188} INFO - [2026-07-16T05:45:27.559+0000] {dag.py:3823} INFO - Setting next_dagrun for example_nested_branch_dag to 2026-07-15 00:00:00+00:00, run_after=2026-07-16 00:00:00+00:00
[2026-07-16T05:45:27.573+0000] {processor.py:183} INFO - Processing /home/airflow/.local/lib/python3.8/site-packages/airflow/example_dags/example_nested_branch_dag.py took 0.067 seconds
[2026-07-16T05:45:58.121+0000] {processor.py:161} INFO - Started process (PID=2734) to work on /home/airflow/.local/lib/python3.8/site-packages/airflow/example_dags/example_nested_branch_dag.py
[2026-07-16T05:45:58.122+0000] {processor.py:830} INFO - Processing file /home/airflow/.local/lib/python3.8/site-packages/airflow/example_dags/example_nested_branch_dag.py for tasks to queue
[2026-07-16T05:45:58.124+0000] {logging_mixin.py:188} INFO - [2026-07-16T05:45:58.123+0000] {dagbag.py:538} INFO - Filling up the DagBag from /home/airflow/.local/lib/python3.8/site-packages/airflow/example_dags/example_nested_branch_dag.py
[2026-07-16T05:45:58.131+0000] {processor.py:840} INFO - DAG(s) 'example_nested_branch_dag' retrieved from /home/airflow/.local/lib/python3.8/site-packages/airflow/example_dags/example_nested_branch_dag.py
[2026-07-16T05:45:58.146+0000] {logging_mixin.py:188} INFO - [2026-07-16T05:45:58.146+0000] {dag.py:3036} INFO - Sync 1 DAGs
[2026-07-16T05:45:58.161+0000] {logging_mixin.py:188} INFO - [2026-07-16T05:45:58.160+0000] {dag.py:3823} INFO - Setting next_dagrun for example_nested_branch_dag to 2026-07-15 00:00:00+00:00, run_after=2026-07-16 00:00:00+00:00
[2026-07-16T05:45:58.174+0000] {processor.py:183} INFO - Processing /home/airflow/.local/lib/python3.8/site-packages/airflow/example_dags/example_nested_branch_dag.py took 0.055 seconds
[2026-07-16T05:46:28.361+0000] {processor.py:161} INFO - Started process (PID=2790) to work on /home/airflow/.local/lib/python3.8/site-packages/airflow/example_dags/example_nested_branch_dag.py
[2026-07-16T05:46:28.363+0000] {processor.py:830} INFO - Processing file /home/airflow/.local/lib/python3.8/site-packages/airflow/example_dags/example_nested_branch_dag.py for tasks to queue
[2026-07-16T05:46:28.364+0000] {logging_mixin.py:188} INFO - [2026-07-16T05:46:28.364+0000] {dagbag.py:538} INFO - Filling up the DagBag from /home/airflow/.local/lib/python3.8/site-packages/airflow/example_dags/example_nested_branch_dag.py
[2026-07-16T05:46:28.371+0000] {processor.py:840} INFO - DAG(s) 'example_nested_branch_dag' retrieved from /home/airflow/.local/lib/python3.8/site-packages/airflow/example_dags/example_nested_branch_dag.py
[2026-07-16T05:46:28.390+0000] {logging_mixin.py:188} INFO - [2026-07-16T05:46:28.390+0000] {dag.py:3036} INFO - Sync 1 DAGs
[2026-07-16T05:46:28.408+0000] {logging_mixin.py:188} INFO - [2026-07-16T05:46:28.408+0000] {dag.py:3823} INFO - Setting next_dagrun for example_nested_branch_dag to 2026-07-15 00:00:00+00:00, run_after=2026-07-16 00:00:00+00:00
[2026-07-16T05:46:28.423+0000] {processor.py:183} INFO - Processing /home/airflow/.local/lib/python3.8/site-packages/airflow/example_dags/example_nested_branch_dag.py took 0.065 seconds
[2026-07-16T05:46:58.868+0000] {processor.py:161} INFO - Started process (PID=2846) to work on /home/airflow/.local/lib/python3.8/site-packages/airflow/example_dags/example_nested_branch_dag.py
[2026-07-16T05:46:58.870+0000] {processor.py:830} INFO - Processing file /home/airflow/.local/lib/python3.8/site-packages/airflow/example_dags/example_nested_branch_dag.py for tasks to queue
[2026-07-16T05:46:58.873+0000] {logging_mixin.py:188} INFO - [2026-07-16T05:46:58.872+0000] {dagbag.py:538} INFO - Filling up the DagBag from /home/airflow/.local/lib/python3.8/site-packages/airflow/example_dags/example_nested_branch_dag.py
[2026-07-16T05:46:58.887+0000] {processor.py:840} INFO - DAG(s) 'example_nested_branch_dag' retrieved from /home/airflow/.local/lib/python3.8/site-packages/airflow/example_dags/example_nested_branch_dag.py
[2026-07-16T05:46:58.922+0000] {logging_mixin.py:188} INFO - [2026-07-16T05:46:58.922+0000] {dag.py:3036} INFO - Sync 1 DAGs
[2026-07-16T05:46:58.957+0000] {logging_mixin.py:188} INFO - [2026-07-16T05:46:58.957+0000] {dag.py:3823} INFO - Setting next_dagrun for example_nested_branch_dag to 2026-07-15 00:00:00+00:00, run_after=2026-07-16 00:00:00+00:00
[2026-07-16T05:46:58.977+0000] {processor.py:183} INFO - Processing /home/airflow/.local/lib/python3.8/site-packages/airflow/example_dags/example_nested_branch_dag.py took 0.115 seconds
[2026-07-16T05:47:29.364+0000] {processor.py:161} INFO - Started process (PID=2902) to work on /home/airflow/.local/lib/python3.8/site-packages/airflow/example_dags/example_nested_branch_dag.py
[2026-07-16T05:47:29.365+0000] {processor.py:830} INFO - Processing file /home/airflow/.local/lib/python3.8/site-packages/airflow/example_dags/example_nested_branch_dag.py for tasks to queue
[2026-07-16T05:47:29.366+0000] {logging_mixin.py:188} INFO - [2026-07-16T05:47:29.366+0000] {dagbag.py:538} INFO - Filling up the DagBag from /home/airflow/.local/lib/python3.8/site-packages/airflow/example_dags/example_nested_branch_dag.py
[2026-07-16T05:47:29.374+0000] {processor.py:840} INFO - DAG(s) 'example_nested_branch_dag' retrieved from /home/airflow/.local/lib/python3.8/site-packages/airflow/example_dags/example_nested_branch_dag.py
[2026-07-16T05:47:29.391+0000] {logging_mixin.py:188} INFO - [2026-07-16T05:47:29.391+0000] {dag.py:3036} INFO - Sync 1 DAGs
[2026-07-16T05:47:29.408+0000] {logging_mixin.py:188} INFO - [2026-07-16T05:47:29.407+0000] {dag.py:3823} INFO - Setting next_dagrun for example_nested_branch_dag to 2026-07-15 00:00:00+00:00, run_after=2026-07-16 00:00:00+00:00
[2026-07-16T05:47:29.544+0000] {processor.py:183} INFO - Processing /home/airflow/.local/lib/python3.8/site-packages/airflow/example_dags/example_nested_branch_dag.py took 0.183 seconds
[2026-07-16T05:47:59.636+0000] {processor.py:161} INFO - Started process (PID=2958) to work on /home/airflow/.local/lib/python3.8/site-packages/airflow/example_dags/example_nested_branch_dag.py
[2026-07-16T05:47:59.638+0000] {processor.py:830} INFO - Processing file /home/airflow/.local/lib/python3.8/site-packages/airflow/example_dags/example_nested_branch_dag.py for tasks to queue
[2026-07-16T05:47:59.641+0000] {logging_mixin.py:188} INFO - [2026-07-16T05:47:59.640+0000] {dagbag.py:538} INFO - Filling up the DagBag from /home/airflow/.local/lib/python3.8/site-packages/airflow/example_dags/example_nested_branch_dag.py
[2026-07-16T05:47:59.651+0000] {processor.py:840} INFO - DAG(s) 'example_nested_branch_dag' retrieved from /home/airflow/.local/lib/python3.8/site-packages/airflow/example_dags/example_nested_branch_dag.py
[2026-07-16T05:47:59.677+0000] {logging_mixin.py:188} INFO - [2026-07-16T05:47:59.676+0000] {dag.py:3036} INFO - Sync 1 DAGs
[2026-07-16T05:47:59.703+0000] {logging_mixin.py:188} INFO - [2026-07-16T05:47:59.702+0000] {dag.py:3823} INFO - Setting next_dagrun for example_nested_branch_dag to 2026-07-15 00:00:00+00:00, run_after=2026-07-16 00:00:00+00:00
[2026-07-16T05:47:59.732+0000] {processor.py:183} INFO - Processing /home/airflow/.local/lib/python3.8/site-packages/airflow/example_dags/example_nested_branch_dag.py took 0.099 seconds
[2026-07-16T05:48:30.166+0000] {processor.py:161} INFO - Started process (PID=3014) to work on /home/airflow/.local/lib/python3.8/site-packages/airflow/example_dags/example_nested_branch_dag.py
[2026-07-16T05:48:30.167+0000] {processor.py:830} INFO - Processing file /home/airflow/.local/lib/python3.8/site-packages/airflow/example_dags/example_nested_branch_dag.py for tasks to queue
[2026-07-16T05:48:30.169+0000] {logging_mixin.py:188} INFO - [2026-07-16T05:48:30.169+0000] {dagbag.py:538} INFO - Filling up the DagBag from /home/airflow/.local/lib/python3.8/site-packages/airflow/example_dags/example_nested_branch_dag.py
[2026-07-16T05:48:30.181+0000] {processor.py:840} INFO - DAG(s) 'example_nested_branch_dag' retrieved from /home/airflow/.local/lib/python3.8/site-packages/airflow/example_dags/example_nested_branch_dag.py
[2026-07-16T05:48:30.207+0000] {logging_mixin.py:188} INFO - [2026-07-16T05:48:30.207+0000] {dag.py:3036} INFO - Sync 1 DAGs
[2026-07-16T05:48:30.229+0000] {logging_mixin.py:188} INFO - [2026-07-16T05:48:30.229+0000] {dag.py:3823} INFO - Setting next_dagrun for example_nested_branch_dag to 2026-07-15 00:00:00+00:00, run_after=2026-07-16 00:00:00+00:00
[2026-07-16T05:48:30.252+0000] {processor.py:183} INFO - Processing /home/airflow/.local/lib/python3.8/site-packages/airflow/example_dags/example_nested_branch_dag.py took 0.090 seconds
