[2026-07-16T05:21:56.161+0000] {processor.py:161} INFO - Started process (PID=75) to work on /home/airflow/.local/lib/python3.8/site-packages/airflow/example_dags/example_task_group.py
[2026-07-16T05:21:56.163+0000] {processor.py:830} INFO - Processing file /home/airflow/.local/lib/python3.8/site-packages/airflow/example_dags/example_task_group.py for tasks to queue
[2026-07-16T05:21:56.166+0000] {logging_mixin.py:188} INFO - [2026-07-16T05:21:56.165+0000] {dagbag.py:538} INFO - Filling up the DagBag from /home/airflow/.local/lib/python3.8/site-packages/airflow/example_dags/example_task_group.py
[2026-07-16T05:21:56.183+0000] {processor.py:840} INFO - DAG(s) 'example_task_group' retrieved from /home/airflow/.local/lib/python3.8/site-packages/airflow/example_dags/example_task_group.py
[2026-07-16T05:21:56.371+0000] {logging_mixin.py:188} INFO - [2026-07-16T05:21:56.370+0000] {dag.py:3036} INFO - Sync 1 DAGs
[2026-07-16T05:21:56.400+0000] {logging_mixin.py:188} INFO - [2026-07-16T05:21:56.400+0000] {dag.py:3823} INFO - Setting next_dagrun for example_task_group to 2026-07-15 00:00:00+00:00, run_after=2026-07-16 00:00:00+00:00
[2026-07-16T05:21:56.429+0000] {processor.py:183} INFO - Processing /home/airflow/.local/lib/python3.8/site-packages/airflow/example_dags/example_task_group.py took 0.274 seconds
[2026-07-16T05:22:26.659+0000] {processor.py:161} INFO - Started process (PID=131) to work on /home/airflow/.local/lib/python3.8/site-packages/airflow/example_dags/example_task_group.py
[2026-07-16T05:22:26.664+0000] {processor.py:830} INFO - Processing file /home/airflow/.local/lib/python3.8/site-packages/airflow/example_dags/example_task_group.py for tasks to queue
[2026-07-16T05:22:26.669+0000] {logging_mixin.py:188} INFO - [2026-07-16T05:22:26.668+0000] {dagbag.py:538} INFO - Filling up the DagBag from /home/airflow/.local/lib/python3.8/site-packages/airflow/example_dags/example_task_group.py
[2026-07-16T05:22:26.692+0000] {processor.py:840} INFO - DAG(s) 'example_task_group' retrieved from /home/airflow/.local/lib/python3.8/site-packages/airflow/example_dags/example_task_group.py
[2026-07-16T05:22:26.809+0000] {logging_mixin.py:188} INFO - [2026-07-16T05:22:26.809+0000] {dag.py:3036} INFO - Sync 1 DAGs
[2026-07-16T05:22:26.878+0000] {logging_mixin.py:188} INFO - [2026-07-16T05:22:26.878+0000] {dag.py:3823} INFO - Setting next_dagrun for example_task_group to 2026-07-15 00:00:00+00:00, run_after=2026-07-16 00:00:00+00:00
[2026-07-16T05:22:26.930+0000] {processor.py:183} INFO - Processing /home/airflow/.local/lib/python3.8/site-packages/airflow/example_dags/example_task_group.py took 0.283 seconds
[2026-07-16T05:22:57.330+0000] {processor.py:161} INFO - Started process (PID=189) to work on /home/airflow/.local/lib/python3.8/site-packages/airflow/example_dags/example_task_group.py
[2026-07-16T05:22:57.336+0000] {processor.py:830} INFO - Processing file /home/airflow/.local/lib/python3.8/site-packages/airflow/example_dags/example_task_group.py for tasks to queue
[2026-07-16T05:22:57.341+0000] {logging_mixin.py:188} INFO - [2026-07-16T05:22:57.340+0000] {dagbag.py:538} INFO - Filling up the DagBag from /home/airflow/.local/lib/python3.8/site-packages/airflow/example_dags/example_task_group.py
[2026-07-16T05:22:57.362+0000] {processor.py:840} INFO - DAG(s) 'example_task_group' retrieved from /home/airflow/.local/lib/python3.8/site-packages/airflow/example_dags/example_task_group.py
[2026-07-16T05:22:57.454+0000] {logging_mixin.py:188} INFO - [2026-07-16T05:22:57.454+0000] {dag.py:3036} INFO - Sync 1 DAGs
[2026-07-16T05:22:57.521+0000] {logging_mixin.py:188} INFO - [2026-07-16T05:22:57.519+0000] {dag.py:3823} INFO - Setting next_dagrun for example_task_group to 2026-07-15 00:00:00+00:00, run_after=2026-07-16 00:00:00+00:00
[2026-07-16T05:22:57.570+0000] {processor.py:183} INFO - Processing /home/airflow/.local/lib/python3.8/site-packages/airflow/example_dags/example_task_group.py took 0.247 seconds
[2026-07-16T05:23:27.790+0000] {processor.py:161} INFO - Started process (PID=245) to work on /home/airflow/.local/lib/python3.8/site-packages/airflow/example_dags/example_task_group.py
[2026-07-16T05:23:27.792+0000] {processor.py:830} INFO - Processing file /home/airflow/.local/lib/python3.8/site-packages/airflow/example_dags/example_task_group.py for tasks to queue
[2026-07-16T05:23:27.795+0000] {logging_mixin.py:188} INFO - [2026-07-16T05:23:27.794+0000] {dagbag.py:538} INFO - Filling up the DagBag from /home/airflow/.local/lib/python3.8/site-packages/airflow/example_dags/example_task_group.py
[2026-07-16T05:23:27.804+0000] {processor.py:840} INFO - DAG(s) 'example_task_group' retrieved from /home/airflow/.local/lib/python3.8/site-packages/airflow/example_dags/example_task_group.py
[2026-07-16T05:23:27.830+0000] {logging_mixin.py:188} INFO - [2026-07-16T05:23:27.830+0000] {dag.py:3036} INFO - Sync 1 DAGs
[2026-07-16T05:23:27.857+0000] {logging_mixin.py:188} INFO - [2026-07-16T05:23:27.857+0000] {dag.py:3823} INFO - Setting next_dagrun for example_task_group to 2026-07-15 00:00:00+00:00, run_after=2026-07-16 00:00:00+00:00
[2026-07-16T05:23:27.886+0000] {processor.py:183} INFO - Processing /home/airflow/.local/lib/python3.8/site-packages/airflow/example_dags/example_task_group.py took 0.101 seconds
[2026-07-16T05:23:58.490+0000] {processor.py:161} INFO - Started process (PID=305) to work on /home/airflow/.local/lib/python3.8/site-packages/airflow/example_dags/example_task_group.py
[2026-07-16T05:23:58.492+0000] {processor.py:830} INFO - Processing file /home/airflow/.local/lib/python3.8/site-packages/airflow/example_dags/example_task_group.py for tasks to queue
[2026-07-16T05:23:58.500+0000] {logging_mixin.py:188} INFO - [2026-07-16T05:23:58.499+0000] {dagbag.py:538} INFO - Filling up the DagBag from /home/airflow/.local/lib/python3.8/site-packages/airflow/example_dags/example_task_group.py
[2026-07-16T05:23:58.515+0000] {processor.py:840} INFO - DAG(s) 'example_task_group' retrieved from /home/airflow/.local/lib/python3.8/site-packages/airflow/example_dags/example_task_group.py
[2026-07-16T05:23:58.560+0000] {logging_mixin.py:188} INFO - [2026-07-16T05:23:58.560+0000] {dag.py:3036} INFO - Sync 1 DAGs
[2026-07-16T05:23:58.596+0000] {logging_mixin.py:188} INFO - [2026-07-16T05:23:58.596+0000] {dag.py:3823} INFO - Setting next_dagrun for example_task_group to 2026-07-15 00:00:00+00:00, run_after=2026-07-16 00:00:00+00:00
[2026-07-16T05:23:58.636+0000] {processor.py:183} INFO - Processing /home/airflow/.local/lib/python3.8/site-packages/airflow/example_dags/example_task_group.py took 0.153 seconds
[2026-07-16T05:24:29.846+0000] {processor.py:161} INFO - Started process (PID=362) to work on /home/airflow/.local/lib/python3.8/site-packages/airflow/example_dags/example_task_group.py
[2026-07-16T05:24:29.849+0000] {processor.py:830} INFO - Processing file /home/airflow/.local/lib/python3.8/site-packages/airflow/example_dags/example_task_group.py for tasks to queue
[2026-07-16T05:24:29.852+0000] {logging_mixin.py:188} INFO - [2026-07-16T05:24:29.852+0000] {dagbag.py:538} INFO - Filling up the DagBag from /home/airflow/.local/lib/python3.8/site-packages/airflow/example_dags/example_task_group.py
[2026-07-16T05:24:29.871+0000] {processor.py:840} INFO - DAG(s) 'example_task_group' retrieved from /home/airflow/.local/lib/python3.8/site-packages/airflow/example_dags/example_task_group.py
[2026-07-16T05:24:29.917+0000] {logging_mixin.py:188} INFO - [2026-07-16T05:24:29.916+0000] {dag.py:3036} INFO - Sync 1 DAGs
[2026-07-16T05:24:29.962+0000] {logging_mixin.py:188} INFO - [2026-07-16T05:24:29.962+0000] {dag.py:3823} INFO - Setting next_dagrun for example_task_group to 2026-07-15 00:00:00+00:00, run_after=2026-07-16 00:00:00+00:00
[2026-07-16T05:24:30.003+0000] {processor.py:183} INFO - Processing /home/airflow/.local/lib/python3.8/site-packages/airflow/example_dags/example_task_group.py took 0.165 seconds
[2026-07-16T05:25:00.191+0000] {processor.py:161} INFO - Started process (PID=418) to work on /home/airflow/.local/lib/python3.8/site-packages/airflow/example_dags/example_task_group.py
[2026-07-16T05:25:00.194+0000] {processor.py:830} INFO - Processing file /home/airflow/.local/lib/python3.8/site-packages/airflow/example_dags/example_task_group.py for tasks to queue
[2026-07-16T05:25:00.198+0000] {logging_mixin.py:188} INFO - [2026-07-16T05:25:00.197+0000] {dagbag.py:538} INFO - Filling up the DagBag from /home/airflow/.local/lib/python3.8/site-packages/airflow/example_dags/example_task_group.py
[2026-07-16T05:25:00.211+0000] {processor.py:840} INFO - DAG(s) 'example_task_group' retrieved from /home/airflow/.local/lib/python3.8/site-packages/airflow/example_dags/example_task_group.py
[2026-07-16T05:25:00.253+0000] {logging_mixin.py:188} INFO - [2026-07-16T05:25:00.253+0000] {dag.py:3036} INFO - Sync 1 DAGs
[2026-07-16T05:25:00.299+0000] {logging_mixin.py:188} INFO - [2026-07-16T05:25:00.299+0000] {dag.py:3823} INFO - Setting next_dagrun for example_task_group to 2026-07-15 00:00:00+00:00, run_after=2026-07-16 00:00:00+00:00
[2026-07-16T05:25:00.339+0000] {processor.py:183} INFO - Processing /home/airflow/.local/lib/python3.8/site-packages/airflow/example_dags/example_task_group.py took 0.156 seconds
[2026-07-16T05:25:30.684+0000] {processor.py:161} INFO - Started process (PID=474) to work on /home/airflow/.local/lib/python3.8/site-packages/airflow/example_dags/example_task_group.py
[2026-07-16T05:25:30.686+0000] {processor.py:830} INFO - Processing file /home/airflow/.local/lib/python3.8/site-packages/airflow/example_dags/example_task_group.py for tasks to queue
[2026-07-16T05:25:30.690+0000] {logging_mixin.py:188} INFO - [2026-07-16T05:25:30.689+0000] {dagbag.py:538} INFO - Filling up the DagBag from /home/airflow/.local/lib/python3.8/site-packages/airflow/example_dags/example_task_group.py
[2026-07-16T05:25:30.705+0000] {processor.py:840} INFO - DAG(s) 'example_task_group' retrieved from /home/airflow/.local/lib/python3.8/site-packages/airflow/example_dags/example_task_group.py
[2026-07-16T05:25:30.736+0000] {logging_mixin.py:188} INFO - [2026-07-16T05:25:30.735+0000] {dag.py:3036} INFO - Sync 1 DAGs
[2026-07-16T05:25:30.766+0000] {logging_mixin.py:188} INFO - [2026-07-16T05:25:30.765+0000] {dag.py:3823} INFO - Setting next_dagrun for example_task_group to 2026-07-15 00:00:00+00:00, run_after=2026-07-16 00:00:00+00:00
[2026-07-16T05:25:30.797+0000] {processor.py:183} INFO - Processing /home/airflow/.local/lib/python3.8/site-packages/airflow/example_dags/example_task_group.py took 0.123 seconds
[2026-07-16T05:26:01.075+0000] {processor.py:161} INFO - Started process (PID=530) to work on /home/airflow/.local/lib/python3.8/site-packages/airflow/example_dags/example_task_group.py
[2026-07-16T05:26:01.077+0000] {processor.py:830} INFO - Processing file /home/airflow/.local/lib/python3.8/site-packages/airflow/example_dags/example_task_group.py for tasks to queue
[2026-07-16T05:26:01.082+0000] {logging_mixin.py:188} INFO - [2026-07-16T05:26:01.080+0000] {dagbag.py:538} INFO - Filling up the DagBag from /home/airflow/.local/lib/python3.8/site-packages/airflow/example_dags/example_task_group.py
[2026-07-16T05:26:01.099+0000] {processor.py:840} INFO - DAG(s) 'example_task_group' retrieved from /home/airflow/.local/lib/python3.8/site-packages/airflow/example_dags/example_task_group.py
[2026-07-16T05:26:01.136+0000] {logging_mixin.py:188} INFO - [2026-07-16T05:26:01.136+0000] {dag.py:3036} INFO - Sync 1 DAGs
[2026-07-16T05:26:01.166+0000] {logging_mixin.py:188} INFO - [2026-07-16T05:26:01.165+0000] {dag.py:3823} INFO - Setting next_dagrun for example_task_group to 2026-07-15 00:00:00+00:00, run_after=2026-07-16 00:00:00+00:00
[2026-07-16T05:26:01.193+0000] {processor.py:183} INFO - Processing /home/airflow/.local/lib/python3.8/site-packages/airflow/example_dags/example_task_group.py took 0.124 seconds
[2026-07-16T05:26:31.219+0000] {processor.py:161} INFO - Started process (PID=586) to work on /home/airflow/.local/lib/python3.8/site-packages/airflow/example_dags/example_task_group.py
[2026-07-16T05:26:31.222+0000] {processor.py:830} INFO - Processing file /home/airflow/.local/lib/python3.8/site-packages/airflow/example_dags/example_task_group.py for tasks to queue
[2026-07-16T05:26:31.223+0000] {logging_mixin.py:188} INFO - [2026-07-16T05:26:31.223+0000] {dagbag.py:538} INFO - Filling up the DagBag from /home/airflow/.local/lib/python3.8/site-packages/airflow/example_dags/example_task_group.py
[2026-07-16T05:26:31.229+0000] {processor.py:840} INFO - DAG(s) 'example_task_group' retrieved from /home/airflow/.local/lib/python3.8/site-packages/airflow/example_dags/example_task_group.py
[2026-07-16T05:26:31.251+0000] {logging_mixin.py:188} INFO - [2026-07-16T05:26:31.250+0000] {dag.py:3036} INFO - Sync 1 DAGs
[2026-07-16T05:26:31.281+0000] {logging_mixin.py:188} INFO - [2026-07-16T05:26:31.281+0000] {dag.py:3823} INFO - Setting next_dagrun for example_task_group to 2026-07-15 00:00:00+00:00, run_after=2026-07-16 00:00:00+00:00
[2026-07-16T05:26:31.308+0000] {processor.py:183} INFO - Processing /home/airflow/.local/lib/python3.8/site-packages/airflow/example_dags/example_task_group.py took 0.092 seconds
[2026-07-16T05:27:01.532+0000] {processor.py:161} INFO - Started process (PID=642) to work on /home/airflow/.local/lib/python3.8/site-packages/airflow/example_dags/example_task_group.py
[2026-07-16T05:27:01.533+0000] {processor.py:830} INFO - Processing file /home/airflow/.local/lib/python3.8/site-packages/airflow/example_dags/example_task_group.py for tasks to queue
[2026-07-16T05:27:01.535+0000] {logging_mixin.py:188} INFO - [2026-07-16T05:27:01.535+0000] {dagbag.py:538} INFO - Filling up the DagBag from /home/airflow/.local/lib/python3.8/site-packages/airflow/example_dags/example_task_group.py
[2026-07-16T05:27:01.545+0000] {processor.py:840} INFO - DAG(s) 'example_task_group' retrieved from /home/airflow/.local/lib/python3.8/site-packages/airflow/example_dags/example_task_group.py
[2026-07-16T05:27:01.574+0000] {logging_mixin.py:188} INFO - [2026-07-16T05:27:01.574+0000] {dag.py:3036} INFO - Sync 1 DAGs
[2026-07-16T05:27:01.603+0000] {logging_mixin.py:188} INFO - [2026-07-16T05:27:01.602+0000] {dag.py:3823} INFO - Setting next_dagrun for example_task_group to 2026-07-15 00:00:00+00:00, run_after=2026-07-16 00:00:00+00:00
[2026-07-16T05:27:01.634+0000] {processor.py:183} INFO - Processing /home/airflow/.local/lib/python3.8/site-packages/airflow/example_dags/example_task_group.py took 0.107 seconds
[2026-07-16T05:27:31.706+0000] {processor.py:161} INFO - Started process (PID=698) to work on /home/airflow/.local/lib/python3.8/site-packages/airflow/example_dags/example_task_group.py
[2026-07-16T05:27:31.707+0000] {processor.py:830} INFO - Processing file /home/airflow/.local/lib/python3.8/site-packages/airflow/example_dags/example_task_group.py for tasks to queue
[2026-07-16T05:27:31.710+0000] {logging_mixin.py:188} INFO - [2026-07-16T05:27:31.709+0000] {dagbag.py:538} INFO - Filling up the DagBag from /home/airflow/.local/lib/python3.8/site-packages/airflow/example_dags/example_task_group.py
[2026-07-16T05:27:31.719+0000] {processor.py:840} INFO - DAG(s) 'example_task_group' retrieved from /home/airflow/.local/lib/python3.8/site-packages/airflow/example_dags/example_task_group.py
[2026-07-16T05:27:31.744+0000] {logging_mixin.py:188} INFO - [2026-07-16T05:27:31.744+0000] {dag.py:3036} INFO - Sync 1 DAGs
[2026-07-16T05:27:31.768+0000] {logging_mixin.py:188} INFO - [2026-07-16T05:27:31.768+0000] {dag.py:3823} INFO - Setting next_dagrun for example_task_group to 2026-07-15 00:00:00+00:00, run_after=2026-07-16 00:00:00+00:00
[2026-07-16T05:27:31.792+0000] {processor.py:183} INFO - Processing /home/airflow/.local/lib/python3.8/site-packages/airflow/example_dags/example_task_group.py took 0.090 seconds
[2026-07-16T05:28:02.120+0000] {processor.py:161} INFO - Started process (PID=754) to work on /home/airflow/.local/lib/python3.8/site-packages/airflow/example_dags/example_task_group.py
[2026-07-16T05:28:02.122+0000] {processor.py:830} INFO - Processing file /home/airflow/.local/lib/python3.8/site-packages/airflow/example_dags/example_task_group.py for tasks to queue
[2026-07-16T05:28:02.124+0000] {logging_mixin.py:188} INFO - [2026-07-16T05:28:02.124+0000] {dagbag.py:538} INFO - Filling up the DagBag from /home/airflow/.local/lib/python3.8/site-packages/airflow/example_dags/example_task_group.py
[2026-07-16T05:28:02.134+0000] {processor.py:840} INFO - DAG(s) 'example_task_group' retrieved from /home/airflow/.local/lib/python3.8/site-packages/airflow/example_dags/example_task_group.py
[2026-07-16T05:28:02.162+0000] {logging_mixin.py:188} INFO - [2026-07-16T05:28:02.162+0000] {dag.py:3036} INFO - Sync 1 DAGs
[2026-07-16T05:28:02.189+0000] {logging_mixin.py:188} INFO - [2026-07-16T05:28:02.189+0000] {dag.py:3823} INFO - Setting next_dagrun for example_task_group to 2026-07-15 00:00:00+00:00, run_after=2026-07-16 00:00:00+00:00
[2026-07-16T05:28:02.211+0000] {processor.py:183} INFO - Processing /home/airflow/.local/lib/python3.8/site-packages/airflow/example_dags/example_task_group.py took 0.095 seconds
[2026-07-16T05:28:33.286+0000] {processor.py:161} INFO - Started process (PID=810) to work on /home/airflow/.local/lib/python3.8/site-packages/airflow/example_dags/example_task_group.py
[2026-07-16T05:28:33.290+0000] {processor.py:830} INFO - Processing file /home/airflow/.local/lib/python3.8/site-packages/airflow/example_dags/example_task_group.py for tasks to queue
[2026-07-16T05:28:33.298+0000] {logging_mixin.py:188} INFO - [2026-07-16T05:28:33.297+0000] {dagbag.py:538} INFO - Filling up the DagBag from /home/airflow/.local/lib/python3.8/site-packages/airflow/example_dags/example_task_group.py
[2026-07-16T05:28:33.334+0000] {processor.py:840} INFO - DAG(s) 'example_task_group' retrieved from /home/airflow/.local/lib/python3.8/site-packages/airflow/example_dags/example_task_group.py
[2026-07-16T05:28:33.430+0000] {logging_mixin.py:188} INFO - [2026-07-16T05:28:33.429+0000] {dag.py:3036} INFO - Sync 1 DAGs
[2026-07-16T05:28:33.508+0000] {logging_mixin.py:188} INFO - [2026-07-16T05:28:33.506+0000] {dag.py:3823} INFO - Setting next_dagrun for example_task_group to 2026-07-15 00:00:00+00:00, run_after=2026-07-16 00:00:00+00:00
[2026-07-16T05:28:33.584+0000] {processor.py:183} INFO - Processing /home/airflow/.local/lib/python3.8/site-packages/airflow/example_dags/example_task_group.py took 0.312 seconds
[2026-07-16T05:29:03.682+0000] {processor.py:161} INFO - Started process (PID=866) to work on /home/airflow/.local/lib/python3.8/site-packages/airflow/example_dags/example_task_group.py
[2026-07-16T05:29:03.684+0000] {processor.py:830} INFO - Processing file /home/airflow/.local/lib/python3.8/site-packages/airflow/example_dags/example_task_group.py for tasks to queue
[2026-07-16T05:29:03.687+0000] {logging_mixin.py:188} INFO - [2026-07-16T05:29:03.686+0000] {dagbag.py:538} INFO - Filling up the DagBag from /home/airflow/.local/lib/python3.8/site-packages/airflow/example_dags/example_task_group.py
[2026-07-16T05:29:03.698+0000] {processor.py:840} INFO - DAG(s) 'example_task_group' retrieved from /home/airflow/.local/lib/python3.8/site-packages/airflow/example_dags/example_task_group.py
[2026-07-16T05:29:03.736+0000] {logging_mixin.py:188} INFO - [2026-07-16T05:29:03.736+0000] {dag.py:3036} INFO - Sync 1 DAGs
[2026-07-16T05:29:03.778+0000] {logging_mixin.py:188} INFO - [2026-07-16T05:29:03.778+0000] {dag.py:3823} INFO - Setting next_dagrun for example_task_group to 2026-07-15 00:00:00+00:00, run_after=2026-07-16 00:00:00+00:00
[2026-07-16T05:29:03.848+0000] {processor.py:183} INFO - Processing /home/airflow/.local/lib/python3.8/site-packages/airflow/example_dags/example_task_group.py took 0.173 seconds
[2026-07-16T05:29:34.062+0000] {processor.py:161} INFO - Started process (PID=922) to work on /home/airflow/.local/lib/python3.8/site-packages/airflow/example_dags/example_task_group.py
[2026-07-16T05:29:34.065+0000] {processor.py:830} INFO - Processing file /home/airflow/.local/lib/python3.8/site-packages/airflow/example_dags/example_task_group.py for tasks to queue
[2026-07-16T05:29:34.068+0000] {logging_mixin.py:188} INFO - [2026-07-16T05:29:34.067+0000] {dagbag.py:538} INFO - Filling up the DagBag from /home/airflow/.local/lib/python3.8/site-packages/airflow/example_dags/example_task_group.py
[2026-07-16T05:29:34.090+0000] {processor.py:840} INFO - DAG(s) 'example_task_group' retrieved from /home/airflow/.local/lib/python3.8/site-packages/airflow/example_dags/example_task_group.py
[2026-07-16T05:29:34.142+0000] {logging_mixin.py:188} INFO - [2026-07-16T05:29:34.141+0000] {dag.py:3036} INFO - Sync 1 DAGs
[2026-07-16T05:29:34.206+0000] {logging_mixin.py:188} INFO - [2026-07-16T05:29:34.205+0000] {dag.py:3823} INFO - Setting next_dagrun for example_task_group to 2026-07-15 00:00:00+00:00, run_after=2026-07-16 00:00:00+00:00
[2026-07-16T05:29:34.256+0000] {processor.py:183} INFO - Processing /home/airflow/.local/lib/python3.8/site-packages/airflow/example_dags/example_task_group.py took 0.203 seconds
[2026-07-16T05:30:04.466+0000] {processor.py:161} INFO - Started process (PID=978) to work on /home/airflow/.local/lib/python3.8/site-packages/airflow/example_dags/example_task_group.py
[2026-07-16T05:30:04.469+0000] {processor.py:830} INFO - Processing file /home/airflow/.local/lib/python3.8/site-packages/airflow/example_dags/example_task_group.py for tasks to queue
[2026-07-16T05:30:04.474+0000] {logging_mixin.py:188} INFO - [2026-07-16T05:30:04.473+0000] {dagbag.py:538} INFO - Filling up the DagBag from /home/airflow/.local/lib/python3.8/site-packages/airflow/example_dags/example_task_group.py
[2026-07-16T05:30:04.489+0000] {processor.py:840} INFO - DAG(s) 'example_task_group' retrieved from /home/airflow/.local/lib/python3.8/site-packages/airflow/example_dags/example_task_group.py
[2026-07-16T05:30:04.525+0000] {logging_mixin.py:188} INFO - [2026-07-16T05:30:04.524+0000] {dag.py:3036} INFO - Sync 1 DAGs
[2026-07-16T05:30:04.588+0000] {logging_mixin.py:188} INFO - [2026-07-16T05:30:04.586+0000] {dag.py:3823} INFO - Setting next_dagrun for example_task_group to 2026-07-15 00:00:00+00:00, run_after=2026-07-16 00:00:00+00:00
[2026-07-16T05:30:04.641+0000] {processor.py:183} INFO - Processing /home/airflow/.local/lib/python3.8/site-packages/airflow/example_dags/example_task_group.py took 0.183 seconds
[2026-07-16T05:30:34.775+0000] {processor.py:161} INFO - Started process (PID=1034) to work on /home/airflow/.local/lib/python3.8/site-packages/airflow/example_dags/example_task_group.py
[2026-07-16T05:30:34.778+0000] {processor.py:830} INFO - Processing file /home/airflow/.local/lib/python3.8/site-packages/airflow/example_dags/example_task_group.py for tasks to queue
[2026-07-16T05:30:34.781+0000] {logging_mixin.py:188} INFO - [2026-07-16T05:30:34.780+0000] {dagbag.py:538} INFO - Filling up the DagBag from /home/airflow/.local/lib/python3.8/site-packages/airflow/example_dags/example_task_group.py
[2026-07-16T05:30:34.792+0000] {processor.py:840} INFO - DAG(s) 'example_task_group' retrieved from /home/airflow/.local/lib/python3.8/site-packages/airflow/example_dags/example_task_group.py
[2026-07-16T05:30:34.828+0000] {logging_mixin.py:188} INFO - [2026-07-16T05:30:34.827+0000] {dag.py:3036} INFO - Sync 1 DAGs
[2026-07-16T05:30:34.853+0000] {logging_mixin.py:188} INFO - [2026-07-16T05:30:34.853+0000] {dag.py:3823} INFO - Setting next_dagrun for example_task_group to 2026-07-15 00:00:00+00:00, run_after=2026-07-16 00:00:00+00:00
[2026-07-16T05:30:34.878+0000] {processor.py:183} INFO - Processing /home/airflow/.local/lib/python3.8/site-packages/airflow/example_dags/example_task_group.py took 0.113 seconds
[2026-07-16T05:31:05.698+0000] {processor.py:161} INFO - Started process (PID=1090) to work on /home/airflow/.local/lib/python3.8/site-packages/airflow/example_dags/example_task_group.py
[2026-07-16T05:31:05.702+0000] {processor.py:830} INFO - Processing file /home/airflow/.local/lib/python3.8/site-packages/airflow/example_dags/example_task_group.py for tasks to queue
[2026-07-16T05:31:05.703+0000] {logging_mixin.py:188} INFO - [2026-07-16T05:31:05.703+0000] {dagbag.py:538} INFO - Filling up the DagBag from /home/airflow/.local/lib/python3.8/site-packages/airflow/example_dags/example_task_group.py
[2026-07-16T05:31:05.711+0000] {processor.py:840} INFO - DAG(s) 'example_task_group' retrieved from /home/airflow/.local/lib/python3.8/site-packages/airflow/example_dags/example_task_group.py
[2026-07-16T05:31:05.750+0000] {logging_mixin.py:188} INFO - [2026-07-16T05:31:05.749+0000] {dag.py:3036} INFO - Sync 1 DAGs
[2026-07-16T05:31:05.785+0000] {logging_mixin.py:188} INFO - [2026-07-16T05:31:05.785+0000] {dag.py:3823} INFO - Setting next_dagrun for example_task_group to 2026-07-15 00:00:00+00:00, run_after=2026-07-16 00:00:00+00:00
[2026-07-16T05:31:05.817+0000] {processor.py:183} INFO - Processing /home/airflow/.local/lib/python3.8/site-packages/airflow/example_dags/example_task_group.py took 0.128 seconds
[2026-07-16T05:31:36.203+0000] {processor.py:161} INFO - Started process (PID=1146) to work on /home/airflow/.local/lib/python3.8/site-packages/airflow/example_dags/example_task_group.py
[2026-07-16T05:31:36.205+0000] {processor.py:830} INFO - Processing file /home/airflow/.local/lib/python3.8/site-packages/airflow/example_dags/example_task_group.py for tasks to queue
[2026-07-16T05:31:36.207+0000] {logging_mixin.py:188} INFO - [2026-07-16T05:31:36.207+0000] {dagbag.py:538} INFO - Filling up the DagBag from /home/airflow/.local/lib/python3.8/site-packages/airflow/example_dags/example_task_group.py
[2026-07-16T05:31:36.224+0000] {processor.py:840} INFO - DAG(s) 'example_task_group' retrieved from /home/airflow/.local/lib/python3.8/site-packages/airflow/example_dags/example_task_group.py
[2026-07-16T05:31:36.248+0000] {logging_mixin.py:188} INFO - [2026-07-16T05:31:36.248+0000] {dag.py:3036} INFO - Sync 1 DAGs
[2026-07-16T05:31:36.268+0000] {logging_mixin.py:188} INFO - [2026-07-16T05:31:36.268+0000] {dag.py:3823} INFO - Setting next_dagrun for example_task_group to 2026-07-15 00:00:00+00:00, run_after=2026-07-16 00:00:00+00:00
[2026-07-16T05:31:36.288+0000] {processor.py:183} INFO - Processing /home/airflow/.local/lib/python3.8/site-packages/airflow/example_dags/example_task_group.py took 0.092 seconds
[2026-07-16T05:32:06.793+0000] {processor.py:161} INFO - Started process (PID=1202) to work on /home/airflow/.local/lib/python3.8/site-packages/airflow/example_dags/example_task_group.py
[2026-07-16T05:32:06.795+0000] {processor.py:830} INFO - Processing file /home/airflow/.local/lib/python3.8/site-packages/airflow/example_dags/example_task_group.py for tasks to queue
[2026-07-16T05:32:06.800+0000] {logging_mixin.py:188} INFO - [2026-07-16T05:32:06.799+0000] {dagbag.py:538} INFO - Filling up the DagBag from /home/airflow/.local/lib/python3.8/site-packages/airflow/example_dags/example_task_group.py
[2026-07-16T05:32:06.815+0000] {processor.py:840} INFO - DAG(s) 'example_task_group' retrieved from /home/airflow/.local/lib/python3.8/site-packages/airflow/example_dags/example_task_group.py
[2026-07-16T05:32:06.864+0000] {logging_mixin.py:188} INFO - [2026-07-16T05:32:06.864+0000] {dag.py:3036} INFO - Sync 1 DAGs
[2026-07-16T05:32:06.909+0000] {logging_mixin.py:188} INFO - [2026-07-16T05:32:06.909+0000] {dag.py:3823} INFO - Setting next_dagrun for example_task_group to 2026-07-15 00:00:00+00:00, run_after=2026-07-16 00:00:00+00:00
[2026-07-16T05:32:06.938+0000] {processor.py:183} INFO - Processing /home/airflow/.local/lib/python3.8/site-packages/airflow/example_dags/example_task_group.py took 0.150 seconds
[2026-07-16T05:32:37.464+0000] {processor.py:161} INFO - Started process (PID=1258) to work on /home/airflow/.local/lib/python3.8/site-packages/airflow/example_dags/example_task_group.py
[2026-07-16T05:32:37.466+0000] {processor.py:830} INFO - Processing file /home/airflow/.local/lib/python3.8/site-packages/airflow/example_dags/example_task_group.py for tasks to queue
[2026-07-16T05:32:37.469+0000] {logging_mixin.py:188} INFO - [2026-07-16T05:32:37.468+0000] {dagbag.py:538} INFO - Filling up the DagBag from /home/airflow/.local/lib/python3.8/site-packages/airflow/example_dags/example_task_group.py
[2026-07-16T05:32:37.491+0000] {processor.py:840} INFO - DAG(s) 'example_task_group' retrieved from /home/airflow/.local/lib/python3.8/site-packages/airflow/example_dags/example_task_group.py
[2026-07-16T05:32:37.531+0000] {logging_mixin.py:188} INFO - [2026-07-16T05:32:37.531+0000] {dag.py:3036} INFO - Sync 1 DAGs
[2026-07-16T05:32:37.558+0000] {logging_mixin.py:188} INFO - [2026-07-16T05:32:37.558+0000] {dag.py:3823} INFO - Setting next_dagrun for example_task_group to 2026-07-15 00:00:00+00:00, run_after=2026-07-16 00:00:00+00:00
[2026-07-16T05:32:37.576+0000] {processor.py:183} INFO - Processing /home/airflow/.local/lib/python3.8/site-packages/airflow/example_dags/example_task_group.py took 0.117 seconds
[2026-07-16T05:33:08.026+0000] {processor.py:161} INFO - Started process (PID=1314) to work on /home/airflow/.local/lib/python3.8/site-packages/airflow/example_dags/example_task_group.py
[2026-07-16T05:33:08.030+0000] {processor.py:830} INFO - Processing file /home/airflow/.local/lib/python3.8/site-packages/airflow/example_dags/example_task_group.py for tasks to queue
[2026-07-16T05:33:08.034+0000] {logging_mixin.py:188} INFO - [2026-07-16T05:33:08.033+0000] {dagbag.py:538} INFO - Filling up the DagBag from /home/airflow/.local/lib/python3.8/site-packages/airflow/example_dags/example_task_group.py
[2026-07-16T05:33:08.050+0000] {processor.py:840} INFO - DAG(s) 'example_task_group' retrieved from /home/airflow/.local/lib/python3.8/site-packages/airflow/example_dags/example_task_group.py
[2026-07-16T05:33:08.104+0000] {logging_mixin.py:188} INFO - [2026-07-16T05:33:08.104+0000] {dag.py:3036} INFO - Sync 1 DAGs
[2026-07-16T05:33:08.159+0000] {logging_mixin.py:188} INFO - [2026-07-16T05:33:08.159+0000] {dag.py:3823} INFO - Setting next_dagrun for example_task_group to 2026-07-15 00:00:00+00:00, run_after=2026-07-16 00:00:00+00:00
[2026-07-16T05:33:08.211+0000] {processor.py:183} INFO - Processing /home/airflow/.local/lib/python3.8/site-packages/airflow/example_dags/example_task_group.py took 0.195 seconds
[2026-07-16T05:33:38.831+0000] {processor.py:161} INFO - Started process (PID=1370) to work on /home/airflow/.local/lib/python3.8/site-packages/airflow/example_dags/example_task_group.py
[2026-07-16T05:33:38.832+0000] {processor.py:830} INFO - Processing file /home/airflow/.local/lib/python3.8/site-packages/airflow/example_dags/example_task_group.py for tasks to queue
[2026-07-16T05:33:38.834+0000] {logging_mixin.py:188} INFO - [2026-07-16T05:33:38.834+0000] {dagbag.py:538} INFO - Filling up the DagBag from /home/airflow/.local/lib/python3.8/site-packages/airflow/example_dags/example_task_group.py
[2026-07-16T05:33:38.841+0000] {processor.py:840} INFO - DAG(s) 'example_task_group' retrieved from /home/airflow/.local/lib/python3.8/site-packages/airflow/example_dags/example_task_group.py
[2026-07-16T05:33:38.862+0000] {logging_mixin.py:188} INFO - [2026-07-16T05:33:38.862+0000] {dag.py:3036} INFO - Sync 1 DAGs
[2026-07-16T05:33:38.883+0000] {logging_mixin.py:188} INFO - [2026-07-16T05:33:38.883+0000] {dag.py:3823} INFO - Setting next_dagrun for example_task_group to 2026-07-15 00:00:00+00:00, run_after=2026-07-16 00:00:00+00:00
[2026-07-16T05:33:38.903+0000] {processor.py:183} INFO - Processing /home/airflow/.local/lib/python3.8/site-packages/airflow/example_dags/example_task_group.py took 0.076 seconds
[2026-07-16T05:34:08.974+0000] {processor.py:161} INFO - Started process (PID=1424) to work on /home/airflow/.local/lib/python3.8/site-packages/airflow/example_dags/example_task_group.py
[2026-07-16T05:34:08.975+0000] {processor.py:830} INFO - Processing file /home/airflow/.local/lib/python3.8/site-packages/airflow/example_dags/example_task_group.py for tasks to queue
[2026-07-16T05:34:08.978+0000] {logging_mixin.py:188} INFO - [2026-07-16T05:34:08.977+0000] {dagbag.py:538} INFO - Filling up the DagBag from /home/airflow/.local/lib/python3.8/site-packages/airflow/example_dags/example_task_group.py
[2026-07-16T05:34:08.986+0000] {processor.py:840} INFO - DAG(s) 'example_task_group' retrieved from /home/airflow/.local/lib/python3.8/site-packages/airflow/example_dags/example_task_group.py
[2026-07-16T05:34:09.012+0000] {logging_mixin.py:188} INFO - [2026-07-16T05:34:09.012+0000] {dag.py:3036} INFO - Sync 1 DAGs
[2026-07-16T05:34:09.034+0000] {logging_mixin.py:188} INFO - [2026-07-16T05:34:09.034+0000] {dag.py:3823} INFO - Setting next_dagrun for example_task_group to 2026-07-15 00:00:00+00:00, run_after=2026-07-16 00:00:00+00:00
[2026-07-16T05:34:09.055+0000] {processor.py:183} INFO - Processing /home/airflow/.local/lib/python3.8/site-packages/airflow/example_dags/example_task_group.py took 0.085 seconds
[2026-07-16T05:34:39.671+0000] {processor.py:161} INFO - Started process (PID=1480) to work on /home/airflow/.local/lib/python3.8/site-packages/airflow/example_dags/example_task_group.py
[2026-07-16T05:34:39.672+0000] {processor.py:830} INFO - Processing file /home/airflow/.local/lib/python3.8/site-packages/airflow/example_dags/example_task_group.py for tasks to queue
[2026-07-16T05:34:39.674+0000] {logging_mixin.py:188} INFO - [2026-07-16T05:34:39.674+0000] {dagbag.py:538} INFO - Filling up the DagBag from /home/airflow/.local/lib/python3.8/site-packages/airflow/example_dags/example_task_group.py
[2026-07-16T05:34:39.680+0000] {processor.py:840} INFO - DAG(s) 'example_task_group' retrieved from /home/airflow/.local/lib/python3.8/site-packages/airflow/example_dags/example_task_group.py
[2026-07-16T05:34:39.701+0000] {logging_mixin.py:188} INFO - [2026-07-16T05:34:39.701+0000] {dag.py:3036} INFO - Sync 1 DAGs
[2026-07-16T05:34:39.722+0000] {logging_mixin.py:188} INFO - [2026-07-16T05:34:39.722+0000] {dag.py:3823} INFO - Setting next_dagrun for example_task_group to 2026-07-15 00:00:00+00:00, run_after=2026-07-16 00:00:00+00:00
[2026-07-16T05:34:39.743+0000] {processor.py:183} INFO - Processing /home/airflow/.local/lib/python3.8/site-packages/airflow/example_dags/example_task_group.py took 0.075 seconds
[2026-07-16T05:35:10.184+0000] {processor.py:161} INFO - Started process (PID=1536) to work on /home/airflow/.local/lib/python3.8/site-packages/airflow/example_dags/example_task_group.py
[2026-07-16T05:35:10.185+0000] {processor.py:830} INFO - Processing file /home/airflow/.local/lib/python3.8/site-packages/airflow/example_dags/example_task_group.py for tasks to queue
[2026-07-16T05:35:10.186+0000] {logging_mixin.py:188} INFO - [2026-07-16T05:35:10.186+0000] {dagbag.py:538} INFO - Filling up the DagBag from /home/airflow/.local/lib/python3.8/site-packages/airflow/example_dags/example_task_group.py
[2026-07-16T05:35:10.193+0000] {processor.py:840} INFO - DAG(s) 'example_task_group' retrieved from /home/airflow/.local/lib/python3.8/site-packages/airflow/example_dags/example_task_group.py
[2026-07-16T05:35:10.213+0000] {logging_mixin.py:188} INFO - [2026-07-16T05:35:10.213+0000] {dag.py:3036} INFO - Sync 1 DAGs
[2026-07-16T05:35:10.230+0000] {logging_mixin.py:188} INFO - [2026-07-16T05:35:10.229+0000] {dag.py:3823} INFO - Setting next_dagrun for example_task_group to 2026-07-15 00:00:00+00:00, run_after=2026-07-16 00:00:00+00:00
[2026-07-16T05:35:10.245+0000] {processor.py:183} INFO - Processing /home/airflow/.local/lib/python3.8/site-packages/airflow/example_dags/example_task_group.py took 0.064 seconds
[2026-07-16T05:35:40.857+0000] {processor.py:161} INFO - Started process (PID=1592) to work on /home/airflow/.local/lib/python3.8/site-packages/airflow/example_dags/example_task_group.py
[2026-07-16T05:35:40.858+0000] {processor.py:830} INFO - Processing file /home/airflow/.local/lib/python3.8/site-packages/airflow/example_dags/example_task_group.py for tasks to queue
[2026-07-16T05:35:40.860+0000] {logging_mixin.py:188} INFO - [2026-07-16T05:35:40.860+0000] {dagbag.py:538} INFO - Filling up the DagBag from /home/airflow/.local/lib/python3.8/site-packages/airflow/example_dags/example_task_group.py
[2026-07-16T05:35:40.866+0000] {processor.py:840} INFO - DAG(s) 'example_task_group' retrieved from /home/airflow/.local/lib/python3.8/site-packages/airflow/example_dags/example_task_group.py
[2026-07-16T05:35:40.888+0000] {logging_mixin.py:188} INFO - [2026-07-16T05:35:40.887+0000] {dag.py:3036} INFO - Sync 1 DAGs
[2026-07-16T05:35:40.912+0000] {logging_mixin.py:188} INFO - [2026-07-16T05:35:40.911+0000] {dag.py:3823} INFO - Setting next_dagrun for example_task_group to 2026-07-15 00:00:00+00:00, run_after=2026-07-16 00:00:00+00:00
[2026-07-16T05:35:40.926+0000] {processor.py:183} INFO - Processing /home/airflow/.local/lib/python3.8/site-packages/airflow/example_dags/example_task_group.py took 0.073 seconds
[2026-07-16T05:36:11.109+0000] {processor.py:161} INFO - Started process (PID=1648) to work on /home/airflow/.local/lib/python3.8/site-packages/airflow/example_dags/example_task_group.py
[2026-07-16T05:36:11.110+0000] {processor.py:830} INFO - Processing file /home/airflow/.local/lib/python3.8/site-packages/airflow/example_dags/example_task_group.py for tasks to queue
[2026-07-16T05:36:11.112+0000] {logging_mixin.py:188} INFO - [2026-07-16T05:36:11.112+0000] {dagbag.py:538} INFO - Filling up the DagBag from /home/airflow/.local/lib/python3.8/site-packages/airflow/example_dags/example_task_group.py
[2026-07-16T05:36:11.120+0000] {processor.py:840} INFO - DAG(s) 'example_task_group' retrieved from /home/airflow/.local/lib/python3.8/site-packages/airflow/example_dags/example_task_group.py
[2026-07-16T05:36:11.145+0000] {logging_mixin.py:188} INFO - [2026-07-16T05:36:11.145+0000] {dag.py:3036} INFO - Sync 1 DAGs
[2026-07-16T05:36:11.168+0000] {logging_mixin.py:188} INFO - [2026-07-16T05:36:11.167+0000] {dag.py:3823} INFO - Setting next_dagrun for example_task_group to 2026-07-15 00:00:00+00:00, run_after=2026-07-16 00:00:00+00:00
[2026-07-16T05:36:11.193+0000] {processor.py:183} INFO - Processing /home/airflow/.local/lib/python3.8/site-packages/airflow/example_dags/example_task_group.py took 0.089 seconds
[2026-07-16T05:36:41.516+0000] {processor.py:161} INFO - Started process (PID=1705) to work on /home/airflow/.local/lib/python3.8/site-packages/airflow/example_dags/example_task_group.py
[2026-07-16T05:36:41.519+0000] {processor.py:830} INFO - Processing file /home/airflow/.local/lib/python3.8/site-packages/airflow/example_dags/example_task_group.py for tasks to queue
[2026-07-16T05:36:41.521+0000] {logging_mixin.py:188} INFO - [2026-07-16T05:36:41.520+0000] {dagbag.py:538} INFO - Filling up the DagBag from /home/airflow/.local/lib/python3.8/site-packages/airflow/example_dags/example_task_group.py
[2026-07-16T05:36:41.529+0000] {processor.py:840} INFO - DAG(s) 'example_task_group' retrieved from /home/airflow/.local/lib/python3.8/site-packages/airflow/example_dags/example_task_group.py
[2026-07-16T05:36:41.558+0000] {logging_mixin.py:188} INFO - [2026-07-16T05:36:41.558+0000] {dag.py:3036} INFO - Sync 1 DAGs
[2026-07-16T05:36:41.584+0000] {logging_mixin.py:188} INFO - [2026-07-16T05:36:41.583+0000] {dag.py:3823} INFO - Setting next_dagrun for example_task_group to 2026-07-15 00:00:00+00:00, run_after=2026-07-16 00:00:00+00:00
[2026-07-16T05:36:41.608+0000] {processor.py:183} INFO - Processing /home/airflow/.local/lib/python3.8/site-packages/airflow/example_dags/example_task_group.py took 0.097 seconds
[2026-07-16T05:37:11.687+0000] {processor.py:161} INFO - Started process (PID=1761) to work on /home/airflow/.local/lib/python3.8/site-packages/airflow/example_dags/example_task_group.py
[2026-07-16T05:37:11.688+0000] {processor.py:830} INFO - Processing file /home/airflow/.local/lib/python3.8/site-packages/airflow/example_dags/example_task_group.py for tasks to queue
[2026-07-16T05:37:11.690+0000] {logging_mixin.py:188} INFO - [2026-07-16T05:37:11.690+0000] {dagbag.py:538} INFO - Filling up the DagBag from /home/airflow/.local/lib/python3.8/site-packages/airflow/example_dags/example_task_group.py
[2026-07-16T05:37:11.697+0000] {processor.py:840} INFO - DAG(s) 'example_task_group' retrieved from /home/airflow/.local/lib/python3.8/site-packages/airflow/example_dags/example_task_group.py
[2026-07-16T05:37:11.717+0000] {logging_mixin.py:188} INFO - [2026-07-16T05:37:11.717+0000] {dag.py:3036} INFO - Sync 1 DAGs
[2026-07-16T05:37:11.736+0000] {logging_mixin.py:188} INFO - [2026-07-16T05:37:11.736+0000] {dag.py:3823} INFO - Setting next_dagrun for example_task_group to 2026-07-15 00:00:00+00:00, run_after=2026-07-16 00:00:00+00:00
[2026-07-16T05:37:11.762+0000] {processor.py:183} INFO - Processing /home/airflow/.local/lib/python3.8/site-packages/airflow/example_dags/example_task_group.py took 0.079 seconds
[2026-07-16T05:37:42.254+0000] {processor.py:161} INFO - Started process (PID=1817) to work on /home/airflow/.local/lib/python3.8/site-packages/airflow/example_dags/example_task_group.py
[2026-07-16T05:37:42.256+0000] {processor.py:830} INFO - Processing file /home/airflow/.local/lib/python3.8/site-packages/airflow/example_dags/example_task_group.py for tasks to queue
[2026-07-16T05:37:42.258+0000] {logging_mixin.py:188} INFO - [2026-07-16T05:37:42.258+0000] {dagbag.py:538} INFO - Filling up the DagBag from /home/airflow/.local/lib/python3.8/site-packages/airflow/example_dags/example_task_group.py
[2026-07-16T05:37:42.264+0000] {processor.py:840} INFO - DAG(s) 'example_task_group' retrieved from /home/airflow/.local/lib/python3.8/site-packages/airflow/example_dags/example_task_group.py
[2026-07-16T05:37:42.281+0000] {logging_mixin.py:188} INFO - [2026-07-16T05:37:42.281+0000] {dag.py:3036} INFO - Sync 1 DAGs
[2026-07-16T05:37:42.298+0000] {logging_mixin.py:188} INFO - [2026-07-16T05:37:42.297+0000] {dag.py:3823} INFO - Setting next_dagrun for example_task_group to 2026-07-15 00:00:00+00:00, run_after=2026-07-16 00:00:00+00:00
[2026-07-16T05:37:42.312+0000] {processor.py:183} INFO - Processing /home/airflow/.local/lib/python3.8/site-packages/airflow/example_dags/example_task_group.py took 0.063 seconds
[2026-07-16T05:38:12.440+0000] {processor.py:161} INFO - Started process (PID=1873) to work on /home/airflow/.local/lib/python3.8/site-packages/airflow/example_dags/example_task_group.py
[2026-07-16T05:38:12.440+0000] {processor.py:830} INFO - Processing file /home/airflow/.local/lib/python3.8/site-packages/airflow/example_dags/example_task_group.py for tasks to queue
[2026-07-16T05:38:12.443+0000] {logging_mixin.py:188} INFO - [2026-07-16T05:38:12.442+0000] {dagbag.py:538} INFO - Filling up the DagBag from /home/airflow/.local/lib/python3.8/site-packages/airflow/example_dags/example_task_group.py
[2026-07-16T05:38:12.450+0000] {processor.py:840} INFO - DAG(s) 'example_task_group' retrieved from /home/airflow/.local/lib/python3.8/site-packages/airflow/example_dags/example_task_group.py
[2026-07-16T05:38:12.470+0000] {logging_mixin.py:188} INFO - [2026-07-16T05:38:12.469+0000] {dag.py:3036} INFO - Sync 1 DAGs
[2026-07-16T05:38:12.489+0000] {logging_mixin.py:188} INFO - [2026-07-16T05:38:12.489+0000] {dag.py:3823} INFO - Setting next_dagrun for example_task_group to 2026-07-15 00:00:00+00:00, run_after=2026-07-16 00:00:00+00:00
[2026-07-16T05:38:12.506+0000] {processor.py:183} INFO - Processing /home/airflow/.local/lib/python3.8/site-packages/airflow/example_dags/example_task_group.py took 0.069 seconds
[2026-07-16T05:38:42.721+0000] {processor.py:161} INFO - Started process (PID=1929) to work on /home/airflow/.local/lib/python3.8/site-packages/airflow/example_dags/example_task_group.py
[2026-07-16T05:38:42.722+0000] {processor.py:830} INFO - Processing file /home/airflow/.local/lib/python3.8/site-packages/airflow/example_dags/example_task_group.py for tasks to queue
[2026-07-16T05:38:42.726+0000] {logging_mixin.py:188} INFO - [2026-07-16T05:38:42.726+0000] {dagbag.py:538} INFO - Filling up the DagBag from /home/airflow/.local/lib/python3.8/site-packages/airflow/example_dags/example_task_group.py
[2026-07-16T05:38:42.734+0000] {processor.py:840} INFO - DAG(s) 'example_task_group' retrieved from /home/airflow/.local/lib/python3.8/site-packages/airflow/example_dags/example_task_group.py
[2026-07-16T05:38:42.763+0000] {logging_mixin.py:188} INFO - [2026-07-16T05:38:42.763+0000] {dag.py:3036} INFO - Sync 1 DAGs
[2026-07-16T05:38:42.784+0000] {logging_mixin.py:188} INFO - [2026-07-16T05:38:42.784+0000] {dag.py:3823} INFO - Setting next_dagrun for example_task_group to 2026-07-15 00:00:00+00:00, run_after=2026-07-16 00:00:00+00:00
[2026-07-16T05:38:42.805+0000] {processor.py:183} INFO - Processing /home/airflow/.local/lib/python3.8/site-packages/airflow/example_dags/example_task_group.py took 0.089 seconds
[2026-07-16T05:39:13.189+0000] {processor.py:161} INFO - Started process (PID=1985) to work on /home/airflow/.local/lib/python3.8/site-packages/airflow/example_dags/example_task_group.py
[2026-07-16T05:39:13.191+0000] {processor.py:830} INFO - Processing file /home/airflow/.local/lib/python3.8/site-packages/airflow/example_dags/example_task_group.py for tasks to queue
[2026-07-16T05:39:13.192+0000] {logging_mixin.py:188} INFO - [2026-07-16T05:39:13.192+0000] {dagbag.py:538} INFO - Filling up the DagBag from /home/airflow/.local/lib/python3.8/site-packages/airflow/example_dags/example_task_group.py
[2026-07-16T05:39:13.198+0000] {processor.py:840} INFO - DAG(s) 'example_task_group' retrieved from /home/airflow/.local/lib/python3.8/site-packages/airflow/example_dags/example_task_group.py
[2026-07-16T05:39:13.216+0000] {logging_mixin.py:188} INFO - [2026-07-16T05:39:13.216+0000] {dag.py:3036} INFO - Sync 1 DAGs
[2026-07-16T05:39:13.232+0000] {logging_mixin.py:188} INFO - [2026-07-16T05:39:13.232+0000] {dag.py:3823} INFO - Setting next_dagrun for example_task_group to 2026-07-15 00:00:00+00:00, run_after=2026-07-16 00:00:00+00:00
[2026-07-16T05:39:13.247+0000] {processor.py:183} INFO - Processing /home/airflow/.local/lib/python3.8/site-packages/airflow/example_dags/example_task_group.py took 0.061 seconds
[2026-07-16T05:39:43.339+0000] {processor.py:161} INFO - Started process (PID=2041) to work on /home/airflow/.local/lib/python3.8/site-packages/airflow/example_dags/example_task_group.py
[2026-07-16T05:39:43.340+0000] {processor.py:830} INFO - Processing file /home/airflow/.local/lib/python3.8/site-packages/airflow/example_dags/example_task_group.py for tasks to queue
[2026-07-16T05:39:43.342+0000] {logging_mixin.py:188} INFO - [2026-07-16T05:39:43.342+0000] {dagbag.py:538} INFO - Filling up the DagBag from /home/airflow/.local/lib/python3.8/site-packages/airflow/example_dags/example_task_group.py
[2026-07-16T05:39:43.348+0000] {processor.py:840} INFO - DAG(s) 'example_task_group' retrieved from /home/airflow/.local/lib/python3.8/site-packages/airflow/example_dags/example_task_group.py
[2026-07-16T05:39:43.367+0000] {logging_mixin.py:188} INFO - [2026-07-16T05:39:43.367+0000] {dag.py:3036} INFO - Sync 1 DAGs
[2026-07-16T05:39:43.383+0000] {logging_mixin.py:188} INFO - [2026-07-16T05:39:43.383+0000] {dag.py:3823} INFO - Setting next_dagrun for example_task_group to 2026-07-15 00:00:00+00:00, run_after=2026-07-16 00:00:00+00:00
[2026-07-16T05:39:43.398+0000] {processor.py:183} INFO - Processing /home/airflow/.local/lib/python3.8/site-packages/airflow/example_dags/example_task_group.py took 0.062 seconds
[2026-07-16T05:40:13.537+0000] {processor.py:161} INFO - Started process (PID=2097) to work on /home/airflow/.local/lib/python3.8/site-packages/airflow/example_dags/example_task_group.py
[2026-07-16T05:40:13.538+0000] {processor.py:830} INFO - Processing file /home/airflow/.local/lib/python3.8/site-packages/airflow/example_dags/example_task_group.py for tasks to queue
[2026-07-16T05:40:13.541+0000] {logging_mixin.py:188} INFO - [2026-07-16T05:40:13.541+0000] {dagbag.py:538} INFO - Filling up the DagBag from /home/airflow/.local/lib/python3.8/site-packages/airflow/example_dags/example_task_group.py
[2026-07-16T05:40:13.550+0000] {processor.py:840} INFO - DAG(s) 'example_task_group' retrieved from /home/airflow/.local/lib/python3.8/site-packages/airflow/example_dags/example_task_group.py
[2026-07-16T05:40:13.578+0000] {logging_mixin.py:188} INFO - [2026-07-16T05:40:13.577+0000] {dag.py:3036} INFO - Sync 1 DAGs
[2026-07-16T05:40:13.602+0000] {logging_mixin.py:188} INFO - [2026-07-16T05:40:13.602+0000] {dag.py:3823} INFO - Setting next_dagrun for example_task_group to 2026-07-15 00:00:00+00:00, run_after=2026-07-16 00:00:00+00:00
[2026-07-16T05:40:13.625+0000] {processor.py:183} INFO - Processing /home/airflow/.local/lib/python3.8/site-packages/airflow/example_dags/example_task_group.py took 0.092 seconds
[2026-07-16T05:40:43.912+0000] {processor.py:161} INFO - Started process (PID=2153) to work on /home/airflow/.local/lib/python3.8/site-packages/airflow/example_dags/example_task_group.py
[2026-07-16T05:40:43.913+0000] {processor.py:830} INFO - Processing file /home/airflow/.local/lib/python3.8/site-packages/airflow/example_dags/example_task_group.py for tasks to queue
[2026-07-16T05:40:43.915+0000] {logging_mixin.py:188} INFO - [2026-07-16T05:40:43.915+0000] {dagbag.py:538} INFO - Filling up the DagBag from /home/airflow/.local/lib/python3.8/site-packages/airflow/example_dags/example_task_group.py
[2026-07-16T05:40:43.923+0000] {processor.py:840} INFO - DAG(s) 'example_task_group' retrieved from /home/airflow/.local/lib/python3.8/site-packages/airflow/example_dags/example_task_group.py
[2026-07-16T05:40:43.943+0000] {logging_mixin.py:188} INFO - [2026-07-16T05:40:43.942+0000] {dag.py:3036} INFO - Sync 1 DAGs
[2026-07-16T05:40:43.960+0000] {logging_mixin.py:188} INFO - [2026-07-16T05:40:43.960+0000] {dag.py:3823} INFO - Setting next_dagrun for example_task_group to 2026-07-15 00:00:00+00:00, run_after=2026-07-16 00:00:00+00:00
[2026-07-16T05:40:43.976+0000] {processor.py:183} INFO - Processing /home/airflow/.local/lib/python3.8/site-packages/airflow/example_dags/example_task_group.py took 0.068 seconds
[2026-07-16T05:41:14.298+0000] {processor.py:161} INFO - Started process (PID=2209) to work on /home/airflow/.local/lib/python3.8/site-packages/airflow/example_dags/example_task_group.py
[2026-07-16T05:41:14.300+0000] {processor.py:830} INFO - Processing file /home/airflow/.local/lib/python3.8/site-packages/airflow/example_dags/example_task_group.py for tasks to queue
[2026-07-16T05:41:14.301+0000] {logging_mixin.py:188} INFO - [2026-07-16T05:41:14.301+0000] {dagbag.py:538} INFO - Filling up the DagBag from /home/airflow/.local/lib/python3.8/site-packages/airflow/example_dags/example_task_group.py
[2026-07-16T05:41:14.308+0000] {processor.py:840} INFO - DAG(s) 'example_task_group' retrieved from /home/airflow/.local/lib/python3.8/site-packages/airflow/example_dags/example_task_group.py
[2026-07-16T05:41:14.324+0000] {logging_mixin.py:188} INFO - [2026-07-16T05:41:14.324+0000] {dag.py:3036} INFO - Sync 1 DAGs
[2026-07-16T05:41:14.341+0000] {logging_mixin.py:188} INFO - [2026-07-16T05:41:14.341+0000] {dag.py:3823} INFO - Setting next_dagrun for example_task_group to 2026-07-15 00:00:00+00:00, run_after=2026-07-16 00:00:00+00:00
[2026-07-16T05:41:14.357+0000] {processor.py:183} INFO - Processing /home/airflow/.local/lib/python3.8/site-packages/airflow/example_dags/example_task_group.py took 0.061 seconds
[2026-07-16T05:41:45.220+0000] {processor.py:161} INFO - Started process (PID=2265) to work on /home/airflow/.local/lib/python3.8/site-packages/airflow/example_dags/example_task_group.py
[2026-07-16T05:41:45.222+0000] {processor.py:830} INFO - Processing file /home/airflow/.local/lib/python3.8/site-packages/airflow/example_dags/example_task_group.py for tasks to queue
[2026-07-16T05:41:45.223+0000] {logging_mixin.py:188} INFO - [2026-07-16T05:41:45.223+0000] {dagbag.py:538} INFO - Filling up the DagBag from /home/airflow/.local/lib/python3.8/site-packages/airflow/example_dags/example_task_group.py
[2026-07-16T05:41:45.231+0000] {processor.py:840} INFO - DAG(s) 'example_task_group' retrieved from /home/airflow/.local/lib/python3.8/site-packages/airflow/example_dags/example_task_group.py
[2026-07-16T05:41:45.253+0000] {logging_mixin.py:188} INFO - [2026-07-16T05:41:45.253+0000] {dag.py:3036} INFO - Sync 1 DAGs
[2026-07-16T05:41:45.271+0000] {logging_mixin.py:188} INFO - [2026-07-16T05:41:45.271+0000] {dag.py:3823} INFO - Setting next_dagrun for example_task_group to 2026-07-15 00:00:00+00:00, run_after=2026-07-16 00:00:00+00:00
[2026-07-16T05:41:45.287+0000] {processor.py:183} INFO - Processing /home/airflow/.local/lib/python3.8/site-packages/airflow/example_dags/example_task_group.py took 0.071 seconds
[2026-07-16T05:42:16.135+0000] {processor.py:161} INFO - Started process (PID=2321) to work on /home/airflow/.local/lib/python3.8/site-packages/airflow/example_dags/example_task_group.py
[2026-07-16T05:42:16.136+0000] {processor.py:830} INFO - Processing file /home/airflow/.local/lib/python3.8/site-packages/airflow/example_dags/example_task_group.py for tasks to queue
[2026-07-16T05:42:16.138+0000] {logging_mixin.py:188} INFO - [2026-07-16T05:42:16.138+0000] {dagbag.py:538} INFO - Filling up the DagBag from /home/airflow/.local/lib/python3.8/site-packages/airflow/example_dags/example_task_group.py
[2026-07-16T05:42:16.145+0000] {processor.py:840} INFO - DAG(s) 'example_task_group' retrieved from /home/airflow/.local/lib/python3.8/site-packages/airflow/example_dags/example_task_group.py
[2026-07-16T05:42:16.163+0000] {logging_mixin.py:188} INFO - [2026-07-16T05:42:16.163+0000] {dag.py:3036} INFO - Sync 1 DAGs
[2026-07-16T05:42:16.180+0000] {logging_mixin.py:188} INFO - [2026-07-16T05:42:16.180+0000] {dag.py:3823} INFO - Setting next_dagrun for example_task_group to 2026-07-15 00:00:00+00:00, run_after=2026-07-16 00:00:00+00:00
[2026-07-16T05:42:16.196+0000] {processor.py:183} INFO - Processing /home/airflow/.local/lib/python3.8/site-packages/airflow/example_dags/example_task_group.py took 0.064 seconds
[2026-07-16T05:42:46.389+0000] {processor.py:161} INFO - Started process (PID=2377) to work on /home/airflow/.local/lib/python3.8/site-packages/airflow/example_dags/example_task_group.py
[2026-07-16T05:42:46.391+0000] {processor.py:830} INFO - Processing file /home/airflow/.local/lib/python3.8/site-packages/airflow/example_dags/example_task_group.py for tasks to queue
[2026-07-16T05:42:46.392+0000] {logging_mixin.py:188} INFO - [2026-07-16T05:42:46.392+0000] {dagbag.py:538} INFO - Filling up the DagBag from /home/airflow/.local/lib/python3.8/site-packages/airflow/example_dags/example_task_group.py
[2026-07-16T05:42:46.398+0000] {processor.py:840} INFO - DAG(s) 'example_task_group' retrieved from /home/airflow/.local/lib/python3.8/site-packages/airflow/example_dags/example_task_group.py
[2026-07-16T05:42:46.416+0000] {logging_mixin.py:188} INFO - [2026-07-16T05:42:46.416+0000] {dag.py:3036} INFO - Sync 1 DAGs
[2026-07-16T05:42:46.434+0000] {logging_mixin.py:188} INFO - [2026-07-16T05:42:46.433+0000] {dag.py:3823} INFO - Setting next_dagrun for example_task_group to 2026-07-15 00:00:00+00:00, run_after=2026-07-16 00:00:00+00:00
[2026-07-16T05:42:46.449+0000] {processor.py:183} INFO - Processing /home/airflow/.local/lib/python3.8/site-packages/airflow/example_dags/example_task_group.py took 0.063 seconds
[2026-07-16T05:43:16.883+0000] {processor.py:161} INFO - Started process (PID=2433) to work on /home/airflow/.local/lib/python3.8/site-packages/airflow/example_dags/example_task_group.py
[2026-07-16T05:43:16.884+0000] {processor.py:830} INFO - Processing file /home/airflow/.local/lib/python3.8/site-packages/airflow/example_dags/example_task_group.py for tasks to queue
[2026-07-16T05:43:16.886+0000] {logging_mixin.py:188} INFO - [2026-07-16T05:43:16.886+0000] {dagbag.py:538} INFO - Filling up the DagBag from /home/airflow/.local/lib/python3.8/site-packages/airflow/example_dags/example_task_group.py
[2026-07-16T05:43:16.893+0000] {processor.py:840} INFO - DAG(s) 'example_task_group' retrieved from /home/airflow/.local/lib/python3.8/site-packages/airflow/example_dags/example_task_group.py
[2026-07-16T05:43:16.920+0000] {logging_mixin.py:188} INFO - [2026-07-16T05:43:16.920+0000] {dag.py:3036} INFO - Sync 1 DAGs
[2026-07-16T05:43:16.942+0000] {logging_mixin.py:188} INFO - [2026-07-16T05:43:16.942+0000] {dag.py:3823} INFO - Setting next_dagrun for example_task_group to 2026-07-15 00:00:00+00:00, run_after=2026-07-16 00:00:00+00:00
[2026-07-16T05:43:16.963+0000] {processor.py:183} INFO - Processing /home/airflow/.local/lib/python3.8/site-packages/airflow/example_dags/example_task_group.py took 0.083 seconds
[2026-07-16T05:43:47.358+0000] {processor.py:161} INFO - Started process (PID=2489) to work on /home/airflow/.local/lib/python3.8/site-packages/airflow/example_dags/example_task_group.py
[2026-07-16T05:43:47.359+0000] {processor.py:830} INFO - Processing file /home/airflow/.local/lib/python3.8/site-packages/airflow/example_dags/example_task_group.py for tasks to queue
[2026-07-16T05:43:47.360+0000] {logging_mixin.py:188} INFO - [2026-07-16T05:43:47.360+0000] {dagbag.py:538} INFO - Filling up the DagBag from /home/airflow/.local/lib/python3.8/site-packages/airflow/example_dags/example_task_group.py
[2026-07-16T05:43:47.366+0000] {processor.py:840} INFO - DAG(s) 'example_task_group' retrieved from /home/airflow/.local/lib/python3.8/site-packages/airflow/example_dags/example_task_group.py
[2026-07-16T05:43:47.383+0000] {logging_mixin.py:188} INFO - [2026-07-16T05:43:47.383+0000] {dag.py:3036} INFO - Sync 1 DAGs
[2026-07-16T05:43:47.400+0000] {logging_mixin.py:188} INFO - [2026-07-16T05:43:47.399+0000] {dag.py:3823} INFO - Setting next_dagrun for example_task_group to 2026-07-15 00:00:00+00:00, run_after=2026-07-16 00:00:00+00:00
[2026-07-16T05:43:47.414+0000] {processor.py:183} INFO - Processing /home/airflow/.local/lib/python3.8/site-packages/airflow/example_dags/example_task_group.py took 0.060 seconds
[2026-07-16T05:44:17.876+0000] {processor.py:161} INFO - Started process (PID=2545) to work on /home/airflow/.local/lib/python3.8/site-packages/airflow/example_dags/example_task_group.py
[2026-07-16T05:44:17.877+0000] {processor.py:830} INFO - Processing file /home/airflow/.local/lib/python3.8/site-packages/airflow/example_dags/example_task_group.py for tasks to queue
[2026-07-16T05:44:17.879+0000] {logging_mixin.py:188} INFO - [2026-07-16T05:44:17.879+0000] {dagbag.py:538} INFO - Filling up the DagBag from /home/airflow/.local/lib/python3.8/site-packages/airflow/example_dags/example_task_group.py
[2026-07-16T05:44:17.886+0000] {processor.py:840} INFO - DAG(s) 'example_task_group' retrieved from /home/airflow/.local/lib/python3.8/site-packages/airflow/example_dags/example_task_group.py
[2026-07-16T05:44:17.906+0000] {logging_mixin.py:188} INFO - [2026-07-16T05:44:17.906+0000] {dag.py:3036} INFO - Sync 1 DAGs
[2026-07-16T05:44:17.928+0000] {logging_mixin.py:188} INFO - [2026-07-16T05:44:17.928+0000] {dag.py:3823} INFO - Setting next_dagrun for example_task_group to 2026-07-15 00:00:00+00:00, run_after=2026-07-16 00:00:00+00:00
[2026-07-16T05:44:17.949+0000] {processor.py:183} INFO - Processing /home/airflow/.local/lib/python3.8/site-packages/airflow/example_dags/example_task_group.py took 0.076 seconds
[2026-07-16T05:44:48.221+0000] {processor.py:161} INFO - Started process (PID=2601) to work on /home/airflow/.local/lib/python3.8/site-packages/airflow/example_dags/example_task_group.py
[2026-07-16T05:44:48.222+0000] {processor.py:830} INFO - Processing file /home/airflow/.local/lib/python3.8/site-packages/airflow/example_dags/example_task_group.py for tasks to queue
[2026-07-16T05:44:48.223+0000] {logging_mixin.py:188} INFO - [2026-07-16T05:44:48.223+0000] {dagbag.py:538} INFO - Filling up the DagBag from /home/airflow/.local/lib/python3.8/site-packages/airflow/example_dags/example_task_group.py
[2026-07-16T05:44:48.231+0000] {processor.py:840} INFO - DAG(s) 'example_task_group' retrieved from /home/airflow/.local/lib/python3.8/site-packages/airflow/example_dags/example_task_group.py
[2026-07-16T05:44:48.252+0000] {logging_mixin.py:188} INFO - [2026-07-16T05:44:48.251+0000] {dag.py:3036} INFO - Sync 1 DAGs
[2026-07-16T05:44:48.272+0000] {logging_mixin.py:188} INFO - [2026-07-16T05:44:48.271+0000] {dag.py:3823} INFO - Setting next_dagrun for example_task_group to 2026-07-15 00:00:00+00:00, run_after=2026-07-16 00:00:00+00:00
[2026-07-16T05:44:48.289+0000] {processor.py:183} INFO - Processing /home/airflow/.local/lib/python3.8/site-packages/airflow/example_dags/example_task_group.py took 0.073 seconds
[2026-07-16T05:45:18.453+0000] {processor.py:161} INFO - Started process (PID=2657) to work on /home/airflow/.local/lib/python3.8/site-packages/airflow/example_dags/example_task_group.py
[2026-07-16T05:45:18.454+0000] {processor.py:830} INFO - Processing file /home/airflow/.local/lib/python3.8/site-packages/airflow/example_dags/example_task_group.py for tasks to queue
[2026-07-16T05:45:18.456+0000] {logging_mixin.py:188} INFO - [2026-07-16T05:45:18.456+0000] {dagbag.py:538} INFO - Filling up the DagBag from /home/airflow/.local/lib/python3.8/site-packages/airflow/example_dags/example_task_group.py
[2026-07-16T05:45:18.461+0000] {processor.py:840} INFO - DAG(s) 'example_task_group' retrieved from /home/airflow/.local/lib/python3.8/site-packages/airflow/example_dags/example_task_group.py
[2026-07-16T05:45:18.476+0000] {logging_mixin.py:188} INFO - [2026-07-16T05:45:18.476+0000] {dag.py:3036} INFO - Sync 1 DAGs
[2026-07-16T05:45:18.491+0000] {logging_mixin.py:188} INFO - [2026-07-16T05:45:18.491+0000] {dag.py:3823} INFO - Setting next_dagrun for example_task_group to 2026-07-15 00:00:00+00:00, run_after=2026-07-16 00:00:00+00:00
[2026-07-16T05:45:18.505+0000] {processor.py:183} INFO - Processing /home/airflow/.local/lib/python3.8/site-packages/airflow/example_dags/example_task_group.py took 0.054 seconds
[2026-07-16T05:45:48.755+0000] {processor.py:161} INFO - Started process (PID=2713) to work on /home/airflow/.local/lib/python3.8/site-packages/airflow/example_dags/example_task_group.py
[2026-07-16T05:45:48.756+0000] {processor.py:830} INFO - Processing file /home/airflow/.local/lib/python3.8/site-packages/airflow/example_dags/example_task_group.py for tasks to queue
[2026-07-16T05:45:48.757+0000] {logging_mixin.py:188} INFO - [2026-07-16T05:45:48.757+0000] {dagbag.py:538} INFO - Filling up the DagBag from /home/airflow/.local/lib/python3.8/site-packages/airflow/example_dags/example_task_group.py
[2026-07-16T05:45:48.763+0000] {processor.py:840} INFO - DAG(s) 'example_task_group' retrieved from /home/airflow/.local/lib/python3.8/site-packages/airflow/example_dags/example_task_group.py
[2026-07-16T05:45:48.779+0000] {logging_mixin.py:188} INFO - [2026-07-16T05:45:48.779+0000] {dag.py:3036} INFO - Sync 1 DAGs
[2026-07-16T05:45:48.795+0000] {logging_mixin.py:188} INFO - [2026-07-16T05:45:48.795+0000] {dag.py:3823} INFO - Setting next_dagrun for example_task_group to 2026-07-15 00:00:00+00:00, run_after=2026-07-16 00:00:00+00:00
[2026-07-16T05:45:48.974+0000] {processor.py:183} INFO - Processing /home/airflow/.local/lib/python3.8/site-packages/airflow/example_dags/example_task_group.py took 0.222 seconds
[2026-07-16T05:46:19.208+0000] {processor.py:161} INFO - Started process (PID=2769) to work on /home/airflow/.local/lib/python3.8/site-packages/airflow/example_dags/example_task_group.py
[2026-07-16T05:46:19.209+0000] {processor.py:830} INFO - Processing file /home/airflow/.local/lib/python3.8/site-packages/airflow/example_dags/example_task_group.py for tasks to queue
[2026-07-16T05:46:19.211+0000] {logging_mixin.py:188} INFO - [2026-07-16T05:46:19.211+0000] {dagbag.py:538} INFO - Filling up the DagBag from /home/airflow/.local/lib/python3.8/site-packages/airflow/example_dags/example_task_group.py
[2026-07-16T05:46:19.216+0000] {processor.py:840} INFO - DAG(s) 'example_task_group' retrieved from /home/airflow/.local/lib/python3.8/site-packages/airflow/example_dags/example_task_group.py
[2026-07-16T05:46:19.233+0000] {logging_mixin.py:188} INFO - [2026-07-16T05:46:19.233+0000] {dag.py:3036} INFO - Sync 1 DAGs
[2026-07-16T05:46:19.247+0000] {logging_mixin.py:188} INFO - [2026-07-16T05:46:19.247+0000] {dag.py:3823} INFO - Setting next_dagrun for example_task_group to 2026-07-15 00:00:00+00:00, run_after=2026-07-16 00:00:00+00:00
[2026-07-16T05:46:19.261+0000] {processor.py:183} INFO - Processing /home/airflow/.local/lib/python3.8/site-packages/airflow/example_dags/example_task_group.py took 0.055 seconds
[2026-07-16T05:46:49.466+0000] {processor.py:161} INFO - Started process (PID=2825) to work on /home/airflow/.local/lib/python3.8/site-packages/airflow/example_dags/example_task_group.py
[2026-07-16T05:46:49.467+0000] {processor.py:830} INFO - Processing file /home/airflow/.local/lib/python3.8/site-packages/airflow/example_dags/example_task_group.py for tasks to queue
[2026-07-16T05:46:49.469+0000] {logging_mixin.py:188} INFO - [2026-07-16T05:46:49.469+0000] {dagbag.py:538} INFO - Filling up the DagBag from /home/airflow/.local/lib/python3.8/site-packages/airflow/example_dags/example_task_group.py
[2026-07-16T05:46:49.475+0000] {processor.py:840} INFO - DAG(s) 'example_task_group' retrieved from /home/airflow/.local/lib/python3.8/site-packages/airflow/example_dags/example_task_group.py
[2026-07-16T05:46:49.490+0000] {logging_mixin.py:188} INFO - [2026-07-16T05:46:49.490+0000] {dag.py:3036} INFO - Sync 1 DAGs
[2026-07-16T05:46:49.508+0000] {logging_mixin.py:188} INFO - [2026-07-16T05:46:49.507+0000] {dag.py:3823} INFO - Setting next_dagrun for example_task_group to 2026-07-15 00:00:00+00:00, run_after=2026-07-16 00:00:00+00:00
[2026-07-16T05:46:49.523+0000] {processor.py:183} INFO - Processing /home/airflow/.local/lib/python3.8/site-packages/airflow/example_dags/example_task_group.py took 0.059 seconds
[2026-07-16T05:47:20.251+0000] {processor.py:161} INFO - Started process (PID=2881) to work on /home/airflow/.local/lib/python3.8/site-packages/airflow/example_dags/example_task_group.py
[2026-07-16T05:47:20.252+0000] {processor.py:830} INFO - Processing file /home/airflow/.local/lib/python3.8/site-packages/airflow/example_dags/example_task_group.py for tasks to queue
[2026-07-16T05:47:20.254+0000] {logging_mixin.py:188} INFO - [2026-07-16T05:47:20.254+0000] {dagbag.py:538} INFO - Filling up the DagBag from /home/airflow/.local/lib/python3.8/site-packages/airflow/example_dags/example_task_group.py
[2026-07-16T05:47:20.259+0000] {processor.py:840} INFO - DAG(s) 'example_task_group' retrieved from /home/airflow/.local/lib/python3.8/site-packages/airflow/example_dags/example_task_group.py
[2026-07-16T05:47:20.274+0000] {logging_mixin.py:188} INFO - [2026-07-16T05:47:20.273+0000] {dag.py:3036} INFO - Sync 1 DAGs
[2026-07-16T05:47:20.294+0000] {logging_mixin.py:188} INFO - [2026-07-16T05:47:20.294+0000] {dag.py:3823} INFO - Setting next_dagrun for example_task_group to 2026-07-15 00:00:00+00:00, run_after=2026-07-16 00:00:00+00:00
[2026-07-16T05:47:20.309+0000] {processor.py:183} INFO - Processing /home/airflow/.local/lib/python3.8/site-packages/airflow/example_dags/example_task_group.py took 0.060 seconds
[2026-07-16T05:47:50.349+0000] {processor.py:161} INFO - Started process (PID=2937) to work on /home/airflow/.local/lib/python3.8/site-packages/airflow/example_dags/example_task_group.py
[2026-07-16T05:47:50.350+0000] {processor.py:830} INFO - Processing file /home/airflow/.local/lib/python3.8/site-packages/airflow/example_dags/example_task_group.py for tasks to queue
[2026-07-16T05:47:50.352+0000] {logging_mixin.py:188} INFO - [2026-07-16T05:47:50.352+0000] {dagbag.py:538} INFO - Filling up the DagBag from /home/airflow/.local/lib/python3.8/site-packages/airflow/example_dags/example_task_group.py
[2026-07-16T05:47:50.361+0000] {processor.py:840} INFO - DAG(s) 'example_task_group' retrieved from /home/airflow/.local/lib/python3.8/site-packages/airflow/example_dags/example_task_group.py
[2026-07-16T05:47:50.384+0000] {logging_mixin.py:188} INFO - [2026-07-16T05:47:50.384+0000] {dag.py:3036} INFO - Sync 1 DAGs
[2026-07-16T05:47:50.406+0000] {logging_mixin.py:188} INFO - [2026-07-16T05:47:50.405+0000] {dag.py:3823} INFO - Setting next_dagrun for example_task_group to 2026-07-15 00:00:00+00:00, run_after=2026-07-16 00:00:00+00:00
[2026-07-16T05:47:50.429+0000] {processor.py:183} INFO - Processing /home/airflow/.local/lib/python3.8/site-packages/airflow/example_dags/example_task_group.py took 0.084 seconds
[2026-07-16T05:48:21.645+0000] {processor.py:161} INFO - Started process (PID=2993) to work on /home/airflow/.local/lib/python3.8/site-packages/airflow/example_dags/example_task_group.py
[2026-07-16T05:48:21.647+0000] {processor.py:830} INFO - Processing file /home/airflow/.local/lib/python3.8/site-packages/airflow/example_dags/example_task_group.py for tasks to queue
[2026-07-16T05:48:21.649+0000] {logging_mixin.py:188} INFO - [2026-07-16T05:48:21.649+0000] {dagbag.py:538} INFO - Filling up the DagBag from /home/airflow/.local/lib/python3.8/site-packages/airflow/example_dags/example_task_group.py
[2026-07-16T05:48:21.660+0000] {processor.py:840} INFO - DAG(s) 'example_task_group' retrieved from /home/airflow/.local/lib/python3.8/site-packages/airflow/example_dags/example_task_group.py
[2026-07-16T05:48:21.841+0000] {logging_mixin.py:188} INFO - [2026-07-16T05:48:21.841+0000] {dag.py:3036} INFO - Sync 1 DAGs
[2026-07-16T05:48:21.864+0000] {logging_mixin.py:188} INFO - [2026-07-16T05:48:21.863+0000] {dag.py:3823} INFO - Setting next_dagrun for example_task_group to 2026-07-15 00:00:00+00:00, run_after=2026-07-16 00:00:00+00:00
[2026-07-16T05:48:21.885+0000] {processor.py:183} INFO - Processing /home/airflow/.local/lib/python3.8/site-packages/airflow/example_dags/example_task_group.py took 0.244 seconds
