[2026-07-16T05:21:55.120+0000] {processor.py:161} INFO - Started process (PID=65) to work on /home/airflow/.local/lib/python3.8/site-packages/airflow/example_dags/example_branch_python_dop_operator_3.py
[2026-07-16T05:21:55.122+0000] {processor.py:830} INFO - Processing file /home/airflow/.local/lib/python3.8/site-packages/airflow/example_dags/example_branch_python_dop_operator_3.py for tasks to queue
[2026-07-16T05:21:55.124+0000] {logging_mixin.py:188} INFO - [2026-07-16T05:21:55.124+0000] {dagbag.py:538} INFO - Filling up the DagBag from /home/airflow/.local/lib/python3.8/site-packages/airflow/example_dags/example_branch_python_dop_operator_3.py
[2026-07-16T05:21:55.142+0000] {processor.py:840} INFO - DAG(s) 'example_branch_dop_operator_v3' retrieved from /home/airflow/.local/lib/python3.8/site-packages/airflow/example_dags/example_branch_python_dop_operator_3.py
[2026-07-16T05:21:55.316+0000] {logging_mixin.py:188} INFO - [2026-07-16T05:21:55.315+0000] {dag.py:3036} INFO - Sync 1 DAGs
[2026-07-16T05:21:55.358+0000] {logging_mixin.py:188} INFO - [2026-07-16T05:21:55.358+0000] {dag.py:3823} INFO - Setting next_dagrun for example_branch_dop_operator_v3 to 2026-07-16 05:20:00+00:00, run_after=2026-07-16 05:21:00+00:00
[2026-07-16T05:21:55.389+0000] {processor.py:183} INFO - Processing /home/airflow/.local/lib/python3.8/site-packages/airflow/example_dags/example_branch_python_dop_operator_3.py took 0.273 seconds
[2026-07-16T05:22:25.839+0000] {processor.py:161} INFO - Started process (PID=126) to work on /home/airflow/.local/lib/python3.8/site-packages/airflow/example_dags/example_branch_python_dop_operator_3.py
[2026-07-16T05:22:25.842+0000] {processor.py:830} INFO - Processing file /home/airflow/.local/lib/python3.8/site-packages/airflow/example_dags/example_branch_python_dop_operator_3.py for tasks to queue
[2026-07-16T05:22:25.847+0000] {logging_mixin.py:188} INFO - [2026-07-16T05:22:25.846+0000] {dagbag.py:538} INFO - Filling up the DagBag from /home/airflow/.local/lib/python3.8/site-packages/airflow/example_dags/example_branch_python_dop_operator_3.py
[2026-07-16T05:22:25.897+0000] {processor.py:840} INFO - DAG(s) 'example_branch_dop_operator_v3' retrieved from /home/airflow/.local/lib/python3.8/site-packages/airflow/example_dags/example_branch_python_dop_operator_3.py
[2026-07-16T05:22:26.030+0000] {logging_mixin.py:188} INFO - [2026-07-16T05:22:26.030+0000] {dag.py:3036} INFO - Sync 1 DAGs
[2026-07-16T05:22:26.111+0000] {logging_mixin.py:188} INFO - [2026-07-16T05:22:26.111+0000] {dag.py:3823} INFO - Setting next_dagrun for example_branch_dop_operator_v3 to 2026-07-16 05:21:00+00:00, run_after=2026-07-16 05:22:00+00:00
[2026-07-16T05:22:26.215+0000] {processor.py:183} INFO - Processing /home/airflow/.local/lib/python3.8/site-packages/airflow/example_dags/example_branch_python_dop_operator_3.py took 0.387 seconds
[2026-07-16T05:22:56.503+0000] {processor.py:161} INFO - Started process (PID=184) to work on /home/airflow/.local/lib/python3.8/site-packages/airflow/example_dags/example_branch_python_dop_operator_3.py
[2026-07-16T05:22:56.507+0000] {processor.py:830} INFO - Processing file /home/airflow/.local/lib/python3.8/site-packages/airflow/example_dags/example_branch_python_dop_operator_3.py for tasks to queue
[2026-07-16T05:22:56.513+0000] {logging_mixin.py:188} INFO - [2026-07-16T05:22:56.512+0000] {dagbag.py:538} INFO - Filling up the DagBag from /home/airflow/.local/lib/python3.8/site-packages/airflow/example_dags/example_branch_python_dop_operator_3.py
[2026-07-16T05:22:56.539+0000] {processor.py:840} INFO - DAG(s) 'example_branch_dop_operator_v3' retrieved from /home/airflow/.local/lib/python3.8/site-packages/airflow/example_dags/example_branch_python_dop_operator_3.py
[2026-07-16T05:22:56.602+0000] {logging_mixin.py:188} INFO - [2026-07-16T05:22:56.601+0000] {dag.py:3036} INFO - Sync 1 DAGs
[2026-07-16T05:22:56.669+0000] {logging_mixin.py:188} INFO - [2026-07-16T05:22:56.669+0000] {dag.py:3823} INFO - Setting next_dagrun for example_branch_dop_operator_v3 to 2026-07-16 05:21:00+00:00, run_after=2026-07-16 05:22:00+00:00
[2026-07-16T05:22:56.733+0000] {processor.py:183} INFO - Processing /home/airflow/.local/lib/python3.8/site-packages/airflow/example_dags/example_branch_python_dop_operator_3.py took 0.240 seconds
[2026-07-16T05:23:27.241+0000] {processor.py:161} INFO - Started process (PID=239) to work on /home/airflow/.local/lib/python3.8/site-packages/airflow/example_dags/example_branch_python_dop_operator_3.py
[2026-07-16T05:23:27.243+0000] {processor.py:830} INFO - Processing file /home/airflow/.local/lib/python3.8/site-packages/airflow/example_dags/example_branch_python_dop_operator_3.py for tasks to queue
[2026-07-16T05:23:27.246+0000] {logging_mixin.py:188} INFO - [2026-07-16T05:23:27.246+0000] {dagbag.py:538} INFO - Filling up the DagBag from /home/airflow/.local/lib/python3.8/site-packages/airflow/example_dags/example_branch_python_dop_operator_3.py
[2026-07-16T05:23:27.260+0000] {processor.py:840} INFO - DAG(s) 'example_branch_dop_operator_v3' retrieved from /home/airflow/.local/lib/python3.8/site-packages/airflow/example_dags/example_branch_python_dop_operator_3.py
[2026-07-16T05:23:27.291+0000] {logging_mixin.py:188} INFO - [2026-07-16T05:23:27.291+0000] {dag.py:3036} INFO - Sync 1 DAGs
[2026-07-16T05:23:27.333+0000] {logging_mixin.py:188} INFO - [2026-07-16T05:23:27.333+0000] {dag.py:3823} INFO - Setting next_dagrun for example_branch_dop_operator_v3 to 2026-07-16 05:22:00+00:00, run_after=2026-07-16 05:23:00+00:00
[2026-07-16T05:23:27.359+0000] {processor.py:183} INFO - Processing /home/airflow/.local/lib/python3.8/site-packages/airflow/example_dags/example_branch_python_dop_operator_3.py took 0.124 seconds
[2026-07-16T05:23:57.813+0000] {processor.py:161} INFO - Started process (PID=299) to work on /home/airflow/.local/lib/python3.8/site-packages/airflow/example_dags/example_branch_python_dop_operator_3.py
[2026-07-16T05:23:57.815+0000] {processor.py:830} INFO - Processing file /home/airflow/.local/lib/python3.8/site-packages/airflow/example_dags/example_branch_python_dop_operator_3.py for tasks to queue
[2026-07-16T05:23:57.820+0000] {logging_mixin.py:188} INFO - [2026-07-16T05:23:57.819+0000] {dagbag.py:538} INFO - Filling up the DagBag from /home/airflow/.local/lib/python3.8/site-packages/airflow/example_dags/example_branch_python_dop_operator_3.py
[2026-07-16T05:23:57.841+0000] {processor.py:840} INFO - DAG(s) 'example_branch_dop_operator_v3' retrieved from /home/airflow/.local/lib/python3.8/site-packages/airflow/example_dags/example_branch_python_dop_operator_3.py
[2026-07-16T05:23:57.895+0000] {logging_mixin.py:188} INFO - [2026-07-16T05:23:57.895+0000] {dag.py:3036} INFO - Sync 1 DAGs
[2026-07-16T05:23:57.949+0000] {logging_mixin.py:188} INFO - [2026-07-16T05:23:57.949+0000] {dag.py:3823} INFO - Setting next_dagrun for example_branch_dop_operator_v3 to 2026-07-16 05:22:00+00:00, run_after=2026-07-16 05:23:00+00:00
[2026-07-16T05:23:57.992+0000] {processor.py:183} INFO - Processing /home/airflow/.local/lib/python3.8/site-packages/airflow/example_dags/example_branch_python_dop_operator_3.py took 0.189 seconds
[2026-07-16T05:24:28.882+0000] {processor.py:161} INFO - Started process (PID=356) to work on /home/airflow/.local/lib/python3.8/site-packages/airflow/example_dags/example_branch_python_dop_operator_3.py
[2026-07-16T05:24:28.885+0000] {processor.py:830} INFO - Processing file /home/airflow/.local/lib/python3.8/site-packages/airflow/example_dags/example_branch_python_dop_operator_3.py for tasks to queue
[2026-07-16T05:24:28.889+0000] {logging_mixin.py:188} INFO - [2026-07-16T05:24:28.888+0000] {dagbag.py:538} INFO - Filling up the DagBag from /home/airflow/.local/lib/python3.8/site-packages/airflow/example_dags/example_branch_python_dop_operator_3.py
[2026-07-16T05:24:28.908+0000] {processor.py:840} INFO - DAG(s) 'example_branch_dop_operator_v3' retrieved from /home/airflow/.local/lib/python3.8/site-packages/airflow/example_dags/example_branch_python_dop_operator_3.py
[2026-07-16T05:24:28.961+0000] {logging_mixin.py:188} INFO - [2026-07-16T05:24:28.960+0000] {dag.py:3036} INFO - Sync 1 DAGs
[2026-07-16T05:24:29.014+0000] {logging_mixin.py:188} INFO - [2026-07-16T05:24:29.014+0000] {dag.py:3823} INFO - Setting next_dagrun for example_branch_dop_operator_v3 to 2026-07-16 05:23:00+00:00, run_after=2026-07-16 05:24:00+00:00
[2026-07-16T05:24:29.055+0000] {processor.py:183} INFO - Processing /home/airflow/.local/lib/python3.8/site-packages/airflow/example_dags/example_branch_python_dop_operator_3.py took 0.182 seconds
[2026-07-16T05:24:59.341+0000] {processor.py:161} INFO - Started process (PID=412) to work on /home/airflow/.local/lib/python3.8/site-packages/airflow/example_dags/example_branch_python_dop_operator_3.py
[2026-07-16T05:24:59.343+0000] {processor.py:830} INFO - Processing file /home/airflow/.local/lib/python3.8/site-packages/airflow/example_dags/example_branch_python_dop_operator_3.py for tasks to queue
[2026-07-16T05:24:59.346+0000] {logging_mixin.py:188} INFO - [2026-07-16T05:24:59.345+0000] {dagbag.py:538} INFO - Filling up the DagBag from /home/airflow/.local/lib/python3.8/site-packages/airflow/example_dags/example_branch_python_dop_operator_3.py
[2026-07-16T05:24:59.357+0000] {processor.py:840} INFO - DAG(s) 'example_branch_dop_operator_v3' retrieved from /home/airflow/.local/lib/python3.8/site-packages/airflow/example_dags/example_branch_python_dop_operator_3.py
[2026-07-16T05:24:59.391+0000] {logging_mixin.py:188} INFO - [2026-07-16T05:24:59.390+0000] {dag.py:3036} INFO - Sync 1 DAGs
[2026-07-16T05:24:59.424+0000] {logging_mixin.py:188} INFO - [2026-07-16T05:24:59.423+0000] {dag.py:3823} INFO - Setting next_dagrun for example_branch_dop_operator_v3 to 2026-07-16 05:23:00+00:00, run_after=2026-07-16 05:24:00+00:00
[2026-07-16T05:24:59.454+0000] {processor.py:183} INFO - Processing /home/airflow/.local/lib/python3.8/site-packages/airflow/example_dags/example_branch_python_dop_operator_3.py took 0.119 seconds
[2026-07-16T05:25:30.110+0000] {processor.py:161} INFO - Started process (PID=468) to work on /home/airflow/.local/lib/python3.8/site-packages/airflow/example_dags/example_branch_python_dop_operator_3.py
[2026-07-16T05:25:30.112+0000] {processor.py:830} INFO - Processing file /home/airflow/.local/lib/python3.8/site-packages/airflow/example_dags/example_branch_python_dop_operator_3.py for tasks to queue
[2026-07-16T05:25:30.115+0000] {logging_mixin.py:188} INFO - [2026-07-16T05:25:30.115+0000] {dagbag.py:538} INFO - Filling up the DagBag from /home/airflow/.local/lib/python3.8/site-packages/airflow/example_dags/example_branch_python_dop_operator_3.py
[2026-07-16T05:25:30.130+0000] {processor.py:840} INFO - DAG(s) 'example_branch_dop_operator_v3' retrieved from /home/airflow/.local/lib/python3.8/site-packages/airflow/example_dags/example_branch_python_dop_operator_3.py
[2026-07-16T05:25:30.163+0000] {logging_mixin.py:188} INFO - [2026-07-16T05:25:30.163+0000] {dag.py:3036} INFO - Sync 1 DAGs
[2026-07-16T05:25:30.195+0000] {logging_mixin.py:188} INFO - [2026-07-16T05:25:30.195+0000] {dag.py:3823} INFO - Setting next_dagrun for example_branch_dop_operator_v3 to 2026-07-16 05:24:00+00:00, run_after=2026-07-16 05:25:00+00:00
[2026-07-16T05:25:30.224+0000] {processor.py:183} INFO - Processing /home/airflow/.local/lib/python3.8/site-packages/airflow/example_dags/example_branch_python_dop_operator_3.py took 0.120 seconds
[2026-07-16T05:26:00.308+0000] {processor.py:161} INFO - Started process (PID=524) to work on /home/airflow/.local/lib/python3.8/site-packages/airflow/example_dags/example_branch_python_dop_operator_3.py
[2026-07-16T05:26:00.311+0000] {processor.py:830} INFO - Processing file /home/airflow/.local/lib/python3.8/site-packages/airflow/example_dags/example_branch_python_dop_operator_3.py for tasks to queue
[2026-07-16T05:26:00.314+0000] {logging_mixin.py:188} INFO - [2026-07-16T05:26:00.313+0000] {dagbag.py:538} INFO - Filling up the DagBag from /home/airflow/.local/lib/python3.8/site-packages/airflow/example_dags/example_branch_python_dop_operator_3.py
[2026-07-16T05:26:00.329+0000] {processor.py:840} INFO - DAG(s) 'example_branch_dop_operator_v3' retrieved from /home/airflow/.local/lib/python3.8/site-packages/airflow/example_dags/example_branch_python_dop_operator_3.py
[2026-07-16T05:26:00.362+0000] {logging_mixin.py:188} INFO - [2026-07-16T05:26:00.362+0000] {dag.py:3036} INFO - Sync 1 DAGs
[2026-07-16T05:26:00.404+0000] {logging_mixin.py:188} INFO - [2026-07-16T05:26:00.404+0000] {dag.py:3823} INFO - Setting next_dagrun for example_branch_dop_operator_v3 to 2026-07-16 05:25:00+00:00, run_after=2026-07-16 05:26:00+00:00
[2026-07-16T05:26:00.441+0000] {processor.py:183} INFO - Processing /home/airflow/.local/lib/python3.8/site-packages/airflow/example_dags/example_branch_python_dop_operator_3.py took 0.142 seconds
[2026-07-16T05:26:30.650+0000] {processor.py:161} INFO - Started process (PID=580) to work on /home/airflow/.local/lib/python3.8/site-packages/airflow/example_dags/example_branch_python_dop_operator_3.py
[2026-07-16T05:26:30.651+0000] {processor.py:830} INFO - Processing file /home/airflow/.local/lib/python3.8/site-packages/airflow/example_dags/example_branch_python_dop_operator_3.py for tasks to queue
[2026-07-16T05:26:30.655+0000] {logging_mixin.py:188} INFO - [2026-07-16T05:26:30.654+0000] {dagbag.py:538} INFO - Filling up the DagBag from /home/airflow/.local/lib/python3.8/site-packages/airflow/example_dags/example_branch_python_dop_operator_3.py
[2026-07-16T05:26:30.667+0000] {processor.py:840} INFO - DAG(s) 'example_branch_dop_operator_v3' retrieved from /home/airflow/.local/lib/python3.8/site-packages/airflow/example_dags/example_branch_python_dop_operator_3.py
[2026-07-16T05:26:30.701+0000] {logging_mixin.py:188} INFO - [2026-07-16T05:26:30.700+0000] {dag.py:3036} INFO - Sync 1 DAGs
[2026-07-16T05:26:30.750+0000] {logging_mixin.py:188} INFO - [2026-07-16T05:26:30.750+0000] {dag.py:3823} INFO - Setting next_dagrun for example_branch_dop_operator_v3 to 2026-07-16 05:25:00+00:00, run_after=2026-07-16 05:26:00+00:00
[2026-07-16T05:26:30.775+0000] {processor.py:183} INFO - Processing /home/airflow/.local/lib/python3.8/site-packages/airflow/example_dags/example_branch_python_dop_operator_3.py took 0.131 seconds
[2026-07-16T05:27:01.001+0000] {processor.py:161} INFO - Started process (PID=636) to work on /home/airflow/.local/lib/python3.8/site-packages/airflow/example_dags/example_branch_python_dop_operator_3.py
[2026-07-16T05:27:01.004+0000] {processor.py:830} INFO - Processing file /home/airflow/.local/lib/python3.8/site-packages/airflow/example_dags/example_branch_python_dop_operator_3.py for tasks to queue
[2026-07-16T05:27:01.008+0000] {logging_mixin.py:188} INFO - [2026-07-16T05:27:01.007+0000] {dagbag.py:538} INFO - Filling up the DagBag from /home/airflow/.local/lib/python3.8/site-packages/airflow/example_dags/example_branch_python_dop_operator_3.py
[2026-07-16T05:27:01.027+0000] {processor.py:840} INFO - DAG(s) 'example_branch_dop_operator_v3' retrieved from /home/airflow/.local/lib/python3.8/site-packages/airflow/example_dags/example_branch_python_dop_operator_3.py
[2026-07-16T05:27:01.060+0000] {logging_mixin.py:188} INFO - [2026-07-16T05:27:01.058+0000] {dag.py:3036} INFO - Sync 1 DAGs
[2026-07-16T05:27:01.093+0000] {logging_mixin.py:188} INFO - [2026-07-16T05:27:01.093+0000] {dag.py:3823} INFO - Setting next_dagrun for example_branch_dop_operator_v3 to 2026-07-16 05:26:00+00:00, run_after=2026-07-16 05:27:00+00:00
[2026-07-16T05:27:01.121+0000] {processor.py:183} INFO - Processing /home/airflow/.local/lib/python3.8/site-packages/airflow/example_dags/example_branch_python_dop_operator_3.py took 0.127 seconds
[2026-07-16T05:27:31.178+0000] {processor.py:161} INFO - Started process (PID=692) to work on /home/airflow/.local/lib/python3.8/site-packages/airflow/example_dags/example_branch_python_dop_operator_3.py
[2026-07-16T05:27:31.180+0000] {processor.py:830} INFO - Processing file /home/airflow/.local/lib/python3.8/site-packages/airflow/example_dags/example_branch_python_dop_operator_3.py for tasks to queue
[2026-07-16T05:27:31.183+0000] {logging_mixin.py:188} INFO - [2026-07-16T05:27:31.182+0000] {dagbag.py:538} INFO - Filling up the DagBag from /home/airflow/.local/lib/python3.8/site-packages/airflow/example_dags/example_branch_python_dop_operator_3.py
[2026-07-16T05:27:31.194+0000] {processor.py:840} INFO - DAG(s) 'example_branch_dop_operator_v3' retrieved from /home/airflow/.local/lib/python3.8/site-packages/airflow/example_dags/example_branch_python_dop_operator_3.py
[2026-07-16T05:27:31.227+0000] {logging_mixin.py:188} INFO - [2026-07-16T05:27:31.226+0000] {dag.py:3036} INFO - Sync 1 DAGs
[2026-07-16T05:27:31.263+0000] {logging_mixin.py:188} INFO - [2026-07-16T05:27:31.262+0000] {dag.py:3823} INFO - Setting next_dagrun for example_branch_dop_operator_v3 to 2026-07-16 05:26:00+00:00, run_after=2026-07-16 05:27:00+00:00
[2026-07-16T05:27:31.300+0000] {processor.py:183} INFO - Processing /home/airflow/.local/lib/python3.8/site-packages/airflow/example_dags/example_branch_python_dop_operator_3.py took 0.128 seconds
[2026-07-16T05:28:01.638+0000] {processor.py:161} INFO - Started process (PID=748) to work on /home/airflow/.local/lib/python3.8/site-packages/airflow/example_dags/example_branch_python_dop_operator_3.py
[2026-07-16T05:28:01.640+0000] {processor.py:830} INFO - Processing file /home/airflow/.local/lib/python3.8/site-packages/airflow/example_dags/example_branch_python_dop_operator_3.py for tasks to queue
[2026-07-16T05:28:01.642+0000] {logging_mixin.py:188} INFO - [2026-07-16T05:28:01.642+0000] {dagbag.py:538} INFO - Filling up the DagBag from /home/airflow/.local/lib/python3.8/site-packages/airflow/example_dags/example_branch_python_dop_operator_3.py
[2026-07-16T05:28:01.656+0000] {processor.py:840} INFO - DAG(s) 'example_branch_dop_operator_v3' retrieved from /home/airflow/.local/lib/python3.8/site-packages/airflow/example_dags/example_branch_python_dop_operator_3.py
[2026-07-16T05:28:01.684+0000] {logging_mixin.py:188} INFO - [2026-07-16T05:28:01.684+0000] {dag.py:3036} INFO - Sync 1 DAGs
[2026-07-16T05:28:01.712+0000] {logging_mixin.py:188} INFO - [2026-07-16T05:28:01.712+0000] {dag.py:3823} INFO - Setting next_dagrun for example_branch_dop_operator_v3 to 2026-07-16 05:27:00+00:00, run_after=2026-07-16 05:28:00+00:00
[2026-07-16T05:28:01.734+0000] {processor.py:183} INFO - Processing /home/airflow/.local/lib/python3.8/site-packages/airflow/example_dags/example_branch_python_dop_operator_3.py took 0.101 seconds
[2026-07-16T05:28:32.108+0000] {processor.py:161} INFO - Started process (PID=804) to work on /home/airflow/.local/lib/python3.8/site-packages/airflow/example_dags/example_branch_python_dop_operator_3.py
[2026-07-16T05:28:32.113+0000] {processor.py:830} INFO - Processing file /home/airflow/.local/lib/python3.8/site-packages/airflow/example_dags/example_branch_python_dop_operator_3.py for tasks to queue
[2026-07-16T05:28:32.125+0000] {logging_mixin.py:188} INFO - [2026-07-16T05:28:32.124+0000] {dagbag.py:538} INFO - Filling up the DagBag from /home/airflow/.local/lib/python3.8/site-packages/airflow/example_dags/example_branch_python_dop_operator_3.py
[2026-07-16T05:28:32.177+0000] {processor.py:840} INFO - DAG(s) 'example_branch_dop_operator_v3' retrieved from /home/airflow/.local/lib/python3.8/site-packages/airflow/example_dags/example_branch_python_dop_operator_3.py
[2026-07-16T05:28:32.274+0000] {logging_mixin.py:188} INFO - [2026-07-16T05:28:32.273+0000] {dag.py:3036} INFO - Sync 1 DAGs
[2026-07-16T05:28:32.393+0000] {logging_mixin.py:188} INFO - [2026-07-16T05:28:32.393+0000] {dag.py:3823} INFO - Setting next_dagrun for example_branch_dop_operator_v3 to 2026-07-16 05:27:00+00:00, run_after=2026-07-16 05:28:00+00:00
[2026-07-16T05:28:32.481+0000] {processor.py:183} INFO - Processing /home/airflow/.local/lib/python3.8/site-packages/airflow/example_dags/example_branch_python_dop_operator_3.py took 0.388 seconds
[2026-07-16T05:29:02.547+0000] {processor.py:161} INFO - Started process (PID=860) to work on /home/airflow/.local/lib/python3.8/site-packages/airflow/example_dags/example_branch_python_dop_operator_3.py
[2026-07-16T05:29:02.550+0000] {processor.py:830} INFO - Processing file /home/airflow/.local/lib/python3.8/site-packages/airflow/example_dags/example_branch_python_dop_operator_3.py for tasks to queue
[2026-07-16T05:29:02.554+0000] {logging_mixin.py:188} INFO - [2026-07-16T05:29:02.553+0000] {dagbag.py:538} INFO - Filling up the DagBag from /home/airflow/.local/lib/python3.8/site-packages/airflow/example_dags/example_branch_python_dop_operator_3.py
[2026-07-16T05:29:02.576+0000] {processor.py:840} INFO - DAG(s) 'example_branch_dop_operator_v3' retrieved from /home/airflow/.local/lib/python3.8/site-packages/airflow/example_dags/example_branch_python_dop_operator_3.py
[2026-07-16T05:29:02.640+0000] {logging_mixin.py:188} INFO - [2026-07-16T05:29:02.639+0000] {dag.py:3036} INFO - Sync 1 DAGs
[2026-07-16T05:29:02.725+0000] {logging_mixin.py:188} INFO - [2026-07-16T05:29:02.724+0000] {dag.py:3823} INFO - Setting next_dagrun for example_branch_dop_operator_v3 to 2026-07-16 05:28:00+00:00, run_after=2026-07-16 05:29:00+00:00
[2026-07-16T05:29:02.769+0000] {processor.py:183} INFO - Processing /home/airflow/.local/lib/python3.8/site-packages/airflow/example_dags/example_branch_python_dop_operator_3.py took 0.227 seconds
[2026-07-16T05:29:32.922+0000] {processor.py:161} INFO - Started process (PID=916) to work on /home/airflow/.local/lib/python3.8/site-packages/airflow/example_dags/example_branch_python_dop_operator_3.py
[2026-07-16T05:29:32.925+0000] {processor.py:830} INFO - Processing file /home/airflow/.local/lib/python3.8/site-packages/airflow/example_dags/example_branch_python_dop_operator_3.py for tasks to queue
[2026-07-16T05:29:32.928+0000] {logging_mixin.py:188} INFO - [2026-07-16T05:29:32.927+0000] {dagbag.py:538} INFO - Filling up the DagBag from /home/airflow/.local/lib/python3.8/site-packages/airflow/example_dags/example_branch_python_dop_operator_3.py
[2026-07-16T05:29:32.949+0000] {processor.py:840} INFO - DAG(s) 'example_branch_dop_operator_v3' retrieved from /home/airflow/.local/lib/python3.8/site-packages/airflow/example_dags/example_branch_python_dop_operator_3.py
[2026-07-16T05:29:32.998+0000] {logging_mixin.py:188} INFO - [2026-07-16T05:29:32.997+0000] {dag.py:3036} INFO - Sync 1 DAGs
[2026-07-16T05:29:33.067+0000] {logging_mixin.py:188} INFO - [2026-07-16T05:29:33.066+0000] {dag.py:3823} INFO - Setting next_dagrun for example_branch_dop_operator_v3 to 2026-07-16 05:28:00+00:00, run_after=2026-07-16 05:29:00+00:00
[2026-07-16T05:29:33.122+0000] {processor.py:183} INFO - Processing /home/airflow/.local/lib/python3.8/site-packages/airflow/example_dags/example_branch_python_dop_operator_3.py took 0.208 seconds
[2026-07-16T05:30:03.313+0000] {processor.py:161} INFO - Started process (PID=972) to work on /home/airflow/.local/lib/python3.8/site-packages/airflow/example_dags/example_branch_python_dop_operator_3.py
[2026-07-16T05:30:03.316+0000] {processor.py:830} INFO - Processing file /home/airflow/.local/lib/python3.8/site-packages/airflow/example_dags/example_branch_python_dop_operator_3.py for tasks to queue
[2026-07-16T05:30:03.320+0000] {logging_mixin.py:188} INFO - [2026-07-16T05:30:03.319+0000] {dagbag.py:538} INFO - Filling up the DagBag from /home/airflow/.local/lib/python3.8/site-packages/airflow/example_dags/example_branch_python_dop_operator_3.py
[2026-07-16T05:30:03.343+0000] {processor.py:840} INFO - DAG(s) 'example_branch_dop_operator_v3' retrieved from /home/airflow/.local/lib/python3.8/site-packages/airflow/example_dags/example_branch_python_dop_operator_3.py
[2026-07-16T05:30:03.407+0000] {logging_mixin.py:188} INFO - [2026-07-16T05:30:03.407+0000] {dag.py:3036} INFO - Sync 1 DAGs
[2026-07-16T05:30:03.477+0000] {logging_mixin.py:188} INFO - [2026-07-16T05:30:03.477+0000] {dag.py:3823} INFO - Setting next_dagrun for example_branch_dop_operator_v3 to 2026-07-16 05:29:00+00:00, run_after=2026-07-16 05:30:00+00:00
[2026-07-16T05:30:03.519+0000] {processor.py:183} INFO - Processing /home/airflow/.local/lib/python3.8/site-packages/airflow/example_dags/example_branch_python_dop_operator_3.py took 0.214 seconds
[2026-07-16T05:30:33.888+0000] {processor.py:161} INFO - Started process (PID=1028) to work on /home/airflow/.local/lib/python3.8/site-packages/airflow/example_dags/example_branch_python_dop_operator_3.py
[2026-07-16T05:30:33.891+0000] {processor.py:830} INFO - Processing file /home/airflow/.local/lib/python3.8/site-packages/airflow/example_dags/example_branch_python_dop_operator_3.py for tasks to queue
[2026-07-16T05:30:33.895+0000] {logging_mixin.py:188} INFO - [2026-07-16T05:30:33.895+0000] {dagbag.py:538} INFO - Filling up the DagBag from /home/airflow/.local/lib/python3.8/site-packages/airflow/example_dags/example_branch_python_dop_operator_3.py
[2026-07-16T05:30:33.910+0000] {processor.py:840} INFO - DAG(s) 'example_branch_dop_operator_v3' retrieved from /home/airflow/.local/lib/python3.8/site-packages/airflow/example_dags/example_branch_python_dop_operator_3.py
[2026-07-16T05:30:33.949+0000] {logging_mixin.py:188} INFO - [2026-07-16T05:30:33.949+0000] {dag.py:3036} INFO - Sync 1 DAGs
[2026-07-16T05:30:33.980+0000] {logging_mixin.py:188} INFO - [2026-07-16T05:30:33.980+0000] {dag.py:3823} INFO - Setting next_dagrun for example_branch_dop_operator_v3 to 2026-07-16 05:29:00+00:00, run_after=2026-07-16 05:30:00+00:00
[2026-07-16T05:30:34.003+0000] {processor.py:183} INFO - Processing /home/airflow/.local/lib/python3.8/site-packages/airflow/example_dags/example_branch_python_dop_operator_3.py took 0.123 seconds
[2026-07-16T05:31:04.359+0000] {processor.py:161} INFO - Started process (PID=1084) to work on /home/airflow/.local/lib/python3.8/site-packages/airflow/example_dags/example_branch_python_dop_operator_3.py
[2026-07-16T05:31:04.360+0000] {processor.py:830} INFO - Processing file /home/airflow/.local/lib/python3.8/site-packages/airflow/example_dags/example_branch_python_dop_operator_3.py for tasks to queue
[2026-07-16T05:31:04.365+0000] {logging_mixin.py:188} INFO - [2026-07-16T05:31:04.364+0000] {dagbag.py:538} INFO - Filling up the DagBag from /home/airflow/.local/lib/python3.8/site-packages/airflow/example_dags/example_branch_python_dop_operator_3.py
[2026-07-16T05:31:04.381+0000] {processor.py:840} INFO - DAG(s) 'example_branch_dop_operator_v3' retrieved from /home/airflow/.local/lib/python3.8/site-packages/airflow/example_dags/example_branch_python_dop_operator_3.py
[2026-07-16T05:31:04.411+0000] {logging_mixin.py:188} INFO - [2026-07-16T05:31:04.410+0000] {dag.py:3036} INFO - Sync 1 DAGs
[2026-07-16T05:31:04.459+0000] {logging_mixin.py:188} INFO - [2026-07-16T05:31:04.459+0000] {dag.py:3823} INFO - Setting next_dagrun for example_branch_dop_operator_v3 to 2026-07-16 05:30:00+00:00, run_after=2026-07-16 05:31:00+00:00
[2026-07-16T05:31:04.481+0000] {processor.py:183} INFO - Processing /home/airflow/.local/lib/python3.8/site-packages/airflow/example_dags/example_branch_python_dop_operator_3.py took 0.132 seconds
[2026-07-16T05:31:34.884+0000] {processor.py:161} INFO - Started process (PID=1140) to work on /home/airflow/.local/lib/python3.8/site-packages/airflow/example_dags/example_branch_python_dop_operator_3.py
[2026-07-16T05:31:34.885+0000] {processor.py:830} INFO - Processing file /home/airflow/.local/lib/python3.8/site-packages/airflow/example_dags/example_branch_python_dop_operator_3.py for tasks to queue
[2026-07-16T05:31:34.887+0000] {logging_mixin.py:188} INFO - [2026-07-16T05:31:34.887+0000] {dagbag.py:538} INFO - Filling up the DagBag from /home/airflow/.local/lib/python3.8/site-packages/airflow/example_dags/example_branch_python_dop_operator_3.py
[2026-07-16T05:31:34.896+0000] {processor.py:840} INFO - DAG(s) 'example_branch_dop_operator_v3' retrieved from /home/airflow/.local/lib/python3.8/site-packages/airflow/example_dags/example_branch_python_dop_operator_3.py
[2026-07-16T05:31:34.917+0000] {logging_mixin.py:188} INFO - [2026-07-16T05:31:34.917+0000] {dag.py:3036} INFO - Sync 1 DAGs
[2026-07-16T05:31:34.937+0000] {logging_mixin.py:188} INFO - [2026-07-16T05:31:34.937+0000] {dag.py:3823} INFO - Setting next_dagrun for example_branch_dop_operator_v3 to 2026-07-16 05:30:00+00:00, run_after=2026-07-16 05:31:00+00:00
[2026-07-16T05:31:34.953+0000] {processor.py:183} INFO - Processing /home/airflow/.local/lib/python3.8/site-packages/airflow/example_dags/example_branch_python_dop_operator_3.py took 0.072 seconds
[2026-07-16T05:32:05.046+0000] {processor.py:161} INFO - Started process (PID=1194) to work on /home/airflow/.local/lib/python3.8/site-packages/airflow/example_dags/example_branch_python_dop_operator_3.py
[2026-07-16T05:32:05.051+0000] {processor.py:830} INFO - Processing file /home/airflow/.local/lib/python3.8/site-packages/airflow/example_dags/example_branch_python_dop_operator_3.py for tasks to queue
[2026-07-16T05:32:05.058+0000] {logging_mixin.py:188} INFO - [2026-07-16T05:32:05.057+0000] {dagbag.py:538} INFO - Filling up the DagBag from /home/airflow/.local/lib/python3.8/site-packages/airflow/example_dags/example_branch_python_dop_operator_3.py
[2026-07-16T05:32:05.090+0000] {processor.py:840} INFO - DAG(s) 'example_branch_dop_operator_v3' retrieved from /home/airflow/.local/lib/python3.8/site-packages/airflow/example_dags/example_branch_python_dop_operator_3.py
[2026-07-16T05:32:05.127+0000] {logging_mixin.py:188} INFO - [2026-07-16T05:32:05.127+0000] {dag.py:3036} INFO - Sync 1 DAGs
[2026-07-16T05:32:05.158+0000] {logging_mixin.py:188} INFO - [2026-07-16T05:32:05.158+0000] {dag.py:3823} INFO - Setting next_dagrun for example_branch_dop_operator_v3 to 2026-07-16 05:31:00+00:00, run_after=2026-07-16 05:32:00+00:00
[2026-07-16T05:32:05.190+0000] {processor.py:183} INFO - Processing /home/airflow/.local/lib/python3.8/site-packages/airflow/example_dags/example_branch_python_dop_operator_3.py took 0.150 seconds
[2026-07-16T05:32:36.152+0000] {processor.py:161} INFO - Started process (PID=1250) to work on /home/airflow/.local/lib/python3.8/site-packages/airflow/example_dags/example_branch_python_dop_operator_3.py
[2026-07-16T05:32:36.154+0000] {processor.py:830} INFO - Processing file /home/airflow/.local/lib/python3.8/site-packages/airflow/example_dags/example_branch_python_dop_operator_3.py for tasks to queue
[2026-07-16T05:32:36.155+0000] {logging_mixin.py:188} INFO - [2026-07-16T05:32:36.155+0000] {dagbag.py:538} INFO - Filling up the DagBag from /home/airflow/.local/lib/python3.8/site-packages/airflow/example_dags/example_branch_python_dop_operator_3.py
[2026-07-16T05:32:36.163+0000] {processor.py:840} INFO - DAG(s) 'example_branch_dop_operator_v3' retrieved from /home/airflow/.local/lib/python3.8/site-packages/airflow/example_dags/example_branch_python_dop_operator_3.py
[2026-07-16T05:32:36.180+0000] {logging_mixin.py:188} INFO - [2026-07-16T05:32:36.180+0000] {dag.py:3036} INFO - Sync 1 DAGs
[2026-07-16T05:32:36.198+0000] {logging_mixin.py:188} INFO - [2026-07-16T05:32:36.198+0000] {dag.py:3823} INFO - Setting next_dagrun for example_branch_dop_operator_v3 to 2026-07-16 05:31:00+00:00, run_after=2026-07-16 05:32:00+00:00
[2026-07-16T05:32:36.216+0000] {processor.py:183} INFO - Processing /home/airflow/.local/lib/python3.8/site-packages/airflow/example_dags/example_branch_python_dop_operator_3.py took 0.066 seconds
[2026-07-16T05:33:06.343+0000] {processor.py:161} INFO - Started process (PID=1306) to work on /home/airflow/.local/lib/python3.8/site-packages/airflow/example_dags/example_branch_python_dop_operator_3.py
[2026-07-16T05:33:06.344+0000] {processor.py:830} INFO - Processing file /home/airflow/.local/lib/python3.8/site-packages/airflow/example_dags/example_branch_python_dop_operator_3.py for tasks to queue
[2026-07-16T05:33:06.346+0000] {logging_mixin.py:188} INFO - [2026-07-16T05:33:06.346+0000] {dagbag.py:538} INFO - Filling up the DagBag from /home/airflow/.local/lib/python3.8/site-packages/airflow/example_dags/example_branch_python_dop_operator_3.py
[2026-07-16T05:33:06.356+0000] {processor.py:840} INFO - DAG(s) 'example_branch_dop_operator_v3' retrieved from /home/airflow/.local/lib/python3.8/site-packages/airflow/example_dags/example_branch_python_dop_operator_3.py
[2026-07-16T05:33:06.378+0000] {logging_mixin.py:188} INFO - [2026-07-16T05:33:06.378+0000] {dag.py:3036} INFO - Sync 1 DAGs
[2026-07-16T05:33:06.413+0000] {logging_mixin.py:188} INFO - [2026-07-16T05:33:06.413+0000] {dag.py:3823} INFO - Setting next_dagrun for example_branch_dop_operator_v3 to 2026-07-16 05:32:00+00:00, run_after=2026-07-16 05:33:00+00:00
[2026-07-16T05:33:06.435+0000] {processor.py:183} INFO - Processing /home/airflow/.local/lib/python3.8/site-packages/airflow/example_dags/example_branch_python_dop_operator_3.py took 0.095 seconds
[2026-07-16T05:33:36.527+0000] {processor.py:161} INFO - Started process (PID=1362) to work on /home/airflow/.local/lib/python3.8/site-packages/airflow/example_dags/example_branch_python_dop_operator_3.py
[2026-07-16T05:33:36.528+0000] {processor.py:830} INFO - Processing file /home/airflow/.local/lib/python3.8/site-packages/airflow/example_dags/example_branch_python_dop_operator_3.py for tasks to queue
[2026-07-16T05:33:36.530+0000] {logging_mixin.py:188} INFO - [2026-07-16T05:33:36.530+0000] {dagbag.py:538} INFO - Filling up the DagBag from /home/airflow/.local/lib/python3.8/site-packages/airflow/example_dags/example_branch_python_dop_operator_3.py
[2026-07-16T05:33:36.539+0000] {processor.py:840} INFO - DAG(s) 'example_branch_dop_operator_v3' retrieved from /home/airflow/.local/lib/python3.8/site-packages/airflow/example_dags/example_branch_python_dop_operator_3.py
[2026-07-16T05:33:36.558+0000] {logging_mixin.py:188} INFO - [2026-07-16T05:33:36.558+0000] {dag.py:3036} INFO - Sync 1 DAGs
[2026-07-16T05:33:36.582+0000] {logging_mixin.py:188} INFO - [2026-07-16T05:33:36.582+0000] {dag.py:3823} INFO - Setting next_dagrun for example_branch_dop_operator_v3 to 2026-07-16 05:32:00+00:00, run_after=2026-07-16 05:33:00+00:00
[2026-07-16T05:33:36.609+0000] {processor.py:183} INFO - Processing /home/airflow/.local/lib/python3.8/site-packages/airflow/example_dags/example_branch_python_dop_operator_3.py took 0.085 seconds
[2026-07-16T05:34:06.671+0000] {processor.py:161} INFO - Started process (PID=1418) to work on /home/airflow/.local/lib/python3.8/site-packages/airflow/example_dags/example_branch_python_dop_operator_3.py
[2026-07-16T05:34:06.673+0000] {processor.py:830} INFO - Processing file /home/airflow/.local/lib/python3.8/site-packages/airflow/example_dags/example_branch_python_dop_operator_3.py for tasks to queue
[2026-07-16T05:34:06.677+0000] {logging_mixin.py:188} INFO - [2026-07-16T05:34:06.677+0000] {dagbag.py:538} INFO - Filling up the DagBag from /home/airflow/.local/lib/python3.8/site-packages/airflow/example_dags/example_branch_python_dop_operator_3.py
[2026-07-16T05:34:06.701+0000] {processor.py:840} INFO - DAG(s) 'example_branch_dop_operator_v3' retrieved from /home/airflow/.local/lib/python3.8/site-packages/airflow/example_dags/example_branch_python_dop_operator_3.py
[2026-07-16T05:34:06.732+0000] {logging_mixin.py:188} INFO - [2026-07-16T05:34:06.732+0000] {dag.py:3036} INFO - Sync 1 DAGs
[2026-07-16T05:34:06.757+0000] {logging_mixin.py:188} INFO - [2026-07-16T05:34:06.757+0000] {dag.py:3823} INFO - Setting next_dagrun for example_branch_dop_operator_v3 to 2026-07-16 05:33:00+00:00, run_after=2026-07-16 05:34:00+00:00
[2026-07-16T05:34:06.779+0000] {processor.py:183} INFO - Processing /home/airflow/.local/lib/python3.8/site-packages/airflow/example_dags/example_branch_python_dop_operator_3.py took 0.113 seconds
[2026-07-16T05:34:37.448+0000] {processor.py:161} INFO - Started process (PID=1474) to work on /home/airflow/.local/lib/python3.8/site-packages/airflow/example_dags/example_branch_python_dop_operator_3.py
[2026-07-16T05:34:37.449+0000] {processor.py:830} INFO - Processing file /home/airflow/.local/lib/python3.8/site-packages/airflow/example_dags/example_branch_python_dop_operator_3.py for tasks to queue
[2026-07-16T05:34:37.451+0000] {logging_mixin.py:188} INFO - [2026-07-16T05:34:37.451+0000] {dagbag.py:538} INFO - Filling up the DagBag from /home/airflow/.local/lib/python3.8/site-packages/airflow/example_dags/example_branch_python_dop_operator_3.py
[2026-07-16T05:34:37.459+0000] {processor.py:840} INFO - DAG(s) 'example_branch_dop_operator_v3' retrieved from /home/airflow/.local/lib/python3.8/site-packages/airflow/example_dags/example_branch_python_dop_operator_3.py
[2026-07-16T05:34:37.476+0000] {logging_mixin.py:188} INFO - [2026-07-16T05:34:37.476+0000] {dag.py:3036} INFO - Sync 1 DAGs
[2026-07-16T05:34:37.494+0000] {logging_mixin.py:188} INFO - [2026-07-16T05:34:37.494+0000] {dag.py:3823} INFO - Setting next_dagrun for example_branch_dop_operator_v3 to 2026-07-16 05:33:00+00:00, run_after=2026-07-16 05:34:00+00:00
[2026-07-16T05:34:37.507+0000] {processor.py:183} INFO - Processing /home/airflow/.local/lib/python3.8/site-packages/airflow/example_dags/example_branch_python_dop_operator_3.py took 0.062 seconds
[2026-07-16T05:35:07.991+0000] {processor.py:161} INFO - Started process (PID=1530) to work on /home/airflow/.local/lib/python3.8/site-packages/airflow/example_dags/example_branch_python_dop_operator_3.py
[2026-07-16T05:35:07.992+0000] {processor.py:830} INFO - Processing file /home/airflow/.local/lib/python3.8/site-packages/airflow/example_dags/example_branch_python_dop_operator_3.py for tasks to queue
[2026-07-16T05:35:07.994+0000] {logging_mixin.py:188} INFO - [2026-07-16T05:35:07.993+0000] {dagbag.py:538} INFO - Filling up the DagBag from /home/airflow/.local/lib/python3.8/site-packages/airflow/example_dags/example_branch_python_dop_operator_3.py
[2026-07-16T05:35:08.000+0000] {processor.py:840} INFO - DAG(s) 'example_branch_dop_operator_v3' retrieved from /home/airflow/.local/lib/python3.8/site-packages/airflow/example_dags/example_branch_python_dop_operator_3.py
[2026-07-16T05:35:08.016+0000] {logging_mixin.py:188} INFO - [2026-07-16T05:35:08.016+0000] {dag.py:3036} INFO - Sync 1 DAGs
[2026-07-16T05:35:08.040+0000] {logging_mixin.py:188} INFO - [2026-07-16T05:35:08.040+0000] {dag.py:3823} INFO - Setting next_dagrun for example_branch_dop_operator_v3 to 2026-07-16 05:34:00+00:00, run_after=2026-07-16 05:35:00+00:00
[2026-07-16T05:35:08.058+0000] {processor.py:183} INFO - Processing /home/airflow/.local/lib/python3.8/site-packages/airflow/example_dags/example_branch_python_dop_operator_3.py took 0.070 seconds
[2026-07-16T05:35:38.632+0000] {processor.py:161} INFO - Started process (PID=1586) to work on /home/airflow/.local/lib/python3.8/site-packages/airflow/example_dags/example_branch_python_dop_operator_3.py
[2026-07-16T05:35:38.634+0000] {processor.py:830} INFO - Processing file /home/airflow/.local/lib/python3.8/site-packages/airflow/example_dags/example_branch_python_dop_operator_3.py for tasks to queue
[2026-07-16T05:35:38.636+0000] {logging_mixin.py:188} INFO - [2026-07-16T05:35:38.636+0000] {dagbag.py:538} INFO - Filling up the DagBag from /home/airflow/.local/lib/python3.8/site-packages/airflow/example_dags/example_branch_python_dop_operator_3.py
[2026-07-16T05:35:38.645+0000] {processor.py:840} INFO - DAG(s) 'example_branch_dop_operator_v3' retrieved from /home/airflow/.local/lib/python3.8/site-packages/airflow/example_dags/example_branch_python_dop_operator_3.py
[2026-07-16T05:35:38.669+0000] {logging_mixin.py:188} INFO - [2026-07-16T05:35:38.669+0000] {dag.py:3036} INFO - Sync 1 DAGs
[2026-07-16T05:35:38.695+0000] {logging_mixin.py:188} INFO - [2026-07-16T05:35:38.695+0000] {dag.py:3823} INFO - Setting next_dagrun for example_branch_dop_operator_v3 to 2026-07-16 05:34:00+00:00, run_after=2026-07-16 05:35:00+00:00
[2026-07-16T05:35:38.715+0000] {processor.py:183} INFO - Processing /home/airflow/.local/lib/python3.8/site-packages/airflow/example_dags/example_branch_python_dop_operator_3.py took 0.086 seconds
[2026-07-16T05:36:08.814+0000] {processor.py:161} INFO - Started process (PID=1642) to work on /home/airflow/.local/lib/python3.8/site-packages/airflow/example_dags/example_branch_python_dop_operator_3.py
[2026-07-16T05:36:08.817+0000] {processor.py:830} INFO - Processing file /home/airflow/.local/lib/python3.8/site-packages/airflow/example_dags/example_branch_python_dop_operator_3.py for tasks to queue
[2026-07-16T05:36:08.820+0000] {logging_mixin.py:188} INFO - [2026-07-16T05:36:08.819+0000] {dagbag.py:538} INFO - Filling up the DagBag from /home/airflow/.local/lib/python3.8/site-packages/airflow/example_dags/example_branch_python_dop_operator_3.py
[2026-07-16T05:36:08.831+0000] {processor.py:840} INFO - DAG(s) 'example_branch_dop_operator_v3' retrieved from /home/airflow/.local/lib/python3.8/site-packages/airflow/example_dags/example_branch_python_dop_operator_3.py
[2026-07-16T05:36:08.859+0000] {logging_mixin.py:188} INFO - [2026-07-16T05:36:08.859+0000] {dag.py:3036} INFO - Sync 1 DAGs
[2026-07-16T05:36:08.893+0000] {logging_mixin.py:188} INFO - [2026-07-16T05:36:08.893+0000] {dag.py:3823} INFO - Setting next_dagrun for example_branch_dop_operator_v3 to 2026-07-16 05:35:00+00:00, run_after=2026-07-16 05:36:00+00:00
[2026-07-16T05:36:08.921+0000] {processor.py:183} INFO - Processing /home/airflow/.local/lib/python3.8/site-packages/airflow/example_dags/example_branch_python_dop_operator_3.py took 0.112 seconds
[2026-07-16T05:36:39.238+0000] {processor.py:161} INFO - Started process (PID=1699) to work on /home/airflow/.local/lib/python3.8/site-packages/airflow/example_dags/example_branch_python_dop_operator_3.py
[2026-07-16T05:36:39.240+0000] {processor.py:830} INFO - Processing file /home/airflow/.local/lib/python3.8/site-packages/airflow/example_dags/example_branch_python_dop_operator_3.py for tasks to queue
[2026-07-16T05:36:39.243+0000] {logging_mixin.py:188} INFO - [2026-07-16T05:36:39.242+0000] {dagbag.py:538} INFO - Filling up the DagBag from /home/airflow/.local/lib/python3.8/site-packages/airflow/example_dags/example_branch_python_dop_operator_3.py
[2026-07-16T05:36:39.258+0000] {processor.py:840} INFO - DAG(s) 'example_branch_dop_operator_v3' retrieved from /home/airflow/.local/lib/python3.8/site-packages/airflow/example_dags/example_branch_python_dop_operator_3.py
[2026-07-16T05:36:39.296+0000] {logging_mixin.py:188} INFO - [2026-07-16T05:36:39.296+0000] {dag.py:3036} INFO - Sync 1 DAGs
[2026-07-16T05:36:39.327+0000] {logging_mixin.py:188} INFO - [2026-07-16T05:36:39.327+0000] {dag.py:3823} INFO - Setting next_dagrun for example_branch_dop_operator_v3 to 2026-07-16 05:35:00+00:00, run_after=2026-07-16 05:36:00+00:00
[2026-07-16T05:36:39.353+0000] {processor.py:183} INFO - Processing /home/airflow/.local/lib/python3.8/site-packages/airflow/example_dags/example_branch_python_dop_operator_3.py took 0.122 seconds
[2026-07-16T05:37:09.464+0000] {processor.py:161} INFO - Started process (PID=1755) to work on /home/airflow/.local/lib/python3.8/site-packages/airflow/example_dags/example_branch_python_dop_operator_3.py
[2026-07-16T05:37:09.465+0000] {processor.py:830} INFO - Processing file /home/airflow/.local/lib/python3.8/site-packages/airflow/example_dags/example_branch_python_dop_operator_3.py for tasks to queue
[2026-07-16T05:37:09.467+0000] {logging_mixin.py:188} INFO - [2026-07-16T05:37:09.466+0000] {dagbag.py:538} INFO - Filling up the DagBag from /home/airflow/.local/lib/python3.8/site-packages/airflow/example_dags/example_branch_python_dop_operator_3.py
[2026-07-16T05:37:09.476+0000] {processor.py:840} INFO - DAG(s) 'example_branch_dop_operator_v3' retrieved from /home/airflow/.local/lib/python3.8/site-packages/airflow/example_dags/example_branch_python_dop_operator_3.py
[2026-07-16T05:37:09.495+0000] {logging_mixin.py:188} INFO - [2026-07-16T05:37:09.495+0000] {dag.py:3036} INFO - Sync 1 DAGs
[2026-07-16T05:37:09.515+0000] {logging_mixin.py:188} INFO - [2026-07-16T05:37:09.515+0000] {dag.py:3823} INFO - Setting next_dagrun for example_branch_dop_operator_v3 to 2026-07-16 05:36:00+00:00, run_after=2026-07-16 05:37:00+00:00
[2026-07-16T05:37:09.534+0000] {processor.py:183} INFO - Processing /home/airflow/.local/lib/python3.8/site-packages/airflow/example_dags/example_branch_python_dop_operator_3.py took 0.074 seconds
[2026-07-16T05:37:39.894+0000] {processor.py:161} INFO - Started process (PID=1811) to work on /home/airflow/.local/lib/python3.8/site-packages/airflow/example_dags/example_branch_python_dop_operator_3.py
[2026-07-16T05:37:39.897+0000] {processor.py:830} INFO - Processing file /home/airflow/.local/lib/python3.8/site-packages/airflow/example_dags/example_branch_python_dop_operator_3.py for tasks to queue
[2026-07-16T05:37:39.902+0000] {logging_mixin.py:188} INFO - [2026-07-16T05:37:39.901+0000] {dagbag.py:538} INFO - Filling up the DagBag from /home/airflow/.local/lib/python3.8/site-packages/airflow/example_dags/example_branch_python_dop_operator_3.py
[2026-07-16T05:37:39.926+0000] {processor.py:840} INFO - DAG(s) 'example_branch_dop_operator_v3' retrieved from /home/airflow/.local/lib/python3.8/site-packages/airflow/example_dags/example_branch_python_dop_operator_3.py
[2026-07-16T05:37:39.954+0000] {logging_mixin.py:188} INFO - [2026-07-16T05:37:39.954+0000] {dag.py:3036} INFO - Sync 1 DAGs
[2026-07-16T05:37:39.986+0000] {logging_mixin.py:188} INFO - [2026-07-16T05:37:39.986+0000] {dag.py:3823} INFO - Setting next_dagrun for example_branch_dop_operator_v3 to 2026-07-16 05:36:00+00:00, run_after=2026-07-16 05:37:00+00:00
[2026-07-16T05:37:40.010+0000] {processor.py:183} INFO - Processing /home/airflow/.local/lib/python3.8/site-packages/airflow/example_dags/example_branch_python_dop_operator_3.py took 0.128 seconds
[2026-07-16T05:38:10.241+0000] {processor.py:161} INFO - Started process (PID=1867) to work on /home/airflow/.local/lib/python3.8/site-packages/airflow/example_dags/example_branch_python_dop_operator_3.py
[2026-07-16T05:38:10.242+0000] {processor.py:830} INFO - Processing file /home/airflow/.local/lib/python3.8/site-packages/airflow/example_dags/example_branch_python_dop_operator_3.py for tasks to queue
[2026-07-16T05:38:10.243+0000] {logging_mixin.py:188} INFO - [2026-07-16T05:38:10.243+0000] {dagbag.py:538} INFO - Filling up the DagBag from /home/airflow/.local/lib/python3.8/site-packages/airflow/example_dags/example_branch_python_dop_operator_3.py
[2026-07-16T05:38:10.251+0000] {processor.py:840} INFO - DAG(s) 'example_branch_dop_operator_v3' retrieved from /home/airflow/.local/lib/python3.8/site-packages/airflow/example_dags/example_branch_python_dop_operator_3.py
[2026-07-16T05:38:10.267+0000] {logging_mixin.py:188} INFO - [2026-07-16T05:38:10.266+0000] {dag.py:3036} INFO - Sync 1 DAGs
[2026-07-16T05:38:10.285+0000] {logging_mixin.py:188} INFO - [2026-07-16T05:38:10.285+0000] {dag.py:3823} INFO - Setting next_dagrun for example_branch_dop_operator_v3 to 2026-07-16 05:37:00+00:00, run_after=2026-07-16 05:38:00+00:00
[2026-07-16T05:38:10.300+0000] {processor.py:183} INFO - Processing /home/airflow/.local/lib/python3.8/site-packages/airflow/example_dags/example_branch_python_dop_operator_3.py took 0.062 seconds
[2026-07-16T05:38:40.464+0000] {processor.py:161} INFO - Started process (PID=1923) to work on /home/airflow/.local/lib/python3.8/site-packages/airflow/example_dags/example_branch_python_dop_operator_3.py
[2026-07-16T05:38:40.465+0000] {processor.py:830} INFO - Processing file /home/airflow/.local/lib/python3.8/site-packages/airflow/example_dags/example_branch_python_dop_operator_3.py for tasks to queue
[2026-07-16T05:38:40.467+0000] {logging_mixin.py:188} INFO - [2026-07-16T05:38:40.467+0000] {dagbag.py:538} INFO - Filling up the DagBag from /home/airflow/.local/lib/python3.8/site-packages/airflow/example_dags/example_branch_python_dop_operator_3.py
[2026-07-16T05:38:40.475+0000] {processor.py:840} INFO - DAG(s) 'example_branch_dop_operator_v3' retrieved from /home/airflow/.local/lib/python3.8/site-packages/airflow/example_dags/example_branch_python_dop_operator_3.py
[2026-07-16T05:38:40.497+0000] {logging_mixin.py:188} INFO - [2026-07-16T05:38:40.497+0000] {dag.py:3036} INFO - Sync 1 DAGs
[2026-07-16T05:38:40.523+0000] {logging_mixin.py:188} INFO - [2026-07-16T05:38:40.523+0000] {dag.py:3823} INFO - Setting next_dagrun for example_branch_dop_operator_v3 to 2026-07-16 05:37:00+00:00, run_after=2026-07-16 05:38:00+00:00
[2026-07-16T05:38:40.544+0000] {processor.py:183} INFO - Processing /home/airflow/.local/lib/python3.8/site-packages/airflow/example_dags/example_branch_python_dop_operator_3.py took 0.084 seconds
[2026-07-16T05:39:10.925+0000] {processor.py:161} INFO - Started process (PID=1979) to work on /home/airflow/.local/lib/python3.8/site-packages/airflow/example_dags/example_branch_python_dop_operator_3.py
[2026-07-16T05:39:10.928+0000] {processor.py:830} INFO - Processing file /home/airflow/.local/lib/python3.8/site-packages/airflow/example_dags/example_branch_python_dop_operator_3.py for tasks to queue
[2026-07-16T05:39:10.932+0000] {logging_mixin.py:188} INFO - [2026-07-16T05:39:10.931+0000] {dagbag.py:538} INFO - Filling up the DagBag from /home/airflow/.local/lib/python3.8/site-packages/airflow/example_dags/example_branch_python_dop_operator_3.py
[2026-07-16T05:39:10.946+0000] {processor.py:840} INFO - DAG(s) 'example_branch_dop_operator_v3' retrieved from /home/airflow/.local/lib/python3.8/site-packages/airflow/example_dags/example_branch_python_dop_operator_3.py
[2026-07-16T05:39:10.972+0000] {logging_mixin.py:188} INFO - [2026-07-16T05:39:10.972+0000] {dag.py:3036} INFO - Sync 1 DAGs
[2026-07-16T05:39:10.999+0000] {logging_mixin.py:188} INFO - [2026-07-16T05:39:10.999+0000] {dag.py:3823} INFO - Setting next_dagrun for example_branch_dop_operator_v3 to 2026-07-16 05:38:00+00:00, run_after=2026-07-16 05:39:00+00:00
[2026-07-16T05:39:11.021+0000] {processor.py:183} INFO - Processing /home/airflow/.local/lib/python3.8/site-packages/airflow/example_dags/example_branch_python_dop_operator_3.py took 0.106 seconds
[2026-07-16T05:39:41.058+0000] {processor.py:161} INFO - Started process (PID=2035) to work on /home/airflow/.local/lib/python3.8/site-packages/airflow/example_dags/example_branch_python_dop_operator_3.py
[2026-07-16T05:39:41.059+0000] {processor.py:830} INFO - Processing file /home/airflow/.local/lib/python3.8/site-packages/airflow/example_dags/example_branch_python_dop_operator_3.py for tasks to queue
[2026-07-16T05:39:41.060+0000] {logging_mixin.py:188} INFO - [2026-07-16T05:39:41.060+0000] {dagbag.py:538} INFO - Filling up the DagBag from /home/airflow/.local/lib/python3.8/site-packages/airflow/example_dags/example_branch_python_dop_operator_3.py
[2026-07-16T05:39:41.070+0000] {processor.py:840} INFO - DAG(s) 'example_branch_dop_operator_v3' retrieved from /home/airflow/.local/lib/python3.8/site-packages/airflow/example_dags/example_branch_python_dop_operator_3.py
[2026-07-16T05:39:41.091+0000] {logging_mixin.py:188} INFO - [2026-07-16T05:39:41.091+0000] {dag.py:3036} INFO - Sync 1 DAGs
[2026-07-16T05:39:41.114+0000] {logging_mixin.py:188} INFO - [2026-07-16T05:39:41.113+0000] {dag.py:3823} INFO - Setting next_dagrun for example_branch_dop_operator_v3 to 2026-07-16 05:38:00+00:00, run_after=2026-07-16 05:39:00+00:00
[2026-07-16T05:39:41.133+0000] {processor.py:183} INFO - Processing /home/airflow/.local/lib/python3.8/site-packages/airflow/example_dags/example_branch_python_dop_operator_3.py took 0.079 seconds
[2026-07-16T05:40:11.308+0000] {processor.py:161} INFO - Started process (PID=2091) to work on /home/airflow/.local/lib/python3.8/site-packages/airflow/example_dags/example_branch_python_dop_operator_3.py
[2026-07-16T05:40:11.310+0000] {processor.py:830} INFO - Processing file /home/airflow/.local/lib/python3.8/site-packages/airflow/example_dags/example_branch_python_dop_operator_3.py for tasks to queue
[2026-07-16T05:40:11.312+0000] {logging_mixin.py:188} INFO - [2026-07-16T05:40:11.312+0000] {dagbag.py:538} INFO - Filling up the DagBag from /home/airflow/.local/lib/python3.8/site-packages/airflow/example_dags/example_branch_python_dop_operator_3.py
[2026-07-16T05:40:11.322+0000] {processor.py:840} INFO - DAG(s) 'example_branch_dop_operator_v3' retrieved from /home/airflow/.local/lib/python3.8/site-packages/airflow/example_dags/example_branch_python_dop_operator_3.py
[2026-07-16T05:40:11.343+0000] {logging_mixin.py:188} INFO - [2026-07-16T05:40:11.343+0000] {dag.py:3036} INFO - Sync 1 DAGs
[2026-07-16T05:40:11.366+0000] {logging_mixin.py:188} INFO - [2026-07-16T05:40:11.366+0000] {dag.py:3823} INFO - Setting next_dagrun for example_branch_dop_operator_v3 to 2026-07-16 05:39:00+00:00, run_after=2026-07-16 05:40:00+00:00
[2026-07-16T05:40:11.385+0000] {processor.py:183} INFO - Processing /home/airflow/.local/lib/python3.8/site-packages/airflow/example_dags/example_branch_python_dop_operator_3.py took 0.080 seconds
[2026-07-16T05:40:41.706+0000] {processor.py:161} INFO - Started process (PID=2147) to work on /home/airflow/.local/lib/python3.8/site-packages/airflow/example_dags/example_branch_python_dop_operator_3.py
[2026-07-16T05:40:41.707+0000] {processor.py:830} INFO - Processing file /home/airflow/.local/lib/python3.8/site-packages/airflow/example_dags/example_branch_python_dop_operator_3.py for tasks to queue
[2026-07-16T05:40:41.709+0000] {logging_mixin.py:188} INFO - [2026-07-16T05:40:41.709+0000] {dagbag.py:538} INFO - Filling up the DagBag from /home/airflow/.local/lib/python3.8/site-packages/airflow/example_dags/example_branch_python_dop_operator_3.py
[2026-07-16T05:40:41.719+0000] {processor.py:840} INFO - DAG(s) 'example_branch_dop_operator_v3' retrieved from /home/airflow/.local/lib/python3.8/site-packages/airflow/example_dags/example_branch_python_dop_operator_3.py
[2026-07-16T05:40:41.737+0000] {logging_mixin.py:188} INFO - [2026-07-16T05:40:41.737+0000] {dag.py:3036} INFO - Sync 1 DAGs
[2026-07-16T05:40:41.756+0000] {logging_mixin.py:188} INFO - [2026-07-16T05:40:41.756+0000] {dag.py:3823} INFO - Setting next_dagrun for example_branch_dop_operator_v3 to 2026-07-16 05:39:00+00:00, run_after=2026-07-16 05:40:00+00:00
[2026-07-16T05:40:41.771+0000] {processor.py:183} INFO - Processing /home/airflow/.local/lib/python3.8/site-packages/airflow/example_dags/example_branch_python_dop_operator_3.py took 0.069 seconds
[2026-07-16T05:41:12.101+0000] {processor.py:161} INFO - Started process (PID=2203) to work on /home/airflow/.local/lib/python3.8/site-packages/airflow/example_dags/example_branch_python_dop_operator_3.py
[2026-07-16T05:41:12.102+0000] {processor.py:830} INFO - Processing file /home/airflow/.local/lib/python3.8/site-packages/airflow/example_dags/example_branch_python_dop_operator_3.py for tasks to queue
[2026-07-16T05:41:12.104+0000] {logging_mixin.py:188} INFO - [2026-07-16T05:41:12.103+0000] {dagbag.py:538} INFO - Filling up the DagBag from /home/airflow/.local/lib/python3.8/site-packages/airflow/example_dags/example_branch_python_dop_operator_3.py
[2026-07-16T05:41:12.112+0000] {processor.py:840} INFO - DAG(s) 'example_branch_dop_operator_v3' retrieved from /home/airflow/.local/lib/python3.8/site-packages/airflow/example_dags/example_branch_python_dop_operator_3.py
[2026-07-16T05:41:12.129+0000] {logging_mixin.py:188} INFO - [2026-07-16T05:41:12.129+0000] {dag.py:3036} INFO - Sync 1 DAGs
[2026-07-16T05:41:12.148+0000] {logging_mixin.py:188} INFO - [2026-07-16T05:41:12.148+0000] {dag.py:3823} INFO - Setting next_dagrun for example_branch_dop_operator_v3 to 2026-07-16 05:40:00+00:00, run_after=2026-07-16 05:41:00+00:00
[2026-07-16T05:41:12.165+0000] {processor.py:183} INFO - Processing /home/airflow/.local/lib/python3.8/site-packages/airflow/example_dags/example_branch_python_dop_operator_3.py took 0.067 seconds
[2026-07-16T05:41:43.001+0000] {processor.py:161} INFO - Started process (PID=2259) to work on /home/airflow/.local/lib/python3.8/site-packages/airflow/example_dags/example_branch_python_dop_operator_3.py
[2026-07-16T05:41:43.003+0000] {processor.py:830} INFO - Processing file /home/airflow/.local/lib/python3.8/site-packages/airflow/example_dags/example_branch_python_dop_operator_3.py for tasks to queue
[2026-07-16T05:41:43.005+0000] {logging_mixin.py:188} INFO - [2026-07-16T05:41:43.005+0000] {dagbag.py:538} INFO - Filling up the DagBag from /home/airflow/.local/lib/python3.8/site-packages/airflow/example_dags/example_branch_python_dop_operator_3.py
[2026-07-16T05:41:43.014+0000] {processor.py:840} INFO - DAG(s) 'example_branch_dop_operator_v3' retrieved from /home/airflow/.local/lib/python3.8/site-packages/airflow/example_dags/example_branch_python_dop_operator_3.py
[2026-07-16T05:41:43.039+0000] {logging_mixin.py:188} INFO - [2026-07-16T05:41:43.039+0000] {dag.py:3036} INFO - Sync 1 DAGs
[2026-07-16T05:41:43.065+0000] {logging_mixin.py:188} INFO - [2026-07-16T05:41:43.065+0000] {dag.py:3823} INFO - Setting next_dagrun for example_branch_dop_operator_v3 to 2026-07-16 05:40:00+00:00, run_after=2026-07-16 05:41:00+00:00
[2026-07-16T05:41:43.084+0000] {processor.py:183} INFO - Processing /home/airflow/.local/lib/python3.8/site-packages/airflow/example_dags/example_branch_python_dop_operator_3.py took 0.086 seconds
[2026-07-16T05:42:13.892+0000] {processor.py:161} INFO - Started process (PID=2315) to work on /home/airflow/.local/lib/python3.8/site-packages/airflow/example_dags/example_branch_python_dop_operator_3.py
[2026-07-16T05:42:13.893+0000] {processor.py:830} INFO - Processing file /home/airflow/.local/lib/python3.8/site-packages/airflow/example_dags/example_branch_python_dop_operator_3.py for tasks to queue
[2026-07-16T05:42:13.895+0000] {logging_mixin.py:188} INFO - [2026-07-16T05:42:13.895+0000] {dagbag.py:538} INFO - Filling up the DagBag from /home/airflow/.local/lib/python3.8/site-packages/airflow/example_dags/example_branch_python_dop_operator_3.py
[2026-07-16T05:42:13.907+0000] {processor.py:840} INFO - DAG(s) 'example_branch_dop_operator_v3' retrieved from /home/airflow/.local/lib/python3.8/site-packages/airflow/example_dags/example_branch_python_dop_operator_3.py
[2026-07-16T05:42:13.937+0000] {logging_mixin.py:188} INFO - [2026-07-16T05:42:13.937+0000] {dag.py:3036} INFO - Sync 1 DAGs
[2026-07-16T05:42:13.967+0000] {logging_mixin.py:188} INFO - [2026-07-16T05:42:13.967+0000] {dag.py:3823} INFO - Setting next_dagrun for example_branch_dop_operator_v3 to 2026-07-16 05:41:00+00:00, run_after=2026-07-16 05:42:00+00:00
[2026-07-16T05:42:13.991+0000] {processor.py:183} INFO - Processing /home/airflow/.local/lib/python3.8/site-packages/airflow/example_dags/example_branch_python_dop_operator_3.py took 0.104 seconds
[2026-07-16T05:42:44.181+0000] {processor.py:161} INFO - Started process (PID=2371) to work on /home/airflow/.local/lib/python3.8/site-packages/airflow/example_dags/example_branch_python_dop_operator_3.py
[2026-07-16T05:42:44.182+0000] {processor.py:830} INFO - Processing file /home/airflow/.local/lib/python3.8/site-packages/airflow/example_dags/example_branch_python_dop_operator_3.py for tasks to queue
[2026-07-16T05:42:44.184+0000] {logging_mixin.py:188} INFO - [2026-07-16T05:42:44.184+0000] {dagbag.py:538} INFO - Filling up the DagBag from /home/airflow/.local/lib/python3.8/site-packages/airflow/example_dags/example_branch_python_dop_operator_3.py
[2026-07-16T05:42:44.193+0000] {processor.py:840} INFO - DAG(s) 'example_branch_dop_operator_v3' retrieved from /home/airflow/.local/lib/python3.8/site-packages/airflow/example_dags/example_branch_python_dop_operator_3.py
[2026-07-16T05:42:44.211+0000] {logging_mixin.py:188} INFO - [2026-07-16T05:42:44.211+0000] {dag.py:3036} INFO - Sync 1 DAGs
[2026-07-16T05:42:44.233+0000] {logging_mixin.py:188} INFO - [2026-07-16T05:42:44.233+0000] {dag.py:3823} INFO - Setting next_dagrun for example_branch_dop_operator_v3 to 2026-07-16 05:41:00+00:00, run_after=2026-07-16 05:42:00+00:00
[2026-07-16T05:42:44.251+0000] {processor.py:183} INFO - Processing /home/airflow/.local/lib/python3.8/site-packages/airflow/example_dags/example_branch_python_dop_operator_3.py took 0.073 seconds
[2026-07-16T05:43:14.643+0000] {processor.py:161} INFO - Started process (PID=2427) to work on /home/airflow/.local/lib/python3.8/site-packages/airflow/example_dags/example_branch_python_dop_operator_3.py
[2026-07-16T05:43:14.644+0000] {processor.py:830} INFO - Processing file /home/airflow/.local/lib/python3.8/site-packages/airflow/example_dags/example_branch_python_dop_operator_3.py for tasks to queue
[2026-07-16T05:43:14.645+0000] {logging_mixin.py:188} INFO - [2026-07-16T05:43:14.645+0000] {dagbag.py:538} INFO - Filling up the DagBag from /home/airflow/.local/lib/python3.8/site-packages/airflow/example_dags/example_branch_python_dop_operator_3.py
[2026-07-16T05:43:14.655+0000] {processor.py:840} INFO - DAG(s) 'example_branch_dop_operator_v3' retrieved from /home/airflow/.local/lib/python3.8/site-packages/airflow/example_dags/example_branch_python_dop_operator_3.py
[2026-07-16T05:43:14.671+0000] {logging_mixin.py:188} INFO - [2026-07-16T05:43:14.671+0000] {dag.py:3036} INFO - Sync 1 DAGs
[2026-07-16T05:43:14.689+0000] {logging_mixin.py:188} INFO - [2026-07-16T05:43:14.689+0000] {dag.py:3823} INFO - Setting next_dagrun for example_branch_dop_operator_v3 to 2026-07-16 05:42:00+00:00, run_after=2026-07-16 05:43:00+00:00
[2026-07-16T05:43:14.705+0000] {processor.py:183} INFO - Processing /home/airflow/.local/lib/python3.8/site-packages/airflow/example_dags/example_branch_python_dop_operator_3.py took 0.065 seconds
[2026-07-16T05:43:45.140+0000] {processor.py:161} INFO - Started process (PID=2483) to work on /home/airflow/.local/lib/python3.8/site-packages/airflow/example_dags/example_branch_python_dop_operator_3.py
[2026-07-16T05:43:45.142+0000] {processor.py:830} INFO - Processing file /home/airflow/.local/lib/python3.8/site-packages/airflow/example_dags/example_branch_python_dop_operator_3.py for tasks to queue
[2026-07-16T05:43:45.143+0000] {logging_mixin.py:188} INFO - [2026-07-16T05:43:45.143+0000] {dagbag.py:538} INFO - Filling up the DagBag from /home/airflow/.local/lib/python3.8/site-packages/airflow/example_dags/example_branch_python_dop_operator_3.py
[2026-07-16T05:43:45.150+0000] {processor.py:840} INFO - DAG(s) 'example_branch_dop_operator_v3' retrieved from /home/airflow/.local/lib/python3.8/site-packages/airflow/example_dags/example_branch_python_dop_operator_3.py
[2026-07-16T05:43:45.170+0000] {logging_mixin.py:188} INFO - [2026-07-16T05:43:45.170+0000] {dag.py:3036} INFO - Sync 1 DAGs
[2026-07-16T05:43:45.191+0000] {logging_mixin.py:188} INFO - [2026-07-16T05:43:45.190+0000] {dag.py:3823} INFO - Setting next_dagrun for example_branch_dop_operator_v3 to 2026-07-16 05:42:00+00:00, run_after=2026-07-16 05:43:00+00:00
[2026-07-16T05:43:45.210+0000] {processor.py:183} INFO - Processing /home/airflow/.local/lib/python3.8/site-packages/airflow/example_dags/example_branch_python_dop_operator_3.py took 0.072 seconds
[2026-07-16T05:44:15.629+0000] {processor.py:161} INFO - Started process (PID=2539) to work on /home/airflow/.local/lib/python3.8/site-packages/airflow/example_dags/example_branch_python_dop_operator_3.py
[2026-07-16T05:44:15.630+0000] {processor.py:830} INFO - Processing file /home/airflow/.local/lib/python3.8/site-packages/airflow/example_dags/example_branch_python_dop_operator_3.py for tasks to queue
[2026-07-16T05:44:15.632+0000] {logging_mixin.py:188} INFO - [2026-07-16T05:44:15.632+0000] {dagbag.py:538} INFO - Filling up the DagBag from /home/airflow/.local/lib/python3.8/site-packages/airflow/example_dags/example_branch_python_dop_operator_3.py
[2026-07-16T05:44:15.641+0000] {processor.py:840} INFO - DAG(s) 'example_branch_dop_operator_v3' retrieved from /home/airflow/.local/lib/python3.8/site-packages/airflow/example_dags/example_branch_python_dop_operator_3.py
[2026-07-16T05:44:15.660+0000] {logging_mixin.py:188} INFO - [2026-07-16T05:44:15.660+0000] {dag.py:3036} INFO - Sync 1 DAGs
[2026-07-16T05:44:15.688+0000] {logging_mixin.py:188} INFO - [2026-07-16T05:44:15.688+0000] {dag.py:3823} INFO - Setting next_dagrun for example_branch_dop_operator_v3 to 2026-07-16 05:43:00+00:00, run_after=2026-07-16 05:44:00+00:00
[2026-07-16T05:44:15.708+0000] {processor.py:183} INFO - Processing /home/airflow/.local/lib/python3.8/site-packages/airflow/example_dags/example_branch_python_dop_operator_3.py took 0.082 seconds
[2026-07-16T05:44:45.974+0000] {processor.py:161} INFO - Started process (PID=2595) to work on /home/airflow/.local/lib/python3.8/site-packages/airflow/example_dags/example_branch_python_dop_operator_3.py
[2026-07-16T05:44:45.975+0000] {processor.py:830} INFO - Processing file /home/airflow/.local/lib/python3.8/site-packages/airflow/example_dags/example_branch_python_dop_operator_3.py for tasks to queue
[2026-07-16T05:44:45.977+0000] {logging_mixin.py:188} INFO - [2026-07-16T05:44:45.977+0000] {dagbag.py:538} INFO - Filling up the DagBag from /home/airflow/.local/lib/python3.8/site-packages/airflow/example_dags/example_branch_python_dop_operator_3.py
[2026-07-16T05:44:45.990+0000] {processor.py:840} INFO - DAG(s) 'example_branch_dop_operator_v3' retrieved from /home/airflow/.local/lib/python3.8/site-packages/airflow/example_dags/example_branch_python_dop_operator_3.py
[2026-07-16T05:44:46.016+0000] {logging_mixin.py:188} INFO - [2026-07-16T05:44:46.016+0000] {dag.py:3036} INFO - Sync 1 DAGs
[2026-07-16T05:44:46.044+0000] {logging_mixin.py:188} INFO - [2026-07-16T05:44:46.044+0000] {dag.py:3823} INFO - Setting next_dagrun for example_branch_dop_operator_v3 to 2026-07-16 05:43:00+00:00, run_after=2026-07-16 05:44:00+00:00
[2026-07-16T05:44:46.061+0000] {processor.py:183} INFO - Processing /home/airflow/.local/lib/python3.8/site-packages/airflow/example_dags/example_branch_python_dop_operator_3.py took 0.099 seconds
[2026-07-16T05:45:16.259+0000] {processor.py:161} INFO - Started process (PID=2651) to work on /home/airflow/.local/lib/python3.8/site-packages/airflow/example_dags/example_branch_python_dop_operator_3.py
[2026-07-16T05:45:16.259+0000] {processor.py:830} INFO - Processing file /home/airflow/.local/lib/python3.8/site-packages/airflow/example_dags/example_branch_python_dop_operator_3.py for tasks to queue
[2026-07-16T05:45:16.261+0000] {logging_mixin.py:188} INFO - [2026-07-16T05:45:16.260+0000] {dagbag.py:538} INFO - Filling up the DagBag from /home/airflow/.local/lib/python3.8/site-packages/airflow/example_dags/example_branch_python_dop_operator_3.py
[2026-07-16T05:45:16.272+0000] {processor.py:840} INFO - DAG(s) 'example_branch_dop_operator_v3' retrieved from /home/airflow/.local/lib/python3.8/site-packages/airflow/example_dags/example_branch_python_dop_operator_3.py
[2026-07-16T05:45:16.289+0000] {logging_mixin.py:188} INFO - [2026-07-16T05:45:16.289+0000] {dag.py:3036} INFO - Sync 1 DAGs
[2026-07-16T05:45:16.308+0000] {logging_mixin.py:188} INFO - [2026-07-16T05:45:16.308+0000] {dag.py:3823} INFO - Setting next_dagrun for example_branch_dop_operator_v3 to 2026-07-16 05:44:00+00:00, run_after=2026-07-16 05:45:00+00:00
[2026-07-16T05:45:16.323+0000] {processor.py:183} INFO - Processing /home/airflow/.local/lib/python3.8/site-packages/airflow/example_dags/example_branch_python_dop_operator_3.py took 0.067 seconds
[2026-07-16T05:45:46.406+0000] {processor.py:161} INFO - Started process (PID=2707) to work on /home/airflow/.local/lib/python3.8/site-packages/airflow/example_dags/example_branch_python_dop_operator_3.py
[2026-07-16T05:45:46.408+0000] {processor.py:830} INFO - Processing file /home/airflow/.local/lib/python3.8/site-packages/airflow/example_dags/example_branch_python_dop_operator_3.py for tasks to queue
[2026-07-16T05:45:46.409+0000] {logging_mixin.py:188} INFO - [2026-07-16T05:45:46.409+0000] {dagbag.py:538} INFO - Filling up the DagBag from /home/airflow/.local/lib/python3.8/site-packages/airflow/example_dags/example_branch_python_dop_operator_3.py
[2026-07-16T05:45:46.417+0000] {processor.py:840} INFO - DAG(s) 'example_branch_dop_operator_v3' retrieved from /home/airflow/.local/lib/python3.8/site-packages/airflow/example_dags/example_branch_python_dop_operator_3.py
[2026-07-16T05:45:46.432+0000] {logging_mixin.py:188} INFO - [2026-07-16T05:45:46.432+0000] {dag.py:3036} INFO - Sync 1 DAGs
[2026-07-16T05:45:46.449+0000] {logging_mixin.py:188} INFO - [2026-07-16T05:45:46.449+0000] {dag.py:3823} INFO - Setting next_dagrun for example_branch_dop_operator_v3 to 2026-07-16 05:44:00+00:00, run_after=2026-07-16 05:45:00+00:00
[2026-07-16T05:45:46.463+0000] {processor.py:183} INFO - Processing /home/airflow/.local/lib/python3.8/site-packages/airflow/example_dags/example_branch_python_dop_operator_3.py took 0.059 seconds
[2026-07-16T05:46:17.009+0000] {processor.py:161} INFO - Started process (PID=2763) to work on /home/airflow/.local/lib/python3.8/site-packages/airflow/example_dags/example_branch_python_dop_operator_3.py
[2026-07-16T05:46:17.011+0000] {processor.py:830} INFO - Processing file /home/airflow/.local/lib/python3.8/site-packages/airflow/example_dags/example_branch_python_dop_operator_3.py for tasks to queue
[2026-07-16T05:46:17.012+0000] {logging_mixin.py:188} INFO - [2026-07-16T05:46:17.012+0000] {dagbag.py:538} INFO - Filling up the DagBag from /home/airflow/.local/lib/python3.8/site-packages/airflow/example_dags/example_branch_python_dop_operator_3.py
[2026-07-16T05:46:17.020+0000] {processor.py:840} INFO - DAG(s) 'example_branch_dop_operator_v3' retrieved from /home/airflow/.local/lib/python3.8/site-packages/airflow/example_dags/example_branch_python_dop_operator_3.py
[2026-07-16T05:46:17.039+0000] {logging_mixin.py:188} INFO - [2026-07-16T05:46:17.038+0000] {dag.py:3036} INFO - Sync 1 DAGs
[2026-07-16T05:46:17.060+0000] {logging_mixin.py:188} INFO - [2026-07-16T05:46:17.059+0000] {dag.py:3823} INFO - Setting next_dagrun for example_branch_dop_operator_v3 to 2026-07-16 05:45:00+00:00, run_after=2026-07-16 05:46:00+00:00
[2026-07-16T05:46:17.077+0000] {processor.py:183} INFO - Processing /home/airflow/.local/lib/python3.8/site-packages/airflow/example_dags/example_branch_python_dop_operator_3.py took 0.070 seconds
[2026-07-16T05:46:47.285+0000] {processor.py:161} INFO - Started process (PID=2819) to work on /home/airflow/.local/lib/python3.8/site-packages/airflow/example_dags/example_branch_python_dop_operator_3.py
[2026-07-16T05:46:47.286+0000] {processor.py:830} INFO - Processing file /home/airflow/.local/lib/python3.8/site-packages/airflow/example_dags/example_branch_python_dop_operator_3.py for tasks to queue
[2026-07-16T05:46:47.288+0000] {logging_mixin.py:188} INFO - [2026-07-16T05:46:47.288+0000] {dagbag.py:538} INFO - Filling up the DagBag from /home/airflow/.local/lib/python3.8/site-packages/airflow/example_dags/example_branch_python_dop_operator_3.py
[2026-07-16T05:46:47.294+0000] {processor.py:840} INFO - DAG(s) 'example_branch_dop_operator_v3' retrieved from /home/airflow/.local/lib/python3.8/site-packages/airflow/example_dags/example_branch_python_dop_operator_3.py
[2026-07-16T05:46:47.309+0000] {logging_mixin.py:188} INFO - [2026-07-16T05:46:47.309+0000] {dag.py:3036} INFO - Sync 1 DAGs
[2026-07-16T05:46:47.328+0000] {logging_mixin.py:188} INFO - [2026-07-16T05:46:47.327+0000] {dag.py:3823} INFO - Setting next_dagrun for example_branch_dop_operator_v3 to 2026-07-16 05:45:00+00:00, run_after=2026-07-16 05:46:00+00:00
[2026-07-16T05:46:47.341+0000] {processor.py:183} INFO - Processing /home/airflow/.local/lib/python3.8/site-packages/airflow/example_dags/example_branch_python_dop_operator_3.py took 0.059 seconds
[2026-07-16T05:47:18.042+0000] {processor.py:161} INFO - Started process (PID=2875) to work on /home/airflow/.local/lib/python3.8/site-packages/airflow/example_dags/example_branch_python_dop_operator_3.py
[2026-07-16T05:47:18.044+0000] {processor.py:830} INFO - Processing file /home/airflow/.local/lib/python3.8/site-packages/airflow/example_dags/example_branch_python_dop_operator_3.py for tasks to queue
[2026-07-16T05:47:18.047+0000] {logging_mixin.py:188} INFO - [2026-07-16T05:47:18.046+0000] {dagbag.py:538} INFO - Filling up the DagBag from /home/airflow/.local/lib/python3.8/site-packages/airflow/example_dags/example_branch_python_dop_operator_3.py
[2026-07-16T05:47:18.054+0000] {processor.py:840} INFO - DAG(s) 'example_branch_dop_operator_v3' retrieved from /home/airflow/.local/lib/python3.8/site-packages/airflow/example_dags/example_branch_python_dop_operator_3.py
[2026-07-16T05:47:18.074+0000] {logging_mixin.py:188} INFO - [2026-07-16T05:47:18.074+0000] {dag.py:3036} INFO - Sync 1 DAGs
[2026-07-16T05:47:18.096+0000] {logging_mixin.py:188} INFO - [2026-07-16T05:47:18.096+0000] {dag.py:3823} INFO - Setting next_dagrun for example_branch_dop_operator_v3 to 2026-07-16 05:46:00+00:00, run_after=2026-07-16 05:47:00+00:00
[2026-07-16T05:47:18.110+0000] {processor.py:183} INFO - Processing /home/airflow/.local/lib/python3.8/site-packages/airflow/example_dags/example_branch_python_dop_operator_3.py took 0.071 seconds
[2026-07-16T05:47:49.041+0000] {processor.py:161} INFO - Started process (PID=2931) to work on /home/airflow/.local/lib/python3.8/site-packages/airflow/example_dags/example_branch_python_dop_operator_3.py
[2026-07-16T05:47:49.043+0000] {processor.py:830} INFO - Processing file /home/airflow/.local/lib/python3.8/site-packages/airflow/example_dags/example_branch_python_dop_operator_3.py for tasks to queue
[2026-07-16T05:47:49.045+0000] {logging_mixin.py:188} INFO - [2026-07-16T05:47:49.045+0000] {dagbag.py:538} INFO - Filling up the DagBag from /home/airflow/.local/lib/python3.8/site-packages/airflow/example_dags/example_branch_python_dop_operator_3.py
[2026-07-16T05:47:49.055+0000] {processor.py:840} INFO - DAG(s) 'example_branch_dop_operator_v3' retrieved from /home/airflow/.local/lib/python3.8/site-packages/airflow/example_dags/example_branch_python_dop_operator_3.py
[2026-07-16T05:47:49.078+0000] {logging_mixin.py:188} INFO - [2026-07-16T05:47:49.078+0000] {dag.py:3036} INFO - Sync 1 DAGs
[2026-07-16T05:47:49.105+0000] {logging_mixin.py:188} INFO - [2026-07-16T05:47:49.105+0000] {dag.py:3823} INFO - Setting next_dagrun for example_branch_dop_operator_v3 to 2026-07-16 05:46:00+00:00, run_after=2026-07-16 05:47:00+00:00
[2026-07-16T05:47:49.127+0000] {processor.py:183} INFO - Processing /home/airflow/.local/lib/python3.8/site-packages/airflow/example_dags/example_branch_python_dop_operator_3.py took 0.091 seconds
[2026-07-16T05:48:20.236+0000] {processor.py:161} INFO - Started process (PID=2987) to work on /home/airflow/.local/lib/python3.8/site-packages/airflow/example_dags/example_branch_python_dop_operator_3.py
[2026-07-16T05:48:20.238+0000] {processor.py:830} INFO - Processing file /home/airflow/.local/lib/python3.8/site-packages/airflow/example_dags/example_branch_python_dop_operator_3.py for tasks to queue
[2026-07-16T05:48:20.240+0000] {logging_mixin.py:188} INFO - [2026-07-16T05:48:20.239+0000] {dagbag.py:538} INFO - Filling up the DagBag from /home/airflow/.local/lib/python3.8/site-packages/airflow/example_dags/example_branch_python_dop_operator_3.py
[2026-07-16T05:48:20.250+0000] {processor.py:840} INFO - DAG(s) 'example_branch_dop_operator_v3' retrieved from /home/airflow/.local/lib/python3.8/site-packages/airflow/example_dags/example_branch_python_dop_operator_3.py
[2026-07-16T05:48:20.277+0000] {logging_mixin.py:188} INFO - [2026-07-16T05:48:20.277+0000] {dag.py:3036} INFO - Sync 1 DAGs
[2026-07-16T05:48:20.491+0000] {logging_mixin.py:188} INFO - [2026-07-16T05:48:20.490+0000] {dag.py:3823} INFO - Setting next_dagrun for example_branch_dop_operator_v3 to 2026-07-16 05:47:00+00:00, run_after=2026-07-16 05:48:00+00:00
[2026-07-16T05:48:20.532+0000] {processor.py:183} INFO - Processing /home/airflow/.local/lib/python3.8/site-packages/airflow/example_dags/example_branch_python_dop_operator_3.py took 0.300 seconds
