[2026-07-16T05:21:56.119+0000] {processor.py:161} INFO - Started process (PID=74) to work on /home/airflow/.local/lib/python3.8/site-packages/airflow/example_dags/tutorial_dag.py
[2026-07-16T05:21:56.120+0000] {processor.py:830} INFO - Processing file /home/airflow/.local/lib/python3.8/site-packages/airflow/example_dags/tutorial_dag.py for tasks to queue
[2026-07-16T05:21:56.124+0000] {logging_mixin.py:188} INFO - [2026-07-16T05:21:56.123+0000] {dagbag.py:538} INFO - Filling up the DagBag from /home/airflow/.local/lib/python3.8/site-packages/airflow/example_dags/tutorial_dag.py
[2026-07-16T05:21:56.139+0000] {processor.py:840} INFO - DAG(s) 'tutorial_dag' retrieved from /home/airflow/.local/lib/python3.8/site-packages/airflow/example_dags/tutorial_dag.py
[2026-07-16T05:21:56.324+0000] {logging_mixin.py:188} INFO - [2026-07-16T05:21:56.324+0000] {dag.py:3036} INFO - Sync 1 DAGs
[2026-07-16T05:21:56.339+0000] {logging_mixin.py:188} INFO - [2026-07-16T05:21:56.339+0000] {dag.py:3823} INFO - Setting next_dagrun for tutorial_dag to None, run_after=None
[2026-07-16T05:21:56.376+0000] {processor.py:183} INFO - Processing /home/airflow/.local/lib/python3.8/site-packages/airflow/example_dags/tutorial_dag.py took 0.265 seconds
[2026-07-16T05:22:26.531+0000] {processor.py:161} INFO - Started process (PID=130) to work on /home/airflow/.local/lib/python3.8/site-packages/airflow/example_dags/tutorial_dag.py
[2026-07-16T05:22:26.535+0000] {processor.py:830} INFO - Processing file /home/airflow/.local/lib/python3.8/site-packages/airflow/example_dags/tutorial_dag.py for tasks to queue
[2026-07-16T05:22:26.541+0000] {logging_mixin.py:188} INFO - [2026-07-16T05:22:26.539+0000] {dagbag.py:538} INFO - Filling up the DagBag from /home/airflow/.local/lib/python3.8/site-packages/airflow/example_dags/tutorial_dag.py
[2026-07-16T05:22:26.553+0000] {processor.py:840} INFO - DAG(s) 'tutorial_dag' retrieved from /home/airflow/.local/lib/python3.8/site-packages/airflow/example_dags/tutorial_dag.py
[2026-07-16T05:22:26.609+0000] {logging_mixin.py:188} INFO - [2026-07-16T05:22:26.609+0000] {dag.py:3036} INFO - Sync 1 DAGs
[2026-07-16T05:22:26.650+0000] {logging_mixin.py:188} INFO - [2026-07-16T05:22:26.649+0000] {dag.py:3823} INFO - Setting next_dagrun for tutorial_dag to None, run_after=None
[2026-07-16T05:22:26.720+0000] {processor.py:183} INFO - Processing /home/airflow/.local/lib/python3.8/site-packages/airflow/example_dags/tutorial_dag.py took 0.195 seconds
[2026-07-16T05:22:57.279+0000] {processor.py:161} INFO - Started process (PID=188) to work on /home/airflow/.local/lib/python3.8/site-packages/airflow/example_dags/tutorial_dag.py
[2026-07-16T05:22:57.285+0000] {processor.py:830} INFO - Processing file /home/airflow/.local/lib/python3.8/site-packages/airflow/example_dags/tutorial_dag.py for tasks to queue
[2026-07-16T05:22:57.289+0000] {logging_mixin.py:188} INFO - [2026-07-16T05:22:57.289+0000] {dagbag.py:538} INFO - Filling up the DagBag from /home/airflow/.local/lib/python3.8/site-packages/airflow/example_dags/tutorial_dag.py
[2026-07-16T05:22:57.323+0000] {processor.py:840} INFO - DAG(s) 'tutorial_dag' retrieved from /home/airflow/.local/lib/python3.8/site-packages/airflow/example_dags/tutorial_dag.py
[2026-07-16T05:22:57.390+0000] {logging_mixin.py:188} INFO - [2026-07-16T05:22:57.389+0000] {dag.py:3036} INFO - Sync 1 DAGs
[2026-07-16T05:22:57.421+0000] {logging_mixin.py:188} INFO - [2026-07-16T05:22:57.421+0000] {dag.py:3823} INFO - Setting next_dagrun for tutorial_dag to None, run_after=None
[2026-07-16T05:22:57.499+0000] {processor.py:183} INFO - Processing /home/airflow/.local/lib/python3.8/site-packages/airflow/example_dags/tutorial_dag.py took 0.239 seconds
[2026-07-16T05:23:27.689+0000] {processor.py:161} INFO - Started process (PID=244) to work on /home/airflow/.local/lib/python3.8/site-packages/airflow/example_dags/tutorial_dag.py
[2026-07-16T05:23:27.691+0000] {processor.py:830} INFO - Processing file /home/airflow/.local/lib/python3.8/site-packages/airflow/example_dags/tutorial_dag.py for tasks to queue
[2026-07-16T05:23:27.693+0000] {logging_mixin.py:188} INFO - [2026-07-16T05:23:27.693+0000] {dagbag.py:538} INFO - Filling up the DagBag from /home/airflow/.local/lib/python3.8/site-packages/airflow/example_dags/tutorial_dag.py
[2026-07-16T05:23:27.700+0000] {processor.py:840} INFO - DAG(s) 'tutorial_dag' retrieved from /home/airflow/.local/lib/python3.8/site-packages/airflow/example_dags/tutorial_dag.py
[2026-07-16T05:23:27.724+0000] {logging_mixin.py:188} INFO - [2026-07-16T05:23:27.723+0000] {dag.py:3036} INFO - Sync 1 DAGs
[2026-07-16T05:23:27.739+0000] {logging_mixin.py:188} INFO - [2026-07-16T05:23:27.739+0000] {dag.py:3823} INFO - Setting next_dagrun for tutorial_dag to None, run_after=None
[2026-07-16T05:23:27.764+0000] {processor.py:183} INFO - Processing /home/airflow/.local/lib/python3.8/site-packages/airflow/example_dags/tutorial_dag.py took 0.080 seconds
[2026-07-16T05:23:58.401+0000] {processor.py:161} INFO - Started process (PID=304) to work on /home/airflow/.local/lib/python3.8/site-packages/airflow/example_dags/tutorial_dag.py
[2026-07-16T05:23:58.406+0000] {processor.py:830} INFO - Processing file /home/airflow/.local/lib/python3.8/site-packages/airflow/example_dags/tutorial_dag.py for tasks to queue
[2026-07-16T05:23:58.410+0000] {logging_mixin.py:188} INFO - [2026-07-16T05:23:58.409+0000] {dagbag.py:538} INFO - Filling up the DagBag from /home/airflow/.local/lib/python3.8/site-packages/airflow/example_dags/tutorial_dag.py
[2026-07-16T05:23:58.420+0000] {processor.py:840} INFO - DAG(s) 'tutorial_dag' retrieved from /home/airflow/.local/lib/python3.8/site-packages/airflow/example_dags/tutorial_dag.py
[2026-07-16T05:23:58.468+0000] {logging_mixin.py:188} INFO - [2026-07-16T05:23:58.468+0000] {dag.py:3036} INFO - Sync 1 DAGs
[2026-07-16T05:23:58.492+0000] {logging_mixin.py:188} INFO - [2026-07-16T05:23:58.492+0000] {dag.py:3823} INFO - Setting next_dagrun for tutorial_dag to None, run_after=None
[2026-07-16T05:23:58.540+0000] {processor.py:183} INFO - Processing /home/airflow/.local/lib/python3.8/site-packages/airflow/example_dags/tutorial_dag.py took 0.146 seconds
[2026-07-16T05:24:29.638+0000] {processor.py:161} INFO - Started process (PID=361) to work on /home/airflow/.local/lib/python3.8/site-packages/airflow/example_dags/tutorial_dag.py
[2026-07-16T05:24:29.640+0000] {processor.py:830} INFO - Processing file /home/airflow/.local/lib/python3.8/site-packages/airflow/example_dags/tutorial_dag.py for tasks to queue
[2026-07-16T05:24:29.645+0000] {logging_mixin.py:188} INFO - [2026-07-16T05:24:29.644+0000] {dagbag.py:538} INFO - Filling up the DagBag from /home/airflow/.local/lib/python3.8/site-packages/airflow/example_dags/tutorial_dag.py
[2026-07-16T05:24:29.660+0000] {processor.py:840} INFO - DAG(s) 'tutorial_dag' retrieved from /home/airflow/.local/lib/python3.8/site-packages/airflow/example_dags/tutorial_dag.py
[2026-07-16T05:24:29.719+0000] {logging_mixin.py:188} INFO - [2026-07-16T05:24:29.718+0000] {dag.py:3036} INFO - Sync 1 DAGs
[2026-07-16T05:24:29.748+0000] {logging_mixin.py:188} INFO - [2026-07-16T05:24:29.747+0000] {dag.py:3823} INFO - Setting next_dagrun for tutorial_dag to None, run_after=None
[2026-07-16T05:24:29.800+0000] {processor.py:183} INFO - Processing /home/airflow/.local/lib/python3.8/site-packages/airflow/example_dags/tutorial_dag.py took 0.171 seconds
[2026-07-16T05:24:59.846+0000] {processor.py:161} INFO - Started process (PID=416) to work on /home/airflow/.local/lib/python3.8/site-packages/airflow/example_dags/tutorial_dag.py
[2026-07-16T05:24:59.848+0000] {processor.py:830} INFO - Processing file /home/airflow/.local/lib/python3.8/site-packages/airflow/example_dags/tutorial_dag.py for tasks to queue
[2026-07-16T05:24:59.851+0000] {logging_mixin.py:188} INFO - [2026-07-16T05:24:59.851+0000] {dagbag.py:538} INFO - Filling up the DagBag from /home/airflow/.local/lib/python3.8/site-packages/airflow/example_dags/tutorial_dag.py
[2026-07-16T05:24:59.859+0000] {processor.py:840} INFO - DAG(s) 'tutorial_dag' retrieved from /home/airflow/.local/lib/python3.8/site-packages/airflow/example_dags/tutorial_dag.py
[2026-07-16T05:24:59.888+0000] {logging_mixin.py:188} INFO - [2026-07-16T05:24:59.888+0000] {dag.py:3036} INFO - Sync 1 DAGs
[2026-07-16T05:24:59.902+0000] {logging_mixin.py:188} INFO - [2026-07-16T05:24:59.902+0000] {dag.py:3823} INFO - Setting next_dagrun for tutorial_dag to None, run_after=None
[2026-07-16T05:24:59.931+0000] {processor.py:183} INFO - Processing /home/airflow/.local/lib/python3.8/site-packages/airflow/example_dags/tutorial_dag.py took 0.091 seconds
[2026-07-16T05:25:30.540+0000] {processor.py:161} INFO - Started process (PID=472) to work on /home/airflow/.local/lib/python3.8/site-packages/airflow/example_dags/tutorial_dag.py
[2026-07-16T05:25:30.542+0000] {processor.py:830} INFO - Processing file /home/airflow/.local/lib/python3.8/site-packages/airflow/example_dags/tutorial_dag.py for tasks to queue
[2026-07-16T05:25:30.545+0000] {logging_mixin.py:188} INFO - [2026-07-16T05:25:30.544+0000] {dagbag.py:538} INFO - Filling up the DagBag from /home/airflow/.local/lib/python3.8/site-packages/airflow/example_dags/tutorial_dag.py
[2026-07-16T05:25:30.553+0000] {processor.py:840} INFO - DAG(s) 'tutorial_dag' retrieved from /home/airflow/.local/lib/python3.8/site-packages/airflow/example_dags/tutorial_dag.py
[2026-07-16T05:25:30.588+0000] {logging_mixin.py:188} INFO - [2026-07-16T05:25:30.587+0000] {dag.py:3036} INFO - Sync 1 DAGs
[2026-07-16T05:25:30.605+0000] {logging_mixin.py:188} INFO - [2026-07-16T05:25:30.605+0000] {dag.py:3823} INFO - Setting next_dagrun for tutorial_dag to None, run_after=None
[2026-07-16T05:25:30.639+0000] {processor.py:183} INFO - Processing /home/airflow/.local/lib/python3.8/site-packages/airflow/example_dags/tutorial_dag.py took 0.104 seconds
[2026-07-16T05:26:00.782+0000] {processor.py:161} INFO - Started process (PID=528) to work on /home/airflow/.local/lib/python3.8/site-packages/airflow/example_dags/tutorial_dag.py
[2026-07-16T05:26:00.784+0000] {processor.py:830} INFO - Processing file /home/airflow/.local/lib/python3.8/site-packages/airflow/example_dags/tutorial_dag.py for tasks to queue
[2026-07-16T05:26:00.787+0000] {logging_mixin.py:188} INFO - [2026-07-16T05:26:00.786+0000] {dagbag.py:538} INFO - Filling up the DagBag from /home/airflow/.local/lib/python3.8/site-packages/airflow/example_dags/tutorial_dag.py
[2026-07-16T05:26:00.794+0000] {processor.py:840} INFO - DAG(s) 'tutorial_dag' retrieved from /home/airflow/.local/lib/python3.8/site-packages/airflow/example_dags/tutorial_dag.py
[2026-07-16T05:26:00.833+0000] {logging_mixin.py:188} INFO - [2026-07-16T05:26:00.832+0000] {dag.py:3036} INFO - Sync 1 DAGs
[2026-07-16T05:26:00.856+0000] {logging_mixin.py:188} INFO - [2026-07-16T05:26:00.855+0000] {dag.py:3823} INFO - Setting next_dagrun for tutorial_dag to None, run_after=None
[2026-07-16T05:26:00.896+0000] {processor.py:183} INFO - Processing /home/airflow/.local/lib/python3.8/site-packages/airflow/example_dags/tutorial_dag.py took 0.121 seconds
[2026-07-16T05:26:31.006+0000] {processor.py:161} INFO - Started process (PID=584) to work on /home/airflow/.local/lib/python3.8/site-packages/airflow/example_dags/tutorial_dag.py
[2026-07-16T05:26:31.008+0000] {processor.py:830} INFO - Processing file /home/airflow/.local/lib/python3.8/site-packages/airflow/example_dags/tutorial_dag.py for tasks to queue
[2026-07-16T05:26:31.011+0000] {logging_mixin.py:188} INFO - [2026-07-16T05:26:31.010+0000] {dagbag.py:538} INFO - Filling up the DagBag from /home/airflow/.local/lib/python3.8/site-packages/airflow/example_dags/tutorial_dag.py
[2026-07-16T05:26:31.020+0000] {processor.py:840} INFO - DAG(s) 'tutorial_dag' retrieved from /home/airflow/.local/lib/python3.8/site-packages/airflow/example_dags/tutorial_dag.py
[2026-07-16T05:26:31.052+0000] {logging_mixin.py:188} INFO - [2026-07-16T05:26:31.052+0000] {dag.py:3036} INFO - Sync 1 DAGs
[2026-07-16T05:26:31.067+0000] {logging_mixin.py:188} INFO - [2026-07-16T05:26:31.067+0000] {dag.py:3823} INFO - Setting next_dagrun for tutorial_dag to None, run_after=None
[2026-07-16T05:26:31.092+0000] {processor.py:183} INFO - Processing /home/airflow/.local/lib/python3.8/site-packages/airflow/example_dags/tutorial_dag.py took 0.089 seconds
[2026-07-16T05:27:01.418+0000] {processor.py:161} INFO - Started process (PID=641) to work on /home/airflow/.local/lib/python3.8/site-packages/airflow/example_dags/tutorial_dag.py
[2026-07-16T05:27:01.420+0000] {processor.py:830} INFO - Processing file /home/airflow/.local/lib/python3.8/site-packages/airflow/example_dags/tutorial_dag.py for tasks to queue
[2026-07-16T05:27:01.423+0000] {logging_mixin.py:188} INFO - [2026-07-16T05:27:01.422+0000] {dagbag.py:538} INFO - Filling up the DagBag from /home/airflow/.local/lib/python3.8/site-packages/airflow/example_dags/tutorial_dag.py
[2026-07-16T05:27:01.433+0000] {processor.py:840} INFO - DAG(s) 'tutorial_dag' retrieved from /home/airflow/.local/lib/python3.8/site-packages/airflow/example_dags/tutorial_dag.py
[2026-07-16T05:27:01.460+0000] {logging_mixin.py:188} INFO - [2026-07-16T05:27:01.459+0000] {dag.py:3036} INFO - Sync 1 DAGs
[2026-07-16T05:27:01.476+0000] {logging_mixin.py:188} INFO - [2026-07-16T05:27:01.476+0000] {dag.py:3823} INFO - Setting next_dagrun for tutorial_dag to None, run_after=None
[2026-07-16T05:27:01.506+0000] {processor.py:183} INFO - Processing /home/airflow/.local/lib/python3.8/site-packages/airflow/example_dags/tutorial_dag.py took 0.092 seconds
[2026-07-16T05:27:31.597+0000] {processor.py:161} INFO - Started process (PID=697) to work on /home/airflow/.local/lib/python3.8/site-packages/airflow/example_dags/tutorial_dag.py
[2026-07-16T05:27:31.599+0000] {processor.py:830} INFO - Processing file /home/airflow/.local/lib/python3.8/site-packages/airflow/example_dags/tutorial_dag.py for tasks to queue
[2026-07-16T05:27:31.601+0000] {logging_mixin.py:188} INFO - [2026-07-16T05:27:31.601+0000] {dagbag.py:538} INFO - Filling up the DagBag from /home/airflow/.local/lib/python3.8/site-packages/airflow/example_dags/tutorial_dag.py
[2026-07-16T05:27:31.609+0000] {processor.py:840} INFO - DAG(s) 'tutorial_dag' retrieved from /home/airflow/.local/lib/python3.8/site-packages/airflow/example_dags/tutorial_dag.py
[2026-07-16T05:27:31.637+0000] {logging_mixin.py:188} INFO - [2026-07-16T05:27:31.637+0000] {dag.py:3036} INFO - Sync 1 DAGs
[2026-07-16T05:27:31.653+0000] {logging_mixin.py:188} INFO - [2026-07-16T05:27:31.653+0000] {dag.py:3823} INFO - Setting next_dagrun for tutorial_dag to None, run_after=None
[2026-07-16T05:27:31.679+0000] {processor.py:183} INFO - Processing /home/airflow/.local/lib/python3.8/site-packages/airflow/example_dags/tutorial_dag.py took 0.087 seconds
[2026-07-16T05:28:02.018+0000] {processor.py:161} INFO - Started process (PID=753) to work on /home/airflow/.local/lib/python3.8/site-packages/airflow/example_dags/tutorial_dag.py
[2026-07-16T05:28:02.020+0000] {processor.py:830} INFO - Processing file /home/airflow/.local/lib/python3.8/site-packages/airflow/example_dags/tutorial_dag.py for tasks to queue
[2026-07-16T05:28:02.023+0000] {logging_mixin.py:188} INFO - [2026-07-16T05:28:02.022+0000] {dagbag.py:538} INFO - Filling up the DagBag from /home/airflow/.local/lib/python3.8/site-packages/airflow/example_dags/tutorial_dag.py
[2026-07-16T05:28:02.030+0000] {processor.py:840} INFO - DAG(s) 'tutorial_dag' retrieved from /home/airflow/.local/lib/python3.8/site-packages/airflow/example_dags/tutorial_dag.py
[2026-07-16T05:28:02.061+0000] {logging_mixin.py:188} INFO - [2026-07-16T05:28:02.061+0000] {dag.py:3036} INFO - Sync 1 DAGs
[2026-07-16T05:28:02.074+0000] {logging_mixin.py:188} INFO - [2026-07-16T05:28:02.074+0000] {dag.py:3823} INFO - Setting next_dagrun for tutorial_dag to None, run_after=None
[2026-07-16T05:28:02.095+0000] {processor.py:183} INFO - Processing /home/airflow/.local/lib/python3.8/site-packages/airflow/example_dags/tutorial_dag.py took 0.084 seconds
[2026-07-16T05:28:33.110+0000] {processor.py:161} INFO - Started process (PID=809) to work on /home/airflow/.local/lib/python3.8/site-packages/airflow/example_dags/tutorial_dag.py
[2026-07-16T05:28:33.112+0000] {processor.py:830} INFO - Processing file /home/airflow/.local/lib/python3.8/site-packages/airflow/example_dags/tutorial_dag.py for tasks to queue
[2026-07-16T05:28:33.127+0000] {logging_mixin.py:188} INFO - [2026-07-16T05:28:33.126+0000] {dagbag.py:538} INFO - Filling up the DagBag from /home/airflow/.local/lib/python3.8/site-packages/airflow/example_dags/tutorial_dag.py
[2026-07-16T05:28:33.155+0000] {processor.py:840} INFO - DAG(s) 'tutorial_dag' retrieved from /home/airflow/.local/lib/python3.8/site-packages/airflow/example_dags/tutorial_dag.py
[2026-07-16T05:28:33.253+0000] {logging_mixin.py:188} INFO - [2026-07-16T05:28:33.253+0000] {dag.py:3036} INFO - Sync 1 DAGs
[2026-07-16T05:28:33.294+0000] {logging_mixin.py:188} INFO - [2026-07-16T05:28:33.293+0000] {dag.py:3823} INFO - Setting next_dagrun for tutorial_dag to None, run_after=None
[2026-07-16T05:28:33.367+0000] {processor.py:183} INFO - Processing /home/airflow/.local/lib/python3.8/site-packages/airflow/example_dags/tutorial_dag.py took 0.269 seconds
[2026-07-16T05:29:03.470+0000] {processor.py:161} INFO - Started process (PID=865) to work on /home/airflow/.local/lib/python3.8/site-packages/airflow/example_dags/tutorial_dag.py
[2026-07-16T05:29:03.475+0000] {processor.py:830} INFO - Processing file /home/airflow/.local/lib/python3.8/site-packages/airflow/example_dags/tutorial_dag.py for tasks to queue
[2026-07-16T05:29:03.477+0000] {logging_mixin.py:188} INFO - [2026-07-16T05:29:03.477+0000] {dagbag.py:538} INFO - Filling up the DagBag from /home/airflow/.local/lib/python3.8/site-packages/airflow/example_dags/tutorial_dag.py
[2026-07-16T05:29:03.486+0000] {processor.py:840} INFO - DAG(s) 'tutorial_dag' retrieved from /home/airflow/.local/lib/python3.8/site-packages/airflow/example_dags/tutorial_dag.py
[2026-07-16T05:29:03.533+0000] {logging_mixin.py:188} INFO - [2026-07-16T05:29:03.533+0000] {dag.py:3036} INFO - Sync 1 DAGs
[2026-07-16T05:29:03.571+0000] {logging_mixin.py:188} INFO - [2026-07-16T05:29:03.571+0000] {dag.py:3823} INFO - Setting next_dagrun for tutorial_dag to None, run_after=None
[2026-07-16T05:29:03.629+0000] {processor.py:183} INFO - Processing /home/airflow/.local/lib/python3.8/site-packages/airflow/example_dags/tutorial_dag.py took 0.166 seconds
[2026-07-16T05:29:33.875+0000] {processor.py:161} INFO - Started process (PID=921) to work on /home/airflow/.local/lib/python3.8/site-packages/airflow/example_dags/tutorial_dag.py
[2026-07-16T05:29:33.877+0000] {processor.py:830} INFO - Processing file /home/airflow/.local/lib/python3.8/site-packages/airflow/example_dags/tutorial_dag.py for tasks to queue
[2026-07-16T05:29:33.880+0000] {logging_mixin.py:188} INFO - [2026-07-16T05:29:33.880+0000] {dagbag.py:538} INFO - Filling up the DagBag from /home/airflow/.local/lib/python3.8/site-packages/airflow/example_dags/tutorial_dag.py
[2026-07-16T05:29:33.895+0000] {processor.py:840} INFO - DAG(s) 'tutorial_dag' retrieved from /home/airflow/.local/lib/python3.8/site-packages/airflow/example_dags/tutorial_dag.py
[2026-07-16T05:29:33.944+0000] {logging_mixin.py:188} INFO - [2026-07-16T05:29:33.944+0000] {dag.py:3036} INFO - Sync 1 DAGs
[2026-07-16T05:29:33.970+0000] {logging_mixin.py:188} INFO - [2026-07-16T05:29:33.969+0000] {dag.py:3823} INFO - Setting next_dagrun for tutorial_dag to None, run_after=None
[2026-07-16T05:29:34.019+0000] {processor.py:183} INFO - Processing /home/airflow/.local/lib/python3.8/site-packages/airflow/example_dags/tutorial_dag.py took 0.154 seconds
[2026-07-16T05:30:04.259+0000] {processor.py:161} INFO - Started process (PID=977) to work on /home/airflow/.local/lib/python3.8/site-packages/airflow/example_dags/tutorial_dag.py
[2026-07-16T05:30:04.261+0000] {processor.py:830} INFO - Processing file /home/airflow/.local/lib/python3.8/site-packages/airflow/example_dags/tutorial_dag.py for tasks to queue
[2026-07-16T05:30:04.266+0000] {logging_mixin.py:188} INFO - [2026-07-16T05:30:04.264+0000] {dagbag.py:538} INFO - Filling up the DagBag from /home/airflow/.local/lib/python3.8/site-packages/airflow/example_dags/tutorial_dag.py
[2026-07-16T05:30:04.283+0000] {processor.py:840} INFO - DAG(s) 'tutorial_dag' retrieved from /home/airflow/.local/lib/python3.8/site-packages/airflow/example_dags/tutorial_dag.py
[2026-07-16T05:30:04.344+0000] {logging_mixin.py:188} INFO - [2026-07-16T05:30:04.340+0000] {dag.py:3036} INFO - Sync 1 DAGs
[2026-07-16T05:30:04.379+0000] {logging_mixin.py:188} INFO - [2026-07-16T05:30:04.379+0000] {dag.py:3823} INFO - Setting next_dagrun for tutorial_dag to None, run_after=None
[2026-07-16T05:30:04.423+0000] {processor.py:183} INFO - Processing /home/airflow/.local/lib/python3.8/site-packages/airflow/example_dags/tutorial_dag.py took 0.171 seconds
[2026-07-16T05:30:34.479+0000] {processor.py:161} INFO - Started process (PID=1032) to work on /home/airflow/.local/lib/python3.8/site-packages/airflow/example_dags/tutorial_dag.py
[2026-07-16T05:30:34.482+0000] {processor.py:830} INFO - Processing file /home/airflow/.local/lib/python3.8/site-packages/airflow/example_dags/tutorial_dag.py for tasks to queue
[2026-07-16T05:30:34.485+0000] {logging_mixin.py:188} INFO - [2026-07-16T05:30:34.484+0000] {dagbag.py:538} INFO - Filling up the DagBag from /home/airflow/.local/lib/python3.8/site-packages/airflow/example_dags/tutorial_dag.py
[2026-07-16T05:30:34.497+0000] {processor.py:840} INFO - DAG(s) 'tutorial_dag' retrieved from /home/airflow/.local/lib/python3.8/site-packages/airflow/example_dags/tutorial_dag.py
[2026-07-16T05:30:34.535+0000] {logging_mixin.py:188} INFO - [2026-07-16T05:30:34.535+0000] {dag.py:3036} INFO - Sync 1 DAGs
[2026-07-16T05:30:34.553+0000] {logging_mixin.py:188} INFO - [2026-07-16T05:30:34.553+0000] {dag.py:3823} INFO - Setting next_dagrun for tutorial_dag to None, run_after=None
[2026-07-16T05:30:34.591+0000] {processor.py:183} INFO - Processing /home/airflow/.local/lib/python3.8/site-packages/airflow/example_dags/tutorial_dag.py took 0.117 seconds
[2026-07-16T05:31:04.676+0000] {processor.py:161} INFO - Started process (PID=1088) to work on /home/airflow/.local/lib/python3.8/site-packages/airflow/example_dags/tutorial_dag.py
[2026-07-16T05:31:04.677+0000] {processor.py:830} INFO - Processing file /home/airflow/.local/lib/python3.8/site-packages/airflow/example_dags/tutorial_dag.py for tasks to queue
[2026-07-16T05:31:04.679+0000] {logging_mixin.py:188} INFO - [2026-07-16T05:31:04.679+0000] {dagbag.py:538} INFO - Filling up the DagBag from /home/airflow/.local/lib/python3.8/site-packages/airflow/example_dags/tutorial_dag.py
[2026-07-16T05:31:04.685+0000] {processor.py:840} INFO - DAG(s) 'tutorial_dag' retrieved from /home/airflow/.local/lib/python3.8/site-packages/airflow/example_dags/tutorial_dag.py
[2026-07-16T05:31:04.705+0000] {logging_mixin.py:188} INFO - [2026-07-16T05:31:04.705+0000] {dag.py:3036} INFO - Sync 1 DAGs
[2026-07-16T05:31:04.716+0000] {logging_mixin.py:188} INFO - [2026-07-16T05:31:04.715+0000] {dag.py:3823} INFO - Setting next_dagrun for tutorial_dag to None, run_after=None
[2026-07-16T05:31:04.739+0000] {processor.py:183} INFO - Processing /home/airflow/.local/lib/python3.8/site-packages/airflow/example_dags/tutorial_dag.py took 0.067 seconds
[2026-07-16T05:31:35.162+0000] {processor.py:161} INFO - Started process (PID=1144) to work on /home/airflow/.local/lib/python3.8/site-packages/airflow/example_dags/tutorial_dag.py
[2026-07-16T05:31:35.164+0000] {processor.py:830} INFO - Processing file /home/airflow/.local/lib/python3.8/site-packages/airflow/example_dags/tutorial_dag.py for tasks to queue
[2026-07-16T05:31:35.166+0000] {logging_mixin.py:188} INFO - [2026-07-16T05:31:35.165+0000] {dagbag.py:538} INFO - Filling up the DagBag from /home/airflow/.local/lib/python3.8/site-packages/airflow/example_dags/tutorial_dag.py
[2026-07-16T05:31:35.173+0000] {processor.py:840} INFO - DAG(s) 'tutorial_dag' retrieved from /home/airflow/.local/lib/python3.8/site-packages/airflow/example_dags/tutorial_dag.py
[2026-07-16T05:31:35.192+0000] {logging_mixin.py:188} INFO - [2026-07-16T05:31:35.192+0000] {dag.py:3036} INFO - Sync 1 DAGs
[2026-07-16T05:31:35.202+0000] {logging_mixin.py:188} INFO - [2026-07-16T05:31:35.202+0000] {dag.py:3823} INFO - Setting next_dagrun for tutorial_dag to None, run_after=None
[2026-07-16T05:31:35.220+0000] {processor.py:183} INFO - Processing /home/airflow/.local/lib/python3.8/site-packages/airflow/example_dags/tutorial_dag.py took 0.062 seconds
[2026-07-16T05:32:05.769+0000] {processor.py:161} INFO - Started process (PID=1200) to work on /home/airflow/.local/lib/python3.8/site-packages/airflow/example_dags/tutorial_dag.py
[2026-07-16T05:32:05.772+0000] {processor.py:830} INFO - Processing file /home/airflow/.local/lib/python3.8/site-packages/airflow/example_dags/tutorial_dag.py for tasks to queue
[2026-07-16T05:32:05.774+0000] {logging_mixin.py:188} INFO - [2026-07-16T05:32:05.773+0000] {dagbag.py:538} INFO - Filling up the DagBag from /home/airflow/.local/lib/python3.8/site-packages/airflow/example_dags/tutorial_dag.py
[2026-07-16T05:32:05.779+0000] {processor.py:840} INFO - DAG(s) 'tutorial_dag' retrieved from /home/airflow/.local/lib/python3.8/site-packages/airflow/example_dags/tutorial_dag.py
[2026-07-16T05:32:05.798+0000] {logging_mixin.py:188} INFO - [2026-07-16T05:32:05.798+0000] {dag.py:3036} INFO - Sync 1 DAGs
[2026-07-16T05:32:05.808+0000] {logging_mixin.py:188} INFO - [2026-07-16T05:32:05.807+0000] {dag.py:3823} INFO - Setting next_dagrun for tutorial_dag to None, run_after=None
[2026-07-16T05:32:05.825+0000] {processor.py:183} INFO - Processing /home/airflow/.local/lib/python3.8/site-packages/airflow/example_dags/tutorial_dag.py took 0.058 seconds
[2026-07-16T05:32:36.366+0000] {processor.py:161} INFO - Started process (PID=1254) to work on /home/airflow/.local/lib/python3.8/site-packages/airflow/example_dags/tutorial_dag.py
[2026-07-16T05:32:36.367+0000] {processor.py:830} INFO - Processing file /home/airflow/.local/lib/python3.8/site-packages/airflow/example_dags/tutorial_dag.py for tasks to queue
[2026-07-16T05:32:36.369+0000] {logging_mixin.py:188} INFO - [2026-07-16T05:32:36.368+0000] {dagbag.py:538} INFO - Filling up the DagBag from /home/airflow/.local/lib/python3.8/site-packages/airflow/example_dags/tutorial_dag.py
[2026-07-16T05:32:36.374+0000] {processor.py:840} INFO - DAG(s) 'tutorial_dag' retrieved from /home/airflow/.local/lib/python3.8/site-packages/airflow/example_dags/tutorial_dag.py
[2026-07-16T05:32:36.391+0000] {logging_mixin.py:188} INFO - [2026-07-16T05:32:36.391+0000] {dag.py:3036} INFO - Sync 1 DAGs
[2026-07-16T05:32:36.401+0000] {logging_mixin.py:188} INFO - [2026-07-16T05:32:36.400+0000] {dag.py:3823} INFO - Setting next_dagrun for tutorial_dag to None, run_after=None
[2026-07-16T05:32:36.416+0000] {processor.py:183} INFO - Processing /home/airflow/.local/lib/python3.8/site-packages/airflow/example_dags/tutorial_dag.py took 0.053 seconds
[2026-07-16T05:33:06.862+0000] {processor.py:161} INFO - Started process (PID=1310) to work on /home/airflow/.local/lib/python3.8/site-packages/airflow/example_dags/tutorial_dag.py
[2026-07-16T05:33:06.866+0000] {processor.py:830} INFO - Processing file /home/airflow/.local/lib/python3.8/site-packages/airflow/example_dags/tutorial_dag.py for tasks to queue
[2026-07-16T05:33:06.870+0000] {logging_mixin.py:188} INFO - [2026-07-16T05:33:06.869+0000] {dagbag.py:538} INFO - Filling up the DagBag from /home/airflow/.local/lib/python3.8/site-packages/airflow/example_dags/tutorial_dag.py
[2026-07-16T05:33:06.886+0000] {processor.py:840} INFO - DAG(s) 'tutorial_dag' retrieved from /home/airflow/.local/lib/python3.8/site-packages/airflow/example_dags/tutorial_dag.py
[2026-07-16T05:33:06.919+0000] {logging_mixin.py:188} INFO - [2026-07-16T05:33:06.919+0000] {dag.py:3036} INFO - Sync 1 DAGs
[2026-07-16T05:33:06.933+0000] {logging_mixin.py:188} INFO - [2026-07-16T05:33:06.933+0000] {dag.py:3823} INFO - Setting next_dagrun for tutorial_dag to None, run_after=None
[2026-07-16T05:33:06.957+0000] {processor.py:183} INFO - Processing /home/airflow/.local/lib/python3.8/site-packages/airflow/example_dags/tutorial_dag.py took 0.104 seconds
[2026-07-16T05:33:37.731+0000] {processor.py:161} INFO - Started process (PID=1366) to work on /home/airflow/.local/lib/python3.8/site-packages/airflow/example_dags/tutorial_dag.py
[2026-07-16T05:33:37.732+0000] {processor.py:830} INFO - Processing file /home/airflow/.local/lib/python3.8/site-packages/airflow/example_dags/tutorial_dag.py for tasks to queue
[2026-07-16T05:33:37.735+0000] {logging_mixin.py:188} INFO - [2026-07-16T05:33:37.734+0000] {dagbag.py:538} INFO - Filling up the DagBag from /home/airflow/.local/lib/python3.8/site-packages/airflow/example_dags/tutorial_dag.py
[2026-07-16T05:33:37.741+0000] {processor.py:840} INFO - DAG(s) 'tutorial_dag' retrieved from /home/airflow/.local/lib/python3.8/site-packages/airflow/example_dags/tutorial_dag.py
[2026-07-16T05:33:37.762+0000] {logging_mixin.py:188} INFO - [2026-07-16T05:33:37.761+0000] {dag.py:3036} INFO - Sync 1 DAGs
[2026-07-16T05:33:37.772+0000] {logging_mixin.py:188} INFO - [2026-07-16T05:33:37.772+0000] {dag.py:3823} INFO - Setting next_dagrun for tutorial_dag to None, run_after=None
[2026-07-16T05:33:37.791+0000] {processor.py:183} INFO - Processing /home/airflow/.local/lib/python3.8/site-packages/airflow/example_dags/tutorial_dag.py took 0.064 seconds
[2026-07-16T05:34:07.936+0000] {processor.py:161} INFO - Started process (PID=1422) to work on /home/airflow/.local/lib/python3.8/site-packages/airflow/example_dags/tutorial_dag.py
[2026-07-16T05:34:07.938+0000] {processor.py:830} INFO - Processing file /home/airflow/.local/lib/python3.8/site-packages/airflow/example_dags/tutorial_dag.py for tasks to queue
[2026-07-16T05:34:07.942+0000] {logging_mixin.py:188} INFO - [2026-07-16T05:34:07.942+0000] {dagbag.py:538} INFO - Filling up the DagBag from /home/airflow/.local/lib/python3.8/site-packages/airflow/example_dags/tutorial_dag.py
[2026-07-16T05:34:07.948+0000] {processor.py:840} INFO - DAG(s) 'tutorial_dag' retrieved from /home/airflow/.local/lib/python3.8/site-packages/airflow/example_dags/tutorial_dag.py
[2026-07-16T05:34:07.970+0000] {logging_mixin.py:188} INFO - [2026-07-16T05:34:07.970+0000] {dag.py:3036} INFO - Sync 1 DAGs
[2026-07-16T05:34:07.983+0000] {logging_mixin.py:188} INFO - [2026-07-16T05:34:07.983+0000] {dag.py:3823} INFO - Setting next_dagrun for tutorial_dag to None, run_after=None
[2026-07-16T05:34:08.007+0000] {processor.py:183} INFO - Processing /home/airflow/.local/lib/python3.8/site-packages/airflow/example_dags/tutorial_dag.py took 0.075 seconds
[2026-07-16T05:34:38.641+0000] {processor.py:161} INFO - Started process (PID=1478) to work on /home/airflow/.local/lib/python3.8/site-packages/airflow/example_dags/tutorial_dag.py
[2026-07-16T05:34:38.643+0000] {processor.py:830} INFO - Processing file /home/airflow/.local/lib/python3.8/site-packages/airflow/example_dags/tutorial_dag.py for tasks to queue
[2026-07-16T05:34:38.644+0000] {logging_mixin.py:188} INFO - [2026-07-16T05:34:38.644+0000] {dagbag.py:538} INFO - Filling up the DagBag from /home/airflow/.local/lib/python3.8/site-packages/airflow/example_dags/tutorial_dag.py
[2026-07-16T05:34:38.650+0000] {processor.py:840} INFO - DAG(s) 'tutorial_dag' retrieved from /home/airflow/.local/lib/python3.8/site-packages/airflow/example_dags/tutorial_dag.py
[2026-07-16T05:34:38.666+0000] {logging_mixin.py:188} INFO - [2026-07-16T05:34:38.666+0000] {dag.py:3036} INFO - Sync 1 DAGs
[2026-07-16T05:34:38.675+0000] {logging_mixin.py:188} INFO - [2026-07-16T05:34:38.675+0000] {dag.py:3823} INFO - Setting next_dagrun for tutorial_dag to None, run_after=None
[2026-07-16T05:34:38.689+0000] {processor.py:183} INFO - Processing /home/airflow/.local/lib/python3.8/site-packages/airflow/example_dags/tutorial_dag.py took 0.052 seconds
[2026-07-16T05:35:09.156+0000] {processor.py:161} INFO - Started process (PID=1534) to work on /home/airflow/.local/lib/python3.8/site-packages/airflow/example_dags/tutorial_dag.py
[2026-07-16T05:35:09.157+0000] {processor.py:830} INFO - Processing file /home/airflow/.local/lib/python3.8/site-packages/airflow/example_dags/tutorial_dag.py for tasks to queue
[2026-07-16T05:35:09.158+0000] {logging_mixin.py:188} INFO - [2026-07-16T05:35:09.158+0000] {dagbag.py:538} INFO - Filling up the DagBag from /home/airflow/.local/lib/python3.8/site-packages/airflow/example_dags/tutorial_dag.py
[2026-07-16T05:35:09.163+0000] {processor.py:840} INFO - DAG(s) 'tutorial_dag' retrieved from /home/airflow/.local/lib/python3.8/site-packages/airflow/example_dags/tutorial_dag.py
[2026-07-16T05:35:09.179+0000] {logging_mixin.py:188} INFO - [2026-07-16T05:35:09.179+0000] {dag.py:3036} INFO - Sync 1 DAGs
[2026-07-16T05:35:09.188+0000] {logging_mixin.py:188} INFO - [2026-07-16T05:35:09.187+0000] {dag.py:3823} INFO - Setting next_dagrun for tutorial_dag to None, run_after=None
[2026-07-16T05:35:09.202+0000] {processor.py:183} INFO - Processing /home/airflow/.local/lib/python3.8/site-packages/airflow/example_dags/tutorial_dag.py took 0.049 seconds
[2026-07-16T05:35:39.835+0000] {processor.py:161} INFO - Started process (PID=1590) to work on /home/airflow/.local/lib/python3.8/site-packages/airflow/example_dags/tutorial_dag.py
[2026-07-16T05:35:39.837+0000] {processor.py:830} INFO - Processing file /home/airflow/.local/lib/python3.8/site-packages/airflow/example_dags/tutorial_dag.py for tasks to queue
[2026-07-16T05:35:39.838+0000] {logging_mixin.py:188} INFO - [2026-07-16T05:35:39.838+0000] {dagbag.py:538} INFO - Filling up the DagBag from /home/airflow/.local/lib/python3.8/site-packages/airflow/example_dags/tutorial_dag.py
[2026-07-16T05:35:39.844+0000] {processor.py:840} INFO - DAG(s) 'tutorial_dag' retrieved from /home/airflow/.local/lib/python3.8/site-packages/airflow/example_dags/tutorial_dag.py
[2026-07-16T05:35:39.862+0000] {logging_mixin.py:188} INFO - [2026-07-16T05:35:39.862+0000] {dag.py:3036} INFO - Sync 1 DAGs
[2026-07-16T05:35:39.873+0000] {logging_mixin.py:188} INFO - [2026-07-16T05:35:39.872+0000] {dag.py:3823} INFO - Setting next_dagrun for tutorial_dag to None, run_after=None
[2026-07-16T05:35:39.889+0000] {processor.py:183} INFO - Processing /home/airflow/.local/lib/python3.8/site-packages/airflow/example_dags/tutorial_dag.py took 0.057 seconds
[2026-07-16T05:36:10.076+0000] {processor.py:161} INFO - Started process (PID=1646) to work on /home/airflow/.local/lib/python3.8/site-packages/airflow/example_dags/tutorial_dag.py
[2026-07-16T05:36:10.078+0000] {processor.py:830} INFO - Processing file /home/airflow/.local/lib/python3.8/site-packages/airflow/example_dags/tutorial_dag.py for tasks to queue
[2026-07-16T05:36:10.081+0000] {logging_mixin.py:188} INFO - [2026-07-16T05:36:10.080+0000] {dagbag.py:538} INFO - Filling up the DagBag from /home/airflow/.local/lib/python3.8/site-packages/airflow/example_dags/tutorial_dag.py
[2026-07-16T05:36:10.089+0000] {processor.py:840} INFO - DAG(s) 'tutorial_dag' retrieved from /home/airflow/.local/lib/python3.8/site-packages/airflow/example_dags/tutorial_dag.py
[2026-07-16T05:36:10.113+0000] {logging_mixin.py:188} INFO - [2026-07-16T05:36:10.113+0000] {dag.py:3036} INFO - Sync 1 DAGs
[2026-07-16T05:36:10.126+0000] {logging_mixin.py:188} INFO - [2026-07-16T05:36:10.126+0000] {dag.py:3823} INFO - Setting next_dagrun for tutorial_dag to None, run_after=None
[2026-07-16T05:36:10.149+0000] {processor.py:183} INFO - Processing /home/airflow/.local/lib/python3.8/site-packages/airflow/example_dags/tutorial_dag.py took 0.079 seconds
[2026-07-16T05:36:40.485+0000] {processor.py:161} INFO - Started process (PID=1703) to work on /home/airflow/.local/lib/python3.8/site-packages/airflow/example_dags/tutorial_dag.py
[2026-07-16T05:36:40.486+0000] {processor.py:830} INFO - Processing file /home/airflow/.local/lib/python3.8/site-packages/airflow/example_dags/tutorial_dag.py for tasks to queue
[2026-07-16T05:36:40.489+0000] {logging_mixin.py:188} INFO - [2026-07-16T05:36:40.488+0000] {dagbag.py:538} INFO - Filling up the DagBag from /home/airflow/.local/lib/python3.8/site-packages/airflow/example_dags/tutorial_dag.py
[2026-07-16T05:36:40.495+0000] {processor.py:840} INFO - DAG(s) 'tutorial_dag' retrieved from /home/airflow/.local/lib/python3.8/site-packages/airflow/example_dags/tutorial_dag.py
[2026-07-16T05:36:40.517+0000] {logging_mixin.py:188} INFO - [2026-07-16T05:36:40.517+0000] {dag.py:3036} INFO - Sync 1 DAGs
[2026-07-16T05:36:40.530+0000] {logging_mixin.py:188} INFO - [2026-07-16T05:36:40.530+0000] {dag.py:3823} INFO - Setting next_dagrun for tutorial_dag to None, run_after=None
[2026-07-16T05:36:40.549+0000] {processor.py:183} INFO - Processing /home/airflow/.local/lib/python3.8/site-packages/airflow/example_dags/tutorial_dag.py took 0.068 seconds
[2026-07-16T05:37:10.655+0000] {processor.py:161} INFO - Started process (PID=1759) to work on /home/airflow/.local/lib/python3.8/site-packages/airflow/example_dags/tutorial_dag.py
[2026-07-16T05:37:10.656+0000] {processor.py:830} INFO - Processing file /home/airflow/.local/lib/python3.8/site-packages/airflow/example_dags/tutorial_dag.py for tasks to queue
[2026-07-16T05:37:10.659+0000] {logging_mixin.py:188} INFO - [2026-07-16T05:37:10.658+0000] {dagbag.py:538} INFO - Filling up the DagBag from /home/airflow/.local/lib/python3.8/site-packages/airflow/example_dags/tutorial_dag.py
[2026-07-16T05:37:10.667+0000] {processor.py:840} INFO - DAG(s) 'tutorial_dag' retrieved from /home/airflow/.local/lib/python3.8/site-packages/airflow/example_dags/tutorial_dag.py
[2026-07-16T05:37:10.686+0000] {logging_mixin.py:188} INFO - [2026-07-16T05:37:10.686+0000] {dag.py:3036} INFO - Sync 1 DAGs
[2026-07-16T05:37:10.697+0000] {logging_mixin.py:188} INFO - [2026-07-16T05:37:10.697+0000] {dag.py:3823} INFO - Setting next_dagrun for tutorial_dag to None, run_after=None
[2026-07-16T05:37:10.714+0000] {processor.py:183} INFO - Processing /home/airflow/.local/lib/python3.8/site-packages/airflow/example_dags/tutorial_dag.py took 0.063 seconds
[2026-07-16T05:37:41.207+0000] {processor.py:161} INFO - Started process (PID=1815) to work on /home/airflow/.local/lib/python3.8/site-packages/airflow/example_dags/tutorial_dag.py
[2026-07-16T05:37:41.209+0000] {processor.py:830} INFO - Processing file /home/airflow/.local/lib/python3.8/site-packages/airflow/example_dags/tutorial_dag.py for tasks to queue
[2026-07-16T05:37:41.212+0000] {logging_mixin.py:188} INFO - [2026-07-16T05:37:41.211+0000] {dagbag.py:538} INFO - Filling up the DagBag from /home/airflow/.local/lib/python3.8/site-packages/airflow/example_dags/tutorial_dag.py
[2026-07-16T05:37:41.220+0000] {processor.py:840} INFO - DAG(s) 'tutorial_dag' retrieved from /home/airflow/.local/lib/python3.8/site-packages/airflow/example_dags/tutorial_dag.py
[2026-07-16T05:37:41.241+0000] {logging_mixin.py:188} INFO - [2026-07-16T05:37:41.240+0000] {dag.py:3036} INFO - Sync 1 DAGs
[2026-07-16T05:37:41.261+0000] {logging_mixin.py:188} INFO - [2026-07-16T05:37:41.260+0000] {dag.py:3823} INFO - Setting next_dagrun for tutorial_dag to None, run_after=None
[2026-07-16T05:37:41.283+0000] {processor.py:183} INFO - Processing /home/airflow/.local/lib/python3.8/site-packages/airflow/example_dags/tutorial_dag.py took 0.081 seconds
[2026-07-16T05:38:11.408+0000] {processor.py:161} INFO - Started process (PID=1871) to work on /home/airflow/.local/lib/python3.8/site-packages/airflow/example_dags/tutorial_dag.py
[2026-07-16T05:38:11.410+0000] {processor.py:830} INFO - Processing file /home/airflow/.local/lib/python3.8/site-packages/airflow/example_dags/tutorial_dag.py for tasks to queue
[2026-07-16T05:38:11.411+0000] {logging_mixin.py:188} INFO - [2026-07-16T05:38:11.411+0000] {dagbag.py:538} INFO - Filling up the DagBag from /home/airflow/.local/lib/python3.8/site-packages/airflow/example_dags/tutorial_dag.py
[2026-07-16T05:38:11.417+0000] {processor.py:840} INFO - DAG(s) 'tutorial_dag' retrieved from /home/airflow/.local/lib/python3.8/site-packages/airflow/example_dags/tutorial_dag.py
[2026-07-16T05:38:11.434+0000] {logging_mixin.py:188} INFO - [2026-07-16T05:38:11.434+0000] {dag.py:3036} INFO - Sync 1 DAGs
[2026-07-16T05:38:11.444+0000] {logging_mixin.py:188} INFO - [2026-07-16T05:38:11.444+0000] {dag.py:3823} INFO - Setting next_dagrun for tutorial_dag to None, run_after=None
[2026-07-16T05:38:11.461+0000] {processor.py:183} INFO - Processing /home/airflow/.local/lib/python3.8/site-packages/airflow/example_dags/tutorial_dag.py took 0.056 seconds
[2026-07-16T05:38:41.684+0000] {processor.py:161} INFO - Started process (PID=1927) to work on /home/airflow/.local/lib/python3.8/site-packages/airflow/example_dags/tutorial_dag.py
[2026-07-16T05:38:41.685+0000] {processor.py:830} INFO - Processing file /home/airflow/.local/lib/python3.8/site-packages/airflow/example_dags/tutorial_dag.py for tasks to queue
[2026-07-16T05:38:41.687+0000] {logging_mixin.py:188} INFO - [2026-07-16T05:38:41.687+0000] {dagbag.py:538} INFO - Filling up the DagBag from /home/airflow/.local/lib/python3.8/site-packages/airflow/example_dags/tutorial_dag.py
[2026-07-16T05:38:41.694+0000] {processor.py:840} INFO - DAG(s) 'tutorial_dag' retrieved from /home/airflow/.local/lib/python3.8/site-packages/airflow/example_dags/tutorial_dag.py
[2026-07-16T05:38:41.713+0000] {logging_mixin.py:188} INFO - [2026-07-16T05:38:41.713+0000] {dag.py:3036} INFO - Sync 1 DAGs
[2026-07-16T05:38:41.723+0000] {logging_mixin.py:188} INFO - [2026-07-16T05:38:41.723+0000] {dag.py:3823} INFO - Setting next_dagrun for tutorial_dag to None, run_after=None
[2026-07-16T05:38:41.741+0000] {processor.py:183} INFO - Processing /home/airflow/.local/lib/python3.8/site-packages/airflow/example_dags/tutorial_dag.py took 0.062 seconds
[2026-07-16T05:39:12.154+0000] {processor.py:161} INFO - Started process (PID=1983) to work on /home/airflow/.local/lib/python3.8/site-packages/airflow/example_dags/tutorial_dag.py
[2026-07-16T05:39:12.156+0000] {processor.py:830} INFO - Processing file /home/airflow/.local/lib/python3.8/site-packages/airflow/example_dags/tutorial_dag.py for tasks to queue
[2026-07-16T05:39:12.157+0000] {logging_mixin.py:188} INFO - [2026-07-16T05:39:12.157+0000] {dagbag.py:538} INFO - Filling up the DagBag from /home/airflow/.local/lib/python3.8/site-packages/airflow/example_dags/tutorial_dag.py
[2026-07-16T05:39:12.164+0000] {processor.py:840} INFO - DAG(s) 'tutorial_dag' retrieved from /home/airflow/.local/lib/python3.8/site-packages/airflow/example_dags/tutorial_dag.py
[2026-07-16T05:39:12.182+0000] {logging_mixin.py:188} INFO - [2026-07-16T05:39:12.182+0000] {dag.py:3036} INFO - Sync 1 DAGs
[2026-07-16T05:39:12.191+0000] {logging_mixin.py:188} INFO - [2026-07-16T05:39:12.191+0000] {dag.py:3823} INFO - Setting next_dagrun for tutorial_dag to None, run_after=None
[2026-07-16T05:39:12.205+0000] {processor.py:183} INFO - Processing /home/airflow/.local/lib/python3.8/site-packages/airflow/example_dags/tutorial_dag.py took 0.054 seconds
[2026-07-16T05:39:42.317+0000] {processor.py:161} INFO - Started process (PID=2039) to work on /home/airflow/.local/lib/python3.8/site-packages/airflow/example_dags/tutorial_dag.py
[2026-07-16T05:39:42.318+0000] {processor.py:830} INFO - Processing file /home/airflow/.local/lib/python3.8/site-packages/airflow/example_dags/tutorial_dag.py for tasks to queue
[2026-07-16T05:39:42.320+0000] {logging_mixin.py:188} INFO - [2026-07-16T05:39:42.320+0000] {dagbag.py:538} INFO - Filling up the DagBag from /home/airflow/.local/lib/python3.8/site-packages/airflow/example_dags/tutorial_dag.py
[2026-07-16T05:39:42.326+0000] {processor.py:840} INFO - DAG(s) 'tutorial_dag' retrieved from /home/airflow/.local/lib/python3.8/site-packages/airflow/example_dags/tutorial_dag.py
[2026-07-16T05:39:42.343+0000] {logging_mixin.py:188} INFO - [2026-07-16T05:39:42.343+0000] {dag.py:3036} INFO - Sync 1 DAGs
[2026-07-16T05:39:42.353+0000] {logging_mixin.py:188} INFO - [2026-07-16T05:39:42.352+0000] {dag.py:3823} INFO - Setting next_dagrun for tutorial_dag to None, run_after=None
[2026-07-16T05:39:42.367+0000] {processor.py:183} INFO - Processing /home/airflow/.local/lib/python3.8/site-packages/airflow/example_dags/tutorial_dag.py took 0.056 seconds
[2026-07-16T05:40:12.504+0000] {processor.py:161} INFO - Started process (PID=2095) to work on /home/airflow/.local/lib/python3.8/site-packages/airflow/example_dags/tutorial_dag.py
[2026-07-16T05:40:12.505+0000] {processor.py:830} INFO - Processing file /home/airflow/.local/lib/python3.8/site-packages/airflow/example_dags/tutorial_dag.py for tasks to queue
[2026-07-16T05:40:12.508+0000] {logging_mixin.py:188} INFO - [2026-07-16T05:40:12.507+0000] {dagbag.py:538} INFO - Filling up the DagBag from /home/airflow/.local/lib/python3.8/site-packages/airflow/example_dags/tutorial_dag.py
[2026-07-16T05:40:12.514+0000] {processor.py:840} INFO - DAG(s) 'tutorial_dag' retrieved from /home/airflow/.local/lib/python3.8/site-packages/airflow/example_dags/tutorial_dag.py
[2026-07-16T05:40:12.534+0000] {logging_mixin.py:188} INFO - [2026-07-16T05:40:12.534+0000] {dag.py:3036} INFO - Sync 1 DAGs
[2026-07-16T05:40:12.546+0000] {logging_mixin.py:188} INFO - [2026-07-16T05:40:12.546+0000] {dag.py:3823} INFO - Setting next_dagrun for tutorial_dag to None, run_after=None
[2026-07-16T05:40:12.565+0000] {processor.py:183} INFO - Processing /home/airflow/.local/lib/python3.8/site-packages/airflow/example_dags/tutorial_dag.py took 0.066 seconds
[2026-07-16T05:40:42.871+0000] {processor.py:161} INFO - Started process (PID=2151) to work on /home/airflow/.local/lib/python3.8/site-packages/airflow/example_dags/tutorial_dag.py
[2026-07-16T05:40:42.872+0000] {processor.py:830} INFO - Processing file /home/airflow/.local/lib/python3.8/site-packages/airflow/example_dags/tutorial_dag.py for tasks to queue
[2026-07-16T05:40:42.874+0000] {logging_mixin.py:188} INFO - [2026-07-16T05:40:42.874+0000] {dagbag.py:538} INFO - Filling up the DagBag from /home/airflow/.local/lib/python3.8/site-packages/airflow/example_dags/tutorial_dag.py
[2026-07-16T05:40:42.879+0000] {processor.py:840} INFO - DAG(s) 'tutorial_dag' retrieved from /home/airflow/.local/lib/python3.8/site-packages/airflow/example_dags/tutorial_dag.py
[2026-07-16T05:40:42.896+0000] {logging_mixin.py:188} INFO - [2026-07-16T05:40:42.896+0000] {dag.py:3036} INFO - Sync 1 DAGs
[2026-07-16T05:40:42.905+0000] {logging_mixin.py:188} INFO - [2026-07-16T05:40:42.905+0000] {dag.py:3823} INFO - Setting next_dagrun for tutorial_dag to None, run_after=None
[2026-07-16T05:40:42.926+0000] {processor.py:183} INFO - Processing /home/airflow/.local/lib/python3.8/site-packages/airflow/example_dags/tutorial_dag.py took 0.058 seconds
[2026-07-16T05:41:13.265+0000] {processor.py:161} INFO - Started process (PID=2207) to work on /home/airflow/.local/lib/python3.8/site-packages/airflow/example_dags/tutorial_dag.py
[2026-07-16T05:41:13.266+0000] {processor.py:830} INFO - Processing file /home/airflow/.local/lib/python3.8/site-packages/airflow/example_dags/tutorial_dag.py for tasks to queue
[2026-07-16T05:41:13.268+0000] {logging_mixin.py:188} INFO - [2026-07-16T05:41:13.267+0000] {dagbag.py:538} INFO - Filling up the DagBag from /home/airflow/.local/lib/python3.8/site-packages/airflow/example_dags/tutorial_dag.py
[2026-07-16T05:41:13.273+0000] {processor.py:840} INFO - DAG(s) 'tutorial_dag' retrieved from /home/airflow/.local/lib/python3.8/site-packages/airflow/example_dags/tutorial_dag.py
[2026-07-16T05:41:13.289+0000] {logging_mixin.py:188} INFO - [2026-07-16T05:41:13.289+0000] {dag.py:3036} INFO - Sync 1 DAGs
[2026-07-16T05:41:13.298+0000] {logging_mixin.py:188} INFO - [2026-07-16T05:41:13.298+0000] {dag.py:3823} INFO - Setting next_dagrun for tutorial_dag to None, run_after=None
[2026-07-16T05:41:13.313+0000] {processor.py:183} INFO - Processing /home/airflow/.local/lib/python3.8/site-packages/airflow/example_dags/tutorial_dag.py took 0.051 seconds
[2026-07-16T05:41:44.199+0000] {processor.py:161} INFO - Started process (PID=2263) to work on /home/airflow/.local/lib/python3.8/site-packages/airflow/example_dags/tutorial_dag.py
[2026-07-16T05:41:44.200+0000] {processor.py:830} INFO - Processing file /home/airflow/.local/lib/python3.8/site-packages/airflow/example_dags/tutorial_dag.py for tasks to queue
[2026-07-16T05:41:44.202+0000] {logging_mixin.py:188} INFO - [2026-07-16T05:41:44.202+0000] {dagbag.py:538} INFO - Filling up the DagBag from /home/airflow/.local/lib/python3.8/site-packages/airflow/example_dags/tutorial_dag.py
[2026-07-16T05:41:44.207+0000] {processor.py:840} INFO - DAG(s) 'tutorial_dag' retrieved from /home/airflow/.local/lib/python3.8/site-packages/airflow/example_dags/tutorial_dag.py
[2026-07-16T05:41:44.224+0000] {logging_mixin.py:188} INFO - [2026-07-16T05:41:44.223+0000] {dag.py:3036} INFO - Sync 1 DAGs
[2026-07-16T05:41:44.233+0000] {logging_mixin.py:188} INFO - [2026-07-16T05:41:44.232+0000] {dag.py:3823} INFO - Setting next_dagrun for tutorial_dag to None, run_after=None
[2026-07-16T05:41:44.249+0000] {processor.py:183} INFO - Processing /home/airflow/.local/lib/python3.8/site-packages/airflow/example_dags/tutorial_dag.py took 0.053 seconds
[2026-07-16T05:42:15.108+0000] {processor.py:161} INFO - Started process (PID=2319) to work on /home/airflow/.local/lib/python3.8/site-packages/airflow/example_dags/tutorial_dag.py
[2026-07-16T05:42:15.109+0000] {processor.py:830} INFO - Processing file /home/airflow/.local/lib/python3.8/site-packages/airflow/example_dags/tutorial_dag.py for tasks to queue
[2026-07-16T05:42:15.111+0000] {logging_mixin.py:188} INFO - [2026-07-16T05:42:15.110+0000] {dagbag.py:538} INFO - Filling up the DagBag from /home/airflow/.local/lib/python3.8/site-packages/airflow/example_dags/tutorial_dag.py
[2026-07-16T05:42:15.115+0000] {processor.py:840} INFO - DAG(s) 'tutorial_dag' retrieved from /home/airflow/.local/lib/python3.8/site-packages/airflow/example_dags/tutorial_dag.py
[2026-07-16T05:42:15.132+0000] {logging_mixin.py:188} INFO - [2026-07-16T05:42:15.132+0000] {dag.py:3036} INFO - Sync 1 DAGs
[2026-07-16T05:42:15.141+0000] {logging_mixin.py:188} INFO - [2026-07-16T05:42:15.141+0000] {dag.py:3823} INFO - Setting next_dagrun for tutorial_dag to None, run_after=None
[2026-07-16T05:42:15.156+0000] {processor.py:183} INFO - Processing /home/airflow/.local/lib/python3.8/site-packages/airflow/example_dags/tutorial_dag.py took 0.053 seconds
[2026-07-16T05:42:45.365+0000] {processor.py:161} INFO - Started process (PID=2375) to work on /home/airflow/.local/lib/python3.8/site-packages/airflow/example_dags/tutorial_dag.py
[2026-07-16T05:42:45.367+0000] {processor.py:830} INFO - Processing file /home/airflow/.local/lib/python3.8/site-packages/airflow/example_dags/tutorial_dag.py for tasks to queue
[2026-07-16T05:42:45.368+0000] {logging_mixin.py:188} INFO - [2026-07-16T05:42:45.368+0000] {dagbag.py:538} INFO - Filling up the DagBag from /home/airflow/.local/lib/python3.8/site-packages/airflow/example_dags/tutorial_dag.py
[2026-07-16T05:42:45.374+0000] {processor.py:840} INFO - DAG(s) 'tutorial_dag' retrieved from /home/airflow/.local/lib/python3.8/site-packages/airflow/example_dags/tutorial_dag.py
[2026-07-16T05:42:45.391+0000] {logging_mixin.py:188} INFO - [2026-07-16T05:42:45.391+0000] {dag.py:3036} INFO - Sync 1 DAGs
[2026-07-16T05:42:45.402+0000] {logging_mixin.py:188} INFO - [2026-07-16T05:42:45.402+0000] {dag.py:3823} INFO - Setting next_dagrun for tutorial_dag to None, run_after=None
[2026-07-16T05:42:45.419+0000] {processor.py:183} INFO - Processing /home/airflow/.local/lib/python3.8/site-packages/airflow/example_dags/tutorial_dag.py took 0.057 seconds
[2026-07-16T05:43:15.857+0000] {processor.py:161} INFO - Started process (PID=2431) to work on /home/airflow/.local/lib/python3.8/site-packages/airflow/example_dags/tutorial_dag.py
[2026-07-16T05:43:15.858+0000] {processor.py:830} INFO - Processing file /home/airflow/.local/lib/python3.8/site-packages/airflow/example_dags/tutorial_dag.py for tasks to queue
[2026-07-16T05:43:15.861+0000] {logging_mixin.py:188} INFO - [2026-07-16T05:43:15.860+0000] {dagbag.py:538} INFO - Filling up the DagBag from /home/airflow/.local/lib/python3.8/site-packages/airflow/example_dags/tutorial_dag.py
[2026-07-16T05:43:15.869+0000] {processor.py:840} INFO - DAG(s) 'tutorial_dag' retrieved from /home/airflow/.local/lib/python3.8/site-packages/airflow/example_dags/tutorial_dag.py
[2026-07-16T05:43:15.891+0000] {logging_mixin.py:188} INFO - [2026-07-16T05:43:15.890+0000] {dag.py:3036} INFO - Sync 1 DAGs
[2026-07-16T05:43:15.904+0000] {logging_mixin.py:188} INFO - [2026-07-16T05:43:15.903+0000] {dag.py:3823} INFO - Setting next_dagrun for tutorial_dag to None, run_after=None
[2026-07-16T05:43:15.926+0000] {processor.py:183} INFO - Processing /home/airflow/.local/lib/python3.8/site-packages/airflow/example_dags/tutorial_dag.py took 0.073 seconds
[2026-07-16T05:43:46.323+0000] {processor.py:161} INFO - Started process (PID=2487) to work on /home/airflow/.local/lib/python3.8/site-packages/airflow/example_dags/tutorial_dag.py
[2026-07-16T05:43:46.325+0000] {processor.py:830} INFO - Processing file /home/airflow/.local/lib/python3.8/site-packages/airflow/example_dags/tutorial_dag.py for tasks to queue
[2026-07-16T05:43:46.326+0000] {logging_mixin.py:188} INFO - [2026-07-16T05:43:46.326+0000] {dagbag.py:538} INFO - Filling up the DagBag from /home/airflow/.local/lib/python3.8/site-packages/airflow/example_dags/tutorial_dag.py
[2026-07-16T05:43:46.332+0000] {processor.py:840} INFO - DAG(s) 'tutorial_dag' retrieved from /home/airflow/.local/lib/python3.8/site-packages/airflow/example_dags/tutorial_dag.py
[2026-07-16T05:43:46.350+0000] {logging_mixin.py:188} INFO - [2026-07-16T05:43:46.350+0000] {dag.py:3036} INFO - Sync 1 DAGs
[2026-07-16T05:43:46.360+0000] {logging_mixin.py:188} INFO - [2026-07-16T05:43:46.360+0000] {dag.py:3823} INFO - Setting next_dagrun for tutorial_dag to None, run_after=None
[2026-07-16T05:43:46.375+0000] {processor.py:183} INFO - Processing /home/airflow/.local/lib/python3.8/site-packages/airflow/example_dags/tutorial_dag.py took 0.055 seconds
[2026-07-16T05:44:16.851+0000] {processor.py:161} INFO - Started process (PID=2543) to work on /home/airflow/.local/lib/python3.8/site-packages/airflow/example_dags/tutorial_dag.py
[2026-07-16T05:44:16.852+0000] {processor.py:830} INFO - Processing file /home/airflow/.local/lib/python3.8/site-packages/airflow/example_dags/tutorial_dag.py for tasks to queue
[2026-07-16T05:44:16.855+0000] {logging_mixin.py:188} INFO - [2026-07-16T05:44:16.855+0000] {dagbag.py:538} INFO - Filling up the DagBag from /home/airflow/.local/lib/python3.8/site-packages/airflow/example_dags/tutorial_dag.py
[2026-07-16T05:44:16.861+0000] {processor.py:840} INFO - DAG(s) 'tutorial_dag' retrieved from /home/airflow/.local/lib/python3.8/site-packages/airflow/example_dags/tutorial_dag.py
[2026-07-16T05:44:16.882+0000] {logging_mixin.py:188} INFO - [2026-07-16T05:44:16.882+0000] {dag.py:3036} INFO - Sync 1 DAGs
[2026-07-16T05:44:16.894+0000] {logging_mixin.py:188} INFO - [2026-07-16T05:44:16.894+0000] {dag.py:3823} INFO - Setting next_dagrun for tutorial_dag to None, run_after=None
[2026-07-16T05:44:16.913+0000] {processor.py:183} INFO - Processing /home/airflow/.local/lib/python3.8/site-packages/airflow/example_dags/tutorial_dag.py took 0.067 seconds
[2026-07-16T05:44:47.194+0000] {processor.py:161} INFO - Started process (PID=2599) to work on /home/airflow/.local/lib/python3.8/site-packages/airflow/example_dags/tutorial_dag.py
[2026-07-16T05:44:47.195+0000] {processor.py:830} INFO - Processing file /home/airflow/.local/lib/python3.8/site-packages/airflow/example_dags/tutorial_dag.py for tasks to queue
[2026-07-16T05:44:47.197+0000] {logging_mixin.py:188} INFO - [2026-07-16T05:44:47.197+0000] {dagbag.py:538} INFO - Filling up the DagBag from /home/airflow/.local/lib/python3.8/site-packages/airflow/example_dags/tutorial_dag.py
[2026-07-16T05:44:47.203+0000] {processor.py:840} INFO - DAG(s) 'tutorial_dag' retrieved from /home/airflow/.local/lib/python3.8/site-packages/airflow/example_dags/tutorial_dag.py
[2026-07-16T05:44:47.221+0000] {logging_mixin.py:188} INFO - [2026-07-16T05:44:47.220+0000] {dag.py:3036} INFO - Sync 1 DAGs
[2026-07-16T05:44:47.233+0000] {logging_mixin.py:188} INFO - [2026-07-16T05:44:47.233+0000] {dag.py:3823} INFO - Setting next_dagrun for tutorial_dag to None, run_after=None
[2026-07-16T05:44:47.252+0000] {processor.py:183} INFO - Processing /home/airflow/.local/lib/python3.8/site-packages/airflow/example_dags/tutorial_dag.py took 0.061 seconds
[2026-07-16T05:45:17.419+0000] {processor.py:161} INFO - Started process (PID=2655) to work on /home/airflow/.local/lib/python3.8/site-packages/airflow/example_dags/tutorial_dag.py
[2026-07-16T05:45:17.420+0000] {processor.py:830} INFO - Processing file /home/airflow/.local/lib/python3.8/site-packages/airflow/example_dags/tutorial_dag.py for tasks to queue
[2026-07-16T05:45:17.421+0000] {logging_mixin.py:188} INFO - [2026-07-16T05:45:17.421+0000] {dagbag.py:538} INFO - Filling up the DagBag from /home/airflow/.local/lib/python3.8/site-packages/airflow/example_dags/tutorial_dag.py
[2026-07-16T05:45:17.426+0000] {processor.py:840} INFO - DAG(s) 'tutorial_dag' retrieved from /home/airflow/.local/lib/python3.8/site-packages/airflow/example_dags/tutorial_dag.py
[2026-07-16T05:45:17.440+0000] {logging_mixin.py:188} INFO - [2026-07-16T05:45:17.440+0000] {dag.py:3036} INFO - Sync 1 DAGs
[2026-07-16T05:45:17.449+0000] {logging_mixin.py:188} INFO - [2026-07-16T05:45:17.448+0000] {dag.py:3823} INFO - Setting next_dagrun for tutorial_dag to None, run_after=None
[2026-07-16T05:45:17.461+0000] {processor.py:183} INFO - Processing /home/airflow/.local/lib/python3.8/site-packages/airflow/example_dags/tutorial_dag.py took 0.045 seconds
[2026-07-16T05:45:47.673+0000] {processor.py:161} INFO - Started process (PID=2711) to work on /home/airflow/.local/lib/python3.8/site-packages/airflow/example_dags/tutorial_dag.py
[2026-07-16T05:45:47.674+0000] {processor.py:830} INFO - Processing file /home/airflow/.local/lib/python3.8/site-packages/airflow/example_dags/tutorial_dag.py for tasks to queue
[2026-07-16T05:45:47.675+0000] {logging_mixin.py:188} INFO - [2026-07-16T05:45:47.675+0000] {dagbag.py:538} INFO - Filling up the DagBag from /home/airflow/.local/lib/python3.8/site-packages/airflow/example_dags/tutorial_dag.py
[2026-07-16T05:45:47.679+0000] {processor.py:840} INFO - DAG(s) 'tutorial_dag' retrieved from /home/airflow/.local/lib/python3.8/site-packages/airflow/example_dags/tutorial_dag.py
[2026-07-16T05:45:47.695+0000] {logging_mixin.py:188} INFO - [2026-07-16T05:45:47.695+0000] {dag.py:3036} INFO - Sync 1 DAGs
[2026-07-16T05:45:47.704+0000] {logging_mixin.py:188} INFO - [2026-07-16T05:45:47.704+0000] {dag.py:3823} INFO - Setting next_dagrun for tutorial_dag to None, run_after=None
[2026-07-16T05:45:47.721+0000] {processor.py:183} INFO - Processing /home/airflow/.local/lib/python3.8/site-packages/airflow/example_dags/tutorial_dag.py took 0.051 seconds
[2026-07-16T05:46:18.176+0000] {processor.py:161} INFO - Started process (PID=2767) to work on /home/airflow/.local/lib/python3.8/site-packages/airflow/example_dags/tutorial_dag.py
[2026-07-16T05:46:18.177+0000] {processor.py:830} INFO - Processing file /home/airflow/.local/lib/python3.8/site-packages/airflow/example_dags/tutorial_dag.py for tasks to queue
[2026-07-16T05:46:18.178+0000] {logging_mixin.py:188} INFO - [2026-07-16T05:46:18.178+0000] {dagbag.py:538} INFO - Filling up the DagBag from /home/airflow/.local/lib/python3.8/site-packages/airflow/example_dags/tutorial_dag.py
[2026-07-16T05:46:18.182+0000] {processor.py:840} INFO - DAG(s) 'tutorial_dag' retrieved from /home/airflow/.local/lib/python3.8/site-packages/airflow/example_dags/tutorial_dag.py
[2026-07-16T05:46:18.196+0000] {logging_mixin.py:188} INFO - [2026-07-16T05:46:18.196+0000] {dag.py:3036} INFO - Sync 1 DAGs
[2026-07-16T05:46:18.205+0000] {logging_mixin.py:188} INFO - [2026-07-16T05:46:18.205+0000] {dag.py:3823} INFO - Setting next_dagrun for tutorial_dag to None, run_after=None
[2026-07-16T05:46:18.219+0000] {processor.py:183} INFO - Processing /home/airflow/.local/lib/python3.8/site-packages/airflow/example_dags/tutorial_dag.py took 0.047 seconds
[2026-07-16T05:46:48.433+0000] {processor.py:161} INFO - Started process (PID=2823) to work on /home/airflow/.local/lib/python3.8/site-packages/airflow/example_dags/tutorial_dag.py
[2026-07-16T05:46:48.434+0000] {processor.py:830} INFO - Processing file /home/airflow/.local/lib/python3.8/site-packages/airflow/example_dags/tutorial_dag.py for tasks to queue
[2026-07-16T05:46:48.435+0000] {logging_mixin.py:188} INFO - [2026-07-16T05:46:48.435+0000] {dagbag.py:538} INFO - Filling up the DagBag from /home/airflow/.local/lib/python3.8/site-packages/airflow/example_dags/tutorial_dag.py
[2026-07-16T05:46:48.440+0000] {processor.py:840} INFO - DAG(s) 'tutorial_dag' retrieved from /home/airflow/.local/lib/python3.8/site-packages/airflow/example_dags/tutorial_dag.py
[2026-07-16T05:46:48.453+0000] {logging_mixin.py:188} INFO - [2026-07-16T05:46:48.453+0000] {dag.py:3036} INFO - Sync 1 DAGs
[2026-07-16T05:46:48.461+0000] {logging_mixin.py:188} INFO - [2026-07-16T05:46:48.461+0000] {dag.py:3823} INFO - Setting next_dagrun for tutorial_dag to None, run_after=None
[2026-07-16T05:46:48.475+0000] {processor.py:183} INFO - Processing /home/airflow/.local/lib/python3.8/site-packages/airflow/example_dags/tutorial_dag.py took 0.045 seconds
[2026-07-16T05:47:19.227+0000] {processor.py:161} INFO - Started process (PID=2879) to work on /home/airflow/.local/lib/python3.8/site-packages/airflow/example_dags/tutorial_dag.py
[2026-07-16T05:47:19.228+0000] {processor.py:830} INFO - Processing file /home/airflow/.local/lib/python3.8/site-packages/airflow/example_dags/tutorial_dag.py for tasks to queue
[2026-07-16T05:47:19.231+0000] {logging_mixin.py:188} INFO - [2026-07-16T05:47:19.231+0000] {dagbag.py:538} INFO - Filling up the DagBag from /home/airflow/.local/lib/python3.8/site-packages/airflow/example_dags/tutorial_dag.py
[2026-07-16T05:47:19.237+0000] {processor.py:840} INFO - DAG(s) 'tutorial_dag' retrieved from /home/airflow/.local/lib/python3.8/site-packages/airflow/example_dags/tutorial_dag.py
[2026-07-16T05:47:19.253+0000] {logging_mixin.py:188} INFO - [2026-07-16T05:47:19.253+0000] {dag.py:3036} INFO - Sync 1 DAGs
[2026-07-16T05:47:19.264+0000] {logging_mixin.py:188} INFO - [2026-07-16T05:47:19.264+0000] {dag.py:3823} INFO - Setting next_dagrun for tutorial_dag to None, run_after=None
[2026-07-16T05:47:19.281+0000] {processor.py:183} INFO - Processing /home/airflow/.local/lib/python3.8/site-packages/airflow/example_dags/tutorial_dag.py took 0.058 seconds
[2026-07-16T05:47:50.259+0000] {processor.py:161} INFO - Started process (PID=2935) to work on /home/airflow/.local/lib/python3.8/site-packages/airflow/example_dags/tutorial_dag.py
[2026-07-16T05:47:50.261+0000] {processor.py:830} INFO - Processing file /home/airflow/.local/lib/python3.8/site-packages/airflow/example_dags/tutorial_dag.py for tasks to queue
[2026-07-16T05:47:50.263+0000] {logging_mixin.py:188} INFO - [2026-07-16T05:47:50.262+0000] {dagbag.py:538} INFO - Filling up the DagBag from /home/airflow/.local/lib/python3.8/site-packages/airflow/example_dags/tutorial_dag.py
[2026-07-16T05:47:50.269+0000] {processor.py:840} INFO - DAG(s) 'tutorial_dag' retrieved from /home/airflow/.local/lib/python3.8/site-packages/airflow/example_dags/tutorial_dag.py
[2026-07-16T05:47:50.289+0000] {logging_mixin.py:188} INFO - [2026-07-16T05:47:50.289+0000] {dag.py:3036} INFO - Sync 1 DAGs
[2026-07-16T05:47:50.300+0000] {logging_mixin.py:188} INFO - [2026-07-16T05:47:50.299+0000] {dag.py:3823} INFO - Setting next_dagrun for tutorial_dag to None, run_after=None
[2026-07-16T05:47:50.318+0000] {processor.py:183} INFO - Processing /home/airflow/.local/lib/python3.8/site-packages/airflow/example_dags/tutorial_dag.py took 0.064 seconds
[2026-07-16T05:48:21.634+0000] {processor.py:161} INFO - Started process (PID=2992) to work on /home/airflow/.local/lib/python3.8/site-packages/airflow/example_dags/tutorial_dag.py
[2026-07-16T05:48:21.636+0000] {processor.py:830} INFO - Processing file /home/airflow/.local/lib/python3.8/site-packages/airflow/example_dags/tutorial_dag.py for tasks to queue
[2026-07-16T05:48:21.639+0000] {logging_mixin.py:188} INFO - [2026-07-16T05:48:21.638+0000] {dagbag.py:538} INFO - Filling up the DagBag from /home/airflow/.local/lib/python3.8/site-packages/airflow/example_dags/tutorial_dag.py
[2026-07-16T05:48:21.647+0000] {processor.py:840} INFO - DAG(s) 'tutorial_dag' retrieved from /home/airflow/.local/lib/python3.8/site-packages/airflow/example_dags/tutorial_dag.py
[2026-07-16T05:48:21.675+0000] {logging_mixin.py:188} INFO - [2026-07-16T05:48:21.675+0000] {dag.py:3036} INFO - Sync 1 DAGs
[2026-07-16T05:48:21.831+0000] {logging_mixin.py:188} INFO - [2026-07-16T05:48:21.831+0000] {dag.py:3823} INFO - Setting next_dagrun for tutorial_dag to None, run_after=None
[2026-07-16T05:48:21.856+0000] {processor.py:183} INFO - Processing /home/airflow/.local/lib/python3.8/site-packages/airflow/example_dags/tutorial_dag.py took 0.227 seconds
