[2026-07-16T05:22:01.538+0000] {processor.py:161} INFO - Started process (PID=110) to work on /home/airflow/.local/lib/python3.8/site-packages/airflow/example_dags/tutorial_taskflow_api.py
[2026-07-16T05:22:01.540+0000] {processor.py:830} INFO - Processing file /home/airflow/.local/lib/python3.8/site-packages/airflow/example_dags/tutorial_taskflow_api.py for tasks to queue
[2026-07-16T05:22:01.547+0000] {logging_mixin.py:188} INFO - [2026-07-16T05:22:01.546+0000] {dagbag.py:538} INFO - Filling up the DagBag from /home/airflow/.local/lib/python3.8/site-packages/airflow/example_dags/tutorial_taskflow_api.py
[2026-07-16T05:22:01.567+0000] {processor.py:840} INFO - DAG(s) 'tutorial_taskflow_api' retrieved from /home/airflow/.local/lib/python3.8/site-packages/airflow/example_dags/tutorial_taskflow_api.py
[2026-07-16T05:22:01.818+0000] {logging_mixin.py:188} INFO - [2026-07-16T05:22:01.817+0000] {dag.py:3036} INFO - Sync 1 DAGs
[2026-07-16T05:22:01.840+0000] {logging_mixin.py:188} INFO - [2026-07-16T05:22:01.839+0000] {dag.py:3823} INFO - Setting next_dagrun for tutorial_taskflow_api to None, run_after=None
[2026-07-16T05:22:01.882+0000] {processor.py:183} INFO - Processing /home/airflow/.local/lib/python3.8/site-packages/airflow/example_dags/tutorial_taskflow_api.py took 0.351 seconds
[2026-07-16T05:22:31.989+0000] {processor.py:161} INFO - Started process (PID=168) to work on /home/airflow/.local/lib/python3.8/site-packages/airflow/example_dags/tutorial_taskflow_api.py
[2026-07-16T05:22:31.991+0000] {processor.py:830} INFO - Processing file /home/airflow/.local/lib/python3.8/site-packages/airflow/example_dags/tutorial_taskflow_api.py for tasks to queue
[2026-07-16T05:22:31.994+0000] {logging_mixin.py:188} INFO - [2026-07-16T05:22:31.993+0000] {dagbag.py:538} INFO - Filling up the DagBag from /home/airflow/.local/lib/python3.8/site-packages/airflow/example_dags/tutorial_taskflow_api.py
[2026-07-16T05:22:32.004+0000] {processor.py:840} INFO - DAG(s) 'tutorial_taskflow_api' retrieved from /home/airflow/.local/lib/python3.8/site-packages/airflow/example_dags/tutorial_taskflow_api.py
[2026-07-16T05:22:32.030+0000] {logging_mixin.py:188} INFO - [2026-07-16T05:22:32.030+0000] {dag.py:3036} INFO - Sync 1 DAGs
[2026-07-16T05:22:32.044+0000] {logging_mixin.py:188} INFO - [2026-07-16T05:22:32.044+0000] {dag.py:3823} INFO - Setting next_dagrun for tutorial_taskflow_api to None, run_after=None
[2026-07-16T05:22:32.069+0000] {processor.py:183} INFO - Processing /home/airflow/.local/lib/python3.8/site-packages/airflow/example_dags/tutorial_taskflow_api.py took 0.084 seconds
[2026-07-16T05:23:03.354+0000] {processor.py:161} INFO - Started process (PID=224) to work on /home/airflow/.local/lib/python3.8/site-packages/airflow/example_dags/tutorial_taskflow_api.py
[2026-07-16T05:23:03.358+0000] {processor.py:830} INFO - Processing file /home/airflow/.local/lib/python3.8/site-packages/airflow/example_dags/tutorial_taskflow_api.py for tasks to queue
[2026-07-16T05:23:03.364+0000] {logging_mixin.py:188} INFO - [2026-07-16T05:23:03.363+0000] {dagbag.py:538} INFO - Filling up the DagBag from /home/airflow/.local/lib/python3.8/site-packages/airflow/example_dags/tutorial_taskflow_api.py
[2026-07-16T05:23:03.380+0000] {processor.py:840} INFO - DAG(s) 'tutorial_taskflow_api' retrieved from /home/airflow/.local/lib/python3.8/site-packages/airflow/example_dags/tutorial_taskflow_api.py
[2026-07-16T05:23:03.441+0000] {logging_mixin.py:188} INFO - [2026-07-16T05:23:03.441+0000] {dag.py:3036} INFO - Sync 1 DAGs
[2026-07-16T05:23:03.479+0000] {logging_mixin.py:188} INFO - [2026-07-16T05:23:03.478+0000] {dag.py:3823} INFO - Setting next_dagrun for tutorial_taskflow_api to None, run_after=None
[2026-07-16T05:23:03.540+0000] {processor.py:183} INFO - Processing /home/airflow/.local/lib/python3.8/site-packages/airflow/example_dags/tutorial_taskflow_api.py took 0.207 seconds
[2026-07-16T05:23:34.158+0000] {processor.py:161} INFO - Started process (PID=280) to work on /home/airflow/.local/lib/python3.8/site-packages/airflow/example_dags/tutorial_taskflow_api.py
[2026-07-16T05:23:34.160+0000] {processor.py:830} INFO - Processing file /home/airflow/.local/lib/python3.8/site-packages/airflow/example_dags/tutorial_taskflow_api.py for tasks to queue
[2026-07-16T05:23:34.162+0000] {logging_mixin.py:188} INFO - [2026-07-16T05:23:34.162+0000] {dagbag.py:538} INFO - Filling up the DagBag from /home/airflow/.local/lib/python3.8/site-packages/airflow/example_dags/tutorial_taskflow_api.py
[2026-07-16T05:23:34.173+0000] {processor.py:840} INFO - DAG(s) 'tutorial_taskflow_api' retrieved from /home/airflow/.local/lib/python3.8/site-packages/airflow/example_dags/tutorial_taskflow_api.py
[2026-07-16T05:23:34.207+0000] {logging_mixin.py:188} INFO - [2026-07-16T05:23:34.206+0000] {dag.py:3036} INFO - Sync 1 DAGs
[2026-07-16T05:23:34.221+0000] {logging_mixin.py:188} INFO - [2026-07-16T05:23:34.221+0000] {dag.py:3823} INFO - Setting next_dagrun for tutorial_taskflow_api to None, run_after=None
[2026-07-16T05:23:34.247+0000] {processor.py:183} INFO - Processing /home/airflow/.local/lib/python3.8/site-packages/airflow/example_dags/tutorial_taskflow_api.py took 0.094 seconds
[2026-07-16T05:24:07.924+0000] {processor.py:161} INFO - Started process (PID=341) to work on /home/airflow/.local/lib/python3.8/site-packages/airflow/example_dags/tutorial_taskflow_api.py
[2026-07-16T05:24:07.930+0000] {processor.py:830} INFO - Processing file /home/airflow/.local/lib/python3.8/site-packages/airflow/example_dags/tutorial_taskflow_api.py for tasks to queue
[2026-07-16T05:24:07.937+0000] {logging_mixin.py:188} INFO - [2026-07-16T05:24:07.935+0000] {dagbag.py:538} INFO - Filling up the DagBag from /home/airflow/.local/lib/python3.8/site-packages/airflow/example_dags/tutorial_taskflow_api.py
[2026-07-16T05:24:07.970+0000] {processor.py:840} INFO - DAG(s) 'tutorial_taskflow_api' retrieved from /home/airflow/.local/lib/python3.8/site-packages/airflow/example_dags/tutorial_taskflow_api.py
[2026-07-16T05:24:08.093+0000] {logging_mixin.py:188} INFO - [2026-07-16T05:24:08.092+0000] {dag.py:3036} INFO - Sync 1 DAGs
[2026-07-16T05:24:08.183+0000] {logging_mixin.py:188} INFO - [2026-07-16T05:24:08.182+0000] {dag.py:3823} INFO - Setting next_dagrun for tutorial_taskflow_api to None, run_after=None
[2026-07-16T05:24:08.304+0000] {processor.py:183} INFO - Processing /home/airflow/.local/lib/python3.8/site-packages/airflow/example_dags/tutorial_taskflow_api.py took 0.393 seconds
[2026-07-16T05:24:38.672+0000] {processor.py:161} INFO - Started process (PID=397) to work on /home/airflow/.local/lib/python3.8/site-packages/airflow/example_dags/tutorial_taskflow_api.py
[2026-07-16T05:24:38.674+0000] {processor.py:830} INFO - Processing file /home/airflow/.local/lib/python3.8/site-packages/airflow/example_dags/tutorial_taskflow_api.py for tasks to queue
[2026-07-16T05:24:38.678+0000] {logging_mixin.py:188} INFO - [2026-07-16T05:24:38.677+0000] {dagbag.py:538} INFO - Filling up the DagBag from /home/airflow/.local/lib/python3.8/site-packages/airflow/example_dags/tutorial_taskflow_api.py
[2026-07-16T05:24:38.694+0000] {processor.py:840} INFO - DAG(s) 'tutorial_taskflow_api' retrieved from /home/airflow/.local/lib/python3.8/site-packages/airflow/example_dags/tutorial_taskflow_api.py
[2026-07-16T05:24:38.737+0000] {logging_mixin.py:188} INFO - [2026-07-16T05:24:38.736+0000] {dag.py:3036} INFO - Sync 1 DAGs
[2026-07-16T05:24:38.763+0000] {logging_mixin.py:188} INFO - [2026-07-16T05:24:38.762+0000] {dag.py:3823} INFO - Setting next_dagrun for tutorial_taskflow_api to None, run_after=None
[2026-07-16T05:24:38.806+0000] {processor.py:183} INFO - Processing /home/airflow/.local/lib/python3.8/site-packages/airflow/example_dags/tutorial_taskflow_api.py took 0.142 seconds
[2026-07-16T05:25:08.903+0000] {processor.py:161} INFO - Started process (PID=453) to work on /home/airflow/.local/lib/python3.8/site-packages/airflow/example_dags/tutorial_taskflow_api.py
[2026-07-16T05:25:08.904+0000] {processor.py:830} INFO - Processing file /home/airflow/.local/lib/python3.8/site-packages/airflow/example_dags/tutorial_taskflow_api.py for tasks to queue
[2026-07-16T05:25:08.907+0000] {logging_mixin.py:188} INFO - [2026-07-16T05:25:08.907+0000] {dagbag.py:538} INFO - Filling up the DagBag from /home/airflow/.local/lib/python3.8/site-packages/airflow/example_dags/tutorial_taskflow_api.py
[2026-07-16T05:25:08.918+0000] {processor.py:840} INFO - DAG(s) 'tutorial_taskflow_api' retrieved from /home/airflow/.local/lib/python3.8/site-packages/airflow/example_dags/tutorial_taskflow_api.py
[2026-07-16T05:25:08.949+0000] {logging_mixin.py:188} INFO - [2026-07-16T05:25:08.948+0000] {dag.py:3036} INFO - Sync 1 DAGs
[2026-07-16T05:25:08.963+0000] {logging_mixin.py:188} INFO - [2026-07-16T05:25:08.962+0000] {dag.py:3823} INFO - Setting next_dagrun for tutorial_taskflow_api to None, run_after=None
[2026-07-16T05:25:08.992+0000] {processor.py:183} INFO - Processing /home/airflow/.local/lib/python3.8/site-packages/airflow/example_dags/tutorial_taskflow_api.py took 0.095 seconds
[2026-07-16T05:25:39.128+0000] {processor.py:161} INFO - Started process (PID=509) to work on /home/airflow/.local/lib/python3.8/site-packages/airflow/example_dags/tutorial_taskflow_api.py
[2026-07-16T05:25:39.131+0000] {processor.py:830} INFO - Processing file /home/airflow/.local/lib/python3.8/site-packages/airflow/example_dags/tutorial_taskflow_api.py for tasks to queue
[2026-07-16T05:25:39.134+0000] {logging_mixin.py:188} INFO - [2026-07-16T05:25:39.133+0000] {dagbag.py:538} INFO - Filling up the DagBag from /home/airflow/.local/lib/python3.8/site-packages/airflow/example_dags/tutorial_taskflow_api.py
[2026-07-16T05:25:39.141+0000] {processor.py:840} INFO - DAG(s) 'tutorial_taskflow_api' retrieved from /home/airflow/.local/lib/python3.8/site-packages/airflow/example_dags/tutorial_taskflow_api.py
[2026-07-16T05:25:39.174+0000] {logging_mixin.py:188} INFO - [2026-07-16T05:25:39.174+0000] {dag.py:3036} INFO - Sync 1 DAGs
[2026-07-16T05:25:39.190+0000] {logging_mixin.py:188} INFO - [2026-07-16T05:25:39.189+0000] {dag.py:3823} INFO - Setting next_dagrun for tutorial_taskflow_api to None, run_after=None
[2026-07-16T05:25:39.220+0000] {processor.py:183} INFO - Processing /home/airflow/.local/lib/python3.8/site-packages/airflow/example_dags/tutorial_taskflow_api.py took 0.100 seconds
[2026-07-16T05:26:09.346+0000] {processor.py:161} INFO - Started process (PID=565) to work on /home/airflow/.local/lib/python3.8/site-packages/airflow/example_dags/tutorial_taskflow_api.py
[2026-07-16T05:26:09.348+0000] {processor.py:830} INFO - Processing file /home/airflow/.local/lib/python3.8/site-packages/airflow/example_dags/tutorial_taskflow_api.py for tasks to queue
[2026-07-16T05:26:09.351+0000] {logging_mixin.py:188} INFO - [2026-07-16T05:26:09.351+0000] {dagbag.py:538} INFO - Filling up the DagBag from /home/airflow/.local/lib/python3.8/site-packages/airflow/example_dags/tutorial_taskflow_api.py
[2026-07-16T05:26:09.365+0000] {processor.py:840} INFO - DAG(s) 'tutorial_taskflow_api' retrieved from /home/airflow/.local/lib/python3.8/site-packages/airflow/example_dags/tutorial_taskflow_api.py
[2026-07-16T05:26:09.405+0000] {logging_mixin.py:188} INFO - [2026-07-16T05:26:09.405+0000] {dag.py:3036} INFO - Sync 1 DAGs
[2026-07-16T05:26:09.422+0000] {logging_mixin.py:188} INFO - [2026-07-16T05:26:09.422+0000] {dag.py:3823} INFO - Setting next_dagrun for tutorial_taskflow_api to None, run_after=None
[2026-07-16T05:26:09.448+0000] {processor.py:183} INFO - Processing /home/airflow/.local/lib/python3.8/site-packages/airflow/example_dags/tutorial_taskflow_api.py took 0.118 seconds
[2026-07-16T05:26:39.834+0000] {processor.py:161} INFO - Started process (PID=621) to work on /home/airflow/.local/lib/python3.8/site-packages/airflow/example_dags/tutorial_taskflow_api.py
[2026-07-16T05:26:39.837+0000] {processor.py:830} INFO - Processing file /home/airflow/.local/lib/python3.8/site-packages/airflow/example_dags/tutorial_taskflow_api.py for tasks to queue
[2026-07-16T05:26:39.841+0000] {logging_mixin.py:188} INFO - [2026-07-16T05:26:39.840+0000] {dagbag.py:538} INFO - Filling up the DagBag from /home/airflow/.local/lib/python3.8/site-packages/airflow/example_dags/tutorial_taskflow_api.py
[2026-07-16T05:26:39.852+0000] {processor.py:840} INFO - DAG(s) 'tutorial_taskflow_api' retrieved from /home/airflow/.local/lib/python3.8/site-packages/airflow/example_dags/tutorial_taskflow_api.py
[2026-07-16T05:26:39.882+0000] {logging_mixin.py:188} INFO - [2026-07-16T05:26:39.882+0000] {dag.py:3036} INFO - Sync 1 DAGs
[2026-07-16T05:26:39.899+0000] {logging_mixin.py:188} INFO - [2026-07-16T05:26:39.899+0000] {dag.py:3823} INFO - Setting next_dagrun for tutorial_taskflow_api to None, run_after=None
[2026-07-16T05:26:39.933+0000] {processor.py:183} INFO - Processing /home/airflow/.local/lib/python3.8/site-packages/airflow/example_dags/tutorial_taskflow_api.py took 0.104 seconds
[2026-07-16T05:27:10.018+0000] {processor.py:161} INFO - Started process (PID=677) to work on /home/airflow/.local/lib/python3.8/site-packages/airflow/example_dags/tutorial_taskflow_api.py
[2026-07-16T05:27:10.020+0000] {processor.py:830} INFO - Processing file /home/airflow/.local/lib/python3.8/site-packages/airflow/example_dags/tutorial_taskflow_api.py for tasks to queue
[2026-07-16T05:27:10.023+0000] {logging_mixin.py:188} INFO - [2026-07-16T05:27:10.022+0000] {dagbag.py:538} INFO - Filling up the DagBag from /home/airflow/.local/lib/python3.8/site-packages/airflow/example_dags/tutorial_taskflow_api.py
[2026-07-16T05:27:10.034+0000] {processor.py:840} INFO - DAG(s) 'tutorial_taskflow_api' retrieved from /home/airflow/.local/lib/python3.8/site-packages/airflow/example_dags/tutorial_taskflow_api.py
[2026-07-16T05:27:10.066+0000] {logging_mixin.py:188} INFO - [2026-07-16T05:27:10.066+0000] {dag.py:3036} INFO - Sync 1 DAGs
[2026-07-16T05:27:10.083+0000] {logging_mixin.py:188} INFO - [2026-07-16T05:27:10.083+0000] {dag.py:3823} INFO - Setting next_dagrun for tutorial_taskflow_api to None, run_after=None
[2026-07-16T05:27:10.113+0000] {processor.py:183} INFO - Processing /home/airflow/.local/lib/python3.8/site-packages/airflow/example_dags/tutorial_taskflow_api.py took 0.101 seconds
[2026-07-16T05:27:41.041+0000] {processor.py:161} INFO - Started process (PID=733) to work on /home/airflow/.local/lib/python3.8/site-packages/airflow/example_dags/tutorial_taskflow_api.py
[2026-07-16T05:27:41.043+0000] {processor.py:830} INFO - Processing file /home/airflow/.local/lib/python3.8/site-packages/airflow/example_dags/tutorial_taskflow_api.py for tasks to queue
[2026-07-16T05:27:41.046+0000] {logging_mixin.py:188} INFO - [2026-07-16T05:27:41.046+0000] {dagbag.py:538} INFO - Filling up the DagBag from /home/airflow/.local/lib/python3.8/site-packages/airflow/example_dags/tutorial_taskflow_api.py
[2026-07-16T05:27:41.057+0000] {processor.py:840} INFO - DAG(s) 'tutorial_taskflow_api' retrieved from /home/airflow/.local/lib/python3.8/site-packages/airflow/example_dags/tutorial_taskflow_api.py
[2026-07-16T05:27:41.095+0000] {logging_mixin.py:188} INFO - [2026-07-16T05:27:41.095+0000] {dag.py:3036} INFO - Sync 1 DAGs
[2026-07-16T05:27:41.113+0000] {logging_mixin.py:188} INFO - [2026-07-16T05:27:41.112+0000] {dag.py:3823} INFO - Setting next_dagrun for tutorial_taskflow_api to None, run_after=None
[2026-07-16T05:27:41.138+0000] {processor.py:183} INFO - Processing /home/airflow/.local/lib/python3.8/site-packages/airflow/example_dags/tutorial_taskflow_api.py took 0.103 seconds
[2026-07-16T05:28:12.002+0000] {processor.py:161} INFO - Started process (PID=789) to work on /home/airflow/.local/lib/python3.8/site-packages/airflow/example_dags/tutorial_taskflow_api.py
[2026-07-16T05:28:12.004+0000] {processor.py:830} INFO - Processing file /home/airflow/.local/lib/python3.8/site-packages/airflow/example_dags/tutorial_taskflow_api.py for tasks to queue
[2026-07-16T05:28:12.007+0000] {logging_mixin.py:188} INFO - [2026-07-16T05:28:12.006+0000] {dagbag.py:538} INFO - Filling up the DagBag from /home/airflow/.local/lib/python3.8/site-packages/airflow/example_dags/tutorial_taskflow_api.py
[2026-07-16T05:28:12.017+0000] {processor.py:840} INFO - DAG(s) 'tutorial_taskflow_api' retrieved from /home/airflow/.local/lib/python3.8/site-packages/airflow/example_dags/tutorial_taskflow_api.py
[2026-07-16T05:28:12.052+0000] {logging_mixin.py:188} INFO - [2026-07-16T05:28:12.051+0000] {dag.py:3036} INFO - Sync 1 DAGs
[2026-07-16T05:28:12.069+0000] {logging_mixin.py:188} INFO - [2026-07-16T05:28:12.069+0000] {dag.py:3823} INFO - Setting next_dagrun for tutorial_taskflow_api to None, run_after=None
[2026-07-16T05:28:12.109+0000] {processor.py:183} INFO - Processing /home/airflow/.local/lib/python3.8/site-packages/airflow/example_dags/tutorial_taskflow_api.py took 0.113 seconds
[2026-07-16T05:28:42.502+0000] {processor.py:161} INFO - Started process (PID=845) to work on /home/airflow/.local/lib/python3.8/site-packages/airflow/example_dags/tutorial_taskflow_api.py
[2026-07-16T05:28:42.504+0000] {processor.py:830} INFO - Processing file /home/airflow/.local/lib/python3.8/site-packages/airflow/example_dags/tutorial_taskflow_api.py for tasks to queue
[2026-07-16T05:28:42.509+0000] {logging_mixin.py:188} INFO - [2026-07-16T05:28:42.507+0000] {dagbag.py:538} INFO - Filling up the DagBag from /home/airflow/.local/lib/python3.8/site-packages/airflow/example_dags/tutorial_taskflow_api.py
[2026-07-16T05:28:42.523+0000] {processor.py:840} INFO - DAG(s) 'tutorial_taskflow_api' retrieved from /home/airflow/.local/lib/python3.8/site-packages/airflow/example_dags/tutorial_taskflow_api.py
[2026-07-16T05:28:42.564+0000] {logging_mixin.py:188} INFO - [2026-07-16T05:28:42.564+0000] {dag.py:3036} INFO - Sync 1 DAGs
[2026-07-16T05:28:42.589+0000] {logging_mixin.py:188} INFO - [2026-07-16T05:28:42.589+0000] {dag.py:3823} INFO - Setting next_dagrun for tutorial_taskflow_api to None, run_after=None
[2026-07-16T05:28:42.623+0000] {processor.py:183} INFO - Processing /home/airflow/.local/lib/python3.8/site-packages/airflow/example_dags/tutorial_taskflow_api.py took 0.130 seconds
[2026-07-16T05:29:13.614+0000] {processor.py:161} INFO - Started process (PID=901) to work on /home/airflow/.local/lib/python3.8/site-packages/airflow/example_dags/tutorial_taskflow_api.py
[2026-07-16T05:29:13.618+0000] {processor.py:830} INFO - Processing file /home/airflow/.local/lib/python3.8/site-packages/airflow/example_dags/tutorial_taskflow_api.py for tasks to queue
[2026-07-16T05:29:13.625+0000] {logging_mixin.py:188} INFO - [2026-07-16T05:29:13.624+0000] {dagbag.py:538} INFO - Filling up the DagBag from /home/airflow/.local/lib/python3.8/site-packages/airflow/example_dags/tutorial_taskflow_api.py
[2026-07-16T05:29:13.644+0000] {processor.py:840} INFO - DAG(s) 'tutorial_taskflow_api' retrieved from /home/airflow/.local/lib/python3.8/site-packages/airflow/example_dags/tutorial_taskflow_api.py
[2026-07-16T05:29:13.696+0000] {logging_mixin.py:188} INFO - [2026-07-16T05:29:13.695+0000] {dag.py:3036} INFO - Sync 1 DAGs
[2026-07-16T05:29:13.730+0000] {logging_mixin.py:188} INFO - [2026-07-16T05:29:13.729+0000] {dag.py:3823} INFO - Setting next_dagrun for tutorial_taskflow_api to None, run_after=None
[2026-07-16T05:29:13.786+0000] {processor.py:183} INFO - Processing /home/airflow/.local/lib/python3.8/site-packages/airflow/example_dags/tutorial_taskflow_api.py took 0.180 seconds
[2026-07-16T05:29:44.129+0000] {processor.py:161} INFO - Started process (PID=957) to work on /home/airflow/.local/lib/python3.8/site-packages/airflow/example_dags/tutorial_taskflow_api.py
[2026-07-16T05:29:44.132+0000] {processor.py:830} INFO - Processing file /home/airflow/.local/lib/python3.8/site-packages/airflow/example_dags/tutorial_taskflow_api.py for tasks to queue
[2026-07-16T05:29:44.136+0000] {logging_mixin.py:188} INFO - [2026-07-16T05:29:44.136+0000] {dagbag.py:538} INFO - Filling up the DagBag from /home/airflow/.local/lib/python3.8/site-packages/airflow/example_dags/tutorial_taskflow_api.py
[2026-07-16T05:29:44.157+0000] {processor.py:840} INFO - DAG(s) 'tutorial_taskflow_api' retrieved from /home/airflow/.local/lib/python3.8/site-packages/airflow/example_dags/tutorial_taskflow_api.py
[2026-07-16T05:29:44.209+0000] {logging_mixin.py:188} INFO - [2026-07-16T05:29:44.209+0000] {dag.py:3036} INFO - Sync 1 DAGs
[2026-07-16T05:29:44.240+0000] {logging_mixin.py:188} INFO - [2026-07-16T05:29:44.240+0000] {dag.py:3823} INFO - Setting next_dagrun for tutorial_taskflow_api to None, run_after=None
[2026-07-16T05:29:44.287+0000] {processor.py:183} INFO - Processing /home/airflow/.local/lib/python3.8/site-packages/airflow/example_dags/tutorial_taskflow_api.py took 0.168 seconds
[2026-07-16T05:30:14.399+0000] {processor.py:161} INFO - Started process (PID=1013) to work on /home/airflow/.local/lib/python3.8/site-packages/airflow/example_dags/tutorial_taskflow_api.py
[2026-07-16T05:30:14.401+0000] {processor.py:830} INFO - Processing file /home/airflow/.local/lib/python3.8/site-packages/airflow/example_dags/tutorial_taskflow_api.py for tasks to queue
[2026-07-16T05:30:14.405+0000] {logging_mixin.py:188} INFO - [2026-07-16T05:30:14.404+0000] {dagbag.py:538} INFO - Filling up the DagBag from /home/airflow/.local/lib/python3.8/site-packages/airflow/example_dags/tutorial_taskflow_api.py
[2026-07-16T05:30:14.418+0000] {processor.py:840} INFO - DAG(s) 'tutorial_taskflow_api' retrieved from /home/airflow/.local/lib/python3.8/site-packages/airflow/example_dags/tutorial_taskflow_api.py
[2026-07-16T05:30:14.450+0000] {logging_mixin.py:188} INFO - [2026-07-16T05:30:14.450+0000] {dag.py:3036} INFO - Sync 1 DAGs
[2026-07-16T05:30:14.465+0000] {logging_mixin.py:188} INFO - [2026-07-16T05:30:14.465+0000] {dag.py:3823} INFO - Setting next_dagrun for tutorial_taskflow_api to None, run_after=None
[2026-07-16T05:30:14.492+0000] {processor.py:183} INFO - Processing /home/airflow/.local/lib/python3.8/site-packages/airflow/example_dags/tutorial_taskflow_api.py took 0.099 seconds
[2026-07-16T05:30:44.927+0000] {processor.py:161} INFO - Started process (PID=1069) to work on /home/airflow/.local/lib/python3.8/site-packages/airflow/example_dags/tutorial_taskflow_api.py
[2026-07-16T05:30:44.930+0000] {processor.py:830} INFO - Processing file /home/airflow/.local/lib/python3.8/site-packages/airflow/example_dags/tutorial_taskflow_api.py for tasks to queue
[2026-07-16T05:30:44.934+0000] {logging_mixin.py:188} INFO - [2026-07-16T05:30:44.933+0000] {dagbag.py:538} INFO - Filling up the DagBag from /home/airflow/.local/lib/python3.8/site-packages/airflow/example_dags/tutorial_taskflow_api.py
[2026-07-16T05:30:44.945+0000] {processor.py:840} INFO - DAG(s) 'tutorial_taskflow_api' retrieved from /home/airflow/.local/lib/python3.8/site-packages/airflow/example_dags/tutorial_taskflow_api.py
[2026-07-16T05:30:44.980+0000] {logging_mixin.py:188} INFO - [2026-07-16T05:30:44.980+0000] {dag.py:3036} INFO - Sync 1 DAGs
[2026-07-16T05:30:45.002+0000] {logging_mixin.py:188} INFO - [2026-07-16T05:30:45.001+0000] {dag.py:3823} INFO - Setting next_dagrun for tutorial_taskflow_api to None, run_after=None
[2026-07-16T05:30:45.031+0000] {processor.py:183} INFO - Processing /home/airflow/.local/lib/python3.8/site-packages/airflow/example_dags/tutorial_taskflow_api.py took 0.110 seconds
[2026-07-16T05:31:15.990+0000] {processor.py:161} INFO - Started process (PID=1125) to work on /home/airflow/.local/lib/python3.8/site-packages/airflow/example_dags/tutorial_taskflow_api.py
[2026-07-16T05:31:15.991+0000] {processor.py:830} INFO - Processing file /home/airflow/.local/lib/python3.8/site-packages/airflow/example_dags/tutorial_taskflow_api.py for tasks to queue
[2026-07-16T05:31:15.993+0000] {logging_mixin.py:188} INFO - [2026-07-16T05:31:15.993+0000] {dagbag.py:538} INFO - Filling up the DagBag from /home/airflow/.local/lib/python3.8/site-packages/airflow/example_dags/tutorial_taskflow_api.py
[2026-07-16T05:31:16.001+0000] {processor.py:840} INFO - DAG(s) 'tutorial_taskflow_api' retrieved from /home/airflow/.local/lib/python3.8/site-packages/airflow/example_dags/tutorial_taskflow_api.py
[2026-07-16T05:31:16.021+0000] {logging_mixin.py:188} INFO - [2026-07-16T05:31:16.021+0000] {dag.py:3036} INFO - Sync 1 DAGs
[2026-07-16T05:31:16.034+0000] {logging_mixin.py:188} INFO - [2026-07-16T05:31:16.034+0000] {dag.py:3823} INFO - Setting next_dagrun for tutorial_taskflow_api to None, run_after=None
[2026-07-16T05:31:16.057+0000] {processor.py:183} INFO - Processing /home/airflow/.local/lib/python3.8/site-packages/airflow/example_dags/tutorial_taskflow_api.py took 0.072 seconds
[2026-07-16T05:31:47.175+0000] {processor.py:161} INFO - Started process (PID=1181) to work on /home/airflow/.local/lib/python3.8/site-packages/airflow/example_dags/tutorial_taskflow_api.py
[2026-07-16T05:31:47.177+0000] {processor.py:830} INFO - Processing file /home/airflow/.local/lib/python3.8/site-packages/airflow/example_dags/tutorial_taskflow_api.py for tasks to queue
[2026-07-16T05:31:47.182+0000] {logging_mixin.py:188} INFO - [2026-07-16T05:31:47.181+0000] {dagbag.py:538} INFO - Filling up the DagBag from /home/airflow/.local/lib/python3.8/site-packages/airflow/example_dags/tutorial_taskflow_api.py
[2026-07-16T05:31:47.194+0000] {processor.py:840} INFO - DAG(s) 'tutorial_taskflow_api' retrieved from /home/airflow/.local/lib/python3.8/site-packages/airflow/example_dags/tutorial_taskflow_api.py
[2026-07-16T05:31:47.238+0000] {logging_mixin.py:188} INFO - [2026-07-16T05:31:47.237+0000] {dag.py:3036} INFO - Sync 1 DAGs
[2026-07-16T05:31:47.269+0000] {logging_mixin.py:188} INFO - [2026-07-16T05:31:47.269+0000] {dag.py:3823} INFO - Setting next_dagrun for tutorial_taskflow_api to None, run_after=None
[2026-07-16T05:31:47.316+0000] {processor.py:183} INFO - Processing /home/airflow/.local/lib/python3.8/site-packages/airflow/example_dags/tutorial_taskflow_api.py took 0.146 seconds
[2026-07-16T05:32:17.827+0000] {processor.py:161} INFO - Started process (PID=1237) to work on /home/airflow/.local/lib/python3.8/site-packages/airflow/example_dags/tutorial_taskflow_api.py
[2026-07-16T05:32:17.828+0000] {processor.py:830} INFO - Processing file /home/airflow/.local/lib/python3.8/site-packages/airflow/example_dags/tutorial_taskflow_api.py for tasks to queue
[2026-07-16T05:32:17.830+0000] {logging_mixin.py:188} INFO - [2026-07-16T05:32:17.830+0000] {dagbag.py:538} INFO - Filling up the DagBag from /home/airflow/.local/lib/python3.8/site-packages/airflow/example_dags/tutorial_taskflow_api.py
[2026-07-16T05:32:17.837+0000] {processor.py:840} INFO - DAG(s) 'tutorial_taskflow_api' retrieved from /home/airflow/.local/lib/python3.8/site-packages/airflow/example_dags/tutorial_taskflow_api.py
[2026-07-16T05:32:17.857+0000] {logging_mixin.py:188} INFO - [2026-07-16T05:32:17.857+0000] {dag.py:3036} INFO - Sync 1 DAGs
[2026-07-16T05:32:17.867+0000] {logging_mixin.py:188} INFO - [2026-07-16T05:32:17.867+0000] {dag.py:3823} INFO - Setting next_dagrun for tutorial_taskflow_api to None, run_after=None
[2026-07-16T05:32:17.884+0000] {processor.py:183} INFO - Processing /home/airflow/.local/lib/python3.8/site-packages/airflow/example_dags/tutorial_taskflow_api.py took 0.059 seconds
[2026-07-16T05:32:47.969+0000] {processor.py:161} INFO - Started process (PID=1293) to work on /home/airflow/.local/lib/python3.8/site-packages/airflow/example_dags/tutorial_taskflow_api.py
[2026-07-16T05:32:47.970+0000] {processor.py:830} INFO - Processing file /home/airflow/.local/lib/python3.8/site-packages/airflow/example_dags/tutorial_taskflow_api.py for tasks to queue
[2026-07-16T05:32:47.971+0000] {logging_mixin.py:188} INFO - [2026-07-16T05:32:47.971+0000] {dagbag.py:538} INFO - Filling up the DagBag from /home/airflow/.local/lib/python3.8/site-packages/airflow/example_dags/tutorial_taskflow_api.py
[2026-07-16T05:32:47.977+0000] {processor.py:840} INFO - DAG(s) 'tutorial_taskflow_api' retrieved from /home/airflow/.local/lib/python3.8/site-packages/airflow/example_dags/tutorial_taskflow_api.py
[2026-07-16T05:32:47.994+0000] {logging_mixin.py:188} INFO - [2026-07-16T05:32:47.994+0000] {dag.py:3036} INFO - Sync 1 DAGs
[2026-07-16T05:32:48.004+0000] {logging_mixin.py:188} INFO - [2026-07-16T05:32:48.003+0000] {dag.py:3823} INFO - Setting next_dagrun for tutorial_taskflow_api to None, run_after=None
[2026-07-16T05:32:48.019+0000] {processor.py:183} INFO - Processing /home/airflow/.local/lib/python3.8/site-packages/airflow/example_dags/tutorial_taskflow_api.py took 0.054 seconds
[2026-07-16T05:33:19.124+0000] {processor.py:161} INFO - Started process (PID=1349) to work on /home/airflow/.local/lib/python3.8/site-packages/airflow/example_dags/tutorial_taskflow_api.py
[2026-07-16T05:33:19.127+0000] {processor.py:830} INFO - Processing file /home/airflow/.local/lib/python3.8/site-packages/airflow/example_dags/tutorial_taskflow_api.py for tasks to queue
[2026-07-16T05:33:19.131+0000] {logging_mixin.py:188} INFO - [2026-07-16T05:33:19.130+0000] {dagbag.py:538} INFO - Filling up the DagBag from /home/airflow/.local/lib/python3.8/site-packages/airflow/example_dags/tutorial_taskflow_api.py
[2026-07-16T05:33:19.149+0000] {processor.py:840} INFO - DAG(s) 'tutorial_taskflow_api' retrieved from /home/airflow/.local/lib/python3.8/site-packages/airflow/example_dags/tutorial_taskflow_api.py
[2026-07-16T05:33:19.186+0000] {logging_mixin.py:188} INFO - [2026-07-16T05:33:19.185+0000] {dag.py:3036} INFO - Sync 1 DAGs
[2026-07-16T05:33:19.206+0000] {logging_mixin.py:188} INFO - [2026-07-16T05:33:19.206+0000] {dag.py:3823} INFO - Setting next_dagrun for tutorial_taskflow_api to None, run_after=None
[2026-07-16T05:33:19.237+0000] {processor.py:183} INFO - Processing /home/airflow/.local/lib/python3.8/site-packages/airflow/example_dags/tutorial_taskflow_api.py took 0.120 seconds
[2026-07-16T05:33:50.240+0000] {processor.py:161} INFO - Started process (PID=1405) to work on /home/airflow/.local/lib/python3.8/site-packages/airflow/example_dags/tutorial_taskflow_api.py
[2026-07-16T05:33:50.245+0000] {processor.py:830} INFO - Processing file /home/airflow/.local/lib/python3.8/site-packages/airflow/example_dags/tutorial_taskflow_api.py for tasks to queue
[2026-07-16T05:33:50.247+0000] {logging_mixin.py:188} INFO - [2026-07-16T05:33:50.247+0000] {dagbag.py:538} INFO - Filling up the DagBag from /home/airflow/.local/lib/python3.8/site-packages/airflow/example_dags/tutorial_taskflow_api.py
[2026-07-16T05:33:50.255+0000] {processor.py:840} INFO - DAG(s) 'tutorial_taskflow_api' retrieved from /home/airflow/.local/lib/python3.8/site-packages/airflow/example_dags/tutorial_taskflow_api.py
[2026-07-16T05:33:50.274+0000] {logging_mixin.py:188} INFO - [2026-07-16T05:33:50.274+0000] {dag.py:3036} INFO - Sync 1 DAGs
[2026-07-16T05:33:50.283+0000] {logging_mixin.py:188} INFO - [2026-07-16T05:33:50.283+0000] {dag.py:3823} INFO - Setting next_dagrun for tutorial_taskflow_api to None, run_after=None
[2026-07-16T05:33:50.300+0000] {processor.py:183} INFO - Processing /home/airflow/.local/lib/python3.8/site-packages/airflow/example_dags/tutorial_taskflow_api.py took 0.063 seconds
[2026-07-16T05:34:21.088+0000] {processor.py:161} INFO - Started process (PID=1461) to work on /home/airflow/.local/lib/python3.8/site-packages/airflow/example_dags/tutorial_taskflow_api.py
[2026-07-16T05:34:21.090+0000] {processor.py:830} INFO - Processing file /home/airflow/.local/lib/python3.8/site-packages/airflow/example_dags/tutorial_taskflow_api.py for tasks to queue
[2026-07-16T05:34:21.092+0000] {logging_mixin.py:188} INFO - [2026-07-16T05:34:21.092+0000] {dagbag.py:538} INFO - Filling up the DagBag from /home/airflow/.local/lib/python3.8/site-packages/airflow/example_dags/tutorial_taskflow_api.py
[2026-07-16T05:34:21.099+0000] {processor.py:840} INFO - DAG(s) 'tutorial_taskflow_api' retrieved from /home/airflow/.local/lib/python3.8/site-packages/airflow/example_dags/tutorial_taskflow_api.py
[2026-07-16T05:34:21.119+0000] {logging_mixin.py:188} INFO - [2026-07-16T05:34:21.119+0000] {dag.py:3036} INFO - Sync 1 DAGs
[2026-07-16T05:34:21.130+0000] {logging_mixin.py:188} INFO - [2026-07-16T05:34:21.129+0000] {dag.py:3823} INFO - Setting next_dagrun for tutorial_taskflow_api to None, run_after=None
[2026-07-16T05:34:21.155+0000] {processor.py:183} INFO - Processing /home/airflow/.local/lib/python3.8/site-packages/airflow/example_dags/tutorial_taskflow_api.py took 0.071 seconds
[2026-07-16T05:34:51.476+0000] {processor.py:161} INFO - Started process (PID=1517) to work on /home/airflow/.local/lib/python3.8/site-packages/airflow/example_dags/tutorial_taskflow_api.py
[2026-07-16T05:34:51.479+0000] {processor.py:830} INFO - Processing file /home/airflow/.local/lib/python3.8/site-packages/airflow/example_dags/tutorial_taskflow_api.py for tasks to queue
[2026-07-16T05:34:51.481+0000] {logging_mixin.py:188} INFO - [2026-07-16T05:34:51.481+0000] {dagbag.py:538} INFO - Filling up the DagBag from /home/airflow/.local/lib/python3.8/site-packages/airflow/example_dags/tutorial_taskflow_api.py
[2026-07-16T05:34:51.489+0000] {processor.py:840} INFO - DAG(s) 'tutorial_taskflow_api' retrieved from /home/airflow/.local/lib/python3.8/site-packages/airflow/example_dags/tutorial_taskflow_api.py
[2026-07-16T05:34:51.512+0000] {logging_mixin.py:188} INFO - [2026-07-16T05:34:51.512+0000] {dag.py:3036} INFO - Sync 1 DAGs
[2026-07-16T05:34:51.525+0000] {logging_mixin.py:188} INFO - [2026-07-16T05:34:51.525+0000] {dag.py:3823} INFO - Setting next_dagrun for tutorial_taskflow_api to None, run_after=None
[2026-07-16T05:34:51.548+0000] {processor.py:183} INFO - Processing /home/airflow/.local/lib/python3.8/site-packages/airflow/example_dags/tutorial_taskflow_api.py took 0.076 seconds
[2026-07-16T05:35:22.480+0000] {processor.py:161} INFO - Started process (PID=1573) to work on /home/airflow/.local/lib/python3.8/site-packages/airflow/example_dags/tutorial_taskflow_api.py
[2026-07-16T05:35:22.483+0000] {processor.py:830} INFO - Processing file /home/airflow/.local/lib/python3.8/site-packages/airflow/example_dags/tutorial_taskflow_api.py for tasks to queue
[2026-07-16T05:35:22.485+0000] {logging_mixin.py:188} INFO - [2026-07-16T05:35:22.485+0000] {dagbag.py:538} INFO - Filling up the DagBag from /home/airflow/.local/lib/python3.8/site-packages/airflow/example_dags/tutorial_taskflow_api.py
[2026-07-16T05:35:22.491+0000] {processor.py:840} INFO - DAG(s) 'tutorial_taskflow_api' retrieved from /home/airflow/.local/lib/python3.8/site-packages/airflow/example_dags/tutorial_taskflow_api.py
[2026-07-16T05:35:22.509+0000] {logging_mixin.py:188} INFO - [2026-07-16T05:35:22.509+0000] {dag.py:3036} INFO - Sync 1 DAGs
[2026-07-16T05:35:22.519+0000] {logging_mixin.py:188} INFO - [2026-07-16T05:35:22.519+0000] {dag.py:3823} INFO - Setting next_dagrun for tutorial_taskflow_api to None, run_after=None
[2026-07-16T05:35:22.535+0000] {processor.py:183} INFO - Processing /home/airflow/.local/lib/python3.8/site-packages/airflow/example_dags/tutorial_taskflow_api.py took 0.058 seconds
[2026-07-16T05:35:53.387+0000] {processor.py:161} INFO - Started process (PID=1629) to work on /home/airflow/.local/lib/python3.8/site-packages/airflow/example_dags/tutorial_taskflow_api.py
[2026-07-16T05:35:53.390+0000] {processor.py:830} INFO - Processing file /home/airflow/.local/lib/python3.8/site-packages/airflow/example_dags/tutorial_taskflow_api.py for tasks to queue
[2026-07-16T05:35:53.392+0000] {logging_mixin.py:188} INFO - [2026-07-16T05:35:53.392+0000] {dagbag.py:538} INFO - Filling up the DagBag from /home/airflow/.local/lib/python3.8/site-packages/airflow/example_dags/tutorial_taskflow_api.py
[2026-07-16T05:35:53.399+0000] {processor.py:840} INFO - DAG(s) 'tutorial_taskflow_api' retrieved from /home/airflow/.local/lib/python3.8/site-packages/airflow/example_dags/tutorial_taskflow_api.py
[2026-07-16T05:35:53.425+0000] {logging_mixin.py:188} INFO - [2026-07-16T05:35:53.424+0000] {dag.py:3036} INFO - Sync 1 DAGs
[2026-07-16T05:35:53.436+0000] {logging_mixin.py:188} INFO - [2026-07-16T05:35:53.436+0000] {dag.py:3823} INFO - Setting next_dagrun for tutorial_taskflow_api to None, run_after=None
[2026-07-16T05:35:53.456+0000] {processor.py:183} INFO - Processing /home/airflow/.local/lib/python3.8/site-packages/airflow/example_dags/tutorial_taskflow_api.py took 0.074 seconds
[2026-07-16T05:36:23.829+0000] {processor.py:161} INFO - Started process (PID=1686) to work on /home/airflow/.local/lib/python3.8/site-packages/airflow/example_dags/tutorial_taskflow_api.py
[2026-07-16T05:36:23.832+0000] {processor.py:830} INFO - Processing file /home/airflow/.local/lib/python3.8/site-packages/airflow/example_dags/tutorial_taskflow_api.py for tasks to queue
[2026-07-16T05:36:23.839+0000] {logging_mixin.py:188} INFO - [2026-07-16T05:36:23.838+0000] {dagbag.py:538} INFO - Filling up the DagBag from /home/airflow/.local/lib/python3.8/site-packages/airflow/example_dags/tutorial_taskflow_api.py
[2026-07-16T05:36:23.850+0000] {processor.py:840} INFO - DAG(s) 'tutorial_taskflow_api' retrieved from /home/airflow/.local/lib/python3.8/site-packages/airflow/example_dags/tutorial_taskflow_api.py
[2026-07-16T05:36:23.879+0000] {logging_mixin.py:188} INFO - [2026-07-16T05:36:23.879+0000] {dag.py:3036} INFO - Sync 1 DAGs
[2026-07-16T05:36:23.892+0000] {logging_mixin.py:188} INFO - [2026-07-16T05:36:23.892+0000] {dag.py:3823} INFO - Setting next_dagrun for tutorial_taskflow_api to None, run_after=None
[2026-07-16T05:36:23.917+0000] {processor.py:183} INFO - Processing /home/airflow/.local/lib/python3.8/site-packages/airflow/example_dags/tutorial_taskflow_api.py took 0.092 seconds
[2026-07-16T05:36:54.005+0000] {processor.py:161} INFO - Started process (PID=1742) to work on /home/airflow/.local/lib/python3.8/site-packages/airflow/example_dags/tutorial_taskflow_api.py
[2026-07-16T05:36:54.011+0000] {processor.py:830} INFO - Processing file /home/airflow/.local/lib/python3.8/site-packages/airflow/example_dags/tutorial_taskflow_api.py for tasks to queue
[2026-07-16T05:36:54.017+0000] {logging_mixin.py:188} INFO - [2026-07-16T05:36:54.016+0000] {dagbag.py:538} INFO - Filling up the DagBag from /home/airflow/.local/lib/python3.8/site-packages/airflow/example_dags/tutorial_taskflow_api.py
[2026-07-16T05:36:54.037+0000] {processor.py:840} INFO - DAG(s) 'tutorial_taskflow_api' retrieved from /home/airflow/.local/lib/python3.8/site-packages/airflow/example_dags/tutorial_taskflow_api.py
[2026-07-16T05:36:54.080+0000] {logging_mixin.py:188} INFO - [2026-07-16T05:36:54.080+0000] {dag.py:3036} INFO - Sync 1 DAGs
[2026-07-16T05:36:54.095+0000] {logging_mixin.py:188} INFO - [2026-07-16T05:36:54.095+0000] {dag.py:3823} INFO - Setting next_dagrun for tutorial_taskflow_api to None, run_after=None
[2026-07-16T05:36:54.121+0000] {processor.py:183} INFO - Processing /home/airflow/.local/lib/python3.8/site-packages/airflow/example_dags/tutorial_taskflow_api.py took 0.126 seconds
[2026-07-16T05:37:24.442+0000] {processor.py:161} INFO - Started process (PID=1798) to work on /home/airflow/.local/lib/python3.8/site-packages/airflow/example_dags/tutorial_taskflow_api.py
[2026-07-16T05:37:24.445+0000] {processor.py:830} INFO - Processing file /home/airflow/.local/lib/python3.8/site-packages/airflow/example_dags/tutorial_taskflow_api.py for tasks to queue
[2026-07-16T05:37:24.447+0000] {logging_mixin.py:188} INFO - [2026-07-16T05:37:24.446+0000] {dagbag.py:538} INFO - Filling up the DagBag from /home/airflow/.local/lib/python3.8/site-packages/airflow/example_dags/tutorial_taskflow_api.py
[2026-07-16T05:37:24.454+0000] {processor.py:840} INFO - DAG(s) 'tutorial_taskflow_api' retrieved from /home/airflow/.local/lib/python3.8/site-packages/airflow/example_dags/tutorial_taskflow_api.py
[2026-07-16T05:37:24.476+0000] {logging_mixin.py:188} INFO - [2026-07-16T05:37:24.476+0000] {dag.py:3036} INFO - Sync 1 DAGs
[2026-07-16T05:37:24.488+0000] {logging_mixin.py:188} INFO - [2026-07-16T05:37:24.488+0000] {dag.py:3823} INFO - Setting next_dagrun for tutorial_taskflow_api to None, run_after=None
[2026-07-16T05:37:24.509+0000] {processor.py:183} INFO - Processing /home/airflow/.local/lib/python3.8/site-packages/airflow/example_dags/tutorial_taskflow_api.py took 0.070 seconds
[2026-07-16T05:37:54.791+0000] {processor.py:161} INFO - Started process (PID=1854) to work on /home/airflow/.local/lib/python3.8/site-packages/airflow/example_dags/tutorial_taskflow_api.py
[2026-07-16T05:37:54.796+0000] {processor.py:830} INFO - Processing file /home/airflow/.local/lib/python3.8/site-packages/airflow/example_dags/tutorial_taskflow_api.py for tasks to queue
[2026-07-16T05:37:54.798+0000] {logging_mixin.py:188} INFO - [2026-07-16T05:37:54.797+0000] {dagbag.py:538} INFO - Filling up the DagBag from /home/airflow/.local/lib/python3.8/site-packages/airflow/example_dags/tutorial_taskflow_api.py
[2026-07-16T05:37:54.804+0000] {processor.py:840} INFO - DAG(s) 'tutorial_taskflow_api' retrieved from /home/airflow/.local/lib/python3.8/site-packages/airflow/example_dags/tutorial_taskflow_api.py
[2026-07-16T05:37:54.823+0000] {logging_mixin.py:188} INFO - [2026-07-16T05:37:54.823+0000] {dag.py:3036} INFO - Sync 1 DAGs
[2026-07-16T05:37:54.833+0000] {logging_mixin.py:188} INFO - [2026-07-16T05:37:54.832+0000] {dag.py:3823} INFO - Setting next_dagrun for tutorial_taskflow_api to None, run_after=None
[2026-07-16T05:37:54.848+0000] {processor.py:183} INFO - Processing /home/airflow/.local/lib/python3.8/site-packages/airflow/example_dags/tutorial_taskflow_api.py took 0.061 seconds
[2026-07-16T05:38:25.015+0000] {processor.py:161} INFO - Started process (PID=1910) to work on /home/airflow/.local/lib/python3.8/site-packages/airflow/example_dags/tutorial_taskflow_api.py
[2026-07-16T05:38:25.018+0000] {processor.py:830} INFO - Processing file /home/airflow/.local/lib/python3.8/site-packages/airflow/example_dags/tutorial_taskflow_api.py for tasks to queue
[2026-07-16T05:38:25.024+0000] {logging_mixin.py:188} INFO - [2026-07-16T05:38:25.023+0000] {dagbag.py:538} INFO - Filling up the DagBag from /home/airflow/.local/lib/python3.8/site-packages/airflow/example_dags/tutorial_taskflow_api.py
[2026-07-16T05:38:25.036+0000] {processor.py:840} INFO - DAG(s) 'tutorial_taskflow_api' retrieved from /home/airflow/.local/lib/python3.8/site-packages/airflow/example_dags/tutorial_taskflow_api.py
[2026-07-16T05:38:25.070+0000] {logging_mixin.py:188} INFO - [2026-07-16T05:38:25.070+0000] {dag.py:3036} INFO - Sync 1 DAGs
[2026-07-16T05:38:25.085+0000] {logging_mixin.py:188} INFO - [2026-07-16T05:38:25.084+0000] {dag.py:3823} INFO - Setting next_dagrun for tutorial_taskflow_api to None, run_after=None
[2026-07-16T05:38:25.111+0000] {processor.py:183} INFO - Processing /home/airflow/.local/lib/python3.8/site-packages/airflow/example_dags/tutorial_taskflow_api.py took 0.102 seconds
[2026-07-16T05:38:55.502+0000] {processor.py:161} INFO - Started process (PID=1966) to work on /home/airflow/.local/lib/python3.8/site-packages/airflow/example_dags/tutorial_taskflow_api.py
[2026-07-16T05:38:55.504+0000] {processor.py:830} INFO - Processing file /home/airflow/.local/lib/python3.8/site-packages/airflow/example_dags/tutorial_taskflow_api.py for tasks to queue
[2026-07-16T05:38:55.507+0000] {logging_mixin.py:188} INFO - [2026-07-16T05:38:55.507+0000] {dagbag.py:538} INFO - Filling up the DagBag from /home/airflow/.local/lib/python3.8/site-packages/airflow/example_dags/tutorial_taskflow_api.py
[2026-07-16T05:38:55.516+0000] {processor.py:840} INFO - DAG(s) 'tutorial_taskflow_api' retrieved from /home/airflow/.local/lib/python3.8/site-packages/airflow/example_dags/tutorial_taskflow_api.py
[2026-07-16T05:38:55.547+0000] {logging_mixin.py:188} INFO - [2026-07-16T05:38:55.546+0000] {dag.py:3036} INFO - Sync 1 DAGs
[2026-07-16T05:38:55.563+0000] {logging_mixin.py:188} INFO - [2026-07-16T05:38:55.562+0000] {dag.py:3823} INFO - Setting next_dagrun for tutorial_taskflow_api to None, run_after=None
[2026-07-16T05:38:55.589+0000] {processor.py:183} INFO - Processing /home/airflow/.local/lib/python3.8/site-packages/airflow/example_dags/tutorial_taskflow_api.py took 0.090 seconds
[2026-07-16T05:39:25.687+0000] {processor.py:161} INFO - Started process (PID=2022) to work on /home/airflow/.local/lib/python3.8/site-packages/airflow/example_dags/tutorial_taskflow_api.py
[2026-07-16T05:39:25.690+0000] {processor.py:830} INFO - Processing file /home/airflow/.local/lib/python3.8/site-packages/airflow/example_dags/tutorial_taskflow_api.py for tasks to queue
[2026-07-16T05:39:25.692+0000] {logging_mixin.py:188} INFO - [2026-07-16T05:39:25.691+0000] {dagbag.py:538} INFO - Filling up the DagBag from /home/airflow/.local/lib/python3.8/site-packages/airflow/example_dags/tutorial_taskflow_api.py
[2026-07-16T05:39:25.699+0000] {processor.py:840} INFO - DAG(s) 'tutorial_taskflow_api' retrieved from /home/airflow/.local/lib/python3.8/site-packages/airflow/example_dags/tutorial_taskflow_api.py
[2026-07-16T05:39:25.727+0000] {logging_mixin.py:188} INFO - [2026-07-16T05:39:25.727+0000] {dag.py:3036} INFO - Sync 1 DAGs
[2026-07-16T05:39:25.740+0000] {logging_mixin.py:188} INFO - [2026-07-16T05:39:25.740+0000] {dag.py:3823} INFO - Setting next_dagrun for tutorial_taskflow_api to None, run_after=None
[2026-07-16T05:39:25.763+0000] {processor.py:183} INFO - Processing /home/airflow/.local/lib/python3.8/site-packages/airflow/example_dags/tutorial_taskflow_api.py took 0.080 seconds
[2026-07-16T05:39:55.847+0000] {processor.py:161} INFO - Started process (PID=2078) to work on /home/airflow/.local/lib/python3.8/site-packages/airflow/example_dags/tutorial_taskflow_api.py
[2026-07-16T05:39:55.848+0000] {processor.py:830} INFO - Processing file /home/airflow/.local/lib/python3.8/site-packages/airflow/example_dags/tutorial_taskflow_api.py for tasks to queue
[2026-07-16T05:39:55.850+0000] {logging_mixin.py:188} INFO - [2026-07-16T05:39:55.850+0000] {dagbag.py:538} INFO - Filling up the DagBag from /home/airflow/.local/lib/python3.8/site-packages/airflow/example_dags/tutorial_taskflow_api.py
[2026-07-16T05:39:55.856+0000] {processor.py:840} INFO - DAG(s) 'tutorial_taskflow_api' retrieved from /home/airflow/.local/lib/python3.8/site-packages/airflow/example_dags/tutorial_taskflow_api.py
[2026-07-16T05:39:55.875+0000] {logging_mixin.py:188} INFO - [2026-07-16T05:39:55.875+0000] {dag.py:3036} INFO - Sync 1 DAGs
[2026-07-16T05:39:55.885+0000] {logging_mixin.py:188} INFO - [2026-07-16T05:39:55.885+0000] {dag.py:3823} INFO - Setting next_dagrun for tutorial_taskflow_api to None, run_after=None
[2026-07-16T05:39:55.901+0000] {processor.py:183} INFO - Processing /home/airflow/.local/lib/python3.8/site-packages/airflow/example_dags/tutorial_taskflow_api.py took 0.057 seconds
[2026-07-16T05:40:26.013+0000] {processor.py:161} INFO - Started process (PID=2127) to work on /home/airflow/.local/lib/python3.8/site-packages/airflow/example_dags/tutorial_taskflow_api.py
[2026-07-16T05:40:26.017+0000] {processor.py:830} INFO - Processing file /home/airflow/.local/lib/python3.8/site-packages/airflow/example_dags/tutorial_taskflow_api.py for tasks to queue
[2026-07-16T05:40:26.019+0000] {logging_mixin.py:188} INFO - [2026-07-16T05:40:26.019+0000] {dagbag.py:538} INFO - Filling up the DagBag from /home/airflow/.local/lib/python3.8/site-packages/airflow/example_dags/tutorial_taskflow_api.py
[2026-07-16T05:40:26.026+0000] {processor.py:840} INFO - DAG(s) 'tutorial_taskflow_api' retrieved from /home/airflow/.local/lib/python3.8/site-packages/airflow/example_dags/tutorial_taskflow_api.py
[2026-07-16T05:40:26.050+0000] {logging_mixin.py:188} INFO - [2026-07-16T05:40:26.050+0000] {dag.py:3036} INFO - Sync 1 DAGs
[2026-07-16T05:40:26.061+0000] {logging_mixin.py:188} INFO - [2026-07-16T05:40:26.060+0000] {dag.py:3823} INFO - Setting next_dagrun for tutorial_taskflow_api to None, run_after=None
[2026-07-16T05:40:26.082+0000] {processor.py:183} INFO - Processing /home/airflow/.local/lib/python3.8/site-packages/airflow/example_dags/tutorial_taskflow_api.py took 0.071 seconds
[2026-07-16T05:40:56.547+0000] {processor.py:161} INFO - Started process (PID=2183) to work on /home/airflow/.local/lib/python3.8/site-packages/airflow/example_dags/tutorial_taskflow_api.py
[2026-07-16T05:40:56.549+0000] {processor.py:830} INFO - Processing file /home/airflow/.local/lib/python3.8/site-packages/airflow/example_dags/tutorial_taskflow_api.py for tasks to queue
[2026-07-16T05:40:56.552+0000] {logging_mixin.py:188} INFO - [2026-07-16T05:40:56.551+0000] {dagbag.py:538} INFO - Filling up the DagBag from /home/airflow/.local/lib/python3.8/site-packages/airflow/example_dags/tutorial_taskflow_api.py
[2026-07-16T05:40:56.560+0000] {processor.py:840} INFO - DAG(s) 'tutorial_taskflow_api' retrieved from /home/airflow/.local/lib/python3.8/site-packages/airflow/example_dags/tutorial_taskflow_api.py
[2026-07-16T05:40:56.582+0000] {logging_mixin.py:188} INFO - [2026-07-16T05:40:56.582+0000] {dag.py:3036} INFO - Sync 1 DAGs
[2026-07-16T05:40:56.594+0000] {logging_mixin.py:188} INFO - [2026-07-16T05:40:56.594+0000] {dag.py:3823} INFO - Setting next_dagrun for tutorial_taskflow_api to None, run_after=None
[2026-07-16T05:40:56.620+0000] {processor.py:183} INFO - Processing /home/airflow/.local/lib/python3.8/site-packages/airflow/example_dags/tutorial_taskflow_api.py took 0.077 seconds
[2026-07-16T05:41:27.566+0000] {processor.py:161} INFO - Started process (PID=2240) to work on /home/airflow/.local/lib/python3.8/site-packages/airflow/example_dags/tutorial_taskflow_api.py
[2026-07-16T05:41:27.567+0000] {processor.py:830} INFO - Processing file /home/airflow/.local/lib/python3.8/site-packages/airflow/example_dags/tutorial_taskflow_api.py for tasks to queue
[2026-07-16T05:41:27.569+0000] {logging_mixin.py:188} INFO - [2026-07-16T05:41:27.568+0000] {dagbag.py:538} INFO - Filling up the DagBag from /home/airflow/.local/lib/python3.8/site-packages/airflow/example_dags/tutorial_taskflow_api.py
[2026-07-16T05:41:27.576+0000] {processor.py:840} INFO - DAG(s) 'tutorial_taskflow_api' retrieved from /home/airflow/.local/lib/python3.8/site-packages/airflow/example_dags/tutorial_taskflow_api.py
[2026-07-16T05:41:27.593+0000] {logging_mixin.py:188} INFO - [2026-07-16T05:41:27.593+0000] {dag.py:3036} INFO - Sync 1 DAGs
[2026-07-16T05:41:27.604+0000] {logging_mixin.py:188} INFO - [2026-07-16T05:41:27.603+0000] {dag.py:3823} INFO - Setting next_dagrun for tutorial_taskflow_api to None, run_after=None
[2026-07-16T05:41:27.620+0000] {processor.py:183} INFO - Processing /home/airflow/.local/lib/python3.8/site-packages/airflow/example_dags/tutorial_taskflow_api.py took 0.057 seconds
[2026-07-16T05:41:58.441+0000] {processor.py:161} INFO - Started process (PID=2296) to work on /home/airflow/.local/lib/python3.8/site-packages/airflow/example_dags/tutorial_taskflow_api.py
[2026-07-16T05:41:58.442+0000] {processor.py:830} INFO - Processing file /home/airflow/.local/lib/python3.8/site-packages/airflow/example_dags/tutorial_taskflow_api.py for tasks to queue
[2026-07-16T05:41:58.444+0000] {logging_mixin.py:188} INFO - [2026-07-16T05:41:58.444+0000] {dagbag.py:538} INFO - Filling up the DagBag from /home/airflow/.local/lib/python3.8/site-packages/airflow/example_dags/tutorial_taskflow_api.py
[2026-07-16T05:41:58.451+0000] {processor.py:840} INFO - DAG(s) 'tutorial_taskflow_api' retrieved from /home/airflow/.local/lib/python3.8/site-packages/airflow/example_dags/tutorial_taskflow_api.py
[2026-07-16T05:41:58.471+0000] {logging_mixin.py:188} INFO - [2026-07-16T05:41:58.471+0000] {dag.py:3036} INFO - Sync 1 DAGs
[2026-07-16T05:41:58.480+0000] {logging_mixin.py:188} INFO - [2026-07-16T05:41:58.480+0000] {dag.py:3823} INFO - Setting next_dagrun for tutorial_taskflow_api to None, run_after=None
[2026-07-16T05:41:58.499+0000] {processor.py:183} INFO - Processing /home/airflow/.local/lib/python3.8/site-packages/airflow/example_dags/tutorial_taskflow_api.py took 0.061 seconds
[2026-07-16T05:42:28.784+0000] {processor.py:161} INFO - Started process (PID=2352) to work on /home/airflow/.local/lib/python3.8/site-packages/airflow/example_dags/tutorial_taskflow_api.py
[2026-07-16T05:42:28.786+0000] {processor.py:830} INFO - Processing file /home/airflow/.local/lib/python3.8/site-packages/airflow/example_dags/tutorial_taskflow_api.py for tasks to queue
[2026-07-16T05:42:28.788+0000] {logging_mixin.py:188} INFO - [2026-07-16T05:42:28.788+0000] {dagbag.py:538} INFO - Filling up the DagBag from /home/airflow/.local/lib/python3.8/site-packages/airflow/example_dags/tutorial_taskflow_api.py
[2026-07-16T05:42:28.794+0000] {processor.py:840} INFO - DAG(s) 'tutorial_taskflow_api' retrieved from /home/airflow/.local/lib/python3.8/site-packages/airflow/example_dags/tutorial_taskflow_api.py
[2026-07-16T05:42:28.811+0000] {logging_mixin.py:188} INFO - [2026-07-16T05:42:28.811+0000] {dag.py:3036} INFO - Sync 1 DAGs
[2026-07-16T05:42:28.820+0000] {logging_mixin.py:188} INFO - [2026-07-16T05:42:28.820+0000] {dag.py:3823} INFO - Setting next_dagrun for tutorial_taskflow_api to None, run_after=None
[2026-07-16T05:42:28.835+0000] {processor.py:183} INFO - Processing /home/airflow/.local/lib/python3.8/site-packages/airflow/example_dags/tutorial_taskflow_api.py took 0.054 seconds
[2026-07-16T05:42:59.003+0000] {processor.py:161} INFO - Started process (PID=2408) to work on /home/airflow/.local/lib/python3.8/site-packages/airflow/example_dags/tutorial_taskflow_api.py
[2026-07-16T05:42:59.005+0000] {processor.py:830} INFO - Processing file /home/airflow/.local/lib/python3.8/site-packages/airflow/example_dags/tutorial_taskflow_api.py for tasks to queue
[2026-07-16T05:42:59.006+0000] {logging_mixin.py:188} INFO - [2026-07-16T05:42:59.006+0000] {dagbag.py:538} INFO - Filling up the DagBag from /home/airflow/.local/lib/python3.8/site-packages/airflow/example_dags/tutorial_taskflow_api.py
[2026-07-16T05:42:59.015+0000] {processor.py:840} INFO - DAG(s) 'tutorial_taskflow_api' retrieved from /home/airflow/.local/lib/python3.8/site-packages/airflow/example_dags/tutorial_taskflow_api.py
[2026-07-16T05:42:59.033+0000] {logging_mixin.py:188} INFO - [2026-07-16T05:42:59.033+0000] {dag.py:3036} INFO - Sync 1 DAGs
[2026-07-16T05:42:59.044+0000] {logging_mixin.py:188} INFO - [2026-07-16T05:42:59.044+0000] {dag.py:3823} INFO - Setting next_dagrun for tutorial_taskflow_api to None, run_after=None
[2026-07-16T05:42:59.062+0000] {processor.py:183} INFO - Processing /home/airflow/.local/lib/python3.8/site-packages/airflow/example_dags/tutorial_taskflow_api.py took 0.062 seconds
[2026-07-16T05:43:29.356+0000] {processor.py:161} INFO - Started process (PID=2464) to work on /home/airflow/.local/lib/python3.8/site-packages/airflow/example_dags/tutorial_taskflow_api.py
[2026-07-16T05:43:29.357+0000] {processor.py:830} INFO - Processing file /home/airflow/.local/lib/python3.8/site-packages/airflow/example_dags/tutorial_taskflow_api.py for tasks to queue
[2026-07-16T05:43:29.359+0000] {logging_mixin.py:188} INFO - [2026-07-16T05:43:29.358+0000] {dagbag.py:538} INFO - Filling up the DagBag from /home/airflow/.local/lib/python3.8/site-packages/airflow/example_dags/tutorial_taskflow_api.py
[2026-07-16T05:43:29.365+0000] {processor.py:840} INFO - DAG(s) 'tutorial_taskflow_api' retrieved from /home/airflow/.local/lib/python3.8/site-packages/airflow/example_dags/tutorial_taskflow_api.py
[2026-07-16T05:43:29.390+0000] {logging_mixin.py:188} INFO - [2026-07-16T05:43:29.389+0000] {dag.py:3036} INFO - Sync 1 DAGs
[2026-07-16T05:43:29.401+0000] {logging_mixin.py:188} INFO - [2026-07-16T05:43:29.400+0000] {dag.py:3823} INFO - Setting next_dagrun for tutorial_taskflow_api to None, run_after=None
[2026-07-16T05:43:29.420+0000] {processor.py:183} INFO - Processing /home/airflow/.local/lib/python3.8/site-packages/airflow/example_dags/tutorial_taskflow_api.py took 0.069 seconds
[2026-07-16T05:44:00.011+0000] {processor.py:161} INFO - Started process (PID=2520) to work on /home/airflow/.local/lib/python3.8/site-packages/airflow/example_dags/tutorial_taskflow_api.py
[2026-07-16T05:44:00.013+0000] {processor.py:830} INFO - Processing file /home/airflow/.local/lib/python3.8/site-packages/airflow/example_dags/tutorial_taskflow_api.py for tasks to queue
[2026-07-16T05:44:00.016+0000] {logging_mixin.py:188} INFO - [2026-07-16T05:44:00.015+0000] {dagbag.py:538} INFO - Filling up the DagBag from /home/airflow/.local/lib/python3.8/site-packages/airflow/example_dags/tutorial_taskflow_api.py
[2026-07-16T05:44:00.028+0000] {processor.py:840} INFO - DAG(s) 'tutorial_taskflow_api' retrieved from /home/airflow/.local/lib/python3.8/site-packages/airflow/example_dags/tutorial_taskflow_api.py
[2026-07-16T05:44:00.065+0000] {logging_mixin.py:188} INFO - [2026-07-16T05:44:00.064+0000] {dag.py:3036} INFO - Sync 1 DAGs
[2026-07-16T05:44:00.083+0000] {logging_mixin.py:188} INFO - [2026-07-16T05:44:00.083+0000] {dag.py:3823} INFO - Setting next_dagrun for tutorial_taskflow_api to None, run_after=None
[2026-07-16T05:44:00.107+0000] {processor.py:183} INFO - Processing /home/airflow/.local/lib/python3.8/site-packages/airflow/example_dags/tutorial_taskflow_api.py took 0.104 seconds
[2026-07-16T05:44:30.417+0000] {processor.py:161} INFO - Started process (PID=2576) to work on /home/airflow/.local/lib/python3.8/site-packages/airflow/example_dags/tutorial_taskflow_api.py
[2026-07-16T05:44:30.417+0000] {processor.py:830} INFO - Processing file /home/airflow/.local/lib/python3.8/site-packages/airflow/example_dags/tutorial_taskflow_api.py for tasks to queue
[2026-07-16T05:44:30.419+0000] {logging_mixin.py:188} INFO - [2026-07-16T05:44:30.419+0000] {dagbag.py:538} INFO - Filling up the DagBag from /home/airflow/.local/lib/python3.8/site-packages/airflow/example_dags/tutorial_taskflow_api.py
[2026-07-16T05:44:30.429+0000] {processor.py:840} INFO - DAG(s) 'tutorial_taskflow_api' retrieved from /home/airflow/.local/lib/python3.8/site-packages/airflow/example_dags/tutorial_taskflow_api.py
[2026-07-16T05:44:30.455+0000] {logging_mixin.py:188} INFO - [2026-07-16T05:44:30.454+0000] {dag.py:3036} INFO - Sync 1 DAGs
[2026-07-16T05:44:30.467+0000] {logging_mixin.py:188} INFO - [2026-07-16T05:44:30.466+0000] {dag.py:3823} INFO - Setting next_dagrun for tutorial_taskflow_api to None, run_after=None
[2026-07-16T05:44:30.488+0000] {processor.py:183} INFO - Processing /home/airflow/.local/lib/python3.8/site-packages/airflow/example_dags/tutorial_taskflow_api.py took 0.077 seconds
[2026-07-16T05:45:00.656+0000] {processor.py:161} INFO - Started process (PID=2631) to work on /home/airflow/.local/lib/python3.8/site-packages/airflow/example_dags/tutorial_taskflow_api.py
[2026-07-16T05:45:00.657+0000] {processor.py:830} INFO - Processing file /home/airflow/.local/lib/python3.8/site-packages/airflow/example_dags/tutorial_taskflow_api.py for tasks to queue
[2026-07-16T05:45:00.659+0000] {logging_mixin.py:188} INFO - [2026-07-16T05:45:00.658+0000] {dagbag.py:538} INFO - Filling up the DagBag from /home/airflow/.local/lib/python3.8/site-packages/airflow/example_dags/tutorial_taskflow_api.py
[2026-07-16T05:45:00.665+0000] {processor.py:840} INFO - DAG(s) 'tutorial_taskflow_api' retrieved from /home/airflow/.local/lib/python3.8/site-packages/airflow/example_dags/tutorial_taskflow_api.py
[2026-07-16T05:45:00.682+0000] {logging_mixin.py:188} INFO - [2026-07-16T05:45:00.682+0000] {dag.py:3036} INFO - Sync 1 DAGs
[2026-07-16T05:45:00.692+0000] {logging_mixin.py:188} INFO - [2026-07-16T05:45:00.691+0000] {dag.py:3823} INFO - Setting next_dagrun for tutorial_taskflow_api to None, run_after=None
[2026-07-16T05:45:00.709+0000] {processor.py:183} INFO - Processing /home/airflow/.local/lib/python3.8/site-packages/airflow/example_dags/tutorial_taskflow_api.py took 0.056 seconds
[2026-07-16T05:45:30.776+0000] {processor.py:161} INFO - Started process (PID=2687) to work on /home/airflow/.local/lib/python3.8/site-packages/airflow/example_dags/tutorial_taskflow_api.py
[2026-07-16T05:45:30.777+0000] {processor.py:830} INFO - Processing file /home/airflow/.local/lib/python3.8/site-packages/airflow/example_dags/tutorial_taskflow_api.py for tasks to queue
[2026-07-16T05:45:30.778+0000] {logging_mixin.py:188} INFO - [2026-07-16T05:45:30.778+0000] {dagbag.py:538} INFO - Filling up the DagBag from /home/airflow/.local/lib/python3.8/site-packages/airflow/example_dags/tutorial_taskflow_api.py
[2026-07-16T05:45:30.786+0000] {processor.py:840} INFO - DAG(s) 'tutorial_taskflow_api' retrieved from /home/airflow/.local/lib/python3.8/site-packages/airflow/example_dags/tutorial_taskflow_api.py
[2026-07-16T05:45:30.802+0000] {logging_mixin.py:188} INFO - [2026-07-16T05:45:30.802+0000] {dag.py:3036} INFO - Sync 1 DAGs
[2026-07-16T05:45:30.811+0000] {logging_mixin.py:188} INFO - [2026-07-16T05:45:30.811+0000] {dag.py:3823} INFO - Setting next_dagrun for tutorial_taskflow_api to None, run_after=None
[2026-07-16T05:45:30.825+0000] {processor.py:183} INFO - Processing /home/airflow/.local/lib/python3.8/site-packages/airflow/example_dags/tutorial_taskflow_api.py took 0.052 seconds
[2026-07-16T05:46:01.511+0000] {processor.py:161} INFO - Started process (PID=2744) to work on /home/airflow/.local/lib/python3.8/site-packages/airflow/example_dags/tutorial_taskflow_api.py
[2026-07-16T05:46:01.512+0000] {processor.py:830} INFO - Processing file /home/airflow/.local/lib/python3.8/site-packages/airflow/example_dags/tutorial_taskflow_api.py for tasks to queue
[2026-07-16T05:46:01.514+0000] {logging_mixin.py:188} INFO - [2026-07-16T05:46:01.514+0000] {dagbag.py:538} INFO - Filling up the DagBag from /home/airflow/.local/lib/python3.8/site-packages/airflow/example_dags/tutorial_taskflow_api.py
[2026-07-16T05:46:01.520+0000] {processor.py:840} INFO - DAG(s) 'tutorial_taskflow_api' retrieved from /home/airflow/.local/lib/python3.8/site-packages/airflow/example_dags/tutorial_taskflow_api.py
[2026-07-16T05:46:01.540+0000] {logging_mixin.py:188} INFO - [2026-07-16T05:46:01.540+0000] {dag.py:3036} INFO - Sync 1 DAGs
[2026-07-16T05:46:01.550+0000] {logging_mixin.py:188} INFO - [2026-07-16T05:46:01.550+0000] {dag.py:3823} INFO - Setting next_dagrun for tutorial_taskflow_api to None, run_after=None
[2026-07-16T05:46:01.568+0000] {processor.py:183} INFO - Processing /home/airflow/.local/lib/python3.8/site-packages/airflow/example_dags/tutorial_taskflow_api.py took 0.060 seconds
[2026-07-16T05:46:31.714+0000] {processor.py:161} INFO - Started process (PID=2799) to work on /home/airflow/.local/lib/python3.8/site-packages/airflow/example_dags/tutorial_taskflow_api.py
[2026-07-16T05:46:31.717+0000] {processor.py:830} INFO - Processing file /home/airflow/.local/lib/python3.8/site-packages/airflow/example_dags/tutorial_taskflow_api.py for tasks to queue
[2026-07-16T05:46:31.718+0000] {logging_mixin.py:188} INFO - [2026-07-16T05:46:31.718+0000] {dagbag.py:538} INFO - Filling up the DagBag from /home/airflow/.local/lib/python3.8/site-packages/airflow/example_dags/tutorial_taskflow_api.py
[2026-07-16T05:46:31.724+0000] {processor.py:840} INFO - DAG(s) 'tutorial_taskflow_api' retrieved from /home/airflow/.local/lib/python3.8/site-packages/airflow/example_dags/tutorial_taskflow_api.py
[2026-07-16T05:46:31.742+0000] {logging_mixin.py:188} INFO - [2026-07-16T05:46:31.742+0000] {dag.py:3036} INFO - Sync 1 DAGs
[2026-07-16T05:46:31.752+0000] {logging_mixin.py:188} INFO - [2026-07-16T05:46:31.752+0000] {dag.py:3823} INFO - Setting next_dagrun for tutorial_taskflow_api to None, run_after=None
[2026-07-16T05:46:31.766+0000] {processor.py:183} INFO - Processing /home/airflow/.local/lib/python3.8/site-packages/airflow/example_dags/tutorial_taskflow_api.py took 0.055 seconds
[2026-07-16T05:47:02.415+0000] {processor.py:161} INFO - Started process (PID=2856) to work on /home/airflow/.local/lib/python3.8/site-packages/airflow/example_dags/tutorial_taskflow_api.py
[2026-07-16T05:47:02.416+0000] {processor.py:830} INFO - Processing file /home/airflow/.local/lib/python3.8/site-packages/airflow/example_dags/tutorial_taskflow_api.py for tasks to queue
[2026-07-16T05:47:02.417+0000] {logging_mixin.py:188} INFO - [2026-07-16T05:47:02.417+0000] {dagbag.py:538} INFO - Filling up the DagBag from /home/airflow/.local/lib/python3.8/site-packages/airflow/example_dags/tutorial_taskflow_api.py
[2026-07-16T05:47:02.422+0000] {processor.py:840} INFO - DAG(s) 'tutorial_taskflow_api' retrieved from /home/airflow/.local/lib/python3.8/site-packages/airflow/example_dags/tutorial_taskflow_api.py
[2026-07-16T05:47:02.437+0000] {logging_mixin.py:188} INFO - [2026-07-16T05:47:02.437+0000] {dag.py:3036} INFO - Sync 1 DAGs
[2026-07-16T05:47:02.446+0000] {logging_mixin.py:188} INFO - [2026-07-16T05:47:02.445+0000] {dag.py:3823} INFO - Setting next_dagrun for tutorial_taskflow_api to None, run_after=None
[2026-07-16T05:47:02.459+0000] {processor.py:183} INFO - Processing /home/airflow/.local/lib/python3.8/site-packages/airflow/example_dags/tutorial_taskflow_api.py took 0.047 seconds
[2026-07-16T05:47:32.957+0000] {processor.py:161} INFO - Started process (PID=2912) to work on /home/airflow/.local/lib/python3.8/site-packages/airflow/example_dags/tutorial_taskflow_api.py
[2026-07-16T05:47:32.958+0000] {processor.py:830} INFO - Processing file /home/airflow/.local/lib/python3.8/site-packages/airflow/example_dags/tutorial_taskflow_api.py for tasks to queue
[2026-07-16T05:47:32.961+0000] {logging_mixin.py:188} INFO - [2026-07-16T05:47:32.960+0000] {dagbag.py:538} INFO - Filling up the DagBag from /home/airflow/.local/lib/python3.8/site-packages/airflow/example_dags/tutorial_taskflow_api.py
[2026-07-16T05:47:32.968+0000] {processor.py:840} INFO - DAG(s) 'tutorial_taskflow_api' retrieved from /home/airflow/.local/lib/python3.8/site-packages/airflow/example_dags/tutorial_taskflow_api.py
[2026-07-16T05:47:32.986+0000] {logging_mixin.py:188} INFO - [2026-07-16T05:47:32.986+0000] {dag.py:3036} INFO - Sync 1 DAGs
[2026-07-16T05:47:33.138+0000] {logging_mixin.py:188} INFO - [2026-07-16T05:47:33.138+0000] {dag.py:3823} INFO - Setting next_dagrun for tutorial_taskflow_api to None, run_after=None
[2026-07-16T05:47:33.164+0000] {processor.py:183} INFO - Processing /home/airflow/.local/lib/python3.8/site-packages/airflow/example_dags/tutorial_taskflow_api.py took 0.212 seconds
[2026-07-16T05:48:03.799+0000] {processor.py:161} INFO - Started process (PID=2968) to work on /home/airflow/.local/lib/python3.8/site-packages/airflow/example_dags/tutorial_taskflow_api.py
[2026-07-16T05:48:03.800+0000] {processor.py:830} INFO - Processing file /home/airflow/.local/lib/python3.8/site-packages/airflow/example_dags/tutorial_taskflow_api.py for tasks to queue
[2026-07-16T05:48:03.803+0000] {logging_mixin.py:188} INFO - [2026-07-16T05:48:03.802+0000] {dagbag.py:538} INFO - Filling up the DagBag from /home/airflow/.local/lib/python3.8/site-packages/airflow/example_dags/tutorial_taskflow_api.py
[2026-07-16T05:48:03.809+0000] {processor.py:840} INFO - DAG(s) 'tutorial_taskflow_api' retrieved from /home/airflow/.local/lib/python3.8/site-packages/airflow/example_dags/tutorial_taskflow_api.py
[2026-07-16T05:48:03.830+0000] {logging_mixin.py:188} INFO - [2026-07-16T05:48:03.830+0000] {dag.py:3036} INFO - Sync 1 DAGs
[2026-07-16T05:48:03.843+0000] {logging_mixin.py:188} INFO - [2026-07-16T05:48:03.842+0000] {dag.py:3823} INFO - Setting next_dagrun for tutorial_taskflow_api to None, run_after=None
[2026-07-16T05:48:03.866+0000] {processor.py:183} INFO - Processing /home/airflow/.local/lib/python3.8/site-packages/airflow/example_dags/tutorial_taskflow_api.py took 0.071 seconds
[2026-07-16T05:48:33.977+0000] {processor.py:161} INFO - Started process (PID=3023) to work on /home/airflow/.local/lib/python3.8/site-packages/airflow/example_dags/tutorial_taskflow_api.py
[2026-07-16T05:48:33.979+0000] {processor.py:830} INFO - Processing file /home/airflow/.local/lib/python3.8/site-packages/airflow/example_dags/tutorial_taskflow_api.py for tasks to queue
[2026-07-16T05:48:33.981+0000] {logging_mixin.py:188} INFO - [2026-07-16T05:48:33.980+0000] {dagbag.py:538} INFO - Filling up the DagBag from /home/airflow/.local/lib/python3.8/site-packages/airflow/example_dags/tutorial_taskflow_api.py
[2026-07-16T05:48:33.988+0000] {processor.py:840} INFO - DAG(s) 'tutorial_taskflow_api' retrieved from /home/airflow/.local/lib/python3.8/site-packages/airflow/example_dags/tutorial_taskflow_api.py
[2026-07-16T05:48:34.010+0000] {logging_mixin.py:188} INFO - [2026-07-16T05:48:34.010+0000] {dag.py:3036} INFO - Sync 1 DAGs
[2026-07-16T05:48:34.023+0000] {logging_mixin.py:188} INFO - [2026-07-16T05:48:34.023+0000] {dag.py:3823} INFO - Setting next_dagrun for tutorial_taskflow_api to None, run_after=None
[2026-07-16T05:48:34.043+0000] {processor.py:183} INFO - Processing /home/airflow/.local/lib/python3.8/site-packages/airflow/example_dags/tutorial_taskflow_api.py took 0.070 seconds
