[2026-07-13T10:51:22.322+0000] {taskinstance.py:1956} INFO - Dependencies all met for dep_context=non-requeueable deps ti=<TaskInstance: ecommerce_batch_pipeline.spark_clean_sellers manual__2026-07-13T10:45:56.274995+00:00 [queued]>
[2026-07-13T10:51:22.348+0000] {taskinstance.py:1956} INFO - Dependencies all met for dep_context=requeueable deps ti=<TaskInstance: ecommerce_batch_pipeline.spark_clean_sellers manual__2026-07-13T10:45:56.274995+00:00 [queued]>
[2026-07-13T10:51:22.349+0000] {taskinstance.py:2170} INFO - Starting attempt 2 of 2
[2026-07-13T10:51:22.386+0000] {taskinstance.py:2191} INFO - Executing <Task(BashOperator): spark_clean_sellers> on 2026-07-13 10:45:56.274995+00:00
[2026-07-13T10:51:22.399+0000] {standard_task_runner.py:60} INFO - Started process 4174 to run task
[2026-07-13T10:51:22.405+0000] {standard_task_runner.py:87} INFO - Running: ['***', 'tasks', 'run', 'ecommerce_batch_pipeline', 'spark_clean_sellers', 'manual__2026-07-13T10:45:56.274995+00:00', '--job-id', '29', '--raw', '--subdir', 'DAGS_FOLDER/ecommerce_batch_dag.py', '--cfg-path', '/tmp/tmposzaenne']
[2026-07-13T10:51:22.412+0000] {standard_task_runner.py:88} INFO - Job 29: Subtask spark_clean_sellers
[2026-07-13T10:51:22.540+0000] {task_command.py:423} INFO - Running <TaskInstance: ecommerce_batch_pipeline.spark_clean_sellers manual__2026-07-13T10:45:56.274995+00:00 [running]> on host 4860064ad401
[2026-07-13T10:51:22.719+0000] {taskinstance.py:2480} INFO - Exporting env vars: AIRFLOW_CTX_DAG_OWNER='de-team' AIRFLOW_CTX_DAG_ID='ecommerce_batch_pipeline' AIRFLOW_CTX_TASK_ID='spark_clean_sellers' AIRFLOW_CTX_EXECUTION_DATE='2026-07-13T10:45:56.274995+00:00' AIRFLOW_CTX_TRY_NUMBER='2' AIRFLOW_CTX_DAG_RUN_ID='manual__2026-07-13T10:45:56.274995+00:00'
[2026-07-13T10:51:22.726+0000] {subprocess.py:63} INFO - Tmp dir root location: /tmp
[2026-07-13T10:51:22.728+0000] {subprocess.py:75} INFO - Running command: ['/usr/bin/bash', '-c', 'python /opt/***/spark/jobs/clean_sellers.py']
[2026-07-13T10:51:22.761+0000] {subprocess.py:86} INFO - Output:
[2026-07-13T10:51:38.174+0000] {subprocess.py:93} INFO - Setting default log level to "WARN".
[2026-07-13T10:51:38.237+0000] {subprocess.py:93} INFO - To adjust logging level use sc.setLogLevel(newLevel). For SparkR, use setLogLevel(newLevel).
[2026-07-13T10:51:41.411+0000] {subprocess.py:93} INFO - 26/07/13 10:51:41 WARN NativeCodeLoader: Unable to load native-hadoop library for your platform... using builtin-java classes where applicable
[2026-07-13T10:51:55.821+0000] {subprocess.py:93} INFO - 26/07/13 10:51:55 WARN Utils: Service 'SparkUI' could not bind on port 4040. Attempting port 4041.
[2026-07-13T10:51:55.846+0000] {subprocess.py:93} INFO - 26/07/13 10:51:55 WARN Utils: Service 'SparkUI' could not bind on port 4041. Attempting port 4042.
[2026-07-13T10:51:55.856+0000] {subprocess.py:93} INFO - 26/07/13 10:51:55 WARN Utils: Service 'SparkUI' could not bind on port 4042. Attempting port 4043.
[2026-07-13T10:51:55.872+0000] {subprocess.py:93} INFO - 26/07/13 10:51:55 WARN Utils: Service 'SparkUI' could not bind on port 4043. Attempting port 4044.
[2026-07-13T10:52:12.927+0000] {subprocess.py:93} INFO - Traceback (most recent call last):
[2026-07-13T10:52:12.928+0000] {subprocess.py:93} INFO -   File "/opt/***/spark/jobs/clean_sellers.py", line 11, in <module>
[2026-07-13T10:52:12.930+0000] {subprocess.py:93} INFO -     df = spark.read.csv(
[2026-07-13T10:52:12.931+0000] {subprocess.py:93} INFO -   File "/home/***/.local/lib/python3.8/site-packages/pyspark/sql/readwriter.py", line 740, in csv
[2026-07-13T10:52:12.932+0000] {subprocess.py:93} INFO -     return self._df(self._jreader.csv(self._spark._sc._jvm.PythonUtils.toSeq(path)))
[2026-07-13T10:52:12.932+0000] {subprocess.py:93} INFO -   File "/home/***/.local/lib/python3.8/site-packages/py4j/java_gateway.py", line 1362, in __call__
[2026-07-13T10:52:12.932+0000] {subprocess.py:93} INFO -     return_value = get_return_value(
[2026-07-13T10:52:12.932+0000] {subprocess.py:93} INFO -   File "/home/***/.local/lib/python3.8/site-packages/pyspark/errors/exceptions/captured.py", line 185, in deco
[2026-07-13T10:52:12.933+0000] {subprocess.py:93} INFO -     raise converted from None
[2026-07-13T10:52:12.933+0000] {subprocess.py:93} INFO - pyspark.errors.exceptions.captured.AnalysisException: [PATH_NOT_FOUND] Path does not exist: file:/tmp/***tmp_l_airp5/data/raw/olist_sellers_dataset.csv.
[2026-07-13T10:52:13.545+0000] {subprocess.py:97} INFO - Command exited with return code 1
[2026-07-13T10:52:13.557+0000] {taskinstance.py:2698} ERROR - Task failed with exception
Traceback (most recent call last):
  File "/home/airflow/.local/lib/python3.8/site-packages/airflow/models/taskinstance.py", line 433, in _execute_task
    result = execute_callable(context=context, **execute_callable_kwargs)
  File "/home/airflow/.local/lib/python3.8/site-packages/airflow/operators/bash.py", line 212, in execute
    raise AirflowException(
airflow.exceptions.AirflowException: Bash command failed. The command returned a non-zero exit code 1.
[2026-07-13T10:52:13.560+0000] {taskinstance.py:1138} INFO - Marking task as FAILED. dag_id=ecommerce_batch_pipeline, task_id=spark_clean_sellers, execution_date=20260713T104556, start_date=20260713T105122, end_date=20260713T105213
[2026-07-13T10:52:13.575+0000] {standard_task_runner.py:107} ERROR - Failed to execute job 29 for task spark_clean_sellers (Bash command failed. The command returned a non-zero exit code 1.; 4174)
[2026-07-13T10:52:13.626+0000] {local_task_job_runner.py:234} INFO - Task exited with return code 1
[2026-07-13T10:52:13.645+0000] {taskinstance.py:3280} INFO - 0 downstream tasks scheduled from follow-on schedule check
