[2026-07-13T10:25:25.543+0000] {taskinstance.py:1956} INFO - Dependencies all met for dep_context=non-requeueable deps ti=<TaskInstance: ecommerce_batch_pipeline.spark_clean_sellers manual__2026-07-13T10:13:22.562959+00:00 [queued]>
[2026-07-13T10:25:25.564+0000] {taskinstance.py:1956} INFO - Dependencies all met for dep_context=requeueable deps ti=<TaskInstance: ecommerce_batch_pipeline.spark_clean_sellers manual__2026-07-13T10:13:22.562959+00:00 [queued]>
[2026-07-13T10:25:25.565+0000] {taskinstance.py:2170} INFO - Starting attempt 1 of 2
[2026-07-13T10:25:25.597+0000] {taskinstance.py:2191} INFO - Executing <Task(BashOperator): spark_clean_sellers> on 2026-07-13 10:13:22.562959+00:00
[2026-07-13T10:25:25.615+0000] {standard_task_runner.py:60} INFO - Started process 1730 to run task
[2026-07-13T10:25:25.655+0000] {standard_task_runner.py:87} INFO - Running: ['***', 'tasks', 'run', 'ecommerce_batch_pipeline', 'spark_clean_sellers', 'manual__2026-07-13T10:13:22.562959+00:00', '--job-id', '126', '--raw', '--subdir', 'DAGS_FOLDER/ecommerce_batch_dag.py', '--cfg-path', '/tmp/tmpnvyz52ra']
[2026-07-13T10:25:25.663+0000] {standard_task_runner.py:88} INFO - Job 126: Subtask spark_clean_sellers
[2026-07-13T10:25:25.939+0000] {task_command.py:423} INFO - Running <TaskInstance: ecommerce_batch_pipeline.spark_clean_sellers manual__2026-07-13T10:13:22.562959+00:00 [running]> on host 3b28fe8418c7
[2026-07-13T10:25:26.244+0000] {taskinstance.py:2480} INFO - Exporting env vars: AIRFLOW_CTX_DAG_OWNER='de-team' AIRFLOW_CTX_DAG_ID='ecommerce_batch_pipeline' AIRFLOW_CTX_TASK_ID='spark_clean_sellers' AIRFLOW_CTX_EXECUTION_DATE='2026-07-13T10:13:22.562959+00:00' AIRFLOW_CTX_TRY_NUMBER='1' AIRFLOW_CTX_DAG_RUN_ID='manual__2026-07-13T10:13:22.562959+00:00'
[2026-07-13T10:25:26.252+0000] {subprocess.py:63} INFO - Tmp dir root location: /tmp
[2026-07-13T10:25:26.260+0000] {subprocess.py:75} INFO - Running command: ['/usr/bin/bash', '-c', 'python /opt/***/spark/jobs/clean_sellers.py']
[2026-07-13T10:25:26.310+0000] {subprocess.py:86} INFO - Output:
[2026-07-13T10:25:35.947+0000] {subprocess.py:93} INFO - Setting default log level to "WARN".
[2026-07-13T10:25:35.949+0000] {subprocess.py:93} INFO - To adjust logging level use sc.setLogLevel(newLevel). For SparkR, use setLogLevel(newLevel).
[2026-07-13T10:25:36.872+0000] {subprocess.py:93} INFO - 26/07/13 10:25:36 WARN NativeCodeLoader: Unable to load native-hadoop library for your platform... using builtin-java classes where applicable
[2026-07-13T10:25:48.827+0000] {subprocess.py:93} INFO - Traceback (most recent call last):
[2026-07-13T10:25:48.828+0000] {subprocess.py:93} INFO -   File "/opt/***/spark/jobs/clean_sellers.py", line 11, in <module>
[2026-07-13T10:25:48.829+0000] {subprocess.py:93} INFO -     df = spark.read.csv(
[2026-07-13T10:25:48.830+0000] {subprocess.py:93} INFO -   File "/home/***/.local/lib/python3.8/site-packages/pyspark/sql/readwriter.py", line 740, in csv
[2026-07-13T10:25:48.830+0000] {subprocess.py:93} INFO -     return self._df(self._jreader.csv(self._spark._sc._jvm.PythonUtils.toSeq(path)))
[2026-07-13T10:25:48.831+0000] {subprocess.py:93} INFO -   File "/home/***/.local/lib/python3.8/site-packages/py4j/java_gateway.py", line 1362, in __call__
[2026-07-13T10:25:48.832+0000] {subprocess.py:93} INFO -     return_value = get_return_value(
[2026-07-13T10:25:48.834+0000] {subprocess.py:93} INFO -   File "/home/***/.local/lib/python3.8/site-packages/pyspark/errors/exceptions/captured.py", line 185, in deco
[2026-07-13T10:25:48.834+0000] {subprocess.py:93} INFO -     raise converted from None
[2026-07-13T10:25:48.835+0000] {subprocess.py:93} INFO - pyspark.errors.exceptions.captured.AnalysisException: [PATH_NOT_FOUND] Path does not exist: file:/tmp/***tmp0bb70i_k/data/raw/olist_sellers_dataset.csv.
[2026-07-13T10:25:49.543+0000] {subprocess.py:97} INFO - Command exited with return code 1
[2026-07-13T10:25:49.579+0000] {taskinstance.py:2698} ERROR - Task failed with exception
Traceback (most recent call last):
  File "/home/airflow/.local/lib/python3.8/site-packages/airflow/models/taskinstance.py", line 433, in _execute_task
    result = execute_callable(context=context, **execute_callable_kwargs)
  File "/home/airflow/.local/lib/python3.8/site-packages/airflow/operators/bash.py", line 212, in execute
    raise AirflowException(
airflow.exceptions.AirflowException: Bash command failed. The command returned a non-zero exit code 1.
[2026-07-13T10:25:49.588+0000] {taskinstance.py:1138} INFO - Marking task as UP_FOR_RETRY. dag_id=ecommerce_batch_pipeline, task_id=spark_clean_sellers, execution_date=20260713T101322, start_date=20260713T102525, end_date=20260713T102549
[2026-07-13T10:25:49.630+0000] {standard_task_runner.py:107} ERROR - Failed to execute job 126 for task spark_clean_sellers (Bash command failed. The command returned a non-zero exit code 1.; 1730)
[2026-07-13T10:25:49.684+0000] {local_task_job_runner.py:234} INFO - Task exited with return code 1
[2026-07-13T10:25:49.862+0000] {taskinstance.py:3280} INFO - 0 downstream tasks scheduled from follow-on schedule check
