[2026-07-13T13:52:15.076+0000] {taskinstance.py:1956} INFO - Dependencies all met for dep_context=non-requeueable deps ti=<TaskInstance: ecommerce_batch_pipeline.spark_clean_reviews manual__2026-07-13T13:51:59.942062+00:00 [queued]>
[2026-07-13T13:52:15.089+0000] {taskinstance.py:1956} INFO - Dependencies all met for dep_context=requeueable deps ti=<TaskInstance: ecommerce_batch_pipeline.spark_clean_reviews manual__2026-07-13T13:51:59.942062+00:00 [queued]>
[2026-07-13T13:52:15.090+0000] {taskinstance.py:2170} INFO - Starting attempt 1 of 2
[2026-07-13T13:52:15.101+0000] {taskinstance.py:2191} INFO - Executing <Task(BashOperator): spark_clean_reviews> on 2026-07-13 13:51:59.942062+00:00
[2026-07-13T13:52:15.106+0000] {standard_task_runner.py:60} INFO - Started process 669 to run task
[2026-07-13T13:52:15.111+0000] {standard_task_runner.py:87} INFO - Running: ['***', 'tasks', 'run', 'ecommerce_batch_pipeline', 'spark_clean_reviews', 'manual__2026-07-13T13:51:59.942062+00:00', '--job-id', '68', '--raw', '--subdir', 'DAGS_FOLDER/ecommerce_batch_dag.py', '--cfg-path', '/tmp/tmp9e1g9ksy']
[2026-07-13T13:52:15.115+0000] {standard_task_runner.py:88} INFO - Job 68: Subtask spark_clean_reviews
[2026-07-13T13:52:15.170+0000] {task_command.py:423} INFO - Running <TaskInstance: ecommerce_batch_pipeline.spark_clean_reviews manual__2026-07-13T13:51:59.942062+00:00 [running]> on host 04af678acee0
[2026-07-13T13:52:15.254+0000] {taskinstance.py:2480} INFO - Exporting env vars: AIRFLOW_CTX_DAG_OWNER='de-team' AIRFLOW_CTX_DAG_ID='ecommerce_batch_pipeline' AIRFLOW_CTX_TASK_ID='spark_clean_reviews' AIRFLOW_CTX_EXECUTION_DATE='2026-07-13T13:51:59.942062+00:00' AIRFLOW_CTX_TRY_NUMBER='1' AIRFLOW_CTX_DAG_RUN_ID='manual__2026-07-13T13:51:59.942062+00:00'
[2026-07-13T13:52:15.255+0000] {subprocess.py:63} INFO - Tmp dir root location: /tmp
[2026-07-13T13:52:15.256+0000] {subprocess.py:75} INFO - Running command: ['/usr/bin/bash', '-c', 'python /opt/***/spark/jobs/clean_reviews.py']
[2026-07-13T13:52:15.267+0000] {subprocess.py:86} INFO - Output:
[2026-07-13T13:52:16.798+0000] {subprocess.py:93} INFO - Setting default log level to "WARN".
[2026-07-13T13:52:16.798+0000] {subprocess.py:93} INFO - To adjust logging level use sc.setLogLevel(newLevel). For SparkR, use setLogLevel(newLevel).
[2026-07-13T13:52:16.963+0000] {subprocess.py:93} INFO - 26/07/13 13:52:16 WARN NativeCodeLoader: Unable to load native-hadoop library for your platform... using builtin-java classes where applicable
[2026-07-13T13:52:27.471+0000] {subprocess.py:93} INFO - [Stage 1:==============>                                            (1 + 3) / 4]                                                                                [Stage 2:>                                                          (0 + 4) / 4][Stage 4:>                                                        (0 + 12) / 12]                                                                                [Stage 5:=============================>                             (2 + 2) / 4]                                                                                ✅ clean_reviews done — 100782 rows
[2026-07-13T13:52:27.871+0000] {subprocess.py:97} INFO - Command exited with return code 0
[2026-07-13T13:52:27.891+0000] {taskinstance.py:1138} INFO - Marking task as SUCCESS. dag_id=ecommerce_batch_pipeline, task_id=spark_clean_reviews, execution_date=20260713T135159, start_date=20260713T135215, end_date=20260713T135227
[2026-07-13T13:52:27.922+0000] {local_task_job_runner.py:234} INFO - Task exited with return code 0
[2026-07-13T13:52:27.948+0000] {taskinstance.py:3280} INFO - 0 downstream tasks scheduled from follow-on schedule check
