[2026-07-16T05:24:51.290+0000] {taskinstance.py:1956} INFO - Dependencies all met for dep_context=non-requeueable deps ti=<TaskInstance: ecommerce_batch_pipeline.setup_duckdb scheduled__2026-07-14T06:00:00+00:00 [queued]>
[2026-07-16T05:24:51.305+0000] {taskinstance.py:1956} INFO - Dependencies all met for dep_context=requeueable deps ti=<TaskInstance: ecommerce_batch_pipeline.setup_duckdb scheduled__2026-07-14T06:00:00+00:00 [queued]>
[2026-07-16T05:24:51.306+0000] {taskinstance.py:2170} INFO - Starting attempt 1 of 2
[2026-07-16T05:24:51.326+0000] {taskinstance.py:2191} INFO - Executing <Task(BashOperator): setup_duckdb> on 2026-07-14 06:00:00+00:00
[2026-07-16T05:24:51.337+0000] {standard_task_runner.py:60} INFO - Started process 3258 to run task
[2026-07-16T05:24:51.343+0000] {standard_task_runner.py:87} INFO - Running: ['***', 'tasks', 'run', 'ecommerce_batch_pipeline', 'setup_duckdb', 'scheduled__2026-07-14T06:00:00+00:00', '--job-id', '124', '--raw', '--subdir', 'DAGS_FOLDER/ecommerce_batch_dag.py', '--cfg-path', '/tmp/tmpdgwhwd9x']
[2026-07-16T05:24:51.348+0000] {standard_task_runner.py:88} INFO - Job 124: Subtask setup_duckdb
[2026-07-16T05:24:51.426+0000] {task_command.py:423} INFO - Running <TaskInstance: ecommerce_batch_pipeline.setup_duckdb scheduled__2026-07-14T06:00:00+00:00 [running]> on host 8cb5b5f8bf8d
[2026-07-16T05:24:51.534+0000] {taskinstance.py:2480} INFO - Exporting env vars: AIRFLOW_CTX_DAG_OWNER='de-team' AIRFLOW_CTX_DAG_ID='ecommerce_batch_pipeline' AIRFLOW_CTX_TASK_ID='setup_duckdb' AIRFLOW_CTX_EXECUTION_DATE='2026-07-14T06:00:00+00:00' AIRFLOW_CTX_TRY_NUMBER='1' AIRFLOW_CTX_DAG_RUN_ID='scheduled__2026-07-14T06:00:00+00:00'
[2026-07-16T05:24:51.538+0000] {subprocess.py:63} INFO - Tmp dir root location: /tmp
[2026-07-16T05:24:51.539+0000] {subprocess.py:75} INFO - Running command: ['/usr/bin/bash', '-c', 'python /opt/***/scripts/setup_duckdb.py']
[2026-07-16T05:24:51.567+0000] {subprocess.py:86} INFO - Output:
[2026-07-16T05:24:52.881+0000] {subprocess.py:93} INFO - ✅ Tables registered in DuckDB:
[2026-07-16T05:24:52.882+0000] {subprocess.py:93} INFO - - customer_metrics
[2026-07-16T05:24:52.882+0000] {subprocess.py:93} INFO - - dim_customers
[2026-07-16T05:24:52.882+0000] {subprocess.py:93} INFO - - dim_product
[2026-07-16T05:24:52.882+0000] {subprocess.py:93} INFO - - dim_seller
[2026-07-16T05:24:52.882+0000] {subprocess.py:93} INFO - - fct_daily_revenue
[2026-07-16T05:24:52.882+0000] {subprocess.py:93} INFO - - fct_monthly_revenue
[2026-07-16T05:24:52.882+0000] {subprocess.py:93} INFO - - fct_orders
[2026-07-16T05:24:52.883+0000] {subprocess.py:93} INFO - - int_customer_segmented
[2026-07-16T05:24:52.883+0000] {subprocess.py:93} INFO - - int_orders_with_status
[2026-07-16T05:24:52.883+0000] {subprocess.py:93} INFO - - int_seller
[2026-07-16T05:24:52.883+0000] {subprocess.py:93} INFO - - orders_enriched
[2026-07-16T05:24:52.883+0000] {subprocess.py:93} INFO - - seller_metrics
[2026-07-16T05:24:52.883+0000] {subprocess.py:93} INFO - - stg_customer
[2026-07-16T05:24:52.883+0000] {subprocess.py:93} INFO - - stg_order
[2026-07-16T05:24:52.883+0000] {subprocess.py:93} INFO - - stg_seller
[2026-07-16T05:24:52.894+0000] {subprocess.py:97} INFO - Command exited with return code 0
[2026-07-16T05:24:52.924+0000] {taskinstance.py:1138} INFO - Marking task as SUCCESS. dag_id=ecommerce_batch_pipeline, task_id=setup_duckdb, execution_date=20260714T060000, start_date=20260716T052451, end_date=20260716T052452
[2026-07-16T05:24:52.963+0000] {local_task_job_runner.py:234} INFO - Task exited with return code 0
[2026-07-16T05:24:52.994+0000] {taskinstance.py:3280} INFO - 1 downstream tasks scheduled from follow-on schedule check
