[2026-07-13T10:45:58.598+0000] {taskinstance.py:1956} INFO - Dependencies all met for dep_context=non-requeueable deps ti=<TaskInstance: ecommerce_batch_pipeline.spark_clean_customers manual__2026-07-13T10:45:56.274995+00:00 [queued]>
[2026-07-13T10:45:58.614+0000] {taskinstance.py:1956} INFO - Dependencies all met for dep_context=requeueable deps ti=<TaskInstance: ecommerce_batch_pipeline.spark_clean_customers manual__2026-07-13T10:45:56.274995+00:00 [queued]>
[2026-07-13T10:45:58.615+0000] {taskinstance.py:2170} INFO - Starting attempt 1 of 2
[2026-07-13T10:45:58.633+0000] {taskinstance.py:2191} INFO - Executing <Task(BashOperator): spark_clean_customers> on 2026-07-13 10:45:56.274995+00:00
[2026-07-13T10:45:58.641+0000] {standard_task_runner.py:60} INFO - Started process 1316 to run task
[2026-07-13T10:45:58.648+0000] {standard_task_runner.py:87} INFO - Running: ['***', 'tasks', 'run', 'ecommerce_batch_pipeline', 'spark_clean_customers', 'manual__2026-07-13T10:45:56.274995+00:00', '--job-id', '11', '--raw', '--subdir', 'DAGS_FOLDER/ecommerce_batch_dag.py', '--cfg-path', '/tmp/tmpiqhp9b3d']
[2026-07-13T10:45:58.653+0000] {standard_task_runner.py:88} INFO - Job 11: Subtask spark_clean_customers
[2026-07-13T10:45:58.746+0000] {task_command.py:423} INFO - Running <TaskInstance: ecommerce_batch_pipeline.spark_clean_customers manual__2026-07-13T10:45:56.274995+00:00 [running]> on host 4860064ad401
[2026-07-13T10:45:59.309+0000] {taskinstance.py:2480} INFO - Exporting env vars: AIRFLOW_CTX_DAG_OWNER='de-team' AIRFLOW_CTX_DAG_ID='ecommerce_batch_pipeline' AIRFLOW_CTX_TASK_ID='spark_clean_customers' AIRFLOW_CTX_EXECUTION_DATE='2026-07-13T10:45:56.274995+00:00' AIRFLOW_CTX_TRY_NUMBER='1' AIRFLOW_CTX_DAG_RUN_ID='manual__2026-07-13T10:45:56.274995+00:00'
[2026-07-13T10:45:59.312+0000] {subprocess.py:63} INFO - Tmp dir root location: /tmp
[2026-07-13T10:45:59.314+0000] {subprocess.py:75} INFO - Running command: ['/usr/bin/bash', '-c', 'python /opt/***/spark/jobs/clean_customers.py']
[2026-07-13T10:45:59.334+0000] {subprocess.py:86} INFO - Output:
[2026-07-13T10:46:06.350+0000] {subprocess.py:93} INFO - Setting default log level to "WARN".
[2026-07-13T10:46:06.351+0000] {subprocess.py:93} INFO - To adjust logging level use sc.setLogLevel(newLevel). For SparkR, use setLogLevel(newLevel).
[2026-07-13T10:46:07.146+0000] {subprocess.py:93} INFO - 26/07/13 10:46:07 WARN NativeCodeLoader: Unable to load native-hadoop library for your platform... using builtin-java classes where applicable
[2026-07-13T10:46:10.140+0000] {subprocess.py:93} INFO - 26/07/13 10:46:10 WARN Utils: Service 'SparkUI' could not bind on port 4040. Attempting port 4041.
[2026-07-13T10:46:10.147+0000] {subprocess.py:93} INFO - 26/07/13 10:46:10 WARN Utils: Service 'SparkUI' could not bind on port 4041. Attempting port 4042.
[2026-07-13T10:46:16.018+0000] {subprocess.py:93} INFO - Traceback (most recent call last):
[2026-07-13T10:46:16.019+0000] {subprocess.py:93} INFO -   File "/opt/***/spark/jobs/clean_customers.py", line 11, in <module>
[2026-07-13T10:46:16.020+0000] {subprocess.py:93} INFO -     df = spark.read.csv(
[2026-07-13T10:46:16.020+0000] {subprocess.py:93} INFO -   File "/home/***/.local/lib/python3.8/site-packages/pyspark/sql/readwriter.py", line 740, in csv
[2026-07-13T10:46:16.021+0000] {subprocess.py:93} INFO -     return self._df(self._jreader.csv(self._spark._sc._jvm.PythonUtils.toSeq(path)))
[2026-07-13T10:46:16.021+0000] {subprocess.py:93} INFO -   File "/home/***/.local/lib/python3.8/site-packages/py4j/java_gateway.py", line 1362, in __call__
[2026-07-13T10:46:16.021+0000] {subprocess.py:93} INFO -     return_value = get_return_value(
[2026-07-13T10:46:16.026+0000] {subprocess.py:93} INFO -   File "/home/***/.local/lib/python3.8/site-packages/pyspark/errors/exceptions/captured.py", line 185, in deco
[2026-07-13T10:46:16.027+0000] {subprocess.py:93} INFO -     raise converted from None
[2026-07-13T10:46:16.027+0000] {subprocess.py:93} INFO - pyspark.errors.exceptions.captured.AnalysisException: [PATH_NOT_FOUND] Path does not exist: file:/tmp/***tmp7luyt843/data/raw/olist_customers_dataset.csv.
[2026-07-13T10:46:16.697+0000] {subprocess.py:97} INFO - Command exited with return code 1
[2026-07-13T10:46:16.725+0000] {taskinstance.py:2698} ERROR - Task failed with exception
Traceback (most recent call last):
  File "/home/airflow/.local/lib/python3.8/site-packages/airflow/models/taskinstance.py", line 433, in _execute_task
    result = execute_callable(context=context, **execute_callable_kwargs)
  File "/home/airflow/.local/lib/python3.8/site-packages/airflow/operators/bash.py", line 212, in execute
    raise AirflowException(
airflow.exceptions.AirflowException: Bash command failed. The command returned a non-zero exit code 1.
[2026-07-13T10:46:16.732+0000] {taskinstance.py:1138} INFO - Marking task as UP_FOR_RETRY. dag_id=ecommerce_batch_pipeline, task_id=spark_clean_customers, execution_date=20260713T104556, start_date=20260713T104558, end_date=20260713T104616
[2026-07-13T10:46:16.758+0000] {standard_task_runner.py:107} ERROR - Failed to execute job 11 for task spark_clean_customers (Bash command failed. The command returned a non-zero exit code 1.; 1316)
[2026-07-13T10:46:16.790+0000] {local_task_job_runner.py:234} INFO - Task exited with return code 1
[2026-07-13T10:46:16.835+0000] {taskinstance.py:3280} INFO - 0 downstream tasks scheduled from follow-on schedule check
