[2026-07-16T05:21:54.644+0000] {processor.py:161} INFO - Started process (PID=63) to work on /opt/airflow/dags/ecommerce_batch_dag.py
[2026-07-16T05:21:54.645+0000] {processor.py:830} INFO - Processing file /opt/airflow/dags/ecommerce_batch_dag.py for tasks to queue
[2026-07-16T05:21:54.649+0000] {logging_mixin.py:188} INFO - [2026-07-16T05:21:54.648+0000] {dagbag.py:538} INFO - Filling up the DagBag from /opt/airflow/dags/ecommerce_batch_dag.py
[2026-07-16T05:21:54.680+0000] {processor.py:840} INFO - DAG(s) 'ecommerce_batch_pipeline' retrieved from /opt/airflow/dags/ecommerce_batch_dag.py
[2026-07-16T05:21:55.047+0000] {logging_mixin.py:188} INFO - [2026-07-16T05:21:55.046+0000] {dag.py:3036} INFO - Sync 1 DAGs
[2026-07-16T05:21:55.075+0000] {logging_mixin.py:188} INFO - [2026-07-16T05:21:55.075+0000] {dag.py:3823} INFO - Setting next_dagrun for ecommerce_batch_pipeline to 2026-07-14 06:00:00+00:00, run_after=2026-07-15 06:00:00+00:00
[2026-07-16T05:21:55.104+0000] {processor.py:183} INFO - Processing /opt/airflow/dags/ecommerce_batch_dag.py took 0.468 seconds
[2026-07-16T05:22:25.353+0000] {processor.py:161} INFO - Started process (PID=123) to work on /opt/airflow/dags/ecommerce_batch_dag.py
[2026-07-16T05:22:25.358+0000] {processor.py:830} INFO - Processing file /opt/airflow/dags/ecommerce_batch_dag.py for tasks to queue
[2026-07-16T05:22:25.364+0000] {logging_mixin.py:188} INFO - [2026-07-16T05:22:25.363+0000] {dagbag.py:538} INFO - Filling up the DagBag from /opt/airflow/dags/ecommerce_batch_dag.py
[2026-07-16T05:22:25.431+0000] {processor.py:840} INFO - DAG(s) 'ecommerce_batch_pipeline' retrieved from /opt/airflow/dags/ecommerce_batch_dag.py
[2026-07-16T05:22:25.625+0000] {logging_mixin.py:188} INFO - [2026-07-16T05:22:25.624+0000] {dag.py:3036} INFO - Sync 1 DAGs
[2026-07-16T05:22:25.699+0000] {logging_mixin.py:188} INFO - [2026-07-16T05:22:25.699+0000] {dag.py:3823} INFO - Setting next_dagrun for ecommerce_batch_pipeline to 2026-07-15 06:00:00+00:00, run_after=2026-07-16 06:00:00+00:00
[2026-07-16T05:22:25.789+0000] {processor.py:183} INFO - Processing /opt/airflow/dags/ecommerce_batch_dag.py took 0.450 seconds
[2026-07-16T05:22:55.860+0000] {processor.py:161} INFO - Started process (PID=181) to work on /opt/airflow/dags/ecommerce_batch_dag.py
[2026-07-16T05:22:55.870+0000] {processor.py:830} INFO - Processing file /opt/airflow/dags/ecommerce_batch_dag.py for tasks to queue
[2026-07-16T05:22:55.889+0000] {logging_mixin.py:188} INFO - [2026-07-16T05:22:55.887+0000] {dagbag.py:538} INFO - Filling up the DagBag from /opt/airflow/dags/ecommerce_batch_dag.py
[2026-07-16T05:22:55.980+0000] {processor.py:840} INFO - DAG(s) 'ecommerce_batch_pipeline' retrieved from /opt/airflow/dags/ecommerce_batch_dag.py
[2026-07-16T05:22:56.149+0000] {logging_mixin.py:188} INFO - [2026-07-16T05:22:56.148+0000] {dag.py:3036} INFO - Sync 1 DAGs
[2026-07-16T05:22:56.321+0000] {logging_mixin.py:188} INFO - [2026-07-16T05:22:56.320+0000] {dag.py:3823} INFO - Setting next_dagrun for ecommerce_batch_pipeline to 2026-07-15 06:00:00+00:00, run_after=2026-07-16 06:00:00+00:00
[2026-07-16T05:22:56.406+0000] {processor.py:183} INFO - Processing /opt/airflow/dags/ecommerce_batch_dag.py took 0.569 seconds
[2026-07-16T05:23:27.232+0000] {processor.py:161} INFO - Started process (PID=238) to work on /opt/airflow/dags/ecommerce_batch_dag.py
[2026-07-16T05:23:27.235+0000] {processor.py:830} INFO - Processing file /opt/airflow/dags/ecommerce_batch_dag.py for tasks to queue
[2026-07-16T05:23:27.238+0000] {logging_mixin.py:188} INFO - [2026-07-16T05:23:27.238+0000] {dagbag.py:538} INFO - Filling up the DagBag from /opt/airflow/dags/ecommerce_batch_dag.py
[2026-07-16T05:23:27.253+0000] {processor.py:840} INFO - DAG(s) 'ecommerce_batch_pipeline' retrieved from /opt/airflow/dags/ecommerce_batch_dag.py
[2026-07-16T05:23:27.288+0000] {logging_mixin.py:188} INFO - [2026-07-16T05:23:27.287+0000] {dag.py:3036} INFO - Sync 1 DAGs
[2026-07-16T05:23:27.340+0000] {logging_mixin.py:188} INFO - [2026-07-16T05:23:27.339+0000] {dag.py:3823} INFO - Setting next_dagrun for ecommerce_batch_pipeline to 2026-07-15 06:00:00+00:00, run_after=2026-07-16 06:00:00+00:00
[2026-07-16T05:23:27.365+0000] {processor.py:183} INFO - Processing /opt/airflow/dags/ecommerce_batch_dag.py took 0.139 seconds
[2026-07-16T05:23:57.794+0000] {processor.py:161} INFO - Started process (PID=298) to work on /opt/airflow/dags/ecommerce_batch_dag.py
[2026-07-16T05:23:57.798+0000] {processor.py:830} INFO - Processing file /opt/airflow/dags/ecommerce_batch_dag.py for tasks to queue
[2026-07-16T05:23:57.802+0000] {logging_mixin.py:188} INFO - [2026-07-16T05:23:57.801+0000] {dagbag.py:538} INFO - Filling up the DagBag from /opt/airflow/dags/ecommerce_batch_dag.py
[2026-07-16T05:23:57.824+0000] {processor.py:840} INFO - DAG(s) 'ecommerce_batch_pipeline' retrieved from /opt/airflow/dags/ecommerce_batch_dag.py
[2026-07-16T05:23:57.874+0000] {logging_mixin.py:188} INFO - [2026-07-16T05:23:57.874+0000] {dag.py:3036} INFO - Sync 1 DAGs
[2026-07-16T05:23:57.917+0000] {logging_mixin.py:188} INFO - [2026-07-16T05:23:57.917+0000] {dag.py:3823} INFO - Setting next_dagrun for ecommerce_batch_pipeline to 2026-07-15 06:00:00+00:00, run_after=2026-07-16 06:00:00+00:00
[2026-07-16T05:23:57.965+0000] {processor.py:183} INFO - Processing /opt/airflow/dags/ecommerce_batch_dag.py took 0.179 seconds
[2026-07-16T05:24:28.869+0000] {processor.py:161} INFO - Started process (PID=355) to work on /opt/airflow/dags/ecommerce_batch_dag.py
[2026-07-16T05:24:28.871+0000] {processor.py:830} INFO - Processing file /opt/airflow/dags/ecommerce_batch_dag.py for tasks to queue
[2026-07-16T05:24:28.876+0000] {logging_mixin.py:188} INFO - [2026-07-16T05:24:28.875+0000] {dagbag.py:538} INFO - Filling up the DagBag from /opt/airflow/dags/ecommerce_batch_dag.py
[2026-07-16T05:24:28.897+0000] {processor.py:840} INFO - DAG(s) 'ecommerce_batch_pipeline' retrieved from /opt/airflow/dags/ecommerce_batch_dag.py
[2026-07-16T05:24:28.951+0000] {logging_mixin.py:188} INFO - [2026-07-16T05:24:28.951+0000] {dag.py:3036} INFO - Sync 1 DAGs
[2026-07-16T05:24:29.005+0000] {logging_mixin.py:188} INFO - [2026-07-16T05:24:29.004+0000] {dag.py:3823} INFO - Setting next_dagrun for ecommerce_batch_pipeline to 2026-07-15 06:00:00+00:00, run_after=2026-07-16 06:00:00+00:00
[2026-07-16T05:24:29.048+0000] {processor.py:183} INFO - Processing /opt/airflow/dags/ecommerce_batch_dag.py took 0.189 seconds
[2026-07-16T05:24:59.332+0000] {processor.py:161} INFO - Started process (PID=411) to work on /opt/airflow/dags/ecommerce_batch_dag.py
[2026-07-16T05:24:59.333+0000] {processor.py:830} INFO - Processing file /opt/airflow/dags/ecommerce_batch_dag.py for tasks to queue
[2026-07-16T05:24:59.336+0000] {logging_mixin.py:188} INFO - [2026-07-16T05:24:59.335+0000] {dagbag.py:538} INFO - Filling up the DagBag from /opt/airflow/dags/ecommerce_batch_dag.py
[2026-07-16T05:24:59.346+0000] {processor.py:840} INFO - DAG(s) 'ecommerce_batch_pipeline' retrieved from /opt/airflow/dags/ecommerce_batch_dag.py
[2026-07-16T05:24:59.381+0000] {logging_mixin.py:188} INFO - [2026-07-16T05:24:59.381+0000] {dag.py:3036} INFO - Sync 1 DAGs
[2026-07-16T05:24:59.413+0000] {logging_mixin.py:188} INFO - [2026-07-16T05:24:59.412+0000] {dag.py:3823} INFO - Setting next_dagrun for ecommerce_batch_pipeline to 2026-07-15 06:00:00+00:00, run_after=2026-07-16 06:00:00+00:00
[2026-07-16T05:24:59.439+0000] {processor.py:183} INFO - Processing /opt/airflow/dags/ecommerce_batch_dag.py took 0.112 seconds
[2026-07-16T05:25:30.105+0000] {processor.py:161} INFO - Started process (PID=467) to work on /opt/airflow/dags/ecommerce_batch_dag.py
[2026-07-16T05:25:30.106+0000] {processor.py:830} INFO - Processing file /opt/airflow/dags/ecommerce_batch_dag.py for tasks to queue
[2026-07-16T05:25:30.109+0000] {logging_mixin.py:188} INFO - [2026-07-16T05:25:30.109+0000] {dagbag.py:538} INFO - Filling up the DagBag from /opt/airflow/dags/ecommerce_batch_dag.py
[2026-07-16T05:25:30.125+0000] {processor.py:840} INFO - DAG(s) 'ecommerce_batch_pipeline' retrieved from /opt/airflow/dags/ecommerce_batch_dag.py
[2026-07-16T05:25:30.163+0000] {logging_mixin.py:188} INFO - [2026-07-16T05:25:30.163+0000] {dag.py:3036} INFO - Sync 1 DAGs
[2026-07-16T05:25:30.194+0000] {logging_mixin.py:188} INFO - [2026-07-16T05:25:30.194+0000] {dag.py:3823} INFO - Setting next_dagrun for ecommerce_batch_pipeline to 2026-07-15 06:00:00+00:00, run_after=2026-07-16 06:00:00+00:00
[2026-07-16T05:25:30.222+0000] {processor.py:183} INFO - Processing /opt/airflow/dags/ecommerce_batch_dag.py took 0.122 seconds
[2026-07-16T05:26:00.300+0000] {processor.py:161} INFO - Started process (PID=523) to work on /opt/airflow/dags/ecommerce_batch_dag.py
[2026-07-16T05:26:00.302+0000] {processor.py:830} INFO - Processing file /opt/airflow/dags/ecommerce_batch_dag.py for tasks to queue
[2026-07-16T05:26:00.306+0000] {logging_mixin.py:188} INFO - [2026-07-16T05:26:00.305+0000] {dagbag.py:538} INFO - Filling up the DagBag from /opt/airflow/dags/ecommerce_batch_dag.py
[2026-07-16T05:26:00.323+0000] {processor.py:840} INFO - DAG(s) 'ecommerce_batch_pipeline' retrieved from /opt/airflow/dags/ecommerce_batch_dag.py
[2026-07-16T05:26:00.363+0000] {logging_mixin.py:188} INFO - [2026-07-16T05:26:00.362+0000] {dag.py:3036} INFO - Sync 1 DAGs
[2026-07-16T05:26:00.398+0000] {logging_mixin.py:188} INFO - [2026-07-16T05:26:00.397+0000] {dag.py:3823} INFO - Setting next_dagrun for ecommerce_batch_pipeline to 2026-07-15 06:00:00+00:00, run_after=2026-07-16 06:00:00+00:00
[2026-07-16T05:26:00.434+0000] {processor.py:183} INFO - Processing /opt/airflow/dags/ecommerce_batch_dag.py took 0.144 seconds
[2026-07-16T05:26:30.639+0000] {processor.py:161} INFO - Started process (PID=579) to work on /opt/airflow/dags/ecommerce_batch_dag.py
[2026-07-16T05:26:30.641+0000] {processor.py:830} INFO - Processing file /opt/airflow/dags/ecommerce_batch_dag.py for tasks to queue
[2026-07-16T05:26:30.644+0000] {logging_mixin.py:188} INFO - [2026-07-16T05:26:30.643+0000] {dagbag.py:538} INFO - Filling up the DagBag from /opt/airflow/dags/ecommerce_batch_dag.py
[2026-07-16T05:26:30.659+0000] {processor.py:840} INFO - DAG(s) 'ecommerce_batch_pipeline' retrieved from /opt/airflow/dags/ecommerce_batch_dag.py
[2026-07-16T05:26:30.698+0000] {logging_mixin.py:188} INFO - [2026-07-16T05:26:30.697+0000] {dag.py:3036} INFO - Sync 1 DAGs
[2026-07-16T05:26:30.750+0000] {logging_mixin.py:188} INFO - [2026-07-16T05:26:30.750+0000] {dag.py:3823} INFO - Setting next_dagrun for ecommerce_batch_pipeline to 2026-07-15 06:00:00+00:00, run_after=2026-07-16 06:00:00+00:00
[2026-07-16T05:26:30.776+0000] {processor.py:183} INFO - Processing /opt/airflow/dags/ecommerce_batch_dag.py took 0.143 seconds
[2026-07-16T05:27:00.989+0000] {processor.py:161} INFO - Started process (PID=635) to work on /opt/airflow/dags/ecommerce_batch_dag.py
[2026-07-16T05:27:00.993+0000] {processor.py:830} INFO - Processing file /opt/airflow/dags/ecommerce_batch_dag.py for tasks to queue
[2026-07-16T05:27:00.997+0000] {logging_mixin.py:188} INFO - [2026-07-16T05:27:00.996+0000] {dagbag.py:538} INFO - Filling up the DagBag from /opt/airflow/dags/ecommerce_batch_dag.py
[2026-07-16T05:27:01.020+0000] {processor.py:840} INFO - DAG(s) 'ecommerce_batch_pipeline' retrieved from /opt/airflow/dags/ecommerce_batch_dag.py
[2026-07-16T05:27:01.058+0000] {logging_mixin.py:188} INFO - [2026-07-16T05:27:01.057+0000] {dag.py:3036} INFO - Sync 1 DAGs
[2026-07-16T05:27:01.087+0000] {logging_mixin.py:188} INFO - [2026-07-16T05:27:01.087+0000] {dag.py:3823} INFO - Setting next_dagrun for ecommerce_batch_pipeline to 2026-07-15 06:00:00+00:00, run_after=2026-07-16 06:00:00+00:00
[2026-07-16T05:27:01.115+0000] {processor.py:183} INFO - Processing /opt/airflow/dags/ecommerce_batch_dag.py took 0.132 seconds
[2026-07-16T05:27:31.170+0000] {processor.py:161} INFO - Started process (PID=691) to work on /opt/airflow/dags/ecommerce_batch_dag.py
[2026-07-16T05:27:31.174+0000] {processor.py:830} INFO - Processing file /opt/airflow/dags/ecommerce_batch_dag.py for tasks to queue
[2026-07-16T05:27:31.179+0000] {logging_mixin.py:188} INFO - [2026-07-16T05:27:31.178+0000] {dagbag.py:538} INFO - Filling up the DagBag from /opt/airflow/dags/ecommerce_batch_dag.py
[2026-07-16T05:27:31.192+0000] {processor.py:840} INFO - DAG(s) 'ecommerce_batch_pipeline' retrieved from /opt/airflow/dags/ecommerce_batch_dag.py
[2026-07-16T05:27:31.227+0000] {logging_mixin.py:188} INFO - [2026-07-16T05:27:31.226+0000] {dag.py:3036} INFO - Sync 1 DAGs
[2026-07-16T05:27:31.263+0000] {logging_mixin.py:188} INFO - [2026-07-16T05:27:31.263+0000] {dag.py:3823} INFO - Setting next_dagrun for ecommerce_batch_pipeline to 2026-07-15 06:00:00+00:00, run_after=2026-07-16 06:00:00+00:00
[2026-07-16T05:27:31.295+0000] {processor.py:183} INFO - Processing /opt/airflow/dags/ecommerce_batch_dag.py took 0.134 seconds
[2026-07-16T05:28:01.629+0000] {processor.py:161} INFO - Started process (PID=747) to work on /opt/airflow/dags/ecommerce_batch_dag.py
[2026-07-16T05:28:01.632+0000] {processor.py:830} INFO - Processing file /opt/airflow/dags/ecommerce_batch_dag.py for tasks to queue
[2026-07-16T05:28:01.635+0000] {logging_mixin.py:188} INFO - [2026-07-16T05:28:01.635+0000] {dagbag.py:538} INFO - Filling up the DagBag from /opt/airflow/dags/ecommerce_batch_dag.py
[2026-07-16T05:28:01.648+0000] {processor.py:840} INFO - DAG(s) 'ecommerce_batch_pipeline' retrieved from /opt/airflow/dags/ecommerce_batch_dag.py
[2026-07-16T05:28:01.680+0000] {logging_mixin.py:188} INFO - [2026-07-16T05:28:01.679+0000] {dag.py:3036} INFO - Sync 1 DAGs
[2026-07-16T05:28:01.708+0000] {logging_mixin.py:188} INFO - [2026-07-16T05:28:01.708+0000] {dag.py:3823} INFO - Setting next_dagrun for ecommerce_batch_pipeline to 2026-07-15 06:00:00+00:00, run_after=2026-07-16 06:00:00+00:00
[2026-07-16T05:28:01.733+0000] {processor.py:183} INFO - Processing /opt/airflow/dags/ecommerce_batch_dag.py took 0.109 seconds
[2026-07-16T05:28:32.053+0000] {processor.py:161} INFO - Started process (PID=803) to work on /opt/airflow/dags/ecommerce_batch_dag.py
[2026-07-16T05:28:32.056+0000] {processor.py:830} INFO - Processing file /opt/airflow/dags/ecommerce_batch_dag.py for tasks to queue
[2026-07-16T05:28:32.062+0000] {logging_mixin.py:188} INFO - [2026-07-16T05:28:32.061+0000] {dagbag.py:538} INFO - Filling up the DagBag from /opt/airflow/dags/ecommerce_batch_dag.py
[2026-07-16T05:28:32.113+0000] {processor.py:840} INFO - DAG(s) 'ecommerce_batch_pipeline' retrieved from /opt/airflow/dags/ecommerce_batch_dag.py
[2026-07-16T05:28:32.205+0000] {logging_mixin.py:188} INFO - [2026-07-16T05:28:32.204+0000] {dag.py:3036} INFO - Sync 1 DAGs
[2026-07-16T05:28:32.284+0000] {logging_mixin.py:188} INFO - [2026-07-16T05:28:32.283+0000] {dag.py:3823} INFO - Setting next_dagrun for ecommerce_batch_pipeline to 2026-07-15 06:00:00+00:00, run_after=2026-07-16 06:00:00+00:00
[2026-07-16T05:28:32.369+0000] {processor.py:183} INFO - Processing /opt/airflow/dags/ecommerce_batch_dag.py took 0.339 seconds
[2026-07-16T05:29:02.539+0000] {processor.py:161} INFO - Started process (PID=859) to work on /opt/airflow/dags/ecommerce_batch_dag.py
[2026-07-16T05:29:02.544+0000] {processor.py:830} INFO - Processing file /opt/airflow/dags/ecommerce_batch_dag.py for tasks to queue
[2026-07-16T05:29:02.547+0000] {logging_mixin.py:188} INFO - [2026-07-16T05:29:02.546+0000] {dagbag.py:538} INFO - Filling up the DagBag from /opt/airflow/dags/ecommerce_batch_dag.py
[2026-07-16T05:29:02.565+0000] {processor.py:840} INFO - DAG(s) 'ecommerce_batch_pipeline' retrieved from /opt/airflow/dags/ecommerce_batch_dag.py
[2026-07-16T05:29:02.634+0000] {logging_mixin.py:188} INFO - [2026-07-16T05:29:02.634+0000] {dag.py:3036} INFO - Sync 1 DAGs
[2026-07-16T05:29:02.710+0000] {logging_mixin.py:188} INFO - [2026-07-16T05:29:02.709+0000] {dag.py:3823} INFO - Setting next_dagrun for ecommerce_batch_pipeline to 2026-07-15 06:00:00+00:00, run_after=2026-07-16 06:00:00+00:00
[2026-07-16T05:29:02.767+0000] {processor.py:183} INFO - Processing /opt/airflow/dags/ecommerce_batch_dag.py took 0.235 seconds
[2026-07-16T05:29:32.911+0000] {processor.py:161} INFO - Started process (PID=915) to work on /opt/airflow/dags/ecommerce_batch_dag.py
[2026-07-16T05:29:32.913+0000] {processor.py:830} INFO - Processing file /opt/airflow/dags/ecommerce_batch_dag.py for tasks to queue
[2026-07-16T05:29:32.917+0000] {logging_mixin.py:188} INFO - [2026-07-16T05:29:32.917+0000] {dagbag.py:538} INFO - Filling up the DagBag from /opt/airflow/dags/ecommerce_batch_dag.py
[2026-07-16T05:29:32.942+0000] {processor.py:840} INFO - DAG(s) 'ecommerce_batch_pipeline' retrieved from /opt/airflow/dags/ecommerce_batch_dag.py
[2026-07-16T05:29:32.999+0000] {logging_mixin.py:188} INFO - [2026-07-16T05:29:32.998+0000] {dag.py:3036} INFO - Sync 1 DAGs
[2026-07-16T05:29:33.056+0000] {logging_mixin.py:188} INFO - [2026-07-16T05:29:33.056+0000] {dag.py:3823} INFO - Setting next_dagrun for ecommerce_batch_pipeline to 2026-07-15 06:00:00+00:00, run_after=2026-07-16 06:00:00+00:00
[2026-07-16T05:29:33.109+0000] {processor.py:183} INFO - Processing /opt/airflow/dags/ecommerce_batch_dag.py took 0.210 seconds
[2026-07-16T05:30:03.301+0000] {processor.py:161} INFO - Started process (PID=971) to work on /opt/airflow/dags/ecommerce_batch_dag.py
[2026-07-16T05:30:03.303+0000] {processor.py:830} INFO - Processing file /opt/airflow/dags/ecommerce_batch_dag.py for tasks to queue
[2026-07-16T05:30:03.307+0000] {logging_mixin.py:188} INFO - [2026-07-16T05:30:03.306+0000] {dagbag.py:538} INFO - Filling up the DagBag from /opt/airflow/dags/ecommerce_batch_dag.py
[2026-07-16T05:30:03.331+0000] {processor.py:840} INFO - DAG(s) 'ecommerce_batch_pipeline' retrieved from /opt/airflow/dags/ecommerce_batch_dag.py
[2026-07-16T05:30:03.395+0000] {logging_mixin.py:188} INFO - [2026-07-16T05:30:03.393+0000] {dag.py:3036} INFO - Sync 1 DAGs
[2026-07-16T05:30:03.463+0000] {logging_mixin.py:188} INFO - [2026-07-16T05:30:03.462+0000] {dag.py:3823} INFO - Setting next_dagrun for ecommerce_batch_pipeline to 2026-07-15 06:00:00+00:00, run_after=2026-07-16 06:00:00+00:00
[2026-07-16T05:30:03.504+0000] {processor.py:183} INFO - Processing /opt/airflow/dags/ecommerce_batch_dag.py took 0.210 seconds
[2026-07-16T05:30:33.878+0000] {processor.py:161} INFO - Started process (PID=1027) to work on /opt/airflow/dags/ecommerce_batch_dag.py
[2026-07-16T05:30:33.882+0000] {processor.py:830} INFO - Processing file /opt/airflow/dags/ecommerce_batch_dag.py for tasks to queue
[2026-07-16T05:30:33.886+0000] {logging_mixin.py:188} INFO - [2026-07-16T05:30:33.885+0000] {dagbag.py:538} INFO - Filling up the DagBag from /opt/airflow/dags/ecommerce_batch_dag.py
[2026-07-16T05:30:33.905+0000] {processor.py:840} INFO - DAG(s) 'ecommerce_batch_pipeline' retrieved from /opt/airflow/dags/ecommerce_batch_dag.py
[2026-07-16T05:30:33.947+0000] {logging_mixin.py:188} INFO - [2026-07-16T05:30:33.947+0000] {dag.py:3036} INFO - Sync 1 DAGs
[2026-07-16T05:30:33.978+0000] {logging_mixin.py:188} INFO - [2026-07-16T05:30:33.977+0000] {dag.py:3823} INFO - Setting next_dagrun for ecommerce_batch_pipeline to 2026-07-15 06:00:00+00:00, run_after=2026-07-16 06:00:00+00:00
[2026-07-16T05:30:34.001+0000] {processor.py:183} INFO - Processing /opt/airflow/dags/ecommerce_batch_dag.py took 0.132 seconds
[2026-07-16T05:31:04.343+0000] {processor.py:161} INFO - Started process (PID=1083) to work on /opt/airflow/dags/ecommerce_batch_dag.py
[2026-07-16T05:31:04.346+0000] {processor.py:830} INFO - Processing file /opt/airflow/dags/ecommerce_batch_dag.py for tasks to queue
[2026-07-16T05:31:04.350+0000] {logging_mixin.py:188} INFO - [2026-07-16T05:31:04.350+0000] {dagbag.py:538} INFO - Filling up the DagBag from /opt/airflow/dags/ecommerce_batch_dag.py
[2026-07-16T05:31:04.368+0000] {processor.py:840} INFO - DAG(s) 'ecommerce_batch_pipeline' retrieved from /opt/airflow/dags/ecommerce_batch_dag.py
[2026-07-16T05:31:04.403+0000] {logging_mixin.py:188} INFO - [2026-07-16T05:31:04.402+0000] {dag.py:3036} INFO - Sync 1 DAGs
[2026-07-16T05:31:04.445+0000] {logging_mixin.py:188} INFO - [2026-07-16T05:31:04.444+0000] {dag.py:3823} INFO - Setting next_dagrun for ecommerce_batch_pipeline to 2026-07-15 06:00:00+00:00, run_after=2026-07-16 06:00:00+00:00
[2026-07-16T05:31:04.472+0000] {processor.py:183} INFO - Processing /opt/airflow/dags/ecommerce_batch_dag.py took 0.137 seconds
[2026-07-16T05:31:34.878+0000] {processor.py:161} INFO - Started process (PID=1139) to work on /opt/airflow/dags/ecommerce_batch_dag.py
[2026-07-16T05:31:34.879+0000] {processor.py:830} INFO - Processing file /opt/airflow/dags/ecommerce_batch_dag.py for tasks to queue
[2026-07-16T05:31:34.881+0000] {logging_mixin.py:188} INFO - [2026-07-16T05:31:34.881+0000] {dagbag.py:538} INFO - Filling up the DagBag from /opt/airflow/dags/ecommerce_batch_dag.py
[2026-07-16T05:31:34.890+0000] {processor.py:840} INFO - DAG(s) 'ecommerce_batch_pipeline' retrieved from /opt/airflow/dags/ecommerce_batch_dag.py
[2026-07-16T05:31:34.912+0000] {logging_mixin.py:188} INFO - [2026-07-16T05:31:34.912+0000] {dag.py:3036} INFO - Sync 1 DAGs
[2026-07-16T05:31:34.932+0000] {logging_mixin.py:188} INFO - [2026-07-16T05:31:34.932+0000] {dag.py:3823} INFO - Setting next_dagrun for ecommerce_batch_pipeline to 2026-07-15 06:00:00+00:00, run_after=2026-07-16 06:00:00+00:00
[2026-07-16T05:31:34.946+0000] {processor.py:183} INFO - Processing /opt/airflow/dags/ecommerce_batch_dag.py took 0.073 seconds
[2026-07-16T05:32:05.036+0000] {processor.py:161} INFO - Started process (PID=1193) to work on /opt/airflow/dags/ecommerce_batch_dag.py
[2026-07-16T05:32:05.041+0000] {processor.py:830} INFO - Processing file /opt/airflow/dags/ecommerce_batch_dag.py for tasks to queue
[2026-07-16T05:32:05.045+0000] {logging_mixin.py:188} INFO - [2026-07-16T05:32:05.045+0000] {dagbag.py:538} INFO - Filling up the DagBag from /opt/airflow/dags/ecommerce_batch_dag.py
[2026-07-16T05:32:05.077+0000] {processor.py:840} INFO - DAG(s) 'ecommerce_batch_pipeline' retrieved from /opt/airflow/dags/ecommerce_batch_dag.py
[2026-07-16T05:32:05.123+0000] {logging_mixin.py:188} INFO - [2026-07-16T05:32:05.123+0000] {dag.py:3036} INFO - Sync 1 DAGs
[2026-07-16T05:32:05.157+0000] {logging_mixin.py:188} INFO - [2026-07-16T05:32:05.155+0000] {dag.py:3823} INFO - Setting next_dagrun for ecommerce_batch_pipeline to 2026-07-15 06:00:00+00:00, run_after=2026-07-16 06:00:00+00:00
[2026-07-16T05:32:05.190+0000] {processor.py:183} INFO - Processing /opt/airflow/dags/ecommerce_batch_dag.py took 0.165 seconds
[2026-07-16T05:32:36.147+0000] {processor.py:161} INFO - Started process (PID=1249) to work on /opt/airflow/dags/ecommerce_batch_dag.py
[2026-07-16T05:32:36.149+0000] {processor.py:830} INFO - Processing file /opt/airflow/dags/ecommerce_batch_dag.py for tasks to queue
[2026-07-16T05:32:36.151+0000] {logging_mixin.py:188} INFO - [2026-07-16T05:32:36.150+0000] {dagbag.py:538} INFO - Filling up the DagBag from /opt/airflow/dags/ecommerce_batch_dag.py
[2026-07-16T05:32:36.159+0000] {processor.py:840} INFO - DAG(s) 'ecommerce_batch_pipeline' retrieved from /opt/airflow/dags/ecommerce_batch_dag.py
[2026-07-16T05:32:36.177+0000] {logging_mixin.py:188} INFO - [2026-07-16T05:32:36.177+0000] {dag.py:3036} INFO - Sync 1 DAGs
[2026-07-16T05:32:36.194+0000] {logging_mixin.py:188} INFO - [2026-07-16T05:32:36.193+0000] {dag.py:3823} INFO - Setting next_dagrun for ecommerce_batch_pipeline to 2026-07-15 06:00:00+00:00, run_after=2026-07-16 06:00:00+00:00
[2026-07-16T05:32:36.213+0000] {processor.py:183} INFO - Processing /opt/airflow/dags/ecommerce_batch_dag.py took 0.070 seconds
[2026-07-16T05:33:06.336+0000] {processor.py:161} INFO - Started process (PID=1305) to work on /opt/airflow/dags/ecommerce_batch_dag.py
[2026-07-16T05:33:06.339+0000] {processor.py:830} INFO - Processing file /opt/airflow/dags/ecommerce_batch_dag.py for tasks to queue
[2026-07-16T05:33:06.341+0000] {logging_mixin.py:188} INFO - [2026-07-16T05:33:06.341+0000] {dagbag.py:538} INFO - Filling up the DagBag from /opt/airflow/dags/ecommerce_batch_dag.py
[2026-07-16T05:33:06.351+0000] {processor.py:840} INFO - DAG(s) 'ecommerce_batch_pipeline' retrieved from /opt/airflow/dags/ecommerce_batch_dag.py
[2026-07-16T05:33:06.375+0000] {logging_mixin.py:188} INFO - [2026-07-16T05:33:06.375+0000] {dag.py:3036} INFO - Sync 1 DAGs
[2026-07-16T05:33:06.407+0000] {logging_mixin.py:188} INFO - [2026-07-16T05:33:06.407+0000] {dag.py:3823} INFO - Setting next_dagrun for ecommerce_batch_pipeline to 2026-07-15 06:00:00+00:00, run_after=2026-07-16 06:00:00+00:00
[2026-07-16T05:33:06.431+0000] {processor.py:183} INFO - Processing /opt/airflow/dags/ecommerce_batch_dag.py took 0.098 seconds
[2026-07-16T05:33:36.520+0000] {processor.py:161} INFO - Started process (PID=1361) to work on /opt/airflow/dags/ecommerce_batch_dag.py
[2026-07-16T05:33:36.522+0000] {processor.py:830} INFO - Processing file /opt/airflow/dags/ecommerce_batch_dag.py for tasks to queue
[2026-07-16T05:33:36.524+0000] {logging_mixin.py:188} INFO - [2026-07-16T05:33:36.523+0000] {dagbag.py:538} INFO - Filling up the DagBag from /opt/airflow/dags/ecommerce_batch_dag.py
[2026-07-16T05:33:36.533+0000] {processor.py:840} INFO - DAG(s) 'ecommerce_batch_pipeline' retrieved from /opt/airflow/dags/ecommerce_batch_dag.py
[2026-07-16T05:33:36.555+0000] {logging_mixin.py:188} INFO - [2026-07-16T05:33:36.555+0000] {dag.py:3036} INFO - Sync 1 DAGs
[2026-07-16T05:33:36.576+0000] {logging_mixin.py:188} INFO - [2026-07-16T05:33:36.576+0000] {dag.py:3823} INFO - Setting next_dagrun for ecommerce_batch_pipeline to 2026-07-15 06:00:00+00:00, run_after=2026-07-16 06:00:00+00:00
[2026-07-16T05:33:36.598+0000] {processor.py:183} INFO - Processing /opt/airflow/dags/ecommerce_batch_dag.py took 0.081 seconds
[2026-07-16T05:34:06.664+0000] {processor.py:161} INFO - Started process (PID=1417) to work on /opt/airflow/dags/ecommerce_batch_dag.py
[2026-07-16T05:34:06.665+0000] {processor.py:830} INFO - Processing file /opt/airflow/dags/ecommerce_batch_dag.py for tasks to queue
[2026-07-16T05:34:06.668+0000] {logging_mixin.py:188} INFO - [2026-07-16T05:34:06.667+0000] {dagbag.py:538} INFO - Filling up the DagBag from /opt/airflow/dags/ecommerce_batch_dag.py
[2026-07-16T05:34:06.694+0000] {processor.py:840} INFO - DAG(s) 'ecommerce_batch_pipeline' retrieved from /opt/airflow/dags/ecommerce_batch_dag.py
[2026-07-16T05:34:06.734+0000] {logging_mixin.py:188} INFO - [2026-07-16T05:34:06.734+0000] {dag.py:3036} INFO - Sync 1 DAGs
[2026-07-16T05:34:06.756+0000] {logging_mixin.py:188} INFO - [2026-07-16T05:34:06.756+0000] {dag.py:3823} INFO - Setting next_dagrun for ecommerce_batch_pipeline to 2026-07-15 06:00:00+00:00, run_after=2026-07-16 06:00:00+00:00
[2026-07-16T05:34:06.777+0000] {processor.py:183} INFO - Processing /opt/airflow/dags/ecommerce_batch_dag.py took 0.122 seconds
[2026-07-16T05:34:37.442+0000] {processor.py:161} INFO - Started process (PID=1473) to work on /opt/airflow/dags/ecommerce_batch_dag.py
[2026-07-16T05:34:37.445+0000] {processor.py:830} INFO - Processing file /opt/airflow/dags/ecommerce_batch_dag.py for tasks to queue
[2026-07-16T05:34:37.446+0000] {logging_mixin.py:188} INFO - [2026-07-16T05:34:37.446+0000] {dagbag.py:538} INFO - Filling up the DagBag from /opt/airflow/dags/ecommerce_batch_dag.py
[2026-07-16T05:34:37.455+0000] {processor.py:840} INFO - DAG(s) 'ecommerce_batch_pipeline' retrieved from /opt/airflow/dags/ecommerce_batch_dag.py
[2026-07-16T05:34:37.475+0000] {logging_mixin.py:188} INFO - [2026-07-16T05:34:37.475+0000] {dag.py:3036} INFO - Sync 1 DAGs
[2026-07-16T05:34:37.492+0000] {logging_mixin.py:188} INFO - [2026-07-16T05:34:37.492+0000] {dag.py:3823} INFO - Setting next_dagrun for ecommerce_batch_pipeline to 2026-07-15 06:00:00+00:00, run_after=2026-07-16 06:00:00+00:00
[2026-07-16T05:34:37.506+0000] {processor.py:183} INFO - Processing /opt/airflow/dags/ecommerce_batch_dag.py took 0.067 seconds
[2026-07-16T05:35:07.985+0000] {processor.py:161} INFO - Started process (PID=1529) to work on /opt/airflow/dags/ecommerce_batch_dag.py
[2026-07-16T05:35:07.988+0000] {processor.py:830} INFO - Processing file /opt/airflow/dags/ecommerce_batch_dag.py for tasks to queue
[2026-07-16T05:35:07.990+0000] {logging_mixin.py:188} INFO - [2026-07-16T05:35:07.989+0000] {dagbag.py:538} INFO - Filling up the DagBag from /opt/airflow/dags/ecommerce_batch_dag.py
[2026-07-16T05:35:07.998+0000] {processor.py:840} INFO - DAG(s) 'ecommerce_batch_pipeline' retrieved from /opt/airflow/dags/ecommerce_batch_dag.py
[2026-07-16T05:35:08.020+0000] {logging_mixin.py:188} INFO - [2026-07-16T05:35:08.020+0000] {dag.py:3036} INFO - Sync 1 DAGs
[2026-07-16T05:35:08.040+0000] {logging_mixin.py:188} INFO - [2026-07-16T05:35:08.039+0000] {dag.py:3823} INFO - Setting next_dagrun for ecommerce_batch_pipeline to 2026-07-15 06:00:00+00:00, run_after=2026-07-16 06:00:00+00:00
[2026-07-16T05:35:08.056+0000] {processor.py:183} INFO - Processing /opt/airflow/dags/ecommerce_batch_dag.py took 0.074 seconds
[2026-07-16T05:35:38.624+0000] {processor.py:161} INFO - Started process (PID=1585) to work on /opt/airflow/dags/ecommerce_batch_dag.py
[2026-07-16T05:35:38.627+0000] {processor.py:830} INFO - Processing file /opt/airflow/dags/ecommerce_batch_dag.py for tasks to queue
[2026-07-16T05:35:38.629+0000] {logging_mixin.py:188} INFO - [2026-07-16T05:35:38.628+0000] {dagbag.py:538} INFO - Filling up the DagBag from /opt/airflow/dags/ecommerce_batch_dag.py
[2026-07-16T05:35:38.638+0000] {processor.py:840} INFO - DAG(s) 'ecommerce_batch_pipeline' retrieved from /opt/airflow/dags/ecommerce_batch_dag.py
[2026-07-16T05:35:38.662+0000] {logging_mixin.py:188} INFO - [2026-07-16T05:35:38.661+0000] {dag.py:3036} INFO - Sync 1 DAGs
[2026-07-16T05:35:38.687+0000] {logging_mixin.py:188} INFO - [2026-07-16T05:35:38.687+0000] {dag.py:3823} INFO - Setting next_dagrun for ecommerce_batch_pipeline to 2026-07-15 06:00:00+00:00, run_after=2026-07-16 06:00:00+00:00
[2026-07-16T05:35:38.709+0000] {processor.py:183} INFO - Processing /opt/airflow/dags/ecommerce_batch_dag.py took 0.088 seconds
[2026-07-16T05:36:08.736+0000] {processor.py:161} INFO - Started process (PID=1641) to work on /opt/airflow/dags/ecommerce_batch_dag.py
[2026-07-16T05:36:08.737+0000] {processor.py:830} INFO - Processing file /opt/airflow/dags/ecommerce_batch_dag.py for tasks to queue
[2026-07-16T05:36:08.739+0000] {logging_mixin.py:188} INFO - [2026-07-16T05:36:08.739+0000] {dagbag.py:538} INFO - Filling up the DagBag from /opt/airflow/dags/ecommerce_batch_dag.py
[2026-07-16T05:36:08.754+0000] {processor.py:840} INFO - DAG(s) 'ecommerce_batch_pipeline' retrieved from /opt/airflow/dags/ecommerce_batch_dag.py
[2026-07-16T05:36:08.790+0000] {logging_mixin.py:188} INFO - [2026-07-16T05:36:08.789+0000] {dag.py:3036} INFO - Sync 1 DAGs
[2026-07-16T05:36:08.818+0000] {logging_mixin.py:188} INFO - [2026-07-16T05:36:08.817+0000] {dag.py:3823} INFO - Setting next_dagrun for ecommerce_batch_pipeline to 2026-07-15 06:00:00+00:00, run_after=2026-07-16 06:00:00+00:00
[2026-07-16T05:36:08.843+0000] {processor.py:183} INFO - Processing /opt/airflow/dags/ecommerce_batch_dag.py took 0.111 seconds
[2026-07-16T05:36:39.223+0000] {processor.py:161} INFO - Started process (PID=1698) to work on /opt/airflow/dags/ecommerce_batch_dag.py
[2026-07-16T05:36:39.226+0000] {processor.py:830} INFO - Processing file /opt/airflow/dags/ecommerce_batch_dag.py for tasks to queue
[2026-07-16T05:36:39.230+0000] {logging_mixin.py:188} INFO - [2026-07-16T05:36:39.229+0000] {dagbag.py:538} INFO - Filling up the DagBag from /opt/airflow/dags/ecommerce_batch_dag.py
[2026-07-16T05:36:39.250+0000] {processor.py:840} INFO - DAG(s) 'ecommerce_batch_pipeline' retrieved from /opt/airflow/dags/ecommerce_batch_dag.py
[2026-07-16T05:36:39.294+0000] {logging_mixin.py:188} INFO - [2026-07-16T05:36:39.294+0000] {dag.py:3036} INFO - Sync 1 DAGs
[2026-07-16T05:36:39.324+0000] {logging_mixin.py:188} INFO - [2026-07-16T05:36:39.323+0000] {dag.py:3823} INFO - Setting next_dagrun for ecommerce_batch_pipeline to 2026-07-15 06:00:00+00:00, run_after=2026-07-16 06:00:00+00:00
[2026-07-16T05:36:39.350+0000] {processor.py:183} INFO - Processing /opt/airflow/dags/ecommerce_batch_dag.py took 0.140 seconds
[2026-07-16T05:37:09.456+0000] {processor.py:161} INFO - Started process (PID=1754) to work on /opt/airflow/dags/ecommerce_batch_dag.py
[2026-07-16T05:37:09.459+0000] {processor.py:830} INFO - Processing file /opt/airflow/dags/ecommerce_batch_dag.py for tasks to queue
[2026-07-16T05:37:09.461+0000] {logging_mixin.py:188} INFO - [2026-07-16T05:37:09.461+0000] {dagbag.py:538} INFO - Filling up the DagBag from /opt/airflow/dags/ecommerce_batch_dag.py
[2026-07-16T05:37:09.470+0000] {processor.py:840} INFO - DAG(s) 'ecommerce_batch_pipeline' retrieved from /opt/airflow/dags/ecommerce_batch_dag.py
[2026-07-16T05:37:09.492+0000] {logging_mixin.py:188} INFO - [2026-07-16T05:37:09.491+0000] {dag.py:3036} INFO - Sync 1 DAGs
[2026-07-16T05:37:09.511+0000] {logging_mixin.py:188} INFO - [2026-07-16T05:37:09.511+0000] {dag.py:3823} INFO - Setting next_dagrun for ecommerce_batch_pipeline to 2026-07-15 06:00:00+00:00, run_after=2026-07-16 06:00:00+00:00
[2026-07-16T05:37:09.530+0000] {processor.py:183} INFO - Processing /opt/airflow/dags/ecommerce_batch_dag.py took 0.077 seconds
[2026-07-16T05:37:39.868+0000] {processor.py:161} INFO - Started process (PID=1810) to work on /opt/airflow/dags/ecommerce_batch_dag.py
[2026-07-16T05:37:39.872+0000] {processor.py:830} INFO - Processing file /opt/airflow/dags/ecommerce_batch_dag.py for tasks to queue
[2026-07-16T05:37:39.880+0000] {logging_mixin.py:188} INFO - [2026-07-16T05:37:39.878+0000] {dagbag.py:538} INFO - Filling up the DagBag from /opt/airflow/dags/ecommerce_batch_dag.py
[2026-07-16T05:37:39.911+0000] {processor.py:840} INFO - DAG(s) 'ecommerce_batch_pipeline' retrieved from /opt/airflow/dags/ecommerce_batch_dag.py
[2026-07-16T05:37:39.949+0000] {logging_mixin.py:188} INFO - [2026-07-16T05:37:39.948+0000] {dag.py:3036} INFO - Sync 1 DAGs
[2026-07-16T05:37:39.976+0000] {logging_mixin.py:188} INFO - [2026-07-16T05:37:39.976+0000] {dag.py:3823} INFO - Setting next_dagrun for ecommerce_batch_pipeline to 2026-07-15 06:00:00+00:00, run_after=2026-07-16 06:00:00+00:00
[2026-07-16T05:37:39.998+0000] {processor.py:183} INFO - Processing /opt/airflow/dags/ecommerce_batch_dag.py took 0.143 seconds
[2026-07-16T05:38:10.235+0000] {processor.py:161} INFO - Started process (PID=1866) to work on /opt/airflow/dags/ecommerce_batch_dag.py
[2026-07-16T05:38:10.238+0000] {processor.py:830} INFO - Processing file /opt/airflow/dags/ecommerce_batch_dag.py for tasks to queue
[2026-07-16T05:38:10.240+0000] {logging_mixin.py:188} INFO - [2026-07-16T05:38:10.240+0000] {dagbag.py:538} INFO - Filling up the DagBag from /opt/airflow/dags/ecommerce_batch_dag.py
[2026-07-16T05:38:10.248+0000] {processor.py:840} INFO - DAG(s) 'ecommerce_batch_pipeline' retrieved from /opt/airflow/dags/ecommerce_batch_dag.py
[2026-07-16T05:38:10.267+0000] {logging_mixin.py:188} INFO - [2026-07-16T05:38:10.267+0000] {dag.py:3036} INFO - Sync 1 DAGs
[2026-07-16T05:38:10.284+0000] {logging_mixin.py:188} INFO - [2026-07-16T05:38:10.284+0000] {dag.py:3823} INFO - Setting next_dagrun for ecommerce_batch_pipeline to 2026-07-15 06:00:00+00:00, run_after=2026-07-16 06:00:00+00:00
[2026-07-16T05:38:10.299+0000] {processor.py:183} INFO - Processing /opt/airflow/dags/ecommerce_batch_dag.py took 0.067 seconds
[2026-07-16T05:38:40.458+0000] {processor.py:161} INFO - Started process (PID=1922) to work on /opt/airflow/dags/ecommerce_batch_dag.py
[2026-07-16T05:38:40.461+0000] {processor.py:830} INFO - Processing file /opt/airflow/dags/ecommerce_batch_dag.py for tasks to queue
[2026-07-16T05:38:40.462+0000] {logging_mixin.py:188} INFO - [2026-07-16T05:38:40.462+0000] {dagbag.py:538} INFO - Filling up the DagBag from /opt/airflow/dags/ecommerce_batch_dag.py
[2026-07-16T05:38:40.471+0000] {processor.py:840} INFO - DAG(s) 'ecommerce_batch_pipeline' retrieved from /opt/airflow/dags/ecommerce_batch_dag.py
[2026-07-16T05:38:40.494+0000] {logging_mixin.py:188} INFO - [2026-07-16T05:38:40.494+0000] {dag.py:3036} INFO - Sync 1 DAGs
[2026-07-16T05:38:40.519+0000] {logging_mixin.py:188} INFO - [2026-07-16T05:38:40.519+0000] {dag.py:3823} INFO - Setting next_dagrun for ecommerce_batch_pipeline to 2026-07-15 06:00:00+00:00, run_after=2026-07-16 06:00:00+00:00
[2026-07-16T05:38:40.544+0000] {processor.py:183} INFO - Processing /opt/airflow/dags/ecommerce_batch_dag.py took 0.090 seconds
[2026-07-16T05:39:10.910+0000] {processor.py:161} INFO - Started process (PID=1978) to work on /opt/airflow/dags/ecommerce_batch_dag.py
[2026-07-16T05:39:10.915+0000] {processor.py:830} INFO - Processing file /opt/airflow/dags/ecommerce_batch_dag.py for tasks to queue
[2026-07-16T05:39:10.923+0000] {logging_mixin.py:188} INFO - [2026-07-16T05:39:10.922+0000] {dagbag.py:538} INFO - Filling up the DagBag from /opt/airflow/dags/ecommerce_batch_dag.py
[2026-07-16T05:39:10.942+0000] {processor.py:840} INFO - DAG(s) 'ecommerce_batch_pipeline' retrieved from /opt/airflow/dags/ecommerce_batch_dag.py
[2026-07-16T05:39:10.972+0000] {logging_mixin.py:188} INFO - [2026-07-16T05:39:10.972+0000] {dag.py:3036} INFO - Sync 1 DAGs
[2026-07-16T05:39:10.997+0000] {logging_mixin.py:188} INFO - [2026-07-16T05:39:10.996+0000] {dag.py:3823} INFO - Setting next_dagrun for ecommerce_batch_pipeline to 2026-07-15 06:00:00+00:00, run_after=2026-07-16 06:00:00+00:00
[2026-07-16T05:39:11.021+0000] {processor.py:183} INFO - Processing /opt/airflow/dags/ecommerce_batch_dag.py took 0.123 seconds
[2026-07-16T05:39:41.045+0000] {processor.py:161} INFO - Started process (PID=2034) to work on /opt/airflow/dags/ecommerce_batch_dag.py
[2026-07-16T05:39:41.047+0000] {processor.py:830} INFO - Processing file /opt/airflow/dags/ecommerce_batch_dag.py for tasks to queue
[2026-07-16T05:39:41.049+0000] {logging_mixin.py:188} INFO - [2026-07-16T05:39:41.049+0000] {dagbag.py:538} INFO - Filling up the DagBag from /opt/airflow/dags/ecommerce_batch_dag.py
[2026-07-16T05:39:41.059+0000] {processor.py:840} INFO - DAG(s) 'ecommerce_batch_pipeline' retrieved from /opt/airflow/dags/ecommerce_batch_dag.py
[2026-07-16T05:39:41.084+0000] {logging_mixin.py:188} INFO - [2026-07-16T05:39:41.083+0000] {dag.py:3036} INFO - Sync 1 DAGs
[2026-07-16T05:39:41.105+0000] {logging_mixin.py:188} INFO - [2026-07-16T05:39:41.105+0000] {dag.py:3823} INFO - Setting next_dagrun for ecommerce_batch_pipeline to 2026-07-15 06:00:00+00:00, run_after=2026-07-16 06:00:00+00:00
[2026-07-16T05:39:41.124+0000] {processor.py:183} INFO - Processing /opt/airflow/dags/ecommerce_batch_dag.py took 0.082 seconds
[2026-07-16T05:40:11.301+0000] {processor.py:161} INFO - Started process (PID=2090) to work on /opt/airflow/dags/ecommerce_batch_dag.py
[2026-07-16T05:40:11.304+0000] {processor.py:830} INFO - Processing file /opt/airflow/dags/ecommerce_batch_dag.py for tasks to queue
[2026-07-16T05:40:11.306+0000] {logging_mixin.py:188} INFO - [2026-07-16T05:40:11.306+0000] {dagbag.py:538} INFO - Filling up the DagBag from /opt/airflow/dags/ecommerce_batch_dag.py
[2026-07-16T05:40:11.315+0000] {processor.py:840} INFO - DAG(s) 'ecommerce_batch_pipeline' retrieved from /opt/airflow/dags/ecommerce_batch_dag.py
[2026-07-16T05:40:11.340+0000] {logging_mixin.py:188} INFO - [2026-07-16T05:40:11.340+0000] {dag.py:3036} INFO - Sync 1 DAGs
[2026-07-16T05:40:11.363+0000] {logging_mixin.py:188} INFO - [2026-07-16T05:40:11.362+0000] {dag.py:3823} INFO - Setting next_dagrun for ecommerce_batch_pipeline to 2026-07-15 06:00:00+00:00, run_after=2026-07-16 06:00:00+00:00
[2026-07-16T05:40:11.382+0000] {processor.py:183} INFO - Processing /opt/airflow/dags/ecommerce_batch_dag.py took 0.083 seconds
[2026-07-16T05:40:41.699+0000] {processor.py:161} INFO - Started process (PID=2146) to work on /opt/airflow/dags/ecommerce_batch_dag.py
[2026-07-16T05:40:41.702+0000] {processor.py:830} INFO - Processing file /opt/airflow/dags/ecommerce_batch_dag.py for tasks to queue
[2026-07-16T05:40:41.704+0000] {logging_mixin.py:188} INFO - [2026-07-16T05:40:41.703+0000] {dagbag.py:538} INFO - Filling up the DagBag from /opt/airflow/dags/ecommerce_batch_dag.py
[2026-07-16T05:40:41.714+0000] {processor.py:840} INFO - DAG(s) 'ecommerce_batch_pipeline' retrieved from /opt/airflow/dags/ecommerce_batch_dag.py
[2026-07-16T05:40:41.736+0000] {logging_mixin.py:188} INFO - [2026-07-16T05:40:41.736+0000] {dag.py:3036} INFO - Sync 1 DAGs
[2026-07-16T05:40:41.754+0000] {logging_mixin.py:188} INFO - [2026-07-16T05:40:41.754+0000] {dag.py:3823} INFO - Setting next_dagrun for ecommerce_batch_pipeline to 2026-07-15 06:00:00+00:00, run_after=2026-07-16 06:00:00+00:00
[2026-07-16T05:40:41.771+0000] {processor.py:183} INFO - Processing /opt/airflow/dags/ecommerce_batch_dag.py took 0.075 seconds
[2026-07-16T05:41:12.095+0000] {processor.py:161} INFO - Started process (PID=2202) to work on /opt/airflow/dags/ecommerce_batch_dag.py
[2026-07-16T05:41:12.097+0000] {processor.py:830} INFO - Processing file /opt/airflow/dags/ecommerce_batch_dag.py for tasks to queue
[2026-07-16T05:41:12.098+0000] {logging_mixin.py:188} INFO - [2026-07-16T05:41:12.098+0000] {dagbag.py:538} INFO - Filling up the DagBag from /opt/airflow/dags/ecommerce_batch_dag.py
[2026-07-16T05:41:12.106+0000] {processor.py:840} INFO - DAG(s) 'ecommerce_batch_pipeline' retrieved from /opt/airflow/dags/ecommerce_batch_dag.py
[2026-07-16T05:41:12.126+0000] {logging_mixin.py:188} INFO - [2026-07-16T05:41:12.126+0000] {dag.py:3036} INFO - Sync 1 DAGs
[2026-07-16T05:41:12.145+0000] {logging_mixin.py:188} INFO - [2026-07-16T05:41:12.144+0000] {dag.py:3823} INFO - Setting next_dagrun for ecommerce_batch_pipeline to 2026-07-15 06:00:00+00:00, run_after=2026-07-16 06:00:00+00:00
[2026-07-16T05:41:12.161+0000] {processor.py:183} INFO - Processing /opt/airflow/dags/ecommerce_batch_dag.py took 0.069 seconds
[2026-07-16T05:41:42.994+0000] {processor.py:161} INFO - Started process (PID=2258) to work on /opt/airflow/dags/ecommerce_batch_dag.py
[2026-07-16T05:41:42.998+0000] {processor.py:830} INFO - Processing file /opt/airflow/dags/ecommerce_batch_dag.py for tasks to queue
[2026-07-16T05:41:43.000+0000] {logging_mixin.py:188} INFO - [2026-07-16T05:41:42.999+0000] {dagbag.py:538} INFO - Filling up the DagBag from /opt/airflow/dags/ecommerce_batch_dag.py
[2026-07-16T05:41:43.009+0000] {processor.py:840} INFO - DAG(s) 'ecommerce_batch_pipeline' retrieved from /opt/airflow/dags/ecommerce_batch_dag.py
[2026-07-16T05:41:43.036+0000] {logging_mixin.py:188} INFO - [2026-07-16T05:41:43.035+0000] {dag.py:3036} INFO - Sync 1 DAGs
[2026-07-16T05:41:43.063+0000] {logging_mixin.py:188} INFO - [2026-07-16T05:41:43.062+0000] {dag.py:3823} INFO - Setting next_dagrun for ecommerce_batch_pipeline to 2026-07-15 06:00:00+00:00, run_after=2026-07-16 06:00:00+00:00
[2026-07-16T05:41:43.084+0000] {processor.py:183} INFO - Processing /opt/airflow/dags/ecommerce_batch_dag.py took 0.098 seconds
[2026-07-16T05:42:13.883+0000] {processor.py:161} INFO - Started process (PID=2314) to work on /opt/airflow/dags/ecommerce_batch_dag.py
[2026-07-16T05:42:13.886+0000] {processor.py:830} INFO - Processing file /opt/airflow/dags/ecommerce_batch_dag.py for tasks to queue
[2026-07-16T05:42:13.890+0000] {logging_mixin.py:188} INFO - [2026-07-16T05:42:13.889+0000] {dagbag.py:538} INFO - Filling up the DagBag from /opt/airflow/dags/ecommerce_batch_dag.py
[2026-07-16T05:42:13.902+0000] {processor.py:840} INFO - DAG(s) 'ecommerce_batch_pipeline' retrieved from /opt/airflow/dags/ecommerce_batch_dag.py
[2026-07-16T05:42:13.932+0000] {logging_mixin.py:188} INFO - [2026-07-16T05:42:13.932+0000] {dag.py:3036} INFO - Sync 1 DAGs
[2026-07-16T05:42:13.960+0000] {logging_mixin.py:188} INFO - [2026-07-16T05:42:13.959+0000] {dag.py:3823} INFO - Setting next_dagrun for ecommerce_batch_pipeline to 2026-07-15 06:00:00+00:00, run_after=2026-07-16 06:00:00+00:00
[2026-07-16T05:42:13.987+0000] {processor.py:183} INFO - Processing /opt/airflow/dags/ecommerce_batch_dag.py took 0.109 seconds
[2026-07-16T05:42:44.176+0000] {processor.py:161} INFO - Started process (PID=2370) to work on /opt/airflow/dags/ecommerce_batch_dag.py
[2026-07-16T05:42:44.179+0000] {processor.py:830} INFO - Processing file /opt/airflow/dags/ecommerce_batch_dag.py for tasks to queue
[2026-07-16T05:42:44.180+0000] {logging_mixin.py:188} INFO - [2026-07-16T05:42:44.180+0000] {dagbag.py:538} INFO - Filling up the DagBag from /opt/airflow/dags/ecommerce_batch_dag.py
[2026-07-16T05:42:44.189+0000] {processor.py:840} INFO - DAG(s) 'ecommerce_batch_pipeline' retrieved from /opt/airflow/dags/ecommerce_batch_dag.py
[2026-07-16T05:42:44.211+0000] {logging_mixin.py:188} INFO - [2026-07-16T05:42:44.211+0000] {dag.py:3036} INFO - Sync 1 DAGs
[2026-07-16T05:42:44.232+0000] {logging_mixin.py:188} INFO - [2026-07-16T05:42:44.232+0000] {dag.py:3823} INFO - Setting next_dagrun for ecommerce_batch_pipeline to 2026-07-15 06:00:00+00:00, run_after=2026-07-16 06:00:00+00:00
[2026-07-16T05:42:44.249+0000] {processor.py:183} INFO - Processing /opt/airflow/dags/ecommerce_batch_dag.py took 0.077 seconds
[2026-07-16T05:43:14.636+0000] {processor.py:161} INFO - Started process (PID=2426) to work on /opt/airflow/dags/ecommerce_batch_dag.py
[2026-07-16T05:43:14.639+0000] {processor.py:830} INFO - Processing file /opt/airflow/dags/ecommerce_batch_dag.py for tasks to queue
[2026-07-16T05:43:14.641+0000] {logging_mixin.py:188} INFO - [2026-07-16T05:43:14.640+0000] {dagbag.py:538} INFO - Filling up the DagBag from /opt/airflow/dags/ecommerce_batch_dag.py
[2026-07-16T05:43:14.649+0000] {processor.py:840} INFO - DAG(s) 'ecommerce_batch_pipeline' retrieved from /opt/airflow/dags/ecommerce_batch_dag.py
[2026-07-16T05:43:14.671+0000] {logging_mixin.py:188} INFO - [2026-07-16T05:43:14.671+0000] {dag.py:3036} INFO - Sync 1 DAGs
[2026-07-16T05:43:14.689+0000] {logging_mixin.py:188} INFO - [2026-07-16T05:43:14.688+0000] {dag.py:3823} INFO - Setting next_dagrun for ecommerce_batch_pipeline to 2026-07-15 06:00:00+00:00, run_after=2026-07-16 06:00:00+00:00
[2026-07-16T05:43:14.704+0000] {processor.py:183} INFO - Processing /opt/airflow/dags/ecommerce_batch_dag.py took 0.071 seconds
[2026-07-16T05:43:45.135+0000] {processor.py:161} INFO - Started process (PID=2482) to work on /opt/airflow/dags/ecommerce_batch_dag.py
[2026-07-16T05:43:45.138+0000] {processor.py:830} INFO - Processing file /opt/airflow/dags/ecommerce_batch_dag.py for tasks to queue
[2026-07-16T05:43:45.139+0000] {logging_mixin.py:188} INFO - [2026-07-16T05:43:45.139+0000] {dagbag.py:538} INFO - Filling up the DagBag from /opt/airflow/dags/ecommerce_batch_dag.py
[2026-07-16T05:43:45.148+0000] {processor.py:840} INFO - DAG(s) 'ecommerce_batch_pipeline' retrieved from /opt/airflow/dags/ecommerce_batch_dag.py
[2026-07-16T05:43:45.169+0000] {logging_mixin.py:188} INFO - [2026-07-16T05:43:45.169+0000] {dag.py:3036} INFO - Sync 1 DAGs
[2026-07-16T05:43:45.192+0000] {logging_mixin.py:188} INFO - [2026-07-16T05:43:45.192+0000] {dag.py:3823} INFO - Setting next_dagrun for ecommerce_batch_pipeline to 2026-07-15 06:00:00+00:00, run_after=2026-07-16 06:00:00+00:00
[2026-07-16T05:43:45.213+0000] {processor.py:183} INFO - Processing /opt/airflow/dags/ecommerce_batch_dag.py took 0.081 seconds
[2026-07-16T05:44:15.621+0000] {processor.py:161} INFO - Started process (PID=2538) to work on /opt/airflow/dags/ecommerce_batch_dag.py
[2026-07-16T05:44:15.622+0000] {processor.py:830} INFO - Processing file /opt/airflow/dags/ecommerce_batch_dag.py for tasks to queue
[2026-07-16T05:44:15.625+0000] {logging_mixin.py:188} INFO - [2026-07-16T05:44:15.624+0000] {dagbag.py:538} INFO - Filling up the DagBag from /opt/airflow/dags/ecommerce_batch_dag.py
[2026-07-16T05:44:15.634+0000] {processor.py:840} INFO - DAG(s) 'ecommerce_batch_pipeline' retrieved from /opt/airflow/dags/ecommerce_batch_dag.py
[2026-07-16T05:44:15.657+0000] {logging_mixin.py:188} INFO - [2026-07-16T05:44:15.656+0000] {dag.py:3036} INFO - Sync 1 DAGs
[2026-07-16T05:44:15.681+0000] {logging_mixin.py:188} INFO - [2026-07-16T05:44:15.681+0000] {dag.py:3823} INFO - Setting next_dagrun for ecommerce_batch_pipeline to 2026-07-15 06:00:00+00:00, run_after=2026-07-16 06:00:00+00:00
[2026-07-16T05:44:15.699+0000] {processor.py:183} INFO - Processing /opt/airflow/dags/ecommerce_batch_dag.py took 0.087 seconds
[2026-07-16T05:44:45.958+0000] {processor.py:161} INFO - Started process (PID=2594) to work on /opt/airflow/dags/ecommerce_batch_dag.py
[2026-07-16T05:44:45.965+0000] {processor.py:830} INFO - Processing file /opt/airflow/dags/ecommerce_batch_dag.py for tasks to queue
[2026-07-16T05:44:45.967+0000] {logging_mixin.py:188} INFO - [2026-07-16T05:44:45.966+0000] {dagbag.py:538} INFO - Filling up the DagBag from /opt/airflow/dags/ecommerce_batch_dag.py
[2026-07-16T05:44:45.980+0000] {processor.py:840} INFO - DAG(s) 'ecommerce_batch_pipeline' retrieved from /opt/airflow/dags/ecommerce_batch_dag.py
[2026-07-16T05:44:46.013+0000] {logging_mixin.py:188} INFO - [2026-07-16T05:44:46.012+0000] {dag.py:3036} INFO - Sync 1 DAGs
[2026-07-16T05:44:46.040+0000] {logging_mixin.py:188} INFO - [2026-07-16T05:44:46.039+0000] {dag.py:3823} INFO - Setting next_dagrun for ecommerce_batch_pipeline to 2026-07-15 06:00:00+00:00, run_after=2026-07-16 06:00:00+00:00
[2026-07-16T05:44:46.060+0000] {processor.py:183} INFO - Processing /opt/airflow/dags/ecommerce_batch_dag.py took 0.110 seconds
[2026-07-16T05:45:16.249+0000] {processor.py:161} INFO - Started process (PID=2650) to work on /opt/airflow/dags/ecommerce_batch_dag.py
[2026-07-16T05:45:16.250+0000] {processor.py:830} INFO - Processing file /opt/airflow/dags/ecommerce_batch_dag.py for tasks to queue
[2026-07-16T05:45:16.252+0000] {logging_mixin.py:188} INFO - [2026-07-16T05:45:16.252+0000] {dagbag.py:538} INFO - Filling up the DagBag from /opt/airflow/dags/ecommerce_batch_dag.py
[2026-07-16T05:45:16.262+0000] {processor.py:840} INFO - DAG(s) 'ecommerce_batch_pipeline' retrieved from /opt/airflow/dags/ecommerce_batch_dag.py
[2026-07-16T05:45:16.283+0000] {logging_mixin.py:188} INFO - [2026-07-16T05:45:16.283+0000] {dag.py:3036} INFO - Sync 1 DAGs
[2026-07-16T05:45:16.300+0000] {logging_mixin.py:188} INFO - [2026-07-16T05:45:16.300+0000] {dag.py:3823} INFO - Setting next_dagrun for ecommerce_batch_pipeline to 2026-07-15 06:00:00+00:00, run_after=2026-07-16 06:00:00+00:00
[2026-07-16T05:45:16.315+0000] {processor.py:183} INFO - Processing /opt/airflow/dags/ecommerce_batch_dag.py took 0.068 seconds
[2026-07-16T05:45:46.399+0000] {processor.py:161} INFO - Started process (PID=2706) to work on /opt/airflow/dags/ecommerce_batch_dag.py
[2026-07-16T05:45:46.402+0000] {processor.py:830} INFO - Processing file /opt/airflow/dags/ecommerce_batch_dag.py for tasks to queue
[2026-07-16T05:45:46.403+0000] {logging_mixin.py:188} INFO - [2026-07-16T05:45:46.403+0000] {dagbag.py:538} INFO - Filling up the DagBag from /opt/airflow/dags/ecommerce_batch_dag.py
[2026-07-16T05:45:46.411+0000] {processor.py:840} INFO - DAG(s) 'ecommerce_batch_pipeline' retrieved from /opt/airflow/dags/ecommerce_batch_dag.py
[2026-07-16T05:45:46.430+0000] {logging_mixin.py:188} INFO - [2026-07-16T05:45:46.429+0000] {dag.py:3036} INFO - Sync 1 DAGs
[2026-07-16T05:45:46.447+0000] {logging_mixin.py:188} INFO - [2026-07-16T05:45:46.447+0000] {dag.py:3823} INFO - Setting next_dagrun for ecommerce_batch_pipeline to 2026-07-15 06:00:00+00:00, run_after=2026-07-16 06:00:00+00:00
[2026-07-16T05:45:46.574+0000] {processor.py:183} INFO - Processing /opt/airflow/dags/ecommerce_batch_dag.py took 0.180 seconds
[2026-07-16T05:46:16.906+0000] {processor.py:161} INFO - Started process (PID=2761) to work on /opt/airflow/dags/ecommerce_batch_dag.py
[2026-07-16T05:46:16.907+0000] {processor.py:830} INFO - Processing file /opt/airflow/dags/ecommerce_batch_dag.py for tasks to queue
[2026-07-16T05:46:16.910+0000] {logging_mixin.py:188} INFO - [2026-07-16T05:46:16.909+0000] {dagbag.py:538} INFO - Filling up the DagBag from /opt/airflow/dags/ecommerce_batch_dag.py
[2026-07-16T05:46:16.919+0000] {processor.py:840} INFO - DAG(s) 'ecommerce_batch_pipeline' retrieved from /opt/airflow/dags/ecommerce_batch_dag.py
[2026-07-16T05:46:16.943+0000] {logging_mixin.py:188} INFO - [2026-07-16T05:46:16.943+0000] {dag.py:3036} INFO - Sync 1 DAGs
[2026-07-16T05:46:16.969+0000] {logging_mixin.py:188} INFO - [2026-07-16T05:46:16.969+0000] {dag.py:3823} INFO - Setting next_dagrun for ecommerce_batch_pipeline to 2026-07-15 06:00:00+00:00, run_after=2026-07-16 06:00:00+00:00
[2026-07-16T05:46:16.991+0000] {processor.py:183} INFO - Processing /opt/airflow/dags/ecommerce_batch_dag.py took 0.089 seconds
[2026-07-16T05:46:47.208+0000] {processor.py:161} INFO - Started process (PID=2817) to work on /opt/airflow/dags/ecommerce_batch_dag.py
[2026-07-16T05:46:47.211+0000] {processor.py:830} INFO - Processing file /opt/airflow/dags/ecommerce_batch_dag.py for tasks to queue
[2026-07-16T05:46:47.212+0000] {logging_mixin.py:188} INFO - [2026-07-16T05:46:47.212+0000] {dagbag.py:538} INFO - Filling up the DagBag from /opt/airflow/dags/ecommerce_batch_dag.py
[2026-07-16T05:46:47.220+0000] {processor.py:840} INFO - DAG(s) 'ecommerce_batch_pipeline' retrieved from /opt/airflow/dags/ecommerce_batch_dag.py
[2026-07-16T05:46:47.242+0000] {logging_mixin.py:188} INFO - [2026-07-16T05:46:47.241+0000] {dag.py:3036} INFO - Sync 1 DAGs
[2026-07-16T05:46:47.260+0000] {logging_mixin.py:188} INFO - [2026-07-16T05:46:47.260+0000] {dag.py:3823} INFO - Setting next_dagrun for ecommerce_batch_pipeline to 2026-07-15 06:00:00+00:00, run_after=2026-07-16 06:00:00+00:00
[2026-07-16T05:46:47.276+0000] {processor.py:183} INFO - Processing /opt/airflow/dags/ecommerce_batch_dag.py took 0.071 seconds
[2026-07-16T05:47:17.893+0000] {processor.py:161} INFO - Started process (PID=2873) to work on /opt/airflow/dags/ecommerce_batch_dag.py
[2026-07-16T05:47:17.897+0000] {processor.py:830} INFO - Processing file /opt/airflow/dags/ecommerce_batch_dag.py for tasks to queue
[2026-07-16T05:47:17.900+0000] {logging_mixin.py:188} INFO - [2026-07-16T05:47:17.900+0000] {dagbag.py:538} INFO - Filling up the DagBag from /opt/airflow/dags/ecommerce_batch_dag.py
[2026-07-16T05:47:17.919+0000] {processor.py:840} INFO - DAG(s) 'ecommerce_batch_pipeline' retrieved from /opt/airflow/dags/ecommerce_batch_dag.py
[2026-07-16T05:47:17.958+0000] {logging_mixin.py:188} INFO - [2026-07-16T05:47:17.958+0000] {dag.py:3036} INFO - Sync 1 DAGs
[2026-07-16T05:47:18.009+0000] {logging_mixin.py:188} INFO - [2026-07-16T05:47:18.009+0000] {dag.py:3823} INFO - Setting next_dagrun for ecommerce_batch_pipeline to 2026-07-15 06:00:00+00:00, run_after=2026-07-16 06:00:00+00:00
[2026-07-16T05:47:18.037+0000] {processor.py:183} INFO - Processing /opt/airflow/dags/ecommerce_batch_dag.py took 0.151 seconds
[2026-07-16T05:47:48.931+0000] {processor.py:161} INFO - Started process (PID=2929) to work on /opt/airflow/dags/ecommerce_batch_dag.py
[2026-07-16T05:47:48.933+0000] {processor.py:830} INFO - Processing file /opt/airflow/dags/ecommerce_batch_dag.py for tasks to queue
[2026-07-16T05:47:48.936+0000] {logging_mixin.py:188} INFO - [2026-07-16T05:47:48.936+0000] {dagbag.py:538} INFO - Filling up the DagBag from /opt/airflow/dags/ecommerce_batch_dag.py
[2026-07-16T05:47:48.951+0000] {processor.py:840} INFO - DAG(s) 'ecommerce_batch_pipeline' retrieved from /opt/airflow/dags/ecommerce_batch_dag.py
[2026-07-16T05:47:48.982+0000] {logging_mixin.py:188} INFO - [2026-07-16T05:47:48.982+0000] {dag.py:3036} INFO - Sync 1 DAGs
[2026-07-16T05:47:49.007+0000] {logging_mixin.py:188} INFO - [2026-07-16T05:47:49.007+0000] {dag.py:3823} INFO - Setting next_dagrun for ecommerce_batch_pipeline to 2026-07-15 06:00:00+00:00, run_after=2026-07-16 06:00:00+00:00
[2026-07-16T05:47:49.029+0000] {processor.py:183} INFO - Processing /opt/airflow/dags/ecommerce_batch_dag.py took 0.103 seconds
[2026-07-16T05:48:19.883+0000] {processor.py:161} INFO - Started process (PID=2985) to work on /opt/airflow/dags/ecommerce_batch_dag.py
[2026-07-16T05:48:19.886+0000] {processor.py:830} INFO - Processing file /opt/airflow/dags/ecommerce_batch_dag.py for tasks to queue
[2026-07-16T05:48:19.890+0000] {logging_mixin.py:188} INFO - [2026-07-16T05:48:19.889+0000] {dagbag.py:538} INFO - Filling up the DagBag from /opt/airflow/dags/ecommerce_batch_dag.py
[2026-07-16T05:48:19.908+0000] {processor.py:840} INFO - DAG(s) 'ecommerce_batch_pipeline' retrieved from /opt/airflow/dags/ecommerce_batch_dag.py
[2026-07-16T05:48:19.940+0000] {logging_mixin.py:188} INFO - [2026-07-16T05:48:19.940+0000] {dag.py:3036} INFO - Sync 1 DAGs
[2026-07-16T05:48:20.193+0000] {logging_mixin.py:188} INFO - [2026-07-16T05:48:20.193+0000] {dag.py:3823} INFO - Setting next_dagrun for ecommerce_batch_pipeline to 2026-07-15 06:00:00+00:00, run_after=2026-07-16 06:00:00+00:00
[2026-07-16T05:48:20.218+0000] {processor.py:183} INFO - Processing /opt/airflow/dags/ecommerce_batch_dag.py took 0.341 seconds
