[2026-07-13T13:52:47.234+0000] {taskinstance.py:1956} INFO - Dependencies all met for dep_context=non-requeueable deps ti=<TaskInstance: ecommerce_batch_pipeline.spark_clean_customers manual__2026-07-13T13:51:59.942062+00:00 [queued]>
[2026-07-13T13:52:47.240+0000] {taskinstance.py:1956} INFO - Dependencies all met for dep_context=requeueable deps ti=<TaskInstance: ecommerce_batch_pipeline.spark_clean_customers manual__2026-07-13T13:51:59.942062+00:00 [queued]>
[2026-07-13T13:52:47.240+0000] {taskinstance.py:2170} INFO - Starting attempt 1 of 2
[2026-07-13T13:52:47.248+0000] {taskinstance.py:2191} INFO - Executing <Task(BashOperator): spark_clean_customers> on 2026-07-13 13:51:59.942062+00:00
[2026-07-13T13:52:47.253+0000] {standard_task_runner.py:60} INFO - Started process 1908 to run task
[2026-07-13T13:52:47.256+0000] {standard_task_runner.py:87} INFO - Running: ['***', 'tasks', 'run', 'ecommerce_batch_pipeline', 'spark_clean_customers', 'manual__2026-07-13T13:51:59.942062+00:00', '--job-id', '72', '--raw', '--subdir', 'DAGS_FOLDER/ecommerce_batch_dag.py', '--cfg-path', '/tmp/tmpaxe6zw6m']
[2026-07-13T13:52:47.258+0000] {standard_task_runner.py:88} INFO - Job 72: Subtask spark_clean_customers
[2026-07-13T13:52:47.295+0000] {task_command.py:423} INFO - Running <TaskInstance: ecommerce_batch_pipeline.spark_clean_customers manual__2026-07-13T13:51:59.942062+00:00 [running]> on host 04af678acee0
[2026-07-13T13:52:47.346+0000] {taskinstance.py:2480} INFO - Exporting env vars: AIRFLOW_CTX_DAG_OWNER='de-team' AIRFLOW_CTX_DAG_ID='ecommerce_batch_pipeline' AIRFLOW_CTX_TASK_ID='spark_clean_customers' AIRFLOW_CTX_EXECUTION_DATE='2026-07-13T13:51:59.942062+00:00' AIRFLOW_CTX_TRY_NUMBER='1' AIRFLOW_CTX_DAG_RUN_ID='manual__2026-07-13T13:51:59.942062+00:00'
[2026-07-13T13:52:47.347+0000] {subprocess.py:63} INFO - Tmp dir root location: /tmp
[2026-07-13T13:52:47.348+0000] {subprocess.py:75} INFO - Running command: ['/usr/bin/bash', '-c', 'python /opt/***/spark/jobs/clean_customers.py']
[2026-07-13T13:52:47.358+0000] {subprocess.py:86} INFO - Output:
[2026-07-13T13:52:48.660+0000] {subprocess.py:93} INFO - Setting default log level to "WARN".
[2026-07-13T13:52:48.660+0000] {subprocess.py:93} INFO - To adjust logging level use sc.setLogLevel(newLevel). For SparkR, use setLogLevel(newLevel).
[2026-07-13T13:52:48.850+0000] {subprocess.py:93} INFO - 26/07/13 13:52:48 WARN NativeCodeLoader: Unable to load native-hadoop library for your platform... using builtin-java classes where applicable
[2026-07-13T13:52:56.072+0000] {subprocess.py:93} INFO - [Stage 2:===================>                                       (1 + 2) / 3][Stage 4:>                                                          (0 + 8) / 8]                                                                                ✅ clean_customers done — 99441 rows
[2026-07-13T13:52:56.494+0000] {subprocess.py:97} INFO - Command exited with return code 0
[2026-07-13T13:52:56.512+0000] {taskinstance.py:1138} INFO - Marking task as SUCCESS. dag_id=ecommerce_batch_pipeline, task_id=spark_clean_customers, execution_date=20260713T135159, start_date=20260713T135247, end_date=20260713T135256
[2026-07-13T13:52:56.529+0000] {local_task_job_runner.py:234} INFO - Task exited with return code 0
[2026-07-13T13:52:56.548+0000] {taskinstance.py:3280} INFO - 3 downstream tasks scheduled from follow-on schedule check
