[2026-07-13T13:52:01.204+0000] {taskinstance.py:1956} INFO - Dependencies all met for dep_context=non-requeueable deps ti=<TaskInstance: ecommerce_batch_pipeline.spark_clean_payments manual__2026-07-13T13:51:59.942062+00:00 [queued]>
[2026-07-13T13:52:01.212+0000] {taskinstance.py:1956} INFO - Dependencies all met for dep_context=requeueable deps ti=<TaskInstance: ecommerce_batch_pipeline.spark_clean_payments manual__2026-07-13T13:51:59.942062+00:00 [queued]>
[2026-07-13T13:52:01.213+0000] {taskinstance.py:2170} INFO - Starting attempt 1 of 2
[2026-07-13T13:52:01.224+0000] {taskinstance.py:2191} INFO - Executing <Task(BashOperator): spark_clean_payments> on 2026-07-13 13:51:59.942062+00:00
[2026-07-13T13:52:01.230+0000] {standard_task_runner.py:60} INFO - Started process 126 to run task
[2026-07-13T13:52:01.233+0000] {standard_task_runner.py:87} INFO - Running: ['***', 'tasks', 'run', 'ecommerce_batch_pipeline', 'spark_clean_payments', 'manual__2026-07-13T13:51:59.942062+00:00', '--job-id', '66', '--raw', '--subdir', 'DAGS_FOLDER/ecommerce_batch_dag.py', '--cfg-path', '/tmp/tmp5yrohyax']
[2026-07-13T13:52:01.236+0000] {standard_task_runner.py:88} INFO - Job 66: Subtask spark_clean_payments
[2026-07-13T13:52:01.284+0000] {task_command.py:423} INFO - Running <TaskInstance: ecommerce_batch_pipeline.spark_clean_payments manual__2026-07-13T13:51:59.942062+00:00 [running]> on host 04af678acee0
[2026-07-13T13:52:01.354+0000] {taskinstance.py:2480} INFO - Exporting env vars: AIRFLOW_CTX_DAG_OWNER='de-team' AIRFLOW_CTX_DAG_ID='ecommerce_batch_pipeline' AIRFLOW_CTX_TASK_ID='spark_clean_payments' AIRFLOW_CTX_EXECUTION_DATE='2026-07-13T13:51:59.942062+00:00' AIRFLOW_CTX_TRY_NUMBER='1' AIRFLOW_CTX_DAG_RUN_ID='manual__2026-07-13T13:51:59.942062+00:00'
[2026-07-13T13:52:01.356+0000] {subprocess.py:63} INFO - Tmp dir root location: /tmp
[2026-07-13T13:52:01.357+0000] {subprocess.py:75} INFO - Running command: ['/usr/bin/bash', '-c', 'python /opt/***/spark/jobs/clean_payments.py']
[2026-07-13T13:52:01.369+0000] {subprocess.py:86} INFO - Output:
[2026-07-13T13:52:03.654+0000] {subprocess.py:93} INFO - Setting default log level to "WARN".
[2026-07-13T13:52:03.655+0000] {subprocess.py:93} INFO - To adjust logging level use sc.setLogLevel(newLevel). For SparkR, use setLogLevel(newLevel).
[2026-07-13T13:52:03.836+0000] {subprocess.py:93} INFO - 26/07/13 13:52:03 WARN NativeCodeLoader: Unable to load native-hadoop library for your platform... using builtin-java classes where applicable
[2026-07-13T13:52:13.473+0000] {subprocess.py:93} INFO - [Stage 13:>                                                         (0 + 4) / 4]                                                                                Raw row count: 103886
[2026-07-13T13:52:13.476+0000] {subprocess.py:93} INFO - root
[2026-07-13T13:52:13.476+0000] {subprocess.py:93} INFO -  |-- order_id: string (nullable = true)
[2026-07-13T13:52:13.476+0000] {subprocess.py:93} INFO -  |-- payment_sequential: integer (nullable = true)
[2026-07-13T13:52:13.477+0000] {subprocess.py:93} INFO -  |-- payment_type: string (nullable = true)
[2026-07-13T13:52:13.477+0000] {subprocess.py:93} INFO -  |-- payment_installments: integer (nullable = true)
[2026-07-13T13:52:13.477+0000] {subprocess.py:93} INFO -  |-- payment_value: double (nullable = true)
[2026-07-13T13:52:13.477+0000] {subprocess.py:93} INFO - 
[2026-07-13T13:52:13.478+0000] {subprocess.py:93} INFO - Clean row count: 103886
[2026-07-13T13:52:13.478+0000] {subprocess.py:93} INFO - ✅ clean_payments.py finished — written to data/silver/payments/
[2026-07-13T13:52:13.883+0000] {subprocess.py:97} INFO - Command exited with return code 0
[2026-07-13T13:52:13.904+0000] {taskinstance.py:1138} INFO - Marking task as SUCCESS. dag_id=ecommerce_batch_pipeline, task_id=spark_clean_payments, execution_date=20260713T135159, start_date=20260713T135201, end_date=20260713T135213
[2026-07-13T13:52:13.945+0000] {local_task_job_runner.py:234} INFO - Task exited with return code 0
[2026-07-13T13:52:13.963+0000] {taskinstance.py:3280} INFO - 0 downstream tasks scheduled from follow-on schedule check
