[2026-07-13T09:22:21.994+0000] {taskinstance.py:1946} INFO - Dependencies not met for <TaskInstance: ecommerce_batch_pipeline.spark_clean_order_items scheduled__2026-07-12T06:00:00+00:00 [up_for_retry]>, dependency 'Not In Retry Period' FAILED: Task is not ready for retry yet but will be retried automatically. Current date is 2026-07-13T09:22:21.994216+00:00 and task will be retried at 2026-07-13T09:27:07.494597+00:00.
[2026-07-13T09:22:22.028+0000] {local_task_job_runner.py:160} INFO - Task is not able to be run
[2026-07-13T10:50:22.940+0000] {taskinstance.py:1956} INFO - Dependencies all met for dep_context=non-requeueable deps ti=<TaskInstance: ecommerce_batch_pipeline.spark_clean_order_items scheduled__2026-07-12T06:00:00+00:00 [queued]>
[2026-07-13T10:50:22.974+0000] {taskinstance.py:1956} INFO - Dependencies all met for dep_context=requeueable deps ti=<TaskInstance: ecommerce_batch_pipeline.spark_clean_order_items scheduled__2026-07-12T06:00:00+00:00 [queued]>
[2026-07-13T10:50:22.975+0000] {taskinstance.py:2170} INFO - Starting attempt 2 of 2
[2026-07-13T10:50:22.997+0000] {taskinstance.py:2191} INFO - Executing <Task(BashOperator): spark_clean_order_items> on 2026-07-12 06:00:00+00:00
[2026-07-13T10:50:23.007+0000] {standard_task_runner.py:60} INFO - Started process 2655 to run task
[2026-07-13T10:50:23.020+0000] {standard_task_runner.py:87} INFO - Running: ['***', 'tasks', 'run', 'ecommerce_batch_pipeline', 'spark_clean_order_items', 'scheduled__2026-07-12T06:00:00+00:00', '--job-id', '21', '--raw', '--subdir', 'DAGS_FOLDER/ecommerce_batch_dag.py', '--cfg-path', '/tmp/tmpq92nmnye']
[2026-07-13T10:50:23.024+0000] {standard_task_runner.py:88} INFO - Job 21: Subtask spark_clean_order_items
[2026-07-13T10:50:23.099+0000] {task_command.py:423} INFO - Running <TaskInstance: ecommerce_batch_pipeline.spark_clean_order_items scheduled__2026-07-12T06:00:00+00:00 [running]> on host 4860064ad401
[2026-07-13T10:50:23.190+0000] {taskinstance.py:2480} INFO - Exporting env vars: AIRFLOW_CTX_DAG_OWNER='de-team' AIRFLOW_CTX_DAG_ID='ecommerce_batch_pipeline' AIRFLOW_CTX_TASK_ID='spark_clean_order_items' AIRFLOW_CTX_EXECUTION_DATE='2026-07-12T06:00:00+00:00' AIRFLOW_CTX_TRY_NUMBER='2' AIRFLOW_CTX_DAG_RUN_ID='scheduled__2026-07-12T06:00:00+00:00'
[2026-07-13T10:50:23.193+0000] {subprocess.py:63} INFO - Tmp dir root location: /tmp
[2026-07-13T10:50:23.194+0000] {subprocess.py:75} INFO - Running command: ['/usr/bin/bash', '-c', 'python /opt/***/spark/jobs/clean_order_items.py']
[2026-07-13T10:50:23.209+0000] {subprocess.py:86} INFO - Output:
[2026-07-13T10:50:27.171+0000] {subprocess.py:93} INFO - Setting default log level to "WARN".
[2026-07-13T10:50:27.172+0000] {subprocess.py:93} INFO - To adjust logging level use sc.setLogLevel(newLevel). For SparkR, use setLogLevel(newLevel).
[2026-07-13T10:50:27.791+0000] {subprocess.py:93} INFO - 26/07/13 10:50:27 WARN NativeCodeLoader: Unable to load native-hadoop library for your platform... using builtin-java classes where applicable
[2026-07-13T10:50:30.022+0000] {subprocess.py:93} INFO - 26/07/13 10:50:30 WARN Utils: Service 'SparkUI' could not bind on port 4040. Attempting port 4041.
[2026-07-13T10:50:30.024+0000] {subprocess.py:93} INFO - 26/07/13 10:50:30 WARN Utils: Service 'SparkUI' could not bind on port 4041. Attempting port 4042.
[2026-07-13T10:50:30.026+0000] {subprocess.py:93} INFO - 26/07/13 10:50:30 WARN Utils: Service 'SparkUI' could not bind on port 4042. Attempting port 4043.
[2026-07-13T10:50:30.027+0000] {subprocess.py:93} INFO - 26/07/13 10:50:30 WARN Utils: Service 'SparkUI' could not bind on port 4043. Attempting port 4044.
[2026-07-13T10:50:34.563+0000] {subprocess.py:93} INFO - Traceback (most recent call last):
[2026-07-13T10:50:34.563+0000] {subprocess.py:93} INFO -   File "/opt/***/spark/jobs/clean_order_items.py", line 11, in <module>
[2026-07-13T10:50:34.564+0000] {subprocess.py:93} INFO -     df = spark.read.csv(
[2026-07-13T10:50:34.564+0000] {subprocess.py:93} INFO -   File "/home/***/.local/lib/python3.8/site-packages/pyspark/sql/readwriter.py", line 740, in csv
[2026-07-13T10:50:34.564+0000] {subprocess.py:93} INFO -     return self._df(self._jreader.csv(self._spark._sc._jvm.PythonUtils.toSeq(path)))
[2026-07-13T10:50:34.564+0000] {subprocess.py:93} INFO -   File "/home/***/.local/lib/python3.8/site-packages/py4j/java_gateway.py", line 1362, in __call__
[2026-07-13T10:50:34.564+0000] {subprocess.py:93} INFO -     return_value = get_return_value(
[2026-07-13T10:50:34.564+0000] {subprocess.py:93} INFO -   File "/home/***/.local/lib/python3.8/site-packages/pyspark/errors/exceptions/captured.py", line 185, in deco
[2026-07-13T10:50:34.564+0000] {subprocess.py:93} INFO -     raise converted from None
[2026-07-13T10:50:34.564+0000] {subprocess.py:93} INFO - pyspark.errors.exceptions.captured.AnalysisException: [PATH_NOT_FOUND] Path does not exist: file:/tmp/***tmpqbt63g1x/data/raw/olist_order_items_dataset.csv.
[2026-07-13T10:50:35.088+0000] {subprocess.py:97} INFO - Command exited with return code 1
[2026-07-13T10:50:35.100+0000] {taskinstance.py:2698} ERROR - Task failed with exception
Traceback (most recent call last):
  File "/home/airflow/.local/lib/python3.8/site-packages/airflow/models/taskinstance.py", line 433, in _execute_task
    result = execute_callable(context=context, **execute_callable_kwargs)
  File "/home/airflow/.local/lib/python3.8/site-packages/airflow/operators/bash.py", line 212, in execute
    raise AirflowException(
airflow.exceptions.AirflowException: Bash command failed. The command returned a non-zero exit code 1.
[2026-07-13T10:50:35.105+0000] {taskinstance.py:1138} INFO - Marking task as FAILED. dag_id=ecommerce_batch_pipeline, task_id=spark_clean_order_items, execution_date=20260712T060000, start_date=20260713T105022, end_date=20260713T105035
[2026-07-13T10:50:35.124+0000] {standard_task_runner.py:107} ERROR - Failed to execute job 21 for task spark_clean_order_items (Bash command failed. The command returned a non-zero exit code 1.; 2655)
[2026-07-13T10:50:35.138+0000] {local_task_job_runner.py:234} INFO - Task exited with return code 1
[2026-07-13T10:50:35.159+0000] {taskinstance.py:3280} INFO - 0 downstream tasks scheduled from follow-on schedule check
[2026-07-13T11:24:51.170+0000] {taskinstance.py:1956} INFO - Dependencies all met for dep_context=non-requeueable deps ti=<TaskInstance: ecommerce_batch_pipeline.spark_clean_order_items scheduled__2026-07-12T06:00:00+00:00 [queued]>
[2026-07-13T11:24:51.182+0000] {taskinstance.py:1956} INFO - Dependencies all met for dep_context=requeueable deps ti=<TaskInstance: ecommerce_batch_pipeline.spark_clean_order_items scheduled__2026-07-12T06:00:00+00:00 [queued]>
[2026-07-13T11:24:51.183+0000] {taskinstance.py:2170} INFO - Starting attempt 2 of 2
[2026-07-13T11:24:51.196+0000] {taskinstance.py:2191} INFO - Executing <Task(BashOperator): spark_clean_order_items> on 2026-07-12 06:00:00+00:00
[2026-07-13T11:24:51.203+0000] {standard_task_runner.py:60} INFO - Started process 2731 to run task
[2026-07-13T11:24:51.207+0000] {standard_task_runner.py:87} INFO - Running: ['***', 'tasks', 'run', 'ecommerce_batch_pipeline', 'spark_clean_order_items', 'scheduled__2026-07-12T06:00:00+00:00', '--job-id', '18', '--raw', '--subdir', 'DAGS_FOLDER/ecommerce_batch_dag.py', '--cfg-path', '/tmp/tmpu3_ljlbv']
[2026-07-13T11:24:51.209+0000] {standard_task_runner.py:88} INFO - Job 18: Subtask spark_clean_order_items
[2026-07-13T11:24:51.277+0000] {task_command.py:423} INFO - Running <TaskInstance: ecommerce_batch_pipeline.spark_clean_order_items scheduled__2026-07-12T06:00:00+00:00 [running]> on host 06b563078c53
[2026-07-13T11:24:51.366+0000] {taskinstance.py:2480} INFO - Exporting env vars: AIRFLOW_CTX_DAG_OWNER='de-team' AIRFLOW_CTX_DAG_ID='ecommerce_batch_pipeline' AIRFLOW_CTX_TASK_ID='spark_clean_order_items' AIRFLOW_CTX_EXECUTION_DATE='2026-07-12T06:00:00+00:00' AIRFLOW_CTX_TRY_NUMBER='2' AIRFLOW_CTX_DAG_RUN_ID='scheduled__2026-07-12T06:00:00+00:00'
[2026-07-13T11:24:51.370+0000] {subprocess.py:63} INFO - Tmp dir root location: /tmp
[2026-07-13T11:24:51.371+0000] {subprocess.py:75} INFO - Running command: ['/usr/bin/bash', '-c', 'python /opt/***/spark/jobs/clean_order_items.py']
[2026-07-13T11:24:51.384+0000] {subprocess.py:86} INFO - Output:
[2026-07-13T11:24:54.241+0000] {subprocess.py:93} INFO - Setting default log level to "WARN".
[2026-07-13T11:24:54.241+0000] {subprocess.py:93} INFO - To adjust logging level use sc.setLogLevel(newLevel). For SparkR, use setLogLevel(newLevel).
[2026-07-13T11:24:55.771+0000] {subprocess.py:93} INFO - 26/07/13 11:24:55 WARN NativeCodeLoader: Unable to load native-hadoop library for your platform... using builtin-java classes where applicable
[2026-07-13T11:24:57.698+0000] {subprocess.py:93} INFO - 26/07/13 11:24:57 WARN Utils: Service 'SparkUI' could not bind on port 4040. Attempting port 4041.
[2026-07-13T11:25:03.795+0000] {subprocess.py:93} INFO - Traceback (most recent call last):
[2026-07-13T11:25:03.795+0000] {subprocess.py:93} INFO -   File "/opt/***/spark/jobs/clean_order_items.py", line 11, in <module>
[2026-07-13T11:25:03.796+0000] {subprocess.py:93} INFO -     df = spark.read.csv(
[2026-07-13T11:25:03.796+0000] {subprocess.py:93} INFO -   File "/home/***/.local/lib/python3.8/site-packages/pyspark/sql/readwriter.py", line 740, in csv
[2026-07-13T11:25:03.796+0000] {subprocess.py:93} INFO -     return self._df(self._jreader.csv(self._spark._sc._jvm.PythonUtils.toSeq(path)))
[2026-07-13T11:25:03.796+0000] {subprocess.py:93} INFO -   File "/home/***/.local/lib/python3.8/site-packages/py4j/java_gateway.py", line 1362, in __call__
[2026-07-13T11:25:03.797+0000] {subprocess.py:93} INFO -     return_value = get_return_value(
[2026-07-13T11:25:03.797+0000] {subprocess.py:93} INFO -   File "/home/***/.local/lib/python3.8/site-packages/pyspark/errors/exceptions/captured.py", line 185, in deco
[2026-07-13T11:25:03.797+0000] {subprocess.py:93} INFO -     raise converted from None
[2026-07-13T11:25:03.798+0000] {subprocess.py:93} INFO - pyspark.errors.exceptions.captured.AnalysisException: [PATH_NOT_FOUND] Path does not exist: file:/tmp/***tmp5c_2wu2s/data/raw/olist_order_items_dataset.csv.
[2026-07-13T11:25:04.685+0000] {subprocess.py:97} INFO - Command exited with return code 1
[2026-07-13T11:25:04.710+0000] {taskinstance.py:2698} ERROR - Task failed with exception
Traceback (most recent call last):
  File "/home/airflow/.local/lib/python3.8/site-packages/airflow/models/taskinstance.py", line 433, in _execute_task
    result = execute_callable(context=context, **execute_callable_kwargs)
  File "/home/airflow/.local/lib/python3.8/site-packages/airflow/operators/bash.py", line 212, in execute
    raise AirflowException(
airflow.exceptions.AirflowException: Bash command failed. The command returned a non-zero exit code 1.
[2026-07-13T11:25:04.715+0000] {taskinstance.py:1138} INFO - Marking task as FAILED. dag_id=ecommerce_batch_pipeline, task_id=spark_clean_order_items, execution_date=20260712T060000, start_date=20260713T112451, end_date=20260713T112504
[2026-07-13T11:25:04.736+0000] {standard_task_runner.py:107} ERROR - Failed to execute job 18 for task spark_clean_order_items (Bash command failed. The command returned a non-zero exit code 1.; 2731)
[2026-07-13T11:25:04.783+0000] {local_task_job_runner.py:234} INFO - Task exited with return code 1
[2026-07-13T11:25:04.823+0000] {taskinstance.py:3280} INFO - 0 downstream tasks scheduled from follow-on schedule check
