[2026-07-12T11:24:40.386+0000] {taskinstance.py:1956} INFO - Dependencies all met for dep_context=non-requeueable deps ti=<TaskInstance: ecommerce_batch_pipeline.spark_clean_products manual__2026-07-12T11:24:33.827001+00:00 [queued]>
[2026-07-12T11:24:40.400+0000] {taskinstance.py:1956} INFO - Dependencies all met for dep_context=requeueable deps ti=<TaskInstance: ecommerce_batch_pipeline.spark_clean_products manual__2026-07-12T11:24:33.827001+00:00 [queued]>
[2026-07-12T11:24:40.400+0000] {taskinstance.py:2170} INFO - Starting attempt 1 of 2
[2026-07-12T11:24:40.421+0000] {taskinstance.py:2191} INFO - Executing <Task(BashOperator): spark_clean_products> on 2026-07-12 11:24:33.827001+00:00
[2026-07-12T11:24:40.430+0000] {standard_task_runner.py:60} INFO - Started process 228 to run task
[2026-07-12T11:24:40.437+0000] {standard_task_runner.py:87} INFO - Running: ['***', 'tasks', 'run', 'ecommerce_batch_pipeline', 'spark_clean_products', 'manual__2026-07-12T11:24:33.827001+00:00', '--job-id', '58', '--raw', '--subdir', 'DAGS_FOLDER/ecommerce_batch_dag.py', '--cfg-path', '/tmp/tmpnkq0qy40']
[2026-07-12T11:24:40.442+0000] {standard_task_runner.py:88} INFO - Job 58: Subtask spark_clean_products
[2026-07-12T11:24:40.528+0000] {task_command.py:423} INFO - Running <TaskInstance: ecommerce_batch_pipeline.spark_clean_products manual__2026-07-12T11:24:33.827001+00:00 [running]> on host 3b28fe8418c7
[2026-07-12T11:24:40.619+0000] {taskinstance.py:2480} INFO - Exporting env vars: AIRFLOW_CTX_DAG_OWNER='de-team' AIRFLOW_CTX_DAG_ID='ecommerce_batch_pipeline' AIRFLOW_CTX_TASK_ID='spark_clean_products' AIRFLOW_CTX_EXECUTION_DATE='2026-07-12T11:24:33.827001+00:00' AIRFLOW_CTX_TRY_NUMBER='1' AIRFLOW_CTX_DAG_RUN_ID='manual__2026-07-12T11:24:33.827001+00:00'
[2026-07-12T11:24:40.621+0000] {subprocess.py:63} INFO - Tmp dir root location: /tmp
[2026-07-12T11:24:40.621+0000] {subprocess.py:75} INFO - Running command: ['/usr/bin/bash', '-c', 'python /opt/***/spark/jobs/clean_products.py']
[2026-07-12T11:24:40.633+0000] {subprocess.py:86} INFO - Output:
[2026-07-12T11:24:44.317+0000] {subprocess.py:93} INFO - Setting default log level to "WARN".
[2026-07-12T11:24:44.318+0000] {subprocess.py:93} INFO - To adjust logging level use sc.setLogLevel(newLevel). For SparkR, use setLogLevel(newLevel).
[2026-07-12T11:24:44.735+0000] {subprocess.py:93} INFO - 26/07/12 11:24:44 WARN NativeCodeLoader: Unable to load native-hadoop library for your platform... using builtin-java classes where applicable
[2026-07-12T11:24:46.921+0000] {subprocess.py:93} INFO - 26/07/12 11:24:46 WARN Utils: Service 'SparkUI' could not bind on port 4040. Attempting port 4041.
[2026-07-12T11:24:46.927+0000] {subprocess.py:93} INFO - 26/07/12 11:24:46 WARN Utils: Service 'SparkUI' could not bind on port 4041. Attempting port 4042.
[2026-07-12T11:25:04.021+0000] {subprocess.py:93} INFO - Traceback (most recent call last):
[2026-07-12T11:25:04.037+0000] {subprocess.py:93} INFO -   File "/opt/***/spark/jobs/clean_products.py", line 11, in <module>
[2026-07-12T11:25:04.037+0000] {subprocess.py:93} INFO -     products = spark.read.csv(
[2026-07-12T11:25:04.038+0000] {subprocess.py:93} INFO -   File "/home/***/.local/lib/python3.8/site-packages/pyspark/sql/readwriter.py", line 740, in csv
[2026-07-12T11:25:04.038+0000] {subprocess.py:93} INFO -     return self._df(self._jreader.csv(self._spark._sc._jvm.PythonUtils.toSeq(path)))
[2026-07-12T11:25:04.038+0000] {subprocess.py:93} INFO -   File "/home/***/.local/lib/python3.8/site-packages/py4j/java_gateway.py", line 1362, in __call__
[2026-07-12T11:25:04.039+0000] {subprocess.py:93} INFO -     return_value = get_return_value(
[2026-07-12T11:25:04.039+0000] {subprocess.py:93} INFO -   File "/home/***/.local/lib/python3.8/site-packages/pyspark/errors/exceptions/captured.py", line 185, in deco
[2026-07-12T11:25:04.039+0000] {subprocess.py:93} INFO -     raise converted from None
[2026-07-12T11:25:04.039+0000] {subprocess.py:93} INFO - pyspark.errors.exceptions.captured.AnalysisException: [PATH_NOT_FOUND] Path does not exist: file:/tmp/***tmp2ydjemq6/data/raw/olist_products_dataset.csv.
[2026-07-12T11:25:05.318+0000] {subprocess.py:97} INFO - Command exited with return code 1
[2026-07-12T11:25:05.336+0000] {taskinstance.py:2698} ERROR - Task failed with exception
Traceback (most recent call last):
  File "/home/airflow/.local/lib/python3.8/site-packages/airflow/models/taskinstance.py", line 433, in _execute_task
    result = execute_callable(context=context, **execute_callable_kwargs)
  File "/home/airflow/.local/lib/python3.8/site-packages/airflow/operators/bash.py", line 212, in execute
    raise AirflowException(
airflow.exceptions.AirflowException: Bash command failed. The command returned a non-zero exit code 1.
[2026-07-12T11:25:05.347+0000] {taskinstance.py:1138} INFO - Marking task as UP_FOR_RETRY. dag_id=ecommerce_batch_pipeline, task_id=spark_clean_products, execution_date=20260712T112433, start_date=20260712T112440, end_date=20260712T112505
[2026-07-12T11:25:05.399+0000] {standard_task_runner.py:107} ERROR - Failed to execute job 58 for task spark_clean_products (Bash command failed. The command returned a non-zero exit code 1.; 228)
[2026-07-12T11:25:05.451+0000] {local_task_job_runner.py:234} INFO - Task exited with return code 1
[2026-07-12T11:25:05.653+0000] {taskinstance.py:3280} INFO - 0 downstream tasks scheduled from follow-on schedule check
