[2026-07-13T13:17:16.202+0000] {taskinstance.py:1956} INFO - Dependencies all met for dep_context=non-requeueable deps ti=<TaskInstance: ecommerce_batch_pipeline.spark_enrich_orders manual__2026-07-13T12:48:53.806244+00:00 [queued]>
[2026-07-13T13:17:16.210+0000] {taskinstance.py:1956} INFO - Dependencies all met for dep_context=requeueable deps ti=<TaskInstance: ecommerce_batch_pipeline.spark_enrich_orders manual__2026-07-13T12:48:53.806244+00:00 [queued]>
[2026-07-13T13:17:16.210+0000] {taskinstance.py:2170} INFO - Starting attempt 2 of 2
[2026-07-13T13:17:16.220+0000] {taskinstance.py:2191} INFO - Executing <Task(BashOperator): spark_enrich_orders> on 2026-07-13 12:48:53.806244+00:00
[2026-07-13T13:17:16.225+0000] {standard_task_runner.py:60} INFO - Started process 4746 to run task
[2026-07-13T13:17:16.229+0000] {standard_task_runner.py:87} INFO - Running: ['***', 'tasks', 'run', 'ecommerce_batch_pipeline', 'spark_enrich_orders', 'manual__2026-07-13T12:48:53.806244+00:00', '--job-id', '52', '--raw', '--subdir', 'DAGS_FOLDER/ecommerce_batch_dag.py', '--cfg-path', '/tmp/tmp0q08y6rd']
[2026-07-13T13:17:16.231+0000] {standard_task_runner.py:88} INFO - Job 52: Subtask spark_enrich_orders
[2026-07-13T13:17:16.274+0000] {task_command.py:423} INFO - Running <TaskInstance: ecommerce_batch_pipeline.spark_enrich_orders manual__2026-07-13T12:48:53.806244+00:00 [running]> on host ff55a38ca199
[2026-07-13T13:17:16.325+0000] {taskinstance.py:2480} INFO - Exporting env vars: AIRFLOW_CTX_DAG_OWNER='de-team' AIRFLOW_CTX_DAG_ID='ecommerce_batch_pipeline' AIRFLOW_CTX_TASK_ID='spark_enrich_orders' AIRFLOW_CTX_EXECUTION_DATE='2026-07-13T12:48:53.806244+00:00' AIRFLOW_CTX_TRY_NUMBER='2' AIRFLOW_CTX_DAG_RUN_ID='manual__2026-07-13T12:48:53.806244+00:00'
[2026-07-13T13:17:16.327+0000] {subprocess.py:63} INFO - Tmp dir root location: /tmp
[2026-07-13T13:17:16.328+0000] {subprocess.py:75} INFO - Running command: ['/usr/bin/bash', '-c', 'python /opt/***/spark/jobs/enrich_orders.py']
[2026-07-13T13:17:16.336+0000] {subprocess.py:86} INFO - Output:
[2026-07-13T13:17:17.610+0000] {subprocess.py:93} INFO - Setting default log level to "WARN".
[2026-07-13T13:17:17.611+0000] {subprocess.py:93} INFO - To adjust logging level use sc.setLogLevel(newLevel). For SparkR, use setLogLevel(newLevel).
[2026-07-13T13:17:17.817+0000] {subprocess.py:93} INFO - 26/07/13 13:17:17 WARN NativeCodeLoader: Unable to load native-hadoop library for your platform... using builtin-java classes where applicable
[2026-07-13T13:17:21.154+0000] {subprocess.py:93} INFO - Traceback (most recent call last):
[2026-07-13T13:17:21.154+0000] {subprocess.py:93} INFO -   File "/opt/***/spark/jobs/enrich_orders.py", line 31, in <module>
[2026-07-13T13:17:21.154+0000] {subprocess.py:93} INFO -     payments_agg = payments.groupBy("order_id").agg(
[2026-07-13T13:17:21.154+0000] {subprocess.py:93} INFO -   File "/home/***/.local/lib/python3.8/site-packages/pyspark/sql/group.py", line 186, in agg
[2026-07-13T13:17:21.154+0000] {subprocess.py:93} INFO -     jdf = self._jgd.agg(exprs[0]._jc, _to_seq(self.session._sc, [c._jc for c in exprs[1:]]))
[2026-07-13T13:17:21.154+0000] {subprocess.py:93} INFO -   File "/home/***/.local/lib/python3.8/site-packages/py4j/java_gateway.py", line 1362, in __call__
[2026-07-13T13:17:21.154+0000] {subprocess.py:93} INFO -     return_value = get_return_value(
[2026-07-13T13:17:21.154+0000] {subprocess.py:93} INFO -   File "/home/***/.local/lib/python3.8/site-packages/pyspark/errors/exceptions/captured.py", line 185, in deco
[2026-07-13T13:17:21.155+0000] {subprocess.py:93} INFO -     raise converted from None
[2026-07-13T13:17:21.155+0000] {subprocess.py:93} INFO - pyspark.errors.exceptions.captured.AnalysisException: [MISSING_AGGREGATION] The non-aggregating expression "payment_type" is based on columns which are not participating in the GROUP BY clause.
[2026-07-13T13:17:21.155+0000] {subprocess.py:93} INFO - Add the columns or the expression to the GROUP BY, aggregate the expression, or use "any_value(payment_type)" if you do not care which of the values within a group is returned.;
[2026-07-13T13:17:21.155+0000] {subprocess.py:93} INFO - Aggregate [order_id#68], [order_id#68, sum(payment_value#72) AS payment_value#102, payment_type#70, payment_installments#71]
[2026-07-13T13:17:21.155+0000] {subprocess.py:93} INFO - +- Relation [order_id#68,payment_sequential#69,payment_type#70,payment_installments#71,payment_value#72] parquet
[2026-07-13T13:17:21.155+0000] {subprocess.py:93} INFO - 
[2026-07-13T13:17:21.580+0000] {subprocess.py:97} INFO - Command exited with return code 1
[2026-07-13T13:17:21.589+0000] {taskinstance.py:2698} ERROR - Task failed with exception
Traceback (most recent call last):
  File "/home/airflow/.local/lib/python3.8/site-packages/airflow/models/taskinstance.py", line 433, in _execute_task
    result = execute_callable(context=context, **execute_callable_kwargs)
  File "/home/airflow/.local/lib/python3.8/site-packages/airflow/operators/bash.py", line 212, in execute
    raise AirflowException(
airflow.exceptions.AirflowException: Bash command failed. The command returned a non-zero exit code 1.
[2026-07-13T13:17:21.591+0000] {taskinstance.py:1138} INFO - Marking task as FAILED. dag_id=ecommerce_batch_pipeline, task_id=spark_enrich_orders, execution_date=20260713T124853, start_date=20260713T131716, end_date=20260713T131721
[2026-07-13T13:17:21.603+0000] {standard_task_runner.py:107} ERROR - Failed to execute job 52 for task spark_enrich_orders (Bash command failed. The command returned a non-zero exit code 1.; 4746)
[2026-07-13T13:17:21.614+0000] {local_task_job_runner.py:234} INFO - Task exited with return code 1
[2026-07-13T13:17:21.632+0000] {taskinstance.py:3280} INFO - 0 downstream tasks scheduled from follow-on schedule check
