[2026-07-13T14:04:38.580+0000] {taskinstance.py:1956} INFO - Dependencies all met for dep_context=non-requeueable deps ti=<TaskInstance: ecommerce_batch_pipeline.setup_duckdb manual__2026-07-13T13:51:59.942062+00:00 [queued]>
[2026-07-13T14:04:38.586+0000] {taskinstance.py:1956} INFO - Dependencies all met for dep_context=requeueable deps ti=<TaskInstance: ecommerce_batch_pipeline.setup_duckdb manual__2026-07-13T13:51:59.942062+00:00 [queued]>
[2026-07-13T14:04:38.586+0000] {taskinstance.py:2170} INFO - Starting attempt 3 of 4
[2026-07-13T14:04:38.599+0000] {taskinstance.py:2191} INFO - Executing <Task(BashOperator): setup_duckdb> on 2026-07-13 13:51:59.942062+00:00
[2026-07-13T14:04:38.603+0000] {standard_task_runner.py:60} INFO - Started process 103 to run task
[2026-07-13T14:04:38.606+0000] {standard_task_runner.py:87} INFO - Running: ['***', 'tasks', 'run', 'ecommerce_batch_pipeline', 'setup_duckdb', 'manual__2026-07-13T13:51:59.942062+00:00', '--job-id', '81', '--raw', '--subdir', 'DAGS_FOLDER/ecommerce_batch_dag.py', '--cfg-path', '/tmp/tmpqrm05ie_']
[2026-07-13T14:04:38.609+0000] {standard_task_runner.py:88} INFO - Job 81: Subtask setup_duckdb
[2026-07-13T14:04:38.649+0000] {task_command.py:423} INFO - Running <TaskInstance: ecommerce_batch_pipeline.setup_duckdb manual__2026-07-13T13:51:59.942062+00:00 [running]> on host 596d5e8b85cd
[2026-07-13T14:04:38.701+0000] {taskinstance.py:2480} INFO - Exporting env vars: AIRFLOW_CTX_DAG_OWNER='de-team' AIRFLOW_CTX_DAG_ID='ecommerce_batch_pipeline' AIRFLOW_CTX_TASK_ID='setup_duckdb' AIRFLOW_CTX_EXECUTION_DATE='2026-07-13T13:51:59.942062+00:00' AIRFLOW_CTX_TRY_NUMBER='3' AIRFLOW_CTX_DAG_RUN_ID='manual__2026-07-13T13:51:59.942062+00:00'
[2026-07-13T14:04:38.702+0000] {subprocess.py:63} INFO - Tmp dir root location: /tmp
[2026-07-13T14:04:38.703+0000] {subprocess.py:75} INFO - Running command: ['/usr/bin/bash', '-c', 'python /opt/***/scripts/setup_duckdb.py']
[2026-07-13T14:04:38.713+0000] {subprocess.py:86} INFO - Output:
[2026-07-13T14:04:38.760+0000] {subprocess.py:93} INFO - Traceback (most recent call last):
[2026-07-13T14:04:38.761+0000] {subprocess.py:93} INFO -   File "/opt/***/scripts/setup_duckdb.py", line 7, in <module>
[2026-07-13T14:04:38.761+0000] {subprocess.py:93} INFO -     con.execute("""
[2026-07-13T14:04:38.761+0000] {subprocess.py:93} INFO - duckdb.duckdb.IOException: IO Error: No files found that match the pattern "/home/sangam/ecommerce-de-project/data/gold/orders_enriched/**/*.parquet"
[2026-07-13T14:04:38.768+0000] {subprocess.py:97} INFO - Command exited with return code 1
[2026-07-13T14:04:38.776+0000] {taskinstance.py:2698} ERROR - Task failed with exception
Traceback (most recent call last):
  File "/home/airflow/.local/lib/python3.8/site-packages/airflow/models/taskinstance.py", line 433, in _execute_task
    result = execute_callable(context=context, **execute_callable_kwargs)
  File "/home/airflow/.local/lib/python3.8/site-packages/airflow/operators/bash.py", line 212, in execute
    raise AirflowException(
airflow.exceptions.AirflowException: Bash command failed. The command returned a non-zero exit code 1.
[2026-07-13T14:04:38.778+0000] {taskinstance.py:1138} INFO - Marking task as UP_FOR_RETRY. dag_id=ecommerce_batch_pipeline, task_id=setup_duckdb, execution_date=20260713T135159, start_date=20260713T140438, end_date=20260713T140438
[2026-07-13T14:04:38.790+0000] {standard_task_runner.py:107} ERROR - Failed to execute job 81 for task setup_duckdb (Bash command failed. The command returned a non-zero exit code 1.; 103)
[2026-07-13T14:04:38.818+0000] {local_task_job_runner.py:234} INFO - Task exited with return code 1
[2026-07-13T14:04:38.839+0000] {taskinstance.py:3280} INFO - 0 downstream tasks scheduled from follow-on schedule check
