[2026-07-13T13:53:24.724+0000] {taskinstance.py:1956} INFO - Dependencies all met for dep_context=non-requeueable deps ti=<TaskInstance: ecommerce_batch_pipeline.setup_duckdb manual__2026-07-13T13:51:59.942062+00:00 [queued]>
[2026-07-13T13:53:24.731+0000] {taskinstance.py:1956} INFO - Dependencies all met for dep_context=requeueable deps ti=<TaskInstance: ecommerce_batch_pipeline.setup_duckdb manual__2026-07-13T13:51:59.942062+00:00 [queued]>
[2026-07-13T13:53:24.731+0000] {taskinstance.py:2170} INFO - Starting attempt 1 of 2
[2026-07-13T13:53:24.740+0000] {taskinstance.py:2191} INFO - Executing <Task(BashOperator): setup_duckdb> on 2026-07-13 13:51:59.942062+00:00
[2026-07-13T13:53:24.745+0000] {standard_task_runner.py:60} INFO - Started process 3203 to run task
[2026-07-13T13:53:24.747+0000] {standard_task_runner.py:87} INFO - Running: ['***', 'tasks', 'run', 'ecommerce_batch_pipeline', 'setup_duckdb', 'manual__2026-07-13T13:51:59.942062+00:00', '--job-id', '76', '--raw', '--subdir', 'DAGS_FOLDER/ecommerce_batch_dag.py', '--cfg-path', '/tmp/tmplvgiurao']
[2026-07-13T13:53:24.750+0000] {standard_task_runner.py:88} INFO - Job 76: Subtask setup_duckdb
[2026-07-13T13:53:24.786+0000] {task_command.py:423} INFO - Running <TaskInstance: ecommerce_batch_pipeline.setup_duckdb manual__2026-07-13T13:51:59.942062+00:00 [running]> on host 04af678acee0
[2026-07-13T13:53:24.835+0000] {taskinstance.py:2480} INFO - Exporting env vars: AIRFLOW_CTX_DAG_OWNER='de-team' AIRFLOW_CTX_DAG_ID='ecommerce_batch_pipeline' AIRFLOW_CTX_TASK_ID='setup_duckdb' AIRFLOW_CTX_EXECUTION_DATE='2026-07-13T13:51:59.942062+00:00' AIRFLOW_CTX_TRY_NUMBER='1' AIRFLOW_CTX_DAG_RUN_ID='manual__2026-07-13T13:51:59.942062+00:00'
[2026-07-13T13:53:24.837+0000] {subprocess.py:63} INFO - Tmp dir root location: /tmp
[2026-07-13T13:53:24.837+0000] {subprocess.py:75} INFO - Running command: ['/usr/bin/bash', '-c', 'python /opt/***/scripts/setup_duckdb.py']
[2026-07-13T13:53:24.847+0000] {subprocess.py:86} INFO - Output:
[2026-07-13T13:53:24.863+0000] {subprocess.py:93} INFO - Traceback (most recent call last):
[2026-07-13T13:53:24.864+0000] {subprocess.py:93} INFO -   File "/opt/***/scripts/setup_duckdb.py", line 1, in <module>
[2026-07-13T13:53:24.864+0000] {subprocess.py:93} INFO -     import duckdb
[2026-07-13T13:53:24.864+0000] {subprocess.py:93} INFO - ModuleNotFoundError: No module named 'duckdb'
[2026-07-13T13:53:24.865+0000] {subprocess.py:97} INFO - Command exited with return code 1
[2026-07-13T13:53:24.872+0000] {taskinstance.py:2698} ERROR - Task failed with exception
Traceback (most recent call last):
  File "/home/airflow/.local/lib/python3.8/site-packages/airflow/models/taskinstance.py", line 433, in _execute_task
    result = execute_callable(context=context, **execute_callable_kwargs)
  File "/home/airflow/.local/lib/python3.8/site-packages/airflow/operators/bash.py", line 212, in execute
    raise AirflowException(
airflow.exceptions.AirflowException: Bash command failed. The command returned a non-zero exit code 1.
[2026-07-13T13:53:24.875+0000] {taskinstance.py:1138} INFO - Marking task as UP_FOR_RETRY. dag_id=ecommerce_batch_pipeline, task_id=setup_duckdb, execution_date=20260713T135159, start_date=20260713T135324, end_date=20260713T135324
[2026-07-13T13:53:24.883+0000] {standard_task_runner.py:107} ERROR - Failed to execute job 76 for task setup_duckdb (Bash command failed. The command returned a non-zero exit code 1.; 3203)
[2026-07-13T13:53:24.919+0000] {local_task_job_runner.py:234} INFO - Task exited with return code 1
[2026-07-13T13:53:24.941+0000] {taskinstance.py:3280} INFO - 0 downstream tasks scheduled from follow-on schedule check
