[2026-07-13T11:25:04.032+0000] {taskinstance.py:1956} INFO - Dependencies all met for dep_context=non-requeueable deps ti=<TaskInstance: ecommerce_batch_pipeline.spark_clean_sellers manual__2026-07-13T11:18:13.125192+00:00 [queued]>
[2026-07-13T11:25:04.051+0000] {taskinstance.py:1956} INFO - Dependencies all met for dep_context=requeueable deps ti=<TaskInstance: ecommerce_batch_pipeline.spark_clean_sellers manual__2026-07-13T11:18:13.125192+00:00 [queued]>
[2026-07-13T11:25:04.052+0000] {taskinstance.py:2170} INFO - Starting attempt 2 of 2
[2026-07-13T11:25:04.075+0000] {taskinstance.py:2191} INFO - Executing <Task(BashOperator): spark_clean_sellers> on 2026-07-13 11:18:13.125192+00:00
[2026-07-13T11:25:04.085+0000] {standard_task_runner.py:60} INFO - Started process 3900 to run task
[2026-07-13T11:25:04.093+0000] {standard_task_runner.py:87} INFO - Running: ['***', 'tasks', 'run', 'ecommerce_batch_pipeline', 'spark_clean_sellers', 'manual__2026-07-13T11:18:13.125192+00:00', '--job-id', '29', '--raw', '--subdir', 'DAGS_FOLDER/ecommerce_batch_dag.py', '--cfg-path', '/tmp/tmpkchst855']
[2026-07-13T11:25:04.097+0000] {standard_task_runner.py:88} INFO - Job 29: Subtask spark_clean_sellers
[2026-07-13T11:25:04.189+0000] {task_command.py:423} INFO - Running <TaskInstance: ecommerce_batch_pipeline.spark_clean_sellers manual__2026-07-13T11:18:13.125192+00:00 [running]> on host 06b563078c53
[2026-07-13T11:25:04.325+0000] {taskinstance.py:2480} INFO - Exporting env vars: AIRFLOW_CTX_DAG_OWNER='de-team' AIRFLOW_CTX_DAG_ID='ecommerce_batch_pipeline' AIRFLOW_CTX_TASK_ID='spark_clean_sellers' AIRFLOW_CTX_EXECUTION_DATE='2026-07-13T11:18:13.125192+00:00' AIRFLOW_CTX_TRY_NUMBER='2' AIRFLOW_CTX_DAG_RUN_ID='manual__2026-07-13T11:18:13.125192+00:00'
[2026-07-13T11:25:04.330+0000] {subprocess.py:63} INFO - Tmp dir root location: /tmp
[2026-07-13T11:25:04.331+0000] {subprocess.py:75} INFO - Running command: ['/usr/bin/bash', '-c', 'python /opt/***/spark/jobs/clean_sellers.py']
[2026-07-13T11:25:04.353+0000] {subprocess.py:86} INFO - Output:
[2026-07-13T11:25:08.550+0000] {subprocess.py:93} INFO - Setting default log level to "WARN".
[2026-07-13T11:25:08.551+0000] {subprocess.py:93} INFO - To adjust logging level use sc.setLogLevel(newLevel). For SparkR, use setLogLevel(newLevel).
[2026-07-13T11:25:09.127+0000] {subprocess.py:93} INFO - 26/07/13 11:25:09 WARN NativeCodeLoader: Unable to load native-hadoop library for your platform... using builtin-java classes where applicable
[2026-07-13T11:25:12.227+0000] {subprocess.py:93} INFO - 26/07/13 11:25:12 WARN Utils: Service 'SparkUI' could not bind on port 4040. Attempting port 4041.
[2026-07-13T11:25:12.233+0000] {subprocess.py:93} INFO - 26/07/13 11:25:12 WARN Utils: Service 'SparkUI' could not bind on port 4041. Attempting port 4042.
[2026-07-13T11:25:12.233+0000] {subprocess.py:93} INFO - 26/07/13 11:25:12 WARN Utils: Service 'SparkUI' could not bind on port 4042. Attempting port 4043.
[2026-07-13T11:25:12.235+0000] {subprocess.py:93} INFO - 26/07/13 11:25:12 WARN Utils: Service 'SparkUI' could not bind on port 4043. Attempting port 4044.
[2026-07-13T11:25:12.236+0000] {subprocess.py:93} INFO - 26/07/13 11:25:12 WARN Utils: Service 'SparkUI' could not bind on port 4044. Attempting port 4045.
[2026-07-13T11:25:15.650+0000] {subprocess.py:93} INFO - Traceback (most recent call last):
[2026-07-13T11:25:15.650+0000] {subprocess.py:93} INFO -   File "/opt/***/spark/jobs/clean_sellers.py", line 11, in <module>
[2026-07-13T11:25:15.651+0000] {subprocess.py:93} INFO -     df = spark.read.csv(
[2026-07-13T11:25:15.651+0000] {subprocess.py:93} INFO -   File "/home/***/.local/lib/python3.8/site-packages/pyspark/sql/readwriter.py", line 740, in csv
[2026-07-13T11:25:15.651+0000] {subprocess.py:93} INFO -     return self._df(self._jreader.csv(self._spark._sc._jvm.PythonUtils.toSeq(path)))
[2026-07-13T11:25:15.651+0000] {subprocess.py:93} INFO -   File "/home/***/.local/lib/python3.8/site-packages/py4j/java_gateway.py", line 1362, in __call__
[2026-07-13T11:25:15.651+0000] {subprocess.py:93} INFO -     return_value = get_return_value(
[2026-07-13T11:25:15.652+0000] {subprocess.py:93} INFO -   File "/home/***/.local/lib/python3.8/site-packages/pyspark/errors/exceptions/captured.py", line 185, in deco
[2026-07-13T11:25:15.652+0000] {subprocess.py:93} INFO -     raise converted from None
[2026-07-13T11:25:15.652+0000] {subprocess.py:93} INFO - pyspark.errors.exceptions.captured.AnalysisException: [PATH_NOT_FOUND] Path does not exist: file:/tmp/***tmpg38vxivs/data/raw/olist_sellers_dataset.csv.
[2026-07-13T11:25:16.104+0000] {subprocess.py:97} INFO - Command exited with return code 1
[2026-07-13T11:25:16.113+0000] {taskinstance.py:2698} ERROR - Task failed with exception
Traceback (most recent call last):
  File "/home/airflow/.local/lib/python3.8/site-packages/airflow/models/taskinstance.py", line 433, in _execute_task
    result = execute_callable(context=context, **execute_callable_kwargs)
  File "/home/airflow/.local/lib/python3.8/site-packages/airflow/operators/bash.py", line 212, in execute
    raise AirflowException(
airflow.exceptions.AirflowException: Bash command failed. The command returned a non-zero exit code 1.
[2026-07-13T11:25:16.116+0000] {taskinstance.py:1138} INFO - Marking task as FAILED. dag_id=ecommerce_batch_pipeline, task_id=spark_clean_sellers, execution_date=20260713T111813, start_date=20260713T112504, end_date=20260713T112516
[2026-07-13T11:25:16.128+0000] {standard_task_runner.py:107} ERROR - Failed to execute job 29 for task spark_clean_sellers (Bash command failed. The command returned a non-zero exit code 1.; 3900)
[2026-07-13T11:25:16.142+0000] {local_task_job_runner.py:234} INFO - Task exited with return code 1
[2026-07-13T11:25:16.167+0000] {taskinstance.py:3280} INFO - 0 downstream tasks scheduled from follow-on schedule check
