[2026-07-13T11:10:31.277+0000] {taskinstance.py:1956} INFO - Dependencies all met for dep_context=non-requeueable deps ti=<TaskInstance: ecommerce_batch_pipeline.spark_clean_orders manual__2026-07-13T11:04:18.218912+00:00 [queued]>
[2026-07-13T11:10:31.287+0000] {taskinstance.py:1956} INFO - Dependencies all met for dep_context=requeueable deps ti=<TaskInstance: ecommerce_batch_pipeline.spark_clean_orders manual__2026-07-13T11:04:18.218912+00:00 [queued]>
[2026-07-13T11:10:31.287+0000] {taskinstance.py:2170} INFO - Starting attempt 2 of 2
[2026-07-13T11:10:31.302+0000] {taskinstance.py:2191} INFO - Executing <Task(BashOperator): spark_clean_orders> on 2026-07-13 11:04:18.218912+00:00
[2026-07-13T11:10:31.310+0000] {standard_task_runner.py:60} INFO - Started process 6770 to run task
[2026-07-13T11:10:31.315+0000] {standard_task_runner.py:87} INFO - Running: ['***', 'tasks', 'run', 'ecommerce_batch_pipeline', 'spark_clean_orders', 'manual__2026-07-13T11:04:18.218912+00:00', '--job-id', '40', '--raw', '--subdir', 'DAGS_FOLDER/ecommerce_batch_dag.py', '--cfg-path', '/tmp/tmpq1i9on26']
[2026-07-13T11:10:31.320+0000] {standard_task_runner.py:88} INFO - Job 40: Subtask spark_clean_orders
[2026-07-13T11:10:31.392+0000] {task_command.py:423} INFO - Running <TaskInstance: ecommerce_batch_pipeline.spark_clean_orders manual__2026-07-13T11:04:18.218912+00:00 [running]> on host 4860064ad401
[2026-07-13T11:10:31.483+0000] {taskinstance.py:2480} INFO - Exporting env vars: AIRFLOW_CTX_DAG_OWNER='de-team' AIRFLOW_CTX_DAG_ID='ecommerce_batch_pipeline' AIRFLOW_CTX_TASK_ID='spark_clean_orders' AIRFLOW_CTX_EXECUTION_DATE='2026-07-13T11:04:18.218912+00:00' AIRFLOW_CTX_TRY_NUMBER='2' AIRFLOW_CTX_DAG_RUN_ID='manual__2026-07-13T11:04:18.218912+00:00'
[2026-07-13T11:10:31.487+0000] {subprocess.py:63} INFO - Tmp dir root location: /tmp
[2026-07-13T11:10:31.488+0000] {subprocess.py:75} INFO - Running command: ['/usr/bin/bash', '-c', 'python /opt/***/spark/jobs/clean_orders.py']
[2026-07-13T11:10:31.506+0000] {subprocess.py:86} INFO - Output:
[2026-07-13T11:10:35.405+0000] {subprocess.py:93} INFO - Setting default log level to "WARN".
[2026-07-13T11:10:35.406+0000] {subprocess.py:93} INFO - To adjust logging level use sc.setLogLevel(newLevel). For SparkR, use setLogLevel(newLevel).
[2026-07-13T11:10:35.869+0000] {subprocess.py:93} INFO - 26/07/13 11:10:35 WARN NativeCodeLoader: Unable to load native-hadoop library for your platform... using builtin-java classes where applicable
[2026-07-13T11:10:42.371+0000] {subprocess.py:93} INFO - Traceback (most recent call last):
[2026-07-13T11:10:42.372+0000] {subprocess.py:93} INFO -   File "/opt/***/spark/jobs/clean_orders.py", line 11, in <module>
[2026-07-13T11:10:42.373+0000] {subprocess.py:93} INFO -     df = spark.read.csv(
[2026-07-13T11:10:42.373+0000] {subprocess.py:93} INFO -   File "/home/***/.local/lib/python3.8/site-packages/pyspark/sql/readwriter.py", line 740, in csv
[2026-07-13T11:10:42.373+0000] {subprocess.py:93} INFO -     return self._df(self._jreader.csv(self._spark._sc._jvm.PythonUtils.toSeq(path)))
[2026-07-13T11:10:42.373+0000] {subprocess.py:93} INFO -   File "/home/***/.local/lib/python3.8/site-packages/py4j/java_gateway.py", line 1362, in __call__
[2026-07-13T11:10:42.374+0000] {subprocess.py:93} INFO -     return_value = get_return_value(
[2026-07-13T11:10:42.374+0000] {subprocess.py:93} INFO -   File "/home/***/.local/lib/python3.8/site-packages/pyspark/errors/exceptions/captured.py", line 185, in deco
[2026-07-13T11:10:42.374+0000] {subprocess.py:93} INFO -     raise converted from None
[2026-07-13T11:10:42.374+0000] {subprocess.py:93} INFO - pyspark.errors.exceptions.captured.AnalysisException: [PATH_NOT_FOUND] Path does not exist: file:/tmp/***tmpjdyxtts_/data/raw/olist_orders_dataset.csv.
[2026-07-13T11:10:43.653+0000] {subprocess.py:97} INFO - Command exited with return code 1
[2026-07-13T11:10:43.687+0000] {taskinstance.py:2698} ERROR - Task failed with exception
Traceback (most recent call last):
  File "/home/airflow/.local/lib/python3.8/site-packages/airflow/models/taskinstance.py", line 433, in _execute_task
    result = execute_callable(context=context, **execute_callable_kwargs)
  File "/home/airflow/.local/lib/python3.8/site-packages/airflow/operators/bash.py", line 212, in execute
    raise AirflowException(
airflow.exceptions.AirflowException: Bash command failed. The command returned a non-zero exit code 1.
[2026-07-13T11:10:43.713+0000] {taskinstance.py:1138} INFO - Marking task as FAILED. dag_id=ecommerce_batch_pipeline, task_id=spark_clean_orders, execution_date=20260713T110418, start_date=20260713T111031, end_date=20260713T111043
[2026-07-13T11:10:43.803+0000] {standard_task_runner.py:107} ERROR - Failed to execute job 40 for task spark_clean_orders (Bash command failed. The command returned a non-zero exit code 1.; 6770)
[2026-07-13T11:10:43.853+0000] {local_task_job_runner.py:234} INFO - Task exited with return code 1
[2026-07-13T11:10:43.948+0000] {taskinstance.py:3280} INFO - 0 downstream tasks scheduled from follow-on schedule check
