[2026-07-14T05:49:46.021+0000] {taskinstance.py:1956} INFO - Dependencies all met for dep_context=non-requeueable deps ti=<TaskInstance: ecommerce_batch_pipeline.dbt_run manual__2026-07-13T13:51:59.942062+00:00 [queued]>
[2026-07-14T05:49:46.027+0000] {taskinstance.py:1956} INFO - Dependencies all met for dep_context=requeueable deps ti=<TaskInstance: ecommerce_batch_pipeline.dbt_run manual__2026-07-13T13:51:59.942062+00:00 [queued]>
[2026-07-14T05:49:46.027+0000] {taskinstance.py:2170} INFO - Starting attempt 7 of 8
[2026-07-14T05:49:46.036+0000] {taskinstance.py:2191} INFO - Executing <Task(BashOperator): dbt_run> on 2026-07-13 13:51:59.942062+00:00
[2026-07-14T05:49:46.040+0000] {standard_task_runner.py:60} INFO - Started process 161 to run task
[2026-07-14T05:49:46.042+0000] {standard_task_runner.py:87} INFO - Running: ['***', 'tasks', 'run', 'ecommerce_batch_pipeline', 'dbt_run', 'manual__2026-07-13T13:51:59.942062+00:00', '--job-id', '92', '--raw', '--subdir', 'DAGS_FOLDER/ecommerce_batch_dag.py', '--cfg-path', '/tmp/tmpgmgr2vsk']
[2026-07-14T05:49:46.044+0000] {standard_task_runner.py:88} INFO - Job 92: Subtask dbt_run
[2026-07-14T05:49:46.082+0000] {task_command.py:423} INFO - Running <TaskInstance: ecommerce_batch_pipeline.dbt_run manual__2026-07-13T13:51:59.942062+00:00 [running]> on host 438c62ed51de
[2026-07-14T05:49:46.129+0000] {taskinstance.py:2480} INFO - Exporting env vars: AIRFLOW_CTX_DAG_OWNER='de-team' AIRFLOW_CTX_DAG_ID='ecommerce_batch_pipeline' AIRFLOW_CTX_TASK_ID='dbt_run' AIRFLOW_CTX_EXECUTION_DATE='2026-07-13T13:51:59.942062+00:00' AIRFLOW_CTX_TRY_NUMBER='7' AIRFLOW_CTX_DAG_RUN_ID='manual__2026-07-13T13:51:59.942062+00:00'
[2026-07-14T05:49:46.131+0000] {subprocess.py:63} INFO - Tmp dir root location: /tmp
[2026-07-14T05:49:46.132+0000] {subprocess.py:75} INFO - Running command: ['/usr/bin/bash', '-c', '\n        cd /opt/***/dbt/ecommerce_data &&\n        dbt run --profiles-dir /opt/***/dbt --target dev\n        ']
[2026-07-14T05:49:46.142+0000] {subprocess.py:86} INFO - Output:
[2026-07-14T05:49:47.903+0000] {subprocess.py:93} INFO - [0m05:49:47  Running with dbt=1.7.18
[2026-07-14T05:49:48.088+0000] {subprocess.py:93} INFO - [0m05:49:48  Registered adapter: duckdb=1.7.2
[2026-07-14T05:49:48.139+0000] {subprocess.py:93} INFO - [0m05:49:48  Found 12 models, 35 tests, 3 sources, 0 exposures, 0 metrics, 391 macros, 0 groups, 0 semantic models
[2026-07-14T05:49:48.141+0000] {subprocess.py:93} INFO - [0m05:49:48
[2026-07-14T05:49:48.159+0000] {subprocess.py:93} INFO - [0m05:49:48
[2026-07-14T05:49:48.159+0000] {subprocess.py:93} INFO - [0m05:49:48  Finished running  in 0 hours 0 minutes and 0.02 seconds (0.02s).
[2026-07-14T05:49:48.160+0000] {subprocess.py:93} INFO - [0m05:49:48  Encountered an error:
[2026-07-14T05:49:48.160+0000] {subprocess.py:93} INFO - Runtime Error
[2026-07-14T05:49:48.160+0000] {subprocess.py:93} INFO -   Serialization Error: Failed to deserialize: expected end of object, but found field id: 101
[2026-07-14T05:49:50.797+0000] {subprocess.py:97} INFO - Command exited with return code 2
[2026-07-14T05:49:50.804+0000] {taskinstance.py:2698} ERROR - Task failed with exception
Traceback (most recent call last):
  File "/home/airflow/.local/lib/python3.8/site-packages/airflow/models/taskinstance.py", line 433, in _execute_task
    result = execute_callable(context=context, **execute_callable_kwargs)
  File "/home/airflow/.local/lib/python3.8/site-packages/airflow/operators/bash.py", line 212, in execute
    raise AirflowException(
airflow.exceptions.AirflowException: Bash command failed. The command returned a non-zero exit code 2.
[2026-07-14T05:49:50.806+0000] {taskinstance.py:1138} INFO - Marking task as UP_FOR_RETRY. dag_id=ecommerce_batch_pipeline, task_id=dbt_run, execution_date=20260713T135159, start_date=20260714T054946, end_date=20260714T054950
[2026-07-14T05:49:50.815+0000] {standard_task_runner.py:107} ERROR - Failed to execute job 92 for task dbt_run (Bash command failed. The command returned a non-zero exit code 2.; 161)
[2026-07-14T05:49:50.833+0000] {local_task_job_runner.py:234} INFO - Task exited with return code 1
[2026-07-14T05:49:50.850+0000] {taskinstance.py:3280} INFO - 0 downstream tasks scheduled from follow-on schedule check
