[2026-07-13T14:25:18.881+0000] {taskinstance.py:1956} INFO - Dependencies all met for dep_context=non-requeueable deps ti=<TaskInstance: ecommerce_batch_pipeline.dbt_run manual__2026-07-13T13:51:59.942062+00:00 [queued]>
[2026-07-13T14:25:18.889+0000] {taskinstance.py:1956} INFO - Dependencies all met for dep_context=requeueable deps ti=<TaskInstance: ecommerce_batch_pipeline.dbt_run manual__2026-07-13T13:51:59.942062+00:00 [queued]>
[2026-07-13T14:25:18.890+0000] {taskinstance.py:2170} INFO - Starting attempt 3 of 4
[2026-07-13T14:25:18.900+0000] {taskinstance.py:2191} INFO - Executing <Task(BashOperator): dbt_run> on 2026-07-13 13:51:59.942062+00:00
[2026-07-13T14:25:18.904+0000] {standard_task_runner.py:60} INFO - Started process 462 to run task
[2026-07-13T14:25:18.907+0000] {standard_task_runner.py:87} INFO - Running: ['***', 'tasks', 'run', 'ecommerce_batch_pipeline', 'dbt_run', 'manual__2026-07-13T13:51:59.942062+00:00', '--job-id', '85', '--raw', '--subdir', 'DAGS_FOLDER/ecommerce_batch_dag.py', '--cfg-path', '/tmp/tmpe6rg91k4']
[2026-07-13T14:25:18.910+0000] {standard_task_runner.py:88} INFO - Job 85: Subtask dbt_run
[2026-07-13T14:25:18.951+0000] {task_command.py:423} INFO - Running <TaskInstance: ecommerce_batch_pipeline.dbt_run manual__2026-07-13T13:51:59.942062+00:00 [running]> on host 596d5e8b85cd
[2026-07-13T14:25:18.995+0000] {taskinstance.py:2480} INFO - Exporting env vars: AIRFLOW_CTX_DAG_OWNER='de-team' AIRFLOW_CTX_DAG_ID='ecommerce_batch_pipeline' AIRFLOW_CTX_TASK_ID='dbt_run' AIRFLOW_CTX_EXECUTION_DATE='2026-07-13T13:51:59.942062+00:00' AIRFLOW_CTX_TRY_NUMBER='3' AIRFLOW_CTX_DAG_RUN_ID='manual__2026-07-13T13:51:59.942062+00:00'
[2026-07-13T14:25:18.997+0000] {subprocess.py:63} INFO - Tmp dir root location: /tmp
[2026-07-13T14:25:18.997+0000] {subprocess.py:75} INFO - Running command: ['/usr/bin/bash', '-c', 'cd /opt/***/dbt/ecommerce_data && dbt run --target dev']
[2026-07-13T14:25:19.005+0000] {subprocess.py:86} INFO - Output:
[2026-07-13T14:25:20.526+0000] {subprocess.py:93} INFO - Usage: dbt run [OPTIONS]
[2026-07-13T14:25:20.527+0000] {subprocess.py:93} INFO - Try 'dbt run -h' for help.
[2026-07-13T14:25:20.527+0000] {subprocess.py:93} INFO - 
[2026-07-13T14:25:20.527+0000] {subprocess.py:93} INFO - Error: Invalid value for '--profiles-dir': Path '/home/***/.dbt' does not exist.
[2026-07-13T14:25:20.678+0000] {subprocess.py:97} INFO - Command exited with return code 2
[2026-07-13T14:25:20.686+0000] {taskinstance.py:2698} ERROR - Task failed with exception
Traceback (most recent call last):
  File "/home/airflow/.local/lib/python3.8/site-packages/airflow/models/taskinstance.py", line 433, in _execute_task
    result = execute_callable(context=context, **execute_callable_kwargs)
  File "/home/airflow/.local/lib/python3.8/site-packages/airflow/operators/bash.py", line 212, in execute
    raise AirflowException(
airflow.exceptions.AirflowException: Bash command failed. The command returned a non-zero exit code 2.
[2026-07-13T14:25:20.688+0000] {taskinstance.py:1138} INFO - Marking task as UP_FOR_RETRY. dag_id=ecommerce_batch_pipeline, task_id=dbt_run, execution_date=20260713T135159, start_date=20260713T142518, end_date=20260713T142520
[2026-07-13T14:25:20.698+0000] {standard_task_runner.py:107} ERROR - Failed to execute job 85 for task dbt_run (Bash command failed. The command returned a non-zero exit code 2.; 462)
[2026-07-13T14:25:20.723+0000] {local_task_job_runner.py:234} INFO - Task exited with return code 1
[2026-07-13T14:25:20.743+0000] {taskinstance.py:3280} INFO - 0 downstream tasks scheduled from follow-on schedule check
