[2026-07-14T05:49:13.997+0000] {taskinstance.py:1956} INFO - Dependencies all met for dep_context=non-requeueable deps ti=<TaskInstance: ecommerce_batch_pipeline.dbt_run manual__2026-07-13T13:51:59.942062+00:00 [queued]>
[2026-07-14T05:49:14.003+0000] {taskinstance.py:1956} INFO - Dependencies all met for dep_context=requeueable deps ti=<TaskInstance: ecommerce_batch_pipeline.dbt_run manual__2026-07-13T13:51:59.942062+00:00 [queued]>
[2026-07-14T05:49:14.003+0000] {taskinstance.py:2170} INFO - Starting attempt 6 of 6
[2026-07-14T05:49:14.011+0000] {taskinstance.py:2191} INFO - Executing <Task(BashOperator): dbt_run> on 2026-07-13 13:51:59.942062+00:00
[2026-07-14T05:49:14.015+0000] {standard_task_runner.py:60} INFO - Started process 123 to run task
[2026-07-14T05:49:14.019+0000] {standard_task_runner.py:87} INFO - Running: ['***', 'tasks', 'run', 'ecommerce_batch_pipeline', 'dbt_run', 'manual__2026-07-13T13:51:59.942062+00:00', '--job-id', '91', '--raw', '--subdir', 'DAGS_FOLDER/ecommerce_batch_dag.py', '--cfg-path', '/tmp/tmp43izlec3']
[2026-07-14T05:49:14.021+0000] {standard_task_runner.py:88} INFO - Job 91: Subtask dbt_run
[2026-07-14T05:49:14.067+0000] {task_command.py:423} INFO - Running <TaskInstance: ecommerce_batch_pipeline.dbt_run manual__2026-07-13T13:51:59.942062+00:00 [running]> on host 438c62ed51de
[2026-07-14T05:49:14.121+0000] {taskinstance.py:2480} INFO - Exporting env vars: AIRFLOW_CTX_DAG_OWNER='de-team' AIRFLOW_CTX_DAG_ID='ecommerce_batch_pipeline' AIRFLOW_CTX_TASK_ID='dbt_run' AIRFLOW_CTX_EXECUTION_DATE='2026-07-13T13:51:59.942062+00:00' AIRFLOW_CTX_TRY_NUMBER='6' AIRFLOW_CTX_DAG_RUN_ID='manual__2026-07-13T13:51:59.942062+00:00'
[2026-07-14T05:49:14.123+0000] {subprocess.py:63} INFO - Tmp dir root location: /tmp
[2026-07-14T05:49:14.123+0000] {subprocess.py:75} INFO - Running command: ['/usr/bin/bash', '-c', '\n        cd /opt/***/dbt/ecommerce_data &&\n        dbt run --profiles-dir /opt/***/dbt --target dev\n        ']
[2026-07-14T05:49:14.133+0000] {subprocess.py:86} INFO - Output:
[2026-07-14T05:49:16.293+0000] {subprocess.py:93} INFO - [0m05:49:16  Running with dbt=1.7.18
[2026-07-14T05:49:16.590+0000] {subprocess.py:93} INFO - [0m05:49:16  Registered adapter: duckdb=1.7.2
[2026-07-14T05:49:16.613+0000] {subprocess.py:93} INFO - [0m05:49:16  Unable to do partial parsing because of a version mismatch
[2026-07-14T05:49:17.617+0000] {subprocess.py:93} INFO - [0m05:49:17  [[33mWARNING[0m]: Did not find matching node for patch with name 'stg_orders' in the 'models' section of file 'models/staging/stg_order.yml'
[2026-07-14T05:49:17.649+0000] {subprocess.py:93} INFO - [0m05:49:17  [[33mWARNING[0m]: Did not find matching node for patch with name 'stg_customer_metrics' in the 'models' section of file 'models/staging/stg_customer.yml'
[2026-07-14T05:49:17.662+0000] {subprocess.py:93} INFO - [0m05:49:17  [[33mWARNING[0m]: Did not find matching node for patch with name 'stg_seller_metrics' in the 'models' section of file 'models/staging/stg_seller.yml'
[2026-07-14T05:49:17.672+0000] {subprocess.py:93} INFO - [0m05:49:17  [[33mWARNING[0m]: Test 'test.ecommerce_data.unique_stg_orders_order_id.e3b841c71a' (models/staging/stg_order.yml) depends on a node named 'stg_orders' in package '' which was not found
[2026-07-14T05:49:17.673+0000] {subprocess.py:93} INFO - [0m05:49:17  [[33mWARNING[0m]: Test 'test.ecommerce_data.not_null_stg_orders_order_id.81cfe2fe64' (models/staging/stg_order.yml) depends on a node named 'stg_orders' in package '' which was not found
[2026-07-14T05:49:17.674+0000] {subprocess.py:93} INFO - [0m05:49:17  [[33mWARNING[0m]: Test 'test.ecommerce_data.not_null_stg_orders_customer_id.af79d5e4b5' (models/staging/stg_order.yml) depends on a node named 'stg_orders' in package '' which was not found
[2026-07-14T05:49:17.674+0000] {subprocess.py:93} INFO - [0m05:49:17  [[33mWARNING[0m]: Test 'test.ecommerce_data.not_null_stg_orders_order_status.d7fcf15f79' (models/staging/stg_order.yml) depends on a node named 'stg_orders' in package '' which was not found
[2026-07-14T05:49:17.674+0000] {subprocess.py:93} INFO - [0m05:49:17  [[33mWARNING[0m]: Test 'test.ecommerce_data.accepted_values_stg_orders_order_status__delivered__shipped__canceled__invoiced__processing__unavailable__created__approved.067235966f' (models/staging/stg_order.yml) depends on a node named 'stg_orders' in package '' which was not found
[2026-07-14T05:49:17.674+0000] {subprocess.py:93} INFO - [0m05:49:17  [[33mWARNING[0m]: Test 'test.ecommerce_data.accepted_values_stg_orders_order_status_detailed__delivered_on_time__delivered_late__canceled__shipped__processing__invoiced__unavailable__created__approved.0a514494c9' (models/staging/stg_order.yml) depends on a node named 'stg_orders' in package '' which was not found
[2026-07-14T05:49:17.674+0000] {subprocess.py:93} INFO - [0m05:49:17  [[33mWARNING[0m]: Test 'test.ecommerce_data.accepted_values_stg_orders_revenue_band__low__medium__high.83769016a3' (models/staging/stg_order.yml) depends on a node named 'stg_orders' in package '' which was not found
[2026-07-14T05:49:17.675+0000] {subprocess.py:93} INFO - [0m05:49:17  [[33mWARNING[0m]: Test 'test.ecommerce_data.not_null_stg_orders_total_order_value.f22cfb6819' (models/staging/stg_order.yml) depends on a node named 'stg_orders' in package '' which was not found
[2026-07-14T05:49:17.675+0000] {subprocess.py:93} INFO - [0m05:49:17  [[33mWARNING[0m]: Test 'test.ecommerce_data.not_null_stg_orders_order_date.2177a3e8bb' (models/staging/stg_order.yml) depends on a node named 'stg_orders' in package '' which was not found
[2026-07-14T05:49:17.675+0000] {subprocess.py:93} INFO - [0m05:49:17  [[33mWARNING[0m]: Test 'test.ecommerce_data.unique_stg_customer_metrics_customer_id.dbedf5ad92' (models/staging/stg_customer.yml) depends on a node named 'stg_customer_metrics' in package '' which was not found
[2026-07-14T05:49:17.676+0000] {subprocess.py:93} INFO - [0m05:49:17  [[33mWARNING[0m]: Test 'test.ecommerce_data.not_null_stg_customer_metrics_customer_id.0491141225' (models/staging/stg_customer.yml) depends on a node named 'stg_customer_metrics' in package '' which was not found
[2026-07-14T05:49:17.676+0000] {subprocess.py:93} INFO - [0m05:49:17  [[33mWARNING[0m]: Test 'test.ecommerce_data.accepted_values_stg_customer_metrics_customer_segment__new__repeat__loyal.34a112d81e' (models/staging/stg_customer.yml) depends on a node named 'stg_customer_metrics' in package '' which was not found
[2026-07-14T05:49:17.677+0000] {subprocess.py:93} INFO - [0m05:49:17  [[33mWARNING[0m]: Test 'test.ecommerce_data.not_null_stg_customer_metrics_total_orders.d8348f0494' (models/staging/stg_customer.yml) depends on a node named 'stg_customer_metrics' in package '' which was not found
[2026-07-14T05:49:17.677+0000] {subprocess.py:93} INFO - [0m05:49:17  [[33mWARNING[0m]: Test 'test.ecommerce_data.unique_stg_seller_metrics_seller_id.783adc984e' (models/staging/stg_seller.yml) depends on a node named 'stg_seller_metrics' in package '' which was not found
[2026-07-14T05:49:17.677+0000] {subprocess.py:93} INFO - [0m05:49:17  [[33mWARNING[0m]: Test 'test.ecommerce_data.not_null_stg_seller_metrics_seller_id.cb0c016063' (models/staging/stg_seller.yml) depends on a node named 'stg_seller_metrics' in package '' which was not found
[2026-07-14T05:49:17.678+0000] {subprocess.py:93} INFO - [0m05:49:17  [[33mWARNING[0m]: Test 'test.ecommerce_data.accepted_values_stg_seller_metrics_seller_health__good__average__at_risk.036860969f' (models/staging/stg_seller.yml) depends on a node named 'stg_seller_metrics' in package '' which was not found
[2026-07-14T05:49:17.721+0000] {subprocess.py:93} INFO - [0m05:49:17  Found 12 models, 35 tests, 3 sources, 0 exposures, 0 metrics, 391 macros, 0 groups, 0 semantic models
[2026-07-14T05:49:17.723+0000] {subprocess.py:93} INFO - [0m05:49:17
[2026-07-14T05:49:17.818+0000] {subprocess.py:93} INFO - [0m05:49:17
[2026-07-14T05:49:17.818+0000] {subprocess.py:93} INFO - [0m05:49:17  Finished running  in 0 hours 0 minutes and 0.09 seconds (0.09s).
[2026-07-14T05:49:17.819+0000] {subprocess.py:93} INFO - [0m05:49:17  Encountered an error:
[2026-07-14T05:49:17.819+0000] {subprocess.py:93} INFO - Runtime Error
[2026-07-14T05:49:17.819+0000] {subprocess.py:93} INFO -   Serialization Error: Failed to deserialize: expected end of object, but found field id: 101
[2026-07-14T05:49:19.527+0000] {subprocess.py:97} INFO - Command exited with return code 2
[2026-07-14T05:49:19.534+0000] {taskinstance.py:2698} ERROR - Task failed with exception
Traceback (most recent call last):
  File "/home/airflow/.local/lib/python3.8/site-packages/airflow/models/taskinstance.py", line 433, in _execute_task
    result = execute_callable(context=context, **execute_callable_kwargs)
  File "/home/airflow/.local/lib/python3.8/site-packages/airflow/operators/bash.py", line 212, in execute
    raise AirflowException(
airflow.exceptions.AirflowException: Bash command failed. The command returned a non-zero exit code 2.
[2026-07-14T05:49:19.542+0000] {taskinstance.py:1138} INFO - Marking task as FAILED. dag_id=ecommerce_batch_pipeline, task_id=dbt_run, execution_date=20260713T135159, start_date=20260714T054913, end_date=20260714T054919
[2026-07-14T05:49:19.553+0000] {standard_task_runner.py:107} ERROR - Failed to execute job 91 for task dbt_run (Bash command failed. The command returned a non-zero exit code 2.; 123)
[2026-07-14T05:49:19.596+0000] {local_task_job_runner.py:234} INFO - Task exited with return code 1
[2026-07-14T05:49:19.612+0000] {taskinstance.py:3280} INFO - 0 downstream tasks scheduled from follow-on schedule check
