[2026-07-14T05:57:31.098+0000] {taskinstance.py:1956} INFO - Dependencies all met for dep_context=non-requeueable deps ti=<TaskInstance: ecommerce_batch_pipeline.dbt_run manual__2026-07-13T13:51:59.942062+00:00 [queued]>
[2026-07-14T05:57:31.105+0000] {taskinstance.py:1956} INFO - Dependencies all met for dep_context=requeueable deps ti=<TaskInstance: ecommerce_batch_pipeline.dbt_run manual__2026-07-13T13:51:59.942062+00:00 [queued]>
[2026-07-14T05:57:31.105+0000] {taskinstance.py:2170} INFO - Starting attempt 9 of 10
[2026-07-14T05:57:31.114+0000] {taskinstance.py:2191} INFO - Executing <Task(BashOperator): dbt_run> on 2026-07-13 13:51:59.942062+00:00
[2026-07-14T05:57:31.119+0000] {standard_task_runner.py:60} INFO - Started process 416 to run task
[2026-07-14T05:57:31.121+0000] {standard_task_runner.py:87} INFO - Running: ['***', 'tasks', 'run', 'ecommerce_batch_pipeline', 'dbt_run', 'manual__2026-07-13T13:51:59.942062+00:00', '--job-id', '95', '--raw', '--subdir', 'DAGS_FOLDER/ecommerce_batch_dag.py', '--cfg-path', '/tmp/tmpk1djwnvo']
[2026-07-14T05:57:31.123+0000] {standard_task_runner.py:88} INFO - Job 95: Subtask dbt_run
[2026-07-14T05:57:31.162+0000] {task_command.py:423} INFO - Running <TaskInstance: ecommerce_batch_pipeline.dbt_run manual__2026-07-13T13:51:59.942062+00:00 [running]> on host 438c62ed51de
[2026-07-14T05:57:31.210+0000] {taskinstance.py:2480} INFO - Exporting env vars: AIRFLOW_CTX_DAG_OWNER='de-team' AIRFLOW_CTX_DAG_ID='ecommerce_batch_pipeline' AIRFLOW_CTX_TASK_ID='dbt_run' AIRFLOW_CTX_EXECUTION_DATE='2026-07-13T13:51:59.942062+00:00' AIRFLOW_CTX_TRY_NUMBER='9' AIRFLOW_CTX_DAG_RUN_ID='manual__2026-07-13T13:51:59.942062+00:00'
[2026-07-14T05:57:31.211+0000] {subprocess.py:63} INFO - Tmp dir root location: /tmp
[2026-07-14T05:57:31.212+0000] {subprocess.py:75} INFO - Running command: ['/usr/bin/bash', '-c', '\n        cd /opt/***/dbt/ecommerce_data &&\n        dbt run --profiles-dir /opt/***/dbt --target dev\n        ']
[2026-07-14T05:57:31.221+0000] {subprocess.py:86} INFO - Output:
[2026-07-14T05:57:32.933+0000] {subprocess.py:93} INFO - [0m05:57:32  Running with dbt=1.7.18
[2026-07-14T05:57:33.138+0000] {subprocess.py:93} INFO - [0m05:57:33  Registered adapter: duckdb=1.7.2
[2026-07-14T05:57:33.190+0000] {subprocess.py:93} INFO - [0m05:57:33  Found 12 models, 35 tests, 3 sources, 0 exposures, 0 metrics, 391 macros, 0 groups, 0 semantic models
[2026-07-14T05:57:33.192+0000] {subprocess.py:93} INFO - [0m05:57:33
[2026-07-14T05:57:33.270+0000] {subprocess.py:93} INFO - [0m05:57:33  Concurrency: 4 threads (target='dev')
[2026-07-14T05:57:33.271+0000] {subprocess.py:93} INFO - [0m05:57:33
[2026-07-14T05:57:33.278+0000] {subprocess.py:93} INFO - [0m05:57:33  1 of 12 START sql view model main.stg_customer ................................. [RUN]
[2026-07-14T05:57:33.279+0000] {subprocess.py:93} INFO - [0m05:57:33  2 of 12 START sql view model main.stg_order .................................... [RUN]
[2026-07-14T05:57:33.281+0000] {subprocess.py:93} INFO - [0m05:57:33  3 of 12 START sql view model main.stg_seller ................................... [RUN]
[2026-07-14T05:57:33.446+0000] {subprocess.py:93} INFO - [0m05:57:33  2 of 12 ERROR creating sql view model main.stg_order ........................... [[31mERROR[0m in 0.16s]
[2026-07-14T05:57:33.453+0000] {subprocess.py:93} INFO - [0m05:57:33  1 of 12 OK created sql view model main.stg_customer ............................ [[32mOK[0m in 0.17s]
[2026-07-14T05:57:33.472+0000] {subprocess.py:93} INFO - [0m05:57:33  4 of 12 SKIP relation main.int_orders_with_status .............................. [[33mSKIP[0m]
[2026-07-14T05:57:33.474+0000] {subprocess.py:93} INFO - [0m05:57:33  3 of 12 OK created sql view model main.stg_seller .............................. [[32mOK[0m in 0.19s]
[2026-07-14T05:57:33.480+0000] {subprocess.py:93} INFO - [0m05:57:33  5 of 12 START sql view model main.int_customer_segmented ....................... [RUN]
[2026-07-14T05:57:33.482+0000] {subprocess.py:93} INFO - [0m05:57:33  6 of 12 SKIP relation main.fct_orders .......................................... [[33mSKIP[0m]
[2026-07-14T05:57:33.487+0000] {subprocess.py:93} INFO - [0m05:57:33  7 of 12 START sql table model main.dim_seller .................................. [RUN]
[2026-07-14T05:57:33.489+0000] {subprocess.py:93} INFO - [0m05:57:33  8 of 12 START sql view model main.int_seller ................................... [RUN]
[2026-07-14T05:57:33.499+0000] {subprocess.py:93} INFO - [0m05:57:33  9 of 12 SKIP relation main.dim_product ......................................... [[33mSKIP[0m]
[2026-07-14T05:57:33.520+0000] {subprocess.py:93} INFO - [0m05:57:33  10 of 12 SKIP relation main.fct_daily_revenue .................................. [[33mSKIP[0m]
[2026-07-14T05:57:33.552+0000] {subprocess.py:93} INFO - [0m05:57:33  11 of 12 SKIP relation main.fct_monthly_revenue ................................ [[33mSKIP[0m]
[2026-07-14T05:57:33.579+0000] {subprocess.py:93} INFO - [0m05:57:33  5 of 12 ERROR creating sql view model main.int_customer_segmented .............. [[31mERROR[0m in 0.09s]
[2026-07-14T05:57:33.589+0000] {subprocess.py:93} INFO - [0m05:57:33  12 of 12 SKIP relation main.dim_customers ...................................... [[33mSKIP[0m]
[2026-07-14T05:57:33.615+0000] {subprocess.py:93} INFO - [0m05:57:33  8 of 12 OK created sql view model main.int_seller .............................. [[32mOK[0m in 0.12s]
[2026-07-14T05:57:33.659+0000] {subprocess.py:93} INFO - [0m05:57:33  7 of 12 OK created sql table model main.dim_seller ............................. [[32mOK[0m in 0.17s]
[2026-07-14T05:57:33.676+0000] {subprocess.py:93} INFO - [0m05:57:33
[2026-07-14T05:57:33.677+0000] {subprocess.py:93} INFO - [0m05:57:33  Finished running 6 view models, 6 table models in 0 hours 0 minutes and 0.48 seconds (0.48s).
[2026-07-14T05:57:33.689+0000] {subprocess.py:93} INFO - [0m05:57:33
[2026-07-14T05:57:33.690+0000] {subprocess.py:93} INFO - [0m05:57:33  [31mCompleted with 2 errors and 0 warnings:[0m
[2026-07-14T05:57:33.690+0000] {subprocess.py:93} INFO - [0m05:57:33
[2026-07-14T05:57:33.690+0000] {subprocess.py:93} INFO - [0m05:57:33    Runtime Error in model stg_order (models/staging/stg_order.sql)
[2026-07-14T05:57:33.691+0000] {subprocess.py:93} INFO -   Binder Error: Referenced column "product_category_name_english" not found in FROM clause!
[2026-07-14T05:57:33.691+0000] {subprocess.py:93} INFO -   Candidate bindings: "source.product_category_english"
[2026-07-14T05:57:33.691+0000] {subprocess.py:93} INFO - [0m05:57:33
[2026-07-14T05:57:33.692+0000] {subprocess.py:93} INFO - [0m05:57:33    Runtime Error in model int_customer_segmented (models/intermediate/int_customer_segmented.sql)
[2026-07-14T05:57:33.692+0000] {subprocess.py:93} INFO -   Binder Error: Alias "recency_segment" referenced in a SELECT clause - but the expression has side effects. This is not yet supported.
[2026-07-14T05:57:33.692+0000] {subprocess.py:93} INFO - [0m05:57:33
[2026-07-14T05:57:33.692+0000] {subprocess.py:93} INFO - [0m05:57:33  Done. PASS=4 WARN=0 ERROR=2 SKIP=6 TOTAL=12
[2026-07-14T05:57:35.772+0000] {subprocess.py:97} INFO - Command exited with return code 1
[2026-07-14T05:57:35.781+0000] {taskinstance.py:2698} ERROR - Task failed with exception
Traceback (most recent call last):
  File "/home/airflow/.local/lib/python3.8/site-packages/airflow/models/taskinstance.py", line 433, in _execute_task
    result = execute_callable(context=context, **execute_callable_kwargs)
  File "/home/airflow/.local/lib/python3.8/site-packages/airflow/operators/bash.py", line 212, in execute
    raise AirflowException(
airflow.exceptions.AirflowException: Bash command failed. The command returned a non-zero exit code 1.
[2026-07-14T05:57:35.783+0000] {taskinstance.py:1138} INFO - Marking task as UP_FOR_RETRY. dag_id=ecommerce_batch_pipeline, task_id=dbt_run, execution_date=20260713T135159, start_date=20260714T055731, end_date=20260714T055735
[2026-07-14T05:57:35.793+0000] {standard_task_runner.py:107} ERROR - Failed to execute job 95 for task dbt_run (Bash command failed. The command returned a non-zero exit code 1.; 416)
[2026-07-14T05:57:35.829+0000] {local_task_job_runner.py:234} INFO - Task exited with return code 1
[2026-07-14T05:57:35.853+0000] {taskinstance.py:3280} INFO - 0 downstream tasks scheduled from follow-on schedule check
