[2026-07-13T13:40:57.464+0000] {taskinstance.py:1956} INFO - Dependencies all met for dep_context=non-requeueable deps ti=<TaskInstance: ecommerce_batch_pipeline.setup_duckdb manual__2026-07-13T12:48:53.806244+00:00 [queued]>
[2026-07-13T13:40:57.470+0000] {taskinstance.py:1956} INFO - Dependencies all met for dep_context=requeueable deps ti=<TaskInstance: ecommerce_batch_pipeline.setup_duckdb manual__2026-07-13T12:48:53.806244+00:00 [queued]>
[2026-07-13T13:40:57.470+0000] {taskinstance.py:2170} INFO - Starting attempt 2 of 3
[2026-07-13T13:40:57.477+0000] {taskinstance.py:2191} INFO - Executing <Task(BashOperator): setup_duckdb> on 2026-07-13 12:48:53.806244+00:00
[2026-07-13T13:40:57.482+0000] {standard_task_runner.py:60} INFO - Started process 644 to run task
[2026-07-13T13:40:57.485+0000] {standard_task_runner.py:87} INFO - Running: ['***', 'tasks', 'run', 'ecommerce_batch_pipeline', 'setup_duckdb', 'manual__2026-07-13T12:48:53.806244+00:00', '--job-id', '59', '--raw', '--subdir', 'DAGS_FOLDER/ecommerce_batch_dag.py', '--cfg-path', '/tmp/tmpzhs5avbn']
[2026-07-13T13:40:57.487+0000] {standard_task_runner.py:88} INFO - Job 59: Subtask setup_duckdb
[2026-07-13T13:40:57.524+0000] {task_command.py:423} INFO - Running <TaskInstance: ecommerce_batch_pipeline.setup_duckdb manual__2026-07-13T12:48:53.806244+00:00 [running]> on host 0567d287bcdc
[2026-07-13T13:40:57.569+0000] {taskinstance.py:2480} INFO - Exporting env vars: AIRFLOW_CTX_DAG_OWNER='de-team' AIRFLOW_CTX_DAG_ID='ecommerce_batch_pipeline' AIRFLOW_CTX_TASK_ID='setup_duckdb' AIRFLOW_CTX_EXECUTION_DATE='2026-07-13T12:48:53.806244+00:00' AIRFLOW_CTX_TRY_NUMBER='2' AIRFLOW_CTX_DAG_RUN_ID='manual__2026-07-13T12:48:53.806244+00:00'
[2026-07-13T13:40:57.571+0000] {subprocess.py:63} INFO - Tmp dir root location: /tmp
[2026-07-13T13:40:57.571+0000] {subprocess.py:75} INFO - Running command: ['/usr/bin/bash', '-c', 'python /opt/***/scripts/setup_duckdb.py']
[2026-07-13T13:40:57.579+0000] {subprocess.py:86} INFO - Output:
[2026-07-13T13:40:57.595+0000] {subprocess.py:93} INFO - python: can't open file '/opt/***/scripts/setup_duckdb.py': [Errno 2] No such file or directory
[2026-07-13T13:40:57.596+0000] {subprocess.py:97} INFO - Command exited with return code 2
[2026-07-13T13:40:57.603+0000] {taskinstance.py:2698} ERROR - Task failed with exception
Traceback (most recent call last):
  File "/home/airflow/.local/lib/python3.8/site-packages/airflow/models/taskinstance.py", line 433, in _execute_task
    result = execute_callable(context=context, **execute_callable_kwargs)
  File "/home/airflow/.local/lib/python3.8/site-packages/airflow/operators/bash.py", line 212, in execute
    raise AirflowException(
airflow.exceptions.AirflowException: Bash command failed. The command returned a non-zero exit code 2.
[2026-07-13T13:40:57.605+0000] {taskinstance.py:1138} INFO - Marking task as UP_FOR_RETRY. dag_id=ecommerce_batch_pipeline, task_id=setup_duckdb, execution_date=20260713T124853, start_date=20260713T134057, end_date=20260713T134057
[2026-07-13T13:40:57.614+0000] {standard_task_runner.py:107} ERROR - Failed to execute job 59 for task setup_duckdb (Bash command failed. The command returned a non-zero exit code 2.; 644)
[2026-07-13T13:40:57.656+0000] {local_task_job_runner.py:234} INFO - Task exited with return code 1
[2026-07-13T13:40:57.675+0000] {taskinstance.py:3280} INFO - 0 downstream tasks scheduled from follow-on schedule check
