[2026-07-13T13:49:16.583+0000] {taskinstance.py:1956} INFO - Dependencies all met for dep_context=non-requeueable deps ti=<TaskInstance: ecommerce_batch_pipeline.setup_duckdb manual__2026-07-13T12:48:53.806244+00:00 [queued]>
[2026-07-13T13:49:16.589+0000] {taskinstance.py:1956} INFO - Dependencies all met for dep_context=requeueable deps ti=<TaskInstance: ecommerce_batch_pipeline.setup_duckdb manual__2026-07-13T12:48:53.806244+00:00 [queued]>
[2026-07-13T13:49:16.590+0000] {taskinstance.py:2170} INFO - Starting attempt 5 of 6
[2026-07-13T13:49:16.599+0000] {taskinstance.py:2191} INFO - Executing <Task(BashOperator): setup_duckdb> on 2026-07-13 12:48:53.806244+00:00
[2026-07-13T13:49:16.607+0000] {standard_task_runner.py:60} INFO - Started process 76 to run task
[2026-07-13T13:49:16.612+0000] {standard_task_runner.py:87} INFO - Running: ['***', 'tasks', 'run', 'ecommerce_batch_pipeline', 'setup_duckdb', 'manual__2026-07-13T12:48:53.806244+00:00', '--job-id', '64', '--raw', '--subdir', 'DAGS_FOLDER/ecommerce_batch_dag.py', '--cfg-path', '/tmp/tmp5yfw_fvs']
[2026-07-13T13:49:16.615+0000] {standard_task_runner.py:88} INFO - Job 64: Subtask setup_duckdb
[2026-07-13T13:49:16.656+0000] {task_command.py:423} INFO - Running <TaskInstance: ecommerce_batch_pipeline.setup_duckdb manual__2026-07-13T12:48:53.806244+00:00 [running]> on host 04af678acee0
[2026-07-13T13:49:16.708+0000] {taskinstance.py:2480} INFO - Exporting env vars: AIRFLOW_CTX_DAG_OWNER='de-team' AIRFLOW_CTX_DAG_ID='ecommerce_batch_pipeline' AIRFLOW_CTX_TASK_ID='setup_duckdb' AIRFLOW_CTX_EXECUTION_DATE='2026-07-13T12:48:53.806244+00:00' AIRFLOW_CTX_TRY_NUMBER='5' AIRFLOW_CTX_DAG_RUN_ID='manual__2026-07-13T12:48:53.806244+00:00'
[2026-07-13T13:49:16.711+0000] {subprocess.py:63} INFO - Tmp dir root location: /tmp
[2026-07-13T13:49:16.712+0000] {subprocess.py:75} INFO - Running command: ['/usr/bin/bash', '-c', 'python /opt/***/scripts/setup_duckdb.py']
[2026-07-13T13:49:16.721+0000] {subprocess.py:86} INFO - Output:
[2026-07-13T13:49:18.276+0000] {subprocess.py:93} INFO - Traceback (most recent call last):
[2026-07-13T13:49:18.276+0000] {subprocess.py:93} INFO -   File "/opt/***/scripts/setup_duckdb.py", line 1, in <module>
[2026-07-13T13:49:18.276+0000] {subprocess.py:93} INFO -     import duckdb
[2026-07-13T13:49:18.277+0000] {subprocess.py:93} INFO - ModuleNotFoundError: No module named 'duckdb'
[2026-07-13T13:49:18.277+0000] {subprocess.py:97} INFO - Command exited with return code 1
[2026-07-13T13:49:18.284+0000] {taskinstance.py:2698} ERROR - Task failed with exception
Traceback (most recent call last):
  File "/home/airflow/.local/lib/python3.8/site-packages/airflow/models/taskinstance.py", line 433, in _execute_task
    result = execute_callable(context=context, **execute_callable_kwargs)
  File "/home/airflow/.local/lib/python3.8/site-packages/airflow/operators/bash.py", line 212, in execute
    raise AirflowException(
airflow.exceptions.AirflowException: Bash command failed. The command returned a non-zero exit code 1.
[2026-07-13T13:49:18.287+0000] {taskinstance.py:1138} INFO - Marking task as UP_FOR_RETRY. dag_id=ecommerce_batch_pipeline, task_id=setup_duckdb, execution_date=20260713T124853, start_date=20260713T134916, end_date=20260713T134918
[2026-07-13T13:49:18.297+0000] {standard_task_runner.py:107} ERROR - Failed to execute job 64 for task setup_duckdb (Bash command failed. The command returned a non-zero exit code 1.; 76)
[2026-07-13T13:49:18.320+0000] {local_task_job_runner.py:234} INFO - Task exited with return code 1
[2026-07-13T13:49:18.347+0000] {taskinstance.py:3280} INFO - 0 downstream tasks scheduled from follow-on schedule check
