[2026-07-13T13:36:33.408+0000] {taskinstance.py:1956} INFO - Dependencies all met for dep_context=non-requeueable deps ti=<TaskInstance: ecommerce_batch_pipeline.setup_duckdb manual__2026-07-13T12:48:53.806244+00:00 [queued]>
[2026-07-13T13:36:33.417+0000] {taskinstance.py:1956} INFO - Dependencies all met for dep_context=requeueable deps ti=<TaskInstance: ecommerce_batch_pipeline.setup_duckdb manual__2026-07-13T12:48:53.806244+00:00 [queued]>
[2026-07-13T13:36:33.417+0000] {taskinstance.py:2170} INFO - Starting attempt 1 of 2
[2026-07-13T13:36:33.432+0000] {taskinstance.py:2191} INFO - Executing <Task(BashOperator): setup_duckdb> on 2026-07-13 12:48:53.806244+00:00
[2026-07-13T13:36:33.437+0000] {standard_task_runner.py:60} INFO - Started process 575 to run task
[2026-07-13T13:36:33.440+0000] {standard_task_runner.py:87} INFO - Running: ['***', 'tasks', 'run', 'ecommerce_batch_pipeline', 'setup_duckdb', 'manual__2026-07-13T12:48:53.806244+00:00', '--job-id', '58', '--raw', '--subdir', 'DAGS_FOLDER/ecommerce_batch_dag.py', '--cfg-path', '/tmp/tmpr1h9c_3n']
[2026-07-13T13:36:33.442+0000] {standard_task_runner.py:88} INFO - Job 58: Subtask setup_duckdb
[2026-07-13T13:36:33.478+0000] {task_command.py:423} INFO - Running <TaskInstance: ecommerce_batch_pipeline.setup_duckdb manual__2026-07-13T12:48:53.806244+00:00 [running]> on host 0567d287bcdc
[2026-07-13T13:36:33.525+0000] {taskinstance.py:2480} INFO - Exporting env vars: AIRFLOW_CTX_DAG_OWNER='de-team' AIRFLOW_CTX_DAG_ID='ecommerce_batch_pipeline' AIRFLOW_CTX_TASK_ID='setup_duckdb' AIRFLOW_CTX_EXECUTION_DATE='2026-07-13T12:48:53.806244+00:00' AIRFLOW_CTX_TRY_NUMBER='1' AIRFLOW_CTX_DAG_RUN_ID='manual__2026-07-13T12:48:53.806244+00:00'
[2026-07-13T13:36:33.527+0000] {subprocess.py:63} INFO - Tmp dir root location: /tmp
[2026-07-13T13:36:33.528+0000] {subprocess.py:75} INFO - Running command: ['/usr/bin/bash', '-c', 'python /opt/***/scripts/setup_duckdb.py']
[2026-07-13T13:36:33.537+0000] {subprocess.py:86} INFO - Output:
[2026-07-13T13:36:33.577+0000] {subprocess.py:93} INFO - python: can't open file '/opt/***/scripts/setup_duckdb.py': [Errno 2] No such file or directory
[2026-07-13T13:36:33.579+0000] {subprocess.py:97} INFO - Command exited with return code 2
[2026-07-13T13:36:33.586+0000] {taskinstance.py:2698} ERROR - Task failed with exception
Traceback (most recent call last):
  File "/home/airflow/.local/lib/python3.8/site-packages/airflow/models/taskinstance.py", line 433, in _execute_task
    result = execute_callable(context=context, **execute_callable_kwargs)
  File "/home/airflow/.local/lib/python3.8/site-packages/airflow/operators/bash.py", line 212, in execute
    raise AirflowException(
airflow.exceptions.AirflowException: Bash command failed. The command returned a non-zero exit code 2.
[2026-07-13T13:36:33.588+0000] {taskinstance.py:1138} INFO - Marking task as UP_FOR_RETRY. dag_id=ecommerce_batch_pipeline, task_id=setup_duckdb, execution_date=20260713T124853, start_date=20260713T133633, end_date=20260713T133633
[2026-07-13T13:36:33.606+0000] {standard_task_runner.py:107} ERROR - Failed to execute job 58 for task setup_duckdb (Bash command failed. The command returned a non-zero exit code 2.; 575)
[2026-07-13T13:36:33.612+0000] {local_task_job_runner.py:234} INFO - Task exited with return code 1
[2026-07-13T13:36:33.628+0000] {taskinstance.py:3280} INFO - 0 downstream tasks scheduled from follow-on schedule check
