[2026-07-13T10:50:22.938+0000] {taskinstance.py:1956} INFO - Dependencies all met for dep_context=non-requeueable deps ti=<TaskInstance: ecommerce_batch_pipeline.spark_clean_payments scheduled__2026-07-12T06:00:00+00:00 [queued]>
[2026-07-13T10:50:22.948+0000] {taskinstance.py:1956} INFO - Dependencies all met for dep_context=requeueable deps ti=<TaskInstance: ecommerce_batch_pipeline.spark_clean_payments scheduled__2026-07-12T06:00:00+00:00 [queued]>
[2026-07-13T10:50:22.948+0000] {taskinstance.py:2170} INFO - Starting attempt 2 of 2
[2026-07-13T10:50:22.970+0000] {taskinstance.py:2191} INFO - Executing <Task(BashOperator): spark_clean_payments> on 2026-07-12 06:00:00+00:00
[2026-07-13T10:50:22.978+0000] {standard_task_runner.py:60} INFO - Started process 2652 to run task
[2026-07-13T10:50:22.986+0000] {standard_task_runner.py:87} INFO - Running: ['***', 'tasks', 'run', 'ecommerce_batch_pipeline', 'spark_clean_payments', 'scheduled__2026-07-12T06:00:00+00:00', '--job-id', '20', '--raw', '--subdir', 'DAGS_FOLDER/ecommerce_batch_dag.py', '--cfg-path', '/tmp/tmpdoum2zxv']
[2026-07-13T10:50:22.992+0000] {standard_task_runner.py:88} INFO - Job 20: Subtask spark_clean_payments
[2026-07-13T10:50:23.073+0000] {task_command.py:423} INFO - Running <TaskInstance: ecommerce_batch_pipeline.spark_clean_payments scheduled__2026-07-12T06:00:00+00:00 [running]> on host 4860064ad401
[2026-07-13T10:50:23.164+0000] {taskinstance.py:2480} INFO - Exporting env vars: AIRFLOW_CTX_DAG_OWNER='de-team' AIRFLOW_CTX_DAG_ID='ecommerce_batch_pipeline' AIRFLOW_CTX_TASK_ID='spark_clean_payments' AIRFLOW_CTX_EXECUTION_DATE='2026-07-12T06:00:00+00:00' AIRFLOW_CTX_TRY_NUMBER='2' AIRFLOW_CTX_DAG_RUN_ID='scheduled__2026-07-12T06:00:00+00:00'
[2026-07-13T10:50:23.167+0000] {subprocess.py:63} INFO - Tmp dir root location: /tmp
[2026-07-13T10:50:23.168+0000] {subprocess.py:75} INFO - Running command: ['/usr/bin/bash', '-c', 'python /opt/***/spark/jobs/clean_payments.py']
[2026-07-13T10:50:23.182+0000] {subprocess.py:86} INFO - Output:
[2026-07-13T10:50:27.159+0000] {subprocess.py:93} INFO - Setting default log level to "WARN".
[2026-07-13T10:50:27.160+0000] {subprocess.py:93} INFO - To adjust logging level use sc.setLogLevel(newLevel). For SparkR, use setLogLevel(newLevel).
[2026-07-13T10:50:27.647+0000] {subprocess.py:93} INFO - 26/07/13 10:50:27 WARN NativeCodeLoader: Unable to load native-hadoop library for your platform... using builtin-java classes where applicable
[2026-07-13T10:50:29.758+0000] {subprocess.py:93} INFO - 26/07/13 10:50:29 WARN Utils: Service 'SparkUI' could not bind on port 4040. Attempting port 4041.
[2026-07-13T10:50:29.763+0000] {subprocess.py:93} INFO - 26/07/13 10:50:29 WARN Utils: Service 'SparkUI' could not bind on port 4041. Attempting port 4042.
[2026-07-13T10:50:29.764+0000] {subprocess.py:93} INFO - 26/07/13 10:50:29 WARN Utils: Service 'SparkUI' could not bind on port 4042. Attempting port 4043.
[2026-07-13T10:50:34.141+0000] {subprocess.py:93} INFO - Traceback (most recent call last):
[2026-07-13T10:50:34.141+0000] {subprocess.py:93} INFO -   File "/opt/***/spark/jobs/clean_payments.py", line 12, in <module>
[2026-07-13T10:50:34.142+0000] {subprocess.py:93} INFO -     df = spark.read.csv(
[2026-07-13T10:50:34.143+0000] {subprocess.py:93} INFO -   File "/home/***/.local/lib/python3.8/site-packages/pyspark/sql/readwriter.py", line 740, in csv
[2026-07-13T10:50:34.144+0000] {subprocess.py:93} INFO -     return self._df(self._jreader.csv(self._spark._sc._jvm.PythonUtils.toSeq(path)))
[2026-07-13T10:50:34.148+0000] {subprocess.py:93} INFO -   File "/home/***/.local/lib/python3.8/site-packages/py4j/java_gateway.py", line 1362, in __call__
[2026-07-13T10:50:34.148+0000] {subprocess.py:93} INFO -     return_value = get_return_value(
[2026-07-13T10:50:34.152+0000] {subprocess.py:93} INFO -   File "/home/***/.local/lib/python3.8/site-packages/pyspark/errors/exceptions/captured.py", line 185, in deco
[2026-07-13T10:50:34.153+0000] {subprocess.py:93} INFO -     raise converted from None
[2026-07-13T10:50:34.153+0000] {subprocess.py:93} INFO - pyspark.errors.exceptions.captured.AnalysisException: [PATH_NOT_FOUND] Path does not exist: file:/tmp/***tmp3n1j7lrr/data/raw/olist_order_payments_dataset.csv.
[2026-07-13T10:50:34.864+0000] {subprocess.py:97} INFO - Command exited with return code 1
[2026-07-13T10:50:34.886+0000] {taskinstance.py:2698} ERROR - Task failed with exception
Traceback (most recent call last):
  File "/home/airflow/.local/lib/python3.8/site-packages/airflow/models/taskinstance.py", line 433, in _execute_task
    result = execute_callable(context=context, **execute_callable_kwargs)
  File "/home/airflow/.local/lib/python3.8/site-packages/airflow/operators/bash.py", line 212, in execute
    raise AirflowException(
airflow.exceptions.AirflowException: Bash command failed. The command returned a non-zero exit code 1.
[2026-07-13T10:50:34.894+0000] {taskinstance.py:1138} INFO - Marking task as FAILED. dag_id=ecommerce_batch_pipeline, task_id=spark_clean_payments, execution_date=20260712T060000, start_date=20260713T105022, end_date=20260713T105034
[2026-07-13T10:50:34.913+0000] {standard_task_runner.py:107} ERROR - Failed to execute job 20 for task spark_clean_payments (Bash command failed. The command returned a non-zero exit code 1.; 2652)
[2026-07-13T10:50:34.930+0000] {local_task_job_runner.py:234} INFO - Task exited with return code 1
[2026-07-13T10:50:34.977+0000] {taskinstance.py:3280} INFO - 0 downstream tasks scheduled from follow-on schedule check
[2026-07-13T11:24:51.280+0000] {taskinstance.py:1956} INFO - Dependencies all met for dep_context=non-requeueable deps ti=<TaskInstance: ecommerce_batch_pipeline.spark_clean_payments scheduled__2026-07-12T06:00:00+00:00 [queued]>
[2026-07-13T11:24:51.292+0000] {taskinstance.py:1956} INFO - Dependencies all met for dep_context=requeueable deps ti=<TaskInstance: ecommerce_batch_pipeline.spark_clean_payments scheduled__2026-07-12T06:00:00+00:00 [queued]>
[2026-07-13T11:24:51.293+0000] {taskinstance.py:2170} INFO - Starting attempt 2 of 2
[2026-07-13T11:24:51.307+0000] {taskinstance.py:2191} INFO - Executing <Task(BashOperator): spark_clean_payments> on 2026-07-12 06:00:00+00:00
[2026-07-13T11:24:51.314+0000] {standard_task_runner.py:60} INFO - Started process 2751 to run task
[2026-07-13T11:24:51.318+0000] {standard_task_runner.py:87} INFO - Running: ['***', 'tasks', 'run', 'ecommerce_batch_pipeline', 'spark_clean_payments', 'scheduled__2026-07-12T06:00:00+00:00', '--job-id', '19', '--raw', '--subdir', 'DAGS_FOLDER/ecommerce_batch_dag.py', '--cfg-path', '/tmp/tmp6q01cwq4']
[2026-07-13T11:24:51.321+0000] {standard_task_runner.py:88} INFO - Job 19: Subtask spark_clean_payments
[2026-07-13T11:24:51.386+0000] {task_command.py:423} INFO - Running <TaskInstance: ecommerce_batch_pipeline.spark_clean_payments scheduled__2026-07-12T06:00:00+00:00 [running]> on host 06b563078c53
[2026-07-13T11:24:51.472+0000] {taskinstance.py:2480} INFO - Exporting env vars: AIRFLOW_CTX_DAG_OWNER='de-team' AIRFLOW_CTX_DAG_ID='ecommerce_batch_pipeline' AIRFLOW_CTX_TASK_ID='spark_clean_payments' AIRFLOW_CTX_EXECUTION_DATE='2026-07-12T06:00:00+00:00' AIRFLOW_CTX_TRY_NUMBER='2' AIRFLOW_CTX_DAG_RUN_ID='scheduled__2026-07-12T06:00:00+00:00'
[2026-07-13T11:24:51.475+0000] {subprocess.py:63} INFO - Tmp dir root location: /tmp
[2026-07-13T11:24:51.476+0000] {subprocess.py:75} INFO - Running command: ['/usr/bin/bash', '-c', 'python /opt/***/spark/jobs/clean_payments.py']
[2026-07-13T11:24:51.494+0000] {subprocess.py:86} INFO - Output:
[2026-07-13T11:24:55.711+0000] {subprocess.py:93} INFO - Setting default log level to "WARN".
[2026-07-13T11:24:55.711+0000] {subprocess.py:93} INFO - To adjust logging level use sc.setLogLevel(newLevel). For SparkR, use setLogLevel(newLevel).
[2026-07-13T11:24:55.980+0000] {subprocess.py:93} INFO - 26/07/13 11:24:55 WARN NativeCodeLoader: Unable to load native-hadoop library for your platform... using builtin-java classes where applicable
[2026-07-13T11:24:58.060+0000] {subprocess.py:93} INFO - 26/07/13 11:24:58 WARN Utils: Service 'SparkUI' could not bind on port 4040. Attempting port 4041.
[2026-07-13T11:24:58.069+0000] {subprocess.py:93} INFO - 26/07/13 11:24:58 WARN Utils: Service 'SparkUI' could not bind on port 4041. Attempting port 4042.
[2026-07-13T11:25:04.227+0000] {subprocess.py:93} INFO - Traceback (most recent call last):
[2026-07-13T11:25:04.227+0000] {subprocess.py:93} INFO -   File "/opt/***/spark/jobs/clean_payments.py", line 12, in <module>
[2026-07-13T11:25:04.228+0000] {subprocess.py:93} INFO -     df = spark.read.csv(
[2026-07-13T11:25:04.228+0000] {subprocess.py:93} INFO -   File "/home/***/.local/lib/python3.8/site-packages/pyspark/sql/readwriter.py", line 740, in csv
[2026-07-13T11:25:04.228+0000] {subprocess.py:93} INFO -     return self._df(self._jreader.csv(self._spark._sc._jvm.PythonUtils.toSeq(path)))
[2026-07-13T11:25:04.228+0000] {subprocess.py:93} INFO -   File "/home/***/.local/lib/python3.8/site-packages/py4j/java_gateway.py", line 1362, in __call__
[2026-07-13T11:25:04.228+0000] {subprocess.py:93} INFO -     return_value = get_return_value(
[2026-07-13T11:25:04.228+0000] {subprocess.py:93} INFO -   File "/home/***/.local/lib/python3.8/site-packages/pyspark/errors/exceptions/captured.py", line 185, in deco
[2026-07-13T11:25:04.229+0000] {subprocess.py:93} INFO -     raise converted from None
[2026-07-13T11:25:04.229+0000] {subprocess.py:93} INFO - pyspark.errors.exceptions.captured.AnalysisException: [PATH_NOT_FOUND] Path does not exist: file:/tmp/***tmpxucjb51c/data/raw/olist_order_payments_dataset.csv.
[2026-07-13T11:25:05.178+0000] {subprocess.py:97} INFO - Command exited with return code 1
[2026-07-13T11:25:05.207+0000] {taskinstance.py:2698} ERROR - Task failed with exception
Traceback (most recent call last):
  File "/home/airflow/.local/lib/python3.8/site-packages/airflow/models/taskinstance.py", line 433, in _execute_task
    result = execute_callable(context=context, **execute_callable_kwargs)
  File "/home/airflow/.local/lib/python3.8/site-packages/airflow/operators/bash.py", line 212, in execute
    raise AirflowException(
airflow.exceptions.AirflowException: Bash command failed. The command returned a non-zero exit code 1.
[2026-07-13T11:25:05.218+0000] {taskinstance.py:1138} INFO - Marking task as FAILED. dag_id=ecommerce_batch_pipeline, task_id=spark_clean_payments, execution_date=20260712T060000, start_date=20260713T112451, end_date=20260713T112505
[2026-07-13T11:25:05.281+0000] {standard_task_runner.py:107} ERROR - Failed to execute job 19 for task spark_clean_payments (Bash command failed. The command returned a non-zero exit code 1.; 2751)
[2026-07-13T11:25:05.337+0000] {local_task_job_runner.py:234} INFO - Task exited with return code 1
[2026-07-13T11:25:05.383+0000] {taskinstance.py:3280} INFO - 0 downstream tasks scheduled from follow-on schedule check
