[2026-07-13T10:25:23.887+0000] {taskinstance.py:1956} INFO - Dependencies all met for dep_context=non-requeueable deps ti=<TaskInstance: ecommerce_batch_pipeline.spark_clean_order_items manual__2026-07-13T09:15:12.080232+00:00 [queued]>
[2026-07-13T10:25:23.914+0000] {taskinstance.py:1956} INFO - Dependencies all met for dep_context=requeueable deps ti=<TaskInstance: ecommerce_batch_pipeline.spark_clean_order_items manual__2026-07-13T09:15:12.080232+00:00 [queued]>
[2026-07-13T10:25:23.915+0000] {taskinstance.py:2170} INFO - Starting attempt 2 of 2
[2026-07-13T10:25:23.942+0000] {taskinstance.py:2191} INFO - Executing <Task(BashOperator): spark_clean_order_items> on 2026-07-13 09:15:12.080232+00:00
[2026-07-13T10:25:23.960+0000] {standard_task_runner.py:60} INFO - Started process 1684 to run task
[2026-07-13T10:25:23.976+0000] {standard_task_runner.py:87} INFO - Running: ['***', 'tasks', 'run', 'ecommerce_batch_pipeline', 'spark_clean_order_items', 'manual__2026-07-13T09:15:12.080232+00:00', '--job-id', '121', '--raw', '--subdir', 'DAGS_FOLDER/ecommerce_batch_dag.py', '--cfg-path', '/tmp/tmpky0_4lcv']
[2026-07-13T10:25:24.003+0000] {standard_task_runner.py:88} INFO - Job 121: Subtask spark_clean_order_items
[2026-07-13T10:25:24.260+0000] {task_command.py:423} INFO - Running <TaskInstance: ecommerce_batch_pipeline.spark_clean_order_items manual__2026-07-13T09:15:12.080232+00:00 [running]> on host 3b28fe8418c7
[2026-07-13T10:25:24.596+0000] {taskinstance.py:2480} INFO - Exporting env vars: AIRFLOW_CTX_DAG_OWNER='de-team' AIRFLOW_CTX_DAG_ID='ecommerce_batch_pipeline' AIRFLOW_CTX_TASK_ID='spark_clean_order_items' AIRFLOW_CTX_EXECUTION_DATE='2026-07-13T09:15:12.080232+00:00' AIRFLOW_CTX_TRY_NUMBER='2' AIRFLOW_CTX_DAG_RUN_ID='manual__2026-07-13T09:15:12.080232+00:00'
[2026-07-13T10:25:24.611+0000] {subprocess.py:63} INFO - Tmp dir root location: /tmp
[2026-07-13T10:25:24.613+0000] {subprocess.py:75} INFO - Running command: ['/usr/bin/bash', '-c', 'python /opt/***/spark/jobs/clean_order_items.py']
[2026-07-13T10:25:24.695+0000] {subprocess.py:86} INFO - Output:
[2026-07-13T10:25:35.596+0000] {subprocess.py:93} INFO - Setting default log level to "WARN".
[2026-07-13T10:25:35.598+0000] {subprocess.py:93} INFO - To adjust logging level use sc.setLogLevel(newLevel). For SparkR, use setLogLevel(newLevel).
[2026-07-13T10:25:36.619+0000] {subprocess.py:93} INFO - 26/07/13 10:25:36 WARN NativeCodeLoader: Unable to load native-hadoop library for your platform... using builtin-java classes where applicable
[2026-07-13T10:25:41.977+0000] {subprocess.py:93} INFO - 26/07/13 10:25:41 WARN Utils: Service 'SparkUI' could not bind on port 4040. Attempting port 4041.
[2026-07-13T10:25:41.981+0000] {subprocess.py:93} INFO - 26/07/13 10:25:41 WARN Utils: Service 'SparkUI' could not bind on port 4041. Attempting port 4042.
[2026-07-13T10:25:41.989+0000] {subprocess.py:93} INFO - 26/07/13 10:25:41 WARN Utils: Service 'SparkUI' could not bind on port 4042. Attempting port 4043.
[2026-07-13T10:25:41.990+0000] {subprocess.py:93} INFO - 26/07/13 10:25:41 WARN Utils: Service 'SparkUI' could not bind on port 4043. Attempting port 4044.
[2026-07-13T10:25:41.990+0000] {subprocess.py:93} INFO - 26/07/13 10:25:41 WARN Utils: Service 'SparkUI' could not bind on port 4044. Attempting port 4045.
[2026-07-13T10:25:41.991+0000] {subprocess.py:93} INFO - 26/07/13 10:25:41 WARN Utils: Service 'SparkUI' could not bind on port 4045. Attempting port 4046.
[2026-07-13T10:25:48.875+0000] {subprocess.py:93} INFO - Traceback (most recent call last):
[2026-07-13T10:25:48.876+0000] {subprocess.py:93} INFO -   File "/opt/***/spark/jobs/clean_order_items.py", line 11, in <module>
[2026-07-13T10:25:48.881+0000] {subprocess.py:93} INFO -     df = spark.read.csv(
[2026-07-13T10:25:48.882+0000] {subprocess.py:93} INFO -   File "/home/***/.local/lib/python3.8/site-packages/pyspark/sql/readwriter.py", line 740, in csv
[2026-07-13T10:25:48.882+0000] {subprocess.py:93} INFO -     return self._df(self._jreader.csv(self._spark._sc._jvm.PythonUtils.toSeq(path)))
[2026-07-13T10:25:48.883+0000] {subprocess.py:93} INFO -   File "/home/***/.local/lib/python3.8/site-packages/py4j/java_gateway.py", line 1362, in __call__
[2026-07-13T10:25:48.883+0000] {subprocess.py:93} INFO -     return_value = get_return_value(
[2026-07-13T10:25:48.884+0000] {subprocess.py:93} INFO -   File "/home/***/.local/lib/python3.8/site-packages/pyspark/errors/exceptions/captured.py", line 185, in deco
[2026-07-13T10:25:48.884+0000] {subprocess.py:93} INFO -     raise converted from None
[2026-07-13T10:25:48.884+0000] {subprocess.py:93} INFO - pyspark.errors.exceptions.captured.AnalysisException: [PATH_NOT_FOUND] Path does not exist: file:/tmp/***tmp1fwt_jyh/data/raw/olist_order_items_dataset.csv.
[2026-07-13T10:25:49.566+0000] {subprocess.py:97} INFO - Command exited with return code 1
[2026-07-13T10:25:49.581+0000] {taskinstance.py:2698} ERROR - Task failed with exception
Traceback (most recent call last):
  File "/home/airflow/.local/lib/python3.8/site-packages/airflow/models/taskinstance.py", line 433, in _execute_task
    result = execute_callable(context=context, **execute_callable_kwargs)
  File "/home/airflow/.local/lib/python3.8/site-packages/airflow/operators/bash.py", line 212, in execute
    raise AirflowException(
airflow.exceptions.AirflowException: Bash command failed. The command returned a non-zero exit code 1.
[2026-07-13T10:25:49.589+0000] {taskinstance.py:1138} INFO - Marking task as FAILED. dag_id=ecommerce_batch_pipeline, task_id=spark_clean_order_items, execution_date=20260713T091512, start_date=20260713T102523, end_date=20260713T102549
[2026-07-13T10:25:49.645+0000] {standard_task_runner.py:107} ERROR - Failed to execute job 121 for task spark_clean_order_items (Bash command failed. The command returned a non-zero exit code 1.; 1684)
[2026-07-13T10:25:49.681+0000] {local_task_job_runner.py:234} INFO - Task exited with return code 1
[2026-07-13T10:25:49.720+0000] {taskinstance.py:3280} INFO - 0 downstream tasks scheduled from follow-on schedule check
