[2026-07-13T11:10:31.912+0000] {taskinstance.py:1956} INFO - Dependencies all met for dep_context=non-requeueable deps ti=<TaskInstance: ecommerce_batch_pipeline.spark_clean_customers manual__2026-07-13T11:04:18.218912+00:00 [queued]>
[2026-07-13T11:10:31.932+0000] {taskinstance.py:1956} INFO - Dependencies all met for dep_context=requeueable deps ti=<TaskInstance: ecommerce_batch_pipeline.spark_clean_customers manual__2026-07-13T11:04:18.218912+00:00 [queued]>
[2026-07-13T11:10:31.934+0000] {taskinstance.py:2170} INFO - Starting attempt 2 of 2
[2026-07-13T11:10:31.962+0000] {taskinstance.py:2191} INFO - Executing <Task(BashOperator): spark_clean_customers> on 2026-07-13 11:04:18.218912+00:00
[2026-07-13T11:10:31.973+0000] {standard_task_runner.py:60} INFO - Started process 6844 to run task
[2026-07-13T11:10:32.011+0000] {standard_task_runner.py:87} INFO - Running: ['***', 'tasks', 'run', 'ecommerce_batch_pipeline', 'spark_clean_customers', 'manual__2026-07-13T11:04:18.218912+00:00', '--job-id', '44', '--raw', '--subdir', 'DAGS_FOLDER/ecommerce_batch_dag.py', '--cfg-path', '/tmp/tmpd0gwbvh9']
[2026-07-13T11:10:32.021+0000] {standard_task_runner.py:88} INFO - Job 44: Subtask spark_clean_customers
[2026-07-13T11:10:32.096+0000] {task_command.py:423} INFO - Running <TaskInstance: ecommerce_batch_pipeline.spark_clean_customers manual__2026-07-13T11:04:18.218912+00:00 [running]> on host 4860064ad401
[2026-07-13T11:10:32.266+0000] {taskinstance.py:2480} INFO - Exporting env vars: AIRFLOW_CTX_DAG_OWNER='de-team' AIRFLOW_CTX_DAG_ID='ecommerce_batch_pipeline' AIRFLOW_CTX_TASK_ID='spark_clean_customers' AIRFLOW_CTX_EXECUTION_DATE='2026-07-13T11:04:18.218912+00:00' AIRFLOW_CTX_TRY_NUMBER='2' AIRFLOW_CTX_DAG_RUN_ID='manual__2026-07-13T11:04:18.218912+00:00'
[2026-07-13T11:10:32.271+0000] {subprocess.py:63} INFO - Tmp dir root location: /tmp
[2026-07-13T11:10:32.273+0000] {subprocess.py:75} INFO - Running command: ['/usr/bin/bash', '-c', 'python /opt/***/spark/jobs/clean_customers.py']
[2026-07-13T11:10:32.298+0000] {subprocess.py:86} INFO - Output:
[2026-07-13T11:10:35.777+0000] {subprocess.py:93} INFO - Setting default log level to "WARN".
[2026-07-13T11:10:35.778+0000] {subprocess.py:93} INFO - To adjust logging level use sc.setLogLevel(newLevel). For SparkR, use setLogLevel(newLevel).
[2026-07-13T11:10:36.194+0000] {subprocess.py:93} INFO - 26/07/13 11:10:36 WARN NativeCodeLoader: Unable to load native-hadoop library for your platform... using builtin-java classes where applicable
[2026-07-13T11:10:37.918+0000] {subprocess.py:93} INFO - 26/07/13 11:10:37 WARN Utils: Service 'SparkUI' could not bind on port 4040. Attempting port 4041.
[2026-07-13T11:10:37.923+0000] {subprocess.py:93} INFO - 26/07/13 11:10:37 WARN Utils: Service 'SparkUI' could not bind on port 4041. Attempting port 4042.
[2026-07-13T11:10:37.932+0000] {subprocess.py:93} INFO - 26/07/13 11:10:37 WARN Utils: Service 'SparkUI' could not bind on port 4042. Attempting port 4043.
[2026-07-13T11:10:42.371+0000] {subprocess.py:93} INFO - Traceback (most recent call last):
[2026-07-13T11:10:42.372+0000] {subprocess.py:93} INFO -   File "/opt/***/spark/jobs/clean_customers.py", line 11, in <module>
[2026-07-13T11:10:42.373+0000] {subprocess.py:93} INFO -     df = spark.read.csv(
[2026-07-13T11:10:42.373+0000] {subprocess.py:93} INFO -   File "/home/***/.local/lib/python3.8/site-packages/pyspark/sql/readwriter.py", line 740, in csv
[2026-07-13T11:10:42.373+0000] {subprocess.py:93} INFO -     return self._df(self._jreader.csv(self._spark._sc._jvm.PythonUtils.toSeq(path)))
[2026-07-13T11:10:42.374+0000] {subprocess.py:93} INFO -   File "/home/***/.local/lib/python3.8/site-packages/py4j/java_gateway.py", line 1362, in __call__
[2026-07-13T11:10:42.374+0000] {subprocess.py:93} INFO -     return_value = get_return_value(
[2026-07-13T11:10:42.374+0000] {subprocess.py:93} INFO -   File "/home/***/.local/lib/python3.8/site-packages/pyspark/errors/exceptions/captured.py", line 185, in deco
[2026-07-13T11:10:42.374+0000] {subprocess.py:93} INFO -     raise converted from None
[2026-07-13T11:10:42.375+0000] {subprocess.py:93} INFO - pyspark.errors.exceptions.captured.AnalysisException: [PATH_NOT_FOUND] Path does not exist: file:/tmp/***tmpk_03akko/data/raw/olist_customers_dataset.csv.
[2026-07-13T11:10:43.652+0000] {subprocess.py:97} INFO - Command exited with return code 1
[2026-07-13T11:10:43.663+0000] {taskinstance.py:2698} ERROR - Task failed with exception
Traceback (most recent call last):
  File "/home/airflow/.local/lib/python3.8/site-packages/airflow/models/taskinstance.py", line 433, in _execute_task
    result = execute_callable(context=context, **execute_callable_kwargs)
  File "/home/airflow/.local/lib/python3.8/site-packages/airflow/operators/bash.py", line 212, in execute
    raise AirflowException(
airflow.exceptions.AirflowException: Bash command failed. The command returned a non-zero exit code 1.
[2026-07-13T11:10:43.714+0000] {taskinstance.py:1138} INFO - Marking task as FAILED. dag_id=ecommerce_batch_pipeline, task_id=spark_clean_customers, execution_date=20260713T110418, start_date=20260713T111031, end_date=20260713T111043
[2026-07-13T11:10:43.777+0000] {standard_task_runner.py:107} ERROR - Failed to execute job 44 for task spark_clean_customers (Bash command failed. The command returned a non-zero exit code 1.; 6844)
[2026-07-13T11:10:43.790+0000] {local_task_job_runner.py:234} INFO - Task exited with return code 1
[2026-07-13T11:10:43.861+0000] {taskinstance.py:3280} INFO - 0 downstream tasks scheduled from follow-on schedule check
