[2026-07-12T10:45:50.355+0000] {taskinstance.py:1956} INFO - Dependencies all met for dep_context=non-requeueable deps ti=<TaskInstance: ecommerce_batch_pipeline.spark_clean_reviews scheduled__2026-07-11T06:00:00+00:00 [queued]>
[2026-07-12T10:45:50.370+0000] {taskinstance.py:1956} INFO - Dependencies all met for dep_context=requeueable deps ti=<TaskInstance: ecommerce_batch_pipeline.spark_clean_reviews scheduled__2026-07-11T06:00:00+00:00 [queued]>
[2026-07-12T10:45:50.371+0000] {taskinstance.py:2170} INFO - Starting attempt 2 of 2
[2026-07-12T10:45:50.392+0000] {taskinstance.py:2191} INFO - Executing <Task(BashOperator): spark_clean_reviews> on 2026-07-11 06:00:00+00:00
[2026-07-12T10:45:50.403+0000] {standard_task_runner.py:60} INFO - Started process 285 to run task
[2026-07-12T10:45:50.411+0000] {standard_task_runner.py:87} INFO - Running: ['***', 'tasks', 'run', 'ecommerce_batch_pipeline', 'spark_clean_reviews', 'scheduled__2026-07-11T06:00:00+00:00', '--job-id', '39', '--raw', '--subdir', 'DAGS_FOLDER/ecommerce_batch_dag.py', '--cfg-path', '/tmp/tmpytdzrxlk']
[2026-07-12T10:45:50.417+0000] {standard_task_runner.py:88} INFO - Job 39: Subtask spark_clean_reviews
[2026-07-12T10:45:50.534+0000] {task_command.py:423} INFO - Running <TaskInstance: ecommerce_batch_pipeline.spark_clean_reviews scheduled__2026-07-11T06:00:00+00:00 [running]> on host b33cd6d57ec3
[2026-07-12T10:45:50.686+0000] {taskinstance.py:2480} INFO - Exporting env vars: AIRFLOW_CTX_DAG_OWNER='de-team' AIRFLOW_CTX_DAG_ID='ecommerce_batch_pipeline' AIRFLOW_CTX_TASK_ID='spark_clean_reviews' AIRFLOW_CTX_EXECUTION_DATE='2026-07-11T06:00:00+00:00' AIRFLOW_CTX_TRY_NUMBER='2' AIRFLOW_CTX_DAG_RUN_ID='scheduled__2026-07-11T06:00:00+00:00'
[2026-07-12T10:45:50.689+0000] {subprocess.py:63} INFO - Tmp dir root location: /tmp
[2026-07-12T10:45:50.691+0000] {subprocess.py:75} INFO - Running command: ['/usr/bin/bash', '-c', 'python /opt/***/spark/jobs/clean_reviews.py']
[2026-07-12T10:45:50.722+0000] {subprocess.py:86} INFO - Output:
[2026-07-12T10:45:50.768+0000] {subprocess.py:93} INFO - Traceback (most recent call last):
[2026-07-12T10:45:50.769+0000] {subprocess.py:93} INFO -   File "/opt/***/spark/jobs/clean_reviews.py", line 1, in <module>
[2026-07-12T10:45:50.770+0000] {subprocess.py:93} INFO -     from pyspark.sql import SparkSession
[2026-07-12T10:45:50.770+0000] {subprocess.py:93} INFO - ModuleNotFoundError: No module named 'pyspark'
[2026-07-12T10:45:50.772+0000] {subprocess.py:97} INFO - Command exited with return code 1
[2026-07-12T10:45:50.795+0000] {taskinstance.py:2698} ERROR - Task failed with exception
Traceback (most recent call last):
  File "/home/airflow/.local/lib/python3.8/site-packages/airflow/models/taskinstance.py", line 433, in _execute_task
    result = execute_callable(context=context, **execute_callable_kwargs)
  File "/home/airflow/.local/lib/python3.8/site-packages/airflow/operators/bash.py", line 212, in execute
    raise AirflowException(
airflow.exceptions.AirflowException: Bash command failed. The command returned a non-zero exit code 1.
[2026-07-12T10:45:50.802+0000] {taskinstance.py:1138} INFO - Marking task as FAILED. dag_id=ecommerce_batch_pipeline, task_id=spark_clean_reviews, execution_date=20260711T060000, start_date=20260712T104550, end_date=20260712T104550
[2026-07-12T10:45:50.826+0000] {standard_task_runner.py:107} ERROR - Failed to execute job 39 for task spark_clean_reviews (Bash command failed. The command returned a non-zero exit code 1.; 285)
[2026-07-12T10:45:50.844+0000] {local_task_job_runner.py:234} INFO - Task exited with return code 1
[2026-07-12T10:45:50.895+0000] {taskinstance.py:3280} INFO - 0 downstream tasks scheduled from follow-on schedule check
