[2026-07-14T06:00:33.580+0000] {taskinstance.py:1956} INFO - Dependencies all met for dep_context=non-requeueable deps ti=<TaskInstance: ecommerce_batch_pipeline.spark_clean_payments scheduled__2026-07-13T06:00:00+00:00 [queued]>
[2026-07-14T06:00:33.586+0000] {taskinstance.py:1956} INFO - Dependencies all met for dep_context=requeueable deps ti=<TaskInstance: ecommerce_batch_pipeline.spark_clean_payments scheduled__2026-07-13T06:00:00+00:00 [queued]>
[2026-07-14T06:00:33.586+0000] {taskinstance.py:2170} INFO - Starting attempt 1 of 2
[2026-07-14T06:00:33.595+0000] {taskinstance.py:2191} INFO - Executing <Task(BashOperator): spark_clean_payments> on 2026-07-13 06:00:00+00:00
[2026-07-14T06:00:33.600+0000] {standard_task_runner.py:60} INFO - Started process 1737 to run task
[2026-07-14T06:00:33.602+0000] {standard_task_runner.py:87} INFO - Running: ['***', 'tasks', 'run', 'ecommerce_batch_pipeline', 'spark_clean_payments', 'scheduled__2026-07-13T06:00:00+00:00', '--job-id', '101', '--raw', '--subdir', 'DAGS_FOLDER/ecommerce_batch_dag.py', '--cfg-path', '/tmp/tmp80ru4axl']
[2026-07-14T06:00:33.604+0000] {standard_task_runner.py:88} INFO - Job 101: Subtask spark_clean_payments
[2026-07-14T06:00:33.642+0000] {task_command.py:423} INFO - Running <TaskInstance: ecommerce_batch_pipeline.spark_clean_payments scheduled__2026-07-13T06:00:00+00:00 [running]> on host 438c62ed51de
[2026-07-14T06:00:33.690+0000] {taskinstance.py:2480} INFO - Exporting env vars: AIRFLOW_CTX_DAG_OWNER='de-team' AIRFLOW_CTX_DAG_ID='ecommerce_batch_pipeline' AIRFLOW_CTX_TASK_ID='spark_clean_payments' AIRFLOW_CTX_EXECUTION_DATE='2026-07-13T06:00:00+00:00' AIRFLOW_CTX_TRY_NUMBER='1' AIRFLOW_CTX_DAG_RUN_ID='scheduled__2026-07-13T06:00:00+00:00'
[2026-07-14T06:00:33.692+0000] {subprocess.py:63} INFO - Tmp dir root location: /tmp
[2026-07-14T06:00:33.693+0000] {subprocess.py:75} INFO - Running command: ['/usr/bin/bash', '-c', 'python /opt/***/spark/jobs/clean_payments.py']
[2026-07-14T06:00:33.702+0000] {subprocess.py:86} INFO - Output:
[2026-07-14T06:00:35.042+0000] {subprocess.py:93} INFO - Setting default log level to "WARN".
[2026-07-14T06:00:35.043+0000] {subprocess.py:93} INFO - To adjust logging level use sc.setLogLevel(newLevel). For SparkR, use setLogLevel(newLevel).
[2026-07-14T06:00:35.237+0000] {subprocess.py:93} INFO - 26/07/14 06:00:35 WARN NativeCodeLoader: Unable to load native-hadoop library for your platform... using builtin-java classes where applicable
[2026-07-14T06:00:35.792+0000] {subprocess.py:93} INFO - 26/07/14 06:00:35 WARN Utils: Service 'SparkUI' could not bind on port 4040. Attempting port 4041.
[2026-07-14T06:00:44.570+0000] {subprocess.py:93} INFO - [Stage 5:>                                                          (0 + 2) / 2]                                                                                [Stage 13:>                                                         (0 + 4) / 4]                                                                                Raw row count: 103886
[2026-07-14T06:00:44.570+0000] {subprocess.py:93} INFO - root
[2026-07-14T06:00:44.570+0000] {subprocess.py:93} INFO -  |-- order_id: string (nullable = true)
[2026-07-14T06:00:44.570+0000] {subprocess.py:93} INFO -  |-- payment_sequential: integer (nullable = true)
[2026-07-14T06:00:44.570+0000] {subprocess.py:93} INFO -  |-- payment_type: string (nullable = true)
[2026-07-14T06:00:44.571+0000] {subprocess.py:93} INFO -  |-- payment_installments: integer (nullable = true)
[2026-07-14T06:00:44.571+0000] {subprocess.py:93} INFO -  |-- payment_value: double (nullable = true)
[2026-07-14T06:00:44.571+0000] {subprocess.py:93} INFO - 
[2026-07-14T06:00:44.571+0000] {subprocess.py:93} INFO - Clean row count: 103886
[2026-07-14T06:00:44.571+0000] {subprocess.py:93} INFO - ✅ clean_payments.py finished — written to data/silver/payments/
[2026-07-14T06:00:44.992+0000] {subprocess.py:97} INFO - Command exited with return code 0
[2026-07-14T06:00:45.014+0000] {taskinstance.py:1138} INFO - Marking task as SUCCESS. dag_id=ecommerce_batch_pipeline, task_id=spark_clean_payments, execution_date=20260713T060000, start_date=20260714T060033, end_date=20260714T060045
[2026-07-14T06:00:45.070+0000] {local_task_job_runner.py:234} INFO - Task exited with return code 0
[2026-07-14T06:00:45.088+0000] {taskinstance.py:3280} INFO - 0 downstream tasks scheduled from follow-on schedule check
