[2026-07-13T13:52:15.387+0000] {taskinstance.py:1956} INFO - Dependencies all met for dep_context=non-requeueable deps ti=<TaskInstance: ecommerce_batch_pipeline.spark_clean_orders manual__2026-07-13T13:51:59.942062+00:00 [queued]>
[2026-07-13T13:52:15.394+0000] {taskinstance.py:1956} INFO - Dependencies all met for dep_context=requeueable deps ti=<TaskInstance: ecommerce_batch_pipeline.spark_clean_orders manual__2026-07-13T13:51:59.942062+00:00 [queued]>
[2026-07-13T13:52:15.395+0000] {taskinstance.py:2170} INFO - Starting attempt 1 of 2
[2026-07-13T13:52:15.408+0000] {taskinstance.py:2191} INFO - Executing <Task(BashOperator): spark_clean_orders> on 2026-07-13 13:51:59.942062+00:00
[2026-07-13T13:52:15.418+0000] {standard_task_runner.py:60} INFO - Started process 683 to run task
[2026-07-13T13:52:15.421+0000] {standard_task_runner.py:87} INFO - Running: ['***', 'tasks', 'run', 'ecommerce_batch_pipeline', 'spark_clean_orders', 'manual__2026-07-13T13:51:59.942062+00:00', '--job-id', '69', '--raw', '--subdir', 'DAGS_FOLDER/ecommerce_batch_dag.py', '--cfg-path', '/tmp/tmpc_h5ysu3']
[2026-07-13T13:52:15.425+0000] {standard_task_runner.py:88} INFO - Job 69: Subtask spark_clean_orders
[2026-07-13T13:52:15.481+0000] {task_command.py:423} INFO - Running <TaskInstance: ecommerce_batch_pipeline.spark_clean_orders manual__2026-07-13T13:51:59.942062+00:00 [running]> on host 04af678acee0
[2026-07-13T13:52:15.528+0000] {taskinstance.py:2480} INFO - Exporting env vars: AIRFLOW_CTX_DAG_OWNER='de-team' AIRFLOW_CTX_DAG_ID='ecommerce_batch_pipeline' AIRFLOW_CTX_TASK_ID='spark_clean_orders' AIRFLOW_CTX_EXECUTION_DATE='2026-07-13T13:51:59.942062+00:00' AIRFLOW_CTX_TRY_NUMBER='1' AIRFLOW_CTX_DAG_RUN_ID='manual__2026-07-13T13:51:59.942062+00:00'
[2026-07-13T13:52:15.530+0000] {subprocess.py:63} INFO - Tmp dir root location: /tmp
[2026-07-13T13:52:15.531+0000] {subprocess.py:75} INFO - Running command: ['/usr/bin/bash', '-c', 'python /opt/***/spark/jobs/clean_orders.py']
[2026-07-13T13:52:15.540+0000] {subprocess.py:86} INFO - Output:
[2026-07-13T13:52:17.007+0000] {subprocess.py:93} INFO - Setting default log level to "WARN".
[2026-07-13T13:52:17.007+0000] {subprocess.py:93} INFO - To adjust logging level use sc.setLogLevel(newLevel). For SparkR, use setLogLevel(newLevel).
[2026-07-13T13:52:17.161+0000] {subprocess.py:93} INFO - 26/07/13 13:52:17 WARN NativeCodeLoader: Unable to load native-hadoop library for your platform... using builtin-java classes where applicable
[2026-07-13T13:52:17.786+0000] {subprocess.py:93} INFO - 26/07/13 13:52:17 WARN Utils: Service 'SparkUI' could not bind on port 4040. Attempting port 4041.
[2026-07-13T13:52:27.584+0000] {subprocess.py:93} INFO - [Stage 1:===========>                                               (1 + 4) / 5]                                                                                [Stage 2:>                                                          (0 + 5) / 5][Stage 2:===========>                                               (1 + 4) / 5][Stage 4:>                                                        (0 + 10) / 10]                                                                                ✅ clean_orders done — 99441 rows
[2026-07-13T13:52:27.997+0000] {subprocess.py:97} INFO - Command exited with return code 0
[2026-07-13T13:52:28.015+0000] {taskinstance.py:1138} INFO - Marking task as SUCCESS. dag_id=ecommerce_batch_pipeline, task_id=spark_clean_orders, execution_date=20260713T135159, start_date=20260713T135215, end_date=20260713T135228
[2026-07-13T13:52:28.062+0000] {local_task_job_runner.py:234} INFO - Task exited with return code 0
[2026-07-13T13:52:28.087+0000] {taskinstance.py:3280} INFO - 0 downstream tasks scheduled from follow-on schedule check
