[2026-07-14T06:00:18.706+0000] {taskinstance.py:1956} INFO - Dependencies all met for dep_context=non-requeueable deps ti=<TaskInstance: ecommerce_batch_pipeline.spark_clean_products scheduled__2026-07-13T06:00:00+00:00 [queued]>
[2026-07-14T06:00:18.712+0000] {taskinstance.py:1956} INFO - Dependencies all met for dep_context=requeueable deps ti=<TaskInstance: ecommerce_batch_pipeline.spark_clean_products scheduled__2026-07-13T06:00:00+00:00 [queued]>
[2026-07-14T06:00:18.712+0000] {taskinstance.py:2170} INFO - Starting attempt 1 of 2
[2026-07-14T06:00:18.725+0000] {taskinstance.py:2191} INFO - Executing <Task(BashOperator): spark_clean_products> on 2026-07-13 06:00:00+00:00
[2026-07-14T06:00:18.731+0000] {standard_task_runner.py:60} INFO - Started process 1173 to run task
[2026-07-14T06:00:18.733+0000] {standard_task_runner.py:87} INFO - Running: ['***', 'tasks', 'run', 'ecommerce_batch_pipeline', 'spark_clean_products', 'scheduled__2026-07-13T06:00:00+00:00', '--job-id', '98', '--raw', '--subdir', 'DAGS_FOLDER/ecommerce_batch_dag.py', '--cfg-path', '/tmp/tmp9sepwu8a']
[2026-07-14T06:00:18.735+0000] {standard_task_runner.py:88} INFO - Job 98: Subtask spark_clean_products
[2026-07-14T06:00:18.771+0000] {task_command.py:423} INFO - Running <TaskInstance: ecommerce_batch_pipeline.spark_clean_products scheduled__2026-07-13T06:00:00+00:00 [running]> on host 438c62ed51de
[2026-07-14T06:00:18.834+0000] {taskinstance.py:2480} INFO - Exporting env vars: AIRFLOW_CTX_DAG_OWNER='de-team' AIRFLOW_CTX_DAG_ID='ecommerce_batch_pipeline' AIRFLOW_CTX_TASK_ID='spark_clean_products' AIRFLOW_CTX_EXECUTION_DATE='2026-07-13T06:00:00+00:00' AIRFLOW_CTX_TRY_NUMBER='1' AIRFLOW_CTX_DAG_RUN_ID='scheduled__2026-07-13T06:00:00+00:00'
[2026-07-14T06:00:18.836+0000] {subprocess.py:63} INFO - Tmp dir root location: /tmp
[2026-07-14T06:00:18.836+0000] {subprocess.py:75} INFO - Running command: ['/usr/bin/bash', '-c', 'python /opt/***/spark/jobs/clean_products.py']
[2026-07-14T06:00:18.846+0000] {subprocess.py:86} INFO - Output:
[2026-07-14T06:00:20.707+0000] {subprocess.py:93} INFO - Setting default log level to "WARN".
[2026-07-14T06:00:20.708+0000] {subprocess.py:93} INFO - To adjust logging level use sc.setLogLevel(newLevel). For SparkR, use setLogLevel(newLevel).
[2026-07-14T06:00:20.917+0000] {subprocess.py:93} INFO - 26/07/14 06:00:20 WARN NativeCodeLoader: Unable to load native-hadoop library for your platform... using builtin-java classes where applicable
[2026-07-14T06:00:32.330+0000] {subprocess.py:93} INFO - [Stage 5:>                                                          (0 + 1) / 1][Stage 7:>                                                          (0 + 2) / 2]                                                                                ✅ clean_products done — 32951 rows
[2026-07-14T06:00:32.740+0000] {subprocess.py:97} INFO - Command exited with return code 0
[2026-07-14T06:00:32.761+0000] {taskinstance.py:1138} INFO - Marking task as SUCCESS. dag_id=ecommerce_batch_pipeline, task_id=spark_clean_products, execution_date=20260713T060000, start_date=20260714T060018, end_date=20260714T060032
[2026-07-14T06:00:32.806+0000] {local_task_job_runner.py:234} INFO - Task exited with return code 0
[2026-07-14T06:00:32.823+0000] {taskinstance.py:3280} INFO - 0 downstream tasks scheduled from follow-on schedule check
