[2026-07-14T06:00:45.135+0000] {taskinstance.py:1956} INFO - Dependencies all met for dep_context=non-requeueable deps ti=<TaskInstance: ecommerce_batch_pipeline.spark_clean_reviews scheduled__2026-07-13T06:00:00+00:00 [queued]>
[2026-07-14T06:00:45.142+0000] {taskinstance.py:1956} INFO - Dependencies all met for dep_context=requeueable deps ti=<TaskInstance: ecommerce_batch_pipeline.spark_clean_reviews scheduled__2026-07-13T06:00:00+00:00 [queued]>
[2026-07-14T06:00:45.142+0000] {taskinstance.py:2170} INFO - Starting attempt 1 of 2
[2026-07-14T06:00:45.152+0000] {taskinstance.py:2191} INFO - Executing <Task(BashOperator): spark_clean_reviews> on 2026-07-13 06:00:00+00:00
[2026-07-14T06:00:45.157+0000] {standard_task_runner.py:60} INFO - Started process 2268 to run task
[2026-07-14T06:00:45.160+0000] {standard_task_runner.py:87} INFO - Running: ['***', 'tasks', 'run', 'ecommerce_batch_pipeline', 'spark_clean_reviews', 'scheduled__2026-07-13T06:00:00+00:00', '--job-id', '102', '--raw', '--subdir', 'DAGS_FOLDER/ecommerce_batch_dag.py', '--cfg-path', '/tmp/tmpj07gtq6s']
[2026-07-14T06:00:45.162+0000] {standard_task_runner.py:88} INFO - Job 102: Subtask spark_clean_reviews
[2026-07-14T06:00:45.203+0000] {task_command.py:423} INFO - Running <TaskInstance: ecommerce_batch_pipeline.spark_clean_reviews scheduled__2026-07-13T06:00:00+00:00 [running]> on host 438c62ed51de
[2026-07-14T06:00:45.260+0000] {taskinstance.py:2480} INFO - Exporting env vars: AIRFLOW_CTX_DAG_OWNER='de-team' AIRFLOW_CTX_DAG_ID='ecommerce_batch_pipeline' AIRFLOW_CTX_TASK_ID='spark_clean_reviews' AIRFLOW_CTX_EXECUTION_DATE='2026-07-13T06:00:00+00:00' AIRFLOW_CTX_TRY_NUMBER='1' AIRFLOW_CTX_DAG_RUN_ID='scheduled__2026-07-13T06:00:00+00:00'
[2026-07-14T06:00:45.265+0000] {subprocess.py:63} INFO - Tmp dir root location: /tmp
[2026-07-14T06:00:45.266+0000] {subprocess.py:75} INFO - Running command: ['/usr/bin/bash', '-c', 'python /opt/***/spark/jobs/clean_reviews.py']
[2026-07-14T06:00:45.278+0000] {subprocess.py:86} INFO - Output:
[2026-07-14T06:00:46.809+0000] {subprocess.py:93} INFO - Setting default log level to "WARN".
[2026-07-14T06:00:46.810+0000] {subprocess.py:93} INFO - To adjust logging level use sc.setLogLevel(newLevel). For SparkR, use setLogLevel(newLevel).
[2026-07-14T06:00:46.941+0000] {subprocess.py:93} INFO - 26/07/14 06:00:46 WARN NativeCodeLoader: Unable to load native-hadoop library for your platform... using builtin-java classes where applicable
[2026-07-14T06:00:56.031+0000] {subprocess.py:93} INFO - [Stage 2:>                                                          (0 + 4) / 4][Stage 2:==============>                                            (1 + 3) / 4][Stage 4:>                                                        (0 + 12) / 12]                                                                                [Stage 5:==============>                                            (1 + 3) / 4]                                                                                ✅ clean_reviews done — 100782 rows
[2026-07-14T06:00:56.427+0000] {subprocess.py:97} INFO - Command exited with return code 0
[2026-07-14T06:00:56.450+0000] {taskinstance.py:1138} INFO - Marking task as SUCCESS. dag_id=ecommerce_batch_pipeline, task_id=spark_clean_reviews, execution_date=20260713T060000, start_date=20260714T060045, end_date=20260714T060056
[2026-07-14T06:00:56.503+0000] {local_task_job_runner.py:234} INFO - Task exited with return code 0
[2026-07-14T06:00:56.523+0000] {taskinstance.py:3280} INFO - 3 downstream tasks scheduled from follow-on schedule check
