[2026-07-14T06:01:27.837+0000] {taskinstance.py:1956} INFO - Dependencies all met for dep_context=non-requeueable deps ti=<TaskInstance: ecommerce_batch_pipeline.setup_duckdb scheduled__2026-07-13T06:00:00+00:00 [queued]>
[2026-07-14T06:01:27.850+0000] {taskinstance.py:1956} INFO - Dependencies all met for dep_context=requeueable deps ti=<TaskInstance: ecommerce_batch_pipeline.setup_duckdb scheduled__2026-07-13T06:00:00+00:00 [queued]>
[2026-07-14T06:01:27.850+0000] {taskinstance.py:2170} INFO - Starting attempt 1 of 2
[2026-07-14T06:01:27.860+0000] {taskinstance.py:2191} INFO - Executing <Task(BashOperator): setup_duckdb> on 2026-07-13 06:00:00+00:00
[2026-07-14T06:01:27.865+0000] {standard_task_runner.py:60} INFO - Started process 3605 to run task
[2026-07-14T06:01:27.869+0000] {standard_task_runner.py:87} INFO - Running: ['***', 'tasks', 'run', 'ecommerce_batch_pipeline', 'setup_duckdb', 'scheduled__2026-07-13T06:00:00+00:00', '--job-id', '106', '--raw', '--subdir', 'DAGS_FOLDER/ecommerce_batch_dag.py', '--cfg-path', '/tmp/tmpoule7ici']
[2026-07-14T06:01:27.872+0000] {standard_task_runner.py:88} INFO - Job 106: Subtask setup_duckdb
[2026-07-14T06:01:27.920+0000] {task_command.py:423} INFO - Running <TaskInstance: ecommerce_batch_pipeline.setup_duckdb scheduled__2026-07-13T06:00:00+00:00 [running]> on host 438c62ed51de
[2026-07-14T06:01:27.974+0000] {taskinstance.py:2480} INFO - Exporting env vars: AIRFLOW_CTX_DAG_OWNER='de-team' AIRFLOW_CTX_DAG_ID='ecommerce_batch_pipeline' AIRFLOW_CTX_TASK_ID='setup_duckdb' AIRFLOW_CTX_EXECUTION_DATE='2026-07-13T06:00:00+00:00' AIRFLOW_CTX_TRY_NUMBER='1' AIRFLOW_CTX_DAG_RUN_ID='scheduled__2026-07-13T06:00:00+00:00'
[2026-07-14T06:01:27.976+0000] {subprocess.py:63} INFO - Tmp dir root location: /tmp
[2026-07-14T06:01:27.977+0000] {subprocess.py:75} INFO - Running command: ['/usr/bin/bash', '-c', 'python /opt/***/scripts/setup_duckdb.py']
[2026-07-14T06:01:27.986+0000] {subprocess.py:86} INFO - Output:
[2026-07-14T06:01:28.524+0000] {subprocess.py:93} INFO - ✅ Tables registered in DuckDB:
[2026-07-14T06:01:28.524+0000] {subprocess.py:93} INFO - - customer_metrics
[2026-07-14T06:01:28.524+0000] {subprocess.py:93} INFO - - dim_seller
[2026-07-14T06:01:28.524+0000] {subprocess.py:93} INFO - - int_seller
[2026-07-14T06:01:28.524+0000] {subprocess.py:93} INFO - - orders_enriched
[2026-07-14T06:01:28.524+0000] {subprocess.py:93} INFO - - seller_metrics
[2026-07-14T06:01:28.524+0000] {subprocess.py:93} INFO - - stg_customer
[2026-07-14T06:01:28.524+0000] {subprocess.py:93} INFO - - stg_seller
[2026-07-14T06:01:28.530+0000] {subprocess.py:97} INFO - Command exited with return code 0
[2026-07-14T06:01:28.547+0000] {taskinstance.py:1138} INFO - Marking task as SUCCESS. dag_id=ecommerce_batch_pipeline, task_id=setup_duckdb, execution_date=20260713T060000, start_date=20260714T060127, end_date=20260714T060128
[2026-07-14T06:01:28.562+0000] {local_task_job_runner.py:234} INFO - Task exited with return code 0
[2026-07-14T06:01:28.581+0000] {taskinstance.py:3280} INFO - 1 downstream tasks scheduled from follow-on schedule check
