[2026-07-12T10:45:51.454+0000] {taskinstance.py:1956} INFO - Dependencies all met for dep_context=non-requeueable deps ti=<TaskInstance: ecommerce_batch_pipeline.spark_clean_payments manual__2026-07-12T10:40:42.073561+00:00 [queued]>
[2026-07-12T10:45:51.463+0000] {taskinstance.py:1956} INFO - Dependencies all met for dep_context=requeueable deps ti=<TaskInstance: ecommerce_batch_pipeline.spark_clean_payments manual__2026-07-12T10:40:42.073561+00:00 [queued]>
[2026-07-12T10:45:51.463+0000] {taskinstance.py:2170} INFO - Starting attempt 2 of 2
[2026-07-12T10:45:51.475+0000] {taskinstance.py:2191} INFO - Executing <Task(BashOperator): spark_clean_payments> on 2026-07-12 10:40:42.073561+00:00
[2026-07-12T10:45:51.482+0000] {standard_task_runner.py:60} INFO - Started process 303 to run task
[2026-07-12T10:45:51.486+0000] {standard_task_runner.py:87} INFO - Running: ['***', 'tasks', 'run', 'ecommerce_batch_pipeline', 'spark_clean_payments', 'manual__2026-07-12T10:40:42.073561+00:00', '--job-id', '46', '--raw', '--subdir', 'DAGS_FOLDER/ecommerce_batch_dag.py', '--cfg-path', '/tmp/tmpuqzbx3ww']
[2026-07-12T10:45:51.488+0000] {standard_task_runner.py:88} INFO - Job 46: Subtask spark_clean_payments
[2026-07-12T10:45:51.537+0000] {task_command.py:423} INFO - Running <TaskInstance: ecommerce_batch_pipeline.spark_clean_payments manual__2026-07-12T10:40:42.073561+00:00 [running]> on host b33cd6d57ec3
[2026-07-12T10:45:51.606+0000] {taskinstance.py:2480} INFO - Exporting env vars: AIRFLOW_CTX_DAG_OWNER='de-team' AIRFLOW_CTX_DAG_ID='ecommerce_batch_pipeline' AIRFLOW_CTX_TASK_ID='spark_clean_payments' AIRFLOW_CTX_EXECUTION_DATE='2026-07-12T10:40:42.073561+00:00' AIRFLOW_CTX_TRY_NUMBER='2' AIRFLOW_CTX_DAG_RUN_ID='manual__2026-07-12T10:40:42.073561+00:00'
[2026-07-12T10:45:51.608+0000] {subprocess.py:63} INFO - Tmp dir root location: /tmp
[2026-07-12T10:45:51.609+0000] {subprocess.py:75} INFO - Running command: ['/usr/bin/bash', '-c', 'python /opt/***/spark/jobs/clean_payments.py']
[2026-07-12T10:45:51.621+0000] {subprocess.py:86} INFO - Output:
[2026-07-12T10:45:51.648+0000] {subprocess.py:93} INFO - python: can't open file '/opt/***/spark/jobs/clean_payments.py': [Errno 2] No such file or directory
[2026-07-12T10:45:51.651+0000] {subprocess.py:97} INFO - Command exited with return code 2
[2026-07-12T10:45:51.666+0000] {taskinstance.py:2698} ERROR - Task failed with exception
Traceback (most recent call last):
  File "/home/airflow/.local/lib/python3.8/site-packages/airflow/models/taskinstance.py", line 433, in _execute_task
    result = execute_callable(context=context, **execute_callable_kwargs)
  File "/home/airflow/.local/lib/python3.8/site-packages/airflow/operators/bash.py", line 212, in execute
    raise AirflowException(
airflow.exceptions.AirflowException: Bash command failed. The command returned a non-zero exit code 2.
[2026-07-12T10:45:51.671+0000] {taskinstance.py:1138} INFO - Marking task as FAILED. dag_id=ecommerce_batch_pipeline, task_id=spark_clean_payments, execution_date=20260712T104042, start_date=20260712T104551, end_date=20260712T104551
[2026-07-12T10:45:51.693+0000] {standard_task_runner.py:107} ERROR - Failed to execute job 46 for task spark_clean_payments (Bash command failed. The command returned a non-zero exit code 2.; 303)
[2026-07-12T10:45:51.738+0000] {local_task_job_runner.py:234} INFO - Task exited with return code 1
[2026-07-12T10:45:51.771+0000] {taskinstance.py:3280} INFO - 0 downstream tasks scheduled from follow-on schedule check
