[2026-07-13T13:52:57.401+0000] {taskinstance.py:1956} INFO - Dependencies all met for dep_context=non-requeueable deps ti=<TaskInstance: ecommerce_batch_pipeline.spark_enrich_customer_metrics manual__2026-07-13T13:51:59.942062+00:00 [queued]>
[2026-07-13T13:52:57.411+0000] {taskinstance.py:1956} INFO - Dependencies all met for dep_context=requeueable deps ti=<TaskInstance: ecommerce_batch_pipeline.spark_enrich_customer_metrics manual__2026-07-13T13:51:59.942062+00:00 [queued]>
[2026-07-13T13:52:57.412+0000] {taskinstance.py:2170} INFO - Starting attempt 1 of 2
[2026-07-13T13:52:57.426+0000] {taskinstance.py:2191} INFO - Executing <Task(BashOperator): spark_enrich_customer_metrics> on 2026-07-13 13:51:59.942062+00:00
[2026-07-13T13:52:57.433+0000] {standard_task_runner.py:60} INFO - Started process 2193 to run task
[2026-07-13T13:52:57.440+0000] {standard_task_runner.py:87} INFO - Running: ['***', 'tasks', 'run', 'ecommerce_batch_pipeline', 'spark_enrich_customer_metrics', 'manual__2026-07-13T13:51:59.942062+00:00', '--job-id', '74', '--raw', '--subdir', 'DAGS_FOLDER/ecommerce_batch_dag.py', '--cfg-path', '/tmp/tmp6aikleg8']
[2026-07-13T13:52:57.443+0000] {standard_task_runner.py:88} INFO - Job 74: Subtask spark_enrich_customer_metrics
[2026-07-13T13:52:57.498+0000] {task_command.py:423} INFO - Running <TaskInstance: ecommerce_batch_pipeline.spark_enrich_customer_metrics manual__2026-07-13T13:51:59.942062+00:00 [running]> on host 04af678acee0
[2026-07-13T13:52:57.551+0000] {taskinstance.py:2480} INFO - Exporting env vars: AIRFLOW_CTX_DAG_OWNER='de-team' AIRFLOW_CTX_DAG_ID='ecommerce_batch_pipeline' AIRFLOW_CTX_TASK_ID='spark_enrich_customer_metrics' AIRFLOW_CTX_EXECUTION_DATE='2026-07-13T13:51:59.942062+00:00' AIRFLOW_CTX_TRY_NUMBER='1' AIRFLOW_CTX_DAG_RUN_ID='manual__2026-07-13T13:51:59.942062+00:00'
[2026-07-13T13:52:57.552+0000] {subprocess.py:63} INFO - Tmp dir root location: /tmp
[2026-07-13T13:52:57.553+0000] {subprocess.py:75} INFO - Running command: ['/usr/bin/bash', '-c', 'python /opt/***/spark/jobs/enrich_customer_metrics.py']
[2026-07-13T13:52:57.562+0000] {subprocess.py:86} INFO - Output:
[2026-07-13T13:52:59.045+0000] {subprocess.py:93} INFO - Setting default log level to "WARN".
[2026-07-13T13:52:59.045+0000] {subprocess.py:93} INFO - To adjust logging level use sc.setLogLevel(newLevel). For SparkR, use setLogLevel(newLevel).
[2026-07-13T13:52:59.214+0000] {subprocess.py:93} INFO - 26/07/13 13:52:59 WARN NativeCodeLoader: Unable to load native-hadoop library for your platform... using builtin-java classes where applicable
[2026-07-13T13:52:59.846+0000] {subprocess.py:93} INFO - 26/07/13 13:52:59 WARN Utils: Service 'SparkUI' could not bind on port 4040. Attempting port 4041.
[2026-07-13T13:53:11.913+0000] {subprocess.py:93} INFO - [Stage 1:>                                                        (0 + 10) / 10][Stage 3:>                                                          (0 + 5) / 5]                                                                                [Stage 4:=================>                                        (3 + 7) / 10]                                                                                ✅ enrich_customer_metrics done — 96478 rows
[2026-07-13T13:53:12.493+0000] {subprocess.py:97} INFO - Command exited with return code 0
[2026-07-13T13:53:12.547+0000] {taskinstance.py:1138} INFO - Marking task as SUCCESS. dag_id=ecommerce_batch_pipeline, task_id=spark_enrich_customer_metrics, execution_date=20260713T135159, start_date=20260713T135257, end_date=20260713T135312
[2026-07-13T13:53:12.606+0000] {local_task_job_runner.py:234} INFO - Task exited with return code 0
[2026-07-13T13:53:12.663+0000] {taskinstance.py:3280} INFO - 0 downstream tasks scheduled from follow-on schedule check
