[2026-07-13T09:22:21.864+0000] {taskinstance.py:1946} INFO - Dependencies not met for <TaskInstance: ecommerce_batch_pipeline.spark_clean_orders scheduled__2026-07-12T06:00:00+00:00 [up_for_retry]>, dependency 'Not In Retry Period' FAILED: Task is not ready for retry yet but will be retried automatically. Current date is 2026-07-13T09:22:21.864714+00:00 and task will be retried at 2026-07-13T09:27:07.656186+00:00.
[2026-07-13T09:22:21.897+0000] {local_task_job_runner.py:160} INFO - Task is not able to be run
[2026-07-13T10:50:22.941+0000] {taskinstance.py:1956} INFO - Dependencies all met for dep_context=non-requeueable deps ti=<TaskInstance: ecommerce_batch_pipeline.spark_clean_orders scheduled__2026-07-12T06:00:00+00:00 [queued]>
[2026-07-13T10:50:22.974+0000] {taskinstance.py:1956} INFO - Dependencies all met for dep_context=requeueable deps ti=<TaskInstance: ecommerce_batch_pipeline.spark_clean_orders scheduled__2026-07-12T06:00:00+00:00 [queued]>
[2026-07-13T10:50:22.974+0000] {taskinstance.py:2170} INFO - Starting attempt 2 of 2
[2026-07-13T10:50:22.998+0000] {taskinstance.py:2191} INFO - Executing <Task(BashOperator): spark_clean_orders> on 2026-07-12 06:00:00+00:00
[2026-07-13T10:50:23.010+0000] {standard_task_runner.py:60} INFO - Started process 2656 to run task
[2026-07-13T10:50:23.017+0000] {standard_task_runner.py:87} INFO - Running: ['***', 'tasks', 'run', 'ecommerce_batch_pipeline', 'spark_clean_orders', 'scheduled__2026-07-12T06:00:00+00:00', '--job-id', '19', '--raw', '--subdir', 'DAGS_FOLDER/ecommerce_batch_dag.py', '--cfg-path', '/tmp/tmpsk0y_by8']
[2026-07-13T10:50:23.021+0000] {standard_task_runner.py:88} INFO - Job 19: Subtask spark_clean_orders
[2026-07-13T10:50:23.099+0000] {task_command.py:423} INFO - Running <TaskInstance: ecommerce_batch_pipeline.spark_clean_orders scheduled__2026-07-12T06:00:00+00:00 [running]> on host 4860064ad401
[2026-07-13T10:50:23.187+0000] {taskinstance.py:2480} INFO - Exporting env vars: AIRFLOW_CTX_DAG_OWNER='de-team' AIRFLOW_CTX_DAG_ID='ecommerce_batch_pipeline' AIRFLOW_CTX_TASK_ID='spark_clean_orders' AIRFLOW_CTX_EXECUTION_DATE='2026-07-12T06:00:00+00:00' AIRFLOW_CTX_TRY_NUMBER='2' AIRFLOW_CTX_DAG_RUN_ID='scheduled__2026-07-12T06:00:00+00:00'
[2026-07-13T10:50:23.190+0000] {subprocess.py:63} INFO - Tmp dir root location: /tmp
[2026-07-13T10:50:23.192+0000] {subprocess.py:75} INFO - Running command: ['/usr/bin/bash', '-c', 'python /opt/***/spark/jobs/clean_orders.py']
[2026-07-13T10:50:23.207+0000] {subprocess.py:86} INFO - Output:
[2026-07-13T10:50:27.126+0000] {subprocess.py:93} INFO - Setting default log level to "WARN".
[2026-07-13T10:50:27.127+0000] {subprocess.py:93} INFO - To adjust logging level use sc.setLogLevel(newLevel). For SparkR, use setLogLevel(newLevel).
[2026-07-13T10:50:27.544+0000] {subprocess.py:93} INFO - 26/07/13 10:50:27 WARN NativeCodeLoader: Unable to load native-hadoop library for your platform... using builtin-java classes where applicable
[2026-07-13T10:50:33.811+0000] {subprocess.py:93} INFO - Traceback (most recent call last):
[2026-07-13T10:50:33.813+0000] {subprocess.py:93} INFO -   File "/opt/***/spark/jobs/clean_orders.py", line 11, in <module>
[2026-07-13T10:50:33.814+0000] {subprocess.py:93} INFO -     df = spark.read.csv(
[2026-07-13T10:50:33.814+0000] {subprocess.py:93} INFO -   File "/home/***/.local/lib/python3.8/site-packages/pyspark/sql/readwriter.py", line 740, in csv
[2026-07-13T10:50:33.814+0000] {subprocess.py:93} INFO -     return self._df(self._jreader.csv(self._spark._sc._jvm.PythonUtils.toSeq(path)))
[2026-07-13T10:50:33.815+0000] {subprocess.py:93} INFO -   File "/home/***/.local/lib/python3.8/site-packages/py4j/java_gateway.py", line 1362, in __call__
[2026-07-13T10:50:33.815+0000] {subprocess.py:93} INFO -     return_value = get_return_value(
[2026-07-13T10:50:33.820+0000] {subprocess.py:93} INFO -   File "/home/***/.local/lib/python3.8/site-packages/pyspark/errors/exceptions/captured.py", line 185, in deco
[2026-07-13T10:50:33.821+0000] {subprocess.py:93} INFO -     raise converted from None
[2026-07-13T10:50:33.822+0000] {subprocess.py:93} INFO - pyspark.errors.exceptions.captured.AnalysisException: [PATH_NOT_FOUND] Path does not exist: file:/home/sangam/ecommerce-de-project/data/raw/olist_orders_dataset.csv.
[2026-07-13T10:50:34.658+0000] {subprocess.py:97} INFO - Command exited with return code 1
[2026-07-13T10:50:34.681+0000] {taskinstance.py:2698} ERROR - Task failed with exception
Traceback (most recent call last):
  File "/home/airflow/.local/lib/python3.8/site-packages/airflow/models/taskinstance.py", line 433, in _execute_task
    result = execute_callable(context=context, **execute_callable_kwargs)
  File "/home/airflow/.local/lib/python3.8/site-packages/airflow/operators/bash.py", line 212, in execute
    raise AirflowException(
airflow.exceptions.AirflowException: Bash command failed. The command returned a non-zero exit code 1.
[2026-07-13T10:50:34.687+0000] {taskinstance.py:1138} INFO - Marking task as FAILED. dag_id=ecommerce_batch_pipeline, task_id=spark_clean_orders, execution_date=20260712T060000, start_date=20260713T105022, end_date=20260713T105034
[2026-07-13T10:50:34.710+0000] {standard_task_runner.py:107} ERROR - Failed to execute job 19 for task spark_clean_orders (Bash command failed. The command returned a non-zero exit code 1.; 2656)
[2026-07-13T10:50:34.745+0000] {local_task_job_runner.py:234} INFO - Task exited with return code 1
[2026-07-13T10:50:34.774+0000] {taskinstance.py:3280} INFO - 0 downstream tasks scheduled from follow-on schedule check
[2026-07-13T11:24:52.046+0000] {taskinstance.py:1956} INFO - Dependencies all met for dep_context=non-requeueable deps ti=<TaskInstance: ecommerce_batch_pipeline.spark_clean_orders scheduled__2026-07-12T06:00:00+00:00 [queued]>
[2026-07-13T11:24:52.058+0000] {taskinstance.py:1956} INFO - Dependencies all met for dep_context=requeueable deps ti=<TaskInstance: ecommerce_batch_pipeline.spark_clean_orders scheduled__2026-07-12T06:00:00+00:00 [queued]>
[2026-07-13T11:24:52.058+0000] {taskinstance.py:2170} INFO - Starting attempt 2 of 2
[2026-07-13T11:24:52.075+0000] {taskinstance.py:2191} INFO - Executing <Task(BashOperator): spark_clean_orders> on 2026-07-12 06:00:00+00:00
[2026-07-13T11:24:52.083+0000] {standard_task_runner.py:60} INFO - Started process 2858 to run task
[2026-07-13T11:24:52.087+0000] {standard_task_runner.py:87} INFO - Running: ['***', 'tasks', 'run', 'ecommerce_batch_pipeline', 'spark_clean_orders', 'scheduled__2026-07-12T06:00:00+00:00', '--job-id', '22', '--raw', '--subdir', 'DAGS_FOLDER/ecommerce_batch_dag.py', '--cfg-path', '/tmp/tmp5721q6o9']
[2026-07-13T11:24:52.091+0000] {standard_task_runner.py:88} INFO - Job 22: Subtask spark_clean_orders
[2026-07-13T11:24:52.159+0000] {task_command.py:423} INFO - Running <TaskInstance: ecommerce_batch_pipeline.spark_clean_orders scheduled__2026-07-12T06:00:00+00:00 [running]> on host 06b563078c53
[2026-07-13T11:24:52.263+0000] {taskinstance.py:2480} INFO - Exporting env vars: AIRFLOW_CTX_DAG_OWNER='de-team' AIRFLOW_CTX_DAG_ID='ecommerce_batch_pipeline' AIRFLOW_CTX_TASK_ID='spark_clean_orders' AIRFLOW_CTX_EXECUTION_DATE='2026-07-12T06:00:00+00:00' AIRFLOW_CTX_TRY_NUMBER='2' AIRFLOW_CTX_DAG_RUN_ID='scheduled__2026-07-12T06:00:00+00:00'
[2026-07-13T11:24:52.268+0000] {subprocess.py:63} INFO - Tmp dir root location: /tmp
[2026-07-13T11:24:52.269+0000] {subprocess.py:75} INFO - Running command: ['/usr/bin/bash', '-c', 'python /opt/***/spark/jobs/clean_orders.py']
[2026-07-13T11:24:52.288+0000] {subprocess.py:86} INFO - Output:
[2026-07-13T11:24:56.894+0000] {subprocess.py:93} INFO - Setting default log level to "WARN".
[2026-07-13T11:24:56.900+0000] {subprocess.py:93} INFO - To adjust logging level use sc.setLogLevel(newLevel). For SparkR, use setLogLevel(newLevel).
[2026-07-13T11:24:57.879+0000] {subprocess.py:93} INFO - 26/07/13 11:24:57 WARN NativeCodeLoader: Unable to load native-hadoop library for your platform... using builtin-java classes where applicable
[2026-07-13T11:25:00.837+0000] {subprocess.py:93} INFO - 26/07/13 11:25:00 WARN Utils: Service 'SparkUI' could not bind on port 4040. Attempting port 4041.
[2026-07-13T11:25:00.845+0000] {subprocess.py:93} INFO - 26/07/13 11:25:00 WARN Utils: Service 'SparkUI' could not bind on port 4041. Attempting port 4042.
[2026-07-13T11:25:00.845+0000] {subprocess.py:93} INFO - 26/07/13 11:25:00 WARN Utils: Service 'SparkUI' could not bind on port 4042. Attempting port 4043.
[2026-07-13T11:25:00.846+0000] {subprocess.py:93} INFO - 26/07/13 11:25:00 WARN Utils: Service 'SparkUI' could not bind on port 4043. Attempting port 4044.
[2026-07-13T11:25:00.846+0000] {subprocess.py:93} INFO - 26/07/13 11:25:00 WARN Utils: Service 'SparkUI' could not bind on port 4044. Attempting port 4045.
[2026-07-13T11:25:00.853+0000] {subprocess.py:93} INFO - 26/07/13 11:25:00 WARN Utils: Service 'SparkUI' could not bind on port 4045. Attempting port 4046.
[2026-07-13T11:25:06.145+0000] {subprocess.py:93} INFO - Traceback (most recent call last):
[2026-07-13T11:25:06.146+0000] {subprocess.py:93} INFO -   File "/opt/***/spark/jobs/clean_orders.py", line 11, in <module>
[2026-07-13T11:25:06.146+0000] {subprocess.py:93} INFO -     df = spark.read.csv(
[2026-07-13T11:25:06.146+0000] {subprocess.py:93} INFO -   File "/home/***/.local/lib/python3.8/site-packages/pyspark/sql/readwriter.py", line 740, in csv
[2026-07-13T11:25:06.147+0000] {subprocess.py:93} INFO -     return self._df(self._jreader.csv(self._spark._sc._jvm.PythonUtils.toSeq(path)))
[2026-07-13T11:25:06.147+0000] {subprocess.py:93} INFO -   File "/home/***/.local/lib/python3.8/site-packages/py4j/java_gateway.py", line 1362, in __call__
[2026-07-13T11:25:06.147+0000] {subprocess.py:93} INFO -     return_value = get_return_value(
[2026-07-13T11:25:06.147+0000] {subprocess.py:93} INFO -   File "/home/***/.local/lib/python3.8/site-packages/pyspark/errors/exceptions/captured.py", line 185, in deco
[2026-07-13T11:25:06.147+0000] {subprocess.py:93} INFO -     raise converted from None
[2026-07-13T11:25:06.147+0000] {subprocess.py:93} INFO - pyspark.errors.exceptions.captured.AnalysisException: [PATH_NOT_FOUND] Path does not exist: file:/tmp/***tmpg2fmj8os/data/raw/olist_orders_dataset.csv.
[2026-07-13T11:25:06.860+0000] {subprocess.py:97} INFO - Command exited with return code 1
[2026-07-13T11:25:06.888+0000] {taskinstance.py:2698} ERROR - Task failed with exception
Traceback (most recent call last):
  File "/home/airflow/.local/lib/python3.8/site-packages/airflow/models/taskinstance.py", line 433, in _execute_task
    result = execute_callable(context=context, **execute_callable_kwargs)
  File "/home/airflow/.local/lib/python3.8/site-packages/airflow/operators/bash.py", line 212, in execute
    raise AirflowException(
airflow.exceptions.AirflowException: Bash command failed. The command returned a non-zero exit code 1.
[2026-07-13T11:25:06.895+0000] {taskinstance.py:1138} INFO - Marking task as FAILED. dag_id=ecommerce_batch_pipeline, task_id=spark_clean_orders, execution_date=20260712T060000, start_date=20260713T112452, end_date=20260713T112506
[2026-07-13T11:25:06.918+0000] {standard_task_runner.py:107} ERROR - Failed to execute job 22 for task spark_clean_orders (Bash command failed. The command returned a non-zero exit code 1.; 2858)
[2026-07-13T11:25:06.953+0000] {local_task_job_runner.py:234} INFO - Task exited with return code 1
[2026-07-13T11:25:06.975+0000] {taskinstance.py:3280} INFO - 0 downstream tasks scheduled from follow-on schedule check
