[2026-07-14T06:00:57.620+0000] {taskinstance.py:1956} INFO - Dependencies all met for dep_context=non-requeueable deps ti=<TaskInstance: ecommerce_batch_pipeline.spark_enrich_orders scheduled__2026-07-13T06:00:00+00:00 [queued]>
[2026-07-14T06:00:57.627+0000] {taskinstance.py:1956} INFO - Dependencies all met for dep_context=requeueable deps ti=<TaskInstance: ecommerce_batch_pipeline.spark_enrich_orders scheduled__2026-07-13T06:00:00+00:00 [queued]>
[2026-07-14T06:00:57.627+0000] {taskinstance.py:2170} INFO - Starting attempt 1 of 2
[2026-07-14T06:00:57.635+0000] {taskinstance.py:2191} INFO - Executing <Task(BashOperator): spark_enrich_orders> on 2026-07-13 06:00:00+00:00
[2026-07-14T06:00:57.639+0000] {standard_task_runner.py:60} INFO - Started process 2579 to run task
[2026-07-14T06:00:57.642+0000] {standard_task_runner.py:87} INFO - Running: ['***', 'tasks', 'run', 'ecommerce_batch_pipeline', 'spark_enrich_orders', 'scheduled__2026-07-13T06:00:00+00:00', '--job-id', '103', '--raw', '--subdir', 'DAGS_FOLDER/ecommerce_batch_dag.py', '--cfg-path', '/tmp/tmp1voesmgy']
[2026-07-14T06:00:57.644+0000] {standard_task_runner.py:88} INFO - Job 103: Subtask spark_enrich_orders
[2026-07-14T06:00:57.678+0000] {task_command.py:423} INFO - Running <TaskInstance: ecommerce_batch_pipeline.spark_enrich_orders scheduled__2026-07-13T06:00:00+00:00 [running]> on host 438c62ed51de
[2026-07-14T06:00:57.726+0000] {taskinstance.py:2480} INFO - Exporting env vars: AIRFLOW_CTX_DAG_OWNER='de-team' AIRFLOW_CTX_DAG_ID='ecommerce_batch_pipeline' AIRFLOW_CTX_TASK_ID='spark_enrich_orders' AIRFLOW_CTX_EXECUTION_DATE='2026-07-13T06:00:00+00:00' AIRFLOW_CTX_TRY_NUMBER='1' AIRFLOW_CTX_DAG_RUN_ID='scheduled__2026-07-13T06:00:00+00:00'
[2026-07-14T06:00:57.727+0000] {subprocess.py:63} INFO - Tmp dir root location: /tmp
[2026-07-14T06:00:57.728+0000] {subprocess.py:75} INFO - Running command: ['/usr/bin/bash', '-c', 'python /opt/***/spark/jobs/enrich_orders.py']
[2026-07-14T06:00:57.738+0000] {subprocess.py:86} INFO - Output:
[2026-07-14T06:00:59.168+0000] {subprocess.py:93} INFO - Setting default log level to "WARN".
[2026-07-14T06:00:59.168+0000] {subprocess.py:93} INFO - To adjust logging level use sc.setLogLevel(newLevel). For SparkR, use setLogLevel(newLevel).
[2026-07-14T06:00:59.371+0000] {subprocess.py:93} INFO - 26/07/14 06:00:59 WARN NativeCodeLoader: Unable to load native-hadoop library for your platform... using builtin-java classes where applicable
[2026-07-14T06:01:11.864+0000] {subprocess.py:93} INFO - [Stage 6:>    (0 + 1) / 1][Stage 7:>    (0 + 8) / 8][Stage 8:>    (0 + 2) / 2]                                                                                [Stage 9:>  (0 + 12) / 12][Stage 10:>  (0 + 0) / 12][Stage 11:>   (0 + 0) / 4][Stage 10:>               (0 + 12) / 12][Stage 11:>                 (0 + 0) / 4][Stage 10:=============>  (10 + 2) / 12][Stage 11:>                 (0 + 4) / 4][Stage 11:>                 (0 + 4) / 4][Stage 13:>                 (0 + 5) / 5][Stage 13:==============================================>           (4 + 1) / 5]                                                                                [Stage 18:>                                                       (0 + 10) / 10]                                                                                ✅ enrich_orders done — 99441 rows
[2026-07-14T06:01:12.272+0000] {subprocess.py:97} INFO - Command exited with return code 0
[2026-07-14T06:01:12.293+0000] {taskinstance.py:1138} INFO - Marking task as SUCCESS. dag_id=ecommerce_batch_pipeline, task_id=spark_enrich_orders, execution_date=20260713T060000, start_date=20260714T060057, end_date=20260714T060112
[2026-07-14T06:01:12.329+0000] {local_task_job_runner.py:234} INFO - Task exited with return code 0
[2026-07-14T06:01:12.344+0000] {taskinstance.py:3280} INFO - 0 downstream tasks scheduled from follow-on schedule check
